2025-07-16T05:35:18.4180201Z Current runner version: '2.326.0'
2025-07-16T05:35:18.4203099Z ##[group]Runner Image Provisioner
2025-07-16T05:35:18.4204054Z Hosted Compute Agent
2025-07-16T05:35:18.4204599Z Version: 20250711.363
2025-07-16T05:35:18.4205206Z Commit: 6785254374ce925a23743850c1cb91912ce5c14c
2025-07-16T05:35:18.4205985Z Build Date: 2025-07-11T20:04:25Z
2025-07-16T05:35:18.4206557Z ##[endgroup]
2025-07-16T05:35:18.4207109Z ##[group]Operating System
2025-07-16T05:35:18.4207737Z Ubuntu
2025-07-16T05:35:18.4208179Z 24.04.2
2025-07-16T05:35:18.4208632Z LTS
2025-07-16T05:35:18.4209167Z ##[endgroup]
2025-07-16T05:35:18.4209634Z ##[group]Runner Image
2025-07-16T05:35:18.4210204Z Image: ubuntu-24.04
2025-07-16T05:35:18.4210799Z Version: 20250710.1.0
2025-07-16T05:35:18.4211796Z Included Software: https://github.com/actions/runner-images/blob/ubuntu24/20250710.1/images/ubuntu/Ubuntu2404-Readme.md
2025-07-16T05:35:18.4213751Z Image Release: https://github.com/actions/runner-images/releases/tag/ubuntu24%2F20250710.1
2025-07-16T05:35:18.4214788Z ##[endgroup]
2025-07-16T05:35:18.4215927Z ##[group]GITHUB_TOKEN Permissions
2025-07-16T05:35:18.4217988Z Contents: read
2025-07-16T05:35:18.4218500Z Metadata: read
2025-07-16T05:35:18.4219124Z Packages: read
2025-07-16T05:35:18.4219640Z ##[endgroup]
2025-07-16T05:35:18.4221778Z Secret source: Actions
2025-07-16T05:35:18.4223109Z Prepare workflow directory
2025-07-16T05:35:18.4541269Z Prepare all required actions
2025-07-16T05:35:18.4578205Z Getting action download info
2025-07-16T05:35:18.9466888Z ##[group]Download immutable action package 'actions/checkout@v3'
2025-07-16T05:35:18.9467893Z Version: 3.6.0
2025-07-16T05:35:18.9468837Z Digest: sha256:942562b9c7d4b1f2557f1da21f4d3eb4eb4fd01f2ad78b2a6e187d1b193e0a0f
2025-07-16T05:35:18.9470136Z Source commit SHA: f43a0e5ff2bd294095638e18286ca9a3d1956744
2025-07-16T05:35:18.9470871Z ##[endgroup]
2025-07-16T05:35:19.0748454Z ##[group]Download immutable action package 'actions/setup-python@v4'
2025-07-16T05:35:19.0749328Z Version: 4.9.1
2025-07-16T05:35:19.0750117Z Digest: sha256:f03e505388af670b5a108629e0ba26befc08d5c62b41f46146a45fe29ae509a5
2025-07-16T05:35:19.0751154Z Source commit SHA: 7f4fc3e22c37d6ff65e88745f38bd3157c663f7c
2025-07-16T05:35:19.0751882Z ##[endgroup]
2025-07-16T05:35:19.3605499Z ##[group]Download immutable action package 'docker/login-action@v3'
2025-07-16T05:35:19.3606381Z Version: 3.4.0
2025-07-16T05:35:19.3607188Z Digest: sha256:864ebd28db095e1602e6ef999f46a4f575083ea874918fbccf0994c2a7680450
2025-07-16T05:35:19.3608214Z Source commit SHA: 74a5d142397b4f367a81961eba4e8cd7edddf772
2025-07-16T05:35:19.3608962Z ##[endgroup]
2025-07-16T05:35:19.7876468Z Complete job name: build-test-deploy
2025-07-16T05:35:19.8554146Z ##[group]Run actions/checkout@v3
2025-07-16T05:35:19.8555082Z with:
2025-07-16T05:35:19.8555574Z   repository: Dinesh-4/Devops
2025-07-16T05:35:19.8556306Z   token: ***
2025-07-16T05:35:19.8556760Z   ssh-strict: true
2025-07-16T05:35:19.8557264Z   persist-credentials: true
2025-07-16T05:35:19.8557807Z   clean: true
2025-07-16T05:35:19.8558312Z   sparse-checkout-cone-mode: true
2025-07-16T05:35:19.8558898Z   fetch-depth: 1
2025-07-16T05:35:19.8559374Z   fetch-tags: false
2025-07-16T05:35:19.8559848Z   lfs: false
2025-07-16T05:35:19.8560310Z   submodules: false
2025-07-16T05:35:19.8560813Z   set-safe-directory: true
2025-07-16T05:35:19.8561621Z ##[endgroup]
2025-07-16T05:35:19.9391803Z Syncing repository: Dinesh-4/Devops
2025-07-16T05:35:19.9393997Z ##[group]Getting Git version info
2025-07-16T05:35:19.9394795Z Working directory is '/home/runner/work/Devops/Devops'
2025-07-16T05:35:19.9395856Z [command]/usr/bin/git version
2025-07-16T05:35:19.9468076Z git version 2.50.1
2025-07-16T05:35:19.9494295Z ##[endgroup]
2025-07-16T05:35:19.9508003Z Temporarily overriding HOME='/home/runner/work/_temp/3f3a291f-f0ff-46e3-96f2-c7fc91ee3daf' before making global git config changes
2025-07-16T05:35:19.9510668Z Adding repository directory to the temporary git global config as a safe directory
2025-07-16T05:35:19.9511953Z [command]/usr/bin/git config --global --add safe.directory /home/runner/work/Devops/Devops
2025-07-16T05:35:19.9544061Z Deleting the contents of '/home/runner/work/Devops/Devops'
2025-07-16T05:35:19.9547693Z ##[group]Initializing the repository
2025-07-16T05:35:19.9550194Z [command]/usr/bin/git init /home/runner/work/Devops/Devops
2025-07-16T05:35:19.9615801Z hint: Using 'master' as the name for the initial branch. This default branch name
2025-07-16T05:35:19.9617588Z hint: is subject to change. To configure the initial branch name to use in all
2025-07-16T05:35:19.9618966Z hint: of your new repositories, which will suppress this warning, call:
2025-07-16T05:35:19.9620085Z hint:
2025-07-16T05:35:19.9620953Z hint: 	git config --global init.defaultBranch <name>
2025-07-16T05:35:19.9621638Z hint:
2025-07-16T05:35:19.9622397Z hint: Names commonly chosen instead of 'master' are 'main', 'trunk' and
2025-07-16T05:35:19.9623579Z hint: 'development'. The just-created branch can be renamed via this command:
2025-07-16T05:35:19.9624382Z hint:
2025-07-16T05:35:19.9624852Z hint: 	git branch -m <name>
2025-07-16T05:35:19.9625630Z hint:
2025-07-16T05:35:19.9626470Z hint: Disable this message with "git config set advice.defaultBranchName false"
2025-07-16T05:35:19.9627545Z Initialized empty Git repository in /home/runner/work/Devops/Devops/.git/
2025-07-16T05:35:19.9629911Z [command]/usr/bin/git remote add origin https://github.com/Dinesh-4/Devops
2025-07-16T05:35:19.9660173Z ##[endgroup]
2025-07-16T05:35:19.9661007Z ##[group]Disabling automatic garbage collection
2025-07-16T05:35:19.9664240Z [command]/usr/bin/git config --local gc.auto 0
2025-07-16T05:35:19.9690238Z ##[endgroup]
2025-07-16T05:35:19.9691808Z ##[group]Setting up auth
2025-07-16T05:35:19.9696326Z [command]/usr/bin/git config --local --name-only --get-regexp core\.sshCommand
2025-07-16T05:35:19.9723511Z [command]/usr/bin/git submodule foreach --recursive sh -c "git config --local --name-only --get-regexp 'core\.sshCommand' && git config --local --unset-all 'core.sshCommand' || :"
2025-07-16T05:35:20.0035570Z [command]/usr/bin/git config --local --name-only --get-regexp http\.https\:\/\/github\.com\/\.extraheader
2025-07-16T05:35:20.0062534Z [command]/usr/bin/git submodule foreach --recursive sh -c "git config --local --name-only --get-regexp 'http\.https\:\/\/github\.com\/\.extraheader' && git config --local --unset-all 'http.https://github.com/.extraheader' || :"
2025-07-16T05:35:20.0272662Z [command]/usr/bin/git config --local http.https://github.com/.extraheader AUTHORIZATION: basic ***
2025-07-16T05:35:20.0303589Z ##[endgroup]
2025-07-16T05:35:20.0305156Z ##[group]Fetching the repository
2025-07-16T05:35:20.0313462Z [command]/usr/bin/git -c protocol.version=2 fetch --no-tags --prune --progress --no-recurse-submodules --depth=1 origin +caafa7ede9d1e60ec624a842a7017e89fee7adbe:refs/remotes/origin/main
2025-07-16T05:35:20.3820281Z remote: Enumerating objects: 4182, done.        
2025-07-16T05:35:20.3822064Z remote: Counting objects:   0% (1/4182)        
2025-07-16T05:35:20.3823745Z remote: Counting objects:   1% (42/4182)        
2025-07-16T05:35:20.3825154Z remote: Counting objects:   2% (84/4182)        
2025-07-16T05:35:20.3826408Z remote: Counting objects:   3% (126/4182)        
2025-07-16T05:35:20.3827474Z remote: Counting objects:   4% (168/4182)        
2025-07-16T05:35:20.3828241Z remote: Counting objects:   5% (210/4182)        
2025-07-16T05:35:20.3829012Z remote: Counting objects:   6% (251/4182)        
2025-07-16T05:35:20.3829771Z remote: Counting objects:   7% (293/4182)        
2025-07-16T05:35:20.3830538Z remote: Counting objects:   8% (335/4182)        
2025-07-16T05:35:20.3831314Z remote: Counting objects:   9% (377/4182)        
2025-07-16T05:35:20.3832070Z remote: Counting objects:  10% (419/4182)        
2025-07-16T05:35:20.3833071Z remote: Counting objects:  11% (461/4182)        
2025-07-16T05:35:20.3833829Z remote: Counting objects:  12% (502/4182)        
2025-07-16T05:35:20.3834599Z remote: Counting objects:  13% (544/4182)        
2025-07-16T05:35:20.3835361Z remote: Counting objects:  14% (586/4182)        
2025-07-16T05:35:20.3836527Z remote: Counting objects:  15% (628/4182)        
2025-07-16T05:35:20.3837410Z remote: Counting objects:  16% (670/4182)        
2025-07-16T05:35:20.3838291Z remote: Counting objects:  17% (711/4182)        
2025-07-16T05:35:20.3839147Z remote: Counting objects:  18% (753/4182)        
2025-07-16T05:35:20.3840001Z remote: Counting objects:  19% (795/4182)        
2025-07-16T05:35:20.3840874Z remote: Counting objects:  20% (837/4182)        
2025-07-16T05:35:20.3841732Z remote: Counting objects:  21% (879/4182)        
2025-07-16T05:35:20.3842831Z remote: Counting objects:  22% (921/4182)        
2025-07-16T05:35:20.3843711Z remote: Counting objects:  23% (962/4182)        
2025-07-16T05:35:20.3844739Z remote: Counting objects:  24% (1004/4182)        
2025-07-16T05:35:20.3845777Z remote: Counting objects:  25% (1046/4182)        
2025-07-16T05:35:20.3846803Z remote: Counting objects:  26% (1088/4182)        
2025-07-16T05:35:20.3847858Z remote: Counting objects:  27% (1130/4182)        
2025-07-16T05:35:20.3848982Z remote: Counting objects:  28% (1171/4182)        
2025-07-16T05:35:20.3850064Z remote: Counting objects:  29% (1213/4182)        
2025-07-16T05:35:20.3851144Z remote: Counting objects:  30% (1255/4182)        
2025-07-16T05:35:20.3852210Z remote: Counting objects:  31% (1297/4182)        
2025-07-16T05:35:20.3853387Z remote: Counting objects:  32% (1339/4182)        
2025-07-16T05:35:20.3854438Z remote: Counting objects:  33% (1381/4182)        
2025-07-16T05:35:20.3855485Z remote: Counting objects:  34% (1422/4182)        
2025-07-16T05:35:20.3856528Z remote: Counting objects:  35% (1464/4182)        
2025-07-16T05:35:20.3857576Z remote: Counting objects:  36% (1506/4182)        
2025-07-16T05:35:20.3858619Z remote: Counting objects:  37% (1548/4182)        
2025-07-16T05:35:20.3859683Z remote: Counting objects:  38% (1590/4182)        
2025-07-16T05:35:20.3860748Z remote: Counting objects:  39% (1631/4182)        
2025-07-16T05:35:20.3861795Z remote: Counting objects:  40% (1673/4182)        
2025-07-16T05:35:20.3862947Z remote: Counting objects:  41% (1715/4182)        
2025-07-16T05:35:20.3864021Z remote: Counting objects:  42% (1757/4182)        
2025-07-16T05:35:20.3865092Z remote: Counting objects:  43% (1799/4182)        
2025-07-16T05:35:20.3866166Z remote: Counting objects:  44% (1841/4182)        
2025-07-16T05:35:20.3867229Z remote: Counting objects:  45% (1882/4182)        
2025-07-16T05:35:20.3868289Z remote: Counting objects:  46% (1924/4182)        
2025-07-16T05:35:20.3869346Z remote: Counting objects:  47% (1966/4182)        
2025-07-16T05:35:20.3870562Z remote: Counting objects:  48% (2008/4182)        
2025-07-16T05:35:20.3871641Z remote: Counting objects:  49% (2050/4182)        
2025-07-16T05:35:20.3872765Z remote: Counting objects:  50% (2091/4182)        
2025-07-16T05:35:20.3873798Z remote: Counting objects:  51% (2133/4182)        
2025-07-16T05:35:20.3874837Z remote: Counting objects:  52% (2175/4182)        
2025-07-16T05:35:20.3875865Z remote: Counting objects:  53% (2217/4182)        
2025-07-16T05:35:20.3876889Z remote: Counting objects:  54% (2259/4182)        
2025-07-16T05:35:20.3878497Z remote: Counting objects:  55% (2301/4182)        
2025-07-16T05:35:20.3880278Z remote: Counting objects:  56% (2342/4182)        
2025-07-16T05:35:20.3882082Z remote: Counting objects:  57% (2384/4182)        
2025-07-16T05:35:20.3884086Z remote: Counting objects:  58% (2426/4182)        
2025-07-16T05:35:20.3885795Z remote: Counting objects:  59% (2468/4182)        
2025-07-16T05:35:20.3887496Z remote: Counting objects:  60% (2510/4182)        
2025-07-16T05:35:20.3889230Z remote: Counting objects:  61% (2552/4182)        
2025-07-16T05:35:20.3890971Z remote: Counting objects:  62% (2593/4182)        
2025-07-16T05:35:20.3892907Z remote: Counting objects:  63% (2635/4182)        
2025-07-16T05:35:20.3894676Z remote: Counting objects:  64% (2677/4182)        
2025-07-16T05:35:20.3896453Z remote: Counting objects:  65% (2719/4182)        
2025-07-16T05:35:20.3898512Z remote: Counting objects:  66% (2761/4182)        
2025-07-16T05:35:20.3900245Z remote: Counting objects:  67% (2802/4182)        
2025-07-16T05:35:20.3901934Z remote: Counting objects:  68% (2844/4182)        
2025-07-16T05:35:20.3903878Z remote: Counting objects:  69% (2886/4182)        
2025-07-16T05:35:20.3905691Z remote: Counting objects:  70% (2928/4182)        
2025-07-16T05:35:20.3907468Z remote: Counting objects:  71% (2970/4182)        
2025-07-16T05:35:20.3909320Z remote: Counting objects:  72% (3012/4182)        
2025-07-16T05:35:20.3911139Z remote: Counting objects:  73% (3053/4182)        
2025-07-16T05:35:20.3913132Z remote: Counting objects:  74% (3095/4182)        
2025-07-16T05:35:20.3914908Z remote: Counting objects:  75% (3137/4182)        
2025-07-16T05:35:20.3916657Z remote: Counting objects:  76% (3179/4182)        
2025-07-16T05:35:20.3918474Z remote: Counting objects:  77% (3221/4182)        
2025-07-16T05:35:20.3920240Z remote: Counting objects:  78% (3262/4182)        
2025-07-16T05:35:20.3922024Z remote: Counting objects:  79% (3304/4182)        
2025-07-16T05:35:20.3924068Z remote: Counting objects:  80% (3346/4182)        
2025-07-16T05:35:20.3925927Z remote: Counting objects:  81% (3388/4182)        
2025-07-16T05:35:20.3927743Z remote: Counting objects:  82% (3430/4182)        
2025-07-16T05:35:20.3929506Z remote: Counting objects:  83% (3472/4182)        
2025-07-16T05:35:20.3931280Z remote: Counting objects:  84% (3513/4182)        
2025-07-16T05:35:20.3933267Z remote: Counting objects:  85% (3555/4182)        
2025-07-16T05:35:20.3935100Z remote: Counting objects:  86% (3597/4182)        
2025-07-16T05:35:20.3936949Z remote: Counting objects:  87% (3639/4182)        
2025-07-16T05:35:20.3938699Z remote: Counting objects:  88% (3681/4182)        
2025-07-16T05:35:20.3940471Z remote: Counting objects:  89% (3722/4182)        
2025-07-16T05:35:20.3942214Z remote: Counting objects:  90% (3764/4182)        
2025-07-16T05:35:20.3944111Z remote: Counting objects:  91% (3806/4182)        
2025-07-16T05:35:20.3945827Z remote: Counting objects:  92% (3848/4182)        
2025-07-16T05:35:20.3947455Z remote: Counting objects:  93% (3890/4182)        
2025-07-16T05:35:20.3949071Z remote: Counting objects:  94% (3932/4182)        
2025-07-16T05:35:20.3950759Z remote: Counting objects:  95% (3973/4182)        
2025-07-16T05:35:20.3952725Z remote: Counting objects:  96% (4015/4182)        
2025-07-16T05:35:20.3954540Z remote: Counting objects:  97% (4057/4182)        
2025-07-16T05:35:20.3956322Z remote: Counting objects:  98% (4099/4182)        
2025-07-16T05:35:20.3958355Z remote: Counting objects:  99% (4141/4182)        
2025-07-16T05:35:20.3960079Z remote: Counting objects: 100% (4182/4182)        
2025-07-16T05:35:20.3962027Z remote: Counting objects: 100% (4182/4182), done.        
2025-07-16T05:35:20.3964143Z remote: Compressing objects:   0% (1/3567)        
2025-07-16T05:35:20.3965927Z remote: Compressing objects:   1% (36/3567)        
2025-07-16T05:35:20.3967764Z remote: Compressing objects:   2% (72/3567)        
2025-07-16T05:35:20.3969630Z remote: Compressing objects:   3% (108/3567)        
2025-07-16T05:35:20.3971470Z remote: Compressing objects:   4% (143/3567)        
2025-07-16T05:35:20.3973508Z remote: Compressing objects:   5% (179/3567)        
2025-07-16T05:35:20.3975391Z remote: Compressing objects:   6% (215/3567)        
2025-07-16T05:35:20.3977222Z remote: Compressing objects:   7% (250/3567)        
2025-07-16T05:35:20.3979105Z remote: Compressing objects:   8% (286/3567)        
2025-07-16T05:35:20.3980957Z remote: Compressing objects:   9% (322/3567)        
2025-07-16T05:35:20.3983138Z remote: Compressing objects:  10% (357/3567)        
2025-07-16T05:35:20.3985012Z remote: Compressing objects:  11% (393/3567)        
2025-07-16T05:35:20.3986857Z remote: Compressing objects:  12% (429/3567)        
2025-07-16T05:35:20.3988727Z remote: Compressing objects:  13% (464/3567)        
2025-07-16T05:35:20.3990581Z remote: Compressing objects:  14% (500/3567)        
2025-07-16T05:35:20.3992233Z remote: Compressing objects:  15% (536/3567)        
2025-07-16T05:35:20.3993537Z remote: Compressing objects:  16% (571/3567)        
2025-07-16T05:35:20.3994596Z remote: Compressing objects:  17% (607/3567)        
2025-07-16T05:35:20.3995628Z remote: Compressing objects:  18% (643/3567)        
2025-07-16T05:35:20.3996659Z remote: Compressing objects:  19% (678/3567)        
2025-07-16T05:35:20.3997690Z remote: Compressing objects:  20% (714/3567)        
2025-07-16T05:35:20.3998726Z remote: Compressing objects:  21% (750/3567)        
2025-07-16T05:35:20.3999762Z remote: Compressing objects:  22% (785/3567)        
2025-07-16T05:35:20.4000780Z remote: Compressing objects:  23% (821/3567)        
2025-07-16T05:35:20.4001812Z remote: Compressing objects:  24% (857/3567)        
2025-07-16T05:35:20.4003061Z remote: Compressing objects:  25% (892/3567)        
2025-07-16T05:35:20.4004088Z remote: Compressing objects:  26% (928/3567)        
2025-07-16T05:35:20.4005135Z remote: Compressing objects:  27% (964/3567)        
2025-07-16T05:35:20.4006163Z remote: Compressing objects:  28% (999/3567)        
2025-07-16T05:35:20.4007179Z remote: Compressing objects:  29% (1035/3567)        
2025-07-16T05:35:20.4008366Z remote: Compressing objects:  30% (1071/3567)        
2025-07-16T05:35:20.4009431Z remote: Compressing objects:  31% (1106/3567)        
2025-07-16T05:35:20.4010460Z remote: Compressing objects:  32% (1142/3567)        
2025-07-16T05:35:20.4011488Z remote: Compressing objects:  33% (1178/3567)        
2025-07-16T05:35:20.4012698Z remote: Compressing objects:  34% (1213/3567)        
2025-07-16T05:35:20.4013754Z remote: Compressing objects:  35% (1249/3567)        
2025-07-16T05:35:20.4014779Z remote: Compressing objects:  36% (1285/3567)        
2025-07-16T05:35:20.4015809Z remote: Compressing objects:  37% (1320/3567)        
2025-07-16T05:35:20.4016831Z remote: Compressing objects:  38% (1356/3567)        
2025-07-16T05:35:20.4017854Z remote: Compressing objects:  39% (1392/3567)        
2025-07-16T05:35:20.4018886Z remote: Compressing objects:  40% (1427/3567)        
2025-07-16T05:35:20.4019914Z remote: Compressing objects:  41% (1463/3567)        
2025-07-16T05:35:20.4020940Z remote: Compressing objects:  42% (1499/3567)        
2025-07-16T05:35:20.4021970Z remote: Compressing objects:  43% (1534/3567)        
2025-07-16T05:35:20.4023185Z remote: Compressing objects:  44% (1570/3567)        
2025-07-16T05:35:20.4024215Z remote: Compressing objects:  45% (1606/3567)        
2025-07-16T05:35:20.4025246Z remote: Compressing objects:  46% (1641/3567)        
2025-07-16T05:35:20.4026430Z remote: Compressing objects:  47% (1677/3567)        
2025-07-16T05:35:20.4027482Z remote: Compressing objects:  48% (1713/3567)        
2025-07-16T05:35:20.4028501Z remote: Compressing objects:  49% (1748/3567)        
2025-07-16T05:35:20.4029551Z remote: Compressing objects:  50% (1784/3567)        
2025-07-16T05:35:20.4030585Z remote: Compressing objects:  51% (1820/3567)        
2025-07-16T05:35:20.4031623Z remote: Compressing objects:  52% (1855/3567)        
2025-07-16T05:35:20.4032847Z remote: Compressing objects:  53% (1891/3567)        
2025-07-16T05:35:20.4033890Z remote: Compressing objects:  54% (1927/3567)        
2025-07-16T05:35:20.4035058Z remote: Compressing objects:  55% (1962/3567)        
2025-07-16T05:35:20.4036094Z remote: Compressing objects:  56% (1998/3567)        
2025-07-16T05:35:20.4037131Z remote: Compressing objects:  57% (2034/3567)        
2025-07-16T05:35:20.4038161Z remote: Compressing objects:  58% (2069/3567)        
2025-07-16T05:35:20.4039194Z remote: Compressing objects:  59% (2105/3567)        
2025-07-16T05:35:20.4040223Z remote: Compressing objects:  60% (2141/3567)        
2025-07-16T05:35:20.4041248Z remote: Compressing objects:  61% (2176/3567)        
2025-07-16T05:35:20.4042271Z remote: Compressing objects:  62% (2212/3567)        
2025-07-16T05:35:20.4043482Z remote: Compressing objects:  63% (2248/3567)        
2025-07-16T05:35:20.4044661Z remote: Compressing objects:  64% (2283/3567)        
2025-07-16T05:35:20.4045690Z remote: Compressing objects:  65% (2319/3567)        
2025-07-16T05:35:20.4046717Z remote: Compressing objects:  66% (2355/3567)        
2025-07-16T05:35:20.4047747Z remote: Compressing objects:  67% (2390/3567)        
2025-07-16T05:35:20.4048768Z remote: Compressing objects:  68% (2426/3567)        
2025-07-16T05:35:20.4049792Z remote: Compressing objects:  69% (2462/3567)        
2025-07-16T05:35:20.4050817Z remote: Compressing objects:  70% (2497/3567)        
2025-07-16T05:35:20.4051845Z remote: Compressing objects:  71% (2533/3567)        
2025-07-16T05:35:20.4053088Z remote: Compressing objects:  72% (2569/3567)        
2025-07-16T05:35:20.4054114Z remote: Compressing objects:  73% (2604/3567)        
2025-07-16T05:35:20.4055141Z remote: Compressing objects:  74% (2640/3567)        
2025-07-16T05:35:20.4056172Z remote: Compressing objects:  75% (2676/3567)        
2025-07-16T05:35:20.4057185Z remote: Compressing objects:  76% (2711/3567)        
2025-07-16T05:35:20.4058212Z remote: Compressing objects:  77% (2747/3567)        
2025-07-16T05:35:20.4059236Z remote: Compressing objects:  78% (2783/3567)        
2025-07-16T05:35:20.4060256Z remote: Compressing objects:  79% (2818/3567)        
2025-07-16T05:35:20.4061269Z remote: Compressing objects:  80% (2854/3567)        
2025-07-16T05:35:20.4062467Z remote: Compressing objects:  81% (2890/3567)        
2025-07-16T05:35:20.4063549Z remote: Compressing objects:  82% (2925/3567)        
2025-07-16T05:35:20.4064580Z remote: Compressing objects:  83% (2961/3567)        
2025-07-16T05:35:20.4065604Z remote: Compressing objects:  84% (2997/3567)        
2025-07-16T05:35:20.4066624Z remote: Compressing objects:  85% (3032/3567)        
2025-07-16T05:35:20.4067625Z remote: Compressing objects:  86% (3068/3567)        
2025-07-16T05:35:20.4068641Z remote: Compressing objects:  87% (3104/3567)        
2025-07-16T05:35:20.4069665Z remote: Compressing objects:  88% (3139/3567)        
2025-07-16T05:35:20.4070687Z remote: Compressing objects:  89% (3175/3567)        
2025-07-16T05:35:20.4071726Z remote: Compressing objects:  90% (3211/3567)        
2025-07-16T05:35:20.4072881Z remote: Compressing objects:  91% (3246/3567)        
2025-07-16T05:35:20.4073886Z remote: Compressing objects:  92% (3282/3567)        
2025-07-16T05:35:20.4074884Z remote: Compressing objects:  93% (3318/3567)        
2025-07-16T05:35:20.4075882Z remote: Compressing objects:  94% (3353/3567)        
2025-07-16T05:35:20.4076879Z remote: Compressing objects:  95% (3389/3567)        
2025-07-16T05:35:20.4078008Z remote: Compressing objects:  96% (3425/3567)        
2025-07-16T05:35:20.4079016Z remote: Compressing objects:  97% (3460/3567)        
2025-07-16T05:35:20.4080167Z remote: Compressing objects:  98% (3496/3567)        
2025-07-16T05:35:20.4081170Z remote: Compressing objects:  99% (3532/3567)        
2025-07-16T05:35:20.4082199Z remote: Compressing objects: 100% (3567/3567)        
2025-07-16T05:35:20.4083416Z remote: Compressing objects: 100% (3567/3567), done.        
2025-07-16T05:35:20.4283760Z Receiving objects:   0% (1/4182)
2025-07-16T05:35:20.4368159Z Receiving objects:   1% (42/4182)
2025-07-16T05:35:20.4483279Z Receiving objects:   2% (84/4182)
2025-07-16T05:35:20.4845399Z Receiving objects:   3% (126/4182)
2025-07-16T05:35:20.4899327Z Receiving objects:   4% (168/4182)
2025-07-16T05:35:20.4981189Z Receiving objects:   5% (210/4182)
2025-07-16T05:35:20.5006203Z Receiving objects:   6% (251/4182)
2025-07-16T05:35:20.5176759Z Receiving objects:   7% (293/4182)
2025-07-16T05:35:20.5196946Z Receiving objects:   8% (335/4182)
2025-07-16T05:35:20.5354619Z Receiving objects:   9% (377/4182)
2025-07-16T05:35:20.5429578Z Receiving objects:  10% (419/4182)
2025-07-16T05:35:20.5500115Z Receiving objects:  11% (461/4182)
2025-07-16T05:35:20.5538082Z Receiving objects:  12% (502/4182)
2025-07-16T05:35:20.5574526Z Receiving objects:  13% (544/4182)
2025-07-16T05:35:20.5579960Z Receiving objects:  14% (586/4182)
2025-07-16T05:35:20.5593698Z Receiving objects:  15% (628/4182)
2025-07-16T05:35:20.5604990Z Receiving objects:  16% (670/4182)
2025-07-16T05:35:20.5638846Z Receiving objects:  17% (711/4182)
2025-07-16T05:35:20.5661069Z Receiving objects:  18% (753/4182)
2025-07-16T05:35:20.5702164Z Receiving objects:  19% (795/4182)
2025-07-16T05:35:20.5739459Z Receiving objects:  20% (837/4182)
2025-07-16T05:35:20.5782553Z Receiving objects:  21% (879/4182)
2025-07-16T05:35:20.5830766Z Receiving objects:  22% (921/4182)
2025-07-16T05:35:20.5896735Z Receiving objects:  23% (962/4182)
2025-07-16T05:35:20.6018652Z Receiving objects:  24% (1004/4182)
2025-07-16T05:35:20.6035059Z Receiving objects:  25% (1046/4182)
2025-07-16T05:35:20.6050747Z Receiving objects:  26% (1088/4182)
2025-07-16T05:35:20.6062776Z Receiving objects:  27% (1130/4182)
2025-07-16T05:35:20.6075423Z Receiving objects:  28% (1171/4182)
2025-07-16T05:35:20.6117161Z Receiving objects:  29% (1213/4182)
2025-07-16T05:35:20.6148726Z Receiving objects:  30% (1255/4182)
2025-07-16T05:35:20.6186172Z Receiving objects:  31% (1297/4182)
2025-07-16T05:35:20.6221203Z Receiving objects:  32% (1339/4182)
2025-07-16T05:35:20.6246710Z Receiving objects:  33% (1381/4182)
2025-07-16T05:35:20.6281975Z Receiving objects:  34% (1422/4182)
2025-07-16T05:35:20.6308015Z Receiving objects:  35% (1464/4182)
2025-07-16T05:35:20.6332868Z Receiving objects:  36% (1506/4182)
2025-07-16T05:35:20.6376578Z Receiving objects:  37% (1548/4182)
2025-07-16T05:35:20.6397216Z Receiving objects:  38% (1590/4182)
2025-07-16T05:35:20.6439696Z Receiving objects:  39% (1631/4182)
2025-07-16T05:35:20.6459241Z Receiving objects:  40% (1673/4182)
2025-07-16T05:35:20.6505232Z Receiving objects:  41% (1715/4182)
2025-07-16T05:35:20.6540288Z Receiving objects:  42% (1757/4182)
2025-07-16T05:35:20.6580756Z Receiving objects:  43% (1799/4182)
2025-07-16T05:35:20.6664171Z Receiving objects:  44% (1841/4182)
2025-07-16T05:35:20.6719317Z Receiving objects:  45% (1882/4182)
2025-07-16T05:35:20.6755158Z Receiving objects:  46% (1924/4182)
2025-07-16T05:35:20.6790376Z Receiving objects:  47% (1966/4182)
2025-07-16T05:35:20.6864424Z Receiving objects:  48% (2008/4182)
2025-07-16T05:35:20.6908342Z Receiving objects:  49% (2050/4182)
2025-07-16T05:35:20.6938644Z Receiving objects:  50% (2091/4182)
2025-07-16T05:35:20.6974080Z Receiving objects:  51% (2133/4182)
2025-07-16T05:35:20.7025503Z Receiving objects:  52% (2175/4182)
2025-07-16T05:35:20.7068749Z Receiving objects:  53% (2217/4182)
2025-07-16T05:35:20.7163564Z Receiving objects:  54% (2259/4182)
2025-07-16T05:35:20.7199006Z Receiving objects:  55% (2301/4182)
2025-07-16T05:35:20.7230842Z Receiving objects:  56% (2342/4182)
2025-07-16T05:35:20.7280116Z Receiving objects:  57% (2384/4182)
2025-07-16T05:35:20.7304120Z Receiving objects:  58% (2426/4182)
2025-07-16T05:35:20.7329189Z Receiving objects:  59% (2468/4182)
2025-07-16T05:35:20.7346485Z Receiving objects:  60% (2510/4182)
2025-07-16T05:35:20.7410675Z Receiving objects:  61% (2552/4182)
2025-07-16T05:35:20.7453253Z Receiving objects:  62% (2593/4182)
2025-07-16T05:35:20.7499442Z Receiving objects:  63% (2635/4182)
2025-07-16T05:35:20.7579729Z Receiving objects:  64% (2677/4182)
2025-07-16T05:35:20.7621554Z Receiving objects:  65% (2719/4182)
2025-07-16T05:35:20.7668189Z Receiving objects:  66% (2761/4182)
2025-07-16T05:35:20.7724543Z Receiving objects:  67% (2802/4182)
2025-07-16T05:35:20.7777677Z Receiving objects:  68% (2844/4182)
2025-07-16T05:35:20.7814292Z Receiving objects:  69% (2886/4182)
2025-07-16T05:35:20.7873569Z Receiving objects:  70% (2928/4182)
2025-07-16T05:35:20.7921203Z Receiving objects:  71% (2970/4182)
2025-07-16T05:35:20.7956527Z Receiving objects:  72% (3012/4182)
2025-07-16T05:35:20.7978350Z Receiving objects:  73% (3053/4182)
2025-07-16T05:35:20.7994557Z Receiving objects:  74% (3095/4182)
2025-07-16T05:35:20.8005535Z Receiving objects:  75% (3137/4182)
2025-07-16T05:35:20.8026911Z Receiving objects:  76% (3179/4182)
2025-07-16T05:35:20.8075433Z Receiving objects:  77% (3221/4182)
2025-07-16T05:35:20.8177231Z Receiving objects:  78% (3262/4182)
2025-07-16T05:35:20.8221397Z Receiving objects:  79% (3304/4182)
2025-07-16T05:35:20.8280198Z Receiving objects:  80% (3346/4182)
2025-07-16T05:35:20.8302841Z Receiving objects:  81% (3388/4182)
2025-07-16T05:35:20.8326888Z Receiving objects:  82% (3430/4182)
2025-07-16T05:35:20.8333840Z Receiving objects:  83% (3472/4182)
2025-07-16T05:35:20.8341972Z Receiving objects:  84% (3513/4182)
2025-07-16T05:35:20.8350654Z Receiving objects:  85% (3555/4182)
2025-07-16T05:35:20.8357797Z Receiving objects:  86% (3597/4182)
2025-07-16T05:35:20.8363541Z Receiving objects:  87% (3639/4182)
2025-07-16T05:35:20.8370418Z Receiving objects:  88% (3681/4182)
2025-07-16T05:35:20.8374295Z Receiving objects:  89% (3722/4182)
2025-07-16T05:35:20.8380752Z Receiving objects:  90% (3764/4182)
2025-07-16T05:35:20.8400303Z Receiving objects:  91% (3806/4182)
2025-07-16T05:35:20.8409034Z Receiving objects:  92% (3848/4182)
2025-07-16T05:35:20.8435572Z Receiving objects:  93% (3890/4182)
2025-07-16T05:35:20.8439245Z Receiving objects:  94% (3932/4182)
2025-07-16T05:35:20.8485171Z Receiving objects:  95% (3973/4182)
2025-07-16T05:35:20.8509472Z Receiving objects:  96% (4015/4182)
2025-07-16T05:35:20.8570322Z Receiving objects:  97% (4057/4182)
2025-07-16T05:35:20.8607100Z Receiving objects:  98% (4099/4182)
2025-07-16T05:35:20.8646045Z Receiving objects:  99% (4141/4182)
2025-07-16T05:35:20.8647938Z remote: Total 4182 (delta 576), reused 4159 (delta 570), pack-reused 0 (from 0)        
2025-07-16T05:35:20.8664647Z Receiving objects: 100% (4182/4182)
2025-07-16T05:35:20.8666248Z Receiving objects: 100% (4182/4182), 14.19 MiB | 30.60 MiB/s, done.
2025-07-16T05:35:20.8669900Z Resolving deltas:   0% (0/576)
2025-07-16T05:35:20.8671197Z Resolving deltas:   1% (6/576)
2025-07-16T05:35:20.8672631Z Resolving deltas:   2% (12/576)
2025-07-16T05:35:20.8673922Z Resolving deltas:   3% (18/576)
2025-07-16T05:35:20.8675185Z Resolving deltas:   4% (24/576)
2025-07-16T05:35:20.8676493Z Resolving deltas:   5% (29/576)
2025-07-16T05:35:20.8677761Z Resolving deltas:   6% (35/576)
2025-07-16T05:35:20.8684012Z Resolving deltas:   7% (41/576)
2025-07-16T05:35:20.8686220Z Resolving deltas:   8% (47/576)
2025-07-16T05:35:20.8695940Z Resolving deltas:   9% (52/576)
2025-07-16T05:35:20.8697635Z Resolving deltas:  10% (58/576)
2025-07-16T05:35:20.8699144Z Resolving deltas:  11% (64/576)
2025-07-16T05:35:20.8738027Z Resolving deltas:  12% (70/576)
2025-07-16T05:35:20.8770310Z Resolving deltas:  13% (75/576)
2025-07-16T05:35:20.8777634Z Resolving deltas:  14% (81/576)
2025-07-16T05:35:20.8780116Z Resolving deltas:  15% (87/576)
2025-07-16T05:35:20.8782632Z Resolving deltas:  16% (93/576)
2025-07-16T05:35:20.8787583Z Resolving deltas:  17% (98/576)
2025-07-16T05:35:20.8788884Z Resolving deltas:  18% (104/576)
2025-07-16T05:35:20.8790110Z Resolving deltas:  19% (110/576)
2025-07-16T05:35:20.8791348Z Resolving deltas:  20% (116/576)
2025-07-16T05:35:20.8792745Z Resolving deltas:  21% (121/576)
2025-07-16T05:35:20.8794047Z Resolving deltas:  22% (127/576)
2025-07-16T05:35:20.8795344Z Resolving deltas:  23% (133/576)
2025-07-16T05:35:20.8796620Z Resolving deltas:  24% (139/576)
2025-07-16T05:35:20.8797807Z Resolving deltas:  25% (145/576)
2025-07-16T05:35:20.8798610Z Resolving deltas:  26% (150/576)
2025-07-16T05:35:20.8882077Z Resolving deltas:  27% (156/576)
2025-07-16T05:35:20.8883736Z Resolving deltas:  28% (162/576)
2025-07-16T05:35:20.8885019Z Resolving deltas:  29% (168/576)
2025-07-16T05:35:20.8886248Z Resolving deltas:  30% (173/576)
2025-07-16T05:35:20.8887473Z Resolving deltas:  31% (179/576)
2025-07-16T05:35:20.8888694Z Resolving deltas:  32% (185/576)
2025-07-16T05:35:20.8889960Z Resolving deltas:  33% (191/576)
2025-07-16T05:35:20.8891243Z Resolving deltas:  34% (196/576)
2025-07-16T05:35:20.8892656Z Resolving deltas:  35% (202/576)
2025-07-16T05:35:20.8893907Z Resolving deltas:  36% (208/576)
2025-07-16T05:35:20.8895182Z Resolving deltas:  37% (214/576)
2025-07-16T05:35:20.8896480Z Resolving deltas:  38% (219/576)
2025-07-16T05:35:20.8898066Z Resolving deltas:  39% (225/576)
2025-07-16T05:35:20.8899390Z Resolving deltas:  40% (231/576)
2025-07-16T05:35:20.8900736Z Resolving deltas:  41% (237/576)
2025-07-16T05:35:20.8902099Z Resolving deltas:  42% (242/576)
2025-07-16T05:35:20.8903532Z Resolving deltas:  43% (248/576)
2025-07-16T05:35:20.8904742Z Resolving deltas:  44% (254/576)
2025-07-16T05:35:20.8905972Z Resolving deltas:  45% (260/576)
2025-07-16T05:35:20.8913911Z Resolving deltas:  46% (265/576)
2025-07-16T05:35:20.8917773Z Resolving deltas:  47% (271/576)
2025-07-16T05:35:20.8931128Z Resolving deltas:  48% (277/576)
2025-07-16T05:35:20.8934857Z Resolving deltas:  49% (283/576)
2025-07-16T05:35:20.8939222Z Resolving deltas:  50% (288/576)
2025-07-16T05:35:20.8944906Z Resolving deltas:  51% (294/576)
2025-07-16T05:35:20.8952017Z Resolving deltas:  52% (301/576)
2025-07-16T05:35:20.8957695Z Resolving deltas:  53% (306/576)
2025-07-16T05:35:20.8959941Z Resolving deltas:  54% (312/576)
2025-07-16T05:35:20.8966900Z Resolving deltas:  55% (317/576)
2025-07-16T05:35:20.8973389Z Resolving deltas:  56% (323/576)
2025-07-16T05:35:20.8977060Z Resolving deltas:  57% (329/576)
2025-07-16T05:35:20.8979328Z Resolving deltas:  58% (335/576)
2025-07-16T05:35:20.8993023Z Resolving deltas:  59% (340/576)
2025-07-16T05:35:20.8997366Z Resolving deltas:  60% (346/576)
2025-07-16T05:35:20.9001780Z Resolving deltas:  61% (352/576)
2025-07-16T05:35:20.9009329Z Resolving deltas:  62% (358/576)
2025-07-16T05:35:20.9015046Z Resolving deltas:  63% (363/576)
2025-07-16T05:35:20.9024233Z Resolving deltas:  64% (369/576)
2025-07-16T05:35:20.9027975Z Resolving deltas:  65% (375/576)
2025-07-16T05:35:20.9034560Z Resolving deltas:  66% (381/576)
2025-07-16T05:35:20.9037614Z Resolving deltas:  67% (386/576)
2025-07-16T05:35:20.9041656Z Resolving deltas:  68% (392/576)
2025-07-16T05:35:20.9047683Z Resolving deltas:  69% (398/576)
2025-07-16T05:35:20.9052492Z Resolving deltas:  70% (404/576)
2025-07-16T05:35:20.9055945Z Resolving deltas:  71% (409/576)
2025-07-16T05:35:20.9059707Z Resolving deltas:  72% (415/576)
2025-07-16T05:35:20.9067307Z Resolving deltas:  73% (421/576)
2025-07-16T05:35:20.9069224Z Resolving deltas:  74% (428/576)
2025-07-16T05:35:20.9072623Z Resolving deltas:  75% (432/576)
2025-07-16T05:35:20.9084774Z Resolving deltas:  76% (438/576)
2025-07-16T05:35:20.9093073Z Resolving deltas:  77% (445/576)
2025-07-16T05:35:20.9097650Z Resolving deltas:  78% (450/576)
2025-07-16T05:35:20.9103589Z Resolving deltas:  79% (456/576)
2025-07-16T05:35:20.9110233Z Resolving deltas:  80% (461/576)
2025-07-16T05:35:20.9113992Z Resolving deltas:  81% (467/576)
2025-07-16T05:35:20.9116920Z Resolving deltas:  82% (473/576)
2025-07-16T05:35:20.9118234Z Resolving deltas:  83% (479/576)
2025-07-16T05:35:20.9130751Z Resolving deltas:  84% (484/576)
2025-07-16T05:35:20.9145838Z Resolving deltas:  85% (490/576)
2025-07-16T05:35:20.9148555Z Resolving deltas:  86% (496/576)
2025-07-16T05:35:20.9158986Z Resolving deltas:  87% (502/576)
2025-07-16T05:35:20.9168481Z Resolving deltas:  88% (508/576)
2025-07-16T05:35:20.9177146Z Resolving deltas:  89% (513/576)
2025-07-16T05:35:20.9183426Z Resolving deltas:  90% (519/576)
2025-07-16T05:35:20.9185900Z Resolving deltas:  91% (525/576)
2025-07-16T05:35:20.9188089Z Resolving deltas:  92% (530/576)
2025-07-16T05:35:20.9189523Z Resolving deltas:  93% (536/576)
2025-07-16T05:35:20.9193443Z Resolving deltas:  94% (542/576)
2025-07-16T05:35:20.9194760Z Resolving deltas:  95% (548/576)
2025-07-16T05:35:20.9196130Z Resolving deltas:  96% (553/576)
2025-07-16T05:35:20.9197368Z Resolving deltas:  97% (559/576)
2025-07-16T05:35:20.9198176Z Resolving deltas:  98% (565/576)
2025-07-16T05:35:20.9198993Z Resolving deltas:  99% (571/576)
2025-07-16T05:35:20.9199762Z Resolving deltas: 100% (576/576)
2025-07-16T05:35:20.9200553Z Resolving deltas: 100% (576/576), done.
2025-07-16T05:35:20.9364338Z From https://github.com/Dinesh-4/Devops
2025-07-16T05:35:20.9365730Z  * [new ref]         caafa7ede9d1e60ec624a842a7017e89fee7adbe -> origin/main
2025-07-16T05:35:20.9393504Z ##[endgroup]
2025-07-16T05:35:20.9395401Z ##[group]Determining the checkout info
2025-07-16T05:35:20.9397469Z ##[endgroup]
2025-07-16T05:35:20.9399107Z ##[group]Checking out the ref
2025-07-16T05:35:20.9400995Z [command]/usr/bin/git checkout --progress --force -B main refs/remotes/origin/main
2025-07-16T05:35:21.2832993Z Switched to a new branch 'main'
2025-07-16T05:35:21.2834929Z branch 'main' set up to track 'origin/main'.
2025-07-16T05:35:21.2852656Z ##[endgroup]
2025-07-16T05:35:21.2886988Z [command]/usr/bin/git log -1 --format='%H'
2025-07-16T05:35:21.2908472Z 'caafa7ede9d1e60ec624a842a7017e89fee7adbe'
2025-07-16T05:35:21.3181015Z ##[group]Run actions/setup-python@v4
2025-07-16T05:35:21.3181959Z with:
2025-07-16T05:35:21.3182734Z   python-version: 3.10
2025-07-16T05:35:21.3183497Z   check-latest: false
2025-07-16T05:35:21.3184472Z   token: ***
2025-07-16T05:35:21.3185139Z   update-environment: true
2025-07-16T05:35:21.3185982Z   allow-prereleases: false
2025-07-16T05:35:21.3186780Z ##[endgroup]
2025-07-16T05:35:21.4823651Z ##[group]Installed versions
2025-07-16T05:35:21.4940977Z Successfully set up CPython (3.10.18)
2025-07-16T05:35:21.4945861Z ##[endgroup]
2025-07-16T05:35:21.5077889Z ##[group]Run python -m pip install --upgrade pip
2025-07-16T05:35:21.5079190Z [36;1mpython -m pip install --upgrade pip[0m
2025-07-16T05:35:21.5080294Z [36;1mpip install -r requirements.txt[0m
2025-07-16T05:35:21.5124331Z shell: /usr/bin/bash -e {0}
2025-07-16T05:35:21.5125147Z env:
2025-07-16T05:35:21.5126019Z   pythonLocation: /opt/hostedtoolcache/Python/3.10.18/x64
2025-07-16T05:35:21.5127586Z   PKG_CONFIG_PATH: /opt/hostedtoolcache/Python/3.10.18/x64/lib/pkgconfig
2025-07-16T05:35:21.5129127Z   Python_ROOT_DIR: /opt/hostedtoolcache/Python/3.10.18/x64
2025-07-16T05:35:21.5130507Z   Python2_ROOT_DIR: /opt/hostedtoolcache/Python/3.10.18/x64
2025-07-16T05:35:21.5131871Z   Python3_ROOT_DIR: /opt/hostedtoolcache/Python/3.10.18/x64
2025-07-16T05:35:21.5133450Z   LD_LIBRARY_PATH: /opt/hostedtoolcache/Python/3.10.18/x64/lib
2025-07-16T05:35:21.5134581Z ##[endgroup]
2025-07-16T05:35:23.2508674Z Requirement already satisfied: pip in /opt/hostedtoolcache/Python/3.10.18/x64/lib/python3.10/site-packages (25.1.1)
2025-07-16T05:35:23.8717144Z Collecting Flask==3.1.0 (from -r requirements.txt (line 1))
2025-07-16T05:35:23.9058343Z   Downloading flask-3.1.0-py3-none-any.whl.metadata (2.7 kB)
2025-07-16T05:35:23.9188252Z Collecting Flask-PyMongo==3.0.1 (from -r requirements.txt (line 2))
2025-07-16T05:35:23.9256569Z   Downloading flask_pymongo-3.0.1-py3-none-any.whl.metadata (3.5 kB)
2025-07-16T05:35:23.9760240Z Collecting pytest==8.2.1 (from -r requirements.txt (line 3))
2025-07-16T05:35:23.9816950Z   Downloading pytest-8.2.1-py3-none-any.whl.metadata (7.6 kB)
2025-07-16T05:35:23.9946413Z Collecting blinker==1.9.0 (from -r requirements.txt (line 4))
2025-07-16T05:35:23.9979676Z   Downloading blinker-1.9.0-py3-none-any.whl.metadata (1.6 kB)
2025-07-16T05:35:24.0165309Z Collecting certifi==2025.7.14 (from -r requirements.txt (line 5))
2025-07-16T05:35:24.0204228Z   Downloading certifi-2025.7.14-py3-none-any.whl.metadata (2.4 kB)
2025-07-16T05:35:24.1088184Z Collecting charset-normalizer==3.4.2 (from -r requirements.txt (line 6))
2025-07-16T05:35:24.1125771Z   Downloading charset_normalizer-3.4.2-cp310-cp310-manylinux_2_17_x86_64.manylinux2014_x86_64.whl.metadata (35 kB)
2025-07-16T05:35:24.1322722Z Collecting click==8.2.1 (from -r requirements.txt (line 7))
2025-07-16T05:35:24.1356389Z   Downloading click-8.2.1-py3-none-any.whl.metadata (2.5 kB)
2025-07-16T05:35:24.1493089Z Collecting dnspython==2.7.0 (from -r requirements.txt (line 8))
2025-07-16T05:35:24.1524826Z   Downloading dnspython-2.7.0-py3-none-any.whl.metadata (5.8 kB)
2025-07-16T05:35:24.1710667Z Collecting idna==3.10 (from -r requirements.txt (line 9))
2025-07-16T05:35:24.1742729Z   Downloading idna-3.10-py3-none-any.whl.metadata (10 kB)
2025-07-16T05:35:24.1894203Z Collecting itsdangerous==2.2.0 (from -r requirements.txt (line 10))
2025-07-16T05:35:24.1934767Z   Downloading itsdangerous-2.2.0-py3-none-any.whl.metadata (1.9 kB)
2025-07-16T05:35:24.2087358Z Collecting Jinja2==3.1.6 (from -r requirements.txt (line 11))
2025-07-16T05:35:24.2119618Z   Downloading jinja2-3.1.6-py3-none-any.whl.metadata (2.9 kB)
2025-07-16T05:35:24.2690177Z Collecting MarkupSafe==3.0.2 (from -r requirements.txt (line 12))
2025-07-16T05:35:24.2725674Z   Downloading MarkupSafe-3.0.2-cp310-cp310-manylinux_2_17_x86_64.manylinux2014_x86_64.whl.metadata (4.0 kB)
2025-07-16T05:35:24.2838309Z Collecting paho-mqtt==2.1.0 (from -r requirements.txt (line 13))
2025-07-16T05:35:24.2866691Z   Downloading paho_mqtt-2.1.0-py3-none-any.whl.metadata (23 kB)
2025-07-16T05:35:24.6200059Z Collecting pymongo==4.13.2 (from -r requirements.txt (line 14))
2025-07-16T05:35:24.6243525Z   Downloading pymongo-4.13.2-cp310-cp310-manylinux_2_17_x86_64.manylinux2014_x86_64.whl.metadata (22 kB)
2025-07-16T05:35:24.6474781Z Collecting python-dotenv==1.1.1 (from -r requirements.txt (line 15))
2025-07-16T05:35:24.6525005Z   Downloading python_dotenv-1.1.1-py3-none-any.whl.metadata (24 kB)
2025-07-16T05:35:24.6931078Z Collecting requests==2.32.4 (from -r requirements.txt (line 16))
2025-07-16T05:35:24.6961455Z   Downloading requests-2.32.4-py3-none-any.whl.metadata (4.9 kB)
2025-07-16T05:35:24.7218428Z Collecting urllib3==2.5.0 (from -r requirements.txt (line 17))
2025-07-16T05:35:24.7251549Z   Downloading urllib3-2.5.0-py3-none-any.whl.metadata (6.5 kB)
2025-07-16T05:35:24.7482482Z Collecting Werkzeug==3.1.3 (from -r requirements.txt (line 18))
2025-07-16T05:35:24.7514648Z   Downloading werkzeug-3.1.3-py3-none-any.whl.metadata (3.7 kB)
2025-07-16T05:35:24.8308117Z Collecting autodevops-cli==0.1.1 (from -r requirements.txt (line 19))
2025-07-16T05:35:24.8351942Z   Downloading autodevops_cli-0.1.1-py3-none-any.whl.metadata (494 bytes)
2025-07-16T05:35:24.8456999Z Collecting iniconfig==2.1.0 (from -r requirements.txt (line 20))
2025-07-16T05:35:24.8496359Z   Downloading iniconfig-2.1.0-py3-none-any.whl.metadata (2.7 kB)
2025-07-16T05:35:24.8630909Z Collecting loguru==0.7.3 (from -r requirements.txt (line 21))
2025-07-16T05:35:24.8664676Z   Downloading loguru-0.7.3-py3-none-any.whl.metadata (22 kB)
2025-07-16T05:35:24.8899441Z Collecting markdown-it-py==3.0.0 (from -r requirements.txt (line 22))
2025-07-16T05:35:24.8957958Z   Downloading markdown_it_py-3.0.0-py3-none-any.whl.metadata (6.9 kB)
2025-07-16T05:35:24.9099297Z Collecting mdurl==0.1.2 (from -r requirements.txt (line 23))
2025-07-16T05:35:24.9128852Z   Downloading mdurl-0.1.2-py3-none-any.whl.metadata (1.6 kB)
2025-07-16T05:35:24.9269929Z Collecting mongomock==4.3.0 (from -r requirements.txt (line 24))
2025-07-16T05:35:24.9310938Z   Downloading mongomock-4.3.0-py2.py3-none-any.whl.metadata (12 kB)
2025-07-16T05:35:24.9477631Z Collecting packaging==25.0 (from -r requirements.txt (line 25))
2025-07-16T05:35:24.9511636Z   Downloading packaging-25.0-py3-none-any.whl.metadata (3.3 kB)
2025-07-16T05:35:24.9632674Z Collecting pluggy==1.6.0 (from -r requirements.txt (line 26))
2025-07-16T05:35:24.9690489Z   Downloading pluggy-1.6.0-py3-none-any.whl.metadata (4.8 kB)
2025-07-16T05:35:24.9913059Z Collecting Pygments==2.19.2 (from -r requirements.txt (line 27))
2025-07-16T05:35:24.9953823Z   Downloading pygments-2.19.2-py3-none-any.whl.metadata (2.5 kB)
2025-07-16T05:35:25.0336659Z Collecting pytz==2025.2 (from -r requirements.txt (line 28))
2025-07-16T05:35:25.0367402Z   Downloading pytz-2025.2-py2.py3-none-any.whl.metadata (22 kB)
2025-07-16T05:35:25.0787717Z Collecting rich==14.0.0 (from -r requirements.txt (line 29))
2025-07-16T05:35:25.0820465Z   Downloading rich-14.0.0-py3-none-any.whl.metadata (18 kB)
2025-07-16T05:35:25.0933710Z Collecting sentinels==1.0.0 (from -r requirements.txt (line 30))
2025-07-16T05:35:25.0978394Z   Downloading sentinels-1.0.0.tar.gz (4.1 kB)
2025-07-16T05:35:25.1064265Z   Installing build dependencies: started
2025-07-16T05:35:25.9308031Z   Installing build dependencies: finished with status 'done'
2025-07-16T05:35:25.9316063Z   Getting requirements to build wheel: started
2025-07-16T05:35:26.2658760Z   Getting requirements to build wheel: finished with status 'done'
2025-07-16T05:35:26.2669093Z   Preparing metadata (pyproject.toml): started
2025-07-16T05:35:26.4453138Z   Preparing metadata (pyproject.toml): finished with status 'done'
2025-07-16T05:35:26.4612719Z Collecting sh==2.2.2 (from -r requirements.txt (line 31))
2025-07-16T05:35:26.4679923Z   Downloading sh-2.2.2-py3-none-any.whl.metadata (3.7 kB)
2025-07-16T05:35:26.5122646Z Collecting exceptiongroup>=1.0.0rc8 (from pytest==8.2.1->-r requirements.txt (line 3))
2025-07-16T05:35:26.5152765Z   Downloading exceptiongroup-1.3.0-py3-none-any.whl.metadata (6.7 kB)
2025-07-16T05:35:26.5314475Z Collecting tomli>=1 (from pytest==8.2.1->-r requirements.txt (line 3))
2025-07-16T05:35:26.5364433Z   Downloading tomli-2.2.1-py3-none-any.whl.metadata (10 kB)
2025-07-16T05:35:26.6126089Z Collecting typing-extensions<5.0,>=4.0.0 (from rich==14.0.0->-r requirements.txt (line 29))
2025-07-16T05:35:26.6159833Z   Downloading typing_extensions-4.14.1-py3-none-any.whl.metadata (3.0 kB)
2025-07-16T05:35:26.6331868Z Downloading flask-3.1.0-py3-none-any.whl (102 kB)
2025-07-16T05:35:26.6730981Z Downloading flask_pymongo-3.0.1-py3-none-any.whl (11 kB)
2025-07-16T05:35:26.6814178Z Downloading pytest-8.2.1-py3-none-any.whl (339 kB)
2025-07-16T05:35:26.6909638Z Downloading pluggy-1.6.0-py3-none-any.whl (20 kB)
2025-07-16T05:35:26.6961583Z Downloading blinker-1.9.0-py3-none-any.whl (8.5 kB)
2025-07-16T05:35:26.7013783Z Downloading certifi-2025.7.14-py3-none-any.whl (162 kB)
2025-07-16T05:35:26.7090392Z Downloading charset_normalizer-3.4.2-cp310-cp310-manylinux_2_17_x86_64.manylinux2014_x86_64.whl (149 kB)
2025-07-16T05:35:26.7193833Z Downloading click-8.2.1-py3-none-any.whl (102 kB)
2025-07-16T05:35:26.8163062Z Downloading dnspython-2.7.0-py3-none-any.whl (313 kB)
2025-07-16T05:35:26.8725555Z Downloading idna-3.10-py3-none-any.whl (70 kB)
2025-07-16T05:35:26.8910120Z Downloading itsdangerous-2.2.0-py3-none-any.whl (16 kB)
2025-07-16T05:35:26.9020260Z Downloading jinja2-3.1.6-py3-none-any.whl (134 kB)
2025-07-16T05:35:26.9101680Z Downloading MarkupSafe-3.0.2-cp310-cp310-manylinux_2_17_x86_64.manylinux2014_x86_64.whl (20 kB)
2025-07-16T05:35:26.9151252Z Downloading paho_mqtt-2.1.0-py3-none-any.whl (67 kB)
2025-07-16T05:35:26.9258849Z Downloading pymongo-4.13.2-cp310-cp310-manylinux_2_17_x86_64.manylinux2014_x86_64.whl (1.2 MB)
2025-07-16T05:35:26.9421998Z    ━━━━━━━━━━━━━━━━━━━━━━━━━━━━━━━━━━━━━━━━ 1.2/1.2 MB 81.1 MB/s eta 0:00:00
2025-07-16T05:35:26.9451551Z Downloading python_dotenv-1.1.1-py3-none-any.whl (20 kB)
2025-07-16T05:35:26.9507764Z Downloading requests-2.32.4-py3-none-any.whl (64 kB)
2025-07-16T05:35:26.9562454Z Downloading urllib3-2.5.0-py3-none-any.whl (129 kB)
2025-07-16T05:35:26.9614402Z Downloading werkzeug-3.1.3-py3-none-any.whl (224 kB)
2025-07-16T05:35:26.9722832Z Downloading autodevops_cli-0.1.1-py3-none-any.whl (4.1 kB)
2025-07-16T05:35:26.9795943Z Downloading iniconfig-2.1.0-py3-none-any.whl (6.0 kB)
2025-07-16T05:35:26.9858759Z Downloading loguru-0.7.3-py3-none-any.whl (61 kB)
2025-07-16T05:35:26.9914334Z Downloading markdown_it_py-3.0.0-py3-none-any.whl (87 kB)
2025-07-16T05:35:26.9970404Z Downloading mdurl-0.1.2-py3-none-any.whl (10.0 kB)
2025-07-16T05:35:27.0034928Z Downloading mongomock-4.3.0-py2.py3-none-any.whl (64 kB)
2025-07-16T05:35:27.0087453Z Downloading packaging-25.0-py3-none-any.whl (66 kB)
2025-07-16T05:35:27.0145374Z Downloading pygments-2.19.2-py3-none-any.whl (1.2 MB)
2025-07-16T05:35:27.0296630Z    ━━━━━━━━━━━━━━━━━━━━━━━━━━━━━━━━━━━━━━━━ 1.2/1.2 MB 85.2 MB/s eta 0:00:00
2025-07-16T05:35:27.0335814Z Downloading pytz-2025.2-py2.py3-none-any.whl (509 kB)
2025-07-16T05:35:27.0531906Z Downloading rich-14.0.0-py3-none-any.whl (243 kB)
2025-07-16T05:35:27.0632007Z Downloading sh-2.2.2-py3-none-any.whl (38 kB)
2025-07-16T05:35:27.0698483Z Downloading typing_extensions-4.14.1-py3-none-any.whl (43 kB)
2025-07-16T05:35:27.0772740Z Downloading exceptiongroup-1.3.0-py3-none-any.whl (16 kB)
2025-07-16T05:35:27.0828347Z Downloading tomli-2.2.1-py3-none-any.whl (14 kB)
2025-07-16T05:35:27.1189950Z Building wheels for collected packages: sentinels
2025-07-16T05:35:27.1199356Z   Building wheel for sentinels (pyproject.toml): started
2025-07-16T05:35:27.3166909Z   Building wheel for sentinels (pyproject.toml): finished with status 'done'
2025-07-16T05:35:27.3173311Z   Created wheel for sentinels: filename=sentinels-1.0.0-py3-none-any.whl size=3229 sha256=e6ba66ed4293dcad2120d643a459ac34c04097d279f74c9df4065473ad65d714
2025-07-16T05:35:27.3175797Z   Stored in directory: /home/runner/.cache/pip/wheels/26/bc/eb/67e56405e0684b3d8c011cf4d18129c41be394775fd5ba2347
2025-07-16T05:35:27.3190592Z Successfully built sentinels
2025-07-16T05:35:27.3931111Z Installing collected packages: sentinels, pytz, urllib3, typing-extensions, tomli, sh, python-dotenv, Pygments, pluggy, paho-mqtt, packaging, mdurl, MarkupSafe, loguru, itsdangerous, iniconfig, idna, dnspython, click, charset-normalizer, certifi, blinker, Werkzeug, requests, pymongo, mongomock, markdown-it-py, Jinja2, exceptiongroup, rich, pytest, Flask, Flask-PyMongo, autodevops-cli
2025-07-16T05:35:29.7343280Z 
2025-07-16T05:35:29.7403030Z Successfully installed Flask-3.1.0 Flask-PyMongo-3.0.1 Jinja2-3.1.6 MarkupSafe-3.0.2 Pygments-2.19.2 Werkzeug-3.1.3 autodevops-cli-0.1.1 blinker-1.9.0 certifi-2025.7.14 charset-normalizer-3.4.2 click-8.2.1 dnspython-2.7.0 exceptiongroup-1.3.0 idna-3.10 iniconfig-2.1.0 itsdangerous-2.2.0 loguru-0.7.3 markdown-it-py-3.0.0 mdurl-0.1.2 mongomock-4.3.0 packaging-25.0 paho-mqtt-2.1.0 pluggy-1.6.0 pymongo-4.13.2 pytest-8.2.1 python-dotenv-1.1.1 pytz-2025.2 requests-2.32.4 rich-14.0.0 sentinels-1.0.0 sh-2.2.2 tomli-2.2.1 typing-extensions-4.14.1 urllib3-2.5.0
2025-07-16T05:35:29.8625598Z ##[group]Run export PYTHONPATH=.
2025-07-16T05:35:29.8625901Z [36;1mexport PYTHONPATH=.[0m
2025-07-16T05:35:29.8626139Z [36;1mpytest test_main.py -v[0m
2025-07-16T05:35:29.8654441Z shell: /usr/bin/bash -e {0}
2025-07-16T05:35:29.8654673Z env:
2025-07-16T05:35:29.8654926Z   pythonLocation: /opt/hostedtoolcache/Python/3.10.18/x64
2025-07-16T05:35:29.8655341Z   PKG_CONFIG_PATH: /opt/hostedtoolcache/Python/3.10.18/x64/lib/pkgconfig
2025-07-16T05:35:29.8655753Z   Python_ROOT_DIR: /opt/hostedtoolcache/Python/3.10.18/x64
2025-07-16T05:35:29.8656107Z   Python2_ROOT_DIR: /opt/hostedtoolcache/Python/3.10.18/x64
2025-07-16T05:35:29.8656457Z   Python3_ROOT_DIR: /opt/hostedtoolcache/Python/3.10.18/x64
2025-07-16T05:35:29.8656810Z   LD_LIBRARY_PATH: /opt/hostedtoolcache/Python/3.10.18/x64/lib
2025-07-16T05:35:29.8657103Z ##[endgroup]
2025-07-16T05:35:30.2144291Z ============================= test session starts ==============================
2025-07-16T05:35:30.2145390Z platform linux -- Python 3.10.18, pytest-8.2.1, pluggy-1.6.0 -- /opt/hostedtoolcache/Python/3.10.18/x64/bin/python
2025-07-16T05:35:30.2145996Z cachedir: .pytest_cache
2025-07-16T05:35:30.2146302Z rootdir: /home/runner/work/Devops/Devops
2025-07-16T05:35:30.4526258Z collecting ... collected 7 items
2025-07-16T05:35:30.4526786Z 
2025-07-16T05:35:30.4654588Z test_main.py::test_home_page PASSED                                      [ 14%]
2025-07-16T05:35:30.4829547Z test_main.py::test_admin_dashboard PASSED                                [ 28%]
2025-07-16T05:35:30.4893303Z test_main.py::test_student_dashboard PASSED                              [ 42%]
2025-07-16T05:35:30.4936641Z test_main.py::test_generate_attendance_no_input PASSED                   [ 57%]
2025-07-16T05:35:30.4979714Z test_main.py::test_student_generate_attendance_invalid PASSED            [ 71%]
2025-07-16T05:35:30.5040026Z test_main.py::test_register_user_get PASSED                              [ 85%]
2025-07-16T05:35:30.5097910Z test_main.py::test_receive_rfid_missing PASSED                           [100%]
2025-07-16T05:35:30.5098267Z 
2025-07-16T05:35:30.5098398Z ============================== 7 passed in 0.30s ===============================
2025-07-16T05:35:30.5505268Z ##[group]Run docker/login-action@v3
2025-07-16T05:35:30.5505516Z with:
2025-07-16T05:35:30.5505997Z   username: ***
2025-07-16T05:35:30.5506241Z   password: ***
2025-07-16T05:35:30.5506415Z   ecr: auto
2025-07-16T05:35:30.5506581Z   logout: true
2025-07-16T05:35:30.5506745Z env:
2025-07-16T05:35:30.5506971Z   pythonLocation: /opt/hostedtoolcache/Python/3.10.18/x64
2025-07-16T05:35:30.5507364Z   PKG_CONFIG_PATH: /opt/hostedtoolcache/Python/3.10.18/x64/lib/pkgconfig
2025-07-16T05:35:30.5507744Z   Python_ROOT_DIR: /opt/hostedtoolcache/Python/3.10.18/x64
2025-07-16T05:35:30.5508084Z   Python2_ROOT_DIR: /opt/hostedtoolcache/Python/3.10.18/x64
2025-07-16T05:35:30.5508430Z   Python3_ROOT_DIR: /opt/hostedtoolcache/Python/3.10.18/x64
2025-07-16T05:35:30.5508776Z   LD_LIBRARY_PATH: /opt/hostedtoolcache/Python/3.10.18/x64/lib
2025-07-16T05:35:30.5509064Z ##[endgroup]
2025-07-16T05:35:30.8441639Z Logging into Docker Hub...
2025-07-16T05:35:31.6293425Z Login Succeeded!
2025-07-16T05:35:31.6417926Z ##[group]Run docker build -t ***/flask-ci-cd-demo .
2025-07-16T05:35:31.6418351Z [36;1mdocker build -t ***/flask-ci-cd-demo .[0m
2025-07-16T05:35:31.6446173Z shell: /usr/bin/bash -e {0}
2025-07-16T05:35:31.6446403Z env:
2025-07-16T05:35:31.6446651Z   pythonLocation: /opt/hostedtoolcache/Python/3.10.18/x64
2025-07-16T05:35:31.6447057Z   PKG_CONFIG_PATH: /opt/hostedtoolcache/Python/3.10.18/x64/lib/pkgconfig
2025-07-16T05:35:31.6447445Z   Python_ROOT_DIR: /opt/hostedtoolcache/Python/3.10.18/x64
2025-07-16T05:35:31.6447788Z   Python2_ROOT_DIR: /opt/hostedtoolcache/Python/3.10.18/x64
2025-07-16T05:35:31.6448124Z   Python3_ROOT_DIR: /opt/hostedtoolcache/Python/3.10.18/x64
2025-07-16T05:35:31.6448469Z   LD_LIBRARY_PATH: /opt/hostedtoolcache/Python/3.10.18/x64/lib
2025-07-16T05:35:31.6448757Z ##[endgroup]
2025-07-16T05:35:32.1219822Z #0 building with "default" instance using docker driver
2025-07-16T05:35:32.1220171Z 
2025-07-16T05:35:32.1220431Z #1 [internal] load build definition from Dockerfile
2025-07-16T05:35:32.1221001Z #1 transferring dockerfile: 798B done
2025-07-16T05:35:32.1221453Z #1 DONE 0.0s
2025-07-16T05:35:32.1221626Z 
2025-07-16T05:35:32.1221798Z #2 [internal] load metadata for docker.io/library/python:3.10-slim
2025-07-16T05:35:32.3471023Z #2 ...
2025-07-16T05:35:32.3479783Z 
2025-07-16T05:35:32.3482037Z #3 [auth] library/python:pull token for registry-1.docker.io
2025-07-16T05:35:32.3482668Z #3 DONE 0.0s
2025-07-16T05:35:32.4943311Z 
2025-07-16T05:35:32.4943698Z #2 [internal] load metadata for docker.io/library/python:3.10-slim
2025-07-16T05:35:32.9393347Z #2 DONE 1.0s
2025-07-16T05:35:33.0541448Z 
2025-07-16T05:35:33.0542615Z #4 [internal] load .dockerignore
2025-07-16T05:35:33.0543692Z #4 transferring context: 2B done
2025-07-16T05:35:33.0544386Z #4 DONE 0.0s
2025-07-16T05:35:33.0552913Z 
2025-07-16T05:35:33.0553550Z #5 [1/6] FROM docker.io/library/python:3.10-slim@sha256:9dd6774a1276178f94b0cc1fb1f0edd980825d0ea7634847af9940b1b6273c13
2025-07-16T05:35:33.0554960Z #5 resolve docker.io/library/python:3.10-slim@sha256:9dd6774a1276178f94b0cc1fb1f0edd980825d0ea7634847af9940b1b6273c13 done
2025-07-16T05:35:33.0556172Z #5 sha256:0ebcc011f0ec7a9a900f7366b104730396a59032e64f04f3867a75f25ed48280 0B / 3.51MB 0.1s
2025-07-16T05:35:33.0557205Z #5 sha256:92d63ec5cbeb1348bad42929919fd8e78f38d96e388b5509d2929d76ddafb48e 0B / 15.65MB 0.1s
2025-07-16T05:35:33.0558272Z #5 sha256:9dd6774a1276178f94b0cc1fb1f0edd980825d0ea7634847af9940b1b6273c13 9.13kB / 9.13kB done
2025-07-16T05:35:33.0559372Z #5 sha256:c5dbd5ba857839a0aa9db765ea519c1514a40da811b4cf08c852b72fab4379d5 1.75kB / 1.75kB done
2025-07-16T05:35:33.0560505Z #5 sha256:563dffbdc42507a70677ee28b4bb678ad9074e3c9f75e3043523a38dcdf4f553 5.37kB / 5.37kB done
2025-07-16T05:35:33.0561587Z #5 sha256:3da95a905ed546f99c4564407923a681757d89651a388ec3f1f5e9bf5ed0b39d 0B / 28.23MB 0.1s
2025-07-16T05:35:33.1587498Z #5 sha256:0ebcc011f0ec7a9a900f7366b104730396a59032e64f04f3867a75f25ed48280 3.51MB / 3.51MB 0.2s done
2025-07-16T05:35:33.1588712Z #5 sha256:64b78282ca88b226c404cb8dfdee72b75eea52c9ac7380c0439b6e03992e483f 0B / 248B 0.2s
2025-07-16T05:35:33.2562000Z #5 sha256:92d63ec5cbeb1348bad42929919fd8e78f38d96e388b5509d2929d76ddafb48e 6.29MB / 15.65MB 0.3s
2025-07-16T05:35:33.2564742Z #5 sha256:3da95a905ed546f99c4564407923a681757d89651a388ec3f1f5e9bf5ed0b39d 13.63MB / 28.23MB 0.3s
2025-07-16T05:35:33.3568281Z #5 sha256:92d63ec5cbeb1348bad42929919fd8e78f38d96e388b5509d2929d76ddafb48e 15.65MB / 15.65MB 0.3s done
2025-07-16T05:35:33.3577544Z #5 sha256:3da95a905ed546f99c4564407923a681757d89651a388ec3f1f5e9bf5ed0b39d 25.17MB / 28.23MB 0.4s
2025-07-16T05:35:33.3578664Z #5 sha256:64b78282ca88b226c404cb8dfdee72b75eea52c9ac7380c0439b6e03992e483f 248B / 248B 0.4s done
2025-07-16T05:35:33.5195474Z #5 sha256:3da95a905ed546f99c4564407923a681757d89651a388ec3f1f5e9bf5ed0b39d 28.23MB / 28.23MB 0.4s done
2025-07-16T05:35:33.5196565Z #5 extracting sha256:3da95a905ed546f99c4564407923a681757d89651a388ec3f1f5e9bf5ed0b39d 0.1s
2025-07-16T05:35:33.6230347Z #5 ...
2025-07-16T05:35:33.6230858Z 
2025-07-16T05:35:33.6231025Z #6 [internal] load build context
2025-07-16T05:35:33.6231462Z #6 transferring context: 64.97MB 0.6s done
2025-07-16T05:35:33.6231933Z #6 DONE 0.6s
2025-07-16T05:35:33.6232091Z 
2025-07-16T05:35:33.6232734Z #5 [1/6] FROM docker.io/library/python:3.10-slim@sha256:9dd6774a1276178f94b0cc1fb1f0edd980825d0ea7634847af9940b1b6273c13
2025-07-16T05:35:34.4650649Z #5 extracting sha256:3da95a905ed546f99c4564407923a681757d89651a388ec3f1f5e9bf5ed0b39d 1.1s done
2025-07-16T05:35:34.6037538Z #5 extracting sha256:0ebcc011f0ec7a9a900f7366b104730396a59032e64f04f3867a75f25ed48280 0.1s
2025-07-16T05:35:34.7589361Z #5 extracting sha256:0ebcc011f0ec7a9a900f7366b104730396a59032e64f04f3867a75f25ed48280 0.1s done
2025-07-16T05:35:35.0589369Z #5 extracting sha256:92d63ec5cbeb1348bad42929919fd8e78f38d96e388b5509d2929d76ddafb48e
2025-07-16T05:35:35.7231672Z #5 extracting sha256:92d63ec5cbeb1348bad42929919fd8e78f38d96e388b5509d2929d76ddafb48e 0.6s done
2025-07-16T05:35:35.7233062Z #5 extracting sha256:64b78282ca88b226c404cb8dfdee72b75eea52c9ac7380c0439b6e03992e483f
2025-07-16T05:35:35.8927240Z #5 extracting sha256:64b78282ca88b226c404cb8dfdee72b75eea52c9ac7380c0439b6e03992e483f done
2025-07-16T05:35:35.8927853Z #5 DONE 2.8s
2025-07-16T05:35:35.8927966Z 
2025-07-16T05:35:35.8928370Z #7 [2/6] RUN apt-get update &&     apt-get install -y --no-install-recommends     build-essential     curl     nano     git     && rm -rf /var/lib/apt/lists/*
2025-07-16T05:35:35.8977255Z #7 0.155 Get:1 http://deb.debian.org/debian bookworm InRelease [151 kB]
2025-07-16T05:35:36.0054689Z #7 0.163 Get:2 http://deb.debian.org/debian bookworm-updates InRelease [55.4 kB]
2025-07-16T05:35:36.0055578Z #7 0.164 Get:3 http://deb.debian.org/debian-security bookworm-security InRelease [48.0 kB]
2025-07-16T05:35:36.0056434Z #7 0.217 Get:4 http://deb.debian.org/debian bookworm/main amd64 Packages [8793 kB]
2025-07-16T05:35:36.0057263Z #7 0.263 Get:5 http://deb.debian.org/debian bookworm-updates/main amd64 Packages [756 B]
2025-07-16T05:35:36.1988432Z #7 0.306 Get:6 http://deb.debian.org/debian-security bookworm-security/main amd64 Packages [272 kB]
2025-07-16T05:35:36.7453548Z #7 1.003 Fetched 9320 kB in 1s (10.9 MB/s)
2025-07-16T05:35:37.1070380Z #7 1.003 Reading package lists...
2025-07-16T05:35:37.4813170Z #7 1.381 Reading package lists...
2025-07-16T05:35:37.6392654Z #7 1.748 Building dependency tree...
2025-07-16T05:35:37.6393288Z #7 1.814 Reading state information...
2025-07-16T05:35:37.6393989Z #7 1.897 The following additional packages will be installed:
2025-07-16T05:35:37.6394924Z #7 1.897   binutils binutils-common binutils-x86-64-linux-gnu bzip2 cpp cpp-12 dpkg-dev
2025-07-16T05:35:37.7905763Z #7 1.897   g++ g++-12 gcc gcc-12 git-man libasan8 libatomic1 libbinutils libbrotli1
2025-07-16T05:35:37.7906299Z #7 1.897   libc-dev-bin libc6-dev libcc1-0 libcrypt-dev libctf-nobfd0 libctf0
2025-07-16T05:35:37.7906813Z #7 1.897   libcurl3-gnutls libcurl4 libdpkg-perl liberror-perl libexpat1 libgcc-12-dev
2025-07-16T05:35:37.7907331Z #7 1.897   libgdbm-compat4 libgomp1 libgprofng0 libisl23 libitm1 libjansson4
2025-07-16T05:35:37.7907813Z #7 1.897   libldap-2.5-0 liblsan0 libmpc3 libmpfr6 libnghttp2-14 libnsl-dev libperl5.36
2025-07-16T05:35:37.7908619Z #7 1.897   libpsl5 libquadmath0 librtmp1 libsasl2-2 libsasl2-modules-db libssh2-1
2025-07-16T05:35:37.7909104Z #7 1.897   libstdc++-12-dev libtirpc-dev libtsan2 libubsan1 linux-libc-dev make patch
2025-07-16T05:35:37.7909517Z #7 1.897   perl perl-modules-5.36 rpcsvc-proto xz-utils
2025-07-16T05:35:37.7909799Z #7 1.898 Suggested packages:
2025-07-16T05:35:37.7910139Z #7 1.898   binutils-doc bzip2-doc cpp-doc gcc-12-locales cpp-12-doc debian-keyring
2025-07-16T05:35:37.7910597Z #7 1.898   g++-multilib g++-12-multilib gcc-12-doc gcc-multilib manpages-dev autoconf
2025-07-16T05:35:37.7911046Z #7 1.898   automake libtool flex bison gdb gcc-doc gcc-12-multilib gettext-base
2025-07-16T05:35:37.7911496Z #7 1.898   git-daemon-run | git-daemon-sysvinit git-doc git-email git-gui gitk gitweb
2025-07-16T05:35:37.7912132Z #7 1.898   git-cvs git-mediawiki git-svn glibc-doc gnupg | sq | sqop | pgpainless-cli
2025-07-16T05:35:37.7912971Z #7 1.898   sensible-utils bzr libstdc++-12-doc make-doc hunspell ed diffutils-doc
2025-07-16T05:35:37.7913426Z #7 1.898   perl-doc libterm-readline-gnu-perl | libterm-readline-perl-perl
2025-07-16T05:35:37.7913784Z #7 1.898   libtap-harness-archive-perl
2025-07-16T05:35:37.7914036Z #7 1.898 Recommended packages:
2025-07-16T05:35:37.7914355Z #7 1.898   fakeroot gnupg | sq | sqop | pgpainless-cli libalgorithm-merge-perl less
2025-07-16T05:35:37.7914813Z #7 1.898   ssh-client manpages manpages-dev libc-devtools libfile-fcntllock-perl
2025-07-16T05:35:37.7915275Z #7 1.898   liblocale-gettext-perl libldap-common publicsuffix libsasl2-modules
2025-07-16T05:35:37.9593165Z #7 2.217 The following NEW packages will be installed:
2025-07-16T05:35:37.9594095Z #7 2.217   binutils binutils-common binutils-x86-64-linux-gnu build-essential bzip2 cpp
2025-07-16T05:35:38.0600673Z #7 2.217   cpp-12 curl dpkg-dev g++ g++-12 gcc gcc-12 git git-man libasan8 libatomic1
2025-07-16T05:35:38.0604703Z #7 2.217   libbinutils libbrotli1 libc-dev-bin libc6-dev libcc1-0 libcrypt-dev
2025-07-16T05:35:38.0605640Z #7 2.218   libctf-nobfd0 libctf0 libcurl3-gnutls libcurl4 libdpkg-perl liberror-perl
2025-07-16T05:35:38.0606490Z #7 2.218   libexpat1 libgcc-12-dev libgdbm-compat4 libgomp1 libgprofng0 libisl23
2025-07-16T05:35:38.0607294Z #7 2.218   libitm1 libjansson4 libldap-2.5-0 liblsan0 libmpc3 libmpfr6 libnghttp2-14
2025-07-16T05:35:38.0608043Z #7 2.218   libnsl-dev libperl5.36 libpsl5 libquadmath0 librtmp1 libsasl2-2
2025-07-16T05:35:38.0608782Z #7 2.218   libsasl2-modules-db libssh2-1 libstdc++-12-dev libtirpc-dev libtsan2
2025-07-16T05:35:38.0609587Z #7 2.218   libubsan1 linux-libc-dev make nano patch perl perl-modules-5.36 rpcsvc-proto
2025-07-16T05:35:38.0610168Z #7 2.218   xz-utils
2025-07-16T05:35:38.0610628Z #7 2.238 0 upgraded, 62 newly installed, 0 to remove and 0 not upgraded.
2025-07-16T05:35:38.0611178Z #7 2.238 Need to get 85.7 MB of archives.
2025-07-16T05:35:38.0611718Z #7 2.238 After this operation, 370 MB of additional disk space will be used.
2025-07-16T05:35:38.0612809Z #7 2.238 Get:1 http://deb.debian.org/debian bookworm/main amd64 perl-modules-5.36 all 5.36.0-7+deb12u2 [2815 kB]
2025-07-16T05:35:38.0613818Z #7 2.253 Get:2 http://deb.debian.org/debian bookworm/main amd64 libgdbm-compat4 amd64 1.23-3 [48.2 kB]
2025-07-16T05:35:38.0614793Z #7 2.255 Get:3 http://deb.debian.org/debian bookworm/main amd64 libperl5.36 amd64 5.36.0-7+deb12u2 [4207 kB]
2025-07-16T05:35:38.0615747Z #7 2.273 Get:4 http://deb.debian.org/debian bookworm/main amd64 perl amd64 5.36.0-7+deb12u2 [239 kB]
2025-07-16T05:35:38.0616642Z #7 2.274 Get:5 http://deb.debian.org/debian bookworm/main amd64 nano amd64 7.2-1+deb12u1 [690 kB]
2025-07-16T05:35:38.0617508Z #7 2.276 Get:6 http://deb.debian.org/debian bookworm/main amd64 bzip2 amd64 1.0.8-5+b1 [49.8 kB]
2025-07-16T05:35:38.0618415Z #7 2.277 Get:7 http://deb.debian.org/debian bookworm/main amd64 xz-utils amd64 5.4.1-1 [471 kB]
2025-07-16T05:35:38.0619308Z #7 2.279 Get:8 http://deb.debian.org/debian bookworm/main amd64 binutils-common amd64 2.40-2 [2487 kB]
2025-07-16T05:35:38.0620435Z #7 2.288 Get:9 http://deb.debian.org/debian bookworm/main amd64 libbinutils amd64 2.40-2 [572 kB]
2025-07-16T05:35:38.0621362Z #7 2.290 Get:10 http://deb.debian.org/debian bookworm/main amd64 libctf-nobfd0 amd64 2.40-2 [153 kB]
2025-07-16T05:35:38.0622230Z #7 2.291 Get:11 http://deb.debian.org/debian bookworm/main amd64 libctf0 amd64 2.40-2 [89.8 kB]
2025-07-16T05:35:38.0623290Z #7 2.291 Get:12 http://deb.debian.org/debian bookworm/main amd64 libgprofng0 amd64 2.40-2 [812 kB]
2025-07-16T05:35:38.0624223Z #7 2.294 Get:13 http://deb.debian.org/debian bookworm/main amd64 libjansson4 amd64 2.14-2 [40.8 kB]
2025-07-16T05:35:38.0625228Z #7 2.295 Get:14 http://deb.debian.org/debian bookworm/main amd64 binutils-x86-64-linux-gnu amd64 2.40-2 [2246 kB]
2025-07-16T05:35:38.0626506Z #7 2.303 Get:15 http://deb.debian.org/debian bookworm/main amd64 binutils amd64 2.40-2 [65.0 kB]
2025-07-16T05:35:38.0627496Z #7 2.303 Get:16 http://deb.debian.org/debian bookworm/main amd64 libc-dev-bin amd64 2.36-9+deb12u10 [47.1 kB]
2025-07-16T05:35:38.0628829Z #7 2.304 Get:17 http://deb.debian.org/debian-security bookworm-security/main amd64 linux-libc-dev amd64 6.1.140-1 [2145 kB]
2025-07-16T05:35:38.0630191Z #7 2.308 Get:18 http://deb.debian.org/debian bookworm/main amd64 libcrypt-dev amd64 1:4.4.33-2 [118 kB]
2025-07-16T05:35:38.0631119Z #7 2.309 Get:19 http://deb.debian.org/debian bookworm/main amd64 libtirpc-dev amd64 1.3.3+ds-1 [191 kB]
2025-07-16T05:35:38.0632060Z #7 2.310 Get:20 http://deb.debian.org/debian bookworm/main amd64 libnsl-dev amd64 1.3.0-2 [66.4 kB]
2025-07-16T05:35:38.0633197Z #7 2.311 Get:21 http://deb.debian.org/debian bookworm/main amd64 rpcsvc-proto amd64 1.4.3-1 [63.3 kB]
2025-07-16T05:35:38.0634163Z #7 2.311 Get:22 http://deb.debian.org/debian bookworm/main amd64 libc6-dev amd64 2.36-9+deb12u10 [1903 kB]
2025-07-16T05:35:38.0635132Z #7 2.318 Get:23 http://deb.debian.org/debian bookworm/main amd64 libisl23 amd64 0.25-1.1 [683 kB]
2025-07-16T05:35:38.2006258Z #7 2.321 Get:24 http://deb.debian.org/debian bookworm/main amd64 libmpfr6 amd64 4.2.0-1 [701 kB]
2025-07-16T05:35:38.2008557Z #7 2.324 Get:25 http://deb.debian.org/debian bookworm/main amd64 libmpc3 amd64 1.3.1-1 [51.5 kB]
2025-07-16T05:35:38.2009773Z #7 2.324 Get:26 http://deb.debian.org/debian bookworm/main amd64 cpp-12 amd64 12.2.0-14+deb12u1 [9768 kB]
2025-07-16T05:35:38.2010731Z #7 2.358 Get:27 http://deb.debian.org/debian bookworm/main amd64 cpp amd64 4:12.2.0-3 [6836 B]
2025-07-16T05:35:38.2011626Z #7 2.358 Get:28 http://deb.debian.org/debian bookworm/main amd64 libcc1-0 amd64 12.2.0-14+deb12u1 [41.7 kB]
2025-07-16T05:35:38.2013019Z #7 2.359 Get:29 http://deb.debian.org/debian bookworm/main amd64 libgomp1 amd64 12.2.0-14+deb12u1 [116 kB]
2025-07-16T05:35:38.2014013Z #7 2.359 Get:30 http://deb.debian.org/debian bookworm/main amd64 libitm1 amd64 12.2.0-14+deb12u1 [26.1 kB]
2025-07-16T05:35:38.2014974Z #7 2.360 Get:31 http://deb.debian.org/debian bookworm/main amd64 libatomic1 amd64 12.2.0-14+deb12u1 [9376 B]
2025-07-16T05:35:38.2015994Z #7 2.360 Get:32 http://deb.debian.org/debian bookworm/main amd64 libasan8 amd64 12.2.0-14+deb12u1 [2193 kB]
2025-07-16T05:35:38.2017039Z #7 2.368 Get:33 http://deb.debian.org/debian bookworm/main amd64 liblsan0 amd64 12.2.0-14+deb12u1 [969 kB]
2025-07-16T05:35:38.2018034Z #7 2.372 Get:34 http://deb.debian.org/debian bookworm/main amd64 libtsan2 amd64 12.2.0-14+deb12u1 [2197 kB]
2025-07-16T05:35:38.2019013Z #7 2.380 Get:35 http://deb.debian.org/debian bookworm/main amd64 libubsan1 amd64 12.2.0-14+deb12u1 [883 kB]
2025-07-16T05:35:38.2020005Z #7 2.383 Get:36 http://deb.debian.org/debian bookworm/main amd64 libquadmath0 amd64 12.2.0-14+deb12u1 [145 kB]
2025-07-16T05:35:38.2021049Z #7 2.384 Get:37 http://deb.debian.org/debian bookworm/main amd64 libgcc-12-dev amd64 12.2.0-14+deb12u1 [2437 kB]
2025-07-16T05:35:38.2022018Z #7 2.393 Get:38 http://deb.debian.org/debian bookworm/main amd64 gcc-12 amd64 12.2.0-14+deb12u1 [19.3 MB]
2025-07-16T05:35:38.2023201Z #7 2.458 Get:39 http://deb.debian.org/debian bookworm/main amd64 gcc amd64 4:12.2.0-3 [5216 B]
2025-07-16T05:35:38.3949088Z #7 2.459 Get:40 http://deb.debian.org/debian bookworm/main amd64 libstdc++-12-dev amd64 12.2.0-14+deb12u1 [2047 kB]
2025-07-16T05:35:38.3950251Z #7 2.466 Get:41 http://deb.debian.org/debian bookworm/main amd64 g++-12 amd64 12.2.0-14+deb12u1 [10.7 MB]
2025-07-16T05:35:38.3951206Z #7 2.504 Get:42 http://deb.debian.org/debian bookworm/main amd64 g++ amd64 4:12.2.0-3 [1356 B]
2025-07-16T05:35:38.3952058Z #7 2.504 Get:43 http://deb.debian.org/debian bookworm/main amd64 make amd64 4.3-4.1 [396 kB]
2025-07-16T05:35:38.3953179Z #7 2.506 Get:44 http://deb.debian.org/debian bookworm/main amd64 libdpkg-perl all 1.21.22 [603 kB]
2025-07-16T05:35:38.3954067Z #7 2.508 Get:45 http://deb.debian.org/debian bookworm/main amd64 patch amd64 2.7.6-7 [128 kB]
2025-07-16T05:35:38.3955206Z #7 2.509 Get:46 http://deb.debian.org/debian bookworm/main amd64 dpkg-dev all 1.21.22 [1353 kB]
2025-07-16T05:35:38.3956124Z #7 2.514 Get:47 http://deb.debian.org/debian bookworm/main amd64 build-essential amd64 12.9 [7704 B]
2025-07-16T05:35:38.3957071Z #7 2.514 Get:48 http://deb.debian.org/debian bookworm/main amd64 libbrotli1 amd64 1.0.9-2+b6 [275 kB]
2025-07-16T05:35:38.3958069Z #7 2.515 Get:49 http://deb.debian.org/debian bookworm/main amd64 libsasl2-modules-db amd64 2.1.28+dfsg-10 [20.3 kB]
2025-07-16T05:35:38.3959100Z #7 2.515 Get:50 http://deb.debian.org/debian bookworm/main amd64 libsasl2-2 amd64 2.1.28+dfsg-10 [59.7 kB]
2025-07-16T05:35:38.3960078Z #7 2.516 Get:51 http://deb.debian.org/debian bookworm/main amd64 libldap-2.5-0 amd64 2.5.13+dfsg-5 [183 kB]
2025-07-16T05:35:38.3961077Z #7 2.517 Get:52 http://deb.debian.org/debian bookworm/main amd64 libnghttp2-14 amd64 1.52.0-1+deb12u2 [73.0 kB]
2025-07-16T05:35:38.3962024Z #7 2.517 Get:53 http://deb.debian.org/debian bookworm/main amd64 libpsl5 amd64 0.21.2-1 [58.7 kB]
2025-07-16T05:35:38.3962968Z #7 2.518 Get:54 http://deb.debian.org/debian bookworm/main amd64 librtmp1 amd64 2.4+20151223.gitfa8646d.1-2+b2 [60.8 kB]
2025-07-16T05:35:38.3963711Z #7 2.518 Get:55 http://deb.debian.org/debian bookworm/main amd64 libssh2-1 amd64 1.10.0-3+b1 [179 kB]
2025-07-16T05:35:38.3964693Z #7 2.519 Get:56 http://deb.debian.org/debian bookworm/main amd64 libcurl4 amd64 7.88.1-10+deb12u12 [391 kB]
2025-07-16T05:35:38.3965860Z #7 2.521 Get:57 http://deb.debian.org/debian bookworm/main amd64 curl amd64 7.88.1-10+deb12u12 [315 kB]
2025-07-16T05:35:38.3966920Z #7 2.522 Get:58 http://deb.debian.org/debian bookworm/main amd64 libcurl3-gnutls amd64 7.88.1-10+deb12u12 [386 kB]
2025-07-16T05:35:38.3967970Z #7 2.524 Get:59 http://deb.debian.org/debian bookworm/main amd64 libexpat1 amd64 2.5.0-1+deb12u1 [98.9 kB]
2025-07-16T05:35:38.3968960Z #7 2.525 Get:60 http://deb.debian.org/debian bookworm/main amd64 liberror-perl all 0.17029-2 [29.0 kB]
2025-07-16T05:35:38.3969962Z #7 2.525 Get:61 http://deb.debian.org/debian bookworm/main amd64 git-man all 1:2.39.5-0+deb12u2 [2053 kB]
2025-07-16T05:35:38.3970935Z #7 2.532 Get:62 http://deb.debian.org/debian bookworm/main amd64 git amd64 1:2.39.5-0+deb12u2 [7260 kB]
2025-07-16T05:35:38.3971850Z #7 2.653 debconf: delaying package configuration, since apt-utils is not installed
2025-07-16T05:35:38.5846231Z #7 2.671 Fetched 85.7 MB in 0s (257 MB/s)
2025-07-16T05:35:38.5846893Z #7 2.685 Selecting previously unselected package perl-modules-5.36.
2025-07-16T05:35:38.5847468Z #7 2.685 (Reading database ... 
2025-07-16T05:35:38.5847862Z (Reading database ... 5%
2025-07-16T05:35:38.5848226Z (Reading database ... 10%
2025-07-16T05:35:38.5848595Z (Reading database ... 15%
2025-07-16T05:35:38.5848934Z (Reading database ... 20%
2025-07-16T05:35:38.5849279Z (Reading database ... 25%
2025-07-16T05:35:38.5849615Z (Reading database ... 30%
2025-07-16T05:35:38.5849956Z (Reading database ... 35%
2025-07-16T05:35:38.5850297Z (Reading database ... 40%
2025-07-16T05:35:38.5850660Z (Reading database ... 45%
2025-07-16T05:35:38.5851000Z (Reading database ... 50%
2025-07-16T05:35:38.5851347Z (Reading database ... 55%
2025-07-16T05:35:38.5852153Z (Reading database ... 60%
2025-07-16T05:35:38.5852694Z (Reading database ... 65%
2025-07-16T05:35:38.5853040Z (Reading database ... 70%
2025-07-16T05:35:38.5853376Z (Reading database ... 75%
2025-07-16T05:35:38.5853717Z (Reading database ... 80%
2025-07-16T05:35:38.5854059Z (Reading database ... 85%
2025-07-16T05:35:38.5854391Z (Reading database ... 90%
2025-07-16T05:35:38.5854730Z (Reading database ... 95%
2025-07-16T05:35:38.5855076Z (Reading database ... 100%
2025-07-16T05:35:38.5855592Z (Reading database ... 6688 files and directories currently installed.)
2025-07-16T05:35:38.5856347Z #7 2.691 Preparing to unpack .../00-perl-modules-5.36_5.36.0-7+deb12u2_all.deb ...
2025-07-16T05:35:38.5857024Z #7 2.692 Unpacking perl-modules-5.36 (5.36.0-7+deb12u2) ...
2025-07-16T05:35:38.7188969Z #7 2.977 Selecting previously unselected package libgdbm-compat4:amd64.
2025-07-16T05:35:38.8915972Z #7 2.978 Preparing to unpack .../01-libgdbm-compat4_1.23-3_amd64.deb ...
2025-07-16T05:35:38.8916575Z #7 2.980 Unpacking libgdbm-compat4:amd64 (1.23-3) ...
2025-07-16T05:35:38.8916969Z #7 2.997 Selecting previously unselected package libperl5.36:amd64.
2025-07-16T05:35:38.8917402Z #7 2.998 Preparing to unpack .../02-libperl5.36_5.36.0-7+deb12u2_amd64.deb ...
2025-07-16T05:35:38.8917791Z #7 2.999 Unpacking libperl5.36:amd64 (5.36.0-7+deb12u2) ...
2025-07-16T05:35:39.0174959Z #7 3.275 Selecting previously unselected package perl.
2025-07-16T05:35:39.1349176Z #7 3.277 Preparing to unpack .../03-perl_5.36.0-7+deb12u2_amd64.deb ...
2025-07-16T05:35:39.1349912Z #7 3.282 Unpacking perl (5.36.0-7+deb12u2) ...
2025-07-16T05:35:39.1350409Z #7 3.311 Selecting previously unselected package nano.
2025-07-16T05:35:39.1350983Z #7 3.312 Preparing to unpack .../04-nano_7.2-1+deb12u1_amd64.deb ...
2025-07-16T05:35:39.1351515Z #7 3.314 Unpacking nano (7.2-1+deb12u1) ...
2025-07-16T05:35:39.1352014Z #7 3.373 Selecting previously unselected package bzip2.
2025-07-16T05:35:39.1352733Z #7 3.374 Preparing to unpack .../05-bzip2_1.0.8-5+b1_amd64.deb ...
2025-07-16T05:35:39.1353261Z #7 3.375 Unpacking bzip2 (1.0.8-5+b1) ...
2025-07-16T05:35:39.1353745Z #7 3.393 Selecting previously unselected package xz-utils.
2025-07-16T05:35:39.3331664Z #7 3.394 Preparing to unpack .../06-xz-utils_5.4.1-1_amd64.deb ...
2025-07-16T05:35:39.3332450Z #7 3.395 Unpacking xz-utils (5.4.1-1) ...
2025-07-16T05:35:39.3333037Z #7 3.439 Selecting previously unselected package binutils-common:amd64.
2025-07-16T05:35:39.3333747Z #7 3.440 Preparing to unpack .../07-binutils-common_2.40-2_amd64.deb ...
2025-07-16T05:35:39.3334344Z #7 3.441 Unpacking binutils-common:amd64 (2.40-2) ...
2025-07-16T05:35:39.3471227Z #7 3.605 Selecting previously unselected package libbinutils:amd64.
2025-07-16T05:35:39.4477513Z #7 3.606 Preparing to unpack .../08-libbinutils_2.40-2_amd64.deb ...
2025-07-16T05:35:39.4478359Z #7 3.607 Unpacking libbinutils:amd64 (2.40-2) ...
2025-07-16T05:35:39.4479129Z #7 3.659 Selecting previously unselected package libctf-nobfd0:amd64.
2025-07-16T05:35:39.4479856Z #7 3.660 Preparing to unpack .../09-libctf-nobfd0_2.40-2_amd64.deb ...
2025-07-16T05:35:39.4480472Z #7 3.661 Unpacking libctf-nobfd0:amd64 (2.40-2) ...
2025-07-16T05:35:39.4481165Z #7 3.683 Selecting previously unselected package libctf0:amd64.
2025-07-16T05:35:39.4481808Z #7 3.684 Preparing to unpack .../10-libctf0_2.40-2_amd64.deb ...
2025-07-16T05:35:39.4482545Z #7 3.685 Unpacking libctf0:amd64 (2.40-2) ...
2025-07-16T05:35:39.4483175Z #7 3.704 Selecting previously unselected package libgprofng0:amd64.
2025-07-16T05:35:39.4483896Z #7 3.705 Preparing to unpack .../11-libgprofng0_2.40-2_amd64.deb ...
2025-07-16T05:35:39.4484506Z #7 3.706 Unpacking libgprofng0:amd64 (2.40-2) ...
2025-07-16T05:35:39.6801159Z #7 3.769 Selecting previously unselected package libjansson4:amd64.
2025-07-16T05:35:39.6801779Z #7 3.770 Preparing to unpack .../12-libjansson4_2.14-2_amd64.deb ...
2025-07-16T05:35:39.6802154Z #7 3.771 Unpacking libjansson4:amd64 (2.14-2) ...
2025-07-16T05:35:39.6802833Z #7 3.786 Selecting previously unselected package binutils-x86-64-linux-gnu.
2025-07-16T05:35:39.6803605Z #7 3.787 Preparing to unpack .../13-binutils-x86-64-linux-gnu_2.40-2_amd64.deb ...
2025-07-16T05:35:39.6804008Z #7 3.787 Unpacking binutils-x86-64-linux-gnu (2.40-2) ...
2025-07-16T05:35:39.7045794Z #7 3.962 Selecting previously unselected package binutils.
2025-07-16T05:35:39.8962969Z #7 3.964 Preparing to unpack .../14-binutils_2.40-2_amd64.deb ...
2025-07-16T05:35:39.8963560Z #7 3.965 Unpacking binutils (2.40-2) ...
2025-07-16T05:35:39.8964085Z #7 3.984 Selecting previously unselected package libc-dev-bin.
2025-07-16T05:35:39.8964631Z #7 3.985 Preparing to unpack .../15-libc-dev-bin_2.36-9+deb12u10_amd64.deb ...
2025-07-16T05:35:39.8965030Z #7 3.986 Unpacking libc-dev-bin (2.36-9+deb12u10) ...
2025-07-16T05:35:39.8965643Z #7 4.002 Selecting previously unselected package linux-libc-dev:amd64.
2025-07-16T05:35:39.8966067Z #7 4.003 Preparing to unpack .../16-linux-libc-dev_6.1.140-1_amd64.deb ...
2025-07-16T05:35:39.8966439Z #7 4.004 Unpacking linux-libc-dev:amd64 (6.1.140-1) ...
2025-07-16T05:35:39.9379069Z #7 4.196 Selecting previously unselected package libcrypt-dev:amd64.
2025-07-16T05:35:40.1870621Z #7 4.197 Preparing to unpack .../17-libcrypt-dev_1%3a4.4.33-2_amd64.deb ...
2025-07-16T05:35:40.1871281Z #7 4.203 Unpacking libcrypt-dev:amd64 (1:4.4.33-2) ...
2025-07-16T05:35:40.1871685Z #7 4.223 Selecting previously unselected package libtirpc-dev:amd64.
2025-07-16T05:35:40.1872121Z #7 4.224 Preparing to unpack .../18-libtirpc-dev_1.3.3+ds-1_amd64.deb ...
2025-07-16T05:35:40.1872907Z #7 4.225 Unpacking libtirpc-dev:amd64 (1.3.3+ds-1) ...
2025-07-16T05:35:40.1873524Z #7 4.252 Selecting previously unselected package libnsl-dev:amd64.
2025-07-16T05:35:40.1874182Z #7 4.253 Preparing to unpack .../19-libnsl-dev_1.3.0-2_amd64.deb ...
2025-07-16T05:35:40.1874789Z #7 4.253 Unpacking libnsl-dev:amd64 (1.3.0-2) ...
2025-07-16T05:35:40.1875168Z #7 4.271 Selecting previously unselected package rpcsvc-proto.
2025-07-16T05:35:40.1875573Z #7 4.272 Preparing to unpack .../20-rpcsvc-proto_1.4.3-1_amd64.deb ...
2025-07-16T05:35:40.1875915Z #7 4.273 Unpacking rpcsvc-proto (1.4.3-1) ...
2025-07-16T05:35:40.1876238Z #7 4.293 Selecting previously unselected package libc6-dev:amd64.
2025-07-16T05:35:40.1876617Z #7 4.294 Preparing to unpack .../21-libc6-dev_2.36-9+deb12u10_amd64.deb ...
2025-07-16T05:35:40.1876982Z #7 4.294 Unpacking libc6-dev:amd64 (2.36-9+deb12u10) ...
2025-07-16T05:35:40.1950817Z #7 4.453 Selecting previously unselected package libisl23:amd64.
2025-07-16T05:35:40.3084021Z #7 4.454 Preparing to unpack .../22-libisl23_0.25-1.1_amd64.deb ...
2025-07-16T05:35:40.3084629Z #7 4.455 Unpacking libisl23:amd64 (0.25-1.1) ...
2025-07-16T05:35:40.3085187Z #7 4.510 Selecting previously unselected package libmpfr6:amd64.
2025-07-16T05:35:40.3085847Z #7 4.511 Preparing to unpack .../23-libmpfr6_4.2.0-1_amd64.deb ...
2025-07-16T05:35:40.3086386Z #7 4.512 Unpacking libmpfr6:amd64 (4.2.0-1) ...
2025-07-16T05:35:40.3086885Z #7 4.549 Selecting previously unselected package libmpc3:amd64.
2025-07-16T05:35:40.3087288Z #7 4.550 Preparing to unpack .../24-libmpc3_1.3.1-1_amd64.deb ...
2025-07-16T05:35:40.3087628Z #7 4.551 Unpacking libmpc3:amd64 (1.3.1-1) ...
2025-07-16T05:35:40.3087930Z #7 4.566 Selecting previously unselected package cpp-12.
2025-07-16T05:35:40.4607191Z #7 4.567 Preparing to unpack .../25-cpp-12_12.2.0-14+deb12u1_amd64.deb ...
2025-07-16T05:35:40.4607865Z #7 4.568 Unpacking cpp-12 (12.2.0-14+deb12u1) ...
2025-07-16T05:35:40.8338411Z #7 5.092 Selecting previously unselected package cpp.
2025-07-16T05:35:41.0768229Z #7 5.093 Preparing to unpack .../26-cpp_4%3a12.2.0-3_amd64.deb ...
2025-07-16T05:35:41.0768834Z #7 5.094 Unpacking cpp (4:12.2.0-3) ...
2025-07-16T05:35:41.0769189Z #7 5.109 Selecting previously unselected package libcc1-0:amd64.
2025-07-16T05:35:41.0769645Z #7 5.110 Preparing to unpack .../27-libcc1-0_12.2.0-14+deb12u1_amd64.deb ...
2025-07-16T05:35:41.0770020Z #7 5.111 Unpacking libcc1-0:amd64 (12.2.0-14+deb12u1) ...
2025-07-16T05:35:41.0770631Z #7 5.127 Selecting previously unselected package libgomp1:amd64.
2025-07-16T05:35:41.0771014Z #7 5.128 Preparing to unpack .../28-libgomp1_12.2.0-14+deb12u1_amd64.deb ...
2025-07-16T05:35:41.0771369Z #7 5.129 Unpacking libgomp1:amd64 (12.2.0-14+deb12u1) ...
2025-07-16T05:35:41.0771703Z #7 5.151 Selecting previously unselected package libitm1:amd64.
2025-07-16T05:35:41.0772082Z #7 5.152 Preparing to unpack .../29-libitm1_12.2.0-14+deb12u1_amd64.deb ...
2025-07-16T05:35:41.0772721Z #7 5.153 Unpacking libitm1:amd64 (12.2.0-14+deb12u1) ...
2025-07-16T05:35:41.0773086Z #7 5.168 Selecting previously unselected package libatomic1:amd64.
2025-07-16T05:35:41.0773501Z #7 5.169 Preparing to unpack .../30-libatomic1_12.2.0-14+deb12u1_amd64.deb ...
2025-07-16T05:35:41.0773880Z #7 5.170 Unpacking libatomic1:amd64 (12.2.0-14+deb12u1) ...
2025-07-16T05:35:41.0774385Z #7 5.184 Selecting previously unselected package libasan8:amd64.
2025-07-16T05:35:41.0774786Z #7 5.185 Preparing to unpack .../31-libasan8_12.2.0-14+deb12u1_amd64.deb ...
2025-07-16T05:35:41.0775144Z #7 5.186 Unpacking libasan8:amd64 (12.2.0-14+deb12u1) ...
2025-07-16T05:35:41.0775473Z #7 5.334 Selecting previously unselected package liblsan0:amd64.
2025-07-16T05:35:41.3060840Z #7 5.336 Preparing to unpack .../32-liblsan0_12.2.0-14+deb12u1_amd64.deb ...
2025-07-16T05:35:41.3061524Z #7 5.337 Unpacking liblsan0:amd64 (12.2.0-14+deb12u1) ...
2025-07-16T05:35:41.3062086Z #7 5.411 Selecting previously unselected package libtsan2:amd64.
2025-07-16T05:35:41.3063012Z #7 5.413 Preparing to unpack .../33-libtsan2_12.2.0-14+deb12u1_amd64.deb ...
2025-07-16T05:35:41.3063618Z #7 5.414 Unpacking libtsan2:amd64 (12.2.0-14+deb12u1) ...
2025-07-16T05:35:41.3064164Z #7 5.564 Selecting previously unselected package libubsan1:amd64.
2025-07-16T05:35:41.5508474Z #7 5.566 Preparing to unpack .../34-libubsan1_12.2.0-14+deb12u1_amd64.deb ...
2025-07-16T05:35:41.5509006Z #7 5.566 Unpacking libubsan1:amd64 (12.2.0-14+deb12u1) ...
2025-07-16T05:35:41.5509392Z #7 5.636 Selecting previously unselected package libquadmath0:amd64.
2025-07-16T05:35:41.5509865Z #7 5.637 Preparing to unpack .../35-libquadmath0_12.2.0-14+deb12u1_amd64.deb ...
2025-07-16T05:35:41.5510255Z #7 5.638 Unpacking libquadmath0:amd64 (12.2.0-14+deb12u1) ...
2025-07-16T05:35:41.5510628Z #7 5.660 Selecting previously unselected package libgcc-12-dev:amd64.
2025-07-16T05:35:41.5511040Z #7 5.661 Preparing to unpack .../36-libgcc-12-dev_12.2.0-14+deb12u1_amd64.deb ...
2025-07-16T05:35:41.5511430Z #7 5.662 Unpacking libgcc-12-dev:amd64 (12.2.0-14+deb12u1) ...
2025-07-16T05:35:41.5511786Z #7 5.808 Selecting previously unselected package gcc-12.
2025-07-16T05:35:41.7036175Z #7 5.810 Preparing to unpack .../37-gcc-12_12.2.0-14+deb12u1_amd64.deb ...
2025-07-16T05:35:41.7037123Z #7 5.811 Unpacking gcc-12 (12.2.0-14+deb12u1) ...
2025-07-16T05:35:42.1718827Z #7 6.430 Selecting previously unselected package gcc.
2025-07-16T05:35:42.3438752Z #7 6.431 Preparing to unpack .../38-gcc_4%3a12.2.0-3_amd64.deb ...
2025-07-16T05:35:42.3439386Z #7 6.432 Unpacking gcc (4:12.2.0-3) ...
2025-07-16T05:35:42.3439970Z #7 6.449 Selecting previously unselected package libstdc++-12-dev:amd64.
2025-07-16T05:35:42.3440752Z #7 6.450 Preparing to unpack .../39-libstdc++-12-dev_12.2.0-14+deb12u1_amd64.deb ...
2025-07-16T05:35:42.3441448Z #7 6.451 Unpacking libstdc++-12-dev:amd64 (12.2.0-14+deb12u1) ...
2025-07-16T05:35:42.3817296Z #7 6.640 Selecting previously unselected package g++-12.
2025-07-16T05:35:42.5352833Z #7 6.641 Preparing to unpack .../40-g++-12_12.2.0-14+deb12u1_amd64.deb ...
2025-07-16T05:35:42.5353373Z #7 6.642 Unpacking g++-12 (12.2.0-14+deb12u1) ...
2025-07-16T05:35:42.8893165Z #7 7.147 Selecting previously unselected package g++.
2025-07-16T05:35:42.9977494Z #7 7.149 Preparing to unpack .../41-g++_4%3a12.2.0-3_amd64.deb ...
2025-07-16T05:35:42.9978631Z #7 7.150 Unpacking g++ (4:12.2.0-3) ...
2025-07-16T05:35:42.9979154Z #7 7.162 Selecting previously unselected package make.
2025-07-16T05:35:42.9979694Z #7 7.163 Preparing to unpack .../42-make_4.3-4.1_amd64.deb ...
2025-07-16T05:35:42.9980461Z #7 7.164 Unpacking make (4.3-4.1) ...
2025-07-16T05:35:42.9980943Z #7 7.201 Selecting previously unselected package libdpkg-perl.
2025-07-16T05:35:42.9981563Z #7 7.202 Preparing to unpack .../43-libdpkg-perl_1.21.22_all.deb ...
2025-07-16T05:35:42.9982111Z #7 7.203 Unpacking libdpkg-perl (1.21.22) ...
2025-07-16T05:35:42.9982758Z #7 7.256 Selecting previously unselected package patch.
2025-07-16T05:35:43.1045143Z #7 7.257 Preparing to unpack .../44-patch_2.7.6-7_amd64.deb ...
2025-07-16T05:35:43.1045524Z #7 7.258 Unpacking patch (2.7.6-7) ...
2025-07-16T05:35:43.1045860Z #7 7.278 Selecting previously unselected package dpkg-dev.
2025-07-16T05:35:43.1046229Z #7 7.279 Preparing to unpack .../45-dpkg-dev_1.21.22_all.deb ...
2025-07-16T05:35:43.1046540Z #7 7.280 Unpacking dpkg-dev (1.21.22) ...
2025-07-16T05:35:43.1047111Z #7 7.362 Selecting previously unselected package build-essential.
2025-07-16T05:35:43.2176152Z #7 7.364 Preparing to unpack .../46-build-essential_12.9_amd64.deb ...
2025-07-16T05:35:43.2176614Z #7 7.364 Unpacking build-essential (12.9) ...
2025-07-16T05:35:43.2176975Z #7 7.379 Selecting previously unselected package libbrotli1:amd64.
2025-07-16T05:35:43.2177389Z #7 7.380 Preparing to unpack .../47-libbrotli1_1.0.9-2+b6_amd64.deb ...
2025-07-16T05:35:43.2177757Z #7 7.381 Unpacking libbrotli1:amd64 (1.0.9-2+b6) ...
2025-07-16T05:35:43.2178130Z #7 7.410 Selecting previously unselected package libsasl2-modules-db:amd64.
2025-07-16T05:35:43.2178588Z #7 7.411 Preparing to unpack .../48-libsasl2-modules-db_2.1.28+dfsg-10_amd64.deb ...
2025-07-16T05:35:43.2179008Z #7 7.412 Unpacking libsasl2-modules-db:amd64 (2.1.28+dfsg-10) ...
2025-07-16T05:35:43.2179383Z #7 7.427 Selecting previously unselected package libsasl2-2:amd64.
2025-07-16T05:35:43.2179789Z #7 7.428 Preparing to unpack .../49-libsasl2-2_2.1.28+dfsg-10_amd64.deb ...
2025-07-16T05:35:43.2180156Z #7 7.429 Unpacking libsasl2-2:amd64 (2.1.28+dfsg-10) ...
2025-07-16T05:35:43.2180506Z #7 7.447 Selecting previously unselected package libldap-2.5-0:amd64.
2025-07-16T05:35:43.2180928Z #7 7.448 Preparing to unpack .../50-libldap-2.5-0_2.5.13+dfsg-5_amd64.deb ...
2025-07-16T05:35:43.2181315Z #7 7.449 Unpacking libldap-2.5-0:amd64 (2.5.13+dfsg-5) ...
2025-07-16T05:35:43.2181683Z #7 7.475 Selecting previously unselected package libnghttp2-14:amd64.
2025-07-16T05:35:43.3363356Z #7 7.477 Preparing to unpack .../51-libnghttp2-14_1.52.0-1+deb12u2_amd64.deb ...
2025-07-16T05:35:43.3364348Z #7 7.477 Unpacking libnghttp2-14:amd64 (1.52.0-1+deb12u2) ...
2025-07-16T05:35:43.3364960Z #7 7.496 Selecting previously unselected package libpsl5:amd64.
2025-07-16T05:35:43.3365567Z #7 7.497 Preparing to unpack .../52-libpsl5_0.21.2-1_amd64.deb ...
2025-07-16T05:35:43.3366098Z #7 7.498 Unpacking libpsl5:amd64 (0.21.2-1) ...
2025-07-16T05:35:43.3366658Z #7 7.515 Selecting previously unselected package librtmp1:amd64.
2025-07-16T05:35:43.3367362Z #7 7.516 Preparing to unpack .../53-librtmp1_2.4+20151223.gitfa8646d.1-2+b2_amd64.deb ...
2025-07-16T05:35:43.3368074Z #7 7.517 Unpacking librtmp1:amd64 (2.4+20151223.gitfa8646d.1-2+b2) ...
2025-07-16T05:35:43.3368702Z #7 7.535 Selecting previously unselected package libssh2-1:amd64.
2025-07-16T05:35:43.3369333Z #7 7.536 Preparing to unpack .../54-libssh2-1_1.10.0-3+b1_amd64.deb ...
2025-07-16T05:35:43.3369885Z #7 7.536 Unpacking libssh2-1:amd64 (1.10.0-3+b1) ...
2025-07-16T05:35:43.3370430Z #7 7.560 Selecting previously unselected package libcurl4:amd64.
2025-07-16T05:35:43.3371075Z #7 7.561 Preparing to unpack .../55-libcurl4_7.88.1-10+deb12u12_amd64.deb ...
2025-07-16T05:35:43.3371686Z #7 7.562 Unpacking libcurl4:amd64 (7.88.1-10+deb12u12) ...
2025-07-16T05:35:43.3372214Z #7 7.594 Selecting previously unselected package curl.
2025-07-16T05:35:43.4411097Z #7 7.596 Preparing to unpack .../56-curl_7.88.1-10+deb12u12_amd64.deb ...
2025-07-16T05:35:43.4411697Z #7 7.597 Unpacking curl (7.88.1-10+deb12u12) ...
2025-07-16T05:35:43.4412090Z #7 7.625 Selecting previously unselected package libcurl3-gnutls:amd64.
2025-07-16T05:35:43.4413021Z #7 7.627 Preparing to unpack .../57-libcurl3-gnutls_7.88.1-10+deb12u12_amd64.deb ...
2025-07-16T05:35:43.4413462Z #7 7.628 Unpacking libcurl3-gnutls:amd64 (7.88.1-10+deb12u12) ...
2025-07-16T05:35:43.4413858Z #7 7.660 Selecting previously unselected package libexpat1:amd64.
2025-07-16T05:35:43.4414251Z #7 7.661 Preparing to unpack .../58-libexpat1_2.5.0-1+deb12u1_amd64.deb ...
2025-07-16T05:35:43.4414612Z #7 7.662 Unpacking libexpat1:amd64 (2.5.0-1+deb12u1) ...
2025-07-16T05:35:43.4414958Z #7 7.681 Selecting previously unselected package liberror-perl.
2025-07-16T05:35:43.4415339Z #7 7.683 Preparing to unpack .../59-liberror-perl_0.17029-2_all.deb ...
2025-07-16T05:35:43.4415672Z #7 7.683 Unpacking liberror-perl (0.17029-2) ...
2025-07-16T05:35:43.4415979Z #7 7.699 Selecting previously unselected package git-man.
2025-07-16T05:35:43.6821057Z #7 7.700 Preparing to unpack .../60-git-man_1%3a2.39.5-0+deb12u2_all.deb ...
2025-07-16T05:35:43.6821749Z #7 7.701 Unpacking git-man (1:2.39.5-0+deb12u2) ...
2025-07-16T05:35:43.6822483Z #7 7.783 Selecting previously unselected package git.
2025-07-16T05:35:43.6823120Z #7 7.784 Preparing to unpack .../61-git_1%3a2.39.5-0+deb12u2_amd64.deb ...
2025-07-16T05:35:43.6823707Z #7 7.789 Unpacking git (1:2.39.5-0+deb12u2) ...
2025-07-16T05:35:43.8381864Z #7 8.096 Setting up libexpat1:amd64 (2.5.0-1+deb12u1) ...
2025-07-16T05:35:43.9394166Z #7 8.098 Setting up libpsl5:amd64 (0.21.2-1) ...
2025-07-16T05:35:43.9394874Z #7 8.100 Setting up libbrotli1:amd64 (1.0.9-2+b6) ...
2025-07-16T05:35:43.9395393Z #7 8.102 Setting up binutils-common:amd64 (2.40-2) ...
2025-07-16T05:35:43.9395948Z #7 8.105 Setting up libnghttp2-14:amd64 (1.52.0-1+deb12u2) ...
2025-07-16T05:35:43.9396492Z #7 8.107 Setting up linux-libc-dev:amd64 (6.1.140-1) ...
2025-07-16T05:35:43.9397005Z #7 8.109 Setting up libctf-nobfd0:amd64 (2.40-2) ...
2025-07-16T05:35:43.9397570Z #7 8.111 Setting up libgomp1:amd64 (12.2.0-14+deb12u1) ...
2025-07-16T05:35:43.9397867Z #7 8.113 Setting up bzip2 (1.0.8-5+b1) ...
2025-07-16T05:35:43.9398154Z #7 8.116 Setting up libjansson4:amd64 (2.14-2) ...
2025-07-16T05:35:43.9398683Z #7 8.118 Setting up libsasl2-modules-db:amd64 (2.1.28+dfsg-10) ...
2025-07-16T05:35:43.9399076Z #7 8.120 Setting up perl-modules-5.36 (5.36.0-7+deb12u2) ...
2025-07-16T05:35:43.9399679Z #7 8.122 Setting up libtirpc-dev:amd64 (1.3.3+ds-1) ...
2025-07-16T05:35:43.9400195Z #7 8.124 Setting up rpcsvc-proto (1.4.3-1) ...
2025-07-16T05:35:43.9400460Z #7 8.126 Setting up make (4.3-4.1) ...
2025-07-16T05:35:43.9400717Z #7 8.128 Setting up libmpfr6:amd64 (4.2.0-1) ...
2025-07-16T05:35:43.9401110Z #7 8.130 Setting up librtmp1:amd64 (2.4+20151223.gitfa8646d.1-2+b2) ...
2025-07-16T05:35:43.9401631Z #7 8.132 Setting up xz-utils (5.4.1-1) ...
2025-07-16T05:35:43.9402038Z #7 8.136 update-alternatives: using /usr/bin/xz to provide /usr/bin/lzma (lzma) in auto mode
2025-07-16T05:35:43.9403394Z #7 8.137 update-alternatives: warning: skip creation of /usr/share/man/man1/lzma.1.gz because associated file /usr/share/man/man1/xz.1.gz (of link group lzma) doesn't exist
2025-07-16T05:35:43.9404984Z #7 8.137 update-alternatives: warning: skip creation of /usr/share/man/man1/unlzma.1.gz because associated file /usr/share/man/man1/unxz.1.gz (of link group lzma) doesn't exist
2025-07-16T05:35:43.9406486Z #7 8.137 update-alternatives: warning: skip creation of /usr/share/man/man1/lzcat.1.gz because associated file /usr/share/man/man1/xzcat.1.gz (of link group lzma) doesn't exist
2025-07-16T05:35:43.9407773Z #7 8.137 update-alternatives: warning: skip creation of /usr/share/man/man1/lzmore.1.gz because associated file /usr/share/man/man1/xzmore.1.gz (of link group lzma) doesn't exist
2025-07-16T05:35:43.9409062Z #7 8.137 update-alternatives: warning: skip creation of /usr/share/man/man1/lzless.1.gz because associated file /usr/share/man/man1/xzless.1.gz (of link group lzma) doesn't exist
2025-07-16T05:35:43.9410477Z #7 8.138 update-alternatives: warning: skip creation of /usr/share/man/man1/lzdiff.1.gz because associated file /usr/share/man/man1/xzdiff.1.gz (of link group lzma) doesn't exist
2025-07-16T05:35:43.9412462Z #7 8.138 update-alternatives: warning: skip creation of /usr/share/man/man1/lzcmp.1.gz because associated file /usr/share/man/man1/xzcmp.1.gz (of link group lzma) doesn't exist
2025-07-16T05:35:43.9413981Z #7 8.138 update-alternatives: warning: skip creation of /usr/share/man/man1/lzgrep.1.gz because associated file /usr/share/man/man1/xzgrep.1.gz (of link group lzma) doesn't exist
2025-07-16T05:35:43.9415279Z #7 8.138 update-alternatives: warning: skip creation of /usr/share/man/man1/lzegrep.1.gz because associated file /usr/share/man/man1/xzegrep.1.gz (of link group lzma) doesn't exist
2025-07-16T05:35:43.9417624Z #7 8.138 update-alternatives: warning: skip creation of /usr/share/man/man1/lzfgrep.1.gz because associated file /usr/share/man/man1/xzfgrep.1.gz (of link group lzma) doesn't exist
2025-07-16T05:35:43.9418828Z #7 8.141 Setting up libquadmath0:amd64 (12.2.0-14+deb12u1) ...
2025-07-16T05:35:43.9419397Z #7 8.143 Setting up libmpc3:amd64 (1.3.1-1) ...
2025-07-16T05:35:43.9419723Z #7 8.146 Setting up libatomic1:amd64 (12.2.0-14+deb12u1) ...
2025-07-16T05:35:43.9420112Z #7 8.148 Setting up patch (2.7.6-7) ...
2025-07-16T05:35:43.9420590Z #7 8.150 Setting up libgdbm-compat4:amd64 (1.23-3) ...
2025-07-16T05:35:43.9421139Z #7 8.152 Setting up libsasl2-2:amd64 (2.1.28+dfsg-10) ...
2025-07-16T05:35:43.9421569Z #7 8.154 Setting up libubsan1:amd64 (12.2.0-14+deb12u1) ...
2025-07-16T05:35:43.9421984Z #7 8.156 Setting up nano (7.2-1+deb12u1) ...
2025-07-16T05:35:43.9422673Z #7 8.160 update-alternatives: using /bin/nano to provide /usr/bin/editor (editor) in auto mode
2025-07-16T05:35:43.9424180Z #7 8.160 update-alternatives: warning: skip creation of /usr/share/man/man1/editor.1.gz because associated file /usr/share/man/man1/nano.1.gz (of link group editor) doesn't exist
2025-07-16T05:35:43.9425298Z #7 8.162 update-alternatives: using /bin/nano to provide /usr/bin/pico (pico) in auto mode
2025-07-16T05:35:43.9426211Z #7 8.162 update-alternatives: warning: skip creation of /usr/share/man/man1/pico.1.gz because associated file /usr/share/man/man1/nano.1.gz (of link group pico) doesn't exist
2025-07-16T05:35:43.9427241Z #7 8.164 Setting up libnsl-dev:amd64 (1.3.0-2) ...
2025-07-16T05:35:43.9427785Z #7 8.166 Setting up libcrypt-dev:amd64 (1:4.4.33-2) ...
2025-07-16T05:35:43.9428327Z #7 8.172 Setting up libasan8:amd64 (12.2.0-14+deb12u1) ...
2025-07-16T05:35:43.9428640Z #7 8.174 Setting up git-man (1:2.39.5-0+deb12u2) ...
2025-07-16T05:35:43.9429247Z #7 8.176 Setting up libssh2-1:amd64 (1.10.0-3+b1) ...
2025-07-16T05:35:43.9429905Z #7 8.178 Setting up libtsan2:amd64 (12.2.0-14+deb12u1) ...
2025-07-16T05:35:43.9430409Z #7 8.180 Setting up libbinutils:amd64 (2.40-2) ...
2025-07-16T05:35:43.9430907Z #7 8.182 Setting up libisl23:amd64 (0.25-1.1) ...
2025-07-16T05:35:43.9431411Z #7 8.184 Setting up libc-dev-bin (2.36-9+deb12u10) ...
2025-07-16T05:35:43.9431950Z #7 8.187 Setting up libcc1-0:amd64 (12.2.0-14+deb12u1) ...
2025-07-16T05:35:43.9432725Z #7 8.189 Setting up libperl5.36:amd64 (5.36.0-7+deb12u2) ...
2025-07-16T05:35:43.9433309Z #7 8.191 Setting up liblsan0:amd64 (12.2.0-14+deb12u1) ...
2025-07-16T05:35:43.9433852Z #7 8.193 Setting up libitm1:amd64 (12.2.0-14+deb12u1) ...
2025-07-16T05:35:43.9434393Z #7 8.195 Setting up libctf0:amd64 (2.40-2) ...
2025-07-16T05:35:43.9434778Z #7 8.197 Setting up cpp-12 (12.2.0-14+deb12u1) ...
2025-07-16T05:35:44.1685020Z #7 8.200 Setting up libldap-2.5-0:amd64 (2.5.13+dfsg-5) ...
2025-07-16T05:35:44.1685625Z #7 8.202 Setting up perl (5.36.0-7+deb12u2) ...
2025-07-16T05:35:44.1686113Z #7 8.211 Setting up libgprofng0:amd64 (2.40-2) ...
2025-07-16T05:35:44.1686659Z #7 8.213 Setting up libgcc-12-dev:amd64 (12.2.0-14+deb12u1) ...
2025-07-16T05:35:44.1687201Z #7 8.215 Setting up libdpkg-perl (1.21.22) ...
2025-07-16T05:35:44.1687687Z #7 8.217 Setting up cpp (4:12.2.0-3) ...
2025-07-16T05:35:44.1688179Z #7 8.224 Setting up libcurl4:amd64 (7.88.1-10+deb12u12) ...
2025-07-16T05:35:44.1689036Z #7 8.226 Setting up libc6-dev:amd64 (2.36-9+deb12u10) ...
2025-07-16T05:35:44.1689543Z #7 8.228 Setting up curl (7.88.1-10+deb12u12) ...
2025-07-16T05:35:44.1690088Z #7 8.230 Setting up binutils-x86-64-linux-gnu (2.40-2) ...
2025-07-16T05:35:44.1690693Z #7 8.232 Setting up libstdc++-12-dev:amd64 (12.2.0-14+deb12u1) ...
2025-07-16T05:35:44.1691321Z #7 8.235 Setting up libcurl3-gnutls:amd64 (7.88.1-10+deb12u12) ...
2025-07-16T05:35:44.1691848Z #7 8.237 Setting up binutils (2.40-2) ...
2025-07-16T05:35:44.1692462Z #7 8.239 Setting up dpkg-dev (1.21.22) ...
2025-07-16T05:35:44.1692947Z #7 8.244 Setting up liberror-perl (0.17029-2) ...
2025-07-16T05:35:44.1693420Z #7 8.247 Setting up gcc-12 (12.2.0-14+deb12u1) ...
2025-07-16T05:35:44.1693887Z #7 8.249 Setting up git (1:2.39.5-0+deb12u2) ...
2025-07-16T05:35:44.1694554Z #7 8.256 Setting up g++-12 (12.2.0-14+deb12u1) ...
2025-07-16T05:35:44.1695014Z #7 8.259 Setting up gcc (4:12.2.0-3) ...
2025-07-16T05:35:44.1695427Z #7 8.268 Setting up g++ (4:12.2.0-3) ...
2025-07-16T05:35:44.1696081Z #7 8.272 update-alternatives: using /usr/bin/g++ to provide /usr/bin/c++ (c++) in auto mode
2025-07-16T05:35:44.1696770Z #7 8.274 Setting up build-essential (12.9) ...
2025-07-16T05:35:44.1697305Z #7 8.276 Processing triggers for libc-bin (2.36-9+deb12u10) ...
2025-07-16T05:35:44.5993466Z #7 DONE 8.9s
2025-07-16T05:35:44.8123723Z 
2025-07-16T05:35:44.8124118Z #8 [3/6] WORKDIR /app
2025-07-16T05:35:44.8124499Z #8 DONE 0.1s
2025-07-16T05:35:44.8124614Z 
2025-07-16T05:35:44.8124687Z #9 [4/6] COPY . .
2025-07-16T05:35:45.2483753Z #9 DONE 0.6s
2025-07-16T05:35:45.3993966Z 
2025-07-16T05:35:45.3994206Z #10 [5/6] RUN pip install --upgrade pip
2025-07-16T05:35:46.4650125Z #10 1.217 Requirement already satisfied: pip in /usr/local/lib/python3.10/site-packages (23.0.1)
2025-07-16T05:35:46.5679006Z #10 1.320 Collecting pip
2025-07-16T05:35:46.6900746Z #10 1.351   Downloading pip-25.1.1-py3-none-any.whl (1.8 MB)
2025-07-16T05:35:46.6902973Z #10 1.399      ━━━━━━━━━━━━━━━━━━━━━━━━━━━━━━━━━━━━━━━━ 1.8/1.8 MB 40.3 MB/s eta 0:00:00
2025-07-16T05:35:46.6903611Z #10 1.442 Installing collected packages: pip
2025-07-16T05:35:46.8416574Z #10 1.443   Attempting uninstall: pip
2025-07-16T05:35:46.8417059Z #10 1.443     Found existing installation: pip 23.0.1
2025-07-16T05:35:46.8693629Z #10 1.621     Uninstalling pip-23.0.1:
2025-07-16T05:35:47.0294362Z #10 1.631       Successfully uninstalled pip-23.0.1
2025-07-16T05:35:47.6595864Z #10 2.412 Successfully installed pip-25.1.1
2025-07-16T05:35:47.8103272Z #10 2.412 WARNING: Running pip as the 'root' user can result in broken permissions and conflicting behaviour with the system package manager. It is recommended to use a virtual environment instead: https://pip.pypa.io/warnings/venv
2025-07-16T05:35:47.8324846Z #10 DONE 2.6s
2025-07-16T05:35:47.9836964Z 
2025-07-16T05:35:47.9837516Z #11 [6/6] RUN pip install --no-cache-dir -r requirements.txt
2025-07-16T05:35:48.6646343Z #11 0.831 Collecting Flask==3.1.0 (from -r requirements.txt (line 1))
2025-07-16T05:35:48.7653324Z #11 0.864   Downloading flask-3.1.0-py3-none-any.whl.metadata (2.7 kB)
2025-07-16T05:35:48.7655549Z #11 0.875 Collecting Flask-PyMongo==3.0.1 (from -r requirements.txt (line 2))
2025-07-16T05:35:48.7656423Z #11 0.880   Downloading flask_pymongo-3.0.1-py3-none-any.whl.metadata (3.5 kB)
2025-07-16T05:35:48.7657234Z #11 0.921 Collecting pytest==8.2.1 (from -r requirements.txt (line 3))
2025-07-16T05:35:48.7657998Z #11 0.923   Downloading pytest-8.2.1-py3-none-any.whl.metadata (7.6 kB)
2025-07-16T05:35:48.7658742Z #11 0.932 Collecting blinker==1.9.0 (from -r requirements.txt (line 4))
2025-07-16T05:35:48.8767384Z #11 0.935   Downloading blinker-1.9.0-py3-none-any.whl.metadata (1.6 kB)
2025-07-16T05:35:48.8768548Z #11 0.948 Collecting certifi==2025.7.14 (from -r requirements.txt (line 5))
2025-07-16T05:35:48.8769505Z #11 0.951   Downloading certifi-2025.7.14-py3-none-any.whl.metadata (2.4 kB)
2025-07-16T05:35:48.8770176Z #11 1.026 Collecting charset-normalizer==3.4.2 (from -r requirements.txt (line 6))
2025-07-16T05:35:48.8771077Z #11 1.029   Downloading charset_normalizer-3.4.2-cp310-cp310-manylinux_2_17_x86_64.manylinux2014_x86_64.whl.metadata (35 kB)
2025-07-16T05:35:48.8771657Z #11 1.044 Collecting click==8.2.1 (from -r requirements.txt (line 7))
2025-07-16T05:35:48.9807449Z #11 1.047   Downloading click-8.2.1-py3-none-any.whl.metadata (2.5 kB)
2025-07-16T05:35:48.9808404Z #11 1.055 Collecting dnspython==2.7.0 (from -r requirements.txt (line 8))
2025-07-16T05:35:48.9809087Z #11 1.058   Downloading dnspython-2.7.0-py3-none-any.whl.metadata (5.8 kB)
2025-07-16T05:35:48.9809638Z #11 1.070 Collecting idna==3.10 (from -r requirements.txt (line 9))
2025-07-16T05:35:48.9810128Z #11 1.076   Downloading idna-3.10-py3-none-any.whl.metadata (10 kB)
2025-07-16T05:35:48.9810635Z #11 1.084 Collecting itsdangerous==2.2.0 (from -r requirements.txt (line 10))
2025-07-16T05:35:48.9811454Z #11 1.087   Downloading itsdangerous-2.2.0-py3-none-any.whl.metadata (1.9 kB)
2025-07-16T05:35:48.9811897Z #11 1.097 Collecting Jinja2==3.1.6 (from -r requirements.txt (line 11))
2025-07-16T05:35:48.9812478Z #11 1.100   Downloading jinja2-3.1.6-py3-none-any.whl.metadata (2.9 kB)
2025-07-16T05:35:48.9812887Z #11 1.148 Collecting MarkupSafe==3.0.2 (from -r requirements.txt (line 12))
2025-07-16T05:35:49.1486105Z #11 1.153   Downloading MarkupSafe-3.0.2-cp310-cp310-manylinux_2_17_x86_64.manylinux2014_x86_64.whl.metadata (4.0 kB)
2025-07-16T05:35:49.1486728Z #11 1.162 Collecting paho-mqtt==2.1.0 (from -r requirements.txt (line 13))
2025-07-16T05:35:49.1487174Z #11 1.165   Downloading paho_mqtt-2.1.0-py3-none-any.whl.metadata (23 kB)
2025-07-16T05:35:49.2955060Z #11 1.462 Collecting pymongo==4.13.2 (from -r requirements.txt (line 14))
2025-07-16T05:35:49.3985303Z #11 1.465   Downloading pymongo-4.13.2-cp310-cp310-manylinux_2_17_x86_64.manylinux2014_x86_64.whl.metadata (22 kB)
2025-07-16T05:35:49.3986515Z #11 1.482 Collecting python-dotenv==1.1.1 (from -r requirements.txt (line 15))
2025-07-16T05:35:49.3987249Z #11 1.485   Downloading python_dotenv-1.1.1-py3-none-any.whl.metadata (24 kB)
2025-07-16T05:35:49.3987841Z #11 1.538 Collecting requests==2.32.4 (from -r requirements.txt (line 16))
2025-07-16T05:35:49.3988383Z #11 1.542   Downloading requests-2.32.4-py3-none-any.whl.metadata (4.9 kB)
2025-07-16T05:35:49.3988884Z #11 1.562 Collecting urllib3==2.5.0 (from -r requirements.txt (line 17))
2025-07-16T05:35:49.3989299Z #11 1.565   Downloading urllib3-2.5.0-py3-none-any.whl.metadata (6.5 kB)
2025-07-16T05:35:49.5083406Z #11 1.585 Collecting Werkzeug==3.1.3 (from -r requirements.txt (line 18))
2025-07-16T05:35:49.5084525Z #11 1.590   Downloading werkzeug-3.1.3-py3-none-any.whl.metadata (3.7 kB)
2025-07-16T05:35:49.5085575Z #11 1.607 Collecting autodevops-cli==0.1.1 (from -r requirements.txt (line 19))
2025-07-16T05:35:49.5086280Z #11 1.611   Downloading autodevops_cli-0.1.1-py3-none-any.whl.metadata (494 bytes)
2025-07-16T05:35:49.5086896Z #11 1.616 Collecting iniconfig==2.1.0 (from -r requirements.txt (line 20))
2025-07-16T05:35:49.5087454Z #11 1.620   Downloading iniconfig-2.1.0-py3-none-any.whl.metadata (2.7 kB)
2025-07-16T05:35:49.5087996Z #11 1.628 Collecting loguru==0.7.3 (from -r requirements.txt (line 21))
2025-07-16T05:35:49.5088505Z #11 1.633   Downloading loguru-0.7.3-py3-none-any.whl.metadata (22 kB)
2025-07-16T05:35:49.5089059Z #11 1.650 Collecting markdown-it-py==3.0.0 (from -r requirements.txt (line 22))
2025-07-16T05:35:49.5089616Z #11 1.653   Downloading markdown_it_py-3.0.0-py3-none-any.whl.metadata (6.9 kB)
2025-07-16T05:35:49.5090134Z #11 1.662 Collecting mdurl==0.1.2 (from -r requirements.txt (line 23))
2025-07-16T05:35:49.5090717Z #11 1.665   Downloading mdurl-0.1.2-py3-none-any.whl.metadata (1.6 kB)
2025-07-16T05:35:49.5091180Z #11 1.675 Collecting mongomock==4.3.0 (from -r requirements.txt (line 24))
2025-07-16T05:35:49.6265127Z #11 1.679   Downloading mongomock-4.3.0-py2.py3-none-any.whl.metadata (12 kB)
2025-07-16T05:35:49.6266782Z #11 1.691 Collecting packaging==25.0 (from -r requirements.txt (line 25))
2025-07-16T05:35:49.6267933Z #11 1.696   Downloading packaging-25.0-py3-none-any.whl.metadata (3.3 kB)
2025-07-16T05:35:49.6268746Z #11 1.703 Collecting pluggy==1.6.0 (from -r requirements.txt (line 26))
2025-07-16T05:35:49.6269539Z #11 1.708   Downloading pluggy-1.6.0-py3-none-any.whl.metadata (4.8 kB)
2025-07-16T05:35:49.6270314Z #11 1.722 Collecting Pygments==2.19.2 (from -r requirements.txt (line 27))
2025-07-16T05:35:49.6271107Z #11 1.725   Downloading pygments-2.19.2-py3-none-any.whl.metadata (2.5 kB)
2025-07-16T05:35:49.6271892Z #11 1.757 Collecting pytz==2025.2 (from -r requirements.txt (line 28))
2025-07-16T05:35:49.6272824Z #11 1.760   Downloading pytz-2025.2-py2.py3-none-any.whl.metadata (22 kB)
2025-07-16T05:35:49.6273258Z #11 1.793 Collecting rich==14.0.0 (from -r requirements.txt (line 29))
2025-07-16T05:35:49.7956414Z #11 1.796   Downloading rich-14.0.0-py3-none-any.whl.metadata (18 kB)
2025-07-16T05:35:49.7956935Z #11 1.803 Collecting sentinels==1.0.0 (from -r requirements.txt (line 30))
2025-07-16T05:35:49.7957342Z #11 1.806   Downloading sentinels-1.0.0.tar.gz (4.1 kB)
2025-07-16T05:35:49.7957686Z #11 1.812   Preparing metadata (setup.py): started
2025-07-16T05:35:50.2600264Z #11 2.427   Preparing metadata (setup.py): finished with status 'done'
2025-07-16T05:35:50.3972637Z #11 2.437 Collecting sh==2.2.2 (from -r requirements.txt (line 31))
2025-07-16T05:35:50.3973551Z #11 2.441   Downloading sh-2.2.2-py3-none-any.whl.metadata (3.7 kB)
2025-07-16T05:35:50.3974373Z #11 2.475 Collecting exceptiongroup>=1.0.0rc8 (from pytest==8.2.1->-r requirements.txt (line 3))
2025-07-16T05:35:50.3975244Z #11 2.477   Downloading exceptiongroup-1.3.0-py3-none-any.whl.metadata (6.7 kB)
2025-07-16T05:35:50.3976027Z #11 2.489 Collecting tomli>=1 (from pytest==8.2.1->-r requirements.txt (line 3))
2025-07-16T05:35:50.3976726Z #11 2.499   Downloading tomli-2.2.1-py3-none-any.whl.metadata (10 kB)
2025-07-16T05:35:50.3977397Z #11 2.564 Collecting typing-extensions<5.0,>=4.0.0 (from rich==14.0.0->-r requirements.txt (line 29))
2025-07-16T05:35:50.4994811Z #11 2.567   Downloading typing_extensions-4.14.1-py3-none-any.whl.metadata (3.0 kB)
2025-07-16T05:35:50.4995641Z #11 2.581 Downloading flask-3.1.0-py3-none-any.whl (102 kB)
2025-07-16T05:35:50.4996332Z #11 2.586 Downloading flask_pymongo-3.0.1-py3-none-any.whl (11 kB)
2025-07-16T05:35:50.4997012Z #11 2.589 Downloading pytest-8.2.1-py3-none-any.whl (339 kB)
2025-07-16T05:35:50.4997642Z #11 2.597 Downloading pluggy-1.6.0-py3-none-any.whl (20 kB)
2025-07-16T05:35:50.4998276Z #11 2.600 Downloading blinker-1.9.0-py3-none-any.whl (8.5 kB)
2025-07-16T05:35:50.4998960Z #11 2.603 Downloading certifi-2025.7.14-py3-none-any.whl (162 kB)
2025-07-16T05:35:50.4999950Z #11 2.607 Downloading charset_normalizer-3.4.2-cp310-cp310-manylinux_2_17_x86_64.manylinux2014_x86_64.whl (149 kB)
2025-07-16T05:35:50.5000901Z #11 2.611 Downloading click-8.2.1-py3-none-any.whl (102 kB)
2025-07-16T05:35:50.5001554Z #11 2.617 Downloading dnspython-2.7.0-py3-none-any.whl (313 kB)
2025-07-16T05:35:50.5002192Z #11 2.624 Downloading idna-3.10-py3-none-any.whl (70 kB)
2025-07-16T05:35:50.5003077Z #11 2.627 Downloading itsdangerous-2.2.0-py3-none-any.whl (16 kB)
2025-07-16T05:35:50.5003761Z #11 2.631 Downloading jinja2-3.1.6-py3-none-any.whl (134 kB)
2025-07-16T05:35:50.5004685Z #11 2.635 Downloading MarkupSafe-3.0.2-cp310-cp310-manylinux_2_17_x86_64.manylinux2014_x86_64.whl (20 kB)
2025-07-16T05:35:50.5005286Z #11 2.638 Downloading paho_mqtt-2.1.0-py3-none-any.whl (67 kB)
2025-07-16T05:35:50.5005786Z #11 2.655 Downloading pymongo-4.13.2-cp310-cp310-manylinux_2_17_x86_64.manylinux2014_x86_64.whl (1.2 MB)
2025-07-16T05:35:50.7481437Z #11 2.666    ━━━━━━━━━━━━━━━━━━━━━━━━━━━━━━━━━━━━━━━━ 1.2/1.2 MB 145.7 MB/s eta 0:00:00
2025-07-16T05:35:50.7482172Z #11 2.670 Downloading python_dotenv-1.1.1-py3-none-any.whl (20 kB)
2025-07-16T05:35:50.7483143Z #11 2.672 Downloading requests-2.32.4-py3-none-any.whl (64 kB)
2025-07-16T05:35:50.7483855Z #11 2.675 Downloading urllib3-2.5.0-py3-none-any.whl (129 kB)
2025-07-16T05:35:50.7484496Z #11 2.678 Downloading werkzeug-3.1.3-py3-none-any.whl (224 kB)
2025-07-16T05:35:50.7485527Z #11 2.683 Downloading autodevops_cli-0.1.1-py3-none-any.whl (4.1 kB)
2025-07-16T05:35:50.7486230Z #11 2.686 Downloading iniconfig-2.1.0-py3-none-any.whl (6.0 kB)
2025-07-16T05:35:50.7486896Z #11 2.688 Downloading loguru-0.7.3-py3-none-any.whl (61 kB)
2025-07-16T05:35:50.7487555Z #11 2.691 Downloading markdown_it_py-3.0.0-py3-none-any.whl (87 kB)
2025-07-16T05:35:50.7488248Z #11 2.694 Downloading mdurl-0.1.2-py3-none-any.whl (10.0 kB)
2025-07-16T05:35:50.7488934Z #11 2.697 Downloading mongomock-4.3.0-py2.py3-none-any.whl (64 kB)
2025-07-16T05:35:50.7489632Z #11 2.700 Downloading packaging-25.0-py3-none-any.whl (66 kB)
2025-07-16T05:35:50.7490304Z #11 2.703 Downloading pygments-2.19.2-py3-none-any.whl (1.2 MB)
2025-07-16T05:35:50.7491403Z #11 2.711    ━━━━━━━━━━━━━━━━━━━━━━━━━━━━━━━━━━━━━━━━ 1.2/1.2 MB 185.6 MB/s eta 0:00:00
2025-07-16T05:35:50.7492085Z #11 2.714 Downloading pytz-2025.2-py2.py3-none-any.whl (509 kB)
2025-07-16T05:35:50.7492930Z #11 2.719 Downloading rich-14.0.0-py3-none-any.whl (243 kB)
2025-07-16T05:35:50.7493509Z #11 2.722 Downloading sh-2.2.2-py3-none-any.whl (38 kB)
2025-07-16T05:35:50.7494166Z #11 2.726 Downloading typing_extensions-4.14.1-py3-none-any.whl (43 kB)
2025-07-16T05:35:50.7494909Z #11 2.729 Downloading exceptiongroup-1.3.0-py3-none-any.whl (16 kB)
2025-07-16T05:35:50.7495594Z #11 2.731 Downloading tomli-2.2.1-py3-none-any.whl (14 kB)
2025-07-16T05:35:50.7496206Z #11 2.763 Building wheels for collected packages: sentinels
2025-07-16T05:35:50.7499010Z #11 2.764   DEPRECATION: Building 'sentinels' using the legacy setup.py bdist_wheel mechanism, which will be removed in a future version. pip 25.3 will enforce this behaviour change. A possible replacement is to use the standardized build interface by setting the `--use-pep517` option, (possibly combined with `--no-build-isolation`), or adding a `pyproject.toml` file to the source tree of 'sentinels'. Discussion can be found at https://github.com/pypa/pip/issues/6334
2025-07-16T05:35:50.7501802Z #11 2.764   Building wheel for sentinels (setup.py): started
2025-07-16T05:35:51.3761516Z #11 3.543   Building wheel for sentinels (setup.py): finished with status 'done'
2025-07-16T05:35:51.5968191Z #11 3.543   Created wheel for sentinels: filename=sentinels-1.0.0-py3-none-any.whl size=3175 sha256=c9bc26cd1e8941d91ea0ede8031d20ca3fb9d180485a61ad32ee3eb7dca9375f
2025-07-16T05:35:51.5969169Z #11 3.544   Stored in directory: /tmp/pip-ephem-wheel-cache-kqrt5xz4/wheels/26/bc/eb/67e56405e0684b3d8c011cf4d18129c41be394775fd5ba2347
2025-07-16T05:35:51.5969713Z #11 3.545 Successfully built sentinels
2025-07-16T05:35:51.5971054Z #11 3.613 Installing collected packages: sentinels, pytz, urllib3, typing-extensions, tomli, sh, python-dotenv, Pygments, pluggy, paho-mqtt, packaging, mdurl, MarkupSafe, loguru, itsdangerous, iniconfig, idna, dnspython, click, charset-normalizer, certifi, blinker, Werkzeug, requests, pymongo, mongomock, markdown-it-py, Jinja2, exceptiongroup, rich, pytest, Flask, Flask-PyMongo, autodevops-cli
2025-07-16T05:35:53.6494780Z #11 5.816 
2025-07-16T05:35:53.8072809Z #11 5.823 Successfully installed Flask-3.1.0 Flask-PyMongo-3.0.1 Jinja2-3.1.6 MarkupSafe-3.0.2 Pygments-2.19.2 Werkzeug-3.1.3 autodevops-cli-0.1.1 blinker-1.9.0 certifi-2025.7.14 charset-normalizer-3.4.2 click-8.2.1 dnspython-2.7.0 exceptiongroup-1.3.0 idna-3.10 iniconfig-2.1.0 itsdangerous-2.2.0 loguru-0.7.3 markdown-it-py-3.0.0 mdurl-0.1.2 mongomock-4.3.0 packaging-25.0 paho-mqtt-2.1.0 pluggy-1.6.0 pymongo-4.13.2 pytest-8.2.1 python-dotenv-1.1.1 pytz-2025.2 requests-2.32.4 rich-14.0.0 sentinels-1.0.0 sh-2.2.2 tomli-2.2.1 typing-extensions-4.14.1 urllib3-2.5.0
2025-07-16T05:35:53.8075533Z #11 5.823 WARNING: Running pip as the 'root' user can result in broken permissions and conflicting behaviour with the system package manager, possibly rendering your system unusable. It is recommended to use a virtual environment instead: https://pip.pypa.io/warnings/venv. Use the --root-user-action option if you know what you are doing and want to suppress this warning.
2025-07-16T05:35:53.8516909Z #11 DONE 6.0s
2025-07-16T05:35:54.0040929Z 
2025-07-16T05:35:54.0041706Z #12 exporting to image
2025-07-16T05:35:54.0043057Z #12 exporting layers
2025-07-16T05:35:55.6505411Z #12 exporting layers 1.8s done
2025-07-16T05:35:55.6671134Z #12 writing image sha256:73fc9df313cb70e75ac2849d5038de5507bc94dc849dad4f6438e6f39c106f1d done
2025-07-16T05:35:55.6673342Z #12 naming to docker.io/***/flask-ci-cd-demo done
2025-07-16T05:35:55.6673843Z #12 DONE 1.8s
2025-07-16T05:35:55.6750704Z ##[group]Run docker push ***/flask-ci-cd-demo
2025-07-16T05:35:55.6751080Z [36;1mdocker push ***/flask-ci-cd-demo[0m
2025-07-16T05:35:55.6779096Z shell: /usr/bin/bash -e {0}
2025-07-16T05:35:55.6779334Z env:
2025-07-16T05:35:55.6779586Z   pythonLocation: /opt/hostedtoolcache/Python/3.10.18/x64
2025-07-16T05:35:55.6779997Z   PKG_CONFIG_PATH: /opt/hostedtoolcache/Python/3.10.18/x64/lib/pkgconfig
2025-07-16T05:35:55.6780385Z   Python_ROOT_DIR: /opt/hostedtoolcache/Python/3.10.18/x64
2025-07-16T05:35:55.6780739Z   Python2_ROOT_DIR: /opt/hostedtoolcache/Python/3.10.18/x64
2025-07-16T05:35:55.6781089Z   Python3_ROOT_DIR: /opt/hostedtoolcache/Python/3.10.18/x64
2025-07-16T05:35:55.6781428Z   LD_LIBRARY_PATH: /opt/hostedtoolcache/Python/3.10.18/x64/lib
2025-07-16T05:35:55.6781717Z ##[endgroup]
2025-07-16T05:35:55.6921518Z Using default tag: latest
2025-07-16T05:35:55.6936827Z The push refers to repository [docker.io/***/flask-ci-cd-demo]
2025-07-16T05:35:55.9174095Z f5199d60ea6d: Preparing
2025-07-16T05:35:55.9174501Z fe8a3343775f: Preparing
2025-07-16T05:35:55.9174882Z 7856bf5ad901: Preparing
2025-07-16T05:35:55.9175241Z 3f19daff755a: Preparing
2025-07-16T05:35:55.9175826Z d99161e874f5: Preparing
2025-07-16T05:35:55.9176174Z 31abbb538de0: Preparing
2025-07-16T05:35:55.9176465Z a2ccf7527b3c: Preparing
2025-07-16T05:35:55.9176674Z abd92ba2021e: Preparing
2025-07-16T05:35:55.9176874Z 1bb35e8b4de1: Preparing
2025-07-16T05:35:55.9177062Z 31abbb538de0: Waiting
2025-07-16T05:35:55.9177361Z a2ccf7527b3c: Waiting
2025-07-16T05:35:55.9177681Z abd92ba2021e: Waiting
2025-07-16T05:35:55.9177867Z 1bb35e8b4de1: Waiting
2025-07-16T05:35:58.2738019Z 3f19daff755a: Pushed
2025-07-16T05:35:58.6020276Z 31abbb538de0: Layer already exists
2025-07-16T05:35:58.9579579Z a2ccf7527b3c: Layer already exists
2025-07-16T05:35:59.2298985Z fe8a3343775f: Pushed
2025-07-16T05:35:59.2990191Z abd92ba2021e: Layer already exists
2025-07-16T05:35:59.5751451Z 1bb35e8b4de1: Layer already exists
2025-07-16T05:36:00.1285928Z f5199d60ea6d: Pushed
2025-07-16T05:36:01.9007423Z 7856bf5ad901: Pushed
2025-07-16T05:36:12.0412039Z d99161e874f5: Pushed
2025-07-16T05:36:15.3857720Z latest: digest: sha256:42cef303894963927a5deed2180a5887d63d1edc4342777f70a4630d42fc36c3 size: 2212
2025-07-16T05:36:15.3920845Z Post job cleanup.
2025-07-16T05:36:15.6730119Z [command]/usr/bin/docker logout 
2025-07-16T05:36:15.6847175Z Removing login credentials for https://index.docker.io/v1/
2025-07-16T05:36:15.6888580Z ##[group]Post cache
2025-07-16T05:36:15.6890747Z State not set
2025-07-16T05:36:15.6892071Z ##[endgroup]
2025-07-16T05:36:15.7008170Z Post job cleanup.
2025-07-16T05:36:15.8572096Z Post job cleanup.
2025-07-16T05:36:15.9277949Z [command]/usr/bin/git version
2025-07-16T05:36:15.9315593Z git version 2.50.1
2025-07-16T05:36:15.9359323Z Temporarily overriding HOME='/home/runner/work/_temp/6738f147-2205-4498-bd7c-0cf732928461' before making global git config changes
2025-07-16T05:36:15.9360567Z Adding repository directory to the temporary git global config as a safe directory
2025-07-16T05:36:15.9364076Z [command]/usr/bin/git config --global --add safe.directory /home/runner/work/Devops/Devops
2025-07-16T05:36:15.9394207Z [command]/usr/bin/git config --local --name-only --get-regexp core\.sshCommand
2025-07-16T05:36:15.9423076Z [command]/usr/bin/git submodule foreach --recursive sh -c "git config --local --name-only --get-regexp 'core\.sshCommand' && git config --local --unset-all 'core.sshCommand' || :"
2025-07-16T05:36:15.9649765Z [command]/usr/bin/git config --local --name-only --get-regexp http\.https\:\/\/github\.com\/\.extraheader
2025-07-16T05:36:15.9668981Z http.https://github.com/.extraheader
2025-07-16T05:36:15.9679551Z [command]/usr/bin/git config --local --unset-all http.https://github.com/.extraheader
2025-07-16T05:36:15.9706389Z [command]/usr/bin/git submodule foreach --recursive sh -c "git config --local --name-only --get-regexp 'http\.https\:\/\/github\.com\/\.extraheader' && git config --local --unset-all 'http.https://github.com/.extraheader' || :"
2025-07-16T05:36:16.0020659Z Cleaning up orphan processes
