2025-07-15T22:20:28.5463262Z Current runner version: '2.326.0'
2025-07-15T22:20:28.5488408Z ##[group]Runner Image Provisioner
2025-07-15T22:20:28.5489287Z Hosted Compute Agent
2025-07-15T22:20:28.5489964Z Version: 20250711.363
2025-07-15T22:20:28.5490562Z Commit: 6785254374ce925a23743850c1cb91912ce5c14c
2025-07-15T22:20:28.5491285Z Build Date: 2025-07-11T20:04:25Z
2025-07-15T22:20:28.5491998Z ##[endgroup]
2025-07-15T22:20:28.5492581Z ##[group]Operating System
2025-07-15T22:20:28.5493545Z Ubuntu
2025-07-15T22:20:28.5494100Z 24.04.2
2025-07-15T22:20:28.5494589Z LTS
2025-07-15T22:20:28.5495021Z ##[endgroup]
2025-07-15T22:20:28.5495576Z ##[group]Runner Image
2025-07-15T22:20:28.5496189Z Image: ubuntu-24.04
2025-07-15T22:20:28.5496694Z Version: 20250710.1.0
2025-07-15T22:20:28.5497782Z Included Software: https://github.com/actions/runner-images/blob/ubuntu24/20250710.1/images/ubuntu/Ubuntu2404-Readme.md
2025-07-15T22:20:28.5499312Z Image Release: https://github.com/actions/runner-images/releases/tag/ubuntu24%2F20250710.1
2025-07-15T22:20:28.5500437Z ##[endgroup]
2025-07-15T22:20:28.5501593Z ##[group]GITHUB_TOKEN Permissions
2025-07-15T22:20:28.5503947Z Contents: read
2025-07-15T22:20:28.5504549Z Metadata: read
2025-07-15T22:20:28.5505051Z Packages: read
2025-07-15T22:20:28.5505624Z ##[endgroup]
2025-07-15T22:20:28.5507646Z Secret source: Actions
2025-07-15T22:20:28.5508383Z Prepare workflow directory
2025-07-15T22:20:28.5838598Z Prepare all required actions
2025-07-15T22:20:28.5876442Z Getting action download info
2025-07-15T22:20:28.9534857Z ##[group]Download immutable action package 'actions/checkout@v3'
2025-07-15T22:20:28.9535867Z Version: 3.6.0
2025-07-15T22:20:28.9536880Z Digest: sha256:942562b9c7d4b1f2557f1da21f4d3eb4eb4fd01f2ad78b2a6e187d1b193e0a0f
2025-07-15T22:20:28.9538187Z Source commit SHA: f43a0e5ff2bd294095638e18286ca9a3d1956744
2025-07-15T22:20:28.9538935Z ##[endgroup]
2025-07-15T22:20:29.0878786Z ##[group]Download immutable action package 'actions/setup-python@v4'
2025-07-15T22:20:29.0879607Z Version: 4.9.1
2025-07-15T22:20:29.0880483Z Digest: sha256:f03e505388af670b5a108629e0ba26befc08d5c62b41f46146a45fe29ae509a5
2025-07-15T22:20:29.0881447Z Source commit SHA: 7f4fc3e22c37d6ff65e88745f38bd3157c663f7c
2025-07-15T22:20:29.0882138Z ##[endgroup]
2025-07-15T22:20:29.3261650Z ##[group]Download immutable action package 'docker/login-action@v3'
2025-07-15T22:20:29.3262525Z Version: 3.4.0
2025-07-15T22:20:29.3263558Z Digest: sha256:864ebd28db095e1602e6ef999f46a4f575083ea874918fbccf0994c2a7680450
2025-07-15T22:20:29.3264492Z Source commit SHA: 74a5d142397b4f367a81961eba4e8cd7edddf772
2025-07-15T22:20:29.3265252Z ##[endgroup]
2025-07-15T22:20:29.6812100Z Complete job name: build-test-deploy
2025-07-15T22:20:29.7495615Z ##[group]Run actions/checkout@v3
2025-07-15T22:20:29.7496534Z with:
2025-07-15T22:20:29.7496998Z   repository: Dinesh-4/Devops
2025-07-15T22:20:29.7497714Z   token: ***
2025-07-15T22:20:29.7498150Z   ssh-strict: true
2025-07-15T22:20:29.7498624Z   persist-credentials: true
2025-07-15T22:20:29.7499134Z   clean: true
2025-07-15T22:20:29.7499609Z   sparse-checkout-cone-mode: true
2025-07-15T22:20:29.7500157Z   fetch-depth: 1
2025-07-15T22:20:29.7500598Z   fetch-tags: false
2025-07-15T22:20:29.7501036Z   lfs: false
2025-07-15T22:20:29.7501457Z   submodules: false
2025-07-15T22:20:29.7501922Z   set-safe-directory: true
2025-07-15T22:20:29.7502839Z ##[endgroup]
2025-07-15T22:20:29.8347128Z Syncing repository: Dinesh-4/Devops
2025-07-15T22:20:29.8348931Z ##[group]Getting Git version info
2025-07-15T22:20:29.8349699Z Working directory is '/home/runner/work/Devops/Devops'
2025-07-15T22:20:29.8350721Z [command]/usr/bin/git version
2025-07-15T22:20:29.8417405Z git version 2.50.1
2025-07-15T22:20:29.8444803Z ##[endgroup]
2025-07-15T22:20:29.8460627Z Temporarily overriding HOME='/home/runner/work/_temp/6bc99cc4-8471-4870-9b27-b4f9508639f0' before making global git config changes
2025-07-15T22:20:29.8463639Z Adding repository directory to the temporary git global config as a safe directory
2025-07-15T22:20:29.8465874Z [command]/usr/bin/git config --global --add safe.directory /home/runner/work/Devops/Devops
2025-07-15T22:20:29.8499532Z Deleting the contents of '/home/runner/work/Devops/Devops'
2025-07-15T22:20:29.8503895Z ##[group]Initializing the repository
2025-07-15T22:20:29.8507401Z [command]/usr/bin/git init /home/runner/work/Devops/Devops
2025-07-15T22:20:29.8590773Z hint: Using 'master' as the name for the initial branch. This default branch name
2025-07-15T22:20:29.8592269Z hint: is subject to change. To configure the initial branch name to use in all
2025-07-15T22:20:29.8593782Z hint: of your new repositories, which will suppress this warning, call:
2025-07-15T22:20:29.8595052Z hint:
2025-07-15T22:20:29.8595831Z hint: 	git config --global init.defaultBranch <name>
2025-07-15T22:20:29.8597089Z hint:
2025-07-15T22:20:29.8598302Z hint: Names commonly chosen instead of 'master' are 'main', 'trunk' and
2025-07-15T22:20:29.8600223Z hint: 'development'. The just-created branch can be renamed via this command:
2025-07-15T22:20:29.8601799Z hint:
2025-07-15T22:20:29.8602621Z hint: 	git branch -m <name>
2025-07-15T22:20:29.8603737Z hint:
2025-07-15T22:20:29.8604916Z hint: Disable this message with "git config set advice.defaultBranchName false"
2025-07-15T22:20:29.8606915Z Initialized empty Git repository in /home/runner/work/Devops/Devops/.git/
2025-07-15T22:20:29.8609751Z [command]/usr/bin/git remote add origin https://github.com/Dinesh-4/Devops
2025-07-15T22:20:29.8637694Z ##[endgroup]
2025-07-15T22:20:29.8639086Z ##[group]Disabling automatic garbage collection
2025-07-15T22:20:29.8640485Z [command]/usr/bin/git config --local gc.auto 0
2025-07-15T22:20:29.8665856Z ##[endgroup]
2025-07-15T22:20:29.8666629Z ##[group]Setting up auth
2025-07-15T22:20:29.8670455Z [command]/usr/bin/git config --local --name-only --get-regexp core\.sshCommand
2025-07-15T22:20:29.8695804Z [command]/usr/bin/git submodule foreach --recursive sh -c "git config --local --name-only --get-regexp 'core\.sshCommand' && git config --local --unset-all 'core.sshCommand' || :"
2025-07-15T22:20:29.9014887Z [command]/usr/bin/git config --local --name-only --get-regexp http\.https\:\/\/github\.com\/\.extraheader
2025-07-15T22:20:29.9039599Z [command]/usr/bin/git submodule foreach --recursive sh -c "git config --local --name-only --get-regexp 'http\.https\:\/\/github\.com\/\.extraheader' && git config --local --unset-all 'http.https://github.com/.extraheader' || :"
2025-07-15T22:20:29.9250635Z [command]/usr/bin/git config --local http.https://github.com/.extraheader AUTHORIZATION: basic ***
2025-07-15T22:20:29.9281657Z ##[endgroup]
2025-07-15T22:20:29.9283319Z ##[group]Fetching the repository
2025-07-15T22:20:29.9291846Z [command]/usr/bin/git -c protocol.version=2 fetch --no-tags --prune --progress --no-recurse-submodules --depth=1 origin +bea0c27ce8ff5a4a2e3120fe3b60da04ca75213c:refs/remotes/origin/main
2025-07-15T22:20:30.1389163Z remote: Enumerating objects: 4181, done.        
2025-07-15T22:20:30.1390855Z remote: Counting objects:   0% (1/4181)        
2025-07-15T22:20:30.1391994Z remote: Counting objects:   1% (42/4181)        
2025-07-15T22:20:30.1393209Z remote: Counting objects:   2% (84/4181)        
2025-07-15T22:20:30.1393883Z remote: Counting objects:   3% (126/4181)        
2025-07-15T22:20:30.1394785Z remote: Counting objects:   4% (168/4181)        
2025-07-15T22:20:30.1395717Z remote: Counting objects:   5% (210/4181)        
2025-07-15T22:20:30.1396351Z remote: Counting objects:   6% (251/4181)        
2025-07-15T22:20:30.1396989Z remote: Counting objects:   7% (293/4181)        
2025-07-15T22:20:30.1397610Z remote: Counting objects:   8% (335/4181)        
2025-07-15T22:20:30.1398634Z remote: Counting objects:   9% (377/4181)        
2025-07-15T22:20:30.1399461Z remote: Counting objects:  10% (419/4181)        
2025-07-15T22:20:30.1400194Z remote: Counting objects:  11% (460/4181)        
2025-07-15T22:20:30.1400850Z remote: Counting objects:  12% (502/4181)        
2025-07-15T22:20:30.1401501Z remote: Counting objects:  13% (544/4181)        
2025-07-15T22:20:30.1402538Z remote: Counting objects:  14% (586/4181)        
2025-07-15T22:20:30.1403957Z remote: Counting objects:  15% (628/4181)        
2025-07-15T22:20:30.1404586Z remote: Counting objects:  16% (669/4181)        
2025-07-15T22:20:30.1405250Z remote: Counting objects:  17% (711/4181)        
2025-07-15T22:20:30.1405902Z remote: Counting objects:  18% (753/4181)        
2025-07-15T22:20:30.1406556Z remote: Counting objects:  19% (795/4181)        
2025-07-15T22:20:30.1407212Z remote: Counting objects:  20% (837/4181)        
2025-07-15T22:20:30.1407906Z remote: Counting objects:  21% (879/4181)        
2025-07-15T22:20:30.1408600Z remote: Counting objects:  22% (920/4181)        
2025-07-15T22:20:30.1409216Z remote: Counting objects:  23% (962/4181)        
2025-07-15T22:20:30.1409831Z remote: Counting objects:  24% (1004/4181)        
2025-07-15T22:20:30.1410440Z remote: Counting objects:  25% (1046/4181)        
2025-07-15T22:20:30.1411049Z remote: Counting objects:  26% (1088/4181)        
2025-07-15T22:20:30.1411746Z remote: Counting objects:  27% (1129/4181)        
2025-07-15T22:20:30.1412432Z remote: Counting objects:  28% (1171/4181)        
2025-07-15T22:20:30.1413374Z remote: Counting objects:  29% (1213/4181)        
2025-07-15T22:20:30.1413995Z remote: Counting objects:  30% (1255/4181)        
2025-07-15T22:20:30.1414602Z remote: Counting objects:  31% (1297/4181)        
2025-07-15T22:20:30.1415210Z remote: Counting objects:  32% (1338/4181)        
2025-07-15T22:20:30.1415869Z remote: Counting objects:  33% (1380/4181)        
2025-07-15T22:20:30.1416486Z remote: Counting objects:  34% (1422/4181)        
2025-07-15T22:20:30.1417093Z remote: Counting objects:  35% (1464/4181)        
2025-07-15T22:20:30.1417711Z remote: Counting objects:  36% (1506/4181)        
2025-07-15T22:20:30.1418319Z remote: Counting objects:  37% (1547/4181)        
2025-07-15T22:20:30.1418920Z remote: Counting objects:  38% (1589/4181)        
2025-07-15T22:20:30.1419669Z remote: Counting objects:  39% (1631/4181)        
2025-07-15T22:20:30.1420684Z remote: Counting objects:  40% (1673/4181)        
2025-07-15T22:20:30.1421661Z remote: Counting objects:  41% (1715/4181)        
2025-07-15T22:20:30.1422804Z remote: Counting objects:  42% (1757/4181)        
2025-07-15T22:20:30.1423813Z remote: Counting objects:  43% (1798/4181)        
2025-07-15T22:20:30.1424796Z remote: Counting objects:  44% (1840/4181)        
2025-07-15T22:20:30.1425780Z remote: Counting objects:  45% (1882/4181)        
2025-07-15T22:20:30.1426761Z remote: Counting objects:  46% (1924/4181)        
2025-07-15T22:20:30.1427747Z remote: Counting objects:  47% (1966/4181)        
2025-07-15T22:20:30.1428930Z remote: Counting objects:  48% (2007/4181)        
2025-07-15T22:20:30.1429928Z remote: Counting objects:  49% (2049/4181)        
2025-07-15T22:20:30.1430911Z remote: Counting objects:  50% (2091/4181)        
2025-07-15T22:20:30.1431890Z remote: Counting objects:  51% (2133/4181)        
2025-07-15T22:20:30.1432565Z remote: Counting objects:  52% (2175/4181)        
2025-07-15T22:20:30.1433380Z remote: Counting objects:  53% (2216/4181)        
2025-07-15T22:20:30.1433983Z remote: Counting objects:  54% (2258/4181)        
2025-07-15T22:20:30.1434598Z remote: Counting objects:  55% (2300/4181)        
2025-07-15T22:20:30.1435465Z remote: Counting objects:  56% (2342/4181)        
2025-07-15T22:20:30.1436450Z remote: Counting objects:  57% (2384/4181)        
2025-07-15T22:20:30.1437438Z remote: Counting objects:  58% (2425/4181)        
2025-07-15T22:20:30.1438415Z remote: Counting objects:  59% (2467/4181)        
2025-07-15T22:20:30.1439396Z remote: Counting objects:  60% (2509/4181)        
2025-07-15T22:20:30.1440383Z remote: Counting objects:  61% (2551/4181)        
2025-07-15T22:20:30.1441367Z remote: Counting objects:  62% (2593/4181)        
2025-07-15T22:20:30.1442354Z remote: Counting objects:  63% (2635/4181)        
2025-07-15T22:20:30.1443491Z remote: Counting objects:  64% (2676/4181)        
2025-07-15T22:20:30.1444473Z remote: Counting objects:  65% (2718/4181)        
2025-07-15T22:20:30.1445640Z remote: Counting objects:  66% (2760/4181)        
2025-07-15T22:20:30.1446616Z remote: Counting objects:  67% (2802/4181)        
2025-07-15T22:20:30.1447263Z remote: Counting objects:  68% (2844/4181)        
2025-07-15T22:20:30.1447875Z remote: Counting objects:  69% (2885/4181)        
2025-07-15T22:20:30.1448568Z remote: Counting objects:  70% (2927/4181)        
2025-07-15T22:20:30.1449172Z remote: Counting objects:  71% (2969/4181)        
2025-07-15T22:20:30.1449771Z remote: Counting objects:  72% (3011/4181)        
2025-07-15T22:20:30.1450384Z remote: Counting objects:  73% (3053/4181)        
2025-07-15T22:20:30.1450981Z remote: Counting objects:  74% (3094/4181)        
2025-07-15T22:20:30.1451981Z remote: Counting objects:  75% (3136/4181)        
2025-07-15T22:20:30.1453102Z remote: Counting objects:  76% (3178/4181)        
2025-07-15T22:20:30.1454082Z remote: Counting objects:  77% (3220/4181)        
2025-07-15T22:20:30.1550042Z remote: Counting objects:  78% (3262/4181)        
2025-07-15T22:20:30.1551876Z remote: Counting objects:  79% (3303/4181)        
2025-07-15T22:20:30.1553750Z remote: Counting objects:  80% (3345/4181)        
2025-07-15T22:20:30.1554858Z remote: Counting objects:  81% (3387/4181)        
2025-07-15T22:20:30.1555945Z remote: Counting objects:  82% (3429/4181)        
2025-07-15T22:20:30.1557042Z remote: Counting objects:  83% (3471/4181)        
2025-07-15T22:20:30.1558245Z remote: Counting objects:  84% (3513/4181)        
2025-07-15T22:20:30.1559371Z remote: Counting objects:  85% (3554/4181)        
2025-07-15T22:20:30.1560407Z remote: Counting objects:  86% (3596/4181)        
2025-07-15T22:20:30.1561239Z remote: Counting objects:  87% (3638/4181)        
2025-07-15T22:20:30.1561871Z remote: Counting objects:  88% (3680/4181)        
2025-07-15T22:20:30.1562486Z remote: Counting objects:  89% (3722/4181)        
2025-07-15T22:20:30.1563328Z remote: Counting objects:  90% (3763/4181)        
2025-07-15T22:20:30.1563956Z remote: Counting objects:  91% (3805/4181)        
2025-07-15T22:20:30.1564588Z remote: Counting objects:  92% (3847/4181)        
2025-07-15T22:20:30.1565203Z remote: Counting objects:  93% (3889/4181)        
2025-07-15T22:20:30.1565856Z remote: Counting objects:  94% (3931/4181)        
2025-07-15T22:20:30.1566504Z remote: Counting objects:  95% (3972/4181)        
2025-07-15T22:20:30.1567156Z remote: Counting objects:  96% (4014/4181)        
2025-07-15T22:20:30.1567826Z remote: Counting objects:  97% (4056/4181)        
2025-07-15T22:20:30.1568477Z remote: Counting objects:  98% (4098/4181)        
2025-07-15T22:20:30.1569304Z remote: Counting objects:  99% (4140/4181)        
2025-07-15T22:20:30.1569944Z remote: Counting objects: 100% (4181/4181)        
2025-07-15T22:20:30.1570604Z remote: Counting objects: 100% (4181/4181), done.        
2025-07-15T22:20:30.1571265Z remote: Compressing objects:   0% (1/3566)        
2025-07-15T22:20:30.1571899Z remote: Compressing objects:   1% (36/3566)        
2025-07-15T22:20:30.1572550Z remote: Compressing objects:   2% (72/3566)        
2025-07-15T22:20:30.1573388Z remote: Compressing objects:   3% (107/3566)        
2025-07-15T22:20:30.1574042Z remote: Compressing objects:   4% (143/3566)        
2025-07-15T22:20:30.1574684Z remote: Compressing objects:   5% (179/3566)        
2025-07-15T22:20:30.1575316Z remote: Compressing objects:   6% (214/3566)        
2025-07-15T22:20:30.1575951Z remote: Compressing objects:   7% (250/3566)        
2025-07-15T22:20:30.1576579Z remote: Compressing objects:   8% (286/3566)        
2025-07-15T22:20:30.1577208Z remote: Compressing objects:   9% (321/3566)        
2025-07-15T22:20:30.1577855Z remote: Compressing objects:  10% (357/3566)        
2025-07-15T22:20:30.1578486Z remote: Compressing objects:  11% (393/3566)        
2025-07-15T22:20:30.1579118Z remote: Compressing objects:  12% (428/3566)        
2025-07-15T22:20:30.1579742Z remote: Compressing objects:  13% (464/3566)        
2025-07-15T22:20:30.1580368Z remote: Compressing objects:  14% (500/3566)        
2025-07-15T22:20:30.1581151Z remote: Compressing objects:  15% (535/3566)        
2025-07-15T22:20:30.1581795Z remote: Compressing objects:  16% (571/3566)        
2025-07-15T22:20:30.1582427Z remote: Compressing objects:  17% (607/3566)        
2025-07-15T22:20:30.1583263Z remote: Compressing objects:  18% (642/3566)        
2025-07-15T22:20:30.1583896Z remote: Compressing objects:  19% (678/3566)        
2025-07-15T22:20:30.1584529Z remote: Compressing objects:  20% (714/3566)        
2025-07-15T22:20:30.1585285Z remote: Compressing objects:  21% (749/3566)        
2025-07-15T22:20:30.1585971Z remote: Compressing objects:  22% (785/3566)        
2025-07-15T22:20:30.1586761Z remote: Compressing objects:  23% (821/3566)        
2025-07-15T22:20:30.1587396Z remote: Compressing objects:  24% (856/3566)        
2025-07-15T22:20:30.1588024Z remote: Compressing objects:  25% (892/3566)        
2025-07-15T22:20:30.1588657Z remote: Compressing objects:  26% (928/3566)        
2025-07-15T22:20:30.1589300Z remote: Compressing objects:  27% (963/3566)        
2025-07-15T22:20:30.1589936Z remote: Compressing objects:  28% (999/3566)        
2025-07-15T22:20:30.1590566Z remote: Compressing objects:  29% (1035/3566)        
2025-07-15T22:20:30.1591211Z remote: Compressing objects:  30% (1070/3566)        
2025-07-15T22:20:30.1591872Z remote: Compressing objects:  31% (1106/3566)        
2025-07-15T22:20:30.1592524Z remote: Compressing objects:  32% (1142/3566)        
2025-07-15T22:20:30.1593341Z remote: Compressing objects:  33% (1177/3566)        
2025-07-15T22:20:30.1593990Z remote: Compressing objects:  34% (1213/3566)        
2025-07-15T22:20:30.1594634Z remote: Compressing objects:  35% (1249/3566)        
2025-07-15T22:20:30.1595270Z remote: Compressing objects:  36% (1284/3566)        
2025-07-15T22:20:30.1595914Z remote: Compressing objects:  37% (1320/3566)        
2025-07-15T22:20:30.1596552Z remote: Compressing objects:  38% (1356/3566)        
2025-07-15T22:20:30.1597196Z remote: Compressing objects:  39% (1391/3566)        
2025-07-15T22:20:30.1597843Z remote: Compressing objects:  40% (1427/3566)        
2025-07-15T22:20:30.1598484Z remote: Compressing objects:  41% (1463/3566)        
2025-07-15T22:20:30.1599118Z remote: Compressing objects:  42% (1498/3566)        
2025-07-15T22:20:30.1599755Z remote: Compressing objects:  43% (1534/3566)        
2025-07-15T22:20:30.1600399Z remote: Compressing objects:  44% (1570/3566)        
2025-07-15T22:20:30.1601042Z remote: Compressing objects:  45% (1605/3566)        
2025-07-15T22:20:30.1601684Z remote: Compressing objects:  46% (1641/3566)        
2025-07-15T22:20:30.1602463Z remote: Compressing objects:  47% (1677/3566)        
2025-07-15T22:20:30.1603302Z remote: Compressing objects:  48% (1712/3566)        
2025-07-15T22:20:30.1603953Z remote: Compressing objects:  49% (1748/3566)        
2025-07-15T22:20:30.1604634Z remote: Compressing objects:  50% (1783/3566)        
2025-07-15T22:20:30.1605272Z remote: Compressing objects:  51% (1819/3566)        
2025-07-15T22:20:30.1605932Z remote: Compressing objects:  52% (1855/3566)        
2025-07-15T22:20:30.1606582Z remote: Compressing objects:  53% (1890/3566)        
2025-07-15T22:20:30.1607231Z remote: Compressing objects:  54% (1926/3566)        
2025-07-15T22:20:30.1607883Z remote: Compressing objects:  55% (1962/3566)        
2025-07-15T22:20:30.1608528Z remote: Compressing objects:  56% (1997/3566)        
2025-07-15T22:20:30.1609163Z remote: Compressing objects:  57% (2033/3566)        
2025-07-15T22:20:30.1609788Z remote: Compressing objects:  58% (2069/3566)        
2025-07-15T22:20:30.1610432Z remote: Compressing objects:  59% (2104/3566)        
2025-07-15T22:20:30.1611070Z remote: Compressing objects:  60% (2140/3566)        
2025-07-15T22:20:30.1611700Z remote: Compressing objects:  61% (2176/3566)        
2025-07-15T22:20:30.1612339Z remote: Compressing objects:  62% (2211/3566)        
2025-07-15T22:20:30.1613189Z remote: Compressing objects:  63% (2247/3566)        
2025-07-15T22:20:30.1613977Z remote: Compressing objects:  64% (2283/3566)        
2025-07-15T22:20:30.1614624Z remote: Compressing objects:  65% (2318/3566)        
2025-07-15T22:20:30.1615275Z remote: Compressing objects:  66% (2354/3566)        
2025-07-15T22:20:30.1615909Z remote: Compressing objects:  67% (2390/3566)        
2025-07-15T22:20:30.1616565Z remote: Compressing objects:  68% (2425/3566)        
2025-07-15T22:20:30.1617207Z remote: Compressing objects:  69% (2461/3566)        
2025-07-15T22:20:30.1617843Z remote: Compressing objects:  70% (2497/3566)        
2025-07-15T22:20:30.1618483Z remote: Compressing objects:  71% (2532/3566)        
2025-07-15T22:20:30.1619131Z remote: Compressing objects:  72% (2568/3566)        
2025-07-15T22:20:30.1619765Z remote: Compressing objects:  73% (2604/3566)        
2025-07-15T22:20:30.1620407Z remote: Compressing objects:  74% (2639/3566)        
2025-07-15T22:20:30.1621043Z remote: Compressing objects:  75% (2675/3566)        
2025-07-15T22:20:30.1621683Z remote: Compressing objects:  76% (2711/3566)        
2025-07-15T22:20:30.1622357Z remote: Compressing objects:  77% (2746/3566)        
2025-07-15T22:20:30.1623178Z remote: Compressing objects:  78% (2782/3566)        
2025-07-15T22:20:30.1623820Z remote: Compressing objects:  79% (2818/3566)        
2025-07-15T22:20:30.1624463Z remote: Compressing objects:  80% (2853/3566)        
2025-07-15T22:20:30.1625092Z remote: Compressing objects:  81% (2889/3566)        
2025-07-15T22:20:30.1625730Z remote: Compressing objects:  82% (2925/3566)        
2025-07-15T22:20:30.1626376Z remote: Compressing objects:  83% (2960/3566)        
2025-07-15T22:20:30.1627028Z remote: Compressing objects:  84% (2996/3566)        
2025-07-15T22:20:30.1627674Z remote: Compressing objects:  85% (3032/3566)        
2025-07-15T22:20:30.1628313Z remote: Compressing objects:  86% (3067/3566)        
2025-07-15T22:20:30.1628950Z remote: Compressing objects:  87% (3103/3566)        
2025-07-15T22:20:30.1629583Z remote: Compressing objects:  88% (3139/3566)        
2025-07-15T22:20:30.1630232Z remote: Compressing objects:  89% (3174/3566)        
2025-07-15T22:20:30.1630884Z remote: Compressing objects:  90% (3210/3566)        
2025-07-15T22:20:30.1631522Z remote: Compressing objects:  91% (3246/3566)        
2025-07-15T22:20:30.1632168Z remote: Compressing objects:  92% (3281/3566)        
2025-07-15T22:20:30.1632989Z remote: Compressing objects:  93% (3317/3566)        
2025-07-15T22:20:30.1633632Z remote: Compressing objects:  94% (3353/3566)        
2025-07-15T22:20:30.1634273Z remote: Compressing objects:  95% (3388/3566)        
2025-07-15T22:20:30.1635039Z remote: Compressing objects:  96% (3424/3566)        
2025-07-15T22:20:30.1635701Z remote: Compressing objects:  97% (3460/3566)        
2025-07-15T22:20:30.1636365Z remote: Compressing objects:  98% (3495/3566)        
2025-07-15T22:20:30.1637047Z remote: Compressing objects:  99% (3531/3566)        
2025-07-15T22:20:30.1637734Z remote: Compressing objects: 100% (3566/3566)        
2025-07-15T22:20:30.1638462Z remote: Compressing objects: 100% (3566/3566), done.        
2025-07-15T22:20:30.2962928Z Receiving objects:   0% (1/4181)
2025-07-15T22:20:30.2976627Z Receiving objects:   1% (42/4181)
2025-07-15T22:20:30.3001429Z Receiving objects:   2% (84/4181)
2025-07-15T22:20:30.3106363Z Receiving objects:   3% (126/4181)
2025-07-15T22:20:30.3168037Z Receiving objects:   4% (168/4181)
2025-07-15T22:20:30.3285694Z Receiving objects:   5% (210/4181)
2025-07-15T22:20:30.3316603Z Receiving objects:   6% (251/4181)
2025-07-15T22:20:30.3537245Z Receiving objects:   7% (293/4181)
2025-07-15T22:20:30.3616150Z Receiving objects:   8% (335/4181)
2025-07-15T22:20:30.3678659Z Receiving objects:   9% (377/4181)
2025-07-15T22:20:30.3753507Z Receiving objects:  10% (419/4181)
2025-07-15T22:20:30.3820212Z Receiving objects:  11% (460/4181)
2025-07-15T22:20:30.3860319Z Receiving objects:  12% (502/4181)
2025-07-15T22:20:30.3907708Z Receiving objects:  13% (544/4181)
2025-07-15T22:20:30.3913768Z Receiving objects:  14% (586/4181)
2025-07-15T22:20:30.3986185Z Receiving objects:  15% (628/4181)
2025-07-15T22:20:30.3996269Z Receiving objects:  16% (669/4181)
2025-07-15T22:20:30.4024370Z Receiving objects:  17% (711/4181)
2025-07-15T22:20:30.4045005Z Receiving objects:  18% (753/4181)
2025-07-15T22:20:30.4087410Z Receiving objects:  19% (795/4181)
2025-07-15T22:20:30.4127308Z Receiving objects:  20% (837/4181)
2025-07-15T22:20:30.4170307Z Receiving objects:  21% (879/4181)
2025-07-15T22:20:30.4218649Z Receiving objects:  22% (920/4181)
2025-07-15T22:20:30.4283475Z Receiving objects:  23% (962/4181)
2025-07-15T22:20:30.4320968Z Receiving objects:  24% (1004/4181)
2025-07-15T22:20:30.4337586Z Receiving objects:  25% (1046/4181)
2025-07-15T22:20:30.4352387Z Receiving objects:  26% (1088/4181)
2025-07-15T22:20:30.4365638Z Receiving objects:  27% (1129/4181)
2025-07-15T22:20:30.4379415Z Receiving objects:  28% (1171/4181)
2025-07-15T22:20:30.4416257Z Receiving objects:  29% (1213/4181)
2025-07-15T22:20:30.4447093Z Receiving objects:  30% (1255/4181)
2025-07-15T22:20:30.4481155Z Receiving objects:  31% (1297/4181)
2025-07-15T22:20:30.4514661Z Receiving objects:  32% (1338/4181)
2025-07-15T22:20:30.4541102Z Receiving objects:  33% (1380/4181)
2025-07-15T22:20:30.4576424Z Receiving objects:  34% (1422/4181)
2025-07-15T22:20:30.4602414Z Receiving objects:  35% (1464/4181)
2025-07-15T22:20:30.4625773Z Receiving objects:  36% (1506/4181)
2025-07-15T22:20:30.4668636Z Receiving objects:  37% (1547/4181)
2025-07-15T22:20:30.4691113Z Receiving objects:  38% (1589/4181)
2025-07-15T22:20:30.4732190Z Receiving objects:  39% (1631/4181)
2025-07-15T22:20:30.4752869Z Receiving objects:  40% (1673/4181)
2025-07-15T22:20:30.4818275Z Receiving objects:  41% (1715/4181)
2025-07-15T22:20:30.4934143Z Receiving objects:  42% (1757/4181)
2025-07-15T22:20:30.4978505Z Receiving objects:  43% (1798/4181)
2025-07-15T22:20:30.5054586Z Receiving objects:  44% (1840/4181)
2025-07-15T22:20:30.5103544Z Receiving objects:  45% (1882/4181)
2025-07-15T22:20:30.5133788Z Receiving objects:  46% (1924/4181)
2025-07-15T22:20:30.5168239Z Receiving objects:  47% (1966/4181)
2025-07-15T22:20:30.5246007Z Receiving objects:  48% (2007/4181)
2025-07-15T22:20:30.5289885Z Receiving objects:  49% (2049/4181)
2025-07-15T22:20:30.5323079Z Receiving objects:  50% (2091/4181)
2025-07-15T22:20:30.5358519Z Receiving objects:  51% (2133/4181)
2025-07-15T22:20:30.5413401Z Receiving objects:  52% (2175/4181)
2025-07-15T22:20:30.5460267Z Receiving objects:  53% (2216/4181)
2025-07-15T22:20:30.5483975Z Receiving objects:  54% (2258/4181)
2025-07-15T22:20:30.5520151Z Receiving objects:  55% (2300/4181)
2025-07-15T22:20:30.5551658Z Receiving objects:  56% (2342/4181)
2025-07-15T22:20:30.5600629Z Receiving objects:  57% (2384/4181)
2025-07-15T22:20:30.5625827Z Receiving objects:  58% (2425/4181)
2025-07-15T22:20:30.5650727Z Receiving objects:  59% (2467/4181)
2025-07-15T22:20:30.5669669Z Receiving objects:  60% (2509/4181)
2025-07-15T22:20:30.5733922Z Receiving objects:  61% (2551/4181)
2025-07-15T22:20:30.5779880Z Receiving objects:  62% (2593/4181)
2025-07-15T22:20:30.5821717Z Receiving objects:  63% (2635/4181)
2025-07-15T22:20:30.5897945Z Receiving objects:  64% (2676/4181)
2025-07-15T22:20:30.5943659Z Receiving objects:  65% (2718/4181)
2025-07-15T22:20:30.6088520Z Receiving objects:  66% (2760/4181)
2025-07-15T22:20:30.6155038Z Receiving objects:  67% (2802/4181)
2025-07-15T22:20:30.6201090Z Receiving objects:  68% (2844/4181)
2025-07-15T22:20:30.6240029Z Receiving objects:  69% (2885/4181)
2025-07-15T22:20:30.6299522Z Receiving objects:  70% (2927/4181)
2025-07-15T22:20:30.6347584Z Receiving objects:  71% (2969/4181)
2025-07-15T22:20:30.6383767Z Receiving objects:  72% (3011/4181)
2025-07-15T22:20:30.6405239Z Receiving objects:  73% (3053/4181)
2025-07-15T22:20:30.6419991Z Receiving objects:  74% (3094/4181)
2025-07-15T22:20:30.6431000Z Receiving objects:  75% (3136/4181)
2025-07-15T22:20:30.6454413Z Receiving objects:  76% (3178/4181)
2025-07-15T22:20:30.6507753Z Receiving objects:  77% (3220/4181)
2025-07-15T22:20:30.6609703Z Receiving objects:  78% (3262/4181)
2025-07-15T22:20:30.6654673Z Receiving objects:  79% (3303/4181)
2025-07-15T22:20:30.6711343Z Receiving objects:  80% (3345/4181)
2025-07-15T22:20:30.6733513Z Receiving objects:  81% (3387/4181)
2025-07-15T22:20:30.6757025Z Receiving objects:  82% (3429/4181)
2025-07-15T22:20:30.6763284Z Receiving objects:  83% (3471/4181)
2025-07-15T22:20:30.6770990Z Receiving objects:  84% (3513/4181)
2025-07-15T22:20:30.6779713Z Receiving objects:  85% (3554/4181)
2025-07-15T22:20:30.6785969Z Receiving objects:  86% (3596/4181)
2025-07-15T22:20:30.6791267Z Receiving objects:  87% (3638/4181)
2025-07-15T22:20:30.6797473Z Receiving objects:  88% (3680/4181)
2025-07-15T22:20:30.6800692Z Receiving objects:  89% (3722/4181)
2025-07-15T22:20:30.6807097Z Receiving objects:  90% (3763/4181)
2025-07-15T22:20:30.6825946Z Receiving objects:  91% (3805/4181)
2025-07-15T22:20:30.6833340Z Receiving objects:  92% (3847/4181)
2025-07-15T22:20:30.6858203Z Receiving objects:  93% (3889/4181)
2025-07-15T22:20:30.6861273Z Receiving objects:  94% (3931/4181)
2025-07-15T22:20:30.6906961Z Receiving objects:  95% (3972/4181)
2025-07-15T22:20:30.6937410Z Receiving objects:  96% (4014/4181)
2025-07-15T22:20:30.7020706Z Receiving objects:  97% (4056/4181)
2025-07-15T22:20:30.7054754Z Receiving objects:  98% (4098/4181)
2025-07-15T22:20:30.7093534Z Receiving objects:  99% (4140/4181)
2025-07-15T22:20:30.7095956Z remote: Total 4181 (delta 578), reused 4157 (delta 570), pack-reused 0 (from 0)        
2025-07-15T22:20:30.7111132Z Receiving objects: 100% (4181/4181)
2025-07-15T22:20:30.7113369Z Receiving objects: 100% (4181/4181), 14.19 MiB | 30.73 MiB/s, done.
2025-07-15T22:20:30.7115815Z Resolving deltas:   0% (0/578)
2025-07-15T22:20:30.7117446Z Resolving deltas:   1% (6/578)
2025-07-15T22:20:30.7119008Z Resolving deltas:   2% (12/578)
2025-07-15T22:20:30.7120587Z Resolving deltas:   3% (18/578)
2025-07-15T22:20:30.7122189Z Resolving deltas:   4% (24/578)
2025-07-15T22:20:30.7123932Z Resolving deltas:   5% (29/578)
2025-07-15T22:20:30.7125509Z Resolving deltas:   6% (35/578)
2025-07-15T22:20:30.7127153Z Resolving deltas:   7% (42/578)
2025-07-15T22:20:30.7129144Z Resolving deltas:   8% (47/578)
2025-07-15T22:20:30.7130756Z Resolving deltas:   9% (53/578)
2025-07-15T22:20:30.7132351Z Resolving deltas:  10% (58/578)
2025-07-15T22:20:30.7139647Z Resolving deltas:  11% (64/578)
2025-07-15T22:20:30.7145320Z Resolving deltas:  12% (70/578)
2025-07-15T22:20:30.7209242Z Resolving deltas:  13% (76/578)
2025-07-15T22:20:30.7214137Z Resolving deltas:  14% (81/578)
2025-07-15T22:20:30.7226083Z Resolving deltas:  15% (87/578)
2025-07-15T22:20:30.7232046Z Resolving deltas:  16% (93/578)
2025-07-15T22:20:30.7236353Z Resolving deltas:  17% (99/578)
2025-07-15T22:20:30.7238816Z Resolving deltas:  18% (105/578)
2025-07-15T22:20:30.7241637Z Resolving deltas:  19% (110/578)
2025-07-15T22:20:30.7245281Z Resolving deltas:  20% (116/578)
2025-07-15T22:20:30.7246931Z Resolving deltas:  21% (122/578)
2025-07-15T22:20:30.7248504Z Resolving deltas:  22% (128/578)
2025-07-15T22:20:30.7250059Z Resolving deltas:  23% (133/578)
2025-07-15T22:20:30.7251654Z Resolving deltas:  24% (139/578)
2025-07-15T22:20:30.7253397Z Resolving deltas:  25% (145/578)
2025-07-15T22:20:30.7254972Z Resolving deltas:  26% (151/578)
2025-07-15T22:20:30.7333141Z Resolving deltas:  27% (157/578)
2025-07-15T22:20:30.7334889Z Resolving deltas:  28% (162/578)
2025-07-15T22:20:30.7336650Z Resolving deltas:  29% (168/578)
2025-07-15T22:20:30.7338412Z Resolving deltas:  30% (174/578)
2025-07-15T22:20:30.7339681Z Resolving deltas:  31% (180/578)
2025-07-15T22:20:30.7341265Z Resolving deltas:  32% (185/578)
2025-07-15T22:20:30.7343271Z Resolving deltas:  33% (191/578)
2025-07-15T22:20:30.7344884Z Resolving deltas:  34% (197/578)
2025-07-15T22:20:30.7346479Z Resolving deltas:  35% (203/578)
2025-07-15T22:20:30.7349045Z Resolving deltas:  36% (209/578)
2025-07-15T22:20:30.7350718Z Resolving deltas:  37% (214/578)
2025-07-15T22:20:30.7352356Z Resolving deltas:  38% (220/578)
2025-07-15T22:20:30.7354442Z Resolving deltas:  39% (226/578)
2025-07-15T22:20:30.7356119Z Resolving deltas:  40% (232/578)
2025-07-15T22:20:30.7357744Z Resolving deltas:  41% (237/578)
2025-07-15T22:20:30.7359378Z Resolving deltas:  42% (243/578)
2025-07-15T22:20:30.7360994Z Resolving deltas:  43% (249/578)
2025-07-15T22:20:30.7362588Z Resolving deltas:  44% (255/578)
2025-07-15T22:20:30.7364349Z Resolving deltas:  45% (262/578)
2025-07-15T22:20:30.7366126Z Resolving deltas:  46% (266/578)
2025-07-15T22:20:30.7372517Z Resolving deltas:  47% (272/578)
2025-07-15T22:20:30.7382310Z Resolving deltas:  48% (278/578)
2025-07-15T22:20:30.7394771Z Resolving deltas:  49% (284/578)
2025-07-15T22:20:30.7400967Z Resolving deltas:  50% (289/578)
2025-07-15T22:20:30.7408977Z Resolving deltas:  51% (295/578)
2025-07-15T22:20:30.7414432Z Resolving deltas:  52% (301/578)
2025-07-15T22:20:30.7425362Z Resolving deltas:  53% (307/578)
2025-07-15T22:20:30.7429160Z Resolving deltas:  54% (313/578)
2025-07-15T22:20:30.7433255Z Resolving deltas:  55% (318/578)
2025-07-15T22:20:30.7443678Z Resolving deltas:  56% (324/578)
2025-07-15T22:20:30.7448253Z Resolving deltas:  57% (330/578)
2025-07-15T22:20:30.7457390Z Resolving deltas:  58% (336/578)
2025-07-15T22:20:30.7464407Z Resolving deltas:  59% (342/578)
2025-07-15T22:20:30.7473534Z Resolving deltas:  60% (347/578)
2025-07-15T22:20:30.7483090Z Resolving deltas:  61% (353/578)
2025-07-15T22:20:30.7488486Z Resolving deltas:  62% (359/578)
2025-07-15T22:20:30.7496215Z Resolving deltas:  63% (365/578)
2025-07-15T22:20:30.7499528Z Resolving deltas:  64% (370/578)
2025-07-15T22:20:30.7509561Z Resolving deltas:  65% (376/578)
2025-07-15T22:20:30.7515464Z Resolving deltas:  66% (382/578)
2025-07-15T22:20:30.7519163Z Resolving deltas:  67% (388/578)
2025-07-15T22:20:30.7520925Z Resolving deltas:  68% (394/578)
2025-07-15T22:20:30.7525047Z Resolving deltas:  69% (399/578)
2025-07-15T22:20:30.7530030Z Resolving deltas:  70% (405/578)
2025-07-15T22:20:30.7537428Z Resolving deltas:  71% (411/578)
2025-07-15T22:20:30.7539943Z Resolving deltas:  72% (417/578)
2025-07-15T22:20:30.7546537Z Resolving deltas:  73% (422/578)
2025-07-15T22:20:30.7549744Z Resolving deltas:  74% (428/578)
2025-07-15T22:20:30.7552978Z Resolving deltas:  75% (434/578)
2025-07-15T22:20:30.7562614Z Resolving deltas:  76% (440/578)
2025-07-15T22:20:30.7571877Z Resolving deltas:  77% (446/578)
2025-07-15T22:20:30.7575681Z Resolving deltas:  78% (451/578)
2025-07-15T22:20:30.7581159Z Resolving deltas:  79% (457/578)
2025-07-15T22:20:30.7585827Z Resolving deltas:  80% (463/578)
2025-07-15T22:20:30.7590069Z Resolving deltas:  81% (469/578)
2025-07-15T22:20:30.7594123Z Resolving deltas:  82% (474/578)
2025-07-15T22:20:30.7598684Z Resolving deltas:  83% (481/578)
2025-07-15T22:20:30.7606215Z Resolving deltas:  84% (486/578)
2025-07-15T22:20:30.7620098Z Resolving deltas:  85% (492/578)
2025-07-15T22:20:30.7625253Z Resolving deltas:  86% (498/578)
2025-07-15T22:20:30.7636770Z Resolving deltas:  87% (503/578)
2025-07-15T22:20:30.7646705Z Resolving deltas:  88% (510/578)
2025-07-15T22:20:30.7657652Z Resolving deltas:  89% (515/578)
2025-07-15T22:20:30.7663179Z Resolving deltas:  90% (521/578)
2025-07-15T22:20:30.7665079Z Resolving deltas:  91% (526/578)
2025-07-15T22:20:30.7666797Z Resolving deltas:  92% (532/578)
2025-07-15T22:20:30.7668554Z Resolving deltas:  93% (539/578)
2025-07-15T22:20:30.7670404Z Resolving deltas:  94% (544/578)
2025-07-15T22:20:30.7672071Z Resolving deltas:  95% (550/578)
2025-07-15T22:20:30.7673811Z Resolving deltas:  96% (555/578)
2025-07-15T22:20:30.7674848Z Resolving deltas:  97% (561/578)
2025-07-15T22:20:30.7675869Z Resolving deltas:  98% (567/578)
2025-07-15T22:20:30.7676926Z Resolving deltas:  99% (573/578)
2025-07-15T22:20:30.7677930Z Resolving deltas: 100% (578/578)
2025-07-15T22:20:30.7678947Z Resolving deltas: 100% (578/578), done.
2025-07-15T22:20:30.7841383Z From https://github.com/Dinesh-4/Devops
2025-07-15T22:20:30.7843838Z  * [new ref]         bea0c27ce8ff5a4a2e3120fe3b60da04ca75213c -> origin/main
2025-07-15T22:20:30.7872439Z ##[endgroup]
2025-07-15T22:20:30.7874210Z ##[group]Determining the checkout info
2025-07-15T22:20:30.7875844Z ##[endgroup]
2025-07-15T22:20:30.7877152Z ##[group]Checking out the ref
2025-07-15T22:20:30.7878929Z [command]/usr/bin/git checkout --progress --force -B main refs/remotes/origin/main
2025-07-15T22:20:31.1330769Z Switched to a new branch 'main'
2025-07-15T22:20:31.1333185Z branch 'main' set up to track 'origin/main'.
2025-07-15T22:20:31.1351640Z ##[endgroup]
2025-07-15T22:20:31.1387192Z [command]/usr/bin/git log -1 --format='%H'
2025-07-15T22:20:31.1408309Z 'bea0c27ce8ff5a4a2e3120fe3b60da04ca75213c'
2025-07-15T22:20:31.1683880Z ##[group]Run actions/setup-python@v4
2025-07-15T22:20:31.1684959Z with:
2025-07-15T22:20:31.1685685Z   python-version: 3.10
2025-07-15T22:20:31.1686573Z   check-latest: false
2025-07-15T22:20:31.1687688Z   token: ***
2025-07-15T22:20:31.1688482Z   update-environment: true
2025-07-15T22:20:31.1689445Z   allow-prereleases: false
2025-07-15T22:20:31.1690382Z ##[endgroup]
2025-07-15T22:20:31.3336297Z ##[group]Installed versions
2025-07-15T22:20:31.3453011Z Successfully set up CPython (3.10.18)
2025-07-15T22:20:31.3455657Z ##[endgroup]
2025-07-15T22:20:31.3592364Z ##[group]Run python -m pip install --upgrade pip
2025-07-15T22:20:31.3593946Z [36;1mpython -m pip install --upgrade pip[0m
2025-07-15T22:20:31.3595097Z [36;1mpip install -r requirements.txt[0m
2025-07-15T22:20:31.3684605Z shell: /usr/bin/bash -e {0}
2025-07-15T22:20:31.3685469Z env:
2025-07-15T22:20:31.3686381Z   pythonLocation: /opt/hostedtoolcache/Python/3.10.18/x64
2025-07-15T22:20:31.3688049Z   PKG_CONFIG_PATH: /opt/hostedtoolcache/Python/3.10.18/x64/lib/pkgconfig
2025-07-15T22:20:31.3689655Z   Python_ROOT_DIR: /opt/hostedtoolcache/Python/3.10.18/x64
2025-07-15T22:20:31.3691072Z   Python2_ROOT_DIR: /opt/hostedtoolcache/Python/3.10.18/x64
2025-07-15T22:20:31.3692511Z   Python3_ROOT_DIR: /opt/hostedtoolcache/Python/3.10.18/x64
2025-07-15T22:20:31.3694195Z   LD_LIBRARY_PATH: /opt/hostedtoolcache/Python/3.10.18/x64/lib
2025-07-15T22:20:31.3695394Z ##[endgroup]
2025-07-15T22:20:33.5508932Z Requirement already satisfied: pip in /opt/hostedtoolcache/Python/3.10.18/x64/lib/python3.10/site-packages (25.1.1)
2025-07-15T22:20:34.2674791Z Collecting Flask==3.1.0 (from -r requirements.txt (line 1))
2025-07-15T22:20:34.3028098Z   Downloading flask-3.1.0-py3-none-any.whl.metadata (2.7 kB)
2025-07-15T22:20:34.3199838Z Collecting Flask-PyMongo==3.0.1 (from -r requirements.txt (line 2))
2025-07-15T22:20:34.3253240Z   Downloading flask_pymongo-3.0.1-py3-none-any.whl.metadata (3.5 kB)
2025-07-15T22:20:34.3788998Z Collecting pytest==8.2.1 (from -r requirements.txt (line 3))
2025-07-15T22:20:34.3839170Z   Downloading pytest-8.2.1-py3-none-any.whl.metadata (7.6 kB)
2025-07-15T22:20:34.3986473Z Collecting blinker==1.9.0 (from -r requirements.txt (line 4))
2025-07-15T22:20:34.4056919Z   Downloading blinker-1.9.0-py3-none-any.whl.metadata (1.6 kB)
2025-07-15T22:20:34.4257716Z Collecting certifi==2025.7.14 (from -r requirements.txt (line 5))
2025-07-15T22:20:34.4296844Z   Downloading certifi-2025.7.14-py3-none-any.whl.metadata (2.4 kB)
2025-07-15T22:20:34.5203315Z Collecting charset-normalizer==3.4.2 (from -r requirements.txt (line 6))
2025-07-15T22:20:34.5251135Z   Downloading charset_normalizer-3.4.2-cp310-cp310-manylinux_2_17_x86_64.manylinux2014_x86_64.whl.metadata (35 kB)
2025-07-15T22:20:34.5466603Z Collecting click==8.2.1 (from -r requirements.txt (line 7))
2025-07-15T22:20:34.5515766Z   Downloading click-8.2.1-py3-none-any.whl.metadata (2.5 kB)
2025-07-15T22:20:34.5677812Z Collecting dnspython==2.7.0 (from -r requirements.txt (line 8))
2025-07-15T22:20:34.5719776Z   Downloading dnspython-2.7.0-py3-none-any.whl.metadata (5.8 kB)
2025-07-15T22:20:34.5910524Z Collecting idna==3.10 (from -r requirements.txt (line 9))
2025-07-15T22:20:34.5950971Z   Downloading idna-3.10-py3-none-any.whl.metadata (10 kB)
2025-07-15T22:20:34.6087664Z Collecting itsdangerous==2.2.0 (from -r requirements.txt (line 10))
2025-07-15T22:20:34.6124700Z   Downloading itsdangerous-2.2.0-py3-none-any.whl.metadata (1.9 kB)
2025-07-15T22:20:34.6294139Z Collecting Jinja2==3.1.6 (from -r requirements.txt (line 11))
2025-07-15T22:20:34.6331356Z   Downloading jinja2-3.1.6-py3-none-any.whl.metadata (2.9 kB)
2025-07-15T22:20:34.6910889Z Collecting MarkupSafe==3.0.2 (from -r requirements.txt (line 12))
2025-07-15T22:20:34.6956952Z   Downloading MarkupSafe-3.0.2-cp310-cp310-manylinux_2_17_x86_64.manylinux2014_x86_64.whl.metadata (4.0 kB)
2025-07-15T22:20:34.7076102Z Collecting paho-mqtt==2.1.0 (from -r requirements.txt (line 13))
2025-07-15T22:20:34.7115999Z   Downloading paho_mqtt-2.1.0-py3-none-any.whl.metadata (23 kB)
2025-07-15T22:20:35.0550583Z Collecting pymongo==4.13.2 (from -r requirements.txt (line 14))
2025-07-15T22:20:35.0592872Z   Downloading pymongo-4.13.2-cp310-cp310-manylinux_2_17_x86_64.manylinux2014_x86_64.whl.metadata (22 kB)
2025-07-15T22:20:35.0928453Z Collecting python-dotenv==1.1.1 (from -r requirements.txt (line 15))
2025-07-15T22:20:35.0975198Z   Downloading python_dotenv-1.1.1-py3-none-any.whl.metadata (24 kB)
2025-07-15T22:20:35.1365793Z Collecting requests==2.32.4 (from -r requirements.txt (line 16))
2025-07-15T22:20:35.1406399Z   Downloading requests-2.32.4-py3-none-any.whl.metadata (4.9 kB)
2025-07-15T22:20:35.1680063Z Collecting urllib3==2.5.0 (from -r requirements.txt (line 17))
2025-07-15T22:20:35.1723298Z   Downloading urllib3-2.5.0-py3-none-any.whl.metadata (6.5 kB)
2025-07-15T22:20:35.1975573Z Collecting Werkzeug==3.1.3 (from -r requirements.txt (line 18))
2025-07-15T22:20:35.2013439Z   Downloading werkzeug-3.1.3-py3-none-any.whl.metadata (3.7 kB)
2025-07-15T22:20:35.2198496Z Collecting autodevops-cli==0.1.1 (from -r requirements.txt (line 19))
2025-07-15T22:20:35.2266082Z   Downloading autodevops_cli-0.1.1-py3-none-any.whl.metadata (494 bytes)
2025-07-15T22:20:35.2874263Z Collecting iniconfig==2.1.0 (from -r requirements.txt (line 20))
2025-07-15T22:20:35.2913212Z   Downloading iniconfig-2.1.0-py3-none-any.whl.metadata (2.7 kB)
2025-07-15T22:20:35.3584366Z Collecting loguru==0.7.3 (from -r requirements.txt (line 21))
2025-07-15T22:20:35.3623282Z   Downloading loguru-0.7.3-py3-none-any.whl.metadata (22 kB)
2025-07-15T22:20:35.3877582Z Collecting markdown-it-py==3.0.0 (from -r requirements.txt (line 22))
2025-07-15T22:20:35.3914416Z   Downloading markdown_it_py-3.0.0-py3-none-any.whl.metadata (6.9 kB)
2025-07-15T22:20:35.4098342Z Collecting mdurl==0.1.2 (from -r requirements.txt (line 23))
2025-07-15T22:20:35.4139408Z   Downloading mdurl-0.1.2-py3-none-any.whl.metadata (1.6 kB)
2025-07-15T22:20:35.4317540Z Collecting mongomock==4.3.0 (from -r requirements.txt (line 24))
2025-07-15T22:20:35.4364497Z   Downloading mongomock-4.3.0-py2.py3-none-any.whl.metadata (12 kB)
2025-07-15T22:20:35.4545773Z Collecting packaging==25.0 (from -r requirements.txt (line 25))
2025-07-15T22:20:35.4582618Z   Downloading packaging-25.0-py3-none-any.whl.metadata (3.3 kB)
2025-07-15T22:20:35.4738451Z Collecting pluggy==1.6.0 (from -r requirements.txt (line 26))
2025-07-15T22:20:35.4777586Z   Downloading pluggy-1.6.0-py3-none-any.whl.metadata (4.8 kB)
2025-07-15T22:20:35.4996982Z Collecting Pygments==2.19.2 (from -r requirements.txt (line 27))
2025-07-15T22:20:35.5058558Z   Downloading pygments-2.19.2-py3-none-any.whl.metadata (2.5 kB)
2025-07-15T22:20:35.5481426Z Collecting pytz==2025.2 (from -r requirements.txt (line 28))
2025-07-15T22:20:35.5520605Z   Downloading pytz-2025.2-py2.py3-none-any.whl.metadata (22 kB)
2025-07-15T22:20:35.5947941Z Collecting rich==14.0.0 (from -r requirements.txt (line 29))
2025-07-15T22:20:35.5988271Z   Downloading rich-14.0.0-py3-none-any.whl.metadata (18 kB)
2025-07-15T22:20:35.6126883Z Collecting sentinels==1.0.0 (from -r requirements.txt (line 30))
2025-07-15T22:20:35.6174281Z   Downloading sentinels-1.0.0.tar.gz (4.1 kB)
2025-07-15T22:20:35.6317957Z   Installing build dependencies: started
2025-07-15T22:20:36.4718347Z   Installing build dependencies: finished with status 'done'
2025-07-15T22:20:36.4726377Z   Getting requirements to build wheel: started
2025-07-15T22:20:36.8276414Z   Getting requirements to build wheel: finished with status 'done'
2025-07-15T22:20:36.8286198Z   Preparing metadata (pyproject.toml): started
2025-07-15T22:20:37.0058997Z   Preparing metadata (pyproject.toml): finished with status 'done'
2025-07-15T22:20:37.0217292Z Collecting sh==2.2.2 (from -r requirements.txt (line 31))
2025-07-15T22:20:37.0255045Z   Downloading sh-2.2.2-py3-none-any.whl.metadata (3.7 kB)
2025-07-15T22:20:37.0717097Z Collecting exceptiongroup>=1.0.0rc8 (from pytest==8.2.1->-r requirements.txt (line 3))
2025-07-15T22:20:37.0762320Z   Downloading exceptiongroup-1.3.0-py3-none-any.whl.metadata (6.7 kB)
2025-07-15T22:20:37.0956137Z Collecting tomli>=1 (from pytest==8.2.1->-r requirements.txt (line 3))
2025-07-15T22:20:37.0994226Z   Downloading tomli-2.2.1-py3-none-any.whl.metadata (10 kB)
2025-07-15T22:20:37.1785399Z Collecting typing-extensions<5.0,>=4.0.0 (from rich==14.0.0->-r requirements.txt (line 29))
2025-07-15T22:20:37.1827081Z   Downloading typing_extensions-4.14.1-py3-none-any.whl.metadata (3.0 kB)
2025-07-15T22:20:37.2011257Z Downloading flask-3.1.0-py3-none-any.whl (102 kB)
2025-07-15T22:20:37.2105321Z Downloading flask_pymongo-3.0.1-py3-none-any.whl (11 kB)
2025-07-15T22:20:37.2193467Z Downloading pytest-8.2.1-py3-none-any.whl (339 kB)
2025-07-15T22:20:37.2327778Z Downloading pluggy-1.6.0-py3-none-any.whl (20 kB)
2025-07-15T22:20:37.2420012Z Downloading blinker-1.9.0-py3-none-any.whl (8.5 kB)
2025-07-15T22:20:37.2478779Z Downloading certifi-2025.7.14-py3-none-any.whl (162 kB)
2025-07-15T22:20:37.2567743Z Downloading charset_normalizer-3.4.2-cp310-cp310-manylinux_2_17_x86_64.manylinux2014_x86_64.whl (149 kB)
2025-07-15T22:20:37.2644964Z Downloading click-8.2.1-py3-none-any.whl (102 kB)
2025-07-15T22:20:37.2704103Z Downloading dnspython-2.7.0-py3-none-any.whl (313 kB)
2025-07-15T22:20:37.2816285Z Downloading idna-3.10-py3-none-any.whl (70 kB)
2025-07-15T22:20:37.2877275Z Downloading itsdangerous-2.2.0-py3-none-any.whl (16 kB)
2025-07-15T22:20:37.2937396Z Downloading jinja2-3.1.6-py3-none-any.whl (134 kB)
2025-07-15T22:20:37.3028355Z Downloading MarkupSafe-3.0.2-cp310-cp310-manylinux_2_17_x86_64.manylinux2014_x86_64.whl (20 kB)
2025-07-15T22:20:37.3088835Z Downloading paho_mqtt-2.1.0-py3-none-any.whl (67 kB)
2025-07-15T22:20:37.3152241Z Downloading pymongo-4.13.2-cp310-cp310-manylinux_2_17_x86_64.manylinux2014_x86_64.whl (1.2 MB)
2025-07-15T22:20:37.3357574Z    ━━━━━━━━━━━━━━━━━━━━━━━━━━━━━━━━━━━━━━━━ 1.2/1.2 MB 64.6 MB/s eta 0:00:00
2025-07-15T22:20:37.3395097Z Downloading python_dotenv-1.1.1-py3-none-any.whl (20 kB)
2025-07-15T22:20:37.3455888Z Downloading requests-2.32.4-py3-none-any.whl (64 kB)
2025-07-15T22:20:37.3520059Z Downloading urllib3-2.5.0-py3-none-any.whl (129 kB)
2025-07-15T22:20:37.3607654Z Downloading werkzeug-3.1.3-py3-none-any.whl (224 kB)
2025-07-15T22:20:37.3707944Z Downloading autodevops_cli-0.1.1-py3-none-any.whl (4.1 kB)
2025-07-15T22:20:37.3766065Z Downloading iniconfig-2.1.0-py3-none-any.whl (6.0 kB)
2025-07-15T22:20:37.3820465Z Downloading loguru-0.7.3-py3-none-any.whl (61 kB)
2025-07-15T22:20:37.3883470Z Downloading markdown_it_py-3.0.0-py3-none-any.whl (87 kB)
2025-07-15T22:20:37.3946648Z Downloading mdurl-0.1.2-py3-none-any.whl (10.0 kB)
2025-07-15T22:20:37.4009358Z Downloading mongomock-4.3.0-py2.py3-none-any.whl (64 kB)
2025-07-15T22:20:37.4090513Z Downloading packaging-25.0-py3-none-any.whl (66 kB)
2025-07-15T22:20:37.4151495Z Downloading pygments-2.19.2-py3-none-any.whl (1.2 MB)
2025-07-15T22:20:37.4318584Z    ━━━━━━━━━━━━━━━━━━━━━━━━━━━━━━━━━━━━━━━━ 1.2/1.2 MB 79.0 MB/s eta 0:00:00
2025-07-15T22:20:37.4360167Z Downloading pytz-2025.2-py2.py3-none-any.whl (509 kB)
2025-07-15T22:20:37.4474978Z Downloading rich-14.0.0-py3-none-any.whl (243 kB)
2025-07-15T22:20:37.4549743Z Downloading sh-2.2.2-py3-none-any.whl (38 kB)
2025-07-15T22:20:37.4607250Z Downloading typing_extensions-4.14.1-py3-none-any.whl (43 kB)
2025-07-15T22:20:37.4674842Z Downloading exceptiongroup-1.3.0-py3-none-any.whl (16 kB)
2025-07-15T22:20:37.4734455Z Downloading tomli-2.2.1-py3-none-any.whl (14 kB)
2025-07-15T22:20:37.5091006Z Building wheels for collected packages: sentinels
2025-07-15T22:20:37.5100764Z   Building wheel for sentinels (pyproject.toml): started
2025-07-15T22:20:37.7099583Z   Building wheel for sentinels (pyproject.toml): finished with status 'done'
2025-07-15T22:20:37.7105214Z   Created wheel for sentinels: filename=sentinels-1.0.0-py3-none-any.whl size=3229 sha256=fe125b294f31c12e8219f14307564fc15638e527a41197798caf5e5290f3a96e
2025-07-15T22:20:37.7107480Z   Stored in directory: /home/runner/.cache/pip/wheels/26/bc/eb/67e56405e0684b3d8c011cf4d18129c41be394775fd5ba2347
2025-07-15T22:20:37.7122919Z Successfully built sentinels
2025-07-15T22:20:37.7866256Z Installing collected packages: sentinels, pytz, urllib3, typing-extensions, tomli, sh, python-dotenv, Pygments, pluggy, paho-mqtt, packaging, mdurl, MarkupSafe, loguru, itsdangerous, iniconfig, idna, dnspython, click, charset-normalizer, certifi, blinker, Werkzeug, requests, pymongo, mongomock, markdown-it-py, Jinja2, exceptiongroup, rich, pytest, Flask, Flask-PyMongo, autodevops-cli
2025-07-15T22:20:40.2463833Z 
2025-07-15T22:20:40.2523465Z Successfully installed Flask-3.1.0 Flask-PyMongo-3.0.1 Jinja2-3.1.6 MarkupSafe-3.0.2 Pygments-2.19.2 Werkzeug-3.1.3 autodevops-cli-0.1.1 blinker-1.9.0 certifi-2025.7.14 charset-normalizer-3.4.2 click-8.2.1 dnspython-2.7.0 exceptiongroup-1.3.0 idna-3.10 iniconfig-2.1.0 itsdangerous-2.2.0 loguru-0.7.3 markdown-it-py-3.0.0 mdurl-0.1.2 mongomock-4.3.0 packaging-25.0 paho-mqtt-2.1.0 pluggy-1.6.0 pymongo-4.13.2 pytest-8.2.1 python-dotenv-1.1.1 pytz-2025.2 requests-2.32.4 rich-14.0.0 sentinels-1.0.0 sh-2.2.2 tomli-2.2.1 typing-extensions-4.14.1 urllib3-2.5.0
2025-07-15T22:20:40.3822472Z ##[group]Run export PYTHONPATH=.
2025-07-15T22:20:40.3823130Z [36;1mexport PYTHONPATH=.[0m
2025-07-15T22:20:40.3823386Z [36;1mpytest test_main.py -v[0m
2025-07-15T22:20:40.3851816Z shell: /usr/bin/bash -e {0}
2025-07-15T22:20:40.3852036Z env:
2025-07-15T22:20:40.3852296Z   pythonLocation: /opt/hostedtoolcache/Python/3.10.18/x64
2025-07-15T22:20:40.3852903Z   PKG_CONFIG_PATH: /opt/hostedtoolcache/Python/3.10.18/x64/lib/pkgconfig
2025-07-15T22:20:40.3853292Z   Python_ROOT_DIR: /opt/hostedtoolcache/Python/3.10.18/x64
2025-07-15T22:20:40.3853633Z   Python2_ROOT_DIR: /opt/hostedtoolcache/Python/3.10.18/x64
2025-07-15T22:20:40.3853974Z   Python3_ROOT_DIR: /opt/hostedtoolcache/Python/3.10.18/x64
2025-07-15T22:20:40.3854309Z   LD_LIBRARY_PATH: /opt/hostedtoolcache/Python/3.10.18/x64/lib
2025-07-15T22:20:40.3854597Z ##[endgroup]
2025-07-15T22:20:40.7494343Z ============================= test session starts ==============================
2025-07-15T22:20:40.7495208Z platform linux -- Python 3.10.18, pytest-8.2.1, pluggy-1.6.0 -- /opt/hostedtoolcache/Python/3.10.18/x64/bin/python
2025-07-15T22:20:40.7495709Z cachedir: .pytest_cache
2025-07-15T22:20:40.7495951Z rootdir: /home/runner/work/Devops/Devops
2025-07-15T22:20:41.0382848Z collecting ... collected 7 items
2025-07-15T22:20:41.0383173Z 
2025-07-15T22:20:41.0514856Z test_main.py::test_home_page PASSED                                      [ 14%]
2025-07-15T22:20:41.0675947Z test_main.py::test_admin_dashboard PASSED                                [ 28%]
2025-07-15T22:20:41.0739271Z test_main.py::test_student_dashboard PASSED                              [ 42%]
2025-07-15T22:20:41.0782147Z test_main.py::test_generate_attendance_no_input PASSED                   [ 57%]
2025-07-15T22:20:41.0825373Z test_main.py::test_student_generate_attendance_invalid PASSED            [ 71%]
2025-07-15T22:20:41.0885713Z test_main.py::test_register_user_get PASSED                              [ 85%]
2025-07-15T22:20:41.0943535Z test_main.py::test_receive_rfid_missing PASSED                           [100%]
2025-07-15T22:20:41.0944219Z 
2025-07-15T22:20:41.0944438Z ============================== 7 passed in 0.34s ===============================
2025-07-15T22:20:41.1396793Z ##[group]Run docker/login-action@v3
2025-07-15T22:20:41.1397055Z with:
2025-07-15T22:20:41.1397540Z   username: ***
2025-07-15T22:20:41.1397800Z   password: ***
2025-07-15T22:20:41.1397975Z   ecr: auto
2025-07-15T22:20:41.1398140Z   logout: true
2025-07-15T22:20:41.1398305Z env:
2025-07-15T22:20:41.1398532Z   pythonLocation: /opt/hostedtoolcache/Python/3.10.18/x64
2025-07-15T22:20:41.1398928Z   PKG_CONFIG_PATH: /opt/hostedtoolcache/Python/3.10.18/x64/lib/pkgconfig
2025-07-15T22:20:41.1399309Z   Python_ROOT_DIR: /opt/hostedtoolcache/Python/3.10.18/x64
2025-07-15T22:20:41.1399645Z   Python2_ROOT_DIR: /opt/hostedtoolcache/Python/3.10.18/x64
2025-07-15T22:20:41.1399990Z   Python3_ROOT_DIR: /opt/hostedtoolcache/Python/3.10.18/x64
2025-07-15T22:20:41.1400332Z   LD_LIBRARY_PATH: /opt/hostedtoolcache/Python/3.10.18/x64/lib
2025-07-15T22:20:41.1400618Z ##[endgroup]
2025-07-15T22:20:41.4218906Z Logging into Docker Hub...
2025-07-15T22:20:41.7319332Z Login Succeeded!
2025-07-15T22:20:41.7445985Z ##[group]Run docker build -t ***/flask-ci-cd-demo .
2025-07-15T22:20:41.7446438Z [36;1mdocker build -t ***/flask-ci-cd-demo .[0m
2025-07-15T22:20:41.7474444Z shell: /usr/bin/bash -e {0}
2025-07-15T22:20:41.7474685Z env:
2025-07-15T22:20:41.7474931Z   pythonLocation: /opt/hostedtoolcache/Python/3.10.18/x64
2025-07-15T22:20:41.7475341Z   PKG_CONFIG_PATH: /opt/hostedtoolcache/Python/3.10.18/x64/lib/pkgconfig
2025-07-15T22:20:41.7475748Z   Python_ROOT_DIR: /opt/hostedtoolcache/Python/3.10.18/x64
2025-07-15T22:20:41.7476094Z   Python2_ROOT_DIR: /opt/hostedtoolcache/Python/3.10.18/x64
2025-07-15T22:20:41.7476433Z   Python3_ROOT_DIR: /opt/hostedtoolcache/Python/3.10.18/x64
2025-07-15T22:20:41.7476780Z   LD_LIBRARY_PATH: /opt/hostedtoolcache/Python/3.10.18/x64/lib
2025-07-15T22:20:41.7477070Z ##[endgroup]
2025-07-15T22:20:44.2333792Z #0 building with "default" instance using docker driver
2025-07-15T22:20:44.2334179Z 
2025-07-15T22:20:44.2334447Z #1 [internal] load build definition from Dockerfile
2025-07-15T22:20:44.2334905Z #1 transferring dockerfile: 798B done
2025-07-15T22:20:44.2335248Z #1 DONE 0.0s
2025-07-15T22:20:44.2335408Z 
2025-07-15T22:20:44.2335631Z #2 [auth] library/python:pull token for registry-1.docker.io
2025-07-15T22:20:44.2336072Z #2 DONE 0.0s
2025-07-15T22:20:44.2336227Z 
2025-07-15T22:20:44.2336462Z #3 [internal] load metadata for docker.io/library/python:3.10-slim
2025-07-15T22:20:44.5064344Z #3 DONE 0.5s
2025-07-15T22:20:44.6257924Z 
2025-07-15T22:20:44.6260718Z #4 [internal] load .dockerignore
2025-07-15T22:20:44.6261419Z #4 transferring context: 2B done
2025-07-15T22:20:44.6274646Z #4 DONE 0.0s
2025-07-15T22:20:44.6275007Z 
2025-07-15T22:20:44.6281924Z #5 [1/6] FROM docker.io/library/python:3.10-slim@sha256:9dd6774a1276178f94b0cc1fb1f0edd980825d0ea7634847af9940b1b6273c13
2025-07-15T22:20:44.6283447Z #5 resolve docker.io/library/python:3.10-slim@sha256:9dd6774a1276178f94b0cc1fb1f0edd980825d0ea7634847af9940b1b6273c13 done
2025-07-15T22:20:44.6285344Z #5 sha256:3da95a905ed546f99c4564407923a681757d89651a388ec3f1f5e9bf5ed0b39d 3.15MB / 28.23MB 0.1s
2025-07-15T22:20:44.6318746Z #5 sha256:0ebcc011f0ec7a9a900f7366b104730396a59032e64f04f3867a75f25ed48280 0B / 3.51MB 0.1s
2025-07-15T22:20:44.6319713Z #5 sha256:92d63ec5cbeb1348bad42929919fd8e78f38d96e388b5509d2929d76ddafb48e 0B / 15.65MB 0.1s
2025-07-15T22:20:44.6320678Z #5 sha256:9dd6774a1276178f94b0cc1fb1f0edd980825d0ea7634847af9940b1b6273c13 9.13kB / 9.13kB done
2025-07-15T22:20:44.6322410Z #5 sha256:c5dbd5ba857839a0aa9db765ea519c1514a40da811b4cf08c852b72fab4379d5 1.75kB / 1.75kB done
2025-07-15T22:20:44.6325595Z #5 sha256:563dffbdc42507a70677ee28b4bb678ad9074e3c9f75e3043523a38dcdf4f553 5.37kB / 5.37kB done
2025-07-15T22:20:44.7289690Z #5 sha256:3da95a905ed546f99c4564407923a681757d89651a388ec3f1f5e9bf5ed0b39d 18.87MB / 28.23MB 0.2s
2025-07-15T22:20:44.7291015Z #5 sha256:0ebcc011f0ec7a9a900f7366b104730396a59032e64f04f3867a75f25ed48280 3.51MB / 3.51MB 0.2s done
2025-07-15T22:20:44.7292423Z #5 sha256:92d63ec5cbeb1348bad42929919fd8e78f38d96e388b5509d2929d76ddafb48e 7.98MB / 15.65MB 0.2s
2025-07-15T22:20:44.7293884Z #5 sha256:64b78282ca88b226c404cb8dfdee72b75eea52c9ac7380c0439b6e03992e483f 0B / 248B 0.2s
2025-07-15T22:20:44.8304966Z #5 sha256:3da95a905ed546f99c4564407923a681757d89651a388ec3f1f5e9bf5ed0b39d 28.23MB / 28.23MB 0.3s done
2025-07-15T22:20:44.8306893Z #5 sha256:92d63ec5cbeb1348bad42929919fd8e78f38d96e388b5509d2929d76ddafb48e 12.58MB / 15.65MB 0.3s
2025-07-15T22:20:44.8308476Z #5 sha256:64b78282ca88b226c404cb8dfdee72b75eea52c9ac7380c0439b6e03992e483f 248B / 248B 0.2s done
2025-07-15T22:20:44.9553669Z #5 sha256:92d63ec5cbeb1348bad42929919fd8e78f38d96e388b5509d2929d76ddafb48e 15.65MB / 15.65MB 0.4s done
2025-07-15T22:20:44.9555607Z #5 extracting sha256:3da95a905ed546f99c4564407923a681757d89651a388ec3f1f5e9bf5ed0b39d 0.1s
2025-07-15T22:20:45.1665432Z #5 ...
2025-07-15T22:20:45.1666258Z 
2025-07-15T22:20:45.1666484Z #6 [internal] load build context
2025-07-15T22:20:45.1666942Z #6 transferring context: 64.96MB 0.6s done
2025-07-15T22:20:45.1667843Z #6 DONE 0.6s
2025-07-15T22:20:45.2742117Z 
2025-07-15T22:20:45.2743633Z #5 [1/6] FROM docker.io/library/python:3.10-slim@sha256:9dd6774a1276178f94b0cc1fb1f0edd980825d0ea7634847af9940b1b6273c13
2025-07-15T22:20:46.0203373Z #5 extracting sha256:3da95a905ed546f99c4564407923a681757d89651a388ec3f1f5e9bf5ed0b39d 1.2s done
2025-07-15T22:20:46.1714903Z #5 extracting sha256:0ebcc011f0ec7a9a900f7366b104730396a59032e64f04f3867a75f25ed48280 0.1s
2025-07-15T22:20:46.3268542Z #5 extracting sha256:0ebcc011f0ec7a9a900f7366b104730396a59032e64f04f3867a75f25ed48280 0.1s done
2025-07-15T22:20:46.4536314Z #5 extracting sha256:92d63ec5cbeb1348bad42929919fd8e78f38d96e388b5509d2929d76ddafb48e
2025-07-15T22:20:47.1282825Z #5 extracting sha256:92d63ec5cbeb1348bad42929919fd8e78f38d96e388b5509d2929d76ddafb48e 0.6s done
2025-07-15T22:20:47.1283983Z #5 extracting sha256:64b78282ca88b226c404cb8dfdee72b75eea52c9ac7380c0439b6e03992e483f
2025-07-15T22:20:47.3088411Z #5 extracting sha256:64b78282ca88b226c404cb8dfdee72b75eea52c9ac7380c0439b6e03992e483f done
2025-07-15T22:20:47.3088958Z #5 DONE 2.6s
2025-07-15T22:20:47.3089071Z 
2025-07-15T22:20:47.3089477Z #7 [2/6] RUN apt-get update &&     apt-get install -y --no-install-recommends     build-essential     curl     nano     git     && rm -rf /var/lib/apt/lists/*
2025-07-15T22:20:47.3100627Z #7 0.152 Get:1 http://deb.debian.org/debian bookworm InRelease [151 kB]
2025-07-15T22:20:47.4235754Z #7 0.161 Get:2 http://deb.debian.org/debian bookworm-updates InRelease [55.4 kB]
2025-07-15T22:20:47.4236687Z #7 0.162 Get:3 http://deb.debian.org/debian-security bookworm-security InRelease [48.0 kB]
2025-07-15T22:20:47.4237533Z #7 0.215 Get:4 http://deb.debian.org/debian bookworm/main amd64 Packages [8793 kB]
2025-07-15T22:20:47.4238334Z #7 0.265 Get:5 http://deb.debian.org/debian bookworm-updates/main amd64 Packages [756 B]
2025-07-15T22:20:47.6200687Z #7 0.311 Get:6 http://deb.debian.org/debian-security bookworm-security/main amd64 Packages [272 kB]
2025-07-15T22:20:48.1596271Z #7 1.002 Fetched 9320 kB in 1s (10.9 MB/s)
2025-07-15T22:20:48.5287666Z #7 1.002 Reading package lists...
2025-07-15T22:20:48.9550358Z #7 1.386 Reading package lists...
2025-07-15T22:20:49.1264402Z #7 1.807 Building dependency tree...
2025-07-15T22:20:49.1264916Z #7 1.884 Reading state information...
2025-07-15T22:20:49.1265415Z #7 1.968 The following additional packages will be installed:
2025-07-15T22:20:49.1265922Z #7 1.968   binutils binutils-common binutils-x86-64-linux-gnu bzip2 cpp cpp-12 dpkg-dev
2025-07-15T22:20:49.2784671Z #7 1.968   g++ g++-12 gcc gcc-12 git-man libasan8 libatomic1 libbinutils libbrotli1
2025-07-15T22:20:49.2785508Z #7 1.968   libc-dev-bin libc6-dev libcc1-0 libcrypt-dev libctf-nobfd0 libctf0
2025-07-15T22:20:49.2786360Z #7 1.969   libcurl3-gnutls libcurl4 libdpkg-perl liberror-perl libexpat1 libgcc-12-dev
2025-07-15T22:20:49.2787212Z #7 1.969   libgdbm-compat4 libgomp1 libgprofng0 libisl23 libitm1 libjansson4
2025-07-15T22:20:49.2788072Z #7 1.969   libldap-2.5-0 liblsan0 libmpc3 libmpfr6 libnghttp2-14 libnsl-dev libperl5.36
2025-07-15T22:20:49.2788931Z #7 1.969   libpsl5 libquadmath0 librtmp1 libsasl2-2 libsasl2-modules-db libssh2-1
2025-07-15T22:20:49.2790147Z #7 1.969   libstdc++-12-dev libtirpc-dev libtsan2 libubsan1 linux-libc-dev make patch
2025-07-15T22:20:49.2790863Z #7 1.969   perl perl-modules-5.36 rpcsvc-proto xz-utils
2025-07-15T22:20:49.2791351Z #7 1.970 Suggested packages:
2025-07-15T22:20:49.2791928Z #7 1.970   binutils-doc bzip2-doc cpp-doc gcc-12-locales cpp-12-doc debian-keyring
2025-07-15T22:20:49.2792914Z #7 1.970   g++-multilib g++-12-multilib gcc-12-doc gcc-multilib manpages-dev autoconf
2025-07-15T22:20:49.2793729Z #7 1.970   automake libtool flex bison gdb gcc-doc gcc-12-multilib gettext-base
2025-07-15T22:20:49.2794536Z #7 1.970   git-daemon-run | git-daemon-sysvinit git-doc git-email git-gui gitk gitweb
2025-07-15T22:20:49.2795367Z #7 1.970   git-cvs git-mediawiki git-svn glibc-doc gnupg | sq | sqop | pgpainless-cli
2025-07-15T22:20:49.2796422Z #7 1.970   sensible-utils bzr libstdc++-12-doc make-doc hunspell ed diffutils-doc
2025-07-15T22:20:49.2797252Z #7 1.970   perl-doc libterm-readline-gnu-perl | libterm-readline-perl-perl
2025-07-15T22:20:49.2797891Z #7 1.970   libtap-harness-archive-perl
2025-07-15T22:20:49.2798344Z #7 1.970 Recommended packages:
2025-07-15T22:20:49.2798911Z #7 1.970   fakeroot gnupg | sq | sqop | pgpainless-cli libalgorithm-merge-perl less
2025-07-15T22:20:49.2799721Z #7 1.970   ssh-client manpages manpages-dev libc-devtools libfile-fcntllock-perl
2025-07-15T22:20:49.2800557Z #7 1.970   liblocale-gettext-perl libldap-common publicsuffix libsasl2-modules
2025-07-15T22:20:49.4483507Z #7 2.290 The following NEW packages will be installed:
2025-07-15T22:20:49.4484907Z #7 2.290   binutils binutils-common binutils-x86-64-linux-gnu build-essential bzip2 cpp
2025-07-15T22:20:49.5488508Z #7 2.290   cpp-12 curl dpkg-dev g++ g++-12 gcc gcc-12 git git-man libasan8 libatomic1
2025-07-15T22:20:49.5489406Z #7 2.290   libbinutils libbrotli1 libc-dev-bin libc6-dev libcc1-0 libcrypt-dev
2025-07-15T22:20:49.5490250Z #7 2.290   libctf-nobfd0 libctf0 libcurl3-gnutls libcurl4 libdpkg-perl liberror-perl
2025-07-15T22:20:49.5491179Z #7 2.291   libexpat1 libgcc-12-dev libgdbm-compat4 libgomp1 libgprofng0 libisl23
2025-07-15T22:20:49.5491752Z #7 2.291   libitm1 libjansson4 libldap-2.5-0 liblsan0 libmpc3 libmpfr6 libnghttp2-14
2025-07-15T22:20:49.5492364Z #7 2.291   libnsl-dev libperl5.36 libpsl5 libquadmath0 librtmp1 libsasl2-2
2025-07-15T22:20:49.5493301Z #7 2.291   libsasl2-modules-db libssh2-1 libstdc++-12-dev libtirpc-dev libtsan2
2025-07-15T22:20:49.5494126Z #7 2.291   libubsan1 linux-libc-dev make nano patch perl perl-modules-5.36 rpcsvc-proto
2025-07-15T22:20:49.5494744Z #7 2.291   xz-utils
2025-07-15T22:20:49.5495194Z #7 2.320 0 upgraded, 62 newly installed, 0 to remove and 0 not upgraded.
2025-07-15T22:20:49.5495759Z #7 2.320 Need to get 85.7 MB of archives.
2025-07-15T22:20:49.5496317Z #7 2.320 After this operation, 370 MB of additional disk space will be used.
2025-07-15T22:20:49.5497255Z #7 2.320 Get:1 http://deb.debian.org/debian bookworm/main amd64 perl-modules-5.36 all 5.36.0-7+deb12u2 [2815 kB]
2025-07-15T22:20:49.5498094Z #7 2.340 Get:2 http://deb.debian.org/debian bookworm/main amd64 libgdbm-compat4 amd64 1.23-3 [48.2 kB]
2025-07-15T22:20:49.5498717Z #7 2.342 Get:3 http://deb.debian.org/debian bookworm/main amd64 libperl5.36 amd64 5.36.0-7+deb12u2 [4207 kB]
2025-07-15T22:20:49.5499322Z #7 2.371 Get:4 http://deb.debian.org/debian bookworm/main amd64 perl amd64 5.36.0-7+deb12u2 [239 kB]
2025-07-15T22:20:49.5499890Z #7 2.374 Get:5 http://deb.debian.org/debian bookworm/main amd64 nano amd64 7.2-1+deb12u1 [690 kB]
2025-07-15T22:20:49.5500429Z #7 2.377 Get:6 http://deb.debian.org/debian bookworm/main amd64 bzip2 amd64 1.0.8-5+b1 [49.8 kB]
2025-07-15T22:20:49.5500946Z #7 2.378 Get:7 http://deb.debian.org/debian bookworm/main amd64 xz-utils amd64 5.4.1-1 [471 kB]
2025-07-15T22:20:49.5501493Z #7 2.380 Get:8 http://deb.debian.org/debian bookworm/main amd64 binutils-common amd64 2.40-2 [2487 kB]
2025-07-15T22:20:49.5502048Z #7 2.391 Get:9 http://deb.debian.org/debian bookworm/main amd64 libbinutils amd64 2.40-2 [572 kB]
2025-07-15T22:20:49.6542905Z #7 2.393 Get:10 http://deb.debian.org/debian bookworm/main amd64 libctf-nobfd0 amd64 2.40-2 [153 kB]
2025-07-15T22:20:49.6543939Z #7 2.394 Get:11 http://deb.debian.org/debian bookworm/main amd64 libctf0 amd64 2.40-2 [89.8 kB]
2025-07-15T22:20:49.6544837Z #7 2.395 Get:12 http://deb.debian.org/debian bookworm/main amd64 libgprofng0 amd64 2.40-2 [812 kB]
2025-07-15T22:20:49.6545856Z #7 2.398 Get:13 http://deb.debian.org/debian bookworm/main amd64 libjansson4 amd64 2.14-2 [40.8 kB]
2025-07-15T22:20:49.6546809Z #7 2.398 Get:14 http://deb.debian.org/debian bookworm/main amd64 binutils-x86-64-linux-gnu amd64 2.40-2 [2246 kB]
2025-07-15T22:20:49.6547834Z #7 2.406 Get:15 http://deb.debian.org/debian bookworm/main amd64 binutils amd64 2.40-2 [65.0 kB]
2025-07-15T22:20:49.6549056Z #7 2.407 Get:16 http://deb.debian.org/debian bookworm/main amd64 libc-dev-bin amd64 2.36-9+deb12u10 [47.1 kB]
2025-07-15T22:20:49.6550248Z #7 2.407 Get:17 http://deb.debian.org/debian-security bookworm-security/main amd64 linux-libc-dev amd64 6.1.140-1 [2145 kB]
2025-07-15T22:20:49.6551515Z #7 2.413 Get:18 http://deb.debian.org/debian bookworm/main amd64 libcrypt-dev amd64 1:4.4.33-2 [118 kB]
2025-07-15T22:20:49.6552457Z #7 2.413 Get:19 http://deb.debian.org/debian bookworm/main amd64 libtirpc-dev amd64 1.3.3+ds-1 [191 kB]
2025-07-15T22:20:49.6553564Z #7 2.414 Get:20 http://deb.debian.org/debian bookworm/main amd64 libnsl-dev amd64 1.3.0-2 [66.4 kB]
2025-07-15T22:20:49.6554490Z #7 2.415 Get:21 http://deb.debian.org/debian bookworm/main amd64 rpcsvc-proto amd64 1.4.3-1 [63.3 kB]
2025-07-15T22:20:49.6555556Z #7 2.415 Get:22 http://deb.debian.org/debian bookworm/main amd64 libc6-dev amd64 2.36-9+deb12u10 [1903 kB]
2025-07-15T22:20:49.6556444Z #7 2.422 Get:23 http://deb.debian.org/debian bookworm/main amd64 libisl23 amd64 0.25-1.1 [683 kB]
2025-07-15T22:20:49.6557391Z #7 2.425 Get:24 http://deb.debian.org/debian bookworm/main amd64 libmpfr6 amd64 4.2.0-1 [701 kB]
2025-07-15T22:20:49.6558243Z #7 2.428 Get:25 http://deb.debian.org/debian bookworm/main amd64 libmpc3 amd64 1.3.1-1 [51.5 kB]
2025-07-15T22:20:49.6559202Z #7 2.428 Get:26 http://deb.debian.org/debian bookworm/main amd64 cpp-12 amd64 12.2.0-14+deb12u1 [9768 kB]
2025-07-15T22:20:49.6560144Z #7 2.462 Get:27 http://deb.debian.org/debian bookworm/main amd64 cpp amd64 4:12.2.0-3 [6836 B]
2025-07-15T22:20:49.6561020Z #7 2.462 Get:28 http://deb.debian.org/debian bookworm/main amd64 libcc1-0 amd64 12.2.0-14+deb12u1 [41.7 kB]
2025-07-15T22:20:49.6561992Z #7 2.463 Get:29 http://deb.debian.org/debian bookworm/main amd64 libgomp1 amd64 12.2.0-14+deb12u1 [116 kB]
2025-07-15T22:20:49.6563128Z #7 2.463 Get:30 http://deb.debian.org/debian bookworm/main amd64 libitm1 amd64 12.2.0-14+deb12u1 [26.1 kB]
2025-07-15T22:20:49.6564112Z #7 2.464 Get:31 http://deb.debian.org/debian bookworm/main amd64 libatomic1 amd64 12.2.0-14+deb12u1 [9376 B]
2025-07-15T22:20:49.6565116Z #7 2.464 Get:32 http://deb.debian.org/debian bookworm/main amd64 libasan8 amd64 12.2.0-14+deb12u1 [2193 kB]
2025-07-15T22:20:49.6566211Z #7 2.472 Get:33 http://deb.debian.org/debian bookworm/main amd64 liblsan0 amd64 12.2.0-14+deb12u1 [969 kB]
2025-07-15T22:20:49.6567202Z #7 2.475 Get:34 http://deb.debian.org/debian bookworm/main amd64 libtsan2 amd64 12.2.0-14+deb12u1 [2197 kB]
2025-07-15T22:20:49.6568212Z #7 2.483 Get:35 http://deb.debian.org/debian bookworm/main amd64 libubsan1 amd64 12.2.0-14+deb12u1 [883 kB]
2025-07-15T22:20:49.6569206Z #7 2.487 Get:36 http://deb.debian.org/debian bookworm/main amd64 libquadmath0 amd64 12.2.0-14+deb12u1 [145 kB]
2025-07-15T22:20:49.6570203Z #7 2.487 Get:37 http://deb.debian.org/debian bookworm/main amd64 libgcc-12-dev amd64 12.2.0-14+deb12u1 [2437 kB]
2025-07-15T22:20:49.6571183Z #7 2.496 Get:38 http://deb.debian.org/debian bookworm/main amd64 gcc-12 amd64 12.2.0-14+deb12u1 [19.3 MB]
2025-07-15T22:20:49.7766955Z #7 2.574 Get:39 http://deb.debian.org/debian bookworm/main amd64 gcc amd64 4:12.2.0-3 [5216 B]
2025-07-15T22:20:49.7768089Z #7 2.575 Get:40 http://deb.debian.org/debian bookworm/main amd64 libstdc++-12-dev amd64 12.2.0-14+deb12u1 [2047 kB]
2025-07-15T22:20:49.7769510Z #7 2.582 Get:41 http://deb.debian.org/debian bookworm/main amd64 g++-12 amd64 12.2.0-14+deb12u1 [10.7 MB]
2025-07-15T22:20:49.7770491Z #7 2.619 Get:42 http://deb.debian.org/debian bookworm/main amd64 g++ amd64 4:12.2.0-3 [1356 B]
2025-07-15T22:20:49.9290859Z #7 2.619 Get:43 http://deb.debian.org/debian bookworm/main amd64 make amd64 4.3-4.1 [396 kB]
2025-07-15T22:20:49.9292569Z #7 2.620 Get:44 http://deb.debian.org/debian bookworm/main amd64 libdpkg-perl all 1.21.22 [603 kB]
2025-07-15T22:20:49.9293781Z #7 2.623 Get:45 http://deb.debian.org/debian bookworm/main amd64 patch amd64 2.7.6-7 [128 kB]
2025-07-15T22:20:49.9294673Z #7 2.624 Get:46 http://deb.debian.org/debian bookworm/main amd64 dpkg-dev all 1.21.22 [1353 kB]
2025-07-15T22:20:49.9295891Z #7 2.628 Get:47 http://deb.debian.org/debian bookworm/main amd64 build-essential amd64 12.9 [7704 B]
2025-07-15T22:20:49.9296857Z #7 2.629 Get:48 http://deb.debian.org/debian bookworm/main amd64 libbrotli1 amd64 1.0.9-2+b6 [275 kB]
2025-07-15T22:20:49.9297905Z #7 2.630 Get:49 http://deb.debian.org/debian bookworm/main amd64 libsasl2-modules-db amd64 2.1.28+dfsg-10 [20.3 kB]
2025-07-15T22:20:49.9298966Z #7 2.630 Get:50 http://deb.debian.org/debian bookworm/main amd64 libsasl2-2 amd64 2.1.28+dfsg-10 [59.7 kB]
2025-07-15T22:20:49.9299974Z #7 2.631 Get:51 http://deb.debian.org/debian bookworm/main amd64 libldap-2.5-0 amd64 2.5.13+dfsg-5 [183 kB]
2025-07-15T22:20:49.9301008Z #7 2.632 Get:52 http://deb.debian.org/debian bookworm/main amd64 libnghttp2-14 amd64 1.52.0-1+deb12u2 [73.0 kB]
2025-07-15T22:20:49.9301979Z #7 2.632 Get:53 http://deb.debian.org/debian bookworm/main amd64 libpsl5 amd64 0.21.2-1 [58.7 kB]
2025-07-15T22:20:49.9303205Z #7 2.633 Get:54 http://deb.debian.org/debian bookworm/main amd64 librtmp1 amd64 2.4+20151223.gitfa8646d.1-2+b2 [60.8 kB]
2025-07-15T22:20:49.9304251Z #7 2.633 Get:55 http://deb.debian.org/debian bookworm/main amd64 libssh2-1 amd64 1.10.0-3+b1 [179 kB]
2025-07-15T22:20:49.9305206Z #7 2.634 Get:56 http://deb.debian.org/debian bookworm/main amd64 libcurl4 amd64 7.88.1-10+deb12u12 [391 kB]
2025-07-15T22:20:49.9305795Z #7 2.636 Get:57 http://deb.debian.org/debian bookworm/main amd64 curl amd64 7.88.1-10+deb12u12 [315 kB]
2025-07-15T22:20:49.9306423Z #7 2.637 Get:58 http://deb.debian.org/debian bookworm/main amd64 libcurl3-gnutls amd64 7.88.1-10+deb12u12 [386 kB]
2025-07-15T22:20:49.9307463Z #7 2.639 Get:59 http://deb.debian.org/debian bookworm/main amd64 libexpat1 amd64 2.5.0-1+deb12u1 [98.9 kB]
2025-07-15T22:20:49.9308448Z #7 2.639 Get:60 http://deb.debian.org/debian bookworm/main amd64 liberror-perl all 0.17029-2 [29.0 kB]
2025-07-15T22:20:49.9309447Z #7 2.640 Get:61 http://deb.debian.org/debian bookworm/main amd64 git-man all 1:2.39.5-0+deb12u2 [2053 kB]
2025-07-15T22:20:49.9310434Z #7 2.648 Get:62 http://deb.debian.org/debian bookworm/main amd64 git amd64 1:2.39.5-0+deb12u2 [7260 kB]
2025-07-15T22:20:49.9311340Z #7 2.771 debconf: delaying package configuration, since apt-utils is not installed
2025-07-15T22:20:50.1274616Z #7 2.795 Fetched 85.7 MB in 0s (228 MB/s)
2025-07-15T22:20:50.1275316Z #7 2.811 Selecting previously unselected package perl-modules-5.36.
2025-07-15T22:20:50.1275902Z #7 2.811 (Reading database ... 
2025-07-15T22:20:50.1276269Z (Reading database ... 5%
2025-07-15T22:20:50.1276642Z (Reading database ... 10%
2025-07-15T22:20:50.1276993Z (Reading database ... 15%
2025-07-15T22:20:50.1277318Z (Reading database ... 20%
2025-07-15T22:20:50.1277664Z (Reading database ... 25%
2025-07-15T22:20:50.1277990Z (Reading database ... 30%
2025-07-15T22:20:50.1278316Z (Reading database ... 35%
2025-07-15T22:20:50.1278659Z (Reading database ... 40%
2025-07-15T22:20:50.1278982Z (Reading database ... 45%
2025-07-15T22:20:50.1279321Z (Reading database ... 50%
2025-07-15T22:20:50.1279653Z (Reading database ... 55%
2025-07-15T22:20:50.1280005Z (Reading database ... 60%
2025-07-15T22:20:50.1280347Z (Reading database ... 65%
2025-07-15T22:20:50.1280669Z (Reading database ... 70%
2025-07-15T22:20:50.1281412Z (Reading database ... 75%
2025-07-15T22:20:50.1281730Z (Reading database ... 80%
2025-07-15T22:20:50.1282077Z (Reading database ... 85%
2025-07-15T22:20:50.1282402Z (Reading database ... 90%
2025-07-15T22:20:50.1282905Z (Reading database ... 95%
2025-07-15T22:20:50.1283261Z (Reading database ... 100%
2025-07-15T22:20:50.1283754Z (Reading database ... 6688 files and directories currently installed.)
2025-07-15T22:20:50.1284535Z #7 2.817 Preparing to unpack .../00-perl-modules-5.36_5.36.0-7+deb12u2_all.deb ...
2025-07-15T22:20:50.1285217Z #7 2.819 Unpacking perl-modules-5.36 (5.36.0-7+deb12u2) ...
2025-07-15T22:20:50.2620675Z #7 3.104 Selecting previously unselected package libgdbm-compat4:amd64.
2025-07-15T22:20:50.4365547Z #7 3.105 Preparing to unpack .../01-libgdbm-compat4_1.23-3_amd64.deb ...
2025-07-15T22:20:50.4366798Z #7 3.107 Unpacking libgdbm-compat4:amd64 (1.23-3) ...
2025-07-15T22:20:50.4367467Z #7 3.126 Selecting previously unselected package libperl5.36:amd64.
2025-07-15T22:20:50.4368214Z #7 3.127 Preparing to unpack .../02-libperl5.36_5.36.0-7+deb12u2_amd64.deb ...
2025-07-15T22:20:50.4368892Z #7 3.128 Unpacking libperl5.36:amd64 (5.36.0-7+deb12u2) ...
2025-07-15T22:20:50.5689061Z #7 3.411 Selecting previously unselected package perl.
2025-07-15T22:20:50.6882302Z #7 3.412 Preparing to unpack .../03-perl_5.36.0-7+deb12u2_amd64.deb ...
2025-07-15T22:20:50.6884367Z #7 3.418 Unpacking perl (5.36.0-7+deb12u2) ...
2025-07-15T22:20:50.6884873Z #7 3.446 Selecting previously unselected package nano.
2025-07-15T22:20:50.6885452Z #7 3.447 Preparing to unpack .../04-nano_7.2-1+deb12u1_amd64.deb ...
2025-07-15T22:20:50.6885976Z #7 3.448 Unpacking nano (7.2-1+deb12u1) ...
2025-07-15T22:20:50.6886449Z #7 3.509 Selecting previously unselected package bzip2.
2025-07-15T22:20:50.6887031Z #7 3.510 Preparing to unpack .../05-bzip2_1.0.8-5+b1_amd64.deb ...
2025-07-15T22:20:50.6887527Z #7 3.511 Unpacking bzip2 (1.0.8-5+b1) ...
2025-07-15T22:20:50.6887997Z #7 3.530 Selecting previously unselected package xz-utils.
2025-07-15T22:20:50.8882584Z #7 3.531 Preparing to unpack .../06-xz-utils_5.4.1-1_amd64.deb ...
2025-07-15T22:20:50.8884089Z #7 3.532 Unpacking xz-utils (5.4.1-1) ...
2025-07-15T22:20:50.8884676Z #7 3.578 Selecting previously unselected package binutils-common:amd64.
2025-07-15T22:20:50.8885404Z #7 3.578 Preparing to unpack .../07-binutils-common_2.40-2_amd64.deb ...
2025-07-15T22:20:50.8886018Z #7 3.580 Unpacking binutils-common:amd64 (2.40-2) ...
2025-07-15T22:20:50.9037326Z #7 3.746 Selecting previously unselected package libbinutils:amd64.
2025-07-15T22:20:51.0074495Z #7 3.747 Preparing to unpack .../08-libbinutils_2.40-2_amd64.deb ...
2025-07-15T22:20:51.0075101Z #7 3.748 Unpacking libbinutils:amd64 (2.40-2) ...
2025-07-15T22:20:51.0075496Z #7 3.799 Selecting previously unselected package libctf-nobfd0:amd64.
2025-07-15T22:20:51.0075958Z #7 3.801 Preparing to unpack .../09-libctf-nobfd0_2.40-2_amd64.deb ...
2025-07-15T22:20:51.0076317Z #7 3.802 Unpacking libctf-nobfd0:amd64 (2.40-2) ...
2025-07-15T22:20:51.0076665Z #7 3.827 Selecting previously unselected package libctf0:amd64.
2025-07-15T22:20:51.0077027Z #7 3.828 Preparing to unpack .../10-libctf0_2.40-2_amd64.deb ...
2025-07-15T22:20:51.0077329Z #7 3.829 Unpacking libctf0:amd64 (2.40-2) ...
2025-07-15T22:20:51.0077659Z #7 3.849 Selecting previously unselected package libgprofng0:amd64.
2025-07-15T22:20:51.2485711Z #7 3.850 Preparing to unpack .../11-libgprofng0_2.40-2_amd64.deb ...
2025-07-15T22:20:51.2486352Z #7 3.851 Unpacking libgprofng0:amd64 (2.40-2) ...
2025-07-15T22:20:51.2486953Z #7 3.919 Selecting previously unselected package libjansson4:amd64.
2025-07-15T22:20:51.2487547Z #7 3.921 Preparing to unpack .../12-libjansson4_2.14-2_amd64.deb ...
2025-07-15T22:20:51.2487929Z #7 3.922 Unpacking libjansson4:amd64 (2.14-2) ...
2025-07-15T22:20:51.2488357Z #7 3.938 Selecting previously unselected package binutils-x86-64-linux-gnu.
2025-07-15T22:20:51.2488856Z #7 3.939 Preparing to unpack .../13-binutils-x86-64-linux-gnu_2.40-2_amd64.deb ...
2025-07-15T22:20:51.2489562Z #7 3.940 Unpacking binutils-x86-64-linux-gnu (2.40-2) ...
2025-07-15T22:20:51.2649689Z #7 4.107 Selecting previously unselected package binutils.
2025-07-15T22:20:51.4595945Z #7 4.108 Preparing to unpack .../14-binutils_2.40-2_amd64.deb ...
2025-07-15T22:20:51.4596516Z #7 4.110 Unpacking binutils (2.40-2) ...
2025-07-15T22:20:51.4596853Z #7 4.130 Selecting previously unselected package libc-dev-bin.
2025-07-15T22:20:51.4597310Z #7 4.131 Preparing to unpack .../15-libc-dev-bin_2.36-9+deb12u10_amd64.deb ...
2025-07-15T22:20:51.4597748Z #7 4.133 Unpacking libc-dev-bin (2.36-9+deb12u10) ...
2025-07-15T22:20:51.4598129Z #7 4.149 Selecting previously unselected package linux-libc-dev:amd64.
2025-07-15T22:20:51.4598574Z #7 4.150 Preparing to unpack .../16-linux-libc-dev_6.1.140-1_amd64.deb ...
2025-07-15T22:20:51.4599235Z #7 4.151 Unpacking linux-libc-dev:amd64 (6.1.140-1) ...
2025-07-15T22:20:51.5085495Z #7 4.350 Selecting previously unselected package libcrypt-dev:amd64.
2025-07-15T22:20:51.6109357Z #7 4.352 Preparing to unpack .../17-libcrypt-dev_1%3a4.4.33-2_amd64.deb ...
2025-07-15T22:20:51.6110072Z #7 4.357 Unpacking libcrypt-dev:amd64 (1:4.4.33-2) ...
2025-07-15T22:20:51.6110710Z #7 4.379 Selecting previously unselected package libtirpc-dev:amd64.
2025-07-15T22:20:51.6111226Z #7 4.380 Preparing to unpack .../18-libtirpc-dev_1.3.3+ds-1_amd64.deb ...
2025-07-15T22:20:51.6111597Z #7 4.381 Unpacking libtirpc-dev:amd64 (1.3.3+ds-1) ...
2025-07-15T22:20:51.6111953Z #7 4.408 Selecting previously unselected package libnsl-dev:amd64.
2025-07-15T22:20:51.6112353Z #7 4.409 Preparing to unpack .../19-libnsl-dev_1.3.0-2_amd64.deb ...
2025-07-15T22:20:51.6112889Z #7 4.410 Unpacking libnsl-dev:amd64 (1.3.0-2) ...
2025-07-15T22:20:51.6113228Z #7 4.430 Selecting previously unselected package rpcsvc-proto.
2025-07-15T22:20:51.6113638Z #7 4.432 Preparing to unpack .../20-rpcsvc-proto_1.4.3-1_amd64.deb ...
2025-07-15T22:20:51.6113976Z #7 4.433 Unpacking rpcsvc-proto (1.4.3-1) ...
2025-07-15T22:20:51.6114309Z #7 4.453 Selecting previously unselected package libc6-dev:amd64.
2025-07-15T22:20:51.7636293Z #7 4.454 Preparing to unpack .../21-libc6-dev_2.36-9+deb12u10_amd64.deb ...
2025-07-15T22:20:51.7636759Z #7 4.455 Unpacking libc6-dev:amd64 (2.36-9+deb12u10) ...
2025-07-15T22:20:51.7788565Z #7 4.621 Selecting previously unselected package libisl23:amd64.
2025-07-15T22:20:51.8814041Z #7 4.622 Preparing to unpack .../22-libisl23_0.25-1.1_amd64.deb ...
2025-07-15T22:20:51.8814645Z #7 4.623 Unpacking libisl23:amd64 (0.25-1.1) ...
2025-07-15T22:20:51.8815176Z #7 4.681 Selecting previously unselected package libmpfr6:amd64.
2025-07-15T22:20:51.8815781Z #7 4.682 Preparing to unpack .../23-libmpfr6_4.2.0-1_amd64.deb ...
2025-07-15T22:20:51.8816285Z #7 4.683 Unpacking libmpfr6:amd64 (4.2.0-1) ...
2025-07-15T22:20:51.8816819Z #7 4.723 Selecting previously unselected package libmpc3:amd64.
2025-07-15T22:20:52.0539991Z #7 4.725 Preparing to unpack .../24-libmpc3_1.3.1-1_amd64.deb ...
2025-07-15T22:20:52.0540612Z #7 4.726 Unpacking libmpc3:amd64 (1.3.1-1) ...
2025-07-15T22:20:52.0541046Z #7 4.743 Selecting previously unselected package cpp-12.
2025-07-15T22:20:52.0541429Z #7 4.744 Preparing to unpack .../25-cpp-12_12.2.0-14+deb12u1_amd64.deb ...
2025-07-15T22:20:52.0541790Z #7 4.745 Unpacking cpp-12 (12.2.0-14+deb12u1) ...
2025-07-15T22:20:52.3902473Z #7 5.232 Selecting previously unselected package cpp.
2025-07-15T22:20:52.5028438Z #7 5.234 Preparing to unpack .../26-cpp_4%3a12.2.0-3_amd64.deb ...
2025-07-15T22:20:52.5028840Z #7 5.234 Unpacking cpp (4:12.2.0-3) ...
2025-07-15T22:20:52.5029171Z #7 5.250 Selecting previously unselected package libcc1-0:amd64.
2025-07-15T22:20:52.5029578Z #7 5.251 Preparing to unpack .../27-libcc1-0_12.2.0-14+deb12u1_amd64.deb ...
2025-07-15T22:20:52.5029968Z #7 5.252 Unpacking libcc1-0:amd64 (12.2.0-14+deb12u1) ...
2025-07-15T22:20:52.5030336Z #7 5.282 Selecting previously unselected package libgomp1:amd64.
2025-07-15T22:20:52.5030736Z #7 5.283 Preparing to unpack .../28-libgomp1_12.2.0-14+deb12u1_amd64.deb ...
2025-07-15T22:20:52.5031379Z #7 5.284 Unpacking libgomp1:amd64 (12.2.0-14+deb12u1) ...
2025-07-15T22:20:52.5031715Z #7 5.309 Selecting previously unselected package libitm1:amd64.
2025-07-15T22:20:52.5032095Z #7 5.310 Preparing to unpack .../29-libitm1_12.2.0-14+deb12u1_amd64.deb ...
2025-07-15T22:20:52.5032456Z #7 5.311 Unpacking libitm1:amd64 (12.2.0-14+deb12u1) ...
2025-07-15T22:20:52.5033099Z #7 5.327 Selecting previously unselected package libatomic1:amd64.
2025-07-15T22:20:52.5033553Z #7 5.328 Preparing to unpack .../30-libatomic1_12.2.0-14+deb12u1_amd64.deb ...
2025-07-15T22:20:52.5033925Z #7 5.329 Unpacking libatomic1:amd64 (12.2.0-14+deb12u1) ...
2025-07-15T22:20:52.5034264Z #7 5.345 Selecting previously unselected package libasan8:amd64.
2025-07-15T22:20:52.6556058Z #7 5.346 Preparing to unpack .../31-libasan8_12.2.0-14+deb12u1_amd64.deb ...
2025-07-15T22:20:52.6556658Z #7 5.347 Unpacking libasan8:amd64 (12.2.0-14+deb12u1) ...
2025-07-15T22:20:52.6838038Z #7 5.526 Selecting previously unselected package liblsan0:amd64.
2025-07-15T22:20:52.9146741Z #7 5.527 Preparing to unpack .../32-liblsan0_12.2.0-14+deb12u1_amd64.deb ...
2025-07-15T22:20:52.9147497Z #7 5.528 Unpacking liblsan0:amd64 (12.2.0-14+deb12u1) ...
2025-07-15T22:20:52.9149366Z #7 5.604 Selecting previously unselected package libtsan2:amd64.
2025-07-15T22:20:52.9150074Z #7 5.605 Preparing to unpack .../33-libtsan2_12.2.0-14+deb12u1_amd64.deb ...
2025-07-15T22:20:52.9150718Z #7 5.606 Unpacking libtsan2:amd64 (12.2.0-14+deb12u1) ...
2025-07-15T22:20:52.9151310Z #7 5.757 Selecting previously unselected package libubsan1:amd64.
2025-07-15T22:20:53.1629389Z #7 5.759 Preparing to unpack .../34-libubsan1_12.2.0-14+deb12u1_amd64.deb ...
2025-07-15T22:20:53.1629908Z #7 5.760 Unpacking libubsan1:amd64 (12.2.0-14+deb12u1) ...
2025-07-15T22:20:53.1630560Z #7 5.828 Selecting previously unselected package libquadmath0:amd64.
2025-07-15T22:20:53.1631353Z #7 5.830 Preparing to unpack .../35-libquadmath0_12.2.0-14+deb12u1_amd64.deb ...
2025-07-15T22:20:53.1632025Z #7 5.831 Unpacking libquadmath0:amd64 (12.2.0-14+deb12u1) ...
2025-07-15T22:20:53.1632602Z #7 5.852 Selecting previously unselected package libgcc-12-dev:amd64.
2025-07-15T22:20:53.1633461Z #7 5.854 Preparing to unpack .../36-libgcc-12-dev_12.2.0-14+deb12u1_amd64.deb ...
2025-07-15T22:20:53.1634098Z #7 5.854 Unpacking libgcc-12-dev:amd64 (12.2.0-14+deb12u1) ...
2025-07-15T22:20:53.1707045Z #7 6.013 Selecting previously unselected package gcc-12.
2025-07-15T22:20:53.3240675Z #7 6.014 Preparing to unpack .../37-gcc-12_12.2.0-14+deb12u1_amd64.deb ...
2025-07-15T22:20:53.3248002Z #7 6.015 Unpacking gcc-12 (12.2.0-14+deb12u1) ...
2025-07-15T22:20:53.7536561Z #7 6.595 Selecting previously unselected package gcc.
2025-07-15T22:20:53.9263785Z #7 6.597 Preparing to unpack .../38-gcc_4%3a12.2.0-3_amd64.deb ...
2025-07-15T22:20:53.9264296Z #7 6.598 Unpacking gcc (4:12.2.0-3) ...
2025-07-15T22:20:53.9264669Z #7 6.616 Selecting previously unselected package libstdc++-12-dev:amd64.
2025-07-15T22:20:53.9265356Z #7 6.617 Preparing to unpack .../39-libstdc++-12-dev_12.2.0-14+deb12u1_amd64.deb ...
2025-07-15T22:20:53.9265843Z #7 6.618 Unpacking libstdc++-12-dev:amd64 (12.2.0-14+deb12u1) ...
2025-07-15T22:20:53.9798922Z #7 6.822 Selecting previously unselected package g++-12.
2025-07-15T22:20:54.1334090Z #7 6.824 Preparing to unpack .../40-g++-12_12.2.0-14+deb12u1_amd64.deb ...
2025-07-15T22:20:54.1334748Z #7 6.825 Unpacking g++-12 (12.2.0-14+deb12u1) ...
2025-07-15T22:20:54.4862433Z #7 7.328 Selecting previously unselected package g++.
2025-07-15T22:20:54.5975249Z #7 7.330 Preparing to unpack .../41-g++_4%3a12.2.0-3_amd64.deb ...
2025-07-15T22:20:54.5976094Z #7 7.331 Unpacking g++ (4:12.2.0-3) ...
2025-07-15T22:20:54.5976473Z #7 7.344 Selecting previously unselected package make.
2025-07-15T22:20:54.5976850Z #7 7.345 Preparing to unpack .../42-make_4.3-4.1_amd64.deb ...
2025-07-15T22:20:54.5977152Z #7 7.346 Unpacking make (4.3-4.1) ...
2025-07-15T22:20:54.5977450Z #7 7.383 Selecting previously unselected package libdpkg-perl.
2025-07-15T22:20:54.5978108Z #7 7.384 Preparing to unpack .../43-libdpkg-perl_1.21.22_all.deb ...
2025-07-15T22:20:54.5978458Z #7 7.385 Unpacking libdpkg-perl (1.21.22) ...
2025-07-15T22:20:54.5978764Z #7 7.440 Selecting previously unselected package patch.
2025-07-15T22:20:54.7095084Z #7 7.441 Preparing to unpack .../44-patch_2.7.6-7_amd64.deb ...
2025-07-15T22:20:54.7095660Z #7 7.442 Unpacking patch (2.7.6-7) ...
2025-07-15T22:20:54.7096062Z #7 7.463 Selecting previously unselected package dpkg-dev.
2025-07-15T22:20:54.7096450Z #7 7.464 Preparing to unpack .../45-dpkg-dev_1.21.22_all.deb ...
2025-07-15T22:20:54.7096771Z #7 7.465 Unpacking dpkg-dev (1.21.22) ...
2025-07-15T22:20:54.7097089Z #7 7.552 Selecting previously unselected package build-essential.
2025-07-15T22:20:54.8257696Z #7 7.553 Preparing to unpack .../46-build-essential_12.9_amd64.deb ...
2025-07-15T22:20:54.8258270Z #7 7.554 Unpacking build-essential (12.9) ...
2025-07-15T22:20:54.8258683Z #7 7.569 Selecting previously unselected package libbrotli1:amd64.
2025-07-15T22:20:54.8259104Z #7 7.570 Preparing to unpack .../47-libbrotli1_1.0.9-2+b6_amd64.deb ...
2025-07-15T22:20:54.8259454Z #7 7.571 Unpacking libbrotli1:amd64 (1.0.9-2+b6) ...
2025-07-15T22:20:54.8259826Z #7 7.601 Selecting previously unselected package libsasl2-modules-db:amd64.
2025-07-15T22:20:54.8260273Z #7 7.603 Preparing to unpack .../48-libsasl2-modules-db_2.1.28+dfsg-10_amd64.deb ...
2025-07-15T22:20:54.8260680Z #7 7.604 Unpacking libsasl2-modules-db:amd64 (2.1.28+dfsg-10) ...
2025-07-15T22:20:54.8261053Z #7 7.619 Selecting previously unselected package libsasl2-2:amd64.
2025-07-15T22:20:54.8261447Z #7 7.620 Preparing to unpack .../49-libsasl2-2_2.1.28+dfsg-10_amd64.deb ...
2025-07-15T22:20:54.8261799Z #7 7.621 Unpacking libsasl2-2:amd64 (2.1.28+dfsg-10) ...
2025-07-15T22:20:54.8262158Z #7 7.639 Selecting previously unselected package libldap-2.5-0:amd64.
2025-07-15T22:20:54.8262570Z #7 7.640 Preparing to unpack .../50-libldap-2.5-0_2.5.13+dfsg-5_amd64.deb ...
2025-07-15T22:20:54.8263161Z #7 7.641 Unpacking libldap-2.5-0:amd64 (2.5.13+dfsg-5) ...
2025-07-15T22:20:54.8263520Z #7 7.668 Selecting previously unselected package libnghttp2-14:amd64.
2025-07-15T22:20:54.9508874Z #7 7.669 Preparing to unpack .../51-libnghttp2-14_1.52.0-1+deb12u2_amd64.deb ...
2025-07-15T22:20:54.9509673Z #7 7.670 Unpacking libnghttp2-14:amd64 (1.52.0-1+deb12u2) ...
2025-07-15T22:20:54.9510284Z #7 7.689 Selecting previously unselected package libpsl5:amd64.
2025-07-15T22:20:54.9510898Z #7 7.690 Preparing to unpack .../52-libpsl5_0.21.2-1_amd64.deb ...
2025-07-15T22:20:54.9511434Z #7 7.691 Unpacking libpsl5:amd64 (0.21.2-1) ...
2025-07-15T22:20:54.9511974Z #7 7.709 Selecting previously unselected package librtmp1:amd64.
2025-07-15T22:20:54.9512567Z #7 7.710 Preparing to unpack .../53-librtmp1_2.4+20151223.gitfa8646d.1-2+b2_amd64.deb ...
2025-07-15T22:20:54.9513363Z #7 7.711 Unpacking librtmp1:amd64 (2.4+20151223.gitfa8646d.1-2+b2) ...
2025-07-15T22:20:54.9513762Z #7 7.729 Selecting previously unselected package libssh2-1:amd64.
2025-07-15T22:20:54.9514154Z #7 7.730 Preparing to unpack .../54-libssh2-1_1.10.0-3+b1_amd64.deb ...
2025-07-15T22:20:54.9514496Z #7 7.731 Unpacking libssh2-1:amd64 (1.10.0-3+b1) ...
2025-07-15T22:20:54.9514821Z #7 7.758 Selecting previously unselected package libcurl4:amd64.
2025-07-15T22:20:54.9515208Z #7 7.759 Preparing to unpack .../55-libcurl4_7.88.1-10+deb12u12_amd64.deb ...
2025-07-15T22:20:54.9515567Z #7 7.760 Unpacking libcurl4:amd64 (7.88.1-10+deb12u12) ...
2025-07-15T22:20:54.9515891Z #7 7.793 Selecting previously unselected package curl.
2025-07-15T22:20:55.0654067Z #7 7.795 Preparing to unpack .../56-curl_7.88.1-10+deb12u12_amd64.deb ...
2025-07-15T22:20:55.0654747Z #7 7.796 Unpacking curl (7.88.1-10+deb12u12) ...
2025-07-15T22:20:55.0655400Z #7 7.826 Selecting previously unselected package libcurl3-gnutls:amd64.
2025-07-15T22:20:55.0656180Z #7 7.828 Preparing to unpack .../57-libcurl3-gnutls_7.88.1-10+deb12u12_amd64.deb ...
2025-07-15T22:20:55.0657177Z #7 7.829 Unpacking libcurl3-gnutls:amd64 (7.88.1-10+deb12u12) ...
2025-07-15T22:20:55.0657710Z #7 7.864 Selecting previously unselected package libexpat1:amd64.
2025-07-15T22:20:55.0658122Z #7 7.866 Preparing to unpack .../58-libexpat1_2.5.0-1+deb12u1_amd64.deb ...
2025-07-15T22:20:55.0658484Z #7 7.867 Unpacking libexpat1:amd64 (2.5.0-1+deb12u1) ...
2025-07-15T22:20:55.0658843Z #7 7.887 Selecting previously unselected package liberror-perl.
2025-07-15T22:20:55.0659239Z #7 7.888 Preparing to unpack .../59-liberror-perl_0.17029-2_all.deb ...
2025-07-15T22:20:55.0659596Z #7 7.889 Unpacking liberror-perl (0.17029-2) ...
2025-07-15T22:20:55.0659898Z #7 7.907 Selecting previously unselected package git-man.
2025-07-15T22:20:55.3080227Z #7 7.909 Preparing to unpack .../60-git-man_1%3a2.39.5-0+deb12u2_all.deb ...
2025-07-15T22:20:55.3082039Z #7 7.910 Unpacking git-man (1:2.39.5-0+deb12u2) ...
2025-07-15T22:20:55.3082598Z #7 7.992 Selecting previously unselected package git.
2025-07-15T22:20:55.3083469Z #7 7.994 Preparing to unpack .../61-git_1%3a2.39.5-0+deb12u2_amd64.deb ...
2025-07-15T22:20:55.3084080Z #7 7.999 Unpacking git (1:2.39.5-0+deb12u2) ...
2025-07-15T22:20:55.4645242Z #7 8.306 Setting up libexpat1:amd64 (2.5.0-1+deb12u1) ...
2025-07-15T22:20:55.5646128Z #7 8.309 Setting up libpsl5:amd64 (0.21.2-1) ...
2025-07-15T22:20:55.5646713Z #7 8.311 Setting up libbrotli1:amd64 (1.0.9-2+b6) ...
2025-07-15T22:20:55.5647298Z #7 8.314 Setting up binutils-common:amd64 (2.40-2) ...
2025-07-15T22:20:55.5647895Z #7 8.321 Setting up libnghttp2-14:amd64 (1.52.0-1+deb12u2) ...
2025-07-15T22:20:55.5648257Z #7 8.324 Setting up linux-libc-dev:amd64 (6.1.140-1) ...
2025-07-15T22:20:55.5648721Z #7 8.326 Setting up libctf-nobfd0:amd64 (2.40-2) ...
2025-07-15T22:20:55.5649073Z #7 8.328 Setting up libgomp1:amd64 (12.2.0-14+deb12u1) ...
2025-07-15T22:20:55.5649420Z #7 8.331 Setting up bzip2 (1.0.8-5+b1) ...
2025-07-15T22:20:55.5649843Z #7 8.333 Setting up libjansson4:amd64 (2.14-2) ...
2025-07-15T22:20:55.5650196Z #7 8.336 Setting up libsasl2-modules-db:amd64 (2.1.28+dfsg-10) ...
2025-07-15T22:20:55.5650704Z #7 8.338 Setting up perl-modules-5.36 (5.36.0-7+deb12u2) ...
2025-07-15T22:20:55.5651041Z #7 8.340 Setting up libtirpc-dev:amd64 (1.3.3+ds-1) ...
2025-07-15T22:20:55.5651411Z #7 8.343 Setting up rpcsvc-proto (1.4.3-1) ...
2025-07-15T22:20:55.5651746Z #7 8.345 Setting up make (4.3-4.1) ...
2025-07-15T22:20:55.5652008Z #7 8.348 Setting up libmpfr6:amd64 (4.2.0-1) ...
2025-07-15T22:20:55.5652395Z #7 8.350 Setting up librtmp1:amd64 (2.4+20151223.gitfa8646d.1-2+b2) ...
2025-07-15T22:20:55.5653080Z #7 8.353 Setting up xz-utils (5.4.1-1) ...
2025-07-15T22:20:55.5653499Z #7 8.357 update-alternatives: using /usr/bin/xz to provide /usr/bin/lzma (lzma) in auto mode
2025-07-15T22:20:55.5654362Z #7 8.357 update-alternatives: warning: skip creation of /usr/share/man/man1/lzma.1.gz because associated file /usr/share/man/man1/xz.1.gz (of link group lzma) doesn't exist
2025-07-15T22:20:55.5655688Z #7 8.357 update-alternatives: warning: skip creation of /usr/share/man/man1/unlzma.1.gz because associated file /usr/share/man/man1/unxz.1.gz (of link group lzma) doesn't exist
2025-07-15T22:20:55.5656891Z #7 8.358 update-alternatives: warning: skip creation of /usr/share/man/man1/lzcat.1.gz because associated file /usr/share/man/man1/xzcat.1.gz (of link group lzma) doesn't exist
2025-07-15T22:20:55.5658059Z #7 8.358 update-alternatives: warning: skip creation of /usr/share/man/man1/lzmore.1.gz because associated file /usr/share/man/man1/xzmore.1.gz (of link group lzma) doesn't exist
2025-07-15T22:20:55.5659361Z #7 8.358 update-alternatives: warning: skip creation of /usr/share/man/man1/lzless.1.gz because associated file /usr/share/man/man1/xzless.1.gz (of link group lzma) doesn't exist
2025-07-15T22:20:55.5660530Z #7 8.358 update-alternatives: warning: skip creation of /usr/share/man/man1/lzdiff.1.gz because associated file /usr/share/man/man1/xzdiff.1.gz (of link group lzma) doesn't exist
2025-07-15T22:20:55.5661744Z #7 8.359 update-alternatives: warning: skip creation of /usr/share/man/man1/lzcmp.1.gz because associated file /usr/share/man/man1/xzcmp.1.gz (of link group lzma) doesn't exist
2025-07-15T22:20:55.5663478Z #7 8.359 update-alternatives: warning: skip creation of /usr/share/man/man1/lzgrep.1.gz because associated file /usr/share/man/man1/xzgrep.1.gz (of link group lzma) doesn't exist
2025-07-15T22:20:55.5664663Z #7 8.359 update-alternatives: warning: skip creation of /usr/share/man/man1/lzegrep.1.gz because associated file /usr/share/man/man1/xzegrep.1.gz (of link group lzma) doesn't exist
2025-07-15T22:20:55.5665856Z #7 8.359 update-alternatives: warning: skip creation of /usr/share/man/man1/lzfgrep.1.gz because associated file /usr/share/man/man1/xzfgrep.1.gz (of link group lzma) doesn't exist
2025-07-15T22:20:55.5666720Z #7 8.362 Setting up libquadmath0:amd64 (12.2.0-14+deb12u1) ...
2025-07-15T22:20:55.5667337Z #7 8.365 Setting up libmpc3:amd64 (1.3.1-1) ...
2025-07-15T22:20:55.5667688Z #7 8.367 Setting up libatomic1:amd64 (12.2.0-14+deb12u1) ...
2025-07-15T22:20:55.5668063Z #7 8.370 Setting up patch (2.7.6-7) ...
2025-07-15T22:20:55.5668338Z #7 8.372 Setting up libgdbm-compat4:amd64 (1.23-3) ...
2025-07-15T22:20:55.5668647Z #7 8.374 Setting up libsasl2-2:amd64 (2.1.28+dfsg-10) ...
2025-07-15T22:20:55.5669011Z #7 8.377 Setting up libubsan1:amd64 (12.2.0-14+deb12u1) ...
2025-07-15T22:20:55.5669553Z #7 8.379 Setting up nano (7.2-1+deb12u1) ...
2025-07-15T22:20:55.5670302Z #7 8.384 update-alternatives: using /bin/nano to provide /usr/bin/editor (editor) in auto mode
2025-07-15T22:20:55.5671698Z #7 8.384 update-alternatives: warning: skip creation of /usr/share/man/man1/editor.1.gz because associated file /usr/share/man/man1/nano.1.gz (of link group editor) doesn't exist
2025-07-15T22:20:55.5672891Z #7 8.386 update-alternatives: using /bin/nano to provide /usr/bin/pico (pico) in auto mode
2025-07-15T22:20:55.5673966Z #7 8.386 update-alternatives: warning: skip creation of /usr/share/man/man1/pico.1.gz because associated file /usr/share/man/man1/nano.1.gz (of link group pico) doesn't exist
2025-07-15T22:20:55.5674728Z #7 8.388 Setting up libnsl-dev:amd64 (1.3.0-2) ...
2025-07-15T22:20:55.5675037Z #7 8.390 Setting up libcrypt-dev:amd64 (1:4.4.33-2) ...
2025-07-15T22:20:55.5675377Z #7 8.397 Setting up libasan8:amd64 (12.2.0-14+deb12u1) ...
2025-07-15T22:20:55.5675753Z #7 8.399 Setting up git-man (1:2.39.5-0+deb12u2) ...
2025-07-15T22:20:55.5676045Z #7 8.402 Setting up libssh2-1:amd64 (1.10.0-3+b1) ...
2025-07-15T22:20:55.5676497Z #7 8.404 Setting up libtsan2:amd64 (12.2.0-14+deb12u1) ...
2025-07-15T22:20:55.5676802Z #7 8.407 Setting up libbinutils:amd64 (2.40-2) ...
2025-07-15T22:20:55.6723139Z #7 8.409 Setting up libisl23:amd64 (0.25-1.1) ...
2025-07-15T22:20:55.6723937Z #7 8.412 Setting up libc-dev-bin (2.36-9+deb12u10) ...
2025-07-15T22:20:55.6724517Z #7 8.415 Setting up libcc1-0:amd64 (12.2.0-14+deb12u1) ...
2025-07-15T22:20:55.6725095Z #7 8.417 Setting up libperl5.36:amd64 (5.36.0-7+deb12u2) ...
2025-07-15T22:20:55.6725645Z #7 8.420 Setting up liblsan0:amd64 (12.2.0-14+deb12u1) ...
2025-07-15T22:20:55.6726193Z #7 8.422 Setting up libitm1:amd64 (12.2.0-14+deb12u1) ...
2025-07-15T22:20:55.6726693Z #7 8.424 Setting up libctf0:amd64 (2.40-2) ...
2025-07-15T22:20:55.6727161Z #7 8.430 Setting up cpp-12 (12.2.0-14+deb12u1) ...
2025-07-15T22:20:55.6727586Z #7 8.433 Setting up libldap-2.5-0:amd64 (2.5.13+dfsg-5) ...
2025-07-15T22:20:55.6727935Z #7 8.436 Setting up perl (5.36.0-7+deb12u2) ...
2025-07-15T22:20:55.6728252Z #7 8.445 Setting up libgprofng0:amd64 (2.40-2) ...
2025-07-15T22:20:55.6728601Z #7 8.448 Setting up libgcc-12-dev:amd64 (12.2.0-14+deb12u1) ...
2025-07-15T22:20:55.6729046Z #7 8.450 Setting up libdpkg-perl (1.21.22) ...
2025-07-15T22:20:55.6729511Z #7 8.453 Setting up cpp (4:12.2.0-3) ...
2025-07-15T22:20:55.6729863Z #7 8.459 Setting up libcurl4:amd64 (7.88.1-10+deb12u12) ...
2025-07-15T22:20:55.6730231Z #7 8.462 Setting up libc6-dev:amd64 (2.36-9+deb12u10) ...
2025-07-15T22:20:55.6730558Z #7 8.464 Setting up curl (7.88.1-10+deb12u12) ...
2025-07-15T22:20:55.6732816Z #7 8.467 Setting up binutils-x86-64-linux-gnu (2.40-2) ...
2025-07-15T22:20:55.6733485Z #7 8.470 Setting up libstdc++-12-dev:amd64 (12.2.0-14+deb12u1) ...
2025-07-15T22:20:55.6733922Z #7 8.473 Setting up libcurl3-gnutls:amd64 (7.88.1-10+deb12u12) ...
2025-07-15T22:20:55.6734280Z #7 8.476 Setting up binutils (2.40-2) ...
2025-07-15T22:20:55.6734672Z #7 8.480 Setting up dpkg-dev (1.21.22) ...
2025-07-15T22:20:55.6734979Z #7 8.485 Setting up liberror-perl (0.17029-2) ...
2025-07-15T22:20:55.6735296Z #7 8.489 Setting up gcc-12 (12.2.0-14+deb12u1) ...
2025-07-15T22:20:55.6735614Z #7 8.493 Setting up git (1:2.39.5-0+deb12u2) ...
2025-07-15T22:20:55.6735913Z #7 8.501 Setting up g++-12 (12.2.0-14+deb12u1) ...
2025-07-15T22:20:55.6736200Z #7 8.505 Setting up gcc (4:12.2.0-3) ...
2025-07-15T22:20:55.6736460Z #7 8.514 Setting up g++ (4:12.2.0-3) ...
2025-07-15T22:20:55.8330609Z #7 8.518 update-alternatives: using /usr/bin/g++ to provide /usr/bin/c++ (c++) in auto mode
2025-07-15T22:20:55.8331167Z #7 8.521 Setting up build-essential (12.9) ...
2025-07-15T22:20:55.8331546Z #7 8.524 Processing triggers for libc-bin (2.36-9+deb12u10) ...
2025-07-15T22:20:56.2961157Z #7 DONE 9.1s
2025-07-15T22:20:56.4557891Z 
2025-07-15T22:20:56.4558318Z #8 [3/6] WORKDIR /app
2025-07-15T22:20:56.4558697Z #8 DONE 0.0s
2025-07-15T22:20:56.4558830Z 
2025-07-15T22:20:56.4558906Z #9 [4/6] COPY . .
2025-07-15T22:20:56.8861824Z #9 DONE 0.6s
2025-07-15T22:20:57.0370236Z 
2025-07-15T22:20:57.0370719Z #10 [5/6] RUN pip install --upgrade pip
2025-07-15T22:20:58.1143503Z #10 1.227 Requirement already satisfied: pip in /usr/local/lib/python3.10/site-packages (23.0.1)
2025-07-15T22:20:58.2211756Z #10 1.334 Collecting pip
2025-07-15T22:20:58.3498499Z #10 1.374   Downloading pip-25.1.1-py3-none-any.whl (1.8 MB)
2025-07-15T22:20:58.3500836Z #10 1.420      ━━━━━━━━━━━━━━━━━━━━━━━━━━━━━━━━━━━━━━━━ 1.8/1.8 MB 42.1 MB/s eta 0:00:00
2025-07-15T22:20:58.3502079Z #10 1.463 Installing collected packages: pip
2025-07-15T22:20:58.5013944Z #10 1.463   Attempting uninstall: pip
2025-07-15T22:20:58.5014517Z #10 1.464     Found existing installation: pip 23.0.1
2025-07-15T22:20:58.5249182Z #10 1.638     Uninstalling pip-23.0.1:
2025-07-15T22:20:58.6851896Z #10 1.648       Successfully uninstalled pip-23.0.1
2025-07-15T22:20:59.3228028Z #10 2.436 Successfully installed pip-25.1.1
2025-07-15T22:20:59.4740589Z #10 2.436 WARNING: Running pip as the 'root' user can result in broken permissions and conflicting behaviour with the system package manager. It is recommended to use a virtual environment instead: https://pip.pypa.io/warnings/venv
2025-07-15T22:20:59.5066965Z #10 DONE 2.6s
2025-07-15T22:20:59.6579790Z 
2025-07-15T22:20:59.6580404Z #11 [6/6] RUN pip install --no-cache-dir -r requirements.txt
2025-07-15T22:21:00.3474755Z #11 0.840 Collecting Flask==3.1.0 (from -r requirements.txt (line 1))
2025-07-15T22:21:00.4490603Z #11 0.877   Downloading flask-3.1.0-py3-none-any.whl.metadata (2.7 kB)
2025-07-15T22:21:00.4491190Z #11 0.888 Collecting Flask-PyMongo==3.0.1 (from -r requirements.txt (line 2))
2025-07-15T22:21:00.4491773Z #11 0.893   Downloading flask_pymongo-3.0.1-py3-none-any.whl.metadata (3.5 kB)
2025-07-15T22:21:00.4492320Z #11 0.938 Collecting pytest==8.2.1 (from -r requirements.txt (line 3))
2025-07-15T22:21:00.4493118Z #11 0.942   Downloading pytest-8.2.1-py3-none-any.whl.metadata (7.6 kB)
2025-07-15T22:21:00.5600224Z #11 0.952 Collecting blinker==1.9.0 (from -r requirements.txt (line 4))
2025-07-15T22:21:00.5600917Z #11 0.955   Downloading blinker-1.9.0-py3-none-any.whl.metadata (1.6 kB)
2025-07-15T22:21:00.5601522Z #11 0.971 Collecting certifi==2025.7.14 (from -r requirements.txt (line 5))
2025-07-15T22:21:00.5602147Z #11 0.974   Downloading certifi-2025.7.14-py3-none-any.whl.metadata (2.4 kB)
2025-07-15T22:21:00.5603066Z #11 1.053 Collecting charset-normalizer==3.4.2 (from -r requirements.txt (line 6))
2025-07-15T22:21:00.6896813Z #11 1.056   Downloading charset_normalizer-3.4.2-cp310-cp310-manylinux_2_17_x86_64.manylinux2014_x86_64.whl.metadata (35 kB)
2025-07-15T22:21:00.6898458Z #11 1.071 Collecting click==8.2.1 (from -r requirements.txt (line 7))
2025-07-15T22:21:00.6899067Z #11 1.075   Downloading click-8.2.1-py3-none-any.whl.metadata (2.5 kB)
2025-07-15T22:21:00.6899649Z #11 1.084 Collecting dnspython==2.7.0 (from -r requirements.txt (line 8))
2025-07-15T22:21:00.6900211Z #11 1.087   Downloading dnspython-2.7.0-py3-none-any.whl.metadata (5.8 kB)
2025-07-15T22:21:00.6900737Z #11 1.100 Collecting idna==3.10 (from -r requirements.txt (line 9))
2025-07-15T22:21:00.6901225Z #11 1.104   Downloading idna-3.10-py3-none-any.whl.metadata (10 kB)
2025-07-15T22:21:00.6901797Z #11 1.113 Collecting itsdangerous==2.2.0 (from -r requirements.txt (line 10))
2025-07-15T22:21:00.6902312Z #11 1.117   Downloading itsdangerous-2.2.0-py3-none-any.whl.metadata (1.9 kB)
2025-07-15T22:21:00.6903461Z #11 1.128 Collecting Jinja2==3.1.6 (from -r requirements.txt (line 11))
2025-07-15T22:21:00.6904136Z #11 1.132   Downloading jinja2-3.1.6-py3-none-any.whl.metadata (2.9 kB)
2025-07-15T22:21:00.6904859Z #11 1.182 Collecting MarkupSafe==3.0.2 (from -r requirements.txt (line 12))
2025-07-15T22:21:00.8541509Z #11 1.186   Downloading MarkupSafe-3.0.2-cp310-cp310-manylinux_2_17_x86_64.manylinux2014_x86_64.whl.metadata (4.0 kB)
2025-07-15T22:21:00.8542545Z #11 1.193 Collecting paho-mqtt==2.1.0 (from -r requirements.txt (line 13))
2025-07-15T22:21:00.8543490Z #11 1.196   Downloading paho_mqtt-2.1.0-py3-none-any.whl.metadata (23 kB)
2025-07-15T22:21:01.0125465Z #11 1.505 Collecting pymongo==4.13.2 (from -r requirements.txt (line 14))
2025-07-15T22:21:01.1191819Z #11 1.509   Downloading pymongo-4.13.2-cp310-cp310-manylinux_2_17_x86_64.manylinux2014_x86_64.whl.metadata (22 kB)
2025-07-15T22:21:01.1193027Z #11 1.528 Collecting python-dotenv==1.1.1 (from -r requirements.txt (line 15))
2025-07-15T22:21:01.1193699Z #11 1.532   Downloading python_dotenv-1.1.1-py3-none-any.whl.metadata (24 kB)
2025-07-15T22:21:01.1194201Z #11 1.554 Collecting requests==2.32.4 (from -r requirements.txt (line 16))
2025-07-15T22:21:01.1194698Z #11 1.558   Downloading requests-2.32.4-py3-none-any.whl.metadata (4.9 kB)
2025-07-15T22:21:01.1195167Z #11 1.578 Collecting urllib3==2.5.0 (from -r requirements.txt (line 17))
2025-07-15T22:21:01.1195621Z #11 1.582   Downloading urllib3-2.5.0-py3-none-any.whl.metadata (6.5 kB)
2025-07-15T22:21:01.1196085Z #11 1.600 Collecting Werkzeug==3.1.3 (from -r requirements.txt (line 18))
2025-07-15T22:21:01.1196794Z #11 1.604   Downloading werkzeug-3.1.3-py3-none-any.whl.metadata (3.7 kB)
2025-07-15T22:21:01.1197475Z #11 1.612 Collecting autodevops-cli==0.1.1 (from -r requirements.txt (line 19))
2025-07-15T22:21:01.2254058Z #11 1.617   Downloading autodevops_cli-0.1.1-py3-none-any.whl.metadata (494 bytes)
2025-07-15T22:21:01.2254923Z #11 1.624 Collecting iniconfig==2.1.0 (from -r requirements.txt (line 20))
2025-07-15T22:21:01.2255722Z #11 1.627   Downloading iniconfig-2.1.0-py3-none-any.whl.metadata (2.7 kB)
2025-07-15T22:21:01.2256456Z #11 1.636 Collecting loguru==0.7.3 (from -r requirements.txt (line 21))
2025-07-15T22:21:01.2257181Z #11 1.640   Downloading loguru-0.7.3-py3-none-any.whl.metadata (22 kB)
2025-07-15T22:21:01.2257801Z #11 1.658 Collecting markdown-it-py==3.0.0 (from -r requirements.txt (line 22))
2025-07-15T22:21:01.2258310Z #11 1.664   Downloading markdown_it_py-3.0.0-py3-none-any.whl.metadata (6.9 kB)
2025-07-15T22:21:01.2258791Z #11 1.674 Collecting mdurl==0.1.2 (from -r requirements.txt (line 23))
2025-07-15T22:21:01.2259255Z #11 1.677   Downloading mdurl-0.1.2-py3-none-any.whl.metadata (1.6 kB)
2025-07-15T22:21:01.2259736Z #11 1.689 Collecting mongomock==4.3.0 (from -r requirements.txt (line 24))
2025-07-15T22:21:01.2260241Z #11 1.693   Downloading mongomock-4.3.0-py2.py3-none-any.whl.metadata (12 kB)
2025-07-15T22:21:01.2260744Z #11 1.706 Collecting packaging==25.0 (from -r requirements.txt (line 25))
2025-07-15T22:21:01.2261230Z #11 1.710   Downloading packaging-25.0-py3-none-any.whl.metadata (3.3 kB)
2025-07-15T22:21:01.2261701Z #11 1.718 Collecting pluggy==1.6.0 (from -r requirements.txt (line 26))
2025-07-15T22:21:01.3290350Z #11 1.721   Downloading pluggy-1.6.0-py3-none-any.whl.metadata (4.8 kB)
2025-07-15T22:21:01.3291243Z #11 1.737 Collecting Pygments==2.19.2 (from -r requirements.txt (line 27))
2025-07-15T22:21:01.3291755Z #11 1.741   Downloading pygments-2.19.2-py3-none-any.whl.metadata (2.5 kB)
2025-07-15T22:21:01.3292227Z #11 1.773 Collecting pytz==2025.2 (from -r requirements.txt (line 28))
2025-07-15T22:21:01.3292914Z #11 1.777   Downloading pytz-2025.2-py2.py3-none-any.whl.metadata (22 kB)
2025-07-15T22:21:01.3293407Z #11 1.811 Collecting rich==14.0.0 (from -r requirements.txt (line 29))
2025-07-15T22:21:01.3293844Z #11 1.815   Downloading rich-14.0.0-py3-none-any.whl.metadata (18 kB)
2025-07-15T22:21:01.3294307Z #11 1.822 Collecting sentinels==1.0.0 (from -r requirements.txt (line 30))
2025-07-15T22:21:01.4896615Z #11 1.825   Downloading sentinels-1.0.0.tar.gz (4.1 kB)
2025-07-15T22:21:01.4897106Z #11 1.832   Preparing metadata (setup.py): started
2025-07-15T22:21:01.9607427Z #11 2.453   Preparing metadata (setup.py): finished with status 'done'
2025-07-15T22:21:02.1086453Z #11 2.467 Collecting sh==2.2.2 (from -r requirements.txt (line 31))
2025-07-15T22:21:02.1087239Z #11 2.477   Downloading sh-2.2.2-py3-none-any.whl.metadata (3.7 kB)
2025-07-15T22:21:02.1088102Z #11 2.512 Collecting exceptiongroup>=1.0.0rc8 (from pytest==8.2.1->-r requirements.txt (line 3))
2025-07-15T22:21:02.1089086Z #11 2.516   Downloading exceptiongroup-1.3.0-py3-none-any.whl.metadata (6.7 kB)
2025-07-15T22:21:02.1089946Z #11 2.528 Collecting tomli>=1 (from pytest==8.2.1->-r requirements.txt (line 3))
2025-07-15T22:21:02.1090740Z #11 2.533   Downloading tomli-2.2.1-py3-none-any.whl.metadata (10 kB)
2025-07-15T22:21:02.1091593Z #11 2.601 Collecting typing-extensions<5.0,>=4.0.0 (from rich==14.0.0->-r requirements.txt (line 29))
2025-07-15T22:21:02.2110974Z #11 2.606   Downloading typing_extensions-4.14.1-py3-none-any.whl.metadata (3.0 kB)
2025-07-15T22:21:02.2111825Z #11 2.620 Downloading flask-3.1.0-py3-none-any.whl (102 kB)
2025-07-15T22:21:02.2112525Z #11 2.627 Downloading flask_pymongo-3.0.1-py3-none-any.whl (11 kB)
2025-07-15T22:21:02.2113529Z #11 2.633 Downloading pytest-8.2.1-py3-none-any.whl (339 kB)
2025-07-15T22:21:02.2114183Z #11 2.638 Downloading pluggy-1.6.0-py3-none-any.whl (20 kB)
2025-07-15T22:21:02.2114818Z #11 2.641 Downloading blinker-1.9.0-py3-none-any.whl (8.5 kB)
2025-07-15T22:21:02.2115518Z #11 2.645 Downloading certifi-2025.7.14-py3-none-any.whl (162 kB)
2025-07-15T22:21:02.2116499Z #11 2.649 Downloading charset_normalizer-3.4.2-cp310-cp310-manylinux_2_17_x86_64.manylinux2014_x86_64.whl (149 kB)
2025-07-15T22:21:02.2117449Z #11 2.652 Downloading click-8.2.1-py3-none-any.whl (102 kB)
2025-07-15T22:21:02.2118098Z #11 2.656 Downloading dnspython-2.7.0-py3-none-any.whl (313 kB)
2025-07-15T22:21:02.2118745Z #11 2.660 Downloading idna-3.10-py3-none-any.whl (70 kB)
2025-07-15T22:21:02.2119403Z #11 2.664 Downloading itsdangerous-2.2.0-py3-none-any.whl (16 kB)
2025-07-15T22:21:02.2120089Z #11 2.667 Downloading jinja2-3.1.6-py3-none-any.whl (134 kB)
2025-07-15T22:21:02.2120851Z #11 2.671 Downloading MarkupSafe-3.0.2-cp310-cp310-manylinux_2_17_x86_64.manylinux2014_x86_64.whl (20 kB)
2025-07-15T22:21:02.2121374Z #11 2.674 Downloading paho_mqtt-2.1.0-py3-none-any.whl (67 kB)
2025-07-15T22:21:02.2121855Z #11 2.678 Downloading pymongo-4.13.2-cp310-cp310-manylinux_2_17_x86_64.manylinux2014_x86_64.whl (1.2 MB)
2025-07-15T22:21:02.2122591Z #11 2.690    ━━━━━━━━━━━━━━━━━━━━━━━━━━━━━━━━━━━━━━━━ 1.2/1.2 MB 101.7 MB/s eta 0:00:00
2025-07-15T22:21:02.2123219Z #11 2.694 Downloading python_dotenv-1.1.1-py3-none-any.whl (20 kB)
2025-07-15T22:21:02.2123597Z #11 2.698 Downloading requests-2.32.4-py3-none-any.whl (64 kB)
2025-07-15T22:21:02.2123965Z #11 2.704 Downloading urllib3-2.5.0-py3-none-any.whl (129 kB)
2025-07-15T22:21:02.3250020Z #11 2.708 Downloading werkzeug-3.1.3-py3-none-any.whl (224 kB)
2025-07-15T22:21:02.3250765Z #11 2.713 Downloading autodevops_cli-0.1.1-py3-none-any.whl (4.1 kB)
2025-07-15T22:21:02.3251732Z #11 2.717 Downloading iniconfig-2.1.0-py3-none-any.whl (6.0 kB)
2025-07-15T22:21:02.3252359Z #11 2.721 Downloading loguru-0.7.3-py3-none-any.whl (61 kB)
2025-07-15T22:21:02.3253238Z #11 2.725 Downloading markdown_it_py-3.0.0-py3-none-any.whl (87 kB)
2025-07-15T22:21:02.3253926Z #11 2.730 Downloading mdurl-0.1.2-py3-none-any.whl (10.0 kB)
2025-07-15T22:21:02.3254560Z #11 2.733 Downloading mongomock-4.3.0-py2.py3-none-any.whl (64 kB)
2025-07-15T22:21:02.3255259Z #11 2.737 Downloading packaging-25.0-py3-none-any.whl (66 kB)
2025-07-15T22:21:02.3255902Z #11 2.741 Downloading pygments-2.19.2-py3-none-any.whl (1.2 MB)
2025-07-15T22:21:02.3256886Z #11 2.745    ━━━━━━━━━━━━━━━━━━━━━━━━━━━━━━━━━━━━━━━━ 1.2/1.2 MB 389.2 MB/s eta 0:00:00
2025-07-15T22:21:02.3257535Z #11 2.749 Downloading pytz-2025.2-py2.py3-none-any.whl (509 kB)
2025-07-15T22:21:02.3258447Z #11 2.770 Downloading rich-14.0.0-py3-none-any.whl (243 kB)
2025-07-15T22:21:02.3259474Z #11 2.775 Downloading sh-2.2.2-py3-none-any.whl (38 kB)
2025-07-15T22:21:02.3260183Z #11 2.778 Downloading typing_extensions-4.14.1-py3-none-any.whl (43 kB)
2025-07-15T22:21:02.3260962Z #11 2.782 Downloading exceptiongroup-1.3.0-py3-none-any.whl (16 kB)
2025-07-15T22:21:02.3261622Z #11 2.786 Downloading tomli-2.2.1-py3-none-any.whl (14 kB)
2025-07-15T22:21:02.3262206Z #11 2.818 Building wheels for collected packages: sentinels
2025-07-15T22:21:02.4772047Z #11 2.819   DEPRECATION: Building 'sentinels' using the legacy setup.py bdist_wheel mechanism, which will be removed in a future version. pip 25.3 will enforce this behaviour change. A possible replacement is to use the standardized build interface by setting the `--use-pep517` option, (possibly combined with `--no-build-isolation`), or adding a `pyproject.toml` file to the source tree of 'sentinels'. Discussion can be found at https://github.com/pypa/pip/issues/6334
2025-07-15T22:21:02.4775302Z #11 2.819   Building wheel for sentinels (setup.py): started
2025-07-15T22:21:03.1126453Z #11 3.605   Building wheel for sentinels (setup.py): finished with status 'done'
2025-07-15T22:21:03.3353779Z #11 3.606   Created wheel for sentinels: filename=sentinels-1.0.0-py3-none-any.whl size=3175 sha256=2a41546ef6e831aa8e3d98330587cccc56c698cb96758e24944ec45f840e15c9
2025-07-15T22:21:03.3355227Z #11 3.606   Stored in directory: /tmp/pip-ephem-wheel-cache-mv9a_81l/wheels/26/bc/eb/67e56405e0684b3d8c011cf4d18129c41be394775fd5ba2347
2025-07-15T22:21:03.3355890Z #11 3.608 Successfully built sentinels
2025-07-15T22:21:03.3357542Z #11 3.677 Installing collected packages: sentinels, pytz, urllib3, typing-extensions, tomli, sh, python-dotenv, Pygments, pluggy, paho-mqtt, packaging, mdurl, MarkupSafe, loguru, itsdangerous, iniconfig, idna, dnspython, click, charset-normalizer, certifi, blinker, Werkzeug, requests, pymongo, mongomock, markdown-it-py, Jinja2, exceptiongroup, rich, pytest, Flask, Flask-PyMongo, autodevops-cli
2025-07-15T22:21:05.4188772Z #11 5.911 
2025-07-15T22:21:05.5767128Z #11 5.918 Successfully installed Flask-3.1.0 Flask-PyMongo-3.0.1 Jinja2-3.1.6 MarkupSafe-3.0.2 Pygments-2.19.2 Werkzeug-3.1.3 autodevops-cli-0.1.1 blinker-1.9.0 certifi-2025.7.14 charset-normalizer-3.4.2 click-8.2.1 dnspython-2.7.0 exceptiongroup-1.3.0 idna-3.10 iniconfig-2.1.0 itsdangerous-2.2.0 loguru-0.7.3 markdown-it-py-3.0.0 mdurl-0.1.2 mongomock-4.3.0 packaging-25.0 paho-mqtt-2.1.0 pluggy-1.6.0 pymongo-4.13.2 pytest-8.2.1 python-dotenv-1.1.1 pytz-2025.2 requests-2.32.4 rich-14.0.0 sentinels-1.0.0 sh-2.2.2 tomli-2.2.1 typing-extensions-4.14.1 urllib3-2.5.0
2025-07-15T22:21:05.5770524Z #11 5.919 WARNING: Running pip as the 'root' user can result in broken permissions and conflicting behaviour with the system package manager, possibly rendering your system unusable. It is recommended to use a virtual environment instead: https://pip.pypa.io/warnings/venv. Use the --root-user-action option if you know what you are doing and want to suppress this warning.
2025-07-15T22:21:05.6410740Z #11 DONE 6.1s
2025-07-15T22:21:05.7943927Z 
2025-07-15T22:21:05.7944543Z #12 exporting to image
2025-07-15T22:21:05.7945593Z #12 exporting layers
2025-07-15T22:21:07.4354686Z #12 exporting layers 1.8s done
2025-07-15T22:21:07.4571419Z #12 writing image sha256:5dee202a579d9b0c09849db4b680e6bbe31e8084de47584027a7dd73afd10cc8 done
2025-07-15T22:21:07.4573082Z #12 naming to docker.io/***/flask-ci-cd-demo done
2025-07-15T22:21:07.4573598Z #12 DONE 1.8s
2025-07-15T22:21:07.4649383Z ##[group]Run docker push ***/flask-ci-cd-demo
2025-07-15T22:21:07.4649762Z [36;1mdocker push ***/flask-ci-cd-demo[0m
2025-07-15T22:21:07.4678428Z shell: /usr/bin/bash -e {0}
2025-07-15T22:21:07.4678655Z env:
2025-07-15T22:21:07.4678902Z   pythonLocation: /opt/hostedtoolcache/Python/3.10.18/x64
2025-07-15T22:21:07.4679310Z   PKG_CONFIG_PATH: /opt/hostedtoolcache/Python/3.10.18/x64/lib/pkgconfig
2025-07-15T22:21:07.4679739Z   Python_ROOT_DIR: /opt/hostedtoolcache/Python/3.10.18/x64
2025-07-15T22:21:07.4680102Z   Python2_ROOT_DIR: /opt/hostedtoolcache/Python/3.10.18/x64
2025-07-15T22:21:07.4680451Z   Python3_ROOT_DIR: /opt/hostedtoolcache/Python/3.10.18/x64
2025-07-15T22:21:07.4680811Z   LD_LIBRARY_PATH: /opt/hostedtoolcache/Python/3.10.18/x64/lib
2025-07-15T22:21:07.4681103Z ##[endgroup]
2025-07-15T22:21:07.4831789Z Using default tag: latest
2025-07-15T22:21:07.4844105Z The push refers to repository [docker.io/***/flask-ci-cd-demo]
2025-07-15T22:21:07.5560413Z 4d524be5b9a1: Preparing
2025-07-15T22:21:07.5561102Z 1ace0a6984df: Preparing
2025-07-15T22:21:07.5561464Z 5188906a0620: Preparing
2025-07-15T22:21:07.5561785Z 4d3c18071d80: Preparing
2025-07-15T22:21:07.5562103Z 14294c421ce3: Preparing
2025-07-15T22:21:07.5562460Z 31abbb538de0: Preparing
2025-07-15T22:21:07.5562991Z a2ccf7527b3c: Preparing
2025-07-15T22:21:07.5563231Z abd92ba2021e: Preparing
2025-07-15T22:21:07.5563450Z 1bb35e8b4de1: Preparing
2025-07-15T22:21:07.5563666Z 31abbb538de0: Waiting
2025-07-15T22:21:07.5563873Z a2ccf7527b3c: Waiting
2025-07-15T22:21:07.5564077Z abd92ba2021e: Waiting
2025-07-15T22:21:07.5564278Z 1bb35e8b4de1: Waiting
2025-07-15T22:21:08.8999239Z 4d3c18071d80: Pushed
2025-07-15T22:21:09.0747119Z 31abbb538de0: Layer already exists
2025-07-15T22:21:09.2293691Z a2ccf7527b3c: Layer already exists
2025-07-15T22:21:09.3748055Z abd92ba2021e: Layer already exists
2025-07-15T22:21:09.5280572Z 1bb35e8b4de1: Layer already exists
2025-07-15T22:21:09.7744999Z 1ace0a6984df: Pushed
2025-07-15T22:21:10.5891981Z 4d524be5b9a1: Pushed
2025-07-15T22:21:12.4040990Z 5188906a0620: Pushed
2025-07-15T22:21:22.1487283Z 14294c421ce3: Pushed
2025-07-15T22:21:24.3499856Z latest: digest: sha256:1b6b9d67edca26fee88a513c33d9e89557f6fe12fdb939da6af23f8ed91e9a20 size: 2212
2025-07-15T22:21:24.3565348Z Post job cleanup.
2025-07-15T22:21:24.6486565Z [command]/usr/bin/docker logout 
2025-07-15T22:21:24.6618519Z Removing login credentials for https://index.docker.io/v1/
2025-07-15T22:21:24.6652985Z ##[group]Post cache
2025-07-15T22:21:24.6654943Z State not set
2025-07-15T22:21:24.6656099Z ##[endgroup]
2025-07-15T22:21:24.6777471Z Post job cleanup.
2025-07-15T22:21:24.8411434Z Post job cleanup.
2025-07-15T22:21:24.9112594Z [command]/usr/bin/git version
2025-07-15T22:21:24.9145813Z git version 2.50.1
2025-07-15T22:21:24.9189223Z Temporarily overriding HOME='/home/runner/work/_temp/55e9f066-cdce-4955-97d1-201e931f95db' before making global git config changes
2025-07-15T22:21:24.9190485Z Adding repository directory to the temporary git global config as a safe directory
2025-07-15T22:21:24.9194089Z [command]/usr/bin/git config --global --add safe.directory /home/runner/work/Devops/Devops
2025-07-15T22:21:24.9224372Z [command]/usr/bin/git config --local --name-only --get-regexp core\.sshCommand
2025-07-15T22:21:24.9252428Z [command]/usr/bin/git submodule foreach --recursive sh -c "git config --local --name-only --get-regexp 'core\.sshCommand' && git config --local --unset-all 'core.sshCommand' || :"
2025-07-15T22:21:24.9479291Z [command]/usr/bin/git config --local --name-only --get-regexp http\.https\:\/\/github\.com\/\.extraheader
2025-07-15T22:21:24.9498135Z http.https://github.com/.extraheader
2025-07-15T22:21:24.9510026Z [command]/usr/bin/git config --local --unset-all http.https://github.com/.extraheader
2025-07-15T22:21:24.9537572Z [command]/usr/bin/git submodule foreach --recursive sh -c "git config --local --name-only --get-regexp 'http\.https\:\/\/github\.com\/\.extraheader' && git config --local --unset-all 'http.https://github.com/.extraheader' || :"
2025-07-15T22:21:24.9854899Z Cleaning up orphan processes
