2025-07-15T21:54:05.3911248Z Current runner version: '2.326.0'
2025-07-15T21:54:05.3939589Z ##[group]Runner Image Provisioner
2025-07-15T21:54:05.3940942Z Hosted Compute Agent
2025-07-15T21:54:05.3941969Z Version: 20250711.363
2025-07-15T21:54:05.3943393Z Commit: 6785254374ce925a23743850c1cb91912ce5c14c
2025-07-15T21:54:05.3944551Z Build Date: 2025-07-11T20:04:25Z
2025-07-15T21:54:05.3945641Z ##[endgroup]
2025-07-15T21:54:05.3946597Z ##[group]Operating System
2025-07-15T21:54:05.3947597Z Ubuntu
2025-07-15T21:54:05.3948455Z 24.04.2
2025-07-15T21:54:05.3949352Z LTS
2025-07-15T21:54:05.3950216Z ##[endgroup]
2025-07-15T21:54:05.3951177Z ##[group]Runner Image
2025-07-15T21:54:05.3952125Z Image: ubuntu-24.04
2025-07-15T21:54:05.3953436Z Version: 20250710.1.0
2025-07-15T21:54:05.3955141Z Included Software: https://github.com/actions/runner-images/blob/ubuntu24/20250710.1/images/ubuntu/Ubuntu2404-Readme.md
2025-07-15T21:54:05.3957274Z Image Release: https://github.com/actions/runner-images/releases/tag/ubuntu24%2F20250710.1
2025-07-15T21:54:05.3958754Z ##[endgroup]
2025-07-15T21:54:05.3960623Z ##[group]GITHUB_TOKEN Permissions
2025-07-15T21:54:05.3963215Z Contents: read
2025-07-15T21:54:05.3964202Z Metadata: read
2025-07-15T21:54:05.3965146Z Packages: read
2025-07-15T21:54:05.3966076Z ##[endgroup]
2025-07-15T21:54:05.3968714Z Secret source: Actions
2025-07-15T21:54:05.3969864Z Prepare workflow directory
2025-07-15T21:54:05.4317239Z Prepare all required actions
2025-07-15T21:54:05.4356691Z Getting action download info
2025-07-15T21:54:05.7474565Z ##[group]Download immutable action package 'actions/checkout@v3'
2025-07-15T21:54:05.7476128Z Version: 3.6.0
2025-07-15T21:54:05.7477539Z Digest: sha256:942562b9c7d4b1f2557f1da21f4d3eb4eb4fd01f2ad78b2a6e187d1b193e0a0f
2025-07-15T21:54:05.7479248Z Source commit SHA: f43a0e5ff2bd294095638e18286ca9a3d1956744
2025-07-15T21:54:05.7480435Z ##[endgroup]
2025-07-15T21:54:05.8445570Z ##[group]Download immutable action package 'actions/setup-python@v4'
2025-07-15T21:54:05.8446912Z Version: 4.9.1
2025-07-15T21:54:05.8448200Z Digest: sha256:f03e505388af670b5a108629e0ba26befc08d5c62b41f46146a45fe29ae509a5
2025-07-15T21:54:05.8449624Z Source commit SHA: 7f4fc3e22c37d6ff65e88745f38bd3157c663f7c
2025-07-15T21:54:05.8450768Z ##[endgroup]
2025-07-15T21:54:06.0543835Z ##[group]Download immutable action package 'docker/login-action@v3'
2025-07-15T21:54:06.0544897Z Version: 3.4.0
2025-07-15T21:54:06.0545840Z Digest: sha256:864ebd28db095e1602e6ef999f46a4f575083ea874918fbccf0994c2a7680450
2025-07-15T21:54:06.0547004Z Source commit SHA: 74a5d142397b4f367a81961eba4e8cd7edddf772
2025-07-15T21:54:06.0547898Z ##[endgroup]
2025-07-15T21:54:06.3000804Z Download action repository 'appleboy/ssh-action@v1.0.0' (SHA:55dabf81b49d4120609345970c91507e2d734799)
2025-07-15T21:54:06.5440311Z Complete job name: build-test-deploy
2025-07-15T21:54:06.6046528Z ##[group]Build container for action use: '/home/runner/work/_actions/appleboy/ssh-action/v1.0.0/Dockerfile'.
2025-07-15T21:54:06.6132177Z ##[command]/usr/bin/docker build -t 9fd71c:4024d306e7f842148c988de12501a851 -f "/home/runner/work/_actions/appleboy/ssh-action/v1.0.0/Dockerfile" "/home/runner/work/_actions/appleboy/ssh-action/v1.0.0"
2025-07-15T21:54:07.0825271Z #0 building with "default" instance using docker driver
2025-07-15T21:54:07.0826305Z 
2025-07-15T21:54:07.0826697Z #1 [internal] load build definition from Dockerfile
2025-07-15T21:54:07.0827763Z #1 transferring dockerfile: 170B done
2025-07-15T21:54:07.0828709Z #1 DONE 0.0s
2025-07-15T21:54:07.0829317Z 
2025-07-15T21:54:07.0829795Z #2 [internal] load metadata for ghcr.io/appleboy/drone-ssh:1.7.0
2025-07-15T21:54:07.1555538Z #2 DONE 0.2s
2025-07-15T21:54:07.2718469Z 
2025-07-15T21:54:07.2719227Z #3 [internal] load .dockerignore
2025-07-15T21:54:07.2720635Z #3 transferring context: 2B done
2025-07-15T21:54:07.2721613Z #3 DONE 0.0s
2025-07-15T21:54:07.2722020Z 
2025-07-15T21:54:07.2722373Z #4 [internal] load build context
2025-07-15T21:54:07.2723369Z #4 transferring context: 108B done
2025-07-15T21:54:07.2724289Z #4 DONE 0.0s
2025-07-15T21:54:07.2725176Z 
2025-07-15T21:54:07.2726069Z #5 [1/3] FROM ghcr.io/appleboy/drone-ssh:1.7.0@sha256:6818eede35495f9b993ba086350a53c29c9cfc935ef4f93b84a6c2e34e5dd100
2025-07-15T21:54:07.2727966Z #5 resolve ghcr.io/appleboy/drone-ssh:1.7.0@sha256:6818eede35495f9b993ba086350a53c29c9cfc935ef4f93b84a6c2e34e5dd100 done
2025-07-15T21:54:07.2729713Z #5 extracting sha256:4db1b89c0bd13344176ddce2d093b9da2ae58336823ffed2009a7ea4b62d2a95
2025-07-15T21:54:07.2731098Z #5 sha256:6bd0ff5b8ea528bad73a47e6171c4d7dc3b49d4310fcf759bb62ea5796e4c0c0 284.84kB / 284.84kB 0.0s done
2025-07-15T21:54:07.2732791Z #5 sha256:ef68d9ebed59d010ecedd79627d501152d7a932c8a32685fbec143370961699e 2.42MB / 2.42MB 0.1s done
2025-07-15T21:54:07.2734580Z #5 sha256:6818eede35495f9b993ba086350a53c29c9cfc935ef4f93b84a6c2e34e5dd100 2.38kB / 2.38kB done
2025-07-15T21:54:07.2735969Z #5 sha256:7896ba2bf31bc811100ebe17c066ec4ebb20f14e44c438e51b842f14cce72205 864B / 864B done
2025-07-15T21:54:07.2737583Z #5 sha256:178867ded3677e49c9fd3174feefe428b856f9c4fd4c9fe4a9588fc80c4d7614 3.34kB / 3.34kB done
2025-07-15T21:54:07.2738934Z #5 sha256:4db1b89c0bd13344176ddce2d093b9da2ae58336823ffed2009a7ea4b62d2a95 3.37MB / 3.37MB 0.1s done
2025-07-15T21:54:07.3832707Z #5 extracting sha256:4db1b89c0bd13344176ddce2d093b9da2ae58336823ffed2009a7ea4b62d2a95 0.1s done
2025-07-15T21:54:07.3834589Z #5 extracting sha256:6bd0ff5b8ea528bad73a47e6171c4d7dc3b49d4310fcf759bb62ea5796e4c0c0 0.0s done
2025-07-15T21:54:08.1265092Z #5 extracting sha256:ef68d9ebed59d010ecedd79627d501152d7a932c8a32685fbec143370961699e
2025-07-15T21:54:08.3427407Z #5 extracting sha256:ef68d9ebed59d010ecedd79627d501152d7a932c8a32685fbec143370961699e 0.0s done
2025-07-15T21:54:08.3428225Z #5 DONE 1.0s
2025-07-15T21:54:08.3428484Z 
2025-07-15T21:54:08.3428736Z #6 [2/3] COPY entrypoint.sh /entrypoint.sh
2025-07-15T21:54:08.3429241Z #6 DONE 0.0s
2025-07-15T21:54:08.3429458Z 
2025-07-15T21:54:08.3429658Z #7 [3/3] RUN chmod +x /entrypoint.sh
2025-07-15T21:54:08.3447065Z #7 DONE 0.2s
2025-07-15T21:54:08.4967315Z 
2025-07-15T21:54:08.4968054Z #8 exporting to image
2025-07-15T21:54:08.4968752Z #8 exporting layers
2025-07-15T21:54:09.0090810Z #8 exporting layers 0.7s done
2025-07-15T21:54:09.0309388Z #8 writing image sha256:1d13f046696fe38b3aba0e7df50829bfa58e9474ebe8c27f318562bc3010ea67 done
2025-07-15T21:54:09.0311347Z #8 naming to docker.io/library/9fd71c:4024d306e7f842148c988de12501a851 done
2025-07-15T21:54:09.0312465Z #8 DONE 0.7s
2025-07-15T21:54:09.0376685Z ##[endgroup]
2025-07-15T21:54:09.0651057Z ##[group]Run actions/checkout@v3
2025-07-15T21:54:09.0651784Z with:
2025-07-15T21:54:09.0652128Z   repository: Dinesh-4/Devops
2025-07-15T21:54:09.0652751Z   token: ***
2025-07-15T21:54:09.0653240Z   ssh-strict: true
2025-07-15T21:54:09.0653593Z   persist-credentials: true
2025-07-15T21:54:09.0653954Z   clean: true
2025-07-15T21:54:09.0654288Z   sparse-checkout-cone-mode: true
2025-07-15T21:54:09.0654657Z   fetch-depth: 1
2025-07-15T21:54:09.0654986Z   fetch-tags: false
2025-07-15T21:54:09.0655306Z   lfs: false
2025-07-15T21:54:09.0655625Z   submodules: false
2025-07-15T21:54:09.0655947Z   set-safe-directory: true
2025-07-15T21:54:09.0656550Z ##[endgroup]
2025-07-15T21:54:09.1565356Z Syncing repository: Dinesh-4/Devops
2025-07-15T21:54:09.1567051Z ##[group]Getting Git version info
2025-07-15T21:54:09.1567564Z Working directory is '/home/runner/work/Devops/Devops'
2025-07-15T21:54:09.1568302Z [command]/usr/bin/git version
2025-07-15T21:54:09.1568678Z git version 2.50.1
2025-07-15T21:54:09.1588488Z ##[endgroup]
2025-07-15T21:54:09.1603967Z Temporarily overriding HOME='/home/runner/work/_temp/6ff3dae0-49ec-483f-92f4-6fbced799f78' before making global git config changes
2025-07-15T21:54:09.1605545Z Adding repository directory to the temporary git global config as a safe directory
2025-07-15T21:54:09.1607866Z [command]/usr/bin/git config --global --add safe.directory /home/runner/work/Devops/Devops
2025-07-15T21:54:09.1643170Z Deleting the contents of '/home/runner/work/Devops/Devops'
2025-07-15T21:54:09.1647153Z ##[group]Initializing the repository
2025-07-15T21:54:09.1649938Z [command]/usr/bin/git init /home/runner/work/Devops/Devops
2025-07-15T21:54:09.1709892Z hint: Using 'master' as the name for the initial branch. This default branch name
2025-07-15T21:54:09.1711108Z hint: is subject to change. To configure the initial branch name to use in all
2025-07-15T21:54:09.1712206Z hint: of your new repositories, which will suppress this warning, call:
2025-07-15T21:54:09.1713188Z hint:
2025-07-15T21:54:09.1713690Z hint: 	git config --global init.defaultBranch <name>
2025-07-15T21:54:09.1714136Z hint:
2025-07-15T21:54:09.1714561Z hint: Names commonly chosen instead of 'master' are 'main', 'trunk' and
2025-07-15T21:54:09.1715200Z hint: 'development'. The just-created branch can be renamed via this command:
2025-07-15T21:54:09.1715712Z hint:
2025-07-15T21:54:09.1716023Z hint: 	git branch -m <name>
2025-07-15T21:54:09.1716368Z hint:
2025-07-15T21:54:09.1716812Z hint: Disable this message with "git config set advice.defaultBranchName false"
2025-07-15T21:54:09.1717667Z Initialized empty Git repository in /home/runner/work/Devops/Devops/.git/
2025-07-15T21:54:09.1722224Z [command]/usr/bin/git remote add origin https://github.com/Dinesh-4/Devops
2025-07-15T21:54:09.1756742Z ##[endgroup]
2025-07-15T21:54:09.1757693Z ##[group]Disabling automatic garbage collection
2025-07-15T21:54:09.1759309Z [command]/usr/bin/git config --local gc.auto 0
2025-07-15T21:54:09.1786158Z ##[endgroup]
2025-07-15T21:54:09.1787080Z ##[group]Setting up auth
2025-07-15T21:54:09.1791640Z [command]/usr/bin/git config --local --name-only --get-regexp core\.sshCommand
2025-07-15T21:54:09.1817907Z [command]/usr/bin/git submodule foreach --recursive sh -c "git config --local --name-only --get-regexp 'core\.sshCommand' && git config --local --unset-all 'core.sshCommand' || :"
2025-07-15T21:54:09.2084757Z [command]/usr/bin/git config --local --name-only --get-regexp http\.https\:\/\/github\.com\/\.extraheader
2025-07-15T21:54:09.2112482Z [command]/usr/bin/git submodule foreach --recursive sh -c "git config --local --name-only --get-regexp 'http\.https\:\/\/github\.com\/\.extraheader' && git config --local --unset-all 'http.https://github.com/.extraheader' || :"
2025-07-15T21:54:09.2337551Z [command]/usr/bin/git config --local http.https://github.com/.extraheader AUTHORIZATION: basic ***
2025-07-15T21:54:09.2370861Z ##[endgroup]
2025-07-15T21:54:09.2371631Z ##[group]Fetching the repository
2025-07-15T21:54:09.2379714Z [command]/usr/bin/git -c protocol.version=2 fetch --no-tags --prune --progress --no-recurse-submodules --depth=1 origin +7b4da954f8de64fbeae3b683754f735aa3c87d0f:refs/remotes/origin/main
2025-07-15T21:54:09.4582247Z remote: Enumerating objects: 4181, done.        
2025-07-15T21:54:09.4583782Z remote: Counting objects:   0% (1/4181)        
2025-07-15T21:54:09.4585314Z remote: Counting objects:   1% (42/4181)        
2025-07-15T21:54:09.4586406Z remote: Counting objects:   2% (84/4181)        
2025-07-15T21:54:09.4587469Z remote: Counting objects:   3% (126/4181)        
2025-07-15T21:54:09.4588538Z remote: Counting objects:   4% (168/4181)        
2025-07-15T21:54:09.4589585Z remote: Counting objects:   5% (210/4181)        
2025-07-15T21:54:09.4590403Z remote: Counting objects:   6% (251/4181)        
2025-07-15T21:54:09.4591218Z remote: Counting objects:   7% (293/4181)        
2025-07-15T21:54:09.4591946Z remote: Counting objects:   8% (335/4181)        
2025-07-15T21:54:09.4592504Z remote: Counting objects:   9% (377/4181)        
2025-07-15T21:54:09.4593259Z remote: Counting objects:  10% (419/4181)        
2025-07-15T21:54:09.4593789Z remote: Counting objects:  11% (460/4181)        
2025-07-15T21:54:09.4594321Z remote: Counting objects:  12% (502/4181)        
2025-07-15T21:54:09.4594841Z remote: Counting objects:  13% (544/4181)        
2025-07-15T21:54:09.4595366Z remote: Counting objects:  14% (586/4181)        
2025-07-15T21:54:09.4595898Z remote: Counting objects:  15% (628/4181)        
2025-07-15T21:54:09.4597014Z remote: Counting objects:  16% (669/4181)        
2025-07-15T21:54:09.4598249Z remote: Counting objects:  17% (711/4181)        
2025-07-15T21:54:09.4598991Z remote: Counting objects:  18% (753/4181)        
2025-07-15T21:54:09.4599833Z remote: Counting objects:  19% (795/4181)        
2025-07-15T21:54:09.4600592Z remote: Counting objects:  20% (837/4181)        
2025-07-15T21:54:09.4601325Z remote: Counting objects:  21% (879/4181)        
2025-07-15T21:54:09.4602086Z remote: Counting objects:  22% (920/4181)        
2025-07-15T21:54:09.4602826Z remote: Counting objects:  23% (962/4181)        
2025-07-15T21:54:09.4603758Z remote: Counting objects:  24% (1004/4181)        
2025-07-15T21:54:09.4604513Z remote: Counting objects:  25% (1046/4181)        
2025-07-15T21:54:09.4605277Z remote: Counting objects:  26% (1088/4181)        
2025-07-15T21:54:09.4605738Z remote: Counting objects:  27% (1129/4181)        
2025-07-15T21:54:09.4606211Z remote: Counting objects:  28% (1171/4181)        
2025-07-15T21:54:09.4606642Z remote: Counting objects:  29% (1213/4181)        
2025-07-15T21:54:09.4607085Z remote: Counting objects:  30% (1255/4181)        
2025-07-15T21:54:09.4607518Z remote: Counting objects:  31% (1297/4181)        
2025-07-15T21:54:09.4607941Z remote: Counting objects:  32% (1338/4181)        
2025-07-15T21:54:09.4608374Z remote: Counting objects:  33% (1380/4181)        
2025-07-15T21:54:09.4608805Z remote: Counting objects:  34% (1422/4181)        
2025-07-15T21:54:09.4609241Z remote: Counting objects:  35% (1464/4181)        
2025-07-15T21:54:09.4609672Z remote: Counting objects:  36% (1506/4181)        
2025-07-15T21:54:09.4610101Z remote: Counting objects:  37% (1547/4181)        
2025-07-15T21:54:09.4610535Z remote: Counting objects:  38% (1589/4181)        
2025-07-15T21:54:09.4610961Z remote: Counting objects:  39% (1631/4181)        
2025-07-15T21:54:09.4611392Z remote: Counting objects:  40% (1673/4181)        
2025-07-15T21:54:09.4611826Z remote: Counting objects:  41% (1715/4181)        
2025-07-15T21:54:09.4612254Z remote: Counting objects:  42% (1757/4181)        
2025-07-15T21:54:09.4612687Z remote: Counting objects:  43% (1798/4181)        
2025-07-15T21:54:09.4613388Z remote: Counting objects:  44% (1840/4181)        
2025-07-15T21:54:09.4613835Z remote: Counting objects:  45% (1882/4181)        
2025-07-15T21:54:09.4614265Z remote: Counting objects:  46% (1924/4181)        
2025-07-15T21:54:09.4614929Z remote: Counting objects:  47% (1966/4181)        
2025-07-15T21:54:09.4616057Z remote: Counting objects:  48% (2007/4181)        
2025-07-15T21:54:09.4616955Z remote: Counting objects:  49% (2049/4181)        
2025-07-15T21:54:09.4617444Z remote: Counting objects:  50% (2091/4181)        
2025-07-15T21:54:09.4617912Z remote: Counting objects:  51% (2133/4181)        
2025-07-15T21:54:09.4618349Z remote: Counting objects:  52% (2175/4181)        
2025-07-15T21:54:09.4618770Z remote: Counting objects:  53% (2216/4181)        
2025-07-15T21:54:09.4619201Z remote: Counting objects:  54% (2258/4181)        
2025-07-15T21:54:09.4619626Z remote: Counting objects:  55% (2300/4181)        
2025-07-15T21:54:09.4620066Z remote: Counting objects:  56% (2342/4181)        
2025-07-15T21:54:09.4620495Z remote: Counting objects:  57% (2384/4181)        
2025-07-15T21:54:09.4620921Z remote: Counting objects:  58% (2425/4181)        
2025-07-15T21:54:09.4621347Z remote: Counting objects:  59% (2467/4181)        
2025-07-15T21:54:09.4621777Z remote: Counting objects:  60% (2509/4181)        
2025-07-15T21:54:09.4622216Z remote: Counting objects:  61% (2551/4181)        
2025-07-15T21:54:09.4622714Z remote: Counting objects:  62% (2593/4181)        
2025-07-15T21:54:09.4623419Z remote: Counting objects:  63% (2635/4181)        
2025-07-15T21:54:09.4623889Z remote: Counting objects:  64% (2676/4181)        
2025-07-15T21:54:09.4624340Z remote: Counting objects:  65% (2718/4181)        
2025-07-15T21:54:09.4625126Z remote: Counting objects:  66% (2760/4181)        
2025-07-15T21:54:09.4625896Z remote: Counting objects:  67% (2802/4181)        
2025-07-15T21:54:09.4626495Z remote: Counting objects:  68% (2844/4181)        
2025-07-15T21:54:09.4627501Z remote: Counting objects:  69% (2885/4181)        
2025-07-15T21:54:09.4627946Z remote: Counting objects:  70% (2927/4181)        
2025-07-15T21:54:09.4628386Z remote: Counting objects:  71% (2969/4181)        
2025-07-15T21:54:09.4628826Z remote: Counting objects:  72% (3011/4181)        
2025-07-15T21:54:09.4629281Z remote: Counting objects:  73% (3053/4181)        
2025-07-15T21:54:09.4629727Z remote: Counting objects:  74% (3094/4181)        
2025-07-15T21:54:09.4630160Z remote: Counting objects:  75% (3136/4181)        
2025-07-15T21:54:09.4630590Z remote: Counting objects:  76% (3178/4181)        
2025-07-15T21:54:09.4631020Z remote: Counting objects:  77% (3220/4181)        
2025-07-15T21:54:09.4631449Z remote: Counting objects:  78% (3262/4181)        
2025-07-15T21:54:09.4631883Z remote: Counting objects:  79% (3303/4181)        
2025-07-15T21:54:09.4632316Z remote: Counting objects:  80% (3345/4181)        
2025-07-15T21:54:09.4632756Z remote: Counting objects:  81% (3387/4181)        
2025-07-15T21:54:09.4633423Z remote: Counting objects:  82% (3429/4181)        
2025-07-15T21:54:09.4633875Z remote: Counting objects:  83% (3471/4181)        
2025-07-15T21:54:09.4634303Z remote: Counting objects:  84% (3513/4181)        
2025-07-15T21:54:09.4634736Z remote: Counting objects:  85% (3554/4181)        
2025-07-15T21:54:09.4635180Z remote: Counting objects:  86% (3596/4181)        
2025-07-15T21:54:09.4635606Z remote: Counting objects:  87% (3638/4181)        
2025-07-15T21:54:09.4636035Z remote: Counting objects:  88% (3680/4181)        
2025-07-15T21:54:09.4636465Z remote: Counting objects:  89% (3722/4181)        
2025-07-15T21:54:09.4661984Z remote: Counting objects:  90% (3763/4181)        
2025-07-15T21:54:09.4663478Z remote: Counting objects:  91% (3805/4181)        
2025-07-15T21:54:09.4664585Z remote: Counting objects:  92% (3847/4181)        
2025-07-15T21:54:09.4665614Z remote: Counting objects:  93% (3889/4181)        
2025-07-15T21:54:09.4666482Z remote: Counting objects:  94% (3931/4181)        
2025-07-15T21:54:09.4667308Z remote: Counting objects:  95% (3972/4181)        
2025-07-15T21:54:09.4668674Z remote: Counting objects:  96% (4014/4181)        
2025-07-15T21:54:09.4669500Z remote: Counting objects:  97% (4056/4181)        
2025-07-15T21:54:09.4670221Z remote: Counting objects:  98% (4098/4181)        
2025-07-15T21:54:09.4671349Z remote: Counting objects:  99% (4140/4181)        
2025-07-15T21:54:09.4671842Z remote: Counting objects: 100% (4181/4181)        
2025-07-15T21:54:09.4672321Z remote: Counting objects: 100% (4181/4181), done.        
2025-07-15T21:54:09.4673502Z remote: Compressing objects:   0% (1/3563)        
2025-07-15T21:54:09.4674121Z remote: Compressing objects:   1% (36/3563)        
2025-07-15T21:54:09.4674596Z remote: Compressing objects:   2% (72/3563)        
2025-07-15T21:54:09.4675058Z remote: Compressing objects:   3% (107/3563)        
2025-07-15T21:54:09.4675526Z remote: Compressing objects:   4% (143/3563)        
2025-07-15T21:54:09.4675988Z remote: Compressing objects:   5% (179/3563)        
2025-07-15T21:54:09.4676435Z remote: Compressing objects:   6% (214/3563)        
2025-07-15T21:54:09.4677091Z remote: Compressing objects:   7% (250/3563)        
2025-07-15T21:54:09.4677594Z remote: Compressing objects:   8% (286/3563)        
2025-07-15T21:54:09.4678058Z remote: Compressing objects:   9% (321/3563)        
2025-07-15T21:54:09.4678504Z remote: Compressing objects:  10% (357/3563)        
2025-07-15T21:54:09.4679053Z remote: Compressing objects:  11% (392/3563)        
2025-07-15T21:54:09.4679491Z remote: Compressing objects:  12% (428/3563)        
2025-07-15T21:54:09.4679931Z remote: Compressing objects:  13% (464/3563)        
2025-07-15T21:54:09.4680375Z remote: Compressing objects:  14% (499/3563)        
2025-07-15T21:54:09.4680824Z remote: Compressing objects:  15% (535/3563)        
2025-07-15T21:54:09.4681274Z remote: Compressing objects:  16% (571/3563)        
2025-07-15T21:54:09.4681926Z remote: Compressing objects:  17% (606/3563)        
2025-07-15T21:54:09.4682402Z remote: Compressing objects:  18% (642/3563)        
2025-07-15T21:54:09.4683156Z remote: Compressing objects:  19% (677/3563)        
2025-07-15T21:54:09.4683634Z remote: Compressing objects:  20% (713/3563)        
2025-07-15T21:54:09.4684083Z remote: Compressing objects:  21% (749/3563)        
2025-07-15T21:54:09.4684535Z remote: Compressing objects:  22% (784/3563)        
2025-07-15T21:54:09.4684983Z remote: Compressing objects:  23% (820/3563)        
2025-07-15T21:54:09.4685425Z remote: Compressing objects:  24% (856/3563)        
2025-07-15T21:54:09.4685871Z remote: Compressing objects:  25% (891/3563)        
2025-07-15T21:54:09.4686308Z remote: Compressing objects:  26% (927/3563)        
2025-07-15T21:54:09.4686755Z remote: Compressing objects:  27% (963/3563)        
2025-07-15T21:54:09.4687197Z remote: Compressing objects:  28% (998/3563)        
2025-07-15T21:54:09.4687653Z remote: Compressing objects:  29% (1034/3563)        
2025-07-15T21:54:09.4688249Z remote: Compressing objects:  30% (1069/3563)        
2025-07-15T21:54:09.4688708Z remote: Compressing objects:  31% (1105/3563)        
2025-07-15T21:54:09.4689163Z remote: Compressing objects:  32% (1141/3563)        
2025-07-15T21:54:09.4689608Z remote: Compressing objects:  33% (1176/3563)        
2025-07-15T21:54:09.4690063Z remote: Compressing objects:  34% (1212/3563)        
2025-07-15T21:54:09.4690519Z remote: Compressing objects:  35% (1248/3563)        
2025-07-15T21:54:09.4690971Z remote: Compressing objects:  36% (1283/3563)        
2025-07-15T21:54:09.4691529Z remote: Compressing objects:  37% (1319/3563)        
2025-07-15T21:54:09.4691987Z remote: Compressing objects:  38% (1354/3563)        
2025-07-15T21:54:09.4692530Z remote: Compressing objects:  39% (1390/3563)        
2025-07-15T21:54:09.4693157Z remote: Compressing objects:  40% (1426/3563)        
2025-07-15T21:54:09.4693959Z remote: Compressing objects:  41% (1461/3563)        
2025-07-15T21:54:09.4694682Z remote: Compressing objects:  42% (1497/3563)        
2025-07-15T21:54:09.4695155Z remote: Compressing objects:  43% (1533/3563)        
2025-07-15T21:54:09.4695602Z remote: Compressing objects:  44% (1568/3563)        
2025-07-15T21:54:09.4696050Z remote: Compressing objects:  45% (1604/3563)        
2025-07-15T21:54:09.4696497Z remote: Compressing objects:  46% (1639/3563)        
2025-07-15T21:54:09.4697135Z remote: Compressing objects:  47% (1675/3563)        
2025-07-15T21:54:09.4697607Z remote: Compressing objects:  48% (1711/3563)        
2025-07-15T21:54:09.4698064Z remote: Compressing objects:  49% (1746/3563)        
2025-07-15T21:54:09.4698516Z remote: Compressing objects:  50% (1782/3563)        
2025-07-15T21:54:09.4698963Z remote: Compressing objects:  51% (1818/3563)        
2025-07-15T21:54:09.4699409Z remote: Compressing objects:  52% (1853/3563)        
2025-07-15T21:54:09.4699858Z remote: Compressing objects:  53% (1889/3563)        
2025-07-15T21:54:09.4700315Z remote: Compressing objects:  54% (1925/3563)        
2025-07-15T21:54:09.4700769Z remote: Compressing objects:  55% (1960/3563)        
2025-07-15T21:54:09.4701220Z remote: Compressing objects:  56% (1996/3563)        
2025-07-15T21:54:09.4701668Z remote: Compressing objects:  57% (2031/3563)        
2025-07-15T21:54:09.4702690Z remote: Compressing objects:  58% (2067/3563)        
2025-07-15T21:54:09.4704347Z remote: Compressing objects:  59% (2103/3563)        
2025-07-15T21:54:09.4705055Z remote: Compressing objects:  60% (2138/3563)        
2025-07-15T21:54:09.4705520Z remote: Compressing objects:  61% (2174/3563)        
2025-07-15T21:54:09.4705993Z remote: Compressing objects:  62% (2210/3563)        
2025-07-15T21:54:09.4706520Z remote: Compressing objects:  63% (2245/3563)        
2025-07-15T21:54:09.4706972Z remote: Compressing objects:  64% (2281/3563)        
2025-07-15T21:54:09.4707466Z remote: Compressing objects:  65% (2316/3563)        
2025-07-15T21:54:09.4707918Z remote: Compressing objects:  66% (2352/3563)        
2025-07-15T21:54:09.4708545Z remote: Compressing objects:  67% (2388/3563)        
2025-07-15T21:54:09.4708988Z remote: Compressing objects:  68% (2423/3563)        
2025-07-15T21:54:09.4709436Z remote: Compressing objects:  69% (2459/3563)        
2025-07-15T21:54:09.4709887Z remote: Compressing objects:  70% (2495/3563)        
2025-07-15T21:54:09.4710338Z remote: Compressing objects:  71% (2530/3563)        
2025-07-15T21:54:09.4710797Z remote: Compressing objects:  72% (2566/3563)        
2025-07-15T21:54:09.4711245Z remote: Compressing objects:  73% (2601/3563)        
2025-07-15T21:54:09.4711688Z remote: Compressing objects:  74% (2637/3563)        
2025-07-15T21:54:09.4712136Z remote: Compressing objects:  75% (2673/3563)        
2025-07-15T21:54:09.4712585Z remote: Compressing objects:  76% (2708/3563)        
2025-07-15T21:54:09.4713267Z remote: Compressing objects:  77% (2744/3563)        
2025-07-15T21:54:09.4713718Z remote: Compressing objects:  78% (2780/3563)        
2025-07-15T21:54:09.4714174Z remote: Compressing objects:  79% (2815/3563)        
2025-07-15T21:54:09.4714616Z remote: Compressing objects:  80% (2851/3563)        
2025-07-15T21:54:09.4715054Z remote: Compressing objects:  81% (2887/3563)        
2025-07-15T21:54:09.4715503Z remote: Compressing objects:  82% (2922/3563)        
2025-07-15T21:54:09.4715950Z remote: Compressing objects:  83% (2958/3563)        
2025-07-15T21:54:09.4716400Z remote: Compressing objects:  84% (2993/3563)        
2025-07-15T21:54:09.4716852Z remote: Compressing objects:  85% (3029/3563)        
2025-07-15T21:54:09.4717290Z remote: Compressing objects:  86% (3065/3563)        
2025-07-15T21:54:09.4717745Z remote: Compressing objects:  87% (3100/3563)        
2025-07-15T21:54:09.4718188Z remote: Compressing objects:  88% (3136/3563)        
2025-07-15T21:54:09.4718636Z remote: Compressing objects:  89% (3172/3563)        
2025-07-15T21:54:09.4719112Z remote: Compressing objects:  90% (3207/3563)        
2025-07-15T21:54:09.4719563Z remote: Compressing objects:  91% (3243/3563)        
2025-07-15T21:54:09.4720000Z remote: Compressing objects:  92% (3278/3563)        
2025-07-15T21:54:09.4720449Z remote: Compressing objects:  93% (3314/3563)        
2025-07-15T21:54:09.4720896Z remote: Compressing objects:  94% (3350/3563)        
2025-07-15T21:54:09.4721340Z remote: Compressing objects:  95% (3385/3563)        
2025-07-15T21:54:09.4722576Z remote: Compressing objects:  96% (3421/3563)        
2025-07-15T21:54:09.4723856Z remote: Compressing objects:  97% (3457/3563)        
2025-07-15T21:54:09.4724360Z remote: Compressing objects:  98% (3492/3563)        
2025-07-15T21:54:09.4724836Z remote: Compressing objects:  99% (3528/3563)        
2025-07-15T21:54:09.4725469Z remote: Compressing objects: 100% (3563/3563)        
2025-07-15T21:54:09.4727003Z remote: Compressing objects: 100% (3563/3563), done.        
2025-07-15T21:54:09.4727801Z Receiving objects:   0% (1/4181)
2025-07-15T21:54:09.4749332Z Receiving objects:   1% (42/4181)
2025-07-15T21:54:09.4796206Z Receiving objects:   2% (84/4181)
2025-07-15T21:54:09.4982523Z Receiving objects:   3% (126/4181)
2025-07-15T21:54:09.5061300Z Receiving objects:   4% (168/4181)
2025-07-15T21:54:09.5143091Z Receiving objects:   5% (210/4181)
2025-07-15T21:54:09.5164477Z Receiving objects:   6% (251/4181)
2025-07-15T21:54:09.5346073Z Receiving objects:   7% (293/4181)
2025-07-15T21:54:09.5397149Z Receiving objects:   8% (335/4181)
2025-07-15T21:54:09.5455986Z Receiving objects:   9% (377/4181)
2025-07-15T21:54:09.5529319Z Receiving objects:  10% (419/4181)
2025-07-15T21:54:09.5600811Z Receiving objects:  11% (460/4181)
2025-07-15T21:54:09.5640064Z Receiving objects:  12% (502/4181)
2025-07-15T21:54:09.5681069Z Receiving objects:  13% (544/4181)
2025-07-15T21:54:09.5687543Z Receiving objects:  14% (586/4181)
2025-07-15T21:54:09.5699268Z Receiving objects:  15% (628/4181)
2025-07-15T21:54:09.5710853Z Receiving objects:  16% (669/4181)
2025-07-15T21:54:09.5754283Z Receiving objects:  17% (711/4181)
2025-07-15T21:54:09.5785806Z Receiving objects:  18% (753/4181)
2025-07-15T21:54:09.5859675Z Receiving objects:  19% (795/4181)
2025-07-15T21:54:09.5915701Z Receiving objects:  20% (837/4181)
2025-07-15T21:54:09.5967036Z Receiving objects:  21% (879/4181)
2025-07-15T21:54:09.6019517Z Receiving objects:  22% (920/4181)
2025-07-15T21:54:09.6089619Z Receiving objects:  23% (962/4181)
2025-07-15T21:54:09.6130219Z Receiving objects:  24% (1004/4181)
2025-07-15T21:54:09.6147296Z Receiving objects:  25% (1046/4181)
2025-07-15T21:54:09.6163022Z Receiving objects:  26% (1088/4181)
2025-07-15T21:54:09.6178346Z Receiving objects:  27% (1129/4181)
2025-07-15T21:54:09.6191920Z Receiving objects:  28% (1171/4181)
2025-07-15T21:54:09.6237243Z Receiving objects:  29% (1213/4181)
2025-07-15T21:54:09.6272080Z Receiving objects:  30% (1255/4181)
2025-07-15T21:54:09.6310547Z Receiving objects:  31% (1297/4181)
2025-07-15T21:54:09.6344398Z Receiving objects:  32% (1338/4181)
2025-07-15T21:54:09.6370960Z Receiving objects:  33% (1380/4181)
2025-07-15T21:54:09.6410400Z Receiving objects:  34% (1422/4181)
2025-07-15T21:54:09.6437584Z Receiving objects:  35% (1464/4181)
2025-07-15T21:54:09.6463813Z Receiving objects:  36% (1506/4181)
2025-07-15T21:54:09.6514157Z Receiving objects:  37% (1547/4181)
2025-07-15T21:54:09.6536471Z Receiving objects:  38% (1589/4181)
2025-07-15T21:54:09.6577926Z Receiving objects:  39% (1631/4181)
2025-07-15T21:54:09.6599082Z Receiving objects:  40% (1673/4181)
2025-07-15T21:54:09.6650634Z Receiving objects:  41% (1715/4181)
2025-07-15T21:54:09.6689079Z Receiving objects:  42% (1757/4181)
2025-07-15T21:54:09.6732754Z Receiving objects:  43% (1798/4181)
2025-07-15T21:54:09.6812406Z Receiving objects:  44% (1840/4181)
2025-07-15T21:54:09.6861575Z Receiving objects:  45% (1882/4181)
2025-07-15T21:54:09.6892033Z Receiving objects:  46% (1924/4181)
2025-07-15T21:54:09.6923851Z Receiving objects:  47% (1966/4181)
2025-07-15T21:54:09.7006263Z Receiving objects:  48% (2007/4181)
2025-07-15T21:54:09.7050348Z Receiving objects:  49% (2049/4181)
2025-07-15T21:54:09.7081503Z Receiving objects:  50% (2091/4181)
2025-07-15T21:54:09.7119915Z Receiving objects:  51% (2133/4181)
2025-07-15T21:54:09.7174715Z Receiving objects:  52% (2175/4181)
2025-07-15T21:54:09.7222582Z Receiving objects:  53% (2216/4181)
2025-07-15T21:54:09.7248111Z Receiving objects:  54% (2258/4181)
2025-07-15T21:54:09.7284873Z Receiving objects:  55% (2300/4181)
2025-07-15T21:54:09.7316398Z Receiving objects:  56% (2342/4181)
2025-07-15T21:54:09.7366742Z Receiving objects:  57% (2384/4181)
2025-07-15T21:54:09.7392421Z Receiving objects:  58% (2425/4181)
2025-07-15T21:54:09.7415695Z Receiving objects:  59% (2467/4181)
2025-07-15T21:54:09.7433561Z Receiving objects:  60% (2509/4181)
2025-07-15T21:54:09.7501318Z Receiving objects:  61% (2551/4181)
2025-07-15T21:54:09.7548039Z Receiving objects:  62% (2593/4181)
2025-07-15T21:54:09.7589853Z Receiving objects:  63% (2635/4181)
2025-07-15T21:54:09.7671049Z Receiving objects:  64% (2676/4181)
2025-07-15T21:54:09.7716448Z Receiving objects:  65% (2718/4181)
2025-07-15T21:54:09.7769415Z Receiving objects:  66% (2760/4181)
2025-07-15T21:54:09.7837737Z Receiving objects:  67% (2802/4181)
2025-07-15T21:54:09.7880119Z Receiving objects:  68% (2844/4181)
2025-07-15T21:54:09.7920177Z Receiving objects:  69% (2885/4181)
2025-07-15T21:54:09.7978935Z Receiving objects:  70% (2927/4181)
2025-07-15T21:54:09.8027373Z Receiving objects:  71% (2969/4181)
2025-07-15T21:54:09.8063031Z Receiving objects:  72% (3011/4181)
2025-07-15T21:54:09.8092550Z Receiving objects:  73% (3053/4181)
2025-07-15T21:54:09.8114648Z Receiving objects:  74% (3094/4181)
2025-07-15T21:54:09.8187677Z Receiving objects:  75% (3136/4181)
2025-07-15T21:54:09.8211216Z Receiving objects:  76% (3178/4181)
2025-07-15T21:54:09.8265617Z Receiving objects:  77% (3220/4181)
2025-07-15T21:54:09.8372799Z Receiving objects:  78% (3262/4181)
2025-07-15T21:54:09.8419301Z Receiving objects:  79% (3303/4181)
2025-07-15T21:54:09.8477410Z Receiving objects:  80% (3345/4181)
2025-07-15T21:54:09.8501070Z Receiving objects:  81% (3387/4181)
2025-07-15T21:54:09.8526024Z Receiving objects:  82% (3429/4181)
2025-07-15T21:54:09.8532452Z Receiving objects:  83% (3471/4181)
2025-07-15T21:54:09.8540461Z Receiving objects:  84% (3513/4181)
2025-07-15T21:54:09.8548458Z Receiving objects:  85% (3554/4181)
2025-07-15T21:54:09.8554918Z Receiving objects:  86% (3596/4181)
2025-07-15T21:54:09.8560188Z Receiving objects:  87% (3638/4181)
2025-07-15T21:54:09.8567149Z Receiving objects:  88% (3680/4181)
2025-07-15T21:54:09.8571288Z Receiving objects:  89% (3722/4181)
2025-07-15T21:54:09.8577695Z Receiving objects:  90% (3763/4181)
2025-07-15T21:54:09.8597300Z Receiving objects:  91% (3805/4181)
2025-07-15T21:54:09.8605830Z Receiving objects:  92% (3847/4181)
2025-07-15T21:54:09.8632682Z Receiving objects:  93% (3889/4181)
2025-07-15T21:54:09.8636789Z Receiving objects:  94% (3931/4181)
2025-07-15T21:54:09.8679186Z Receiving objects:  95% (3972/4181)
2025-07-15T21:54:09.8701876Z Receiving objects:  96% (4014/4181)
2025-07-15T21:54:09.8760957Z Receiving objects:  97% (4056/4181)
2025-07-15T21:54:09.8795485Z Receiving objects:  98% (4098/4181)
2025-07-15T21:54:09.8834225Z Receiving objects:  99% (4140/4181)
2025-07-15T21:54:09.8835631Z remote: Total 4181 (delta 579), reused 4165 (delta 573), pack-reused 0 (from 0)        
2025-07-15T21:54:09.8854382Z Receiving objects: 100% (4181/4181)
2025-07-15T21:54:09.8855771Z Receiving objects: 100% (4181/4181), 14.19 MiB | 34.12 MiB/s, done.
2025-07-15T21:54:09.8858095Z Resolving deltas:   0% (0/579)
2025-07-15T21:54:09.8861447Z Resolving deltas:   1% (6/579)
2025-07-15T21:54:09.8862149Z Resolving deltas:   2% (12/579)
2025-07-15T21:54:09.8862824Z Resolving deltas:   3% (18/579)
2025-07-15T21:54:09.8867364Z Resolving deltas:   4% (24/579)
2025-07-15T21:54:09.8868065Z Resolving deltas:   5% (29/579)
2025-07-15T21:54:09.8873039Z Resolving deltas:   6% (35/579)
2025-07-15T21:54:09.8873779Z Resolving deltas:   7% (41/579)
2025-07-15T21:54:09.8874485Z Resolving deltas:   8% (47/579)
2025-07-15T21:54:09.8878444Z Resolving deltas:   9% (53/579)
2025-07-15T21:54:09.8881917Z Resolving deltas:  10% (58/579)
2025-07-15T21:54:09.8899799Z Resolving deltas:  11% (64/579)
2025-07-15T21:54:09.8901239Z Resolving deltas:  12% (70/579)
2025-07-15T21:54:09.8984842Z Resolving deltas:  13% (76/579)
2025-07-15T21:54:09.8985778Z Resolving deltas:  14% (82/579)
2025-07-15T21:54:09.8994922Z Resolving deltas:  15% (87/579)
2025-07-15T21:54:09.9002542Z Resolving deltas:  16% (93/579)
2025-07-15T21:54:09.9007530Z Resolving deltas:  17% (99/579)
2025-07-15T21:54:09.9009700Z Resolving deltas:  18% (105/579)
2025-07-15T21:54:09.9016247Z Resolving deltas:  19% (111/579)
2025-07-15T21:54:09.9017380Z Resolving deltas:  20% (116/579)
2025-07-15T21:54:09.9018393Z Resolving deltas:  21% (122/579)
2025-07-15T21:54:09.9019141Z Resolving deltas:  22% (128/579)
2025-07-15T21:54:09.9019783Z Resolving deltas:  23% (134/579)
2025-07-15T21:54:09.9020388Z Resolving deltas:  24% (139/579)
2025-07-15T21:54:09.9020977Z Resolving deltas:  25% (145/579)
2025-07-15T21:54:09.9021587Z Resolving deltas:  26% (152/579)
2025-07-15T21:54:09.9022184Z Resolving deltas:  27% (157/579)
2025-07-15T21:54:09.9022782Z Resolving deltas:  28% (163/579)
2025-07-15T21:54:09.9023607Z Resolving deltas:  29% (168/579)
2025-07-15T21:54:09.9024198Z Resolving deltas:  30% (174/579)
2025-07-15T21:54:09.9033865Z Resolving deltas:  31% (180/579)
2025-07-15T21:54:09.9034572Z Resolving deltas:  32% (186/579)
2025-07-15T21:54:09.9042099Z Resolving deltas:  33% (192/579)
2025-07-15T21:54:09.9051145Z Resolving deltas:  34% (197/579)
2025-07-15T21:54:09.9056390Z Resolving deltas:  35% (203/579)
2025-07-15T21:54:09.9069743Z Resolving deltas:  36% (209/579)
2025-07-15T21:54:09.9070714Z Resolving deltas:  37% (215/579)
2025-07-15T21:54:09.9071417Z Resolving deltas:  38% (221/579)
2025-07-15T21:54:09.9073166Z Resolving deltas:  39% (226/579)
2025-07-15T21:54:09.9083801Z Resolving deltas:  40% (232/579)
2025-07-15T21:54:09.9104678Z Resolving deltas:  41% (238/579)
2025-07-15T21:54:09.9106410Z Resolving deltas:  42% (244/579)
2025-07-15T21:54:09.9111504Z Resolving deltas:  43% (249/579)
2025-07-15T21:54:09.9115415Z Resolving deltas:  44% (256/579)
2025-07-15T21:54:09.9120374Z Resolving deltas:  45% (261/579)
2025-07-15T21:54:09.9126776Z Resolving deltas:  46% (267/579)
2025-07-15T21:54:09.9130527Z Resolving deltas:  47% (273/579)
2025-07-15T21:54:09.9139574Z Resolving deltas:  48% (278/579)
2025-07-15T21:54:09.9150014Z Resolving deltas:  49% (284/579)
2025-07-15T21:54:09.9154938Z Resolving deltas:  50% (290/579)
2025-07-15T21:54:09.9162424Z Resolving deltas:  51% (296/579)
2025-07-15T21:54:09.9169156Z Resolving deltas:  52% (302/579)
2025-07-15T21:54:09.9176997Z Resolving deltas:  53% (307/579)
2025-07-15T21:54:09.9183378Z Resolving deltas:  54% (313/579)
2025-07-15T21:54:09.9192698Z Resolving deltas:  55% (319/579)
2025-07-15T21:54:09.9203236Z Resolving deltas:  56% (326/579)
2025-07-15T21:54:09.9203912Z Resolving deltas:  57% (332/579)
2025-07-15T21:54:09.9204526Z Resolving deltas:  58% (336/579)
2025-07-15T21:54:09.9216791Z Resolving deltas:  59% (342/579)
2025-07-15T21:54:09.9223554Z Resolving deltas:  60% (348/579)
2025-07-15T21:54:09.9235479Z Resolving deltas:  61% (354/579)
2025-07-15T21:54:09.9241371Z Resolving deltas:  62% (360/579)
2025-07-15T21:54:09.9251081Z Resolving deltas:  63% (365/579)
2025-07-15T21:54:09.9253840Z Resolving deltas:  64% (371/579)
2025-07-15T21:54:09.9258087Z Resolving deltas:  65% (377/579)
2025-07-15T21:54:09.9271099Z Resolving deltas:  66% (383/579)
2025-07-15T21:54:09.9274152Z Resolving deltas:  67% (388/579)
2025-07-15T21:54:09.9277256Z Resolving deltas:  68% (394/579)
2025-07-15T21:54:09.9282375Z Resolving deltas:  69% (400/579)
2025-07-15T21:54:09.9290549Z Resolving deltas:  70% (406/579)
2025-07-15T21:54:09.9295325Z Resolving deltas:  71% (412/579)
2025-07-15T21:54:09.9298706Z Resolving deltas:  72% (418/579)
2025-07-15T21:54:09.9305721Z Resolving deltas:  73% (423/579)
2025-07-15T21:54:09.9311057Z Resolving deltas:  74% (429/579)
2025-07-15T21:54:09.9322721Z Resolving deltas:  75% (436/579)
2025-07-15T21:54:09.9330409Z Resolving deltas:  76% (441/579)
2025-07-15T21:54:09.9334577Z Resolving deltas:  77% (446/579)
2025-07-15T21:54:09.9341627Z Resolving deltas:  78% (452/579)
2025-07-15T21:54:09.9347190Z Resolving deltas:  79% (458/579)
2025-07-15T21:54:09.9353447Z Resolving deltas:  80% (464/579)
2025-07-15T21:54:09.9358115Z Resolving deltas:  81% (469/579)
2025-07-15T21:54:09.9373531Z Resolving deltas:  82% (475/579)
2025-07-15T21:54:09.9374365Z Resolving deltas:  83% (482/579)
2025-07-15T21:54:09.9378254Z Resolving deltas:  84% (488/579)
2025-07-15T21:54:09.9394054Z Resolving deltas:  85% (493/579)
2025-07-15T21:54:09.9401244Z Resolving deltas:  86% (498/579)
2025-07-15T21:54:09.9410009Z Resolving deltas:  87% (504/579)
2025-07-15T21:54:09.9426311Z Resolving deltas:  88% (510/579)
2025-07-15T21:54:09.9439755Z Resolving deltas:  89% (516/579)
2025-07-15T21:54:09.9441520Z Resolving deltas:  90% (522/579)
2025-07-15T21:54:09.9444546Z Resolving deltas:  91% (527/579)
2025-07-15T21:54:09.9445252Z Resolving deltas:  92% (533/579)
2025-07-15T21:54:09.9447837Z Resolving deltas:  93% (539/579)
2025-07-15T21:54:09.9451880Z Resolving deltas:  94% (545/579)
2025-07-15T21:54:09.9452503Z Resolving deltas:  95% (551/579)
2025-07-15T21:54:09.9453296Z Resolving deltas:  96% (556/579)
2025-07-15T21:54:09.9453890Z Resolving deltas:  97% (562/579)
2025-07-15T21:54:09.9454473Z Resolving deltas:  98% (569/579)
2025-07-15T21:54:09.9457303Z Resolving deltas:  99% (574/579)
2025-07-15T21:54:09.9458945Z Resolving deltas: 100% (579/579)
2025-07-15T21:54:09.9459792Z Resolving deltas: 100% (579/579), done.
2025-07-15T21:54:09.9617109Z From https://github.com/Dinesh-4/Devops
2025-07-15T21:54:09.9618104Z  * [new ref]         7b4da954f8de64fbeae3b683754f735aa3c87d0f -> origin/main
2025-07-15T21:54:09.9653202Z ##[endgroup]
2025-07-15T21:54:09.9654251Z ##[group]Determining the checkout info
2025-07-15T21:54:09.9655569Z ##[endgroup]
2025-07-15T21:54:09.9657099Z ##[group]Checking out the ref
2025-07-15T21:54:09.9661383Z [command]/usr/bin/git checkout --progress --force -B main refs/remotes/origin/main
2025-07-15T21:54:10.3181954Z Switched to a new branch 'main'
2025-07-15T21:54:10.3184197Z branch 'main' set up to track 'origin/main'.
2025-07-15T21:54:10.3219010Z ##[endgroup]
2025-07-15T21:54:10.3243531Z [command]/usr/bin/git log -1 --format='%H'
2025-07-15T21:54:10.3265471Z '7b4da954f8de64fbeae3b683754f735aa3c87d0f'
2025-07-15T21:54:10.3501564Z ##[group]Run actions/setup-python@v4
2025-07-15T21:54:10.3501996Z with:
2025-07-15T21:54:10.3502311Z   python-version: 3.10
2025-07-15T21:54:10.3502656Z   check-latest: false
2025-07-15T21:54:10.3503543Z   token: ***
2025-07-15T21:54:10.3503875Z   update-environment: true
2025-07-15T21:54:10.3504250Z   allow-prereleases: false
2025-07-15T21:54:10.3504601Z ##[endgroup]
2025-07-15T21:54:10.5222335Z ##[group]Installed versions
2025-07-15T21:54:10.5310870Z Successfully set up CPython (3.10.18)
2025-07-15T21:54:10.5311757Z ##[endgroup]
2025-07-15T21:54:10.5431425Z ##[group]Run python -m pip install --upgrade pip
2025-07-15T21:54:10.5431990Z [36;1mpython -m pip install --upgrade pip[0m
2025-07-15T21:54:10.5432452Z [36;1mpip install -r requirements.txt[0m
2025-07-15T21:54:10.5471116Z shell: /usr/bin/bash -e {0}
2025-07-15T21:54:10.5471487Z env:
2025-07-15T21:54:10.5471869Z   pythonLocation: /opt/hostedtoolcache/Python/3.10.18/x64
2025-07-15T21:54:10.5472448Z   PKG_CONFIG_PATH: /opt/hostedtoolcache/Python/3.10.18/x64/lib/pkgconfig
2025-07-15T21:54:10.5473269Z   Python_ROOT_DIR: /opt/hostedtoolcache/Python/3.10.18/x64
2025-07-15T21:54:10.5473787Z   Python2_ROOT_DIR: /opt/hostedtoolcache/Python/3.10.18/x64
2025-07-15T21:54:10.5474290Z   Python3_ROOT_DIR: /opt/hostedtoolcache/Python/3.10.18/x64
2025-07-15T21:54:10.5474785Z   LD_LIBRARY_PATH: /opt/hostedtoolcache/Python/3.10.18/x64/lib
2025-07-15T21:54:10.5475220Z ##[endgroup]
2025-07-15T21:54:11.0673184Z Requirement already satisfied: pip in /opt/hostedtoolcache/Python/3.10.18/x64/lib/python3.10/site-packages (25.1.1)
2025-07-15T21:54:11.7538739Z Collecting Flask==3.1.0 (from -r requirements.txt (line 1))
2025-07-15T21:54:11.8071378Z   Downloading flask-3.1.0-py3-none-any.whl.metadata (2.7 kB)
2025-07-15T21:54:11.8242034Z Collecting Flask-PyMongo==3.0.1 (from -r requirements.txt (line 2))
2025-07-15T21:54:11.8290475Z   Downloading flask_pymongo-3.0.1-py3-none-any.whl.metadata (3.5 kB)
2025-07-15T21:54:11.8854199Z Collecting pytest==8.2.1 (from -r requirements.txt (line 3))
2025-07-15T21:54:11.8894190Z   Downloading pytest-8.2.1-py3-none-any.whl.metadata (7.6 kB)
2025-07-15T21:54:11.9041104Z Collecting blinker==1.9.0 (from -r requirements.txt (line 4))
2025-07-15T21:54:11.9089006Z   Downloading blinker-1.9.0-py3-none-any.whl.metadata (1.6 kB)
2025-07-15T21:54:11.9300234Z Collecting certifi==2025.7.14 (from -r requirements.txt (line 5))
2025-07-15T21:54:11.9343478Z   Downloading certifi-2025.7.14-py3-none-any.whl.metadata (2.4 kB)
2025-07-15T21:54:12.0262329Z Collecting charset-normalizer==3.4.2 (from -r requirements.txt (line 6))
2025-07-15T21:54:12.0304940Z   Downloading charset_normalizer-3.4.2-cp310-cp310-manylinux_2_17_x86_64.manylinux2014_x86_64.whl.metadata (35 kB)
2025-07-15T21:54:12.0529776Z Collecting click==8.2.1 (from -r requirements.txt (line 7))
2025-07-15T21:54:12.0573797Z   Downloading click-8.2.1-py3-none-any.whl.metadata (2.5 kB)
2025-07-15T21:54:12.0723759Z Collecting dnspython==2.7.0 (from -r requirements.txt (line 8))
2025-07-15T21:54:12.0760166Z   Downloading dnspython-2.7.0-py3-none-any.whl.metadata (5.8 kB)
2025-07-15T21:54:12.0957972Z Collecting idna==3.10 (from -r requirements.txt (line 9))
2025-07-15T21:54:12.0995354Z   Downloading idna-3.10-py3-none-any.whl.metadata (10 kB)
2025-07-15T21:54:12.1142767Z Collecting itsdangerous==2.2.0 (from -r requirements.txt (line 10))
2025-07-15T21:54:12.1179734Z   Downloading itsdangerous-2.2.0-py3-none-any.whl.metadata (1.9 kB)
2025-07-15T21:54:12.1350242Z Collecting Jinja2==3.1.6 (from -r requirements.txt (line 11))
2025-07-15T21:54:12.1389177Z   Downloading jinja2-3.1.6-py3-none-any.whl.metadata (2.9 kB)
2025-07-15T21:54:12.1994708Z Collecting MarkupSafe==3.0.2 (from -r requirements.txt (line 12))
2025-07-15T21:54:12.2035793Z   Downloading MarkupSafe-3.0.2-cp310-cp310-manylinux_2_17_x86_64.manylinux2014_x86_64.whl.metadata (4.0 kB)
2025-07-15T21:54:12.2178000Z Collecting paho-mqtt==2.1.0 (from -r requirements.txt (line 13))
2025-07-15T21:54:12.2218100Z   Downloading paho_mqtt-2.1.0-py3-none-any.whl.metadata (23 kB)
2025-07-15T21:54:12.5848815Z Collecting pymongo==4.13.2 (from -r requirements.txt (line 14))
2025-07-15T21:54:12.5888422Z   Downloading pymongo-4.13.2-cp310-cp310-manylinux_2_17_x86_64.manylinux2014_x86_64.whl.metadata (22 kB)
2025-07-15T21:54:12.6143496Z Collecting python-dotenv==1.1.1 (from -r requirements.txt (line 15))
2025-07-15T21:54:12.6185324Z   Downloading python_dotenv-1.1.1-py3-none-any.whl.metadata (24 kB)
2025-07-15T21:54:12.6488533Z Collecting requests==2.32.4 (from -r requirements.txt (line 16))
2025-07-15T21:54:12.6530309Z   Downloading requests-2.32.4-py3-none-any.whl.metadata (4.9 kB)
2025-07-15T21:54:12.6834352Z Collecting urllib3==2.5.0 (from -r requirements.txt (line 17))
2025-07-15T21:54:12.6875101Z   Downloading urllib3-2.5.0-py3-none-any.whl.metadata (6.5 kB)
2025-07-15T21:54:12.7127854Z Collecting Werkzeug==3.1.3 (from -r requirements.txt (line 18))
2025-07-15T21:54:12.7172792Z   Downloading werkzeug-3.1.3-py3-none-any.whl.metadata (3.7 kB)
2025-07-15T21:54:12.7291836Z Collecting autodevops-cli==0.1.1 (from -r requirements.txt (line 19))
2025-07-15T21:54:12.7338250Z   Downloading autodevops_cli-0.1.1-py3-none-any.whl.metadata (494 bytes)
2025-07-15T21:54:12.7507297Z Collecting iniconfig==2.1.0 (from -r requirements.txt (line 20))
2025-07-15T21:54:12.7543355Z   Downloading iniconfig-2.1.0-py3-none-any.whl.metadata (2.7 kB)
2025-07-15T21:54:12.7674797Z Collecting loguru==0.7.3 (from -r requirements.txt (line 21))
2025-07-15T21:54:12.7715937Z   Downloading loguru-0.7.3-py3-none-any.whl.metadata (22 kB)
2025-07-15T21:54:12.7979327Z Collecting markdown-it-py==3.0.0 (from -r requirements.txt (line 22))
2025-07-15T21:54:12.8016658Z   Downloading markdown_it_py-3.0.0-py3-none-any.whl.metadata (6.9 kB)
2025-07-15T21:54:12.8167769Z Collecting mdurl==0.1.2 (from -r requirements.txt (line 23))
2025-07-15T21:54:12.8202463Z   Downloading mdurl-0.1.2-py3-none-any.whl.metadata (1.6 kB)
2025-07-15T21:54:12.8349251Z Collecting mongomock==4.3.0 (from -r requirements.txt (line 24))
2025-07-15T21:54:12.8428991Z   Downloading mongomock-4.3.0-py2.py3-none-any.whl.metadata (12 kB)
2025-07-15T21:54:12.8612233Z Collecting packaging==25.0 (from -r requirements.txt (line 25))
2025-07-15T21:54:12.8658522Z   Downloading packaging-25.0-py3-none-any.whl.metadata (3.3 kB)
2025-07-15T21:54:12.8885250Z Collecting pluggy==1.6.0 (from -r requirements.txt (line 26))
2025-07-15T21:54:12.8950816Z   Downloading pluggy-1.6.0-py3-none-any.whl.metadata (4.8 kB)
2025-07-15T21:54:12.9171852Z Collecting Pygments==2.19.2 (from -r requirements.txt (line 27))
2025-07-15T21:54:12.9211611Z   Downloading pygments-2.19.2-py3-none-any.whl.metadata (2.5 kB)
2025-07-15T21:54:12.9659940Z Collecting pytz==2025.2 (from -r requirements.txt (line 28))
2025-07-15T21:54:12.9760519Z   Downloading pytz-2025.2-py2.py3-none-any.whl.metadata (22 kB)
2025-07-15T21:54:13.0204307Z Collecting rich==14.0.0 (from -r requirements.txt (line 29))
2025-07-15T21:54:13.0247572Z   Downloading rich-14.0.0-py3-none-any.whl.metadata (18 kB)
2025-07-15T21:54:13.0370307Z Collecting sentinels==1.0.0 (from -r requirements.txt (line 30))
2025-07-15T21:54:13.0412417Z   Downloading sentinels-1.0.0.tar.gz (4.1 kB)
2025-07-15T21:54:13.0501119Z   Installing build dependencies: started
2025-07-15T21:54:13.9390862Z   Installing build dependencies: finished with status 'done'
2025-07-15T21:54:13.9398418Z   Getting requirements to build wheel: started
2025-07-15T21:54:14.2918977Z   Getting requirements to build wheel: finished with status 'done'
2025-07-15T21:54:14.2929049Z   Preparing metadata (pyproject.toml): started
2025-07-15T21:54:14.4736461Z   Preparing metadata (pyproject.toml): finished with status 'done'
2025-07-15T21:54:14.4899840Z Collecting sh==2.2.2 (from -r requirements.txt (line 31))
2025-07-15T21:54:14.4948985Z   Downloading sh-2.2.2-py3-none-any.whl.metadata (3.7 kB)
2025-07-15T21:54:14.5396756Z Collecting exceptiongroup>=1.0.0rc8 (from pytest==8.2.1->-r requirements.txt (line 3))
2025-07-15T21:54:14.5441715Z   Downloading exceptiongroup-1.3.0-py3-none-any.whl.metadata (6.7 kB)
2025-07-15T21:54:14.5637125Z Collecting tomli>=1 (from pytest==8.2.1->-r requirements.txt (line 3))
2025-07-15T21:54:14.5681339Z   Downloading tomli-2.2.1-py3-none-any.whl.metadata (10 kB)
2025-07-15T21:54:14.6469187Z Collecting typing-extensions<5.0,>=4.0.0 (from rich==14.0.0->-r requirements.txt (line 29))
2025-07-15T21:54:14.6531412Z   Downloading typing_extensions-4.14.1-py3-none-any.whl.metadata (3.0 kB)
2025-07-15T21:54:14.6719798Z Downloading flask-3.1.0-py3-none-any.whl (102 kB)
2025-07-15T21:54:14.6922484Z Downloading flask_pymongo-3.0.1-py3-none-any.whl (11 kB)
2025-07-15T21:54:14.6979637Z Downloading pytest-8.2.1-py3-none-any.whl (339 kB)
2025-07-15T21:54:14.7104722Z Downloading pluggy-1.6.0-py3-none-any.whl (20 kB)
2025-07-15T21:54:14.7167623Z Downloading blinker-1.9.0-py3-none-any.whl (8.5 kB)
2025-07-15T21:54:14.7221811Z Downloading certifi-2025.7.14-py3-none-any.whl (162 kB)
2025-07-15T21:54:14.7308092Z Downloading charset_normalizer-3.4.2-cp310-cp310-manylinux_2_17_x86_64.manylinux2014_x86_64.whl (149 kB)
2025-07-15T21:54:14.7389180Z Downloading click-8.2.1-py3-none-any.whl (102 kB)
2025-07-15T21:54:14.7474026Z Downloading dnspython-2.7.0-py3-none-any.whl (313 kB)
2025-07-15T21:54:14.7588376Z Downloading idna-3.10-py3-none-any.whl (70 kB)
2025-07-15T21:54:14.7653131Z Downloading itsdangerous-2.2.0-py3-none-any.whl (16 kB)
2025-07-15T21:54:14.7715195Z Downloading jinja2-3.1.6-py3-none-any.whl (134 kB)
2025-07-15T21:54:14.7802490Z Downloading MarkupSafe-3.0.2-cp310-cp310-manylinux_2_17_x86_64.manylinux2014_x86_64.whl (20 kB)
2025-07-15T21:54:14.7860537Z Downloading paho_mqtt-2.1.0-py3-none-any.whl (67 kB)
2025-07-15T21:54:14.7928357Z Downloading pymongo-4.13.2-cp310-cp310-manylinux_2_17_x86_64.manylinux2014_x86_64.whl (1.2 MB)
2025-07-15T21:54:14.8130788Z    ━━━━━━━━━━━━━━━━━━━━━━━━━━━━━━━━━━━━━━━━ 1.2/1.2 MB 65.4 MB/s eta 0:00:00
2025-07-15T21:54:14.8169597Z Downloading python_dotenv-1.1.1-py3-none-any.whl (20 kB)
2025-07-15T21:54:14.8229331Z Downloading requests-2.32.4-py3-none-any.whl (64 kB)
2025-07-15T21:54:14.8292666Z Downloading urllib3-2.5.0-py3-none-any.whl (129 kB)
2025-07-15T21:54:14.8359089Z Downloading werkzeug-3.1.3-py3-none-any.whl (224 kB)
2025-07-15T21:54:14.8446997Z Downloading autodevops_cli-0.1.1-py3-none-any.whl (4.1 kB)
2025-07-15T21:54:14.8503713Z Downloading iniconfig-2.1.0-py3-none-any.whl (6.0 kB)
2025-07-15T21:54:14.8562057Z Downloading loguru-0.7.3-py3-none-any.whl (61 kB)
2025-07-15T21:54:14.8623679Z Downloading markdown_it_py-3.0.0-py3-none-any.whl (87 kB)
2025-07-15T21:54:14.8684604Z Downloading mdurl-0.1.2-py3-none-any.whl (10.0 kB)
2025-07-15T21:54:14.8739833Z Downloading mongomock-4.3.0-py2.py3-none-any.whl (64 kB)
2025-07-15T21:54:14.8808427Z Downloading packaging-25.0-py3-none-any.whl (66 kB)
2025-07-15T21:54:14.8873034Z Downloading pygments-2.19.2-py3-none-any.whl (1.2 MB)
2025-07-15T21:54:14.9038380Z    ━━━━━━━━━━━━━━━━━━━━━━━━━━━━━━━━━━━━━━━━ 1.2/1.2 MB 84.7 MB/s eta 0:00:00
2025-07-15T21:54:14.9078815Z Downloading pytz-2025.2-py2.py3-none-any.whl (509 kB)
2025-07-15T21:54:14.9171197Z Downloading rich-14.0.0-py3-none-any.whl (243 kB)
2025-07-15T21:54:14.9238562Z Downloading sh-2.2.2-py3-none-any.whl (38 kB)
2025-07-15T21:54:14.9297863Z Downloading typing_extensions-4.14.1-py3-none-any.whl (43 kB)
2025-07-15T21:54:14.9353286Z Downloading exceptiongroup-1.3.0-py3-none-any.whl (16 kB)
2025-07-15T21:54:14.9415929Z Downloading tomli-2.2.1-py3-none-any.whl (14 kB)
2025-07-15T21:54:14.9778086Z Building wheels for collected packages: sentinels
2025-07-15T21:54:14.9789199Z   Building wheel for sentinels (pyproject.toml): started
2025-07-15T21:54:15.2012501Z   Building wheel for sentinels (pyproject.toml): finished with status 'done'
2025-07-15T21:54:15.2020448Z   Created wheel for sentinels: filename=sentinels-1.0.0-py3-none-any.whl size=3229 sha256=8ec2929bee8ee9737bc1ef259f78c8ed3bee21d633b7b1b6985dc11916d56fd7
2025-07-15T21:54:15.2023109Z   Stored in directory: /home/runner/.cache/pip/wheels/26/bc/eb/67e56405e0684b3d8c011cf4d18129c41be394775fd5ba2347
2025-07-15T21:54:15.2039764Z Successfully built sentinels
2025-07-15T21:54:15.2797954Z Installing collected packages: sentinels, pytz, urllib3, typing-extensions, tomli, sh, python-dotenv, Pygments, pluggy, paho-mqtt, packaging, mdurl, MarkupSafe, loguru, itsdangerous, iniconfig, idna, dnspython, click, charset-normalizer, certifi, blinker, Werkzeug, requests, pymongo, mongomock, markdown-it-py, Jinja2, exceptiongroup, rich, pytest, Flask, Flask-PyMongo, autodevops-cli
2025-07-15T21:54:17.8614447Z 
2025-07-15T21:54:17.8677924Z Successfully installed Flask-3.1.0 Flask-PyMongo-3.0.1 Jinja2-3.1.6 MarkupSafe-3.0.2 Pygments-2.19.2 Werkzeug-3.1.3 autodevops-cli-0.1.1 blinker-1.9.0 certifi-2025.7.14 charset-normalizer-3.4.2 click-8.2.1 dnspython-2.7.0 exceptiongroup-1.3.0 idna-3.10 iniconfig-2.1.0 itsdangerous-2.2.0 loguru-0.7.3 markdown-it-py-3.0.0 mdurl-0.1.2 mongomock-4.3.0 packaging-25.0 paho-mqtt-2.1.0 pluggy-1.6.0 pymongo-4.13.2 pytest-8.2.1 python-dotenv-1.1.1 pytz-2025.2 requests-2.32.4 rich-14.0.0 sentinels-1.0.0 sh-2.2.2 tomli-2.2.1 typing-extensions-4.14.1 urllib3-2.5.0
2025-07-15T21:54:18.0727486Z ##[group]Run export PYTHONPATH=.
2025-07-15T21:54:18.0727963Z [36;1mexport PYTHONPATH=.[0m
2025-07-15T21:54:18.0728353Z [36;1mpytest test_main.py -v[0m
2025-07-15T21:54:18.0757237Z shell: /usr/bin/bash -e {0}
2025-07-15T21:54:18.0757612Z env:
2025-07-15T21:54:18.0757995Z   pythonLocation: /opt/hostedtoolcache/Python/3.10.18/x64
2025-07-15T21:54:18.0758585Z   PKG_CONFIG_PATH: /opt/hostedtoolcache/Python/3.10.18/x64/lib/pkgconfig
2025-07-15T21:54:18.0759153Z   Python_ROOT_DIR: /opt/hostedtoolcache/Python/3.10.18/x64
2025-07-15T21:54:18.0759667Z   Python2_ROOT_DIR: /opt/hostedtoolcache/Python/3.10.18/x64
2025-07-15T21:54:18.0760170Z   Python3_ROOT_DIR: /opt/hostedtoolcache/Python/3.10.18/x64
2025-07-15T21:54:18.0760676Z   LD_LIBRARY_PATH: /opt/hostedtoolcache/Python/3.10.18/x64/lib
2025-07-15T21:54:18.0761140Z ##[endgroup]
2025-07-15T21:54:18.3094430Z ============================= test session starts ==============================
2025-07-15T21:54:18.3095604Z platform linux -- Python 3.10.18, pytest-8.2.1, pluggy-1.6.0 -- /opt/hostedtoolcache/Python/3.10.18/x64/bin/python
2025-07-15T21:54:18.3096396Z cachedir: .pytest_cache
2025-07-15T21:54:18.3096885Z rootdir: /home/runner/work/Devops/Devops
2025-07-15T21:54:18.5777907Z collecting ... collected 7 items
2025-07-15T21:54:18.5778494Z 
2025-07-15T21:54:18.5942318Z test_main.py::test_home_page PASSED                                      [ 14%]
2025-07-15T21:54:18.6017174Z test_main.py::test_admin_dashboard PASSED                                [ 28%]
2025-07-15T21:54:18.6082683Z test_main.py::test_student_dashboard PASSED                              [ 42%]
2025-07-15T21:54:18.6126954Z test_main.py::test_generate_attendance_no_input PASSED                   [ 57%]
2025-07-15T21:54:18.6169904Z test_main.py::test_student_generate_attendance_invalid PASSED            [ 71%]
2025-07-15T21:54:18.6231990Z test_main.py::test_register_user_get PASSED                              [ 85%]
2025-07-15T21:54:18.6291807Z test_main.py::test_receive_rfid_missing PASSED                           [100%]
2025-07-15T21:54:18.6292599Z 
2025-07-15T21:54:18.6293132Z ============================== 7 passed in 0.32s ===============================
2025-07-15T21:54:18.6882418Z ##[group]Run docker/login-action@v3
2025-07-15T21:54:18.6882814Z with:
2025-07-15T21:54:18.6883497Z   username: ***
2025-07-15T21:54:18.6883879Z   password: ***
2025-07-15T21:54:18.6884187Z   ecr: auto
2025-07-15T21:54:18.6884473Z   logout: true
2025-07-15T21:54:18.6884761Z env:
2025-07-15T21:54:18.6885317Z   pythonLocation: /opt/hostedtoolcache/Python/3.10.18/x64
2025-07-15T21:54:18.6885870Z   PKG_CONFIG_PATH: /opt/hostedtoolcache/Python/3.10.18/x64/lib/pkgconfig
2025-07-15T21:54:18.6886397Z   Python_ROOT_DIR: /opt/hostedtoolcache/Python/3.10.18/x64
2025-07-15T21:54:18.6886877Z   Python2_ROOT_DIR: /opt/hostedtoolcache/Python/3.10.18/x64
2025-07-15T21:54:18.6887352Z   Python3_ROOT_DIR: /opt/hostedtoolcache/Python/3.10.18/x64
2025-07-15T21:54:18.6887831Z   LD_LIBRARY_PATH: /opt/hostedtoolcache/Python/3.10.18/x64/lib
2025-07-15T21:54:18.6888262Z ##[endgroup]
2025-07-15T21:54:18.9792040Z Logging into Docker Hub...
2025-07-15T21:54:19.1165847Z Login Succeeded!
2025-07-15T21:54:19.1306905Z ##[group]Run docker build -t ***/flask-ci-cd-demo .
2025-07-15T21:54:19.1307536Z [36;1mdocker build -t ***/flask-ci-cd-demo .[0m
2025-07-15T21:54:19.1336253Z shell: /usr/bin/bash -e {0}
2025-07-15T21:54:19.1336616Z env:
2025-07-15T21:54:19.1337003Z   pythonLocation: /opt/hostedtoolcache/Python/3.10.18/x64
2025-07-15T21:54:19.1337614Z   PKG_CONFIG_PATH: /opt/hostedtoolcache/Python/3.10.18/x64/lib/pkgconfig
2025-07-15T21:54:19.1338170Z   Python_ROOT_DIR: /opt/hostedtoolcache/Python/3.10.18/x64
2025-07-15T21:54:19.1338684Z   Python2_ROOT_DIR: /opt/hostedtoolcache/Python/3.10.18/x64
2025-07-15T21:54:19.1339195Z   Python3_ROOT_DIR: /opt/hostedtoolcache/Python/3.10.18/x64
2025-07-15T21:54:19.1339694Z   LD_LIBRARY_PATH: /opt/hostedtoolcache/Python/3.10.18/x64/lib
2025-07-15T21:54:19.1340140Z ##[endgroup]
2025-07-15T21:54:19.4222521Z #0 building with "default" instance using docker driver
2025-07-15T21:54:19.4223284Z 
2025-07-15T21:54:19.4223735Z #1 [internal] load build definition from Dockerfile
2025-07-15T21:54:19.4224817Z #1 transferring dockerfile: 798B done
2025-07-15T21:54:19.4226589Z #1 DONE 0.0s
2025-07-15T21:54:19.4226913Z 
2025-07-15T21:54:19.4227310Z #2 [auth] library/python:pull token for registry-1.docker.io
2025-07-15T21:54:19.4228094Z #2 DONE 0.0s
2025-07-15T21:54:19.4228301Z 
2025-07-15T21:54:19.4228573Z #3 [internal] load metadata for docker.io/library/python:3.10-slim
2025-07-15T21:54:19.5333794Z #3 DONE 0.3s
2025-07-15T21:54:19.6484511Z 
2025-07-15T21:54:19.6486115Z #4 [internal] load .dockerignore
2025-07-15T21:54:19.6489509Z #4 transferring context: 2B done
2025-07-15T21:54:19.6490519Z #4 DONE 0.0s
2025-07-15T21:54:19.6491375Z 
2025-07-15T21:54:19.6494349Z #5 [1/6] FROM docker.io/library/python:3.10-slim@sha256:9dd6774a1276178f94b0cc1fb1f0edd980825d0ea7634847af9940b1b6273c13
2025-07-15T21:54:19.6496209Z #5 resolve docker.io/library/python:3.10-slim@sha256:9dd6774a1276178f94b0cc1fb1f0edd980825d0ea7634847af9940b1b6273c13 done
2025-07-15T21:54:19.6497807Z #5 sha256:9dd6774a1276178f94b0cc1fb1f0edd980825d0ea7634847af9940b1b6273c13 9.13kB / 9.13kB done
2025-07-15T21:54:19.6499240Z #5 sha256:c5dbd5ba857839a0aa9db765ea519c1514a40da811b4cf08c852b72fab4379d5 1.75kB / 1.75kB done
2025-07-15T21:54:19.6500686Z #5 sha256:563dffbdc42507a70677ee28b4bb678ad9074e3c9f75e3043523a38dcdf4f553 5.37kB / 5.37kB done
2025-07-15T21:54:19.6502154Z #5 sha256:3da95a905ed546f99c4564407923a681757d89651a388ec3f1f5e9bf5ed0b39d 6.29MB / 28.23MB 0.1s
2025-07-15T21:54:19.6503816Z #5 sha256:0ebcc011f0ec7a9a900f7366b104730396a59032e64f04f3867a75f25ed48280 3.51MB / 3.51MB 0.1s done
2025-07-15T21:54:19.6505344Z #5 sha256:92d63ec5cbeb1348bad42929919fd8e78f38d96e388b5509d2929d76ddafb48e 3.15MB / 15.65MB 0.1s
2025-07-15T21:54:19.6506759Z #5 sha256:64b78282ca88b226c404cb8dfdee72b75eea52c9ac7380c0439b6e03992e483f 0B / 248B 0.1s
2025-07-15T21:54:19.7499748Z #5 sha256:3da95a905ed546f99c4564407923a681757d89651a388ec3f1f5e9bf5ed0b39d 28.23MB / 28.23MB 0.2s
2025-07-15T21:54:19.7503318Z #5 sha256:92d63ec5cbeb1348bad42929919fd8e78f38d96e388b5509d2929d76ddafb48e 15.65MB / 15.65MB 0.2s done
2025-07-15T21:54:19.7504572Z #5 sha256:64b78282ca88b226c404cb8dfdee72b75eea52c9ac7380c0439b6e03992e483f 248B / 248B 0.1s done
2025-07-15T21:54:19.8507307Z #5 sha256:3da95a905ed546f99c4564407923a681757d89651a388ec3f1f5e9bf5ed0b39d 28.23MB / 28.23MB 0.2s done
2025-07-15T21:54:19.8520356Z #5 extracting sha256:3da95a905ed546f99c4564407923a681757d89651a388ec3f1f5e9bf5ed0b39d
2025-07-15T21:54:20.3350474Z #5 ...
2025-07-15T21:54:20.3352393Z 
2025-07-15T21:54:20.3353062Z #6 [internal] load build context
2025-07-15T21:54:20.3355429Z #6 transferring context: 64.97MB 0.7s done
2025-07-15T21:54:20.3356091Z #6 DONE 0.7s
2025-07-15T21:54:20.3356295Z 
2025-07-15T21:54:20.3357018Z #5 [1/6] FROM docker.io/library/python:3.10-slim@sha256:9dd6774a1276178f94b0cc1fb1f0edd980825d0ea7634847af9940b1b6273c13
2025-07-15T21:54:21.0454667Z #5 extracting sha256:3da95a905ed546f99c4564407923a681757d89651a388ec3f1f5e9bf5ed0b39d 1.2s done
2025-07-15T21:54:21.1927515Z #5 extracting sha256:0ebcc011f0ec7a9a900f7366b104730396a59032e64f04f3867a75f25ed48280 0.1s
2025-07-15T21:54:21.3479331Z #5 extracting sha256:0ebcc011f0ec7a9a900f7366b104730396a59032e64f04f3867a75f25ed48280 0.1s done
2025-07-15T21:54:21.6159556Z #5 extracting sha256:92d63ec5cbeb1348bad42929919fd8e78f38d96e388b5509d2929d76ddafb48e
2025-07-15T21:54:22.3064587Z #5 extracting sha256:92d63ec5cbeb1348bad42929919fd8e78f38d96e388b5509d2929d76ddafb48e 0.6s done
2025-07-15T21:54:22.3067119Z #5 extracting sha256:64b78282ca88b226c404cb8dfdee72b75eea52c9ac7380c0439b6e03992e483f
2025-07-15T21:54:22.4807503Z #5 extracting sha256:64b78282ca88b226c404cb8dfdee72b75eea52c9ac7380c0439b6e03992e483f done
2025-07-15T21:54:22.4808301Z #5 DONE 2.8s
2025-07-15T21:54:22.4808525Z 
2025-07-15T21:54:22.4809197Z #7 [2/6] RUN apt-get update &&     apt-get install -y --no-install-recommends     build-essential     curl     nano     git     && rm -rf /var/lib/apt/lists/*
2025-07-15T21:54:22.5281102Z #7 0.197 Get:1 http://deb.debian.org/debian bookworm InRelease [151 kB]
2025-07-15T21:54:22.6815458Z #7 0.219 Get:2 http://deb.debian.org/debian bookworm-updates InRelease [55.4 kB]
2025-07-15T21:54:22.6816733Z #7 0.228 Get:3 http://deb.debian.org/debian-security bookworm-security InRelease [48.0 kB]
2025-07-15T21:54:22.6817931Z #7 0.283 Get:4 http://deb.debian.org/debian bookworm/main amd64 Packages [8793 kB]
2025-07-15T21:54:22.6819117Z #7 0.351 Get:5 http://deb.debian.org/debian bookworm-updates/main amd64 Packages [756 B]
2025-07-15T21:54:22.8622543Z #7 0.381 Get:6 http://deb.debian.org/debian-security bookworm-security/main amd64 Packages [272 kB]
2025-07-15T21:54:23.4446379Z #7 1.114 Fetched 9320 kB in 1s (9553 kB/s)
2025-07-15T21:54:23.8827720Z #7 1.114 Reading package lists...
2025-07-15T21:54:24.3489994Z #7 1.570 Reading package lists...
2025-07-15T21:54:24.4944900Z #7 2.028 Building dependency tree...
2025-07-15T21:54:24.6072683Z #7 2.164 Reading state information...
2025-07-15T21:54:24.6073927Z #7 2.276 The following additional packages will be installed:
2025-07-15T21:54:24.6075198Z #7 2.276   binutils binutils-common binutils-x86-64-linux-gnu bzip2 cpp cpp-12 dpkg-dev
2025-07-15T21:54:24.7592539Z #7 2.276   g++ g++-12 gcc gcc-12 git-man libasan8 libatomic1 libbinutils libbrotli1
2025-07-15T21:54:24.7594109Z #7 2.276   libc-dev-bin libc6-dev libcc1-0 libcrypt-dev libctf-nobfd0 libctf0
2025-07-15T21:54:24.7595495Z #7 2.276   libcurl3-gnutls libcurl4 libdpkg-perl liberror-perl libexpat1 libgcc-12-dev
2025-07-15T21:54:24.7596454Z #7 2.276   libgdbm-compat4 libgomp1 libgprofng0 libisl23 libitm1 libjansson4
2025-07-15T21:54:24.7597320Z #7 2.277   libldap-2.5-0 liblsan0 libmpc3 libmpfr6 libnghttp2-14 libnsl-dev libperl5.36
2025-07-15T21:54:24.7598200Z #7 2.277   libpsl5 libquadmath0 librtmp1 libsasl2-2 libsasl2-modules-db libssh2-1
2025-07-15T21:54:24.7599066Z #7 2.277   libstdc++-12-dev libtirpc-dev libtsan2 libubsan1 linux-libc-dev make patch
2025-07-15T21:54:24.7599820Z #7 2.277   perl perl-modules-5.36 rpcsvc-proto xz-utils
2025-07-15T21:54:24.7600398Z #7 2.278 Suggested packages:
2025-07-15T21:54:24.7601036Z #7 2.278   binutils-doc bzip2-doc cpp-doc gcc-12-locales cpp-12-doc debian-keyring
2025-07-15T21:54:24.7601870Z #7 2.278   g++-multilib g++-12-multilib gcc-12-doc gcc-multilib manpages-dev autoconf
2025-07-15T21:54:24.7602695Z #7 2.278   automake libtool flex bison gdb gcc-doc gcc-12-multilib gettext-base
2025-07-15T21:54:24.7604188Z #7 2.278   git-daemon-run | git-daemon-sysvinit git-doc git-email git-gui gitk gitweb
2025-07-15T21:54:24.7605072Z #7 2.278   git-cvs git-mediawiki git-svn glibc-doc gnupg | sq | sqop | pgpainless-cli
2025-07-15T21:54:24.7605921Z #7 2.278   sensible-utils bzr libstdc++-12-doc make-doc hunspell ed diffutils-doc
2025-07-15T21:54:24.7606743Z #7 2.278   perl-doc libterm-readline-gnu-perl | libterm-readline-perl-perl
2025-07-15T21:54:24.7607418Z #7 2.278   libtap-harness-archive-perl
2025-07-15T21:54:24.7607927Z #7 2.278 Recommended packages:
2025-07-15T21:54:24.7608749Z #7 2.278   fakeroot gnupg | sq | sqop | pgpainless-cli libalgorithm-merge-perl less
2025-07-15T21:54:24.7609583Z #7 2.278   ssh-client manpages manpages-dev libc-devtools libfile-fcntllock-perl
2025-07-15T21:54:24.7610425Z #7 2.278   liblocale-gettext-perl libldap-common publicsuffix libsasl2-modules
2025-07-15T21:54:24.8575460Z #7 2.527 The following NEW packages will be installed:
2025-07-15T21:54:24.8576926Z #7 2.527   binutils binutils-common binutils-x86-64-linux-gnu build-essential bzip2 cpp
2025-07-15T21:54:24.9626639Z #7 2.527   cpp-12 curl dpkg-dev g++ g++-12 gcc gcc-12 git git-man libasan8 libatomic1
2025-07-15T21:54:24.9629342Z #7 2.527   libbinutils libbrotli1 libc-dev-bin libc6-dev libcc1-0 libcrypt-dev
2025-07-15T21:54:24.9630929Z #7 2.527   libctf-nobfd0 libctf0 libcurl3-gnutls libcurl4 libdpkg-perl liberror-perl
2025-07-15T21:54:24.9632454Z #7 2.527   libexpat1 libgcc-12-dev libgdbm-compat4 libgomp1 libgprofng0 libisl23
2025-07-15T21:54:24.9634190Z #7 2.527   libitm1 libjansson4 libldap-2.5-0 liblsan0 libmpc3 libmpfr6 libnghttp2-14
2025-07-15T21:54:24.9635346Z #7 2.528   libnsl-dev libperl5.36 libpsl5 libquadmath0 librtmp1 libsasl2-2
2025-07-15T21:54:24.9636071Z #7 2.528   libsasl2-modules-db libssh2-1 libstdc++-12-dev libtirpc-dev libtsan2
2025-07-15T21:54:24.9636749Z #7 2.528   libubsan1 linux-libc-dev make nano patch perl perl-modules-5.36 rpcsvc-proto
2025-07-15T21:54:24.9637302Z #7 2.528   xz-utils
2025-07-15T21:54:24.9637741Z #7 2.566 0 upgraded, 62 newly installed, 0 to remove and 0 not upgraded.
2025-07-15T21:54:24.9638241Z #7 2.566 Need to get 85.7 MB of archives.
2025-07-15T21:54:24.9638748Z #7 2.566 After this operation, 370 MB of additional disk space will be used.
2025-07-15T21:54:24.9639548Z #7 2.566 Get:1 http://deb.debian.org/debian bookworm/main amd64 perl-modules-5.36 all 5.36.0-7+deb12u2 [2815 kB]
2025-07-15T21:54:24.9640385Z #7 2.582 Get:2 http://deb.debian.org/debian bookworm/main amd64 libgdbm-compat4 amd64 1.23-3 [48.2 kB]
2025-07-15T21:54:24.9641194Z #7 2.582 Get:3 http://deb.debian.org/debian bookworm/main amd64 libperl5.36 amd64 5.36.0-7+deb12u2 [4207 kB]
2025-07-15T21:54:24.9641951Z #7 2.599 Get:4 http://deb.debian.org/debian bookworm/main amd64 perl amd64 5.36.0-7+deb12u2 [239 kB]
2025-07-15T21:54:24.9642672Z #7 2.600 Get:5 http://deb.debian.org/debian bookworm/main amd64 nano amd64 7.2-1+deb12u1 [690 kB]
2025-07-15T21:54:24.9643659Z #7 2.603 Get:6 http://deb.debian.org/debian bookworm/main amd64 bzip2 amd64 1.0.8-5+b1 [49.8 kB]
2025-07-15T21:54:24.9644358Z #7 2.603 Get:7 http://deb.debian.org/debian bookworm/main amd64 xz-utils amd64 5.4.1-1 [471 kB]
2025-07-15T21:54:24.9645083Z #7 2.606 Get:8 http://deb.debian.org/debian bookworm/main amd64 binutils-common amd64 2.40-2 [2487 kB]
2025-07-15T21:54:24.9645900Z #7 2.615 Get:9 http://deb.debian.org/debian bookworm/main amd64 libbinutils amd64 2.40-2 [572 kB]
2025-07-15T21:54:24.9646612Z #7 2.618 Get:10 http://deb.debian.org/debian bookworm/main amd64 libctf-nobfd0 amd64 2.40-2 [153 kB]
2025-07-15T21:54:24.9647321Z #7 2.618 Get:11 http://deb.debian.org/debian bookworm/main amd64 libctf0 amd64 2.40-2 [89.8 kB]
2025-07-15T21:54:24.9648029Z #7 2.619 Get:12 http://deb.debian.org/debian bookworm/main amd64 libgprofng0 amd64 2.40-2 [812 kB]
2025-07-15T21:54:24.9648803Z #7 2.622 Get:13 http://deb.debian.org/debian bookworm/main amd64 libjansson4 amd64 2.14-2 [40.8 kB]
2025-07-15T21:54:24.9649573Z #7 2.623 Get:14 http://deb.debian.org/debian bookworm/main amd64 binutils-x86-64-linux-gnu amd64 2.40-2 [2246 kB]
2025-07-15T21:54:24.9650625Z #7 2.632 Get:15 http://deb.debian.org/debian bookworm/main amd64 binutils amd64 2.40-2 [65.0 kB]
2025-07-15T21:54:25.0649428Z #7 2.632 Get:16 http://deb.debian.org/debian bookworm/main amd64 libc-dev-bin amd64 2.36-9+deb12u10 [47.1 kB]
2025-07-15T21:54:25.0650725Z #7 2.633 Get:17 http://deb.debian.org/debian-security bookworm-security/main amd64 linux-libc-dev amd64 6.1.140-1 [2145 kB]
2025-07-15T21:54:25.0651849Z #7 2.638 Get:18 http://deb.debian.org/debian bookworm/main amd64 libcrypt-dev amd64 1:4.4.33-2 [118 kB]
2025-07-15T21:54:25.0653272Z #7 2.639 Get:19 http://deb.debian.org/debian bookworm/main amd64 libtirpc-dev amd64 1.3.3+ds-1 [191 kB]
2025-07-15T21:54:25.0654368Z #7 2.641 Get:20 http://deb.debian.org/debian bookworm/main amd64 libnsl-dev amd64 1.3.0-2 [66.4 kB]
2025-07-15T21:54:25.0656033Z #7 2.642 Get:21 http://deb.debian.org/debian bookworm/main amd64 rpcsvc-proto amd64 1.4.3-1 [63.3 kB]
2025-07-15T21:54:25.0657505Z #7 2.643 Get:22 http://deb.debian.org/debian bookworm/main amd64 libc6-dev amd64 2.36-9+deb12u10 [1903 kB]
2025-07-15T21:54:25.0658407Z #7 2.652 Get:23 http://deb.debian.org/debian bookworm/main amd64 libisl23 amd64 0.25-1.1 [683 kB]
2025-07-15T21:54:25.0659161Z #7 2.655 Get:24 http://deb.debian.org/debian bookworm/main amd64 libmpfr6 amd64 4.2.0-1 [701 kB]
2025-07-15T21:54:25.0659892Z #7 2.659 Get:25 http://deb.debian.org/debian bookworm/main amd64 libmpc3 amd64 1.3.1-1 [51.5 kB]
2025-07-15T21:54:25.0660729Z #7 2.660 Get:26 http://deb.debian.org/debian bookworm/main amd64 cpp-12 amd64 12.2.0-14+deb12u1 [9768 kB]
2025-07-15T21:54:25.0661498Z #7 2.706 Get:27 http://deb.debian.org/debian bookworm/main amd64 cpp amd64 4:12.2.0-3 [6836 B]
2025-07-15T21:54:25.0662256Z #7 2.706 Get:28 http://deb.debian.org/debian bookworm/main amd64 libcc1-0 amd64 12.2.0-14+deb12u1 [41.7 kB]
2025-07-15T21:54:25.0663578Z #7 2.707 Get:29 http://deb.debian.org/debian bookworm/main amd64 libgomp1 amd64 12.2.0-14+deb12u1 [116 kB]
2025-07-15T21:54:25.0678259Z #7 2.707 Get:30 http://deb.debian.org/debian bookworm/main amd64 libitm1 amd64 12.2.0-14+deb12u1 [26.1 kB]
2025-07-15T21:54:25.0679577Z #7 2.708 Get:31 http://deb.debian.org/debian bookworm/main amd64 libatomic1 amd64 12.2.0-14+deb12u1 [9376 B]
2025-07-15T21:54:25.0680869Z #7 2.708 Get:32 http://deb.debian.org/debian bookworm/main amd64 libasan8 amd64 12.2.0-14+deb12u1 [2193 kB]
2025-07-15T21:54:25.0682136Z #7 2.719 Get:33 http://deb.debian.org/debian bookworm/main amd64 liblsan0 amd64 12.2.0-14+deb12u1 [969 kB]
2025-07-15T21:54:25.0683692Z #7 2.723 Get:34 http://deb.debian.org/debian bookworm/main amd64 libtsan2 amd64 12.2.0-14+deb12u1 [2197 kB]
2025-07-15T21:54:25.0684976Z #7 2.734 Get:35 http://deb.debian.org/debian bookworm/main amd64 libubsan1 amd64 12.2.0-14+deb12u1 [883 kB]
2025-07-15T21:54:25.1707053Z #7 2.739 Get:36 http://deb.debian.org/debian bookworm/main amd64 libquadmath0 amd64 12.2.0-14+deb12u1 [145 kB]
2025-07-15T21:54:25.1708964Z #7 2.740 Get:37 http://deb.debian.org/debian bookworm/main amd64 libgcc-12-dev amd64 12.2.0-14+deb12u1 [2437 kB]
2025-07-15T21:54:25.1709893Z #7 2.752 Get:38 http://deb.debian.org/debian bookworm/main amd64 gcc-12 amd64 12.2.0-14+deb12u1 [19.3 MB]
2025-07-15T21:54:25.1710773Z #7 2.840 Get:39 http://deb.debian.org/debian bookworm/main amd64 gcc amd64 4:12.2.0-3 [5216 B]
2025-07-15T21:54:25.2727614Z #7 2.840 Get:40 http://deb.debian.org/debian bookworm/main amd64 libstdc++-12-dev amd64 12.2.0-14+deb12u1 [2047 kB]
2025-07-15T21:54:25.2729170Z #7 2.851 Get:41 http://deb.debian.org/debian bookworm/main amd64 g++-12 amd64 12.2.0-14+deb12u1 [10.7 MB]
2025-07-15T21:54:25.2730515Z #7 2.905 Get:42 http://deb.debian.org/debian bookworm/main amd64 g++ amd64 4:12.2.0-3 [1356 B]
2025-07-15T21:54:25.2731707Z #7 2.905 Get:43 http://deb.debian.org/debian bookworm/main amd64 make amd64 4.3-4.1 [396 kB]
2025-07-15T21:54:25.2733153Z #7 2.907 Get:44 http://deb.debian.org/debian bookworm/main amd64 libdpkg-perl all 1.21.22 [603 kB]
2025-07-15T21:54:25.2734697Z #7 2.910 Get:45 http://deb.debian.org/debian bookworm/main amd64 patch amd64 2.7.6-7 [128 kB]
2025-07-15T21:54:25.2735881Z #7 2.911 Get:46 http://deb.debian.org/debian bookworm/main amd64 dpkg-dev all 1.21.22 [1353 kB]
2025-07-15T21:54:25.2737100Z #7 2.917 Get:47 http://deb.debian.org/debian bookworm/main amd64 build-essential amd64 12.9 [7704 B]
2025-07-15T21:54:25.2738363Z #7 2.917 Get:48 http://deb.debian.org/debian bookworm/main amd64 libbrotli1 amd64 1.0.9-2+b6 [275 kB]
2025-07-15T21:54:25.2739709Z #7 2.919 Get:49 http://deb.debian.org/debian bookworm/main amd64 libsasl2-modules-db amd64 2.1.28+dfsg-10 [20.3 kB]
2025-07-15T21:54:25.2741318Z #7 2.919 Get:50 http://deb.debian.org/debian bookworm/main amd64 libsasl2-2 amd64 2.1.28+dfsg-10 [59.7 kB]
2025-07-15T21:54:25.2742637Z #7 2.920 Get:51 http://deb.debian.org/debian bookworm/main amd64 libldap-2.5-0 amd64 2.5.13+dfsg-5 [183 kB]
2025-07-15T21:54:25.2744229Z #7 2.921 Get:52 http://deb.debian.org/debian bookworm/main amd64 libnghttp2-14 amd64 1.52.0-1+deb12u2 [73.0 kB]
2025-07-15T21:54:25.2745539Z #7 2.922 Get:53 http://deb.debian.org/debian bookworm/main amd64 libpsl5 amd64 0.21.2-1 [58.7 kB]
2025-07-15T21:54:25.2746868Z #7 2.922 Get:54 http://deb.debian.org/debian bookworm/main amd64 librtmp1 amd64 2.4+20151223.gitfa8646d.1-2+b2 [60.8 kB]
2025-07-15T21:54:25.2748212Z #7 2.923 Get:55 http://deb.debian.org/debian bookworm/main amd64 libssh2-1 amd64 1.10.0-3+b1 [179 kB]
2025-07-15T21:54:25.2749512Z #7 2.924 Get:56 http://deb.debian.org/debian bookworm/main amd64 libcurl4 amd64 7.88.1-10+deb12u12 [391 kB]
2025-07-15T21:54:25.2750817Z #7 2.927 Get:57 http://deb.debian.org/debian bookworm/main amd64 curl amd64 7.88.1-10+deb12u12 [315 kB]
2025-07-15T21:54:25.2752168Z #7 2.929 Get:58 http://deb.debian.org/debian bookworm/main amd64 libcurl3-gnutls amd64 7.88.1-10+deb12u12 [386 kB]
2025-07-15T21:54:25.2753702Z #7 2.931 Get:59 http://deb.debian.org/debian bookworm/main amd64 libexpat1 amd64 2.5.0-1+deb12u1 [98.9 kB]
2025-07-15T21:54:25.2754973Z #7 2.932 Get:60 http://deb.debian.org/debian bookworm/main amd64 liberror-perl all 0.17029-2 [29.0 kB]
2025-07-15T21:54:25.2756276Z #7 2.932 Get:61 http://deb.debian.org/debian bookworm/main amd64 git-man all 1:2.39.5-0+deb12u2 [2053 kB]
2025-07-15T21:54:25.2757533Z #7 2.942 Get:62 http://deb.debian.org/debian bookworm/main amd64 git amd64 1:2.39.5-0+deb12u2 [7260 kB]
2025-07-15T21:54:25.4174099Z #7 3.087 debconf: delaying package configuration, since apt-utils is not installed
2025-07-15T21:54:25.6150251Z #7 3.112 Fetched 85.7 MB in 0s (195 MB/s)
2025-07-15T21:54:25.6151062Z #7 3.127 Selecting previously unselected package perl-modules-5.36.
2025-07-15T21:54:25.6151842Z #7 3.127 (Reading database ... 
2025-07-15T21:54:25.6152378Z (Reading database ... 5%
2025-07-15T21:54:25.6152752Z (Reading database ... 10%
2025-07-15T21:54:25.6153391Z (Reading database ... 15%
2025-07-15T21:54:25.6153760Z (Reading database ... 20%
2025-07-15T21:54:25.6154215Z (Reading database ... 25%
2025-07-15T21:54:25.6154622Z (Reading database ... 30%
2025-07-15T21:54:25.6155005Z (Reading database ... 35%
2025-07-15T21:54:25.6155475Z (Reading database ... 40%
2025-07-15T21:54:25.6155824Z (Reading database ... 45%
2025-07-15T21:54:25.6156279Z (Reading database ... 50%
2025-07-15T21:54:25.6156626Z (Reading database ... 55%
2025-07-15T21:54:25.6156974Z (Reading database ... 60%
2025-07-15T21:54:25.6157315Z (Reading database ... 65%
2025-07-15T21:54:25.6157657Z (Reading database ... 70%
2025-07-15T21:54:25.6157993Z (Reading database ... 75%
2025-07-15T21:54:25.6158337Z (Reading database ... 80%
2025-07-15T21:54:25.6158681Z (Reading database ... 85%
2025-07-15T21:54:25.6159023Z (Reading database ... 90%
2025-07-15T21:54:25.6159377Z (Reading database ... 95%
2025-07-15T21:54:25.6159726Z (Reading database ... 100%
2025-07-15T21:54:25.6160183Z (Reading database ... 6688 files and directories currently installed.)
2025-07-15T21:54:25.6160826Z #7 3.133 Preparing to unpack .../00-perl-modules-5.36_5.36.0-7+deb12u2_all.deb ...
2025-07-15T21:54:25.6161674Z #7 3.134 Unpacking perl-modules-5.36 (5.36.0-7+deb12u2) ...
2025-07-15T21:54:25.7565713Z #7 3.426 Selecting previously unselected package libgdbm-compat4:amd64.
2025-07-15T21:54:25.9313084Z #7 3.427 Preparing to unpack .../01-libgdbm-compat4_1.23-3_amd64.deb ...
2025-07-15T21:54:25.9314100Z #7 3.429 Unpacking libgdbm-compat4:amd64 (1.23-3) ...
2025-07-15T21:54:25.9314989Z #7 3.448 Selecting previously unselected package libperl5.36:amd64.
2025-07-15T21:54:25.9316027Z #7 3.449 Preparing to unpack .../02-libperl5.36_5.36.0-7+deb12u2_amd64.deb ...
2025-07-15T21:54:25.9316997Z #7 3.450 Unpacking libperl5.36:amd64 (5.36.0-7+deb12u2) ...
2025-07-15T21:54:26.0767160Z #7 3.746 Selecting previously unselected package perl.
2025-07-15T21:54:26.1949385Z #7 3.748 Preparing to unpack .../03-perl_5.36.0-7+deb12u2_amd64.deb ...
2025-07-15T21:54:26.1950238Z #7 3.753 Unpacking perl (5.36.0-7+deb12u2) ...
2025-07-15T21:54:26.1950924Z #7 3.782 Selecting previously unselected package nano.
2025-07-15T21:54:26.1951678Z #7 3.783 Preparing to unpack .../04-nano_7.2-1+deb12u1_amd64.deb ...
2025-07-15T21:54:26.1952426Z #7 3.784 Unpacking nano (7.2-1+deb12u1) ...
2025-07-15T21:54:26.1953257Z #7 3.843 Selecting previously unselected package bzip2.
2025-07-15T21:54:26.1953994Z #7 3.844 Preparing to unpack .../05-bzip2_1.0.8-5+b1_amd64.deb ...
2025-07-15T21:54:26.1954680Z #7 3.845 Unpacking bzip2 (1.0.8-5+b1) ...
2025-07-15T21:54:26.1955323Z #7 3.864 Selecting previously unselected package xz-utils.
2025-07-15T21:54:26.3958695Z #7 3.866 Preparing to unpack .../06-xz-utils_5.4.1-1_amd64.deb ...
2025-07-15T21:54:26.3959602Z #7 3.867 Unpacking xz-utils (5.4.1-1) ...
2025-07-15T21:54:26.3960485Z #7 3.912 Selecting previously unselected package binutils-common:amd64.
2025-07-15T21:54:26.3961510Z #7 3.914 Preparing to unpack .../07-binutils-common_2.40-2_amd64.deb ...
2025-07-15T21:54:26.3962118Z #7 3.915 Unpacking binutils-common:amd64 (2.40-2) ...
2025-07-15T21:54:26.4096001Z #7 4.079 Selecting previously unselected package libbinutils:amd64.
2025-07-15T21:54:26.5170224Z #7 4.080 Preparing to unpack .../08-libbinutils_2.40-2_amd64.deb ...
2025-07-15T21:54:26.5171460Z #7 4.082 Unpacking libbinutils:amd64 (2.40-2) ...
2025-07-15T21:54:26.5172154Z #7 4.135 Selecting previously unselected package libctf-nobfd0:amd64.
2025-07-15T21:54:26.5172783Z #7 4.136 Preparing to unpack .../09-libctf-nobfd0_2.40-2_amd64.deb ...
2025-07-15T21:54:26.5173598Z #7 4.138 Unpacking libctf-nobfd0:amd64 (2.40-2) ...
2025-07-15T21:54:26.5174117Z #7 4.162 Selecting previously unselected package libctf0:amd64.
2025-07-15T21:54:26.5174668Z #7 4.163 Preparing to unpack .../10-libctf0_2.40-2_amd64.deb ...
2025-07-15T21:54:26.5175201Z #7 4.164 Unpacking libctf0:amd64 (2.40-2) ...
2025-07-15T21:54:26.5175717Z #7 4.186 Selecting previously unselected package libgprofng0:amd64.
2025-07-15T21:54:26.7598947Z #7 4.188 Preparing to unpack .../11-libgprofng0_2.40-2_amd64.deb ...
2025-07-15T21:54:26.7599938Z #7 4.189 Unpacking libgprofng0:amd64 (2.40-2) ...
2025-07-15T21:54:26.7600913Z #7 4.258 Selecting previously unselected package libjansson4:amd64.
2025-07-15T21:54:26.7601921Z #7 4.259 Preparing to unpack .../12-libjansson4_2.14-2_amd64.deb ...
2025-07-15T21:54:26.7602813Z #7 4.260 Unpacking libjansson4:amd64 (2.14-2) ...
2025-07-15T21:54:26.7604019Z #7 4.276 Selecting previously unselected package binutils-x86-64-linux-gnu.
2025-07-15T21:54:26.7605166Z #7 4.278 Preparing to unpack .../13-binutils-x86-64-linux-gnu_2.40-2_amd64.deb ...
2025-07-15T21:54:26.7606196Z #7 4.279 Unpacking binutils-x86-64-linux-gnu (2.40-2) ...
2025-07-15T21:54:26.7891606Z #7 4.458 Selecting previously unselected package binutils.
2025-07-15T21:54:26.9858007Z #7 4.460 Preparing to unpack .../14-binutils_2.40-2_amd64.deb ...
2025-07-15T21:54:26.9858913Z #7 4.461 Unpacking binutils (2.40-2) ...
2025-07-15T21:54:26.9859708Z #7 4.483 Selecting previously unselected package libc-dev-bin.
2025-07-15T21:54:26.9860690Z #7 4.484 Preparing to unpack .../15-libc-dev-bin_2.36-9+deb12u10_amd64.deb ...
2025-07-15T21:54:26.9861908Z #7 4.485 Unpacking libc-dev-bin (2.36-9+deb12u10) ...
2025-07-15T21:54:26.9862817Z #7 4.502 Selecting previously unselected package linux-libc-dev:amd64.
2025-07-15T21:54:26.9865267Z #7 4.504 Preparing to unpack .../16-linux-libc-dev_6.1.140-1_amd64.deb ...
2025-07-15T21:54:26.9866188Z #7 4.505 Unpacking linux-libc-dev:amd64 (6.1.140-1) ...
2025-07-15T21:54:27.0256494Z #7 4.695 Selecting previously unselected package libcrypt-dev:amd64.
2025-07-15T21:54:27.1323382Z #7 4.697 Preparing to unpack .../17-libcrypt-dev_1%3a4.4.33-2_amd64.deb ...
2025-07-15T21:54:27.1324098Z #7 4.703 Unpacking libcrypt-dev:amd64 (1:4.4.33-2) ...
2025-07-15T21:54:27.1324960Z #7 4.727 Selecting previously unselected package libtirpc-dev:amd64.
2025-07-15T21:54:27.1325617Z #7 4.728 Preparing to unpack .../18-libtirpc-dev_1.3.3+ds-1_amd64.deb ...
2025-07-15T21:54:27.1326181Z #7 4.730 Unpacking libtirpc-dev:amd64 (1.3.3+ds-1) ...
2025-07-15T21:54:27.1326727Z #7 4.756 Selecting previously unselected package libnsl-dev:amd64.
2025-07-15T21:54:27.1327304Z #7 4.757 Preparing to unpack .../19-libnsl-dev_1.3.0-2_amd64.deb ...
2025-07-15T21:54:27.1327826Z #7 4.758 Unpacking libnsl-dev:amd64 (1.3.0-2) ...
2025-07-15T21:54:27.1328327Z #7 4.777 Selecting previously unselected package rpcsvc-proto.
2025-07-15T21:54:27.1328888Z #7 4.779 Preparing to unpack .../20-rpcsvc-proto_1.4.3-1_amd64.deb ...
2025-07-15T21:54:27.1329406Z #7 4.780 Unpacking rpcsvc-proto (1.4.3-1) ...
2025-07-15T21:54:27.1329906Z #7 4.802 Selecting previously unselected package libc6-dev:amd64.
2025-07-15T21:54:27.2815424Z #7 4.803 Preparing to unpack .../21-libc6-dev_2.36-9+deb12u10_amd64.deb ...
2025-07-15T21:54:27.2816476Z #7 4.804 Unpacking libc6-dev:amd64 (2.36-9+deb12u10) ...
2025-07-15T21:54:27.2817308Z #7 4.951 Selecting previously unselected package libisl23:amd64.
2025-07-15T21:54:27.3846088Z #7 4.953 Preparing to unpack .../22-libisl23_0.25-1.1_amd64.deb ...
2025-07-15T21:54:27.3846947Z #7 4.954 Unpacking libisl23:amd64 (0.25-1.1) ...
2025-07-15T21:54:27.3847722Z #7 5.011 Selecting previously unselected package libmpfr6:amd64.
2025-07-15T21:54:27.3848574Z #7 5.013 Preparing to unpack .../23-libmpfr6_4.2.0-1_amd64.deb ...
2025-07-15T21:54:27.3849313Z #7 5.015 Unpacking libmpfr6:amd64 (4.2.0-1) ...
2025-07-15T21:54:27.3850017Z #7 5.054 Selecting previously unselected package libmpc3:amd64.
2025-07-15T21:54:27.5582826Z #7 5.056 Preparing to unpack .../24-libmpc3_1.3.1-1_amd64.deb ...
2025-07-15T21:54:27.5583951Z #7 5.057 Unpacking libmpc3:amd64 (1.3.1-1) ...
2025-07-15T21:54:27.5584751Z #7 5.074 Selecting previously unselected package cpp-12.
2025-07-15T21:54:27.5585703Z #7 5.076 Preparing to unpack .../25-cpp-12_12.2.0-14+deb12u1_amd64.deb ...
2025-07-15T21:54:27.5586568Z #7 5.077 Unpacking cpp-12 (12.2.0-14+deb12u1) ...
2025-07-15T21:54:27.9142310Z #7 5.584 Selecting previously unselected package cpp.
2025-07-15T21:54:28.0152443Z #7 5.585 Preparing to unpack .../26-cpp_4%3a12.2.0-3_amd64.deb ...
2025-07-15T21:54:28.0153254Z #7 5.586 Unpacking cpp (4:12.2.0-3) ...
2025-07-15T21:54:28.0153794Z #7 5.603 Selecting previously unselected package libcc1-0:amd64.
2025-07-15T21:54:28.0154377Z #7 5.604 Preparing to unpack .../27-libcc1-0_12.2.0-14+deb12u1_amd64.deb ...
2025-07-15T21:54:28.0154914Z #7 5.605 Unpacking libcc1-0:amd64 (12.2.0-14+deb12u1) ...
2025-07-15T21:54:28.0155408Z #7 5.623 Selecting previously unselected package libgomp1:amd64.
2025-07-15T21:54:28.0155979Z #7 5.624 Preparing to unpack .../28-libgomp1_12.2.0-14+deb12u1_amd64.deb ...
2025-07-15T21:54:28.0156493Z #7 5.625 Unpacking libgomp1:amd64 (12.2.0-14+deb12u1) ...
2025-07-15T21:54:28.0156986Z #7 5.648 Selecting previously unselected package libitm1:amd64.
2025-07-15T21:54:28.0157549Z #7 5.649 Preparing to unpack .../29-libitm1_12.2.0-14+deb12u1_amd64.deb ...
2025-07-15T21:54:28.0158064Z #7 5.650 Unpacking libitm1:amd64 (12.2.0-14+deb12u1) ...
2025-07-15T21:54:28.0158552Z #7 5.667 Selecting previously unselected package libatomic1:amd64.
2025-07-15T21:54:28.0159117Z #7 5.669 Preparing to unpack .../30-libatomic1_12.2.0-14+deb12u1_amd64.deb ...
2025-07-15T21:54:28.0159901Z #7 5.670 Unpacking libatomic1:amd64 (12.2.0-14+deb12u1) ...
2025-07-15T21:54:28.0160416Z #7 5.685 Selecting previously unselected package libasan8:amd64.
2025-07-15T21:54:28.1685081Z #7 5.686 Preparing to unpack .../31-libasan8_12.2.0-14+deb12u1_amd64.deb ...
2025-07-15T21:54:28.1685884Z #7 5.687 Unpacking libasan8:amd64 (12.2.0-14+deb12u1) ...
2025-07-15T21:54:28.1696328Z #7 5.839 Selecting previously unselected package liblsan0:amd64.
2025-07-15T21:54:28.3995202Z #7 5.841 Preparing to unpack .../32-liblsan0_12.2.0-14+deb12u1_amd64.deb ...
2025-07-15T21:54:28.3996444Z #7 5.842 Unpacking liblsan0:amd64 (12.2.0-14+deb12u1) ...
2025-07-15T21:54:28.3997241Z #7 5.918 Selecting previously unselected package libtsan2:amd64.
2025-07-15T21:54:28.3998128Z #7 5.920 Preparing to unpack .../33-libtsan2_12.2.0-14+deb12u1_amd64.deb ...
2025-07-15T21:54:28.3998929Z #7 5.921 Unpacking libtsan2:amd64 (12.2.0-14+deb12u1) ...
2025-07-15T21:54:28.3999688Z #7 6.069 Selecting previously unselected package libubsan1:amd64.
2025-07-15T21:54:28.4996794Z #7 6.071 Preparing to unpack .../34-libubsan1_12.2.0-14+deb12u1_amd64.deb ...
2025-07-15T21:54:28.4997756Z #7 6.072 Unpacking libubsan1:amd64 (12.2.0-14+deb12u1) ...
2025-07-15T21:54:28.4998682Z #7 6.141 Selecting previously unselected package libquadmath0:amd64.
2025-07-15T21:54:28.4999706Z #7 6.143 Preparing to unpack .../35-libquadmath0_12.2.0-14+deb12u1_amd64.deb ...
2025-07-15T21:54:28.5000717Z #7 6.144 Unpacking libquadmath0:amd64 (12.2.0-14+deb12u1) ...
2025-07-15T21:54:28.5001684Z #7 6.167 Selecting previously unselected package libgcc-12-dev:amd64.
2025-07-15T21:54:28.5002669Z #7 6.168 Preparing to unpack .../36-libgcc-12-dev_12.2.0-14+deb12u1_amd64.deb ...
2025-07-15T21:54:28.5004437Z #7 6.169 Unpacking libgcc-12-dev:amd64 (12.2.0-14+deb12u1) ...
2025-07-15T21:54:28.6471869Z #7 6.316 Selecting previously unselected package gcc-12.
2025-07-15T21:54:28.8002684Z #7 6.318 Preparing to unpack .../37-gcc-12_12.2.0-14+deb12u1_amd64.deb ...
2025-07-15T21:54:28.8004315Z #7 6.319 Unpacking gcc-12 (12.2.0-14+deb12u1) ...
2025-07-15T21:54:29.2476401Z #7 6.917 Selecting previously unselected package gcc.
2025-07-15T21:54:29.4208868Z #7 6.919 Preparing to unpack .../38-gcc_4%3a12.2.0-3_amd64.deb ...
2025-07-15T21:54:29.4209700Z #7 6.920 Unpacking gcc (4:12.2.0-3) ...
2025-07-15T21:54:29.4210307Z #7 6.937 Selecting previously unselected package libstdc++-12-dev:amd64.
2025-07-15T21:54:29.4211212Z #7 6.939 Preparing to unpack .../39-libstdc++-12-dev_12.2.0-14+deb12u1_amd64.deb ...
2025-07-15T21:54:29.4212031Z #7 6.940 Unpacking libstdc++-12-dev:amd64 (12.2.0-14+deb12u1) ...
2025-07-15T21:54:29.4763326Z #7 7.146 Selecting previously unselected package g++-12.
2025-07-15T21:54:29.6295332Z #7 7.147 Preparing to unpack .../40-g++-12_12.2.0-14+deb12u1_amd64.deb ...
2025-07-15T21:54:29.6297283Z #7 7.148 Unpacking g++-12 (12.2.0-14+deb12u1) ...
2025-07-15T21:54:30.0134641Z #7 7.683 Selecting previously unselected package g++.
2025-07-15T21:54:30.1332468Z #7 7.685 Preparing to unpack .../41-g++_4%3a12.2.0-3_amd64.deb ...
2025-07-15T21:54:30.1333306Z #7 7.685 Unpacking g++ (4:12.2.0-3) ...
2025-07-15T21:54:30.1333820Z #7 7.699 Selecting previously unselected package make.
2025-07-15T21:54:30.1334345Z #7 7.701 Preparing to unpack .../42-make_4.3-4.1_amd64.deb ...
2025-07-15T21:54:30.1334830Z #7 7.704 Unpacking make (4.3-4.1) ...
2025-07-15T21:54:30.1335297Z #7 7.746 Selecting previously unselected package libdpkg-perl.
2025-07-15T21:54:30.1335877Z #7 7.748 Preparing to unpack .../43-libdpkg-perl_1.21.22_all.deb ...
2025-07-15T21:54:30.1336399Z #7 7.749 Unpacking libdpkg-perl (1.21.22) ...
2025-07-15T21:54:30.1336910Z #7 7.803 Selecting previously unselected package patch.
2025-07-15T21:54:30.2510340Z #7 7.805 Preparing to unpack .../44-patch_2.7.6-7_amd64.deb ...
2025-07-15T21:54:30.2510950Z #7 7.805 Unpacking patch (2.7.6-7) ...
2025-07-15T21:54:30.2511422Z #7 7.827 Selecting previously unselected package dpkg-dev.
2025-07-15T21:54:30.2511949Z #7 7.829 Preparing to unpack .../45-dpkg-dev_1.21.22_all.deb ...
2025-07-15T21:54:30.2512702Z #7 7.830 Unpacking dpkg-dev (1.21.22) ...
2025-07-15T21:54:30.2513621Z #7 7.920 Selecting previously unselected package build-essential.
2025-07-15T21:54:30.3789344Z #7 7.922 Preparing to unpack .../46-build-essential_12.9_amd64.deb ...
2025-07-15T21:54:30.3790284Z #7 7.923 Unpacking build-essential (12.9) ...
2025-07-15T21:54:30.3791118Z #7 7.940 Selecting previously unselected package libbrotli1:amd64.
2025-07-15T21:54:30.3791986Z #7 7.942 Preparing to unpack .../47-libbrotli1_1.0.9-2+b6_amd64.deb ...
2025-07-15T21:54:30.3792567Z #7 7.943 Unpacking libbrotli1:amd64 (1.0.9-2+b6) ...
2025-07-15T21:54:30.3793779Z #7 7.975 Selecting previously unselected package libsasl2-modules-db:amd64.
2025-07-15T21:54:30.3794529Z #7 7.977 Preparing to unpack .../48-libsasl2-modules-db_2.1.28+dfsg-10_amd64.deb ...
2025-07-15T21:54:30.3795176Z #7 7.978 Unpacking libsasl2-modules-db:amd64 (2.1.28+dfsg-10) ...
2025-07-15T21:54:30.3795756Z #7 7.994 Selecting previously unselected package libsasl2-2:amd64.
2025-07-15T21:54:30.3796356Z #7 7.996 Preparing to unpack .../49-libsasl2-2_2.1.28+dfsg-10_amd64.deb ...
2025-07-15T21:54:30.3796898Z #7 7.997 Unpacking libsasl2-2:amd64 (2.1.28+dfsg-10) ...
2025-07-15T21:54:30.3797454Z #7 8.016 Selecting previously unselected package libldap-2.5-0:amd64.
2025-07-15T21:54:30.3798027Z #7 8.018 Preparing to unpack .../50-libldap-2.5-0_2.5.13+dfsg-5_amd64.deb ...
2025-07-15T21:54:30.3798569Z #7 8.019 Unpacking libldap-2.5-0:amd64 (2.5.13+dfsg-5) ...
2025-07-15T21:54:30.3799080Z #7 8.048 Selecting previously unselected package libnghttp2-14:amd64.
2025-07-15T21:54:30.4792273Z #7 8.050 Preparing to unpack .../51-libnghttp2-14_1.52.0-1+deb12u2_amd64.deb ...
2025-07-15T21:54:30.4793517Z #7 8.051 Unpacking libnghttp2-14:amd64 (1.52.0-1+deb12u2) ...
2025-07-15T21:54:30.4794298Z #7 8.072 Selecting previously unselected package libpsl5:amd64.
2025-07-15T21:54:30.4794983Z #7 8.073 Preparing to unpack .../52-libpsl5_0.21.2-1_amd64.deb ...
2025-07-15T21:54:30.4795574Z #7 8.074 Unpacking libpsl5:amd64 (0.21.2-1) ...
2025-07-15T21:54:30.4796116Z #7 8.094 Selecting previously unselected package librtmp1:amd64.
2025-07-15T21:54:30.4796858Z #7 8.095 Preparing to unpack .../53-librtmp1_2.4+20151223.gitfa8646d.1-2+b2_amd64.deb ...
2025-07-15T21:54:30.4797607Z #7 8.096 Unpacking librtmp1:amd64 (2.4+20151223.gitfa8646d.1-2+b2) ...
2025-07-15T21:54:30.4798288Z #7 8.116 Selecting previously unselected package libssh2-1:amd64.
2025-07-15T21:54:30.4798962Z #7 8.118 Preparing to unpack .../54-libssh2-1_1.10.0-3+b1_amd64.deb ...
2025-07-15T21:54:30.4799491Z #7 8.119 Unpacking libssh2-1:amd64 (1.10.0-3+b1) ...
2025-07-15T21:54:30.4800096Z #7 8.146 Selecting previously unselected package libcurl4:amd64.
2025-07-15T21:54:30.4800709Z #7 8.148 Preparing to unpack .../55-libcurl4_7.88.1-10+deb12u12_amd64.deb ...
2025-07-15T21:54:30.4801312Z #7 8.149 Unpacking libcurl4:amd64 (7.88.1-10+deb12u12) ...
2025-07-15T21:54:30.5863463Z #7 8.183 Selecting previously unselected package curl.
2025-07-15T21:54:30.5864277Z #7 8.184 Preparing to unpack .../56-curl_7.88.1-10+deb12u12_amd64.deb ...
2025-07-15T21:54:30.5864908Z #7 8.185 Unpacking curl (7.88.1-10+deb12u12) ...
2025-07-15T21:54:30.5865529Z #7 8.217 Selecting previously unselected package libcurl3-gnutls:amd64.
2025-07-15T21:54:30.5866275Z #7 8.219 Preparing to unpack .../57-libcurl3-gnutls_7.88.1-10+deb12u12_amd64.deb ...
2025-07-15T21:54:30.5866966Z #7 8.220 Unpacking libcurl3-gnutls:amd64 (7.88.1-10+deb12u12) ...
2025-07-15T21:54:30.5867619Z #7 8.256 Selecting previously unselected package libexpat1:amd64.
2025-07-15T21:54:30.7182312Z #7 8.257 Preparing to unpack .../58-libexpat1_2.5.0-1+deb12u1_amd64.deb ...
2025-07-15T21:54:30.7183441Z #7 8.259 Unpacking libexpat1:amd64 (2.5.0-1+deb12u1) ...
2025-07-15T21:54:30.7184233Z #7 8.280 Selecting previously unselected package liberror-perl.
2025-07-15T21:54:30.7185093Z #7 8.281 Preparing to unpack .../59-liberror-perl_0.17029-2_all.deb ...
2025-07-15T21:54:30.7186173Z #7 8.282 Unpacking liberror-perl (0.17029-2) ...
2025-07-15T21:54:30.7186867Z #7 8.299 Selecting previously unselected package git-man.
2025-07-15T21:54:30.7187661Z #7 8.301 Preparing to unpack .../60-git-man_1%3a2.39.5-0+deb12u2_all.deb ...
2025-07-15T21:54:30.7188412Z #7 8.302 Unpacking git-man (1:2.39.5-0+deb12u2) ...
2025-07-15T21:54:30.7189061Z #7 8.388 Selecting previously unselected package git.
2025-07-15T21:54:30.8762099Z #7 8.390 Preparing to unpack .../61-git_1%3a2.39.5-0+deb12u2_amd64.deb ...
2025-07-15T21:54:30.8763236Z #7 8.395 Unpacking git (1:2.39.5-0+deb12u2) ...
2025-07-15T21:54:31.0433132Z #7 8.713 Setting up libexpat1:amd64 (2.5.0-1+deb12u1) ...
2025-07-15T21:54:31.1441645Z #7 8.715 Setting up libpsl5:amd64 (0.21.2-1) ...
2025-07-15T21:54:31.1442645Z #7 8.717 Setting up libbrotli1:amd64 (1.0.9-2+b6) ...
2025-07-15T21:54:31.1443566Z #7 8.719 Setting up binutils-common:amd64 (2.40-2) ...
2025-07-15T21:54:31.1444169Z #7 8.723 Setting up libnghttp2-14:amd64 (1.52.0-1+deb12u2) ...
2025-07-15T21:54:31.1444781Z #7 8.727 Setting up linux-libc-dev:amd64 (6.1.140-1) ...
2025-07-15T21:54:31.1445596Z #7 8.731 Setting up libctf-nobfd0:amd64 (2.40-2) ...
2025-07-15T21:54:31.1446487Z #7 8.734 Setting up libgomp1:amd64 (12.2.0-14+deb12u1) ...
2025-07-15T21:54:31.1447187Z #7 8.737 Setting up bzip2 (1.0.8-5+b1) ...
2025-07-15T21:54:31.1447693Z #7 8.739 Setting up libjansson4:amd64 (2.14-2) ...
2025-07-15T21:54:31.1448369Z #7 8.742 Setting up libsasl2-modules-db:amd64 (2.1.28+dfsg-10) ...
2025-07-15T21:54:31.1448992Z #7 8.744 Setting up perl-modules-5.36 (5.36.0-7+deb12u2) ...
2025-07-15T21:54:31.1449556Z #7 8.747 Setting up libtirpc-dev:amd64 (1.3.3+ds-1) ...
2025-07-15T21:54:31.1450170Z #7 8.749 Setting up rpcsvc-proto (1.4.3-1) ...
2025-07-15T21:54:31.1450935Z #7 8.752 Setting up make (4.3-4.1) ...
2025-07-15T21:54:31.1451436Z #7 8.754 Setting up libmpfr6:amd64 (4.2.0-1) ...
2025-07-15T21:54:31.1451943Z #7 8.756 Setting up librtmp1:amd64 (2.4+20151223.gitfa8646d.1-2+b2) ...
2025-07-15T21:54:31.1452429Z #7 8.759 Setting up xz-utils (5.4.1-1) ...
2025-07-15T21:54:31.1453454Z #7 8.763 update-alternatives: using /usr/bin/xz to provide /usr/bin/lzma (lzma) in auto mode
2025-07-15T21:54:31.1455243Z #7 8.764 update-alternatives: warning: skip creation of /usr/share/man/man1/lzma.1.gz because associated file /usr/share/man/man1/xz.1.gz (of link group lzma) doesn't exist
2025-07-15T21:54:31.1456868Z #7 8.764 update-alternatives: warning: skip creation of /usr/share/man/man1/unlzma.1.gz because associated file /usr/share/man/man1/unxz.1.gz (of link group lzma) doesn't exist
2025-07-15T21:54:31.1458167Z #7 8.764 update-alternatives: warning: skip creation of /usr/share/man/man1/lzcat.1.gz because associated file /usr/share/man/man1/xzcat.1.gz (of link group lzma) doesn't exist
2025-07-15T21:54:31.1459891Z #7 8.765 update-alternatives: warning: skip creation of /usr/share/man/man1/lzmore.1.gz because associated file /usr/share/man/man1/xzmore.1.gz (of link group lzma) doesn't exist
2025-07-15T21:54:31.1461177Z #7 8.765 update-alternatives: warning: skip creation of /usr/share/man/man1/lzless.1.gz because associated file /usr/share/man/man1/xzless.1.gz (of link group lzma) doesn't exist
2025-07-15T21:54:31.1463631Z #7 8.765 update-alternatives: warning: skip creation of /usr/share/man/man1/lzdiff.1.gz because associated file /usr/share/man/man1/xzdiff.1.gz (of link group lzma) doesn't exist
2025-07-15T21:54:31.1465907Z #7 8.765 update-alternatives: warning: skip creation of /usr/share/man/man1/lzcmp.1.gz because associated file /usr/share/man/man1/xzcmp.1.gz (of link group lzma) doesn't exist
2025-07-15T21:54:31.1467467Z #7 8.765 update-alternatives: warning: skip creation of /usr/share/man/man1/lzgrep.1.gz because associated file /usr/share/man/man1/xzgrep.1.gz (of link group lzma) doesn't exist
2025-07-15T21:54:31.1469239Z #7 8.766 update-alternatives: warning: skip creation of /usr/share/man/man1/lzegrep.1.gz because associated file /usr/share/man/man1/xzegrep.1.gz (of link group lzma) doesn't exist
2025-07-15T21:54:31.1470760Z #7 8.766 update-alternatives: warning: skip creation of /usr/share/man/man1/lzfgrep.1.gz because associated file /usr/share/man/man1/xzfgrep.1.gz (of link group lzma) doesn't exist
2025-07-15T21:54:31.1471728Z #7 8.769 Setting up libquadmath0:amd64 (12.2.0-14+deb12u1) ...
2025-07-15T21:54:31.1472543Z #7 8.772 Setting up libmpc3:amd64 (1.3.1-1) ...
2025-07-15T21:54:31.1473537Z #7 8.774 Setting up libatomic1:amd64 (12.2.0-14+deb12u1) ...
2025-07-15T21:54:31.1474027Z #7 8.777 Setting up patch (2.7.6-7) ...
2025-07-15T21:54:31.1474490Z #7 8.779 Setting up libgdbm-compat4:amd64 (1.23-3) ...
2025-07-15T21:54:31.1475257Z #7 8.781 Setting up libsasl2-2:amd64 (2.1.28+dfsg-10) ...
2025-07-15T21:54:31.1475739Z #7 8.784 Setting up libubsan1:amd64 (12.2.0-14+deb12u1) ...
2025-07-15T21:54:31.1476176Z #7 8.786 Setting up nano (7.2-1+deb12u1) ...
2025-07-15T21:54:31.1476747Z #7 8.792 update-alternatives: using /bin/nano to provide /usr/bin/editor (editor) in auto mode
2025-07-15T21:54:31.1478211Z #7 8.792 update-alternatives: warning: skip creation of /usr/share/man/man1/editor.1.gz because associated file /usr/share/man/man1/nano.1.gz (of link group editor) doesn't exist
2025-07-15T21:54:31.1479229Z #7 8.794 update-alternatives: using /bin/nano to provide /usr/bin/pico (pico) in auto mode
2025-07-15T21:54:31.1480523Z #7 8.794 update-alternatives: warning: skip creation of /usr/share/man/man1/pico.1.gz because associated file /usr/share/man/man1/nano.1.gz (of link group pico) doesn't exist
2025-07-15T21:54:31.1482035Z #7 8.796 Setting up libnsl-dev:amd64 (1.3.0-2) ...
2025-07-15T21:54:31.1482508Z #7 8.798 Setting up libcrypt-dev:amd64 (1:4.4.33-2) ...
2025-07-15T21:54:31.1483240Z #7 8.805 Setting up libasan8:amd64 (12.2.0-14+deb12u1) ...
2025-07-15T21:54:31.1483810Z #7 8.808 Setting up git-man (1:2.39.5-0+deb12u2) ...
2025-07-15T21:54:31.1484248Z #7 8.810 Setting up libssh2-1:amd64 (1.10.0-3+b1) ...
2025-07-15T21:54:31.1484684Z #7 8.814 Setting up libtsan2:amd64 (12.2.0-14+deb12u1) ...
2025-07-15T21:54:31.2472738Z #7 8.816 Setting up libbinutils:amd64 (2.40-2) ...
2025-07-15T21:54:31.2473780Z #7 8.819 Setting up libisl23:amd64 (0.25-1.1) ...
2025-07-15T21:54:31.2474283Z #7 8.822 Setting up libc-dev-bin (2.36-9+deb12u10) ...
2025-07-15T21:54:31.2474755Z #7 8.824 Setting up libcc1-0:amd64 (12.2.0-14+deb12u1) ...
2025-07-15T21:54:31.2475230Z #7 8.827 Setting up libperl5.36:amd64 (5.36.0-7+deb12u2) ...
2025-07-15T21:54:31.2475710Z #7 8.830 Setting up liblsan0:amd64 (12.2.0-14+deb12u1) ...
2025-07-15T21:54:31.2476188Z #7 8.832 Setting up libitm1:amd64 (12.2.0-14+deb12u1) ...
2025-07-15T21:54:31.2476653Z #7 8.835 Setting up libctf0:amd64 (2.40-2) ...
2025-07-15T21:54:31.2477109Z #7 8.838 Setting up cpp-12 (12.2.0-14+deb12u1) ...
2025-07-15T21:54:31.2477572Z #7 8.841 Setting up libldap-2.5-0:amd64 (2.5.13+dfsg-5) ...
2025-07-15T21:54:31.2478039Z #7 8.843 Setting up perl (5.36.0-7+deb12u2) ...
2025-07-15T21:54:31.2478489Z #7 8.853 Setting up libgprofng0:amd64 (2.40-2) ...
2025-07-15T21:54:31.2478970Z #7 8.856 Setting up libgcc-12-dev:amd64 (12.2.0-14+deb12u1) ...
2025-07-15T21:54:31.2479460Z #7 8.858 Setting up libdpkg-perl (1.21.22) ...
2025-07-15T21:54:31.2479878Z #7 8.861 Setting up cpp (4:12.2.0-3) ...
2025-07-15T21:54:31.2480315Z #7 8.866 Setting up libcurl4:amd64 (7.88.1-10+deb12u12) ...
2025-07-15T21:54:31.2480814Z #7 8.868 Setting up libc6-dev:amd64 (2.36-9+deb12u10) ...
2025-07-15T21:54:31.2481259Z #7 8.871 Setting up curl (7.88.1-10+deb12u12) ...
2025-07-15T21:54:31.2481710Z #7 8.873 Setting up binutils-x86-64-linux-gnu (2.40-2) ...
2025-07-15T21:54:31.2482200Z #7 8.875 Setting up libstdc++-12-dev:amd64 (12.2.0-14+deb12u1) ...
2025-07-15T21:54:31.2482727Z #7 8.878 Setting up libcurl3-gnutls:amd64 (7.88.1-10+deb12u12) ...
2025-07-15T21:54:31.2483408Z #7 8.881 Setting up binutils (2.40-2) ...
2025-07-15T21:54:31.2483826Z #7 8.884 Setting up dpkg-dev (1.21.22) ...
2025-07-15T21:54:31.2484357Z #7 8.888 Setting up liberror-perl (0.17029-2) ...
2025-07-15T21:54:31.2484832Z #7 8.890 Setting up gcc-12 (12.2.0-14+deb12u1) ...
2025-07-15T21:54:31.2485563Z #7 8.893 Setting up git (1:2.39.5-0+deb12u2) ...
2025-07-15T21:54:31.2485991Z #7 8.900 Setting up g++-12 (12.2.0-14+deb12u1) ...
2025-07-15T21:54:31.2486403Z #7 8.903 Setting up gcc (4:12.2.0-3) ...
2025-07-15T21:54:31.2486795Z #7 8.913 Setting up g++ (4:12.2.0-3) ...
2025-07-15T21:54:31.2487761Z #7 8.917 update-alternatives: using /usr/bin/g++ to provide /usr/bin/c++ (c++) in auto mode
2025-07-15T21:54:31.4047113Z #7 8.920 Setting up build-essential (12.9) ...
2025-07-15T21:54:31.4047767Z #7 8.923 Processing triggers for libc-bin (2.36-9+deb12u10) ...
2025-07-15T21:54:31.8625157Z #7 DONE 9.5s
2025-07-15T21:54:32.0233655Z 
2025-07-15T21:54:32.0235041Z #8 [3/6] WORKDIR /app
2025-07-15T21:54:32.0236244Z #8 DONE 0.0s
2025-07-15T21:54:32.0252774Z 
2025-07-15T21:54:32.0253207Z #9 [4/6] COPY . .
2025-07-15T21:54:32.4751170Z #9 DONE 0.6s
2025-07-15T21:54:32.6269139Z 
2025-07-15T21:54:32.6269780Z #10 [5/6] RUN pip install --upgrade pip
2025-07-15T21:54:33.7511047Z #10 1.275 Requirement already satisfied: pip in /usr/local/lib/python3.10/site-packages (23.0.1)
2025-07-15T21:54:33.8576654Z #10 1.381 Collecting pip
2025-07-15T21:54:33.9746521Z #10 1.415   Downloading pip-25.1.1-py3-none-any.whl (1.8 MB)
2025-07-15T21:54:33.9747910Z #10 1.453      ━━━━━━━━━━━━━━━━━━━━━━━━━━━━━━━━━━━━━━━━ 1.8/1.8 MB 52.2 MB/s eta 0:00:00
2025-07-15T21:54:33.9748812Z #10 1.498 Installing collected packages: pip
2025-07-15T21:54:34.1257532Z #10 1.498   Attempting uninstall: pip
2025-07-15T21:54:34.1258389Z #10 1.499     Found existing installation: pip 23.0.1
2025-07-15T21:54:34.1543941Z #10 1.678     Uninstalling pip-23.0.1:
2025-07-15T21:54:34.3151457Z #10 1.688       Successfully uninstalled pip-23.0.1
2025-07-15T21:54:34.9834507Z #10 2.507 Successfully installed pip-25.1.1
2025-07-15T21:54:35.1341878Z #10 2.507 WARNING: Running pip as the 'root' user can result in broken permissions and conflicting behaviour with the system package manager. It is recommended to use a virtual environment instead: https://pip.pypa.io/warnings/venv
2025-07-15T21:54:35.1713371Z #10 DONE 2.7s
2025-07-15T21:54:35.3222665Z 
2025-07-15T21:54:35.3223791Z #11 [6/6] RUN pip install --no-cache-dir -r requirements.txt
2025-07-15T21:54:36.0685244Z #11 0.897 Collecting Flask==3.1.0 (from -r requirements.txt (line 1))
2025-07-15T21:54:36.1695071Z #11 0.933   Downloading flask-3.1.0-py3-none-any.whl.metadata (2.7 kB)
2025-07-15T21:54:36.1695963Z #11 0.944 Collecting Flask-PyMongo==3.0.1 (from -r requirements.txt (line 2))
2025-07-15T21:54:36.1696828Z #11 0.949   Downloading flask_pymongo-3.0.1-py3-none-any.whl.metadata (3.5 kB)
2025-07-15T21:54:36.1697654Z #11 0.998 Collecting pytest==8.2.1 (from -r requirements.txt (line 3))
2025-07-15T21:54:36.2918933Z #11 1.003   Downloading pytest-8.2.1-py3-none-any.whl.metadata (7.6 kB)
2025-07-15T21:54:36.2919734Z #11 1.013 Collecting blinker==1.9.0 (from -r requirements.txt (line 4))
2025-07-15T21:54:36.2920473Z #11 1.016   Downloading blinker-1.9.0-py3-none-any.whl.metadata (1.6 kB)
2025-07-15T21:54:36.2921216Z #11 1.032 Collecting certifi==2025.7.14 (from -r requirements.txt (line 5))
2025-07-15T21:54:36.2921991Z #11 1.036   Downloading certifi-2025.7.14-py3-none-any.whl.metadata (2.4 kB)
2025-07-15T21:54:36.2922766Z #11 1.120 Collecting charset-normalizer==3.4.2 (from -r requirements.txt (line 6))
2025-07-15T21:54:36.4311466Z #11 1.124   Downloading charset_normalizer-3.4.2-cp310-cp310-manylinux_2_17_x86_64.manylinux2014_x86_64.whl.metadata (35 kB)
2025-07-15T21:54:36.4313097Z #11 1.141 Collecting click==8.2.1 (from -r requirements.txt (line 7))
2025-07-15T21:54:36.4313899Z #11 1.145   Downloading click-8.2.1-py3-none-any.whl.metadata (2.5 kB)
2025-07-15T21:54:36.4314696Z #11 1.155 Collecting dnspython==2.7.0 (from -r requirements.txt (line 8))
2025-07-15T21:54:36.4315487Z #11 1.159   Downloading dnspython-2.7.0-py3-none-any.whl.metadata (5.8 kB)
2025-07-15T21:54:36.4316259Z #11 1.173 Collecting idna==3.10 (from -r requirements.txt (line 9))
2025-07-15T21:54:36.4316966Z #11 1.177   Downloading idna-3.10-py3-none-any.whl.metadata (10 kB)
2025-07-15T21:54:36.4318028Z #11 1.187 Collecting itsdangerous==2.2.0 (from -r requirements.txt (line 10))
2025-07-15T21:54:36.4318860Z #11 1.191   Downloading itsdangerous-2.2.0-py3-none-any.whl.metadata (1.9 kB)
2025-07-15T21:54:36.4319666Z #11 1.202 Collecting Jinja2==3.1.6 (from -r requirements.txt (line 11))
2025-07-15T21:54:36.4320499Z #11 1.206   Downloading jinja2-3.1.6-py3-none-any.whl.metadata (2.9 kB)
2025-07-15T21:54:36.4321288Z #11 1.259 Collecting MarkupSafe==3.0.2 (from -r requirements.txt (line 12))
2025-07-15T21:54:36.5966649Z #11 1.263   Downloading MarkupSafe-3.0.2-cp310-cp310-manylinux_2_17_x86_64.manylinux2014_x86_64.whl.metadata (4.0 kB)
2025-07-15T21:54:36.5967748Z #11 1.271 Collecting paho-mqtt==2.1.0 (from -r requirements.txt (line 13))
2025-07-15T21:54:36.5968569Z #11 1.274   Downloading paho_mqtt-2.1.0-py3-none-any.whl.metadata (23 kB)
2025-07-15T21:54:36.7708764Z #11 1.599 Collecting pymongo==4.13.2 (from -r requirements.txt (line 14))
2025-07-15T21:54:36.8718527Z #11 1.603   Downloading pymongo-4.13.2-cp310-cp310-manylinux_2_17_x86_64.manylinux2014_x86_64.whl.metadata (22 kB)
2025-07-15T21:54:36.8719447Z #11 1.622 Collecting python-dotenv==1.1.1 (from -r requirements.txt (line 15))
2025-07-15T21:54:36.8720174Z #11 1.626   Downloading python_dotenv-1.1.1-py3-none-any.whl.metadata (24 kB)
2025-07-15T21:54:36.8720869Z #11 1.651 Collecting requests==2.32.4 (from -r requirements.txt (line 16))
2025-07-15T21:54:36.8721556Z #11 1.655   Downloading requests-2.32.4-py3-none-any.whl.metadata (4.9 kB)
2025-07-15T21:54:36.8722223Z #11 1.676 Collecting urllib3==2.5.0 (from -r requirements.txt (line 17))
2025-07-15T21:54:36.8723118Z #11 1.680   Downloading urllib3-2.5.0-py3-none-any.whl.metadata (6.5 kB)
2025-07-15T21:54:36.8723872Z #11 1.700 Collecting Werkzeug==3.1.3 (from -r requirements.txt (line 18))
2025-07-15T21:54:36.9781518Z #11 1.704   Downloading werkzeug-3.1.3-py3-none-any.whl.metadata (3.7 kB)
2025-07-15T21:54:36.9782769Z #11 1.711 Collecting autodevops-cli==0.1.1 (from -r requirements.txt (line 19))
2025-07-15T21:54:36.9784256Z #11 1.716   Downloading autodevops_cli-0.1.1-py3-none-any.whl.metadata (494 bytes)
2025-07-15T21:54:36.9785432Z #11 1.723 Collecting iniconfig==2.1.0 (from -r requirements.txt (line 20))
2025-07-15T21:54:36.9786416Z #11 1.727   Downloading iniconfig-2.1.0-py3-none-any.whl.metadata (2.7 kB)
2025-07-15T21:54:36.9787147Z #11 1.737 Collecting loguru==0.7.3 (from -r requirements.txt (line 21))
2025-07-15T21:54:36.9787847Z #11 1.740   Downloading loguru-0.7.3-py3-none-any.whl.metadata (22 kB)
2025-07-15T21:54:36.9788650Z #11 1.760 Collecting markdown-it-py==3.0.0 (from -r requirements.txt (line 22))
2025-07-15T21:54:36.9789427Z #11 1.763   Downloading markdown_it_py-3.0.0-py3-none-any.whl.metadata (6.9 kB)
2025-07-15T21:54:36.9790147Z #11 1.774 Collecting mdurl==0.1.2 (from -r requirements.txt (line 23))
2025-07-15T21:54:36.9790833Z #11 1.778   Downloading mdurl-0.1.2-py3-none-any.whl.metadata (1.6 kB)
2025-07-15T21:54:36.9791533Z #11 1.789 Collecting mongomock==4.3.0 (from -r requirements.txt (line 24))
2025-07-15T21:54:36.9792287Z #11 1.793   Downloading mongomock-4.3.0-py2.py3-none-any.whl.metadata (12 kB)
2025-07-15T21:54:36.9793191Z #11 1.806 Collecting packaging==25.0 (from -r requirements.txt (line 25))
2025-07-15T21:54:37.0917055Z #11 1.810   Downloading packaging-25.0-py3-none-any.whl.metadata (3.3 kB)
2025-07-15T21:54:37.0918265Z #11 1.819 Collecting pluggy==1.6.0 (from -r requirements.txt (line 26))
2025-07-15T21:54:37.0919155Z #11 1.823   Downloading pluggy-1.6.0-py3-none-any.whl.metadata (4.8 kB)
2025-07-15T21:54:37.0920078Z #11 1.841 Collecting Pygments==2.19.2 (from -r requirements.txt (line 27))
2025-07-15T21:54:37.0921015Z #11 1.844   Downloading pygments-2.19.2-py3-none-any.whl.metadata (2.5 kB)
2025-07-15T21:54:37.0921890Z #11 1.878 Collecting pytz==2025.2 (from -r requirements.txt (line 28))
2025-07-15T21:54:37.0922745Z #11 1.883   Downloading pytz-2025.2-py2.py3-none-any.whl.metadata (22 kB)
2025-07-15T21:54:37.0923940Z #11 1.920 Collecting rich==14.0.0 (from -r requirements.txt (line 29))
2025-07-15T21:54:37.2644357Z #11 1.924   Downloading rich-14.0.0-py3-none-any.whl.metadata (18 kB)
2025-07-15T21:54:37.2645366Z #11 1.931 Collecting sentinels==1.0.0 (from -r requirements.txt (line 30))
2025-07-15T21:54:37.2646290Z #11 1.935   Downloading sentinels-1.0.0.tar.gz (4.1 kB)
2025-07-15T21:54:37.2647053Z #11 1.942   Preparing metadata (setup.py): started
2025-07-15T21:54:37.8125470Z #11 2.641   Preparing metadata (setup.py): finished with status 'done'
2025-07-15T21:54:37.9534014Z #11 2.653 Collecting sh==2.2.2 (from -r requirements.txt (line 31))
2025-07-15T21:54:37.9535941Z #11 2.657   Downloading sh-2.2.2-py3-none-any.whl.metadata (3.7 kB)
2025-07-15T21:54:37.9537613Z #11 2.696 Collecting exceptiongroup>=1.0.0rc8 (from pytest==8.2.1->-r requirements.txt (line 3))
2025-07-15T21:54:37.9539188Z #11 2.699   Downloading exceptiongroup-1.3.0-py3-none-any.whl.metadata (6.7 kB)
2025-07-15T21:54:37.9540206Z #11 2.712 Collecting tomli>=1 (from pytest==8.2.1->-r requirements.txt (line 3))
2025-07-15T21:54:37.9540983Z #11 2.717   Downloading tomli-2.2.1-py3-none-any.whl.metadata (10 kB)
2025-07-15T21:54:37.9541847Z #11 2.781 Collecting typing-extensions<5.0,>=4.0.0 (from rich==14.0.0->-r requirements.txt (line 29))
2025-07-15T21:54:38.0552255Z #11 2.786   Downloading typing_extensions-4.14.1-py3-none-any.whl.metadata (3.0 kB)
2025-07-15T21:54:38.0553784Z #11 2.803 Downloading flask-3.1.0-py3-none-any.whl (102 kB)
2025-07-15T21:54:38.0554850Z #11 2.809 Downloading flask_pymongo-3.0.1-py3-none-any.whl (11 kB)
2025-07-15T21:54:38.0555922Z #11 2.816 Downloading pytest-8.2.1-py3-none-any.whl (339 kB)
2025-07-15T21:54:38.0556948Z #11 2.821 Downloading pluggy-1.6.0-py3-none-any.whl (20 kB)
2025-07-15T21:54:38.0557732Z #11 2.824 Downloading blinker-1.9.0-py3-none-any.whl (8.5 kB)
2025-07-15T21:54:38.0558432Z #11 2.828 Downloading certifi-2025.7.14-py3-none-any.whl (162 kB)
2025-07-15T21:54:38.0559362Z #11 2.832 Downloading charset_normalizer-3.4.2-cp310-cp310-manylinux_2_17_x86_64.manylinux2014_x86_64.whl (149 kB)
2025-07-15T21:54:38.0560263Z #11 2.835 Downloading click-8.2.1-py3-none-any.whl (102 kB)
2025-07-15T21:54:38.0560914Z #11 2.839 Downloading dnspython-2.7.0-py3-none-any.whl (313 kB)
2025-07-15T21:54:38.0561566Z #11 2.843 Downloading idna-3.10-py3-none-any.whl (70 kB)
2025-07-15T21:54:38.0562206Z #11 2.847 Downloading itsdangerous-2.2.0-py3-none-any.whl (16 kB)
2025-07-15T21:54:38.0562823Z #11 2.850 Downloading jinja2-3.1.6-py3-none-any.whl (134 kB)
2025-07-15T21:54:38.0563757Z #11 2.854 Downloading MarkupSafe-3.0.2-cp310-cp310-manylinux_2_17_x86_64.manylinux2014_x86_64.whl (20 kB)
2025-07-15T21:54:38.0564438Z #11 2.858 Downloading paho_mqtt-2.1.0-py3-none-any.whl (67 kB)
2025-07-15T21:54:38.0565096Z #11 2.862 Downloading pymongo-4.13.2-cp310-cp310-manylinux_2_17_x86_64.manylinux2014_x86_64.whl (1.2 MB)
2025-07-15T21:54:38.0566023Z #11 2.876    ━━━━━━━━━━━━━━━━━━━━━━━━━━━━━━━━━━━━━━━━ 1.2/1.2 MB 119.7 MB/s eta 0:00:00
2025-07-15T21:54:38.0566552Z #11 2.880 Downloading python_dotenv-1.1.1-py3-none-any.whl (20 kB)
2025-07-15T21:54:38.0567110Z #11 2.883 Downloading requests-2.32.4-py3-none-any.whl (64 kB)
2025-07-15T21:54:38.1553093Z #11 2.888 Downloading urllib3-2.5.0-py3-none-any.whl (129 kB)
2025-07-15T21:54:38.1554446Z #11 2.892 Downloading werkzeug-3.1.3-py3-none-any.whl (224 kB)
2025-07-15T21:54:38.1555449Z #11 2.897 Downloading autodevops_cli-0.1.1-py3-none-any.whl (4.1 kB)
2025-07-15T21:54:38.1556433Z #11 2.901 Downloading iniconfig-2.1.0-py3-none-any.whl (6.0 kB)
2025-07-15T21:54:38.1557074Z #11 2.904 Downloading loguru-0.7.3-py3-none-any.whl (61 kB)
2025-07-15T21:54:38.1557736Z #11 2.908 Downloading markdown_it_py-3.0.0-py3-none-any.whl (87 kB)
2025-07-15T21:54:38.1558381Z #11 2.911 Downloading mdurl-0.1.2-py3-none-any.whl (10.0 kB)
2025-07-15T21:54:38.1559161Z #11 2.915 Downloading mongomock-4.3.0-py2.py3-none-any.whl (64 kB)
2025-07-15T21:54:38.1560109Z #11 2.918 Downloading packaging-25.0-py3-none-any.whl (66 kB)
2025-07-15T21:54:38.1561095Z #11 2.922 Downloading pygments-2.19.2-py3-none-any.whl (1.2 MB)
2025-07-15T21:54:38.1563133Z #11 2.927    ━━━━━━━━━━━━━━━━━━━━━━━━━━━━━━━━━━━━━━━━ 1.2/1.2 MB 348.0 MB/s eta 0:00:00
2025-07-15T21:54:38.1564182Z #11 2.931 Downloading pytz-2025.2-py2.py3-none-any.whl (509 kB)
2025-07-15T21:54:38.1565131Z #11 2.936 Downloading rich-14.0.0-py3-none-any.whl (243 kB)
2025-07-15T21:54:38.1565653Z #11 2.940 Downloading sh-2.2.2-py3-none-any.whl (38 kB)
2025-07-15T21:54:38.1566317Z #11 2.943 Downloading typing_extensions-4.14.1-py3-none-any.whl (43 kB)
2025-07-15T21:54:38.1567170Z #11 2.947 Downloading exceptiongroup-1.3.0-py3-none-any.whl (16 kB)
2025-07-15T21:54:38.1568061Z #11 2.950 Downloading tomli-2.2.1-py3-none-any.whl (14 kB)
2025-07-15T21:54:38.1568582Z #11 2.983 Building wheels for collected packages: sentinels
2025-07-15T21:54:38.3074541Z #11 2.984   DEPRECATION: Building 'sentinels' using the legacy setup.py bdist_wheel mechanism, which will be removed in a future version. pip 25.3 will enforce this behaviour change. A possible replacement is to use the standardized build interface by setting the `--use-pep517` option, (possibly combined with `--no-build-isolation`), or adding a `pyproject.toml` file to the source tree of 'sentinels'. Discussion can be found at https://github.com/pypa/pip/issues/6334
2025-07-15T21:54:38.3076922Z #11 2.985   Building wheel for sentinels (setup.py): started
2025-07-15T21:54:39.0106024Z #11 3.839   Building wheel for sentinels (setup.py): finished with status 'done'
2025-07-15T21:54:39.2343424Z #11 3.839   Created wheel for sentinels: filename=sentinels-1.0.0-py3-none-any.whl size=3175 sha256=e5c1a2b515319721f503febdd963a09f2a9ec2cbbdb88a84af0696e07a677ed5
2025-07-15T21:54:39.2345606Z #11 3.840   Stored in directory: /tmp/pip-ephem-wheel-cache-8fg30ara/wheels/26/bc/eb/67e56405e0684b3d8c011cf4d18129c41be394775fd5ba2347
2025-07-15T21:54:39.2346943Z #11 3.841 Successfully built sentinels
2025-07-15T21:54:39.2349801Z #11 3.912 Installing collected packages: sentinels, pytz, urllib3, typing-extensions, tomli, sh, python-dotenv, Pygments, pluggy, paho-mqtt, packaging, mdurl, MarkupSafe, loguru, itsdangerous, iniconfig, idna, dnspython, click, charset-normalizer, certifi, blinker, Werkzeug, requests, pymongo, mongomock, markdown-it-py, Jinja2, exceptiongroup, rich, pytest, Flask, Flask-PyMongo, autodevops-cli
2025-07-15T21:54:41.4133736Z #11 6.241 
2025-07-15T21:54:41.5716334Z #11 6.249 Successfully installed Flask-3.1.0 Flask-PyMongo-3.0.1 Jinja2-3.1.6 MarkupSafe-3.0.2 Pygments-2.19.2 Werkzeug-3.1.3 autodevops-cli-0.1.1 blinker-1.9.0 certifi-2025.7.14 charset-normalizer-3.4.2 click-8.2.1 dnspython-2.7.0 exceptiongroup-1.3.0 idna-3.10 iniconfig-2.1.0 itsdangerous-2.2.0 loguru-0.7.3 markdown-it-py-3.0.0 mdurl-0.1.2 mongomock-4.3.0 packaging-25.0 paho-mqtt-2.1.0 pluggy-1.6.0 pymongo-4.13.2 pytest-8.2.1 python-dotenv-1.1.1 pytz-2025.2 requests-2.32.4 rich-14.0.0 sentinels-1.0.0 sh-2.2.2 tomli-2.2.1 typing-extensions-4.14.1 urllib3-2.5.0
2025-07-15T21:54:41.5720366Z #11 6.249 WARNING: Running pip as the 'root' user can result in broken permissions and conflicting behaviour with the system package manager, possibly rendering your system unusable. It is recommended to use a virtual environment instead: https://pip.pypa.io/warnings/venv. Use the --root-user-action option if you know what you are doing and want to suppress this warning.
2025-07-15T21:54:41.6841567Z #11 DONE 6.5s
2025-07-15T21:54:41.8383898Z 
2025-07-15T21:54:41.8384887Z #12 exporting to image
2025-07-15T21:54:41.8385747Z #12 exporting layers
2025-07-15T21:54:43.5077088Z #12 exporting layers 1.8s done
2025-07-15T21:54:43.5291403Z #12 writing image sha256:6a3d33dca77b74c5f6642451426ab9422ef0d42fd9aa4ef4ad41b997047606af done
2025-07-15T21:54:43.5293083Z #12 naming to docker.io/***/flask-ci-cd-demo done
2025-07-15T21:54:43.5293835Z #12 DONE 1.8s
2025-07-15T21:54:43.5372144Z ##[group]Run docker push ***/flask-ci-cd-demo
2025-07-15T21:54:43.5372706Z [36;1mdocker push ***/flask-ci-cd-demo[0m
2025-07-15T21:54:43.5402550Z shell: /usr/bin/bash -e {0}
2025-07-15T21:54:43.5403291Z env:
2025-07-15T21:54:43.5403668Z   pythonLocation: /opt/hostedtoolcache/Python/3.10.18/x64
2025-07-15T21:54:43.5404232Z   PKG_CONFIG_PATH: /opt/hostedtoolcache/Python/3.10.18/x64/lib/pkgconfig
2025-07-15T21:54:43.5404773Z   Python_ROOT_DIR: /opt/hostedtoolcache/Python/3.10.18/x64
2025-07-15T21:54:43.5405256Z   Python2_ROOT_DIR: /opt/hostedtoolcache/Python/3.10.18/x64
2025-07-15T21:54:43.5405749Z   Python3_ROOT_DIR: /opt/hostedtoolcache/Python/3.10.18/x64
2025-07-15T21:54:43.5406264Z   LD_LIBRARY_PATH: /opt/hostedtoolcache/Python/3.10.18/x64/lib
2025-07-15T21:54:43.5406700Z ##[endgroup]
2025-07-15T21:54:43.5563312Z Using default tag: latest
2025-07-15T21:54:43.5577227Z The push refers to repository [docker.io/***/flask-ci-cd-demo]
2025-07-15T21:54:43.5749340Z f155dc19693c: Preparing
2025-07-15T21:54:43.5750035Z 880b0f797e90: Preparing
2025-07-15T21:54:43.5750614Z e8f99dfe2682: Preparing
2025-07-15T21:54:43.5751191Z e70f1da9c2c1: Preparing
2025-07-15T21:54:43.5752002Z a4176a56c45f: Preparing
2025-07-15T21:54:43.5752585Z 31abbb538de0: Preparing
2025-07-15T21:54:43.5753422Z a2ccf7527b3c: Preparing
2025-07-15T21:54:43.5754005Z abd92ba2021e: Preparing
2025-07-15T21:54:43.5754561Z 1bb35e8b4de1: Preparing
2025-07-15T21:54:43.5754980Z 31abbb538de0: Waiting
2025-07-15T21:54:43.5755325Z a2ccf7527b3c: Waiting
2025-07-15T21:54:43.5755645Z abd92ba2021e: Waiting
2025-07-15T21:54:43.5755952Z 1bb35e8b4de1: Waiting
2025-07-15T21:54:44.6400388Z e70f1da9c2c1: Pushed
2025-07-15T21:54:44.7270964Z 31abbb538de0: Layer already exists
2025-07-15T21:54:44.8090686Z a2ccf7527b3c: Layer already exists
2025-07-15T21:54:44.9015439Z abd92ba2021e: Layer already exists
2025-07-15T21:54:44.9878341Z 1bb35e8b4de1: Layer already exists
2025-07-15T21:54:45.2749739Z 880b0f797e90: Pushed
2025-07-15T21:54:46.3551748Z f155dc19693c: Pushed
2025-07-15T21:54:47.8714344Z e8f99dfe2682: Pushed
2025-07-15T21:54:58.0475617Z a4176a56c45f: Pushed
2025-07-15T21:54:59.8375323Z latest: digest: sha256:21fceaa025c9fc95a866a86b4f3440ac0dee34a11ca3ddd2cf8f69e004dd03aa size: 2212
2025-07-15T21:54:59.8493805Z ##[group]Run appleboy/ssh-action@v1.0.0
2025-07-15T21:54:59.8494512Z with:
2025-07-15T21:54:59.8495098Z   host: ***
2025-07-15T21:54:59.8495511Z   username: ***
2025-07-15T21:54:59.8511758Z   key: ***
2025-07-15T21:54:59.8512792Z   script: docker pull ***/flask-ci-cd-demo

docker stop flask-app || true
docker rm flask-app || true

docker run -d \
  --name flask-app \
  -p 4567:4567 \
  ***/flask-ci-cd-demo

2025-07-15T21:54:59.8514048Z   port: 22
2025-07-15T21:54:59.8514438Z   timeout: 30s
2025-07-15T21:54:59.8528824Z   command_timeout: 10m
2025-07-15T21:54:59.8529197Z   proxy_port: 22
2025-07-15T21:54:59.8529534Z   proxy_timeout: 30s
2025-07-15T21:54:59.8529858Z env:
2025-07-15T21:54:59.8530245Z   pythonLocation: /opt/hostedtoolcache/Python/3.10.18/x64
2025-07-15T21:54:59.8530826Z   PKG_CONFIG_PATH: /opt/hostedtoolcache/Python/3.10.18/x64/lib/pkgconfig
2025-07-15T21:54:59.8531374Z   Python_ROOT_DIR: /opt/hostedtoolcache/Python/3.10.18/x64
2025-07-15T21:54:59.8531917Z   Python2_ROOT_DIR: /opt/hostedtoolcache/Python/3.10.18/x64
2025-07-15T21:54:59.8532415Z   Python3_ROOT_DIR: /opt/hostedtoolcache/Python/3.10.18/x64
2025-07-15T21:54:59.8533029Z   LD_LIBRARY_PATH: /opt/hostedtoolcache/Python/3.10.18/x64/lib
2025-07-15T21:54:59.8533479Z ##[endgroup]
2025-07-15T21:54:59.8647787Z ##[command]/usr/bin/docker run --name fd71c4024d306e7f842148c988de12501a851_b102a7 --label 9fd71c --workdir /github/workspace --rm -e "pythonLocation" -e "PKG_CONFIG_PATH" -e "Python_ROOT_DIR" -e "Python2_ROOT_DIR" -e "Python3_ROOT_DIR" -e "LD_LIBRARY_PATH" -e "INPUT_HOST" -e "INPUT_USERNAME" -e "INPUT_KEY" -e "INPUT_SCRIPT" -e "INPUT_PORT" -e "INPUT_PASSPHRASE" -e "INPUT_PASSWORD" -e "INPUT_SYNC" -e "INPUT_USE_INSECURE_CIPHER" -e "INPUT_CIPHER" -e "INPUT_TIMEOUT" -e "INPUT_COMMAND_TIMEOUT" -e "INPUT_KEY_PATH" -e "INPUT_FINGERPRINT" -e "INPUT_PROXY_HOST" -e "INPUT_PROXY_PORT" -e "INPUT_PROXY_USERNAME" -e "INPUT_PROXY_PASSWORD" -e "INPUT_PROXY_PASSPHRASE" -e "INPUT_PROXY_TIMEOUT" -e "INPUT_PROXY_KEY" -e "INPUT_PROXY_KEY_PATH" -e "INPUT_PROXY_FINGERPRINT" -e "INPUT_PROXY_CIPHER" -e "INPUT_PROXY_USE_INSECURE_CIPHER" -e "INPUT_SCRIPT_STOP" -e "INPUT_ENVS" -e "INPUT_ENVS_FORMAT" -e "INPUT_DEBUG" -e "INPUT_ALLENVS" -e "HOME" -e "GITHUB_JOB" -e "GITHUB_REF" -e "GITHUB_SHA" -e "GITHUB_REPOSITORY" -e "GITHUB_REPOSITORY_OWNER" -e "GITHUB_REPOSITORY_OWNER_ID" -e "GITHUB_RUN_ID" -e "GITHUB_RUN_NUMBER" -e "GITHUB_RETENTION_DAYS" -e "GITHUB_RUN_ATTEMPT" -e "GITHUB_ACTOR_ID" -e "GITHUB_ACTOR" -e "GITHUB_WORKFLOW" -e "GITHUB_HEAD_REF" -e "GITHUB_BASE_REF" -e "GITHUB_EVENT_NAME" -e "GITHUB_SERVER_URL" -e "GITHUB_API_URL" -e "GITHUB_GRAPHQL_URL" -e "GITHUB_REF_NAME" -e "GITHUB_REF_PROTECTED" -e "GITHUB_REF_TYPE" -e "GITHUB_WORKFLOW_REF" -e "GITHUB_WORKFLOW_SHA" -e "GITHUB_REPOSITORY_ID" -e "GITHUB_TRIGGERING_ACTOR" -e "GITHUB_WORKSPACE" -e "GITHUB_ACTION" -e "GITHUB_EVENT_PATH" -e "GITHUB_ACTION_REPOSITORY" -e "GITHUB_ACTION_REF" -e "GITHUB_PATH" -e "GITHUB_ENV" -e "GITHUB_STEP_SUMMARY" -e "GITHUB_STATE" -e "GITHUB_OUTPUT" -e "RUNNER_OS" -e "RUNNER_ARCH" -e "RUNNER_NAME" -e "RUNNER_ENVIRONMENT" -e "RUNNER_TOOL_CACHE" -e "RUNNER_TEMP" -e "RUNNER_WORKSPACE" -e "ACTIONS_RUNTIME_URL" -e "ACTIONS_RUNTIME_TOKEN" -e "ACTIONS_CACHE_URL" -e "ACTIONS_RESULTS_URL" -e GITHUB_ACTIONS=true -e CI=true -v "/var/run/docker.sock":"/var/run/docker.sock" -v "/home/runner/work/_temp/_github_home":"/github/home" -v "/home/runner/work/_temp/_github_workflow":"/github/workflow" -v "/home/runner/work/_temp/_runner_file_commands":"/github/file_commands" -v "/home/runner/work/Devops/Devops":"/github/workspace" 9fd71c:4024d306e7f842148c988de12501a851
2025-07-15T21:55:00.0282093Z ======CMD======
2025-07-15T21:55:00.0283516Z docker pull ***/flask-ci-cd-demo
2025-07-15T21:55:00.0283946Z 
2025-07-15T21:55:00.0284220Z docker stop flask-app || true
2025-07-15T21:55:00.0284855Z docker rm flask-app || true
2025-07-15T21:55:00.0285176Z 
2025-07-15T21:55:00.0285328Z docker run -d \
2025-07-15T21:55:00.0285674Z   --name flask-app \
2025-07-15T21:55:00.0286031Z   -p 4567:4567 \
2025-07-15T21:55:00.0286673Z   ***/flask-ci-cd-demo
2025-07-15T21:55:00.0286887Z 
2025-07-15T21:55:00.0287034Z ======END======
2025-07-15T21:55:30.0416828Z 2025/07/15 21:55:30 dial tcp ***:22: i/o timeout
2025-07-15T21:55:30.1223433Z Post job cleanup.
2025-07-15T21:55:30.4423920Z [command]/usr/bin/docker logout 
2025-07-15T21:55:30.4553783Z Removing login credentials for https://index.docker.io/v1/
2025-07-15T21:55:30.4587705Z ##[group]Post cache
2025-07-15T21:55:30.4588742Z State not set
2025-07-15T21:55:30.4590032Z ##[endgroup]
2025-07-15T21:55:30.4736265Z Post job cleanup.
2025-07-15T21:55:30.5468793Z [command]/usr/bin/git version
2025-07-15T21:55:30.5505134Z git version 2.50.1
2025-07-15T21:55:30.5549385Z Temporarily overriding HOME='/home/runner/work/_temp/db658ff3-ce21-4535-8662-768b69d50d00' before making global git config changes
2025-07-15T21:55:30.5550606Z Adding repository directory to the temporary git global config as a safe directory
2025-07-15T21:55:30.5553976Z [command]/usr/bin/git config --global --add safe.directory /home/runner/work/Devops/Devops
2025-07-15T21:55:30.5588578Z [command]/usr/bin/git config --local --name-only --get-regexp core\.sshCommand
2025-07-15T21:55:30.5619430Z [command]/usr/bin/git submodule foreach --recursive sh -c "git config --local --name-only --get-regexp 'core\.sshCommand' && git config --local --unset-all 'core.sshCommand' || :"
2025-07-15T21:55:30.5862456Z [command]/usr/bin/git config --local --name-only --get-regexp http\.https\:\/\/github\.com\/\.extraheader
2025-07-15T21:55:30.5886352Z http.https://github.com/.extraheader
2025-07-15T21:55:30.5898406Z [command]/usr/bin/git config --local --unset-all http.https://github.com/.extraheader
2025-07-15T21:55:30.5929081Z [command]/usr/bin/git submodule foreach --recursive sh -c "git config --local --name-only --get-regexp 'http\.https\:\/\/github\.com\/\.extraheader' && git config --local --unset-all 'http.https://github.com/.extraheader' || :"
2025-07-15T21:55:30.6275581Z Cleaning up orphan processes
