2025-07-15T19:06:26.3405286Z Current runner version: '2.326.0'
2025-07-15T19:06:26.3439617Z ##[group]Runner Image Provisioner
2025-07-15T19:06:26.3440914Z Hosted Compute Agent
2025-07-15T19:06:26.3441800Z Version: 20250711.363
2025-07-15T19:06:26.3442707Z Commit: 6785254374ce925a23743850c1cb91912ce5c14c
2025-07-15T19:06:26.3443926Z Build Date: 2025-07-11T20:04:25Z
2025-07-15T19:06:26.3444817Z ##[endgroup]
2025-07-15T19:06:26.3445761Z ##[group]Operating System
2025-07-15T19:06:26.3446859Z Ubuntu
2025-07-15T19:06:26.3447906Z 24.04.2
2025-07-15T19:06:26.3448668Z LTS
2025-07-15T19:06:26.3449597Z ##[endgroup]
2025-07-15T19:06:26.3450445Z ##[group]Runner Image
2025-07-15T19:06:26.3451446Z Image: ubuntu-24.04
2025-07-15T19:06:26.3452535Z Version: 20250710.1.0
2025-07-15T19:06:26.3454242Z Included Software: https://github.com/actions/runner-images/blob/ubuntu24/20250710.1/images/ubuntu/Ubuntu2404-Readme.md
2025-07-15T19:06:26.3457012Z Image Release: https://github.com/actions/runner-images/releases/tag/ubuntu24%2F20250710.1
2025-07-15T19:06:26.3458978Z ##[endgroup]
2025-07-15T19:06:26.3460992Z ##[group]GITHUB_TOKEN Permissions
2025-07-15T19:06:26.3463536Z Contents: read
2025-07-15T19:06:26.3464449Z Metadata: read
2025-07-15T19:06:26.3465350Z Packages: read
2025-07-15T19:06:26.3466215Z ##[endgroup]
2025-07-15T19:06:26.3470347Z Secret source: Actions
2025-07-15T19:06:26.3471499Z Prepare workflow directory
2025-07-15T19:06:26.3945980Z Prepare all required actions
2025-07-15T19:06:26.4004275Z Getting action download info
2025-07-15T19:06:26.6772122Z ##[group]Download immutable action package 'actions/checkout@v3'
2025-07-15T19:06:26.6773100Z Version: 3.6.0
2025-07-15T19:06:26.6774206Z Digest: sha256:942562b9c7d4b1f2557f1da21f4d3eb4eb4fd01f2ad78b2a6e187d1b193e0a0f
2025-07-15T19:06:26.6775394Z Source commit SHA: f43a0e5ff2bd294095638e18286ca9a3d1956744
2025-07-15T19:06:26.6776079Z ##[endgroup]
2025-07-15T19:06:26.7838469Z ##[group]Download immutable action package 'actions/setup-python@v4'
2025-07-15T19:06:26.7839275Z Version: 4.9.1
2025-07-15T19:06:26.7840021Z Digest: sha256:f03e505388af670b5a108629e0ba26befc08d5c62b41f46146a45fe29ae509a5
2025-07-15T19:06:26.7841036Z Source commit SHA: 7f4fc3e22c37d6ff65e88745f38bd3157c663f7c
2025-07-15T19:06:26.7841754Z ##[endgroup]
2025-07-15T19:06:27.0107598Z ##[group]Download immutable action package 'docker/login-action@v3'
2025-07-15T19:06:27.0108422Z Version: 3.4.0
2025-07-15T19:06:27.0109264Z Digest: sha256:864ebd28db095e1602e6ef999f46a4f575083ea874918fbccf0994c2a7680450
2025-07-15T19:06:27.0110195Z Source commit SHA: 74a5d142397b4f367a81961eba4e8cd7edddf772
2025-07-15T19:06:27.0110913Z ##[endgroup]
2025-07-15T19:06:27.2350907Z Download action repository 'appleboy/ssh-action@v1.0.0' (SHA:55dabf81b49d4120609345970c91507e2d734799)
2025-07-15T19:06:27.5333520Z Complete job name: build-test-deploy
2025-07-15T19:06:27.5838033Z ##[group]Build container for action use: '/home/runner/work/_actions/appleboy/ssh-action/v1.0.0/Dockerfile'.
2025-07-15T19:06:27.5911601Z ##[command]/usr/bin/docker build -t 8f6868:87df6a5b1e9e4b3097a67858d7e0f487 -f "/home/runner/work/_actions/appleboy/ssh-action/v1.0.0/Dockerfile" "/home/runner/work/_actions/appleboy/ssh-action/v1.0.0"
2025-07-15T19:06:28.0964579Z #0 building with "default" instance using docker driver
2025-07-15T19:06:28.0965167Z 
2025-07-15T19:06:28.0965599Z #1 [internal] load build definition from Dockerfile
2025-07-15T19:06:28.0966257Z #1 transferring dockerfile: 170B done
2025-07-15T19:06:28.0966872Z #1 DONE 0.0s
2025-07-15T19:06:28.0967342Z 
2025-07-15T19:06:28.0967703Z #2 [internal] load metadata for ghcr.io/appleboy/drone-ssh:1.7.0
2025-07-15T19:06:28.1816378Z #2 DONE 0.2s
2025-07-15T19:06:28.2991760Z 
2025-07-15T19:06:28.2993403Z #3 [internal] load .dockerignore
2025-07-15T19:06:28.2995493Z #3 transferring context: 2B done
2025-07-15T19:06:28.2998486Z #3 DONE 0.0s
2025-07-15T19:06:28.2998926Z 
2025-07-15T19:06:28.2999733Z #4 [internal] load build context
2025-07-15T19:06:28.3000775Z #4 transferring context: 108B done
2025-07-15T19:06:28.3001333Z #4 DONE 0.0s
2025-07-15T19:06:28.3001899Z 
2025-07-15T19:06:28.3002440Z #5 [1/3] FROM ghcr.io/appleboy/drone-ssh:1.7.0@sha256:6818eede35495f9b993ba086350a53c29c9cfc935ef4f93b84a6c2e34e5dd100
2025-07-15T19:06:28.3003557Z #5 resolve ghcr.io/appleboy/drone-ssh:1.7.0@sha256:6818eede35495f9b993ba086350a53c29c9cfc935ef4f93b84a6c2e34e5dd100 done
2025-07-15T19:06:28.3004548Z #5 extracting sha256:4db1b89c0bd13344176ddce2d093b9da2ae58336823ffed2009a7ea4b62d2a95
2025-07-15T19:06:28.3005474Z #5 sha256:7896ba2bf31bc811100ebe17c066ec4ebb20f14e44c438e51b842f14cce72205 864B / 864B done
2025-07-15T19:06:28.3006971Z #5 sha256:178867ded3677e49c9fd3174feefe428b856f9c4fd4c9fe4a9588fc80c4d7614 3.34kB / 3.34kB done
2025-07-15T19:06:28.3009015Z #5 sha256:4db1b89c0bd13344176ddce2d093b9da2ae58336823ffed2009a7ea4b62d2a95 3.37MB / 3.37MB 0.0s done
2025-07-15T19:06:28.3010629Z #5 sha256:6bd0ff5b8ea528bad73a47e6171c4d7dc3b49d4310fcf759bb62ea5796e4c0c0 284.84kB / 284.84kB 0.1s done
2025-07-15T19:06:28.3012293Z #5 sha256:ef68d9ebed59d010ecedd79627d501152d7a932c8a32685fbec143370961699e 2.42MB / 2.42MB 0.1s done
2025-07-15T19:06:28.3013947Z #5 sha256:6818eede35495f9b993ba086350a53c29c9cfc935ef4f93b84a6c2e34e5dd100 2.38kB / 2.38kB done
2025-07-15T19:06:28.4124932Z #5 extracting sha256:4db1b89c0bd13344176ddce2d093b9da2ae58336823ffed2009a7ea4b62d2a95 0.1s done
2025-07-15T19:06:28.4126414Z #5 extracting sha256:6bd0ff5b8ea528bad73a47e6171c4d7dc3b49d4310fcf759bb62ea5796e4c0c0 0.0s done
2025-07-15T19:06:29.1230963Z #5 extracting sha256:ef68d9ebed59d010ecedd79627d501152d7a932c8a32685fbec143370961699e
2025-07-15T19:06:29.3322966Z #5 extracting sha256:ef68d9ebed59d010ecedd79627d501152d7a932c8a32685fbec143370961699e 0.0s done
2025-07-15T19:06:29.3323586Z #5 DONE 1.0s
2025-07-15T19:06:29.3323815Z 
2025-07-15T19:06:29.3324016Z #6 [2/3] COPY entrypoint.sh /entrypoint.sh
2025-07-15T19:06:29.3324387Z #6 DONE 0.0s
2025-07-15T19:06:29.3324521Z 
2025-07-15T19:06:29.3324688Z #7 [3/3] RUN chmod +x /entrypoint.sh
2025-07-15T19:06:29.3325059Z #7 DONE 0.1s
2025-07-15T19:06:29.4839936Z 
2025-07-15T19:06:29.4840442Z #8 exporting to image
2025-07-15T19:06:29.4840833Z #8 exporting layers
2025-07-15T19:06:30.0076821Z #8 exporting layers 0.7s done
2025-07-15T19:06:30.0276852Z #8 writing image sha256:651cb41aecc68b6723b7e177beefd249523bbd673d171a81f30807a6275bd2ab done
2025-07-15T19:06:30.0278335Z #8 naming to docker.io/library/8f6868:87df6a5b1e9e4b3097a67858d7e0f487 done
2025-07-15T19:06:30.0279376Z #8 DONE 0.7s
2025-07-15T19:06:30.0352608Z ##[endgroup]
2025-07-15T19:06:30.0599673Z ##[group]Run actions/checkout@v3
2025-07-15T19:06:30.0600245Z with:
2025-07-15T19:06:30.0600461Z   repository: Dinesh-4/Devops
2025-07-15T19:06:30.0600845Z   token: ***
2025-07-15T19:06:30.0601025Z   ssh-strict: true
2025-07-15T19:06:30.0601227Z   persist-credentials: true
2025-07-15T19:06:30.0601434Z   clean: true
2025-07-15T19:06:30.0601634Z   sparse-checkout-cone-mode: true
2025-07-15T19:06:30.0601861Z   fetch-depth: 1
2025-07-15T19:06:30.0602048Z   fetch-tags: false
2025-07-15T19:06:30.0602231Z   lfs: false
2025-07-15T19:06:30.0602426Z   submodules: false
2025-07-15T19:06:30.0602625Z   set-safe-directory: true
2025-07-15T19:06:30.0603031Z ##[endgroup]
2025-07-15T19:06:30.1442738Z Syncing repository: Dinesh-4/Devops
2025-07-15T19:06:30.1444029Z ##[group]Getting Git version info
2025-07-15T19:06:30.1444408Z Working directory is '/home/runner/work/Devops/Devops'
2025-07-15T19:06:30.1444911Z [command]/usr/bin/git version
2025-07-15T19:06:30.1445163Z git version 2.50.1
2025-07-15T19:06:30.1469011Z ##[endgroup]
2025-07-15T19:06:30.1483086Z Temporarily overriding HOME='/home/runner/work/_temp/b59e4c75-dd7c-4dfb-9d21-21c4b1ae67fa' before making global git config changes
2025-07-15T19:06:30.1483844Z Adding repository directory to the temporary git global config as a safe directory
2025-07-15T19:06:30.1488311Z [command]/usr/bin/git config --global --add safe.directory /home/runner/work/Devops/Devops
2025-07-15T19:06:30.1519456Z Deleting the contents of '/home/runner/work/Devops/Devops'
2025-07-15T19:06:30.1523010Z ##[group]Initializing the repository
2025-07-15T19:06:30.1526030Z [command]/usr/bin/git init /home/runner/work/Devops/Devops
2025-07-15T19:06:30.1580272Z hint: Using 'master' as the name for the initial branch. This default branch name
2025-07-15T19:06:30.1581244Z hint: is subject to change. To configure the initial branch name to use in all
2025-07-15T19:06:30.1582148Z hint: of your new repositories, which will suppress this warning, call:
2025-07-15T19:06:30.1582760Z hint:
2025-07-15T19:06:30.1583067Z hint: 	git config --global init.defaultBranch <name>
2025-07-15T19:06:30.1583357Z hint:
2025-07-15T19:06:30.1583814Z hint: Names commonly chosen instead of 'master' are 'main', 'trunk' and
2025-07-15T19:06:30.1584867Z hint: 'development'. The just-created branch can be renamed via this command:
2025-07-15T19:06:30.1585670Z hint:
2025-07-15T19:06:30.1586024Z hint: 	git branch -m <name>
2025-07-15T19:06:30.1586437Z hint:
2025-07-15T19:06:30.1586993Z hint: Disable this message with "git config set advice.defaultBranchName false"
2025-07-15T19:06:30.1588191Z Initialized empty Git repository in /home/runner/work/Devops/Devops/.git/
2025-07-15T19:06:30.1594332Z [command]/usr/bin/git remote add origin https://github.com/Dinesh-4/Devops
2025-07-15T19:06:30.1694518Z ##[endgroup]
2025-07-15T19:06:30.1695172Z ##[group]Disabling automatic garbage collection
2025-07-15T19:06:30.1698481Z [command]/usr/bin/git config --local gc.auto 0
2025-07-15T19:06:30.1724575Z ##[endgroup]
2025-07-15T19:06:30.1725237Z ##[group]Setting up auth
2025-07-15T19:06:30.1730962Z [command]/usr/bin/git config --local --name-only --get-regexp core\.sshCommand
2025-07-15T19:06:30.1757005Z [command]/usr/bin/git submodule foreach --recursive sh -c "git config --local --name-only --get-regexp 'core\.sshCommand' && git config --local --unset-all 'core.sshCommand' || :"
2025-07-15T19:06:30.2106435Z [command]/usr/bin/git config --local --name-only --get-regexp http\.https\:\/\/github\.com\/\.extraheader
2025-07-15T19:06:30.2133095Z [command]/usr/bin/git submodule foreach --recursive sh -c "git config --local --name-only --get-regexp 'http\.https\:\/\/github\.com\/\.extraheader' && git config --local --unset-all 'http.https://github.com/.extraheader' || :"
2025-07-15T19:06:30.2354905Z [command]/usr/bin/git config --local http.https://github.com/.extraheader AUTHORIZATION: basic ***
2025-07-15T19:06:30.2387725Z ##[endgroup]
2025-07-15T19:06:30.2388790Z ##[group]Fetching the repository
2025-07-15T19:06:30.2396837Z [command]/usr/bin/git -c protocol.version=2 fetch --no-tags --prune --progress --no-recurse-submodules --depth=1 origin +aee581fdf953f7f396a916623f8fa4707719932c:refs/remotes/origin/main
2025-07-15T19:06:30.4002561Z remote: Enumerating objects: 4169, done.        
2025-07-15T19:06:30.4004053Z remote: Counting objects:   0% (1/4169)        
2025-07-15T19:06:30.4005019Z remote: Counting objects:   1% (42/4169)        
2025-07-15T19:06:30.4005709Z remote: Counting objects:   2% (84/4169)        
2025-07-15T19:06:30.4006424Z remote: Counting objects:   3% (126/4169)        
2025-07-15T19:06:30.4007410Z remote: Counting objects:   4% (167/4169)        
2025-07-15T19:06:30.4008047Z remote: Counting objects:   5% (209/4169)        
2025-07-15T19:06:30.4008791Z remote: Counting objects:   6% (251/4169)        
2025-07-15T19:06:30.4009449Z remote: Counting objects:   7% (292/4169)        
2025-07-15T19:06:30.4009921Z remote: Counting objects:   8% (334/4169)        
2025-07-15T19:06:30.4010326Z remote: Counting objects:   9% (376/4169)        
2025-07-15T19:06:30.4010702Z remote: Counting objects:  10% (417/4169)        
2025-07-15T19:06:30.4011233Z remote: Counting objects:  11% (459/4169)        
2025-07-15T19:06:30.4011647Z remote: Counting objects:  12% (501/4169)        
2025-07-15T19:06:30.4012026Z remote: Counting objects:  13% (542/4169)        
2025-07-15T19:06:30.4012396Z remote: Counting objects:  14% (584/4169)        
2025-07-15T19:06:30.4012772Z remote: Counting objects:  15% (626/4169)        
2025-07-15T19:06:30.4013096Z remote: Counting objects:  16% (668/4169)        
2025-07-15T19:06:30.4013615Z remote: Counting objects:  17% (709/4169)        
2025-07-15T19:06:30.4013916Z remote: Counting objects:  18% (751/4169)        
2025-07-15T19:06:30.4014211Z remote: Counting objects:  19% (793/4169)        
2025-07-15T19:06:30.4014505Z remote: Counting objects:  20% (834/4169)        
2025-07-15T19:06:30.4014790Z remote: Counting objects:  21% (876/4169)        
2025-07-15T19:06:30.4015085Z remote: Counting objects:  22% (918/4169)        
2025-07-15T19:06:30.4015367Z remote: Counting objects:  23% (959/4169)        
2025-07-15T19:06:30.4015826Z remote: Counting objects:  24% (1001/4169)        
2025-07-15T19:06:30.4016387Z remote: Counting objects:  25% (1043/4169)        
2025-07-15T19:06:30.4017020Z remote: Counting objects:  26% (1084/4169)        
2025-07-15T19:06:30.4017773Z remote: Counting objects:  27% (1126/4169)        
2025-07-15T19:06:30.4018369Z remote: Counting objects:  28% (1168/4169)        
2025-07-15T19:06:30.4018932Z remote: Counting objects:  29% (1210/4169)        
2025-07-15T19:06:30.4019482Z remote: Counting objects:  30% (1251/4169)        
2025-07-15T19:06:30.4020006Z remote: Counting objects:  31% (1293/4169)        
2025-07-15T19:06:30.4020582Z remote: Counting objects:  32% (1335/4169)        
2025-07-15T19:06:30.4020999Z remote: Counting objects:  33% (1376/4169)        
2025-07-15T19:06:30.4021304Z remote: Counting objects:  34% (1418/4169)        
2025-07-15T19:06:30.4021674Z remote: Counting objects:  35% (1460/4169)        
2025-07-15T19:06:30.4022199Z remote: Counting objects:  36% (1501/4169)        
2025-07-15T19:06:30.4022692Z remote: Counting objects:  37% (1543/4169)        
2025-07-15T19:06:30.4023089Z remote: Counting objects:  38% (1585/4169)        
2025-07-15T19:06:30.4023645Z remote: Counting objects:  39% (1626/4169)        
2025-07-15T19:06:30.4024138Z remote: Counting objects:  40% (1668/4169)        
2025-07-15T19:06:30.4024723Z remote: Counting objects:  41% (1710/4169)        
2025-07-15T19:06:30.4025293Z remote: Counting objects:  42% (1751/4169)        
2025-07-15T19:06:30.4025766Z remote: Counting objects:  43% (1793/4169)        
2025-07-15T19:06:30.4026410Z remote: Counting objects:  44% (1835/4169)        
2025-07-15T19:06:30.4026719Z remote: Counting objects:  45% (1877/4169)        
2025-07-15T19:06:30.4027015Z remote: Counting objects:  46% (1918/4169)        
2025-07-15T19:06:30.4027532Z remote: Counting objects:  47% (1960/4169)        
2025-07-15T19:06:30.4028016Z remote: Counting objects:  48% (2002/4169)        
2025-07-15T19:06:30.4028316Z remote: Counting objects:  49% (2043/4169)        
2025-07-15T19:06:30.4028607Z remote: Counting objects:  50% (2085/4169)        
2025-07-15T19:06:30.4028896Z remote: Counting objects:  51% (2127/4169)        
2025-07-15T19:06:30.4029179Z remote: Counting objects:  52% (2168/4169)        
2025-07-15T19:06:30.4029468Z remote: Counting objects:  53% (2210/4169)        
2025-07-15T19:06:30.4029747Z remote: Counting objects:  54% (2252/4169)        
2025-07-15T19:06:30.4030037Z remote: Counting objects:  55% (2293/4169)        
2025-07-15T19:06:30.4030331Z remote: Counting objects:  56% (2335/4169)        
2025-07-15T19:06:30.4030622Z remote: Counting objects:  57% (2377/4169)        
2025-07-15T19:06:30.4030912Z remote: Counting objects:  58% (2419/4169)        
2025-07-15T19:06:30.4031195Z remote: Counting objects:  59% (2460/4169)        
2025-07-15T19:06:30.4031509Z remote: Counting objects:  60% (2502/4169)        
2025-07-15T19:06:30.4031793Z remote: Counting objects:  61% (2544/4169)        
2025-07-15T19:06:30.4032086Z remote: Counting objects:  62% (2585/4169)        
2025-07-15T19:06:30.4032371Z remote: Counting objects:  63% (2627/4169)        
2025-07-15T19:06:30.4032675Z remote: Counting objects:  64% (2669/4169)        
2025-07-15T19:06:30.4032968Z remote: Counting objects:  65% (2710/4169)        
2025-07-15T19:06:30.4033250Z remote: Counting objects:  66% (2752/4169)        
2025-07-15T19:06:30.4033539Z remote: Counting objects:  67% (2794/4169)        
2025-07-15T19:06:30.4033825Z remote: Counting objects:  68% (2835/4169)        
2025-07-15T19:06:30.4034242Z remote: Counting objects:  69% (2877/4169)        
2025-07-15T19:06:30.4034532Z remote: Counting objects:  70% (2919/4169)        
2025-07-15T19:06:30.4034816Z remote: Counting objects:  71% (2960/4169)        
2025-07-15T19:06:30.4035108Z remote: Counting objects:  72% (3002/4169)        
2025-07-15T19:06:30.4035392Z remote: Counting objects:  73% (3044/4169)        
2025-07-15T19:06:30.4035693Z remote: Counting objects:  74% (3086/4169)        
2025-07-15T19:06:30.4035976Z remote: Counting objects:  75% (3127/4169)        
2025-07-15T19:06:30.4036274Z remote: Counting objects:  76% (3169/4169)        
2025-07-15T19:06:30.4036558Z remote: Counting objects:  77% (3211/4169)        
2025-07-15T19:06:30.4036856Z remote: Counting objects:  78% (3252/4169)        
2025-07-15T19:06:30.4037318Z remote: Counting objects:  79% (3294/4169)        
2025-07-15T19:06:30.4037606Z remote: Counting objects:  80% (3336/4169)        
2025-07-15T19:06:30.4037899Z remote: Counting objects:  81% (3377/4169)        
2025-07-15T19:06:30.4038185Z remote: Counting objects:  82% (3419/4169)        
2025-07-15T19:06:30.4038471Z remote: Counting objects:  83% (3461/4169)        
2025-07-15T19:06:30.4038755Z remote: Counting objects:  84% (3502/4169)        
2025-07-15T19:06:30.4039039Z remote: Counting objects:  85% (3544/4169)        
2025-07-15T19:06:30.4039328Z remote: Counting objects:  86% (3586/4169)        
2025-07-15T19:06:30.4039604Z remote: Counting objects:  87% (3628/4169)        
2025-07-15T19:06:30.4039888Z remote: Counting objects:  88% (3669/4169)        
2025-07-15T19:06:30.4040165Z remote: Counting objects:  89% (3711/4169)        
2025-07-15T19:06:30.4040447Z remote: Counting objects:  90% (3753/4169)        
2025-07-15T19:06:30.4040724Z remote: Counting objects:  91% (3794/4169)        
2025-07-15T19:06:30.4041007Z remote: Counting objects:  92% (3836/4169)        
2025-07-15T19:06:30.4041382Z remote: Counting objects:  93% (3878/4169)        
2025-07-15T19:06:30.4041667Z remote: Counting objects:  94% (3919/4169)        
2025-07-15T19:06:30.4041948Z remote: Counting objects:  95% (3961/4169)        
2025-07-15T19:06:30.4042225Z remote: Counting objects:  96% (4003/4169)        
2025-07-15T19:06:30.4042508Z remote: Counting objects:  97% (4044/4169)        
2025-07-15T19:06:30.4042783Z remote: Counting objects:  98% (4086/4169)        
2025-07-15T19:06:30.4043188Z remote: Counting objects:  99% (4128/4169)        
2025-07-15T19:06:30.4043732Z remote: Counting objects: 100% (4169/4169)        
2025-07-15T19:06:30.4044143Z remote: Counting objects: 100% (4169/4169), done.        
2025-07-15T19:06:30.4044681Z remote: Compressing objects:   0% (1/3554)        
2025-07-15T19:06:30.4045212Z remote: Compressing objects:   1% (36/3554)        
2025-07-15T19:06:30.4045722Z remote: Compressing objects:   2% (72/3554)        
2025-07-15T19:06:30.4046361Z remote: Compressing objects:   3% (107/3554)        
2025-07-15T19:06:30.4047018Z remote: Compressing objects:   4% (143/3554)        
2025-07-15T19:06:30.4047716Z remote: Compressing objects:   5% (178/3554)        
2025-07-15T19:06:30.4048300Z remote: Compressing objects:   6% (214/3554)        
2025-07-15T19:06:30.4048855Z remote: Compressing objects:   7% (249/3554)        
2025-07-15T19:06:30.4049391Z remote: Compressing objects:   8% (285/3554)        
2025-07-15T19:06:30.4050173Z remote: Compressing objects:   9% (320/3554)        
2025-07-15T19:06:30.4050878Z remote: Compressing objects:  10% (356/3554)        
2025-07-15T19:06:30.4051559Z remote: Compressing objects:  11% (391/3554)        
2025-07-15T19:06:30.4052378Z remote: Compressing objects:  12% (427/3554)        
2025-07-15T19:06:30.4053267Z remote: Compressing objects:  13% (463/3554)        
2025-07-15T19:06:30.4054056Z remote: Compressing objects:  14% (498/3554)        
2025-07-15T19:06:30.4054814Z remote: Compressing objects:  15% (534/3554)        
2025-07-15T19:06:30.4055344Z remote: Compressing objects:  16% (569/3554)        
2025-07-15T19:06:30.4055937Z remote: Compressing objects:  17% (605/3554)        
2025-07-15T19:06:30.4056384Z remote: Compressing objects:  18% (640/3554)        
2025-07-15T19:06:30.4056808Z remote: Compressing objects:  19% (676/3554)        
2025-07-15T19:06:30.4057706Z remote: Compressing objects:  20% (711/3554)        
2025-07-15T19:06:30.4058491Z remote: Compressing objects:  21% (747/3554)        
2025-07-15T19:06:30.4059354Z remote: Compressing objects:  22% (782/3554)        
2025-07-15T19:06:30.4060057Z remote: Compressing objects:  23% (818/3554)        
2025-07-15T19:06:30.4060962Z remote: Compressing objects:  24% (853/3554)        
2025-07-15T19:06:30.4061722Z remote: Compressing objects:  25% (889/3554)        
2025-07-15T19:06:30.4062474Z remote: Compressing objects:  26% (925/3554)        
2025-07-15T19:06:30.4063048Z remote: Compressing objects:  27% (960/3554)        
2025-07-15T19:06:30.4063459Z remote: Compressing objects:  28% (996/3554)        
2025-07-15T19:06:30.4063864Z remote: Compressing objects:  29% (1031/3554)        
2025-07-15T19:06:30.4064266Z remote: Compressing objects:  30% (1067/3554)        
2025-07-15T19:06:30.4064980Z remote: Compressing objects:  31% (1102/3554)        
2025-07-15T19:06:30.4065569Z remote: Compressing objects:  32% (1138/3554)        
2025-07-15T19:06:30.4065927Z remote: Compressing objects:  33% (1173/3554)        
2025-07-15T19:06:30.4066407Z remote: Compressing objects:  34% (1209/3554)        
2025-07-15T19:06:30.4067208Z remote: Compressing objects:  35% (1244/3554)        
2025-07-15T19:06:30.4067966Z remote: Compressing objects:  36% (1280/3554)        
2025-07-15T19:06:30.4068535Z remote: Compressing objects:  37% (1315/3554)        
2025-07-15T19:06:30.4069097Z remote: Compressing objects:  38% (1351/3554)        
2025-07-15T19:06:30.4069645Z remote: Compressing objects:  39% (1387/3554)        
2025-07-15T19:06:30.4070113Z remote: Compressing objects:  40% (1422/3554)        
2025-07-15T19:06:30.4070610Z remote: Compressing objects:  41% (1458/3554)        
2025-07-15T19:06:30.4071010Z remote: Compressing objects:  42% (1493/3554)        
2025-07-15T19:06:30.4071459Z remote: Compressing objects:  43% (1529/3554)        
2025-07-15T19:06:30.4071851Z remote: Compressing objects:  44% (1564/3554)        
2025-07-15T19:06:30.4072211Z remote: Compressing objects:  45% (1600/3554)        
2025-07-15T19:06:30.4072661Z remote: Compressing objects:  46% (1635/3554)        
2025-07-15T19:06:30.4073183Z remote: Compressing objects:  47% (1671/3554)        
2025-07-15T19:06:30.4073630Z remote: Compressing objects:  48% (1706/3554)        
2025-07-15T19:06:30.4074024Z remote: Compressing objects:  49% (1742/3554)        
2025-07-15T19:06:30.4074434Z remote: Compressing objects:  50% (1777/3554)        
2025-07-15T19:06:30.4075007Z remote: Compressing objects:  51% (1813/3554)        
2025-07-15T19:06:30.4075528Z remote: Compressing objects:  52% (1849/3554)        
2025-07-15T19:06:30.4076274Z remote: Compressing objects:  53% (1884/3554)        
2025-07-15T19:06:30.4076752Z remote: Compressing objects:  54% (1920/3554)        
2025-07-15T19:06:30.4077630Z remote: Compressing objects:  55% (1955/3554)        
2025-07-15T19:06:30.4078029Z remote: Compressing objects:  56% (1991/3554)        
2025-07-15T19:06:30.4078551Z remote: Compressing objects:  57% (2026/3554)        
2025-07-15T19:06:30.4079108Z remote: Compressing objects:  58% (2062/3554)        
2025-07-15T19:06:30.4079499Z remote: Compressing objects:  59% (2097/3554)        
2025-07-15T19:06:30.4079927Z remote: Compressing objects:  60% (2133/3554)        
2025-07-15T19:06:30.4080268Z remote: Compressing objects:  61% (2168/3554)        
2025-07-15T19:06:30.4080820Z remote: Compressing objects:  62% (2204/3554)        
2025-07-15T19:06:30.4081179Z remote: Compressing objects:  63% (2240/3554)        
2025-07-15T19:06:30.4081557Z remote: Compressing objects:  64% (2275/3554)        
2025-07-15T19:06:30.4082102Z remote: Compressing objects:  65% (2311/3554)        
2025-07-15T19:06:30.4082494Z remote: Compressing objects:  66% (2346/3554)        
2025-07-15T19:06:30.4083044Z remote: Compressing objects:  67% (2382/3554)        
2025-07-15T19:06:30.4083475Z remote: Compressing objects:  68% (2417/3554)        
2025-07-15T19:06:30.4083918Z remote: Compressing objects:  69% (2453/3554)        
2025-07-15T19:06:30.4084293Z remote: Compressing objects:  70% (2488/3554)        
2025-07-15T19:06:30.4084745Z remote: Compressing objects:  71% (2524/3554)        
2025-07-15T19:06:30.4085144Z remote: Compressing objects:  72% (2559/3554)        
2025-07-15T19:06:30.4085500Z remote: Compressing objects:  73% (2595/3554)        
2025-07-15T19:06:30.4085937Z remote: Compressing objects:  74% (2630/3554)        
2025-07-15T19:06:30.4086294Z remote: Compressing objects:  75% (2666/3554)        
2025-07-15T19:06:30.4086682Z remote: Compressing objects:  76% (2702/3554)        
2025-07-15T19:06:30.4087364Z remote: Compressing objects:  77% (2737/3554)        
2025-07-15T19:06:30.4087763Z remote: Compressing objects:  78% (2773/3554)        
2025-07-15T19:06:30.4088170Z remote: Compressing objects:  79% (2808/3554)        
2025-07-15T19:06:30.4088573Z remote: Compressing objects:  80% (2844/3554)        
2025-07-15T19:06:30.4088990Z remote: Compressing objects:  81% (2879/3554)        
2025-07-15T19:06:30.4089352Z remote: Compressing objects:  82% (2915/3554)        
2025-07-15T19:06:30.4158919Z remote: Compressing objects:  83% (2950/3554)        
2025-07-15T19:06:30.4159622Z remote: Compressing objects:  84% (2986/3554)        
2025-07-15T19:06:30.4160167Z remote: Compressing objects:  85% (3021/3554)        
2025-07-15T19:06:30.4160700Z remote: Compressing objects:  86% (3057/3554)        
2025-07-15T19:06:30.4161260Z remote: Compressing objects:  87% (3092/3554)        
2025-07-15T19:06:30.4161895Z remote: Compressing objects:  88% (3128/3554)        
2025-07-15T19:06:30.4162423Z remote: Compressing objects:  89% (3164/3554)        
2025-07-15T19:06:30.4163015Z remote: Compressing objects:  90% (3199/3554)        
2025-07-15T19:06:30.4163552Z remote: Compressing objects:  91% (3235/3554)        
2025-07-15T19:06:30.4164113Z remote: Compressing objects:  92% (3270/3554)        
2025-07-15T19:06:30.4164682Z remote: Compressing objects:  93% (3306/3554)        
2025-07-15T19:06:30.4165249Z remote: Compressing objects:  94% (3341/3554)        
2025-07-15T19:06:30.4165845Z remote: Compressing objects:  95% (3377/3554)        
2025-07-15T19:06:30.4166668Z remote: Compressing objects:  96% (3412/3554)        
2025-07-15T19:06:30.4167523Z remote: Compressing objects:  97% (3448/3554)        
2025-07-15T19:06:30.4168089Z remote: Compressing objects:  98% (3483/3554)        
2025-07-15T19:06:30.4168661Z remote: Compressing objects:  99% (3519/3554)        
2025-07-15T19:06:30.4169226Z remote: Compressing objects: 100% (3554/3554)        
2025-07-15T19:06:30.4169830Z remote: Compressing objects: 100% (3554/3554), done.        
2025-07-15T19:06:30.4170438Z Receiving objects:   0% (1/4169)
2025-07-15T19:06:30.4170854Z Receiving objects:   1% (42/4169)
2025-07-15T19:06:30.4195699Z Receiving objects:   2% (84/4169)
2025-07-15T19:06:30.4278614Z Receiving objects:   3% (126/4169)
2025-07-15T19:06:30.4342548Z Receiving objects:   4% (167/4169)
2025-07-15T19:06:30.4407598Z Receiving objects:   5% (209/4169)
2025-07-15T19:06:30.4430095Z Receiving objects:   6% (251/4169)
2025-07-15T19:06:30.4586207Z Receiving objects:   7% (292/4169)
2025-07-15T19:06:30.4629906Z Receiving objects:   8% (334/4169)
2025-07-15T19:06:30.4693271Z Receiving objects:   9% (376/4169)
2025-07-15T19:06:30.4774252Z Receiving objects:  10% (417/4169)
2025-07-15T19:06:30.4840126Z Receiving objects:  11% (459/4169)
2025-07-15T19:06:30.4869706Z Receiving objects:  12% (501/4169)
2025-07-15T19:06:30.4905545Z Receiving objects:  13% (542/4169)
2025-07-15T19:06:30.4912630Z Receiving objects:  14% (584/4169)
2025-07-15T19:06:30.4925257Z Receiving objects:  15% (626/4169)
2025-07-15T19:06:30.4934299Z Receiving objects:  16% (668/4169)
2025-07-15T19:06:30.4973143Z Receiving objects:  17% (709/4169)
2025-07-15T19:06:30.4996663Z Receiving objects:  18% (751/4169)
2025-07-15T19:06:30.5049308Z Receiving objects:  19% (793/4169)
2025-07-15T19:06:30.5082268Z Receiving objects:  20% (834/4169)
2025-07-15T19:06:30.5127004Z Receiving objects:  21% (876/4169)
2025-07-15T19:06:30.5199937Z Receiving objects:  22% (918/4169)
2025-07-15T19:06:30.5250536Z Receiving objects:  23% (959/4169)
2025-07-15T19:06:30.5290405Z Receiving objects:  24% (1001/4169)
2025-07-15T19:06:30.5300848Z Receiving objects:  25% (1043/4169)
2025-07-15T19:06:30.5317621Z Receiving objects:  26% (1084/4169)
2025-07-15T19:06:30.5330034Z Receiving objects:  27% (1126/4169)
2025-07-15T19:06:30.5344492Z Receiving objects:  28% (1168/4169)
2025-07-15T19:06:30.5391037Z Receiving objects:  29% (1210/4169)
2025-07-15T19:06:30.5415445Z Receiving objects:  30% (1251/4169)
2025-07-15T19:06:30.5454370Z Receiving objects:  31% (1293/4169)
2025-07-15T19:06:30.5486536Z Receiving objects:  32% (1335/4169)
2025-07-15T19:06:30.5510705Z Receiving objects:  33% (1376/4169)
2025-07-15T19:06:30.5542213Z Receiving objects:  34% (1418/4169)
2025-07-15T19:06:30.5567830Z Receiving objects:  35% (1460/4169)
2025-07-15T19:06:30.5607406Z Receiving objects:  36% (1501/4169)
2025-07-15T19:06:30.5641878Z Receiving objects:  37% (1543/4169)
2025-07-15T19:06:30.5668130Z Receiving objects:  38% (1585/4169)
2025-07-15T19:06:30.5708635Z Receiving objects:  39% (1626/4169)
2025-07-15T19:06:30.5733191Z Receiving objects:  40% (1668/4169)
2025-07-15T19:06:30.5774712Z Receiving objects:  41% (1710/4169)
2025-07-15T19:06:30.5812257Z Receiving objects:  42% (1751/4169)
2025-07-15T19:06:30.5882406Z Receiving objects:  43% (1793/4169)
2025-07-15T19:06:30.5940077Z Receiving objects:  44% (1835/4169)
2025-07-15T19:06:30.5987367Z Receiving objects:  45% (1877/4169)
2025-07-15T19:06:30.6019264Z Receiving objects:  46% (1918/4169)
2025-07-15T19:06:30.6063768Z Receiving objects:  47% (1960/4169)
2025-07-15T19:06:30.6142355Z Receiving objects:  48% (2002/4169)
2025-07-15T19:06:30.6171858Z Receiving objects:  49% (2043/4169)
2025-07-15T19:06:30.6198086Z Receiving objects:  50% (2085/4169)
2025-07-15T19:06:30.6242614Z Receiving objects:  51% (2127/4169)
2025-07-15T19:06:30.6299316Z Receiving objects:  52% (2168/4169)
2025-07-15T19:06:30.6340986Z Receiving objects:  53% (2210/4169)
2025-07-15T19:06:30.6369971Z Receiving objects:  54% (2252/4169)
2025-07-15T19:06:30.6401375Z Receiving objects:  55% (2293/4169)
2025-07-15T19:06:30.6434745Z Receiving objects:  56% (2335/4169)
2025-07-15T19:06:30.6484785Z Receiving objects:  57% (2377/4169)
2025-07-15T19:06:30.6511283Z Receiving objects:  58% (2419/4169)
2025-07-15T19:06:30.6532711Z Receiving objects:  59% (2460/4169)
2025-07-15T19:06:30.6554024Z Receiving objects:  60% (2502/4169)
2025-07-15T19:06:30.6665544Z Receiving objects:  61% (2544/4169)
2025-07-15T19:06:30.6711402Z Receiving objects:  62% (2585/4169)
2025-07-15T19:06:30.6754931Z Receiving objects:  63% (2627/4169)
2025-07-15T19:06:30.6835464Z Receiving objects:  64% (2669/4169)
2025-07-15T19:06:30.6879775Z Receiving objects:  65% (2710/4169)
2025-07-15T19:06:30.6927943Z Receiving objects:  66% (2752/4169)
2025-07-15T19:06:30.6993452Z Receiving objects:  67% (2794/4169)
2025-07-15T19:06:30.7033960Z Receiving objects:  68% (2835/4169)
2025-07-15T19:06:30.7069729Z Receiving objects:  69% (2877/4169)
2025-07-15T19:06:30.7133057Z Receiving objects:  70% (2919/4169)
2025-07-15T19:06:30.7172909Z Receiving objects:  71% (2960/4169)
2025-07-15T19:06:30.7209953Z Receiving objects:  72% (3002/4169)
2025-07-15T19:06:30.7322664Z Receiving objects:  73% (3044/4169)
2025-07-15T19:06:30.7340036Z Receiving objects:  74% (3086/4169)
2025-07-15T19:06:30.7351150Z Receiving objects:  75% (3127/4169)
2025-07-15T19:06:30.7372591Z Receiving objects:  76% (3169/4169)
2025-07-15T19:06:30.7421833Z Receiving objects:  77% (3211/4169)
2025-07-15T19:06:30.7538537Z Receiving objects:  78% (3252/4169)
2025-07-15T19:06:30.7577854Z Receiving objects:  79% (3294/4169)
2025-07-15T19:06:30.7633461Z Receiving objects:  80% (3336/4169)
2025-07-15T19:06:30.7652920Z Receiving objects:  81% (3377/4169)
2025-07-15T19:06:30.7675786Z Receiving objects:  82% (3419/4169)
2025-07-15T19:06:30.7681817Z Receiving objects:  83% (3461/4169)
2025-07-15T19:06:30.7689931Z Receiving objects:  84% (3502/4169)
2025-07-15T19:06:30.7698021Z Receiving objects:  85% (3544/4169)
2025-07-15T19:06:30.7704008Z Receiving objects:  86% (3586/4169)
2025-07-15T19:06:30.7709932Z Receiving objects:  87% (3628/4169)
2025-07-15T19:06:30.7716888Z Receiving objects:  88% (3669/4169)
2025-07-15T19:06:30.7722936Z Receiving objects:  89% (3711/4169)
2025-07-15T19:06:30.7728190Z Receiving objects:  90% (3753/4169)
2025-07-15T19:06:30.7749858Z Receiving objects:  91% (3794/4169)
2025-07-15T19:06:30.7757221Z Receiving objects:  92% (3836/4169)
2025-07-15T19:06:30.7782412Z Receiving objects:  93% (3878/4169)
2025-07-15T19:06:30.7786394Z Receiving objects:  94% (3919/4169)
2025-07-15T19:06:30.7828154Z Receiving objects:  95% (3961/4169)
2025-07-15T19:06:30.7849279Z Receiving objects:  96% (4003/4169)
2025-07-15T19:06:30.7903759Z Receiving objects:  97% (4044/4169)
2025-07-15T19:06:30.7936621Z Receiving objects:  98% (4086/4169)
2025-07-15T19:06:30.7973519Z Receiving objects:  99% (4128/4169)
2025-07-15T19:06:30.7975101Z remote: Total 4169 (delta 571), reused 4165 (delta 570), pack-reused 0 (from 0)        
2025-07-15T19:06:30.7990999Z Receiving objects: 100% (4169/4169)
2025-07-15T19:06:30.7991896Z Receiving objects: 100% (4169/4169), 14.18 MiB | 36.48 MiB/s, done.
2025-07-15T19:06:30.7997996Z Resolving deltas:   0% (0/571)
2025-07-15T19:06:30.7998401Z Resolving deltas:   1% (6/571)
2025-07-15T19:06:30.7998773Z Resolving deltas:   2% (12/571)
2025-07-15T19:06:30.7999139Z Resolving deltas:   3% (18/571)
2025-07-15T19:06:30.8008872Z Resolving deltas:   4% (23/571)
2025-07-15T19:06:30.8010247Z Resolving deltas:   5% (30/571)
2025-07-15T19:06:30.8010911Z Resolving deltas:   6% (35/571)
2025-07-15T19:06:30.8011523Z Resolving deltas:   7% (40/571)
2025-07-15T19:06:30.8012141Z Resolving deltas:   8% (46/571)
2025-07-15T19:06:30.8015076Z Resolving deltas:   9% (52/571)
2025-07-15T19:06:30.8042142Z Resolving deltas:  10% (58/571)
2025-07-15T19:06:30.8043806Z Resolving deltas:  11% (63/571)
2025-07-15T19:06:30.8127692Z Resolving deltas:  12% (69/571)
2025-07-15T19:06:30.8129384Z Resolving deltas:  13% (75/571)
2025-07-15T19:06:30.8160015Z Resolving deltas:  14% (80/571)
2025-07-15T19:06:30.8160433Z Resolving deltas:  15% (87/571)
2025-07-15T19:06:30.8161047Z Resolving deltas:  16% (92/571)
2025-07-15T19:06:30.8161439Z Resolving deltas:  17% (98/571)
2025-07-15T19:06:30.8161827Z Resolving deltas:  18% (103/571)
2025-07-15T19:06:30.8162231Z Resolving deltas:  19% (109/571)
2025-07-15T19:06:30.8162611Z Resolving deltas:  20% (115/571)
2025-07-15T19:06:30.8163982Z Resolving deltas:  21% (120/571)
2025-07-15T19:06:30.8165294Z Resolving deltas:  22% (126/571)
2025-07-15T19:06:30.8165715Z Resolving deltas:  23% (132/571)
2025-07-15T19:06:30.8166097Z Resolving deltas:  24% (138/571)
2025-07-15T19:06:30.8166506Z Resolving deltas:  25% (143/571)
2025-07-15T19:06:30.8166899Z Resolving deltas:  26% (149/571)
2025-07-15T19:06:30.8170142Z Resolving deltas:  27% (155/571)
2025-07-15T19:06:30.8170536Z Resolving deltas:  28% (160/571)
2025-07-15T19:06:30.8179570Z Resolving deltas:  29% (166/571)
2025-07-15T19:06:30.8187543Z Resolving deltas:  30% (172/571)
2025-07-15T19:06:30.8193221Z Resolving deltas:  31% (178/571)
2025-07-15T19:06:30.8202475Z Resolving deltas:  32% (183/571)
2025-07-15T19:06:30.8204340Z Resolving deltas:  33% (189/571)
2025-07-15T19:06:30.8213866Z Resolving deltas:  34% (195/571)
2025-07-15T19:06:30.8216481Z Resolving deltas:  35% (200/571)
2025-07-15T19:06:30.8219633Z Resolving deltas:  36% (206/571)
2025-07-15T19:06:30.8228707Z Resolving deltas:  37% (212/571)
2025-07-15T19:06:30.8243004Z Resolving deltas:  38% (217/571)
2025-07-15T19:06:30.8249053Z Resolving deltas:  39% (223/571)
2025-07-15T19:06:30.8253104Z Resolving deltas:  40% (229/571)
2025-07-15T19:06:30.8258532Z Resolving deltas:  41% (235/571)
2025-07-15T19:06:30.8264862Z Resolving deltas:  42% (240/571)
2025-07-15T19:06:30.8269646Z Resolving deltas:  43% (246/571)
2025-07-15T19:06:30.8276146Z Resolving deltas:  44% (252/571)
2025-07-15T19:06:30.8283457Z Resolving deltas:  45% (257/571)
2025-07-15T19:06:30.8289182Z Resolving deltas:  46% (263/571)
2025-07-15T19:06:30.8293651Z Resolving deltas:  47% (269/571)
2025-07-15T19:06:30.8308972Z Resolving deltas:  48% (275/571)
2025-07-15T19:06:30.8313884Z Resolving deltas:  49% (280/571)
2025-07-15T19:06:30.8316787Z Resolving deltas:  50% (287/571)
2025-07-15T19:06:30.8324644Z Resolving deltas:  51% (292/571)
2025-07-15T19:06:30.8332274Z Resolving deltas:  52% (297/571)
2025-07-15T19:06:30.8339215Z Resolving deltas:  53% (303/571)
2025-07-15T19:06:30.8343020Z Resolving deltas:  54% (309/571)
2025-07-15T19:06:30.8352232Z Resolving deltas:  55% (315/571)
2025-07-15T19:06:30.8358355Z Resolving deltas:  56% (321/571)
2025-07-15T19:06:30.8362356Z Resolving deltas:  57% (327/571)
2025-07-15T19:06:30.8373455Z Resolving deltas:  58% (332/571)
2025-07-15T19:06:30.8382722Z Resolving deltas:  59% (337/571)
2025-07-15T19:06:30.8389235Z Resolving deltas:  60% (344/571)
2025-07-15T19:06:30.8399368Z Resolving deltas:  61% (349/571)
2025-07-15T19:06:30.8403579Z Resolving deltas:  62% (355/571)
2025-07-15T19:06:30.8410675Z Resolving deltas:  63% (360/571)
2025-07-15T19:06:30.8419479Z Resolving deltas:  64% (366/571)
2025-07-15T19:06:30.8427683Z Resolving deltas:  65% (372/571)
2025-07-15T19:06:30.8429533Z Resolving deltas:  66% (377/571)
2025-07-15T19:06:30.8432797Z Resolving deltas:  67% (383/571)
2025-07-15T19:06:30.8436870Z Resolving deltas:  68% (389/571)
2025-07-15T19:06:30.8442780Z Resolving deltas:  69% (394/571)
2025-07-15T19:06:30.8451441Z Resolving deltas:  70% (402/571)
2025-07-15T19:06:30.8457433Z Resolving deltas:  71% (406/571)
2025-07-15T19:06:30.8462679Z Resolving deltas:  72% (412/571)
2025-07-15T19:06:30.8465933Z Resolving deltas:  73% (417/571)
2025-07-15T19:06:30.8468629Z Resolving deltas:  74% (423/571)
2025-07-15T19:06:30.8473952Z Resolving deltas:  75% (429/571)
2025-07-15T19:06:30.8486246Z Resolving deltas:  76% (434/571)
2025-07-15T19:06:30.8493635Z Resolving deltas:  77% (441/571)
2025-07-15T19:06:30.8497784Z Resolving deltas:  78% (446/571)
2025-07-15T19:06:30.8504738Z Resolving deltas:  79% (452/571)
2025-07-15T19:06:30.8512377Z Resolving deltas:  80% (457/571)
2025-07-15T19:06:30.8514873Z Resolving deltas:  81% (463/571)
2025-07-15T19:06:30.8515621Z Resolving deltas:  82% (469/571)
2025-07-15T19:06:30.8524353Z Resolving deltas:  83% (474/571)
2025-07-15T19:06:30.8544684Z Resolving deltas:  84% (480/571)
2025-07-15T19:06:30.8551552Z Resolving deltas:  85% (486/571)
2025-07-15T19:06:30.8555634Z Resolving deltas:  86% (494/571)
2025-07-15T19:06:30.8568814Z Resolving deltas:  87% (497/571)
2025-07-15T19:06:30.8581195Z Resolving deltas:  88% (503/571)
2025-07-15T19:06:30.8594797Z Resolving deltas:  89% (509/571)
2025-07-15T19:06:30.8596117Z Resolving deltas:  90% (514/571)
2025-07-15T19:06:30.8599760Z Resolving deltas:  91% (520/571)
2025-07-15T19:06:30.8603189Z Resolving deltas:  92% (526/571)
2025-07-15T19:06:30.8604123Z Resolving deltas:  93% (532/571)
2025-07-15T19:06:30.8612759Z Resolving deltas:  94% (538/571)
2025-07-15T19:06:30.8613237Z Resolving deltas:  95% (543/571)
2025-07-15T19:06:30.8613610Z Resolving deltas:  96% (549/571)
2025-07-15T19:06:30.8613973Z Resolving deltas:  97% (554/571)
2025-07-15T19:06:30.8614326Z Resolving deltas:  98% (560/571)
2025-07-15T19:06:30.8614694Z Resolving deltas:  99% (566/571)
2025-07-15T19:06:30.8617668Z Resolving deltas: 100% (571/571)
2025-07-15T19:06:30.8618363Z Resolving deltas: 100% (571/571), done.
2025-07-15T19:06:30.8795307Z From https://github.com/Dinesh-4/Devops
2025-07-15T19:06:30.8796487Z  * [new ref]         aee581fdf953f7f396a916623f8fa4707719932c -> origin/main
2025-07-15T19:06:30.8823769Z ##[endgroup]
2025-07-15T19:06:30.8824357Z ##[group]Determining the checkout info
2025-07-15T19:06:30.8826909Z ##[endgroup]
2025-07-15T19:06:30.8827790Z ##[group]Checking out the ref
2025-07-15T19:06:30.8832069Z [command]/usr/bin/git checkout --progress --force -B main refs/remotes/origin/main
2025-07-15T19:06:31.2313587Z Switched to a new branch 'main'
2025-07-15T19:06:31.2314951Z branch 'main' set up to track 'origin/main'.
2025-07-15T19:06:31.2332093Z ##[endgroup]
2025-07-15T19:06:31.2367905Z [command]/usr/bin/git log -1 --format='%H'
2025-07-15T19:06:31.2388261Z 'aee581fdf953f7f396a916623f8fa4707719932c'
2025-07-15T19:06:31.2597989Z ##[group]Run actions/setup-python@v4
2025-07-15T19:06:31.2598266Z with:
2025-07-15T19:06:31.2598438Z   python-version: 3.10
2025-07-15T19:06:31.2598640Z   check-latest: false
2025-07-15T19:06:31.2598947Z   token: ***
2025-07-15T19:06:31.2599133Z   update-environment: true
2025-07-15T19:06:31.2599356Z   allow-prereleases: false
2025-07-15T19:06:31.2599552Z ##[endgroup]
2025-07-15T19:06:31.4267449Z ##[group]Installed versions
2025-07-15T19:06:31.4751661Z Successfully set up CPython (3.10.18)
2025-07-15T19:06:31.4752380Z ##[endgroup]
2025-07-15T19:06:31.4861812Z ##[group]Run python -m pip install --upgrade pip
2025-07-15T19:06:31.4862232Z [36;1mpython -m pip install --upgrade pip[0m
2025-07-15T19:06:31.4862527Z [36;1mpip install -r requirements.txt[0m
2025-07-15T19:06:31.4989826Z shell: /usr/bin/bash -e {0}
2025-07-15T19:06:31.4990062Z env:
2025-07-15T19:06:31.4990308Z   pythonLocation: /opt/hostedtoolcache/Python/3.10.18/x64
2025-07-15T19:06:31.4990713Z   PKG_CONFIG_PATH: /opt/hostedtoolcache/Python/3.10.18/x64/lib/pkgconfig
2025-07-15T19:06:31.4991106Z   Python_ROOT_DIR: /opt/hostedtoolcache/Python/3.10.18/x64
2025-07-15T19:06:31.4991446Z   Python2_ROOT_DIR: /opt/hostedtoolcache/Python/3.10.18/x64
2025-07-15T19:06:31.4991784Z   Python3_ROOT_DIR: /opt/hostedtoolcache/Python/3.10.18/x64
2025-07-15T19:06:31.4992125Z   LD_LIBRARY_PATH: /opt/hostedtoolcache/Python/3.10.18/x64/lib
2025-07-15T19:06:31.4992404Z ##[endgroup]
2025-07-15T19:06:34.7111995Z Requirement already satisfied: pip in /opt/hostedtoolcache/Python/3.10.18/x64/lib/python3.10/site-packages (25.1.1)
2025-07-15T19:06:35.3491769Z Collecting Flask==3.1.0 (from -r requirements.txt (line 1))
2025-07-15T19:06:35.3836810Z   Downloading flask-3.1.0-py3-none-any.whl.metadata (2.7 kB)
2025-07-15T19:06:35.3993842Z Collecting Flask-PyMongo==3.0.1 (from -r requirements.txt (line 2))
2025-07-15T19:06:35.4040894Z   Downloading flask_pymongo-3.0.1-py3-none-any.whl.metadata (3.5 kB)
2025-07-15T19:06:35.4564988Z Collecting pytest==8.2.1 (from -r requirements.txt (line 3))
2025-07-15T19:06:35.4608715Z   Downloading pytest-8.2.1-py3-none-any.whl.metadata (7.6 kB)
2025-07-15T19:06:35.4758841Z Collecting blinker==1.9.0 (from -r requirements.txt (line 4))
2025-07-15T19:06:35.4796596Z   Downloading blinker-1.9.0-py3-none-any.whl.metadata (1.6 kB)
2025-07-15T19:06:35.4996332Z Collecting certifi==2025.7.14 (from -r requirements.txt (line 5))
2025-07-15T19:06:35.5032348Z   Downloading certifi-2025.7.14-py3-none-any.whl.metadata (2.4 kB)
2025-07-15T19:06:35.5904316Z Collecting charset-normalizer==3.4.2 (from -r requirements.txt (line 6))
2025-07-15T19:06:35.5944532Z   Downloading charset_normalizer-3.4.2-cp310-cp310-manylinux_2_17_x86_64.manylinux2014_x86_64.whl.metadata (35 kB)
2025-07-15T19:06:35.6157662Z Collecting click==8.2.1 (from -r requirements.txt (line 7))
2025-07-15T19:06:35.6199497Z   Downloading click-8.2.1-py3-none-any.whl.metadata (2.5 kB)
2025-07-15T19:06:35.6338945Z Collecting dnspython==2.7.0 (from -r requirements.txt (line 8))
2025-07-15T19:06:35.6373881Z   Downloading dnspython-2.7.0-py3-none-any.whl.metadata (5.8 kB)
2025-07-15T19:06:35.6557007Z Collecting idna==3.10 (from -r requirements.txt (line 9))
2025-07-15T19:06:35.6591496Z   Downloading idna-3.10-py3-none-any.whl.metadata (10 kB)
2025-07-15T19:06:35.6729561Z Collecting itsdangerous==2.2.0 (from -r requirements.txt (line 10))
2025-07-15T19:06:35.6808339Z   Downloading itsdangerous-2.2.0-py3-none-any.whl.metadata (1.9 kB)
2025-07-15T19:06:35.6971409Z Collecting Jinja2==3.1.6 (from -r requirements.txt (line 11))
2025-07-15T19:06:35.7009248Z   Downloading jinja2-3.1.6-py3-none-any.whl.metadata (2.9 kB)
2025-07-15T19:06:35.7586158Z Collecting MarkupSafe==3.0.2 (from -r requirements.txt (line 12))
2025-07-15T19:06:35.7626549Z   Downloading MarkupSafe-3.0.2-cp310-cp310-manylinux_2_17_x86_64.manylinux2014_x86_64.whl.metadata (4.0 kB)
2025-07-15T19:06:35.7739654Z Collecting paho-mqtt==2.1.0 (from -r requirements.txt (line 13))
2025-07-15T19:06:35.7782085Z   Downloading paho_mqtt-2.1.0-py3-none-any.whl.metadata (23 kB)
2025-07-15T19:06:36.1180717Z Collecting pymongo==4.13.2 (from -r requirements.txt (line 14))
2025-07-15T19:06:36.1262057Z   Downloading pymongo-4.13.2-cp310-cp310-manylinux_2_17_x86_64.manylinux2014_x86_64.whl.metadata (22 kB)
2025-07-15T19:06:36.1497307Z Collecting python-dotenv==1.1.1 (from -r requirements.txt (line 15))
2025-07-15T19:06:36.1532247Z   Downloading python_dotenv-1.1.1-py3-none-any.whl.metadata (24 kB)
2025-07-15T19:06:36.1817745Z Collecting requests==2.32.4 (from -r requirements.txt (line 16))
2025-07-15T19:06:36.2034648Z   Downloading requests-2.32.4-py3-none-any.whl.metadata (4.9 kB)
2025-07-15T19:06:36.2302698Z Collecting urllib3==2.5.0 (from -r requirements.txt (line 17))
2025-07-15T19:06:36.2337561Z   Downloading urllib3-2.5.0-py3-none-any.whl.metadata (6.5 kB)
2025-07-15T19:06:36.2587670Z Collecting Werkzeug==3.1.3 (from -r requirements.txt (line 18))
2025-07-15T19:06:36.2624057Z   Downloading werkzeug-3.1.3-py3-none-any.whl.metadata (3.7 kB)
2025-07-15T19:06:36.2739237Z Collecting autodevops-cli==0.1.1 (from -r requirements.txt (line 19))
2025-07-15T19:06:36.2781905Z   Downloading autodevops_cli-0.1.1-py3-none-any.whl.metadata (494 bytes)
2025-07-15T19:06:36.2888311Z Collecting iniconfig==2.1.0 (from -r requirements.txt (line 20))
2025-07-15T19:06:36.2929908Z   Downloading iniconfig-2.1.0-py3-none-any.whl.metadata (2.7 kB)
2025-07-15T19:06:36.3056355Z Collecting loguru==0.7.3 (from -r requirements.txt (line 21))
2025-07-15T19:06:36.3093564Z   Downloading loguru-0.7.3-py3-none-any.whl.metadata (22 kB)
2025-07-15T19:06:36.3341923Z Collecting markdown-it-py==3.0.0 (from -r requirements.txt (line 22))
2025-07-15T19:06:36.3378245Z   Downloading markdown_it_py-3.0.0-py3-none-any.whl.metadata (6.9 kB)
2025-07-15T19:06:36.3525001Z Collecting mdurl==0.1.2 (from -r requirements.txt (line 23))
2025-07-15T19:06:36.3559671Z   Downloading mdurl-0.1.2-py3-none-any.whl.metadata (1.6 kB)
2025-07-15T19:06:36.3711960Z Collecting mongomock==4.3.0 (from -r requirements.txt (line 24))
2025-07-15T19:06:36.3749729Z   Downloading mongomock-4.3.0-py2.py3-none-any.whl.metadata (12 kB)
2025-07-15T19:06:36.3923149Z Collecting packaging==25.0 (from -r requirements.txt (line 25))
2025-07-15T19:06:36.3962447Z   Downloading packaging-25.0-py3-none-any.whl.metadata (3.3 kB)
2025-07-15T19:06:36.4095337Z Collecting pluggy==1.6.0 (from -r requirements.txt (line 26))
2025-07-15T19:06:36.4129910Z   Downloading pluggy-1.6.0-py3-none-any.whl.metadata (4.8 kB)
2025-07-15T19:06:36.4337837Z Collecting Pygments==2.19.2 (from -r requirements.txt (line 27))
2025-07-15T19:06:36.4375148Z   Downloading pygments-2.19.2-py3-none-any.whl.metadata (2.5 kB)
2025-07-15T19:06:36.4787296Z Collecting pytz==2025.2 (from -r requirements.txt (line 28))
2025-07-15T19:06:36.4827720Z   Downloading pytz-2025.2-py2.py3-none-any.whl.metadata (22 kB)
2025-07-15T19:06:36.5254545Z Collecting rich==14.0.0 (from -r requirements.txt (line 29))
2025-07-15T19:06:36.5292714Z   Downloading rich-14.0.0-py3-none-any.whl.metadata (18 kB)
2025-07-15T19:06:36.5404706Z Collecting sentinels==1.0.0 (from -r requirements.txt (line 30))
2025-07-15T19:06:36.5445082Z   Downloading sentinels-1.0.0.tar.gz (4.1 kB)
2025-07-15T19:06:36.5575193Z   Installing build dependencies: started
2025-07-15T19:06:37.4208955Z   Installing build dependencies: finished with status 'done'
2025-07-15T19:06:37.4217461Z   Getting requirements to build wheel: started
2025-07-15T19:06:37.8363554Z   Getting requirements to build wheel: finished with status 'done'
2025-07-15T19:06:37.8374542Z   Preparing metadata (pyproject.toml): started
2025-07-15T19:06:38.0275131Z   Preparing metadata (pyproject.toml): finished with status 'done'
2025-07-15T19:06:38.0426462Z Collecting sh==2.2.2 (from -r requirements.txt (line 31))
2025-07-15T19:06:38.0460528Z   Downloading sh-2.2.2-py3-none-any.whl.metadata (3.7 kB)
2025-07-15T19:06:38.0896364Z Collecting exceptiongroup>=1.0.0rc8 (from pytest==8.2.1->-r requirements.txt (line 3))
2025-07-15T19:06:38.0932738Z   Downloading exceptiongroup-1.3.0-py3-none-any.whl.metadata (6.7 kB)
2025-07-15T19:06:38.1113769Z Collecting tomli>=1 (from pytest==8.2.1->-r requirements.txt (line 3))
2025-07-15T19:06:38.1147772Z   Downloading tomli-2.2.1-py3-none-any.whl.metadata (10 kB)
2025-07-15T19:06:38.1875092Z Collecting typing-extensions<5.0,>=4.0.0 (from rich==14.0.0->-r requirements.txt (line 29))
2025-07-15T19:06:38.1971444Z   Downloading typing_extensions-4.14.1-py3-none-any.whl.metadata (3.0 kB)
2025-07-15T19:06:38.2162694Z Downloading flask-3.1.0-py3-none-any.whl (102 kB)
2025-07-15T19:06:38.2335881Z Downloading flask_pymongo-3.0.1-py3-none-any.whl (11 kB)
2025-07-15T19:06:38.2444673Z Downloading pytest-8.2.1-py3-none-any.whl (339 kB)
2025-07-15T19:06:38.2553919Z Downloading pluggy-1.6.0-py3-none-any.whl (20 kB)
2025-07-15T19:06:38.2628500Z Downloading blinker-1.9.0-py3-none-any.whl (8.5 kB)
2025-07-15T19:06:38.2690211Z Downloading certifi-2025.7.14-py3-none-any.whl (162 kB)
2025-07-15T19:06:38.2760679Z Downloading charset_normalizer-3.4.2-cp310-cp310-manylinux_2_17_x86_64.manylinux2014_x86_64.whl (149 kB)
2025-07-15T19:06:38.2849740Z Downloading click-8.2.1-py3-none-any.whl (102 kB)
2025-07-15T19:06:38.2917914Z Downloading dnspython-2.7.0-py3-none-any.whl (313 kB)
2025-07-15T19:06:38.2989669Z Downloading idna-3.10-py3-none-any.whl (70 kB)
2025-07-15T19:06:38.3052136Z Downloading itsdangerous-2.2.0-py3-none-any.whl (16 kB)
2025-07-15T19:06:38.3111542Z Downloading jinja2-3.1.6-py3-none-any.whl (134 kB)
2025-07-15T19:06:38.3177678Z Downloading MarkupSafe-3.0.2-cp310-cp310-manylinux_2_17_x86_64.manylinux2014_x86_64.whl (20 kB)
2025-07-15T19:06:38.3271508Z Downloading paho_mqtt-2.1.0-py3-none-any.whl (67 kB)
2025-07-15T19:06:38.3339082Z Downloading pymongo-4.13.2-cp310-cp310-manylinux_2_17_x86_64.manylinux2014_x86_64.whl (1.2 MB)
2025-07-15T19:06:38.3441285Z    ━━━━━━━━━━━━━━━━━━━━━━━━━━━━━━━━━━━━━━━━ 1.2/1.2 MB 140.5 MB/s eta 0:00:00
2025-07-15T19:06:38.3480449Z Downloading python_dotenv-1.1.1-py3-none-any.whl (20 kB)
2025-07-15T19:06:38.3556472Z Downloading requests-2.32.4-py3-none-any.whl (64 kB)
2025-07-15T19:06:38.3673658Z Downloading urllib3-2.5.0-py3-none-any.whl (129 kB)
2025-07-15T19:06:38.3741838Z Downloading werkzeug-3.1.3-py3-none-any.whl (224 kB)
2025-07-15T19:06:38.3821313Z Downloading autodevops_cli-0.1.1-py3-none-any.whl (4.1 kB)
2025-07-15T19:06:38.3879421Z Downloading iniconfig-2.1.0-py3-none-any.whl (6.0 kB)
2025-07-15T19:06:38.3937004Z Downloading loguru-0.7.3-py3-none-any.whl (61 kB)
2025-07-15T19:06:38.3995793Z Downloading markdown_it_py-3.0.0-py3-none-any.whl (87 kB)
2025-07-15T19:06:38.4058518Z Downloading mdurl-0.1.2-py3-none-any.whl (10.0 kB)
2025-07-15T19:06:38.4115354Z Downloading mongomock-4.3.0-py2.py3-none-any.whl (64 kB)
2025-07-15T19:06:38.4177558Z Downloading packaging-25.0-py3-none-any.whl (66 kB)
2025-07-15T19:06:38.4240280Z Downloading pygments-2.19.2-py3-none-any.whl (1.2 MB)
2025-07-15T19:06:38.4339862Z    ━━━━━━━━━━━━━━━━━━━━━━━━━━━━━━━━━━━━━━━━ 1.2/1.2 MB 146.0 MB/s eta 0:00:00
2025-07-15T19:06:38.4379648Z Downloading pytz-2025.2-py2.py3-none-any.whl (509 kB)
2025-07-15T19:06:38.4462064Z Downloading rich-14.0.0-py3-none-any.whl (243 kB)
2025-07-15T19:06:38.4541448Z Downloading sh-2.2.2-py3-none-any.whl (38 kB)
2025-07-15T19:06:38.4601944Z Downloading typing_extensions-4.14.1-py3-none-any.whl (43 kB)
2025-07-15T19:06:38.4660373Z Downloading exceptiongroup-1.3.0-py3-none-any.whl (16 kB)
2025-07-15T19:06:38.4726469Z Downloading tomli-2.2.1-py3-none-any.whl (14 kB)
2025-07-15T19:06:38.5100959Z Building wheels for collected packages: sentinels
2025-07-15T19:06:38.5111678Z   Building wheel for sentinels (pyproject.toml): started
2025-07-15T19:06:38.7184458Z   Building wheel for sentinels (pyproject.toml): finished with status 'done'
2025-07-15T19:06:38.7191941Z   Created wheel for sentinels: filename=sentinels-1.0.0-py3-none-any.whl size=3229 sha256=7f79bb21261a3b3b170a7874c9fd3b45e7b98197c62313f8eff33222ba47498a
2025-07-15T19:06:38.7194404Z   Stored in directory: /home/runner/.cache/pip/wheels/26/bc/eb/67e56405e0684b3d8c011cf4d18129c41be394775fd5ba2347
2025-07-15T19:06:38.7211132Z Successfully built sentinels
2025-07-15T19:06:38.7954511Z Installing collected packages: sentinels, pytz, urllib3, typing-extensions, tomli, sh, python-dotenv, Pygments, pluggy, paho-mqtt, packaging, mdurl, MarkupSafe, loguru, itsdangerous, iniconfig, idna, dnspython, click, charset-normalizer, certifi, blinker, Werkzeug, requests, pymongo, mongomock, markdown-it-py, Jinja2, exceptiongroup, rich, pytest, Flask, Flask-PyMongo, autodevops-cli
2025-07-15T19:06:41.2513038Z 
2025-07-15T19:06:41.2573687Z Successfully installed Flask-3.1.0 Flask-PyMongo-3.0.1 Jinja2-3.1.6 MarkupSafe-3.0.2 Pygments-2.19.2 Werkzeug-3.1.3 autodevops-cli-0.1.1 blinker-1.9.0 certifi-2025.7.14 charset-normalizer-3.4.2 click-8.2.1 dnspython-2.7.0 exceptiongroup-1.3.0 idna-3.10 iniconfig-2.1.0 itsdangerous-2.2.0 loguru-0.7.3 markdown-it-py-3.0.0 mdurl-0.1.2 mongomock-4.3.0 packaging-25.0 paho-mqtt-2.1.0 pluggy-1.6.0 pymongo-4.13.2 pytest-8.2.1 python-dotenv-1.1.1 pytz-2025.2 requests-2.32.4 rich-14.0.0 sentinels-1.0.0 sh-2.2.2 tomli-2.2.1 typing-extensions-4.14.1 urllib3-2.5.0
2025-07-15T19:06:41.3913983Z ##[group]Run export PYTHONPATH=.
2025-07-15T19:06:41.3914300Z [36;1mexport PYTHONPATH=.[0m
2025-07-15T19:06:41.3914524Z [36;1mpytest test_main.py -v[0m
2025-07-15T19:06:41.3942444Z shell: /usr/bin/bash -e {0}
2025-07-15T19:06:41.3942665Z env:
2025-07-15T19:06:41.3942900Z   pythonLocation: /opt/hostedtoolcache/Python/3.10.18/x64
2025-07-15T19:06:41.3943299Z   PKG_CONFIG_PATH: /opt/hostedtoolcache/Python/3.10.18/x64/lib/pkgconfig
2025-07-15T19:06:41.3943699Z   Python_ROOT_DIR: /opt/hostedtoolcache/Python/3.10.18/x64
2025-07-15T19:06:41.3944052Z   Python2_ROOT_DIR: /opt/hostedtoolcache/Python/3.10.18/x64
2025-07-15T19:06:41.3944409Z   Python3_ROOT_DIR: /opt/hostedtoolcache/Python/3.10.18/x64
2025-07-15T19:06:41.3944749Z   LD_LIBRARY_PATH: /opt/hostedtoolcache/Python/3.10.18/x64/lib
2025-07-15T19:06:41.3945029Z ##[endgroup]
2025-07-15T19:06:41.8046589Z ============================= test session starts ==============================
2025-07-15T19:06:41.8047816Z platform linux -- Python 3.10.18, pytest-8.2.1, pluggy-1.6.0 -- /opt/hostedtoolcache/Python/3.10.18/x64/bin/python
2025-07-15T19:06:41.8048391Z cachedir: .pytest_cache
2025-07-15T19:06:41.8048682Z rootdir: /home/runner/work/Devops/Devops
2025-07-15T19:06:42.1305109Z collecting ... collected 7 items
2025-07-15T19:06:42.1305416Z 
2025-07-15T19:06:42.1444051Z test_main.py::test_home_page PASSED                                      [ 14%]
2025-07-15T19:06:42.1730708Z test_main.py::test_admin_dashboard PASSED                                [ 28%]
2025-07-15T19:06:42.1794928Z test_main.py::test_student_dashboard PASSED                              [ 42%]
2025-07-15T19:06:42.1838798Z test_main.py::test_generate_attendance_no_input PASSED                   [ 57%]
2025-07-15T19:06:42.1882339Z test_main.py::test_student_generate_attendance_invalid PASSED            [ 71%]
2025-07-15T19:06:42.1943428Z test_main.py::test_register_user_get PASSED                              [ 85%]
2025-07-15T19:06:42.2002025Z test_main.py::test_receive_rfid_missing PASSED                           [100%]
2025-07-15T19:06:42.2002536Z 
2025-07-15T19:06:42.2002735Z ============================== 7 passed in 0.40s ===============================
2025-07-15T19:06:42.2438406Z ##[group]Run docker/login-action@v3
2025-07-15T19:06:42.2438658Z with:
2025-07-15T19:06:42.2438813Z   ecr: auto
2025-07-15T19:06:42.2438972Z   logout: true
2025-07-15T19:06:42.2439127Z env:
2025-07-15T19:06:42.2439354Z   pythonLocation: /opt/hostedtoolcache/Python/3.10.18/x64
2025-07-15T19:06:42.2439905Z   PKG_CONFIG_PATH: /opt/hostedtoolcache/Python/3.10.18/x64/lib/pkgconfig
2025-07-15T19:06:42.2440282Z   Python_ROOT_DIR: /opt/hostedtoolcache/Python/3.10.18/x64
2025-07-15T19:06:42.2440617Z   Python2_ROOT_DIR: /opt/hostedtoolcache/Python/3.10.18/x64
2025-07-15T19:06:42.2440941Z   Python3_ROOT_DIR: /opt/hostedtoolcache/Python/3.10.18/x64
2025-07-15T19:06:42.2441277Z   LD_LIBRARY_PATH: /opt/hostedtoolcache/Python/3.10.18/x64/lib
2025-07-15T19:06:42.2441552Z ##[endgroup]
2025-07-15T19:06:42.5318564Z ##[error]Username and password required
2025-07-15T19:06:42.5448669Z Post job cleanup.
2025-07-15T19:06:42.8327690Z [command]/usr/bin/docker logout 
2025-07-15T19:06:42.8458044Z Removing login credentials for https://index.docker.io/v1/
2025-07-15T19:06:42.8492096Z ##[group]Post cache
2025-07-15T19:06:42.8493799Z State not set
2025-07-15T19:06:42.8494763Z ##[endgroup]
2025-07-15T19:06:42.8631103Z Post job cleanup.
2025-07-15T19:06:42.9344698Z [command]/usr/bin/git version
2025-07-15T19:06:42.9378523Z git version 2.50.1
2025-07-15T19:06:42.9422050Z Temporarily overriding HOME='/home/runner/work/_temp/4e51d121-ccb9-417b-8d7a-3277ffe07783' before making global git config changes
2025-07-15T19:06:42.9422901Z Adding repository directory to the temporary git global config as a safe directory
2025-07-15T19:06:42.9425619Z [command]/usr/bin/git config --global --add safe.directory /home/runner/work/Devops/Devops
2025-07-15T19:06:42.9455184Z [command]/usr/bin/git config --local --name-only --get-regexp core\.sshCommand
2025-07-15T19:06:42.9482654Z [command]/usr/bin/git submodule foreach --recursive sh -c "git config --local --name-only --get-regexp 'core\.sshCommand' && git config --local --unset-all 'core.sshCommand' || :"
2025-07-15T19:06:42.9709920Z [command]/usr/bin/git config --local --name-only --get-regexp http\.https\:\/\/github\.com\/\.extraheader
2025-07-15T19:06:42.9728663Z http.https://github.com/.extraheader
2025-07-15T19:06:42.9739611Z [command]/usr/bin/git config --local --unset-all http.https://github.com/.extraheader
2025-07-15T19:06:42.9766115Z [command]/usr/bin/git submodule foreach --recursive sh -c "git config --local --name-only --get-regexp 'http\.https\:\/\/github\.com\/\.extraheader' && git config --local --unset-all 'http.https://github.com/.extraheader' || :"
2025-07-15T19:06:43.0100053Z Cleaning up orphan processes
