2025-07-15T22:28:02.7448763Z Current runner version: '2.326.0'
2025-07-15T22:28:02.7486979Z ##[group]Runner Image Provisioner
2025-07-15T22:28:02.7488359Z Hosted Compute Agent
2025-07-15T22:28:02.7489345Z Version: 20250711.363
2025-07-15T22:28:02.7490270Z Commit: 6785254374ce925a23743850c1cb91912ce5c14c
2025-07-15T22:28:02.7491385Z Build Date: 2025-07-11T20:04:25Z
2025-07-15T22:28:02.7492429Z ##[endgroup]
2025-07-15T22:28:02.7493311Z ##[group]Operating System
2025-07-15T22:28:02.7494138Z Ubuntu
2025-07-15T22:28:02.7494953Z 24.04.2
2025-07-15T22:28:02.7495708Z LTS
2025-07-15T22:28:02.7496647Z ##[endgroup]
2025-07-15T22:28:02.7497549Z ##[group]Runner Image
2025-07-15T22:28:02.7498488Z Image: ubuntu-24.04
2025-07-15T22:28:02.7499253Z Version: 20250710.1.0
2025-07-15T22:28:02.7501006Z Included Software: https://github.com/actions/runner-images/blob/ubuntu24/20250710.1/images/ubuntu/Ubuntu2404-Readme.md
2025-07-15T22:28:02.7503556Z Image Release: https://github.com/actions/runner-images/releases/tag/ubuntu24%2F20250710.1
2025-07-15T22:28:02.7505442Z ##[endgroup]
2025-07-15T22:28:02.7507473Z ##[group]GITHUB_TOKEN Permissions
2025-07-15T22:28:02.7510654Z Contents: read
2025-07-15T22:28:02.7511575Z Metadata: read
2025-07-15T22:28:02.7512384Z Packages: read
2025-07-15T22:28:02.7513396Z ##[endgroup]
2025-07-15T22:28:02.7516831Z Secret source: Actions
2025-07-15T22:28:02.7518032Z Prepare workflow directory
2025-07-15T22:28:02.8018944Z Prepare all required actions
2025-07-15T22:28:02.8075528Z Getting action download info
2025-07-15T22:28:03.2396792Z ##[group]Download immutable action package 'actions/checkout@v3'
2025-07-15T22:28:03.2398061Z Version: 3.6.0
2025-07-15T22:28:03.2399157Z Digest: sha256:942562b9c7d4b1f2557f1da21f4d3eb4eb4fd01f2ad78b2a6e187d1b193e0a0f
2025-07-15T22:28:03.2400512Z Source commit SHA: f43a0e5ff2bd294095638e18286ca9a3d1956744
2025-07-15T22:28:03.2401268Z ##[endgroup]
2025-07-15T22:28:03.3599254Z ##[group]Download immutable action package 'actions/setup-python@v4'
2025-07-15T22:28:03.3600226Z Version: 4.9.1
2025-07-15T22:28:03.3601083Z Digest: sha256:f03e505388af670b5a108629e0ba26befc08d5c62b41f46146a45fe29ae509a5
2025-07-15T22:28:03.3602175Z Source commit SHA: 7f4fc3e22c37d6ff65e88745f38bd3157c663f7c
2025-07-15T22:28:03.3602904Z ##[endgroup]
2025-07-15T22:28:03.6078187Z ##[group]Download immutable action package 'docker/login-action@v3'
2025-07-15T22:28:03.6079092Z Version: 3.4.0
2025-07-15T22:28:03.6079968Z Digest: sha256:864ebd28db095e1602e6ef999f46a4f575083ea874918fbccf0994c2a7680450
2025-07-15T22:28:03.6081047Z Source commit SHA: 74a5d142397b4f367a81961eba4e8cd7edddf772
2025-07-15T22:28:03.6081830Z ##[endgroup]
2025-07-15T22:28:03.9999379Z Complete job name: build-test-deploy
2025-07-15T22:28:04.0781040Z ##[group]Run actions/checkout@v3
2025-07-15T22:28:04.0782331Z with:
2025-07-15T22:28:04.0783051Z   repository: Dinesh-4/Devops
2025-07-15T22:28:04.0784249Z   token: ***
2025-07-15T22:28:04.0784952Z   ssh-strict: true
2025-07-15T22:28:04.0785762Z   persist-credentials: true
2025-07-15T22:28:04.0786969Z   clean: true
2025-07-15T22:28:04.0787809Z   sparse-checkout-cone-mode: true
2025-07-15T22:28:04.0788739Z   fetch-depth: 1
2025-07-15T22:28:04.0789470Z   fetch-tags: false
2025-07-15T22:28:04.0790203Z   lfs: false
2025-07-15T22:28:04.0790929Z   submodules: false
2025-07-15T22:28:04.0791743Z   set-safe-directory: true
2025-07-15T22:28:04.0792821Z ##[endgroup]
2025-07-15T22:28:04.1676708Z Syncing repository: Dinesh-4/Devops
2025-07-15T22:28:04.1679343Z ##[group]Getting Git version info
2025-07-15T22:28:04.1680486Z Working directory is '/home/runner/work/Devops/Devops'
2025-07-15T22:28:04.1682131Z [command]/usr/bin/git version
2025-07-15T22:28:04.1758594Z git version 2.50.1
2025-07-15T22:28:04.1786795Z ##[endgroup]
2025-07-15T22:28:04.1802691Z Temporarily overriding HOME='/home/runner/work/_temp/f7b7fcb4-f490-4936-8fdd-14d72715866d' before making global git config changes
2025-07-15T22:28:04.1806071Z Adding repository directory to the temporary git global config as a safe directory
2025-07-15T22:28:04.1808348Z [command]/usr/bin/git config --global --add safe.directory /home/runner/work/Devops/Devops
2025-07-15T22:28:04.1849317Z Deleting the contents of '/home/runner/work/Devops/Devops'
2025-07-15T22:28:04.1853224Z ##[group]Initializing the repository
2025-07-15T22:28:04.1856599Z [command]/usr/bin/git init /home/runner/work/Devops/Devops
2025-07-15T22:28:04.1951701Z hint: Using 'master' as the name for the initial branch. This default branch name
2025-07-15T22:28:04.1954368Z hint: is subject to change. To configure the initial branch name to use in all
2025-07-15T22:28:04.1956576Z hint: of your new repositories, which will suppress this warning, call:
2025-07-15T22:28:04.1957809Z hint:
2025-07-15T22:28:04.1958694Z hint: 	git config --global init.defaultBranch <name>
2025-07-15T22:28:04.1959729Z hint:
2025-07-15T22:28:04.1960976Z hint: Names commonly chosen instead of 'master' are 'main', 'trunk' and
2025-07-15T22:28:04.1962998Z hint: 'development'. The just-created branch can be renamed via this command:
2025-07-15T22:28:04.1964279Z hint:
2025-07-15T22:28:04.1965273Z hint: 	git branch -m <name>
2025-07-15T22:28:04.1966115Z hint:
2025-07-15T22:28:04.1967411Z hint: Disable this message with "git config set advice.defaultBranchName false"
2025-07-15T22:28:04.1969210Z Initialized empty Git repository in /home/runner/work/Devops/Devops/.git/
2025-07-15T22:28:04.1972038Z [command]/usr/bin/git remote add origin https://github.com/Dinesh-4/Devops
2025-07-15T22:28:04.2003076Z ##[endgroup]
2025-07-15T22:28:04.2004327Z ##[group]Disabling automatic garbage collection
2025-07-15T22:28:04.2005875Z [command]/usr/bin/git config --local gc.auto 0
2025-07-15T22:28:04.2035872Z ##[endgroup]
2025-07-15T22:28:04.2038160Z ##[group]Setting up auth
2025-07-15T22:28:04.2042598Z [command]/usr/bin/git config --local --name-only --get-regexp core\.sshCommand
2025-07-15T22:28:04.2073925Z [command]/usr/bin/git submodule foreach --recursive sh -c "git config --local --name-only --get-regexp 'core\.sshCommand' && git config --local --unset-all 'core.sshCommand' || :"
2025-07-15T22:28:04.2444482Z [command]/usr/bin/git config --local --name-only --get-regexp http\.https\:\/\/github\.com\/\.extraheader
2025-07-15T22:28:04.2475844Z [command]/usr/bin/git submodule foreach --recursive sh -c "git config --local --name-only --get-regexp 'http\.https\:\/\/github\.com\/\.extraheader' && git config --local --unset-all 'http.https://github.com/.extraheader' || :"
2025-07-15T22:28:04.2703327Z [command]/usr/bin/git config --local http.https://github.com/.extraheader AUTHORIZATION: basic ***
2025-07-15T22:28:04.2739097Z ##[endgroup]
2025-07-15T22:28:04.2740369Z ##[group]Fetching the repository
2025-07-15T22:28:04.2748511Z [command]/usr/bin/git -c protocol.version=2 fetch --no-tags --prune --progress --no-recurse-submodules --depth=1 origin +16183e161f117216a01b8499ac4360f2bb4e9d5a:refs/remotes/origin/main
2025-07-15T22:28:04.4870570Z remote: Enumerating objects: 4182, done.        
2025-07-15T22:28:04.4872280Z remote: Counting objects:   0% (1/4182)        
2025-07-15T22:28:04.4874372Z remote: Counting objects:   1% (42/4182)        
2025-07-15T22:28:04.4875544Z remote: Counting objects:   2% (84/4182)        
2025-07-15T22:28:04.4876876Z remote: Counting objects:   3% (126/4182)        
2025-07-15T22:28:04.4877968Z remote: Counting objects:   4% (168/4182)        
2025-07-15T22:28:04.4879037Z remote: Counting objects:   5% (210/4182)        
2025-07-15T22:28:04.4880116Z remote: Counting objects:   6% (251/4182)        
2025-07-15T22:28:04.4881168Z remote: Counting objects:   7% (293/4182)        
2025-07-15T22:28:04.4882217Z remote: Counting objects:   8% (335/4182)        
2025-07-15T22:28:04.4883293Z remote: Counting objects:   9% (377/4182)        
2025-07-15T22:28:04.4884352Z remote: Counting objects:  10% (419/4182)        
2025-07-15T22:28:04.4885419Z remote: Counting objects:  11% (461/4182)        
2025-07-15T22:28:04.4886617Z remote: Counting objects:  12% (502/4182)        
2025-07-15T22:28:04.4887698Z remote: Counting objects:  13% (544/4182)        
2025-07-15T22:28:04.4888754Z remote: Counting objects:  14% (586/4182)        
2025-07-15T22:28:04.4890171Z remote: Counting objects:  15% (628/4182)        
2025-07-15T22:28:04.4891222Z remote: Counting objects:  16% (670/4182)        
2025-07-15T22:28:04.4892314Z remote: Counting objects:  17% (711/4182)        
2025-07-15T22:28:04.4893366Z remote: Counting objects:  18% (753/4182)        
2025-07-15T22:28:04.4894467Z remote: Counting objects:  19% (795/4182)        
2025-07-15T22:28:04.4895509Z remote: Counting objects:  20% (837/4182)        
2025-07-15T22:28:04.4896708Z remote: Counting objects:  21% (879/4182)        
2025-07-15T22:28:04.4897774Z remote: Counting objects:  22% (921/4182)        
2025-07-15T22:28:04.4898825Z remote: Counting objects:  23% (962/4182)        
2025-07-15T22:28:04.4899968Z remote: Counting objects:  24% (1004/4182)        
2025-07-15T22:28:04.4901027Z remote: Counting objects:  25% (1046/4182)        
2025-07-15T22:28:04.4902066Z remote: Counting objects:  26% (1088/4182)        
2025-07-15T22:28:04.4903142Z remote: Counting objects:  27% (1130/4182)        
2025-07-15T22:28:04.4904206Z remote: Counting objects:  28% (1171/4182)        
2025-07-15T22:28:04.4905265Z remote: Counting objects:  29% (1213/4182)        
2025-07-15T22:28:04.4906321Z remote: Counting objects:  30% (1255/4182)        
2025-07-15T22:28:04.4907685Z remote: Counting objects:  31% (1297/4182)        
2025-07-15T22:28:04.4908754Z remote: Counting objects:  32% (1339/4182)        
2025-07-15T22:28:04.4909807Z remote: Counting objects:  33% (1381/4182)        
2025-07-15T22:28:04.4910870Z remote: Counting objects:  34% (1422/4182)        
2025-07-15T22:28:04.4911937Z remote: Counting objects:  35% (1464/4182)        
2025-07-15T22:28:04.4912986Z remote: Counting objects:  36% (1506/4182)        
2025-07-15T22:28:04.4914045Z remote: Counting objects:  37% (1548/4182)        
2025-07-15T22:28:04.4915115Z remote: Counting objects:  38% (1590/4182)        
2025-07-15T22:28:04.4916161Z remote: Counting objects:  39% (1631/4182)        
2025-07-15T22:28:04.4917342Z remote: Counting objects:  40% (1673/4182)        
2025-07-15T22:28:04.4918405Z remote: Counting objects:  41% (1715/4182)        
2025-07-15T22:28:04.4919456Z remote: Counting objects:  42% (1757/4182)        
2025-07-15T22:28:04.4920519Z remote: Counting objects:  43% (1799/4182)        
2025-07-15T22:28:04.4921569Z remote: Counting objects:  44% (1841/4182)        
2025-07-15T22:28:04.4922653Z remote: Counting objects:  45% (1882/4182)        
2025-07-15T22:28:04.4923727Z remote: Counting objects:  46% (1924/4182)        
2025-07-15T22:28:04.4924802Z remote: Counting objects:  47% (1966/4182)        
2025-07-15T22:28:04.4926073Z remote: Counting objects:  48% (2008/4182)        
2025-07-15T22:28:04.4927243Z remote: Counting objects:  49% (2050/4182)        
2025-07-15T22:28:04.4928297Z remote: Counting objects:  50% (2091/4182)        
2025-07-15T22:28:04.4929412Z remote: Counting objects:  51% (2133/4182)        
2025-07-15T22:28:04.4930464Z remote: Counting objects:  52% (2175/4182)        
2025-07-15T22:28:04.4931534Z remote: Counting objects:  53% (2217/4182)        
2025-07-15T22:28:04.5027252Z remote: Counting objects:  54% (2259/4182)        
2025-07-15T22:28:04.5029600Z remote: Counting objects:  55% (2301/4182)        
2025-07-15T22:28:04.5031809Z remote: Counting objects:  56% (2342/4182)        
2025-07-15T22:28:04.5033542Z remote: Counting objects:  57% (2384/4182)        
2025-07-15T22:28:04.5034711Z remote: Counting objects:  58% (2426/4182)        
2025-07-15T22:28:04.5035777Z remote: Counting objects:  59% (2468/4182)        
2025-07-15T22:28:04.5037166Z remote: Counting objects:  60% (2510/4182)        
2025-07-15T22:28:04.5038289Z remote: Counting objects:  61% (2552/4182)        
2025-07-15T22:28:04.5039351Z remote: Counting objects:  62% (2593/4182)        
2025-07-15T22:28:04.5040399Z remote: Counting objects:  63% (2635/4182)        
2025-07-15T22:28:04.5041465Z remote: Counting objects:  64% (2677/4182)        
2025-07-15T22:28:04.5042523Z remote: Counting objects:  65% (2719/4182)        
2025-07-15T22:28:04.5044062Z remote: Counting objects:  66% (2761/4182)        
2025-07-15T22:28:04.5045120Z remote: Counting objects:  67% (2802/4182)        
2025-07-15T22:28:04.5046171Z remote: Counting objects:  68% (2844/4182)        
2025-07-15T22:28:04.5047662Z remote: Counting objects:  69% (2886/4182)        
2025-07-15T22:28:04.5048796Z remote: Counting objects:  70% (2928/4182)        
2025-07-15T22:28:04.5049937Z remote: Counting objects:  71% (2970/4182)        
2025-07-15T22:28:04.5051132Z remote: Counting objects:  72% (3012/4182)        
2025-07-15T22:28:04.5052187Z remote: Counting objects:  73% (3053/4182)        
2025-07-15T22:28:04.5053254Z remote: Counting objects:  74% (3095/4182)        
2025-07-15T22:28:04.5054309Z remote: Counting objects:  75% (3137/4182)        
2025-07-15T22:28:04.5055464Z remote: Counting objects:  76% (3179/4182)        
2025-07-15T22:28:04.5056735Z remote: Counting objects:  77% (3221/4182)        
2025-07-15T22:28:04.5057915Z remote: Counting objects:  78% (3262/4182)        
2025-07-15T22:28:04.5059606Z remote: Counting objects:  79% (3304/4182)        
2025-07-15T22:28:04.5060745Z remote: Counting objects:  80% (3346/4182)        
2025-07-15T22:28:04.5061811Z remote: Counting objects:  81% (3388/4182)        
2025-07-15T22:28:04.5062906Z remote: Counting objects:  82% (3430/4182)        
2025-07-15T22:28:04.5064009Z remote: Counting objects:  83% (3472/4182)        
2025-07-15T22:28:04.5065118Z remote: Counting objects:  84% (3513/4182)        
2025-07-15T22:28:04.5066228Z remote: Counting objects:  85% (3555/4182)        
2025-07-15T22:28:04.5067585Z remote: Counting objects:  86% (3597/4182)        
2025-07-15T22:28:04.5068640Z remote: Counting objects:  87% (3639/4182)        
2025-07-15T22:28:04.5069701Z remote: Counting objects:  88% (3681/4182)        
2025-07-15T22:28:04.5070747Z remote: Counting objects:  89% (3722/4182)        
2025-07-15T22:28:04.5071786Z remote: Counting objects:  90% (3764/4182)        
2025-07-15T22:28:04.5072832Z remote: Counting objects:  91% (3806/4182)        
2025-07-15T22:28:04.5073886Z remote: Counting objects:  92% (3848/4182)        
2025-07-15T22:28:04.5074921Z remote: Counting objects:  93% (3890/4182)        
2025-07-15T22:28:04.5075954Z remote: Counting objects:  94% (3932/4182)        
2025-07-15T22:28:04.5077270Z remote: Counting objects:  95% (3973/4182)        
2025-07-15T22:28:04.5078331Z remote: Counting objects:  96% (4015/4182)        
2025-07-15T22:28:04.5079392Z remote: Counting objects:  97% (4057/4182)        
2025-07-15T22:28:04.5080428Z remote: Counting objects:  98% (4099/4182)        
2025-07-15T22:28:04.5081677Z remote: Counting objects:  99% (4141/4182)        
2025-07-15T22:28:04.5082733Z remote: Counting objects: 100% (4182/4182)        
2025-07-15T22:28:04.5083865Z remote: Counting objects: 100% (4182/4182), done.        
2025-07-15T22:28:04.5084993Z remote: Compressing objects:   0% (1/3567)        
2025-07-15T22:28:04.5086063Z remote: Compressing objects:   1% (36/3567)        
2025-07-15T22:28:04.5087283Z remote: Compressing objects:   2% (72/3567)        
2025-07-15T22:28:04.5088355Z remote: Compressing objects:   3% (108/3567)        
2025-07-15T22:28:04.5089449Z remote: Compressing objects:   4% (143/3567)        
2025-07-15T22:28:04.5090545Z remote: Compressing objects:   5% (179/3567)        
2025-07-15T22:28:04.5091638Z remote: Compressing objects:   6% (215/3567)        
2025-07-15T22:28:04.5092723Z remote: Compressing objects:   7% (250/3567)        
2025-07-15T22:28:04.5093813Z remote: Compressing objects:   8% (286/3567)        
2025-07-15T22:28:04.5094893Z remote: Compressing objects:   9% (322/3567)        
2025-07-15T22:28:04.5095984Z remote: Compressing objects:  10% (357/3567)        
2025-07-15T22:28:04.5097156Z remote: Compressing objects:  11% (393/3567)        
2025-07-15T22:28:04.5098241Z remote: Compressing objects:  12% (429/3567)        
2025-07-15T22:28:04.5099328Z remote: Compressing objects:  13% (464/3567)        
2025-07-15T22:28:04.5100404Z remote: Compressing objects:  14% (500/3567)        
2025-07-15T22:28:04.5101648Z remote: Compressing objects:  15% (536/3567)        
2025-07-15T22:28:04.5102736Z remote: Compressing objects:  16% (571/3567)        
2025-07-15T22:28:04.5103825Z remote: Compressing objects:  17% (607/3567)        
2025-07-15T22:28:04.5104922Z remote: Compressing objects:  18% (643/3567)        
2025-07-15T22:28:04.5106004Z remote: Compressing objects:  19% (678/3567)        
2025-07-15T22:28:04.5107185Z remote: Compressing objects:  20% (714/3567)        
2025-07-15T22:28:04.5108268Z remote: Compressing objects:  21% (750/3567)        
2025-07-15T22:28:04.5109362Z remote: Compressing objects:  22% (785/3567)        
2025-07-15T22:28:04.5110450Z remote: Compressing objects:  23% (821/3567)        
2025-07-15T22:28:04.5111535Z remote: Compressing objects:  24% (857/3567)        
2025-07-15T22:28:04.5112620Z remote: Compressing objects:  25% (892/3567)        
2025-07-15T22:28:04.5113710Z remote: Compressing objects:  26% (928/3567)        
2025-07-15T22:28:04.5114790Z remote: Compressing objects:  27% (964/3567)        
2025-07-15T22:28:04.5115882Z remote: Compressing objects:  28% (999/3567)        
2025-07-15T22:28:04.5117629Z remote: Compressing objects:  29% (1035/3567)        
2025-07-15T22:28:04.5118805Z remote: Compressing objects:  30% (1071/3567)        
2025-07-15T22:28:04.5119924Z remote: Compressing objects:  31% (1106/3567)        
2025-07-15T22:28:04.5121039Z remote: Compressing objects:  32% (1142/3567)        
2025-07-15T22:28:04.5122145Z remote: Compressing objects:  33% (1178/3567)        
2025-07-15T22:28:04.5123317Z remote: Compressing objects:  34% (1213/3567)        
2025-07-15T22:28:04.5133928Z remote: Compressing objects:  35% (1249/3567)        
2025-07-15T22:28:04.5135810Z remote: Compressing objects:  36% (1285/3567)        
2025-07-15T22:28:04.5137895Z remote: Compressing objects:  37% (1320/3567)        
2025-07-15T22:28:04.5139864Z remote: Compressing objects:  38% (1356/3567)        
2025-07-15T22:28:04.5141759Z remote: Compressing objects:  39% (1392/3567)        
2025-07-15T22:28:04.5143816Z remote: Compressing objects:  40% (1427/3567)        
2025-07-15T22:28:04.5145824Z remote: Compressing objects:  41% (1463/3567)        
2025-07-15T22:28:04.5147970Z remote: Compressing objects:  42% (1499/3567)        
2025-07-15T22:28:04.5149990Z remote: Compressing objects:  43% (1534/3567)        
2025-07-15T22:28:04.5151988Z remote: Compressing objects:  44% (1570/3567)        
2025-07-15T22:28:04.5153856Z remote: Compressing objects:  45% (1606/3567)        
2025-07-15T22:28:04.5155715Z remote: Compressing objects:  46% (1641/3567)        
2025-07-15T22:28:04.5157923Z remote: Compressing objects:  47% (1677/3567)        
2025-07-15T22:28:04.5159878Z remote: Compressing objects:  48% (1713/3567)        
2025-07-15T22:28:04.5161674Z remote: Compressing objects:  49% (1748/3567)        
2025-07-15T22:28:04.5163544Z remote: Compressing objects:  50% (1784/3567)        
2025-07-15T22:28:04.5165285Z remote: Compressing objects:  51% (1820/3567)        
2025-07-15T22:28:04.5167281Z remote: Compressing objects:  52% (1855/3567)        
2025-07-15T22:28:04.5169170Z remote: Compressing objects:  53% (1891/3567)        
2025-07-15T22:28:04.5171102Z remote: Compressing objects:  54% (1927/3567)        
2025-07-15T22:28:04.5173479Z remote: Compressing objects:  55% (1962/3567)        
2025-07-15T22:28:04.5175581Z remote: Compressing objects:  56% (1998/3567)        
2025-07-15T22:28:04.5177797Z remote: Compressing objects:  57% (2034/3567)        
2025-07-15T22:28:04.5179742Z remote: Compressing objects:  58% (2069/3567)        
2025-07-15T22:28:04.5181769Z remote: Compressing objects:  59% (2105/3567)        
2025-07-15T22:28:04.5183741Z remote: Compressing objects:  60% (2141/3567)        
2025-07-15T22:28:04.5186242Z remote: Compressing objects:  61% (2176/3567)        
2025-07-15T22:28:04.5188507Z remote: Compressing objects:  62% (2212/3567)        
2025-07-15T22:28:04.5190435Z remote: Compressing objects:  63% (2248/3567)        
2025-07-15T22:28:04.5192709Z remote: Compressing objects:  64% (2283/3567)        
2025-07-15T22:28:04.5194662Z remote: Compressing objects:  65% (2319/3567)        
2025-07-15T22:28:04.5196777Z remote: Compressing objects:  66% (2355/3567)        
2025-07-15T22:28:04.5198704Z remote: Compressing objects:  67% (2390/3567)        
2025-07-15T22:28:04.5200623Z remote: Compressing objects:  68% (2426/3567)        
2025-07-15T22:28:04.5202603Z remote: Compressing objects:  69% (2462/3567)        
2025-07-15T22:28:04.5204614Z remote: Compressing objects:  70% (2497/3567)        
2025-07-15T22:28:04.5206754Z remote: Compressing objects:  71% (2533/3567)        
2025-07-15T22:28:04.5208687Z remote: Compressing objects:  72% (2569/3567)        
2025-07-15T22:28:04.5210646Z remote: Compressing objects:  73% (2604/3567)        
2025-07-15T22:28:04.5212616Z remote: Compressing objects:  74% (2640/3567)        
2025-07-15T22:28:04.5214614Z remote: Compressing objects:  75% (2676/3567)        
2025-07-15T22:28:04.5216835Z remote: Compressing objects:  76% (2711/3567)        
2025-07-15T22:28:04.5218883Z remote: Compressing objects:  77% (2747/3567)        
2025-07-15T22:28:04.5220852Z remote: Compressing objects:  78% (2783/3567)        
2025-07-15T22:28:04.5222828Z remote: Compressing objects:  79% (2818/3567)        
2025-07-15T22:28:04.5224767Z remote: Compressing objects:  80% (2854/3567)        
2025-07-15T22:28:04.5226841Z remote: Compressing objects:  81% (2890/3567)        
2025-07-15T22:28:04.5228778Z remote: Compressing objects:  82% (2925/3567)        
2025-07-15T22:28:04.5230678Z remote: Compressing objects:  83% (2961/3567)        
2025-07-15T22:28:04.5232614Z remote: Compressing objects:  84% (2997/3567)        
2025-07-15T22:28:04.5234525Z remote: Compressing objects:  85% (3032/3567)        
2025-07-15T22:28:04.5236625Z remote: Compressing objects:  86% (3068/3567)        
2025-07-15T22:28:04.5238592Z remote: Compressing objects:  87% (3104/3567)        
2025-07-15T22:28:04.5240511Z remote: Compressing objects:  88% (3139/3567)        
2025-07-15T22:28:04.5242643Z remote: Compressing objects:  89% (3175/3567)        
2025-07-15T22:28:04.5244651Z remote: Compressing objects:  90% (3211/3567)        
2025-07-15T22:28:04.5246847Z remote: Compressing objects:  91% (3246/3567)        
2025-07-15T22:28:04.5248817Z remote: Compressing objects:  92% (3282/3567)        
2025-07-15T22:28:04.5250889Z remote: Compressing objects:  93% (3318/3567)        
2025-07-15T22:28:04.5252948Z remote: Compressing objects:  94% (3353/3567)        
2025-07-15T22:28:04.5254974Z remote: Compressing objects:  95% (3389/3567)        
2025-07-15T22:28:04.5257466Z remote: Compressing objects:  96% (3425/3567)        
2025-07-15T22:28:04.5259511Z remote: Compressing objects:  97% (3460/3567)        
2025-07-15T22:28:04.5261514Z remote: Compressing objects:  98% (3496/3567)        
2025-07-15T22:28:04.5263533Z remote: Compressing objects:  99% (3532/3567)        
2025-07-15T22:28:04.5265545Z remote: Compressing objects: 100% (3567/3567)        
2025-07-15T22:28:04.5267905Z remote: Compressing objects: 100% (3567/3567), done.        
2025-07-15T22:28:04.5269896Z Receiving objects:   0% (1/4182)
2025-07-15T22:28:04.5340918Z Receiving objects:   1% (42/4182)
2025-07-15T22:28:04.5362768Z Receiving objects:   2% (84/4182)
2025-07-15T22:28:04.5675971Z Receiving objects:   3% (126/4182)
2025-07-15T22:28:04.5730597Z Receiving objects:   4% (168/4182)
2025-07-15T22:28:04.5837542Z Receiving objects:   5% (210/4182)
2025-07-15T22:28:04.5858848Z Receiving objects:   6% (251/4182)
2025-07-15T22:28:04.6016992Z Receiving objects:   7% (293/4182)
2025-07-15T22:28:04.6034864Z Receiving objects:   8% (335/4182)
2025-07-15T22:28:04.6166980Z Receiving objects:   9% (377/4182)
2025-07-15T22:28:04.6242186Z Receiving objects:  10% (419/4182)
2025-07-15T22:28:04.6307639Z Receiving objects:  11% (461/4182)
2025-07-15T22:28:04.6347321Z Receiving objects:  12% (502/4182)
2025-07-15T22:28:04.6403876Z Receiving objects:  13% (544/4182)
2025-07-15T22:28:04.6411339Z Receiving objects:  14% (586/4182)
2025-07-15T22:28:04.6429927Z Receiving objects:  15% (628/4182)
2025-07-15T22:28:04.6442596Z Receiving objects:  16% (670/4182)
2025-07-15T22:28:04.6487892Z Receiving objects:  17% (711/4182)
2025-07-15T22:28:04.6519084Z Receiving objects:  18% (753/4182)
2025-07-15T22:28:04.6588263Z Receiving objects:  19% (795/4182)
2025-07-15T22:28:04.6650441Z Receiving objects:  20% (837/4182)
2025-07-15T22:28:04.6726280Z Receiving objects:  21% (879/4182)
2025-07-15T22:28:04.6800672Z Receiving objects:  22% (921/4182)
2025-07-15T22:28:04.6997866Z Receiving objects:  23% (962/4182)
2025-07-15T22:28:04.7043920Z Receiving objects:  24% (1004/4182)
2025-07-15T22:28:04.7060107Z Receiving objects:  25% (1046/4182)
2025-07-15T22:28:04.7076126Z Receiving objects:  26% (1088/4182)
2025-07-15T22:28:04.7090477Z Receiving objects:  27% (1130/4182)
2025-07-15T22:28:04.7104202Z Receiving objects:  28% (1171/4182)
2025-07-15T22:28:04.7146529Z Receiving objects:  29% (1213/4182)
2025-07-15T22:28:04.7179923Z Receiving objects:  30% (1255/4182)
2025-07-15T22:28:04.7213249Z Receiving objects:  31% (1297/4182)
2025-07-15T22:28:04.7245574Z Receiving objects:  32% (1339/4182)
2025-07-15T22:28:04.7271273Z Receiving objects:  33% (1381/4182)
2025-07-15T22:28:04.7306062Z Receiving objects:  34% (1422/4182)
2025-07-15T22:28:04.7332223Z Receiving objects:  35% (1464/4182)
2025-07-15T22:28:04.7356208Z Receiving objects:  36% (1506/4182)
2025-07-15T22:28:04.7401540Z Receiving objects:  37% (1548/4182)
2025-07-15T22:28:04.7424268Z Receiving objects:  38% (1590/4182)
2025-07-15T22:28:04.7469267Z Receiving objects:  39% (1631/4182)
2025-07-15T22:28:04.7490602Z Receiving objects:  40% (1673/4182)
2025-07-15T22:28:04.7543107Z Receiving objects:  41% (1715/4182)
2025-07-15T22:28:04.7579695Z Receiving objects:  42% (1757/4182)
2025-07-15T22:28:04.7625835Z Receiving objects:  43% (1799/4182)
2025-07-15T22:28:04.7705196Z Receiving objects:  44% (1841/4182)
2025-07-15T22:28:04.7758509Z Receiving objects:  45% (1882/4182)
2025-07-15T22:28:04.7790821Z Receiving objects:  46% (1924/4182)
2025-07-15T22:28:04.7826704Z Receiving objects:  47% (1966/4182)
2025-07-15T22:28:04.7906630Z Receiving objects:  48% (2008/4182)
2025-07-15T22:28:04.7954112Z Receiving objects:  49% (2050/4182)
2025-07-15T22:28:04.7986750Z Receiving objects:  50% (2091/4182)
2025-07-15T22:28:04.8028839Z Receiving objects:  51% (2133/4182)
2025-07-15T22:28:04.8185158Z Receiving objects:  52% (2175/4182)
2025-07-15T22:28:04.8232090Z Receiving objects:  53% (2217/4182)
2025-07-15T22:28:04.8258160Z Receiving objects:  54% (2259/4182)
2025-07-15T22:28:04.8293971Z Receiving objects:  55% (2301/4182)
2025-07-15T22:28:04.8323737Z Receiving objects:  56% (2342/4182)
2025-07-15T22:28:04.8372775Z Receiving objects:  57% (2384/4182)
2025-07-15T22:28:04.8398030Z Receiving objects:  58% (2426/4182)
2025-07-15T22:28:04.8422402Z Receiving objects:  59% (2468/4182)
2025-07-15T22:28:04.8441032Z Receiving objects:  60% (2510/4182)
2025-07-15T22:28:04.8504336Z Receiving objects:  61% (2552/4182)
2025-07-15T22:28:04.8546754Z Receiving objects:  62% (2593/4182)
2025-07-15T22:28:04.8590765Z Receiving objects:  63% (2635/4182)
2025-07-15T22:28:04.8665265Z Receiving objects:  64% (2677/4182)
2025-07-15T22:28:04.8712550Z Receiving objects:  65% (2719/4182)
2025-07-15T22:28:04.8763700Z Receiving objects:  66% (2761/4182)
2025-07-15T22:28:04.8827824Z Receiving objects:  67% (2802/4182)
2025-07-15T22:28:04.8881506Z Receiving objects:  68% (2844/4182)
2025-07-15T22:28:04.8918489Z Receiving objects:  69% (2886/4182)
2025-07-15T22:28:04.8979667Z Receiving objects:  70% (2928/4182)
2025-07-15T22:28:04.9026841Z Receiving objects:  71% (2970/4182)
2025-07-15T22:28:04.9061651Z Receiving objects:  72% (3012/4182)
2025-07-15T22:28:04.9083640Z Receiving objects:  73% (3053/4182)
2025-07-15T22:28:04.9099274Z Receiving objects:  74% (3095/4182)
2025-07-15T22:28:04.9111519Z Receiving objects:  75% (3137/4182)
2025-07-15T22:28:04.9135456Z Receiving objects:  76% (3179/4182)
2025-07-15T22:28:04.9188741Z Receiving objects:  77% (3221/4182)
2025-07-15T22:28:04.9299292Z Receiving objects:  78% (3262/4182)
2025-07-15T22:28:04.9342754Z Receiving objects:  79% (3304/4182)
2025-07-15T22:28:04.9402796Z Receiving objects:  80% (3346/4182)
2025-07-15T22:28:04.9425629Z Receiving objects:  81% (3388/4182)
2025-07-15T22:28:04.9449893Z Receiving objects:  82% (3430/4182)
2025-07-15T22:28:04.9455894Z Receiving objects:  83% (3472/4182)
2025-07-15T22:28:04.9463616Z Receiving objects:  84% (3513/4182)
2025-07-15T22:28:04.9471608Z Receiving objects:  85% (3555/4182)
2025-07-15T22:28:04.9477345Z Receiving objects:  86% (3597/4182)
2025-07-15T22:28:04.9483617Z Receiving objects:  87% (3639/4182)
2025-07-15T22:28:04.9490824Z Receiving objects:  88% (3681/4182)
2025-07-15T22:28:04.9494359Z Receiving objects:  89% (3722/4182)
2025-07-15T22:28:04.9500792Z Receiving objects:  90% (3764/4182)
2025-07-15T22:28:04.9519661Z Receiving objects:  91% (3806/4182)
2025-07-15T22:28:04.9528379Z Receiving objects:  92% (3848/4182)
2025-07-15T22:28:04.9552902Z Receiving objects:  93% (3890/4182)
2025-07-15T22:28:04.9556541Z Receiving objects:  94% (3932/4182)
2025-07-15T22:28:04.9599286Z Receiving objects:  95% (3973/4182)
2025-07-15T22:28:04.9621914Z Receiving objects:  96% (4015/4182)
2025-07-15T22:28:04.9695186Z Receiving objects:  97% (4057/4182)
2025-07-15T22:28:04.9731587Z Receiving objects:  98% (4099/4182)
2025-07-15T22:28:04.9771218Z Receiving objects:  99% (4141/4182)
2025-07-15T22:28:04.9773745Z remote: Total 4182 (delta 578), reused 4158 (delta 570), pack-reused 0 (from 0)        
2025-07-15T22:28:04.9790600Z Receiving objects: 100% (4182/4182)
2025-07-15T22:28:04.9792818Z Receiving objects: 100% (4182/4182), 14.19 MiB | 30.03 MiB/s, done.
2025-07-15T22:28:04.9795113Z Resolving deltas:   0% (0/578)
2025-07-15T22:28:04.9798195Z Resolving deltas:   1% (6/578)
2025-07-15T22:28:04.9799749Z Resolving deltas:   2% (12/578)
2025-07-15T22:28:04.9805031Z Resolving deltas:   3% (18/578)
2025-07-15T22:28:04.9807105Z Resolving deltas:   4% (24/578)
2025-07-15T22:28:04.9808688Z Resolving deltas:   5% (30/578)
2025-07-15T22:28:04.9810531Z Resolving deltas:   6% (35/578)
2025-07-15T22:28:04.9812223Z Resolving deltas:   7% (41/578)
2025-07-15T22:28:04.9814769Z Resolving deltas:   8% (47/578)
2025-07-15T22:28:04.9816258Z Resolving deltas:   9% (53/578)
2025-07-15T22:28:04.9817922Z Resolving deltas:  10% (58/578)
2025-07-15T22:28:04.9844841Z Resolving deltas:  11% (64/578)
2025-07-15T22:28:04.9846557Z Resolving deltas:  12% (70/578)
2025-07-15T22:28:04.9927884Z Resolving deltas:  13% (76/578)
2025-07-15T22:28:04.9933627Z Resolving deltas:  14% (81/578)
2025-07-15T22:28:04.9935651Z Resolving deltas:  15% (87/578)
2025-07-15T22:28:04.9937677Z Resolving deltas:  16% (93/578)
2025-07-15T22:28:04.9941759Z Resolving deltas:  17% (99/578)
2025-07-15T22:28:04.9943469Z Resolving deltas:  18% (105/578)
2025-07-15T22:28:04.9945119Z Resolving deltas:  19% (110/578)
2025-07-15T22:28:04.9951578Z Resolving deltas:  20% (116/578)
2025-07-15T22:28:04.9953156Z Resolving deltas:  21% (122/578)
2025-07-15T22:28:04.9954717Z Resolving deltas:  22% (128/578)
2025-07-15T22:28:05.0041190Z Resolving deltas:  23% (133/578)
2025-07-15T22:28:05.0043226Z Resolving deltas:  24% (140/578)
2025-07-15T22:28:05.0066822Z Resolving deltas:  25% (145/578)
2025-07-15T22:28:05.0068455Z Resolving deltas:  26% (151/578)
2025-07-15T22:28:05.0070030Z Resolving deltas:  27% (157/578)
2025-07-15T22:28:05.0077459Z Resolving deltas:  28% (162/578)
2025-07-15T22:28:05.0079061Z Resolving deltas:  29% (168/578)
2025-07-15T22:28:05.0080612Z Resolving deltas:  30% (174/578)
2025-07-15T22:28:05.0082225Z Resolving deltas:  31% (180/578)
2025-07-15T22:28:05.0086944Z Resolving deltas:  32% (185/578)
2025-07-15T22:28:05.0088633Z Resolving deltas:  33% (191/578)
2025-07-15T22:28:05.0090189Z Resolving deltas:  34% (197/578)
2025-07-15T22:28:05.0091723Z Resolving deltas:  35% (203/578)
2025-07-15T22:28:05.0093324Z Resolving deltas:  36% (209/578)
2025-07-15T22:28:05.0094885Z Resolving deltas:  37% (214/578)
2025-07-15T22:28:05.0096576Z Resolving deltas:  38% (220/578)
2025-07-15T22:28:05.0098464Z Resolving deltas:  39% (226/578)
2025-07-15T22:28:05.0100029Z Resolving deltas:  40% (232/578)
2025-07-15T22:28:05.0115400Z Resolving deltas:  41% (237/578)
2025-07-15T22:28:05.0134068Z Resolving deltas:  42% (243/578)
2025-07-15T22:28:05.0135975Z Resolving deltas:  43% (249/578)
2025-07-15T22:28:05.0148058Z Resolving deltas:  44% (256/578)
2025-07-15T22:28:05.0157942Z Resolving deltas:  45% (261/578)
2025-07-15T22:28:05.0170979Z Resolving deltas:  46% (267/578)
2025-07-15T22:28:05.0172521Z Resolving deltas:  47% (272/578)
2025-07-15T22:28:05.0197889Z Resolving deltas:  48% (278/578)
2025-07-15T22:28:05.0223984Z Resolving deltas:  49% (284/578)
2025-07-15T22:28:05.0241122Z Resolving deltas:  50% (289/578)
2025-07-15T22:28:05.0250917Z Resolving deltas:  51% (295/578)
2025-07-15T22:28:05.0260919Z Resolving deltas:  52% (301/578)
2025-07-15T22:28:05.0278024Z Resolving deltas:  53% (307/578)
2025-07-15T22:28:05.0297094Z Resolving deltas:  54% (313/578)
2025-07-15T22:28:05.0298794Z Resolving deltas:  55% (318/578)
2025-07-15T22:28:05.0327289Z Resolving deltas:  56% (324/578)
2025-07-15T22:28:05.0330385Z Resolving deltas:  57% (330/578)
2025-07-15T22:28:05.0354628Z Resolving deltas:  58% (336/578)
2025-07-15T22:28:05.0356160Z Resolving deltas:  59% (342/578)
2025-07-15T22:28:05.0362238Z Resolving deltas:  60% (347/578)
2025-07-15T22:28:05.0369443Z Resolving deltas:  61% (353/578)
2025-07-15T22:28:05.0373335Z Resolving deltas:  62% (359/578)
2025-07-15T22:28:05.0386793Z Resolving deltas:  63% (365/578)
2025-07-15T22:28:05.0393698Z Resolving deltas:  64% (370/578)
2025-07-15T22:28:05.0396768Z Resolving deltas:  65% (376/578)
2025-07-15T22:28:05.0410068Z Resolving deltas:  66% (382/578)
2025-07-15T22:28:05.0419109Z Resolving deltas:  67% (389/578)
2025-07-15T22:28:05.0422065Z Resolving deltas:  68% (394/578)
2025-07-15T22:28:05.0427902Z Resolving deltas:  69% (399/578)
2025-07-15T22:28:05.0431201Z Resolving deltas:  70% (405/578)
2025-07-15T22:28:05.0433956Z Resolving deltas:  71% (411/578)
2025-07-15T22:28:05.0439317Z Resolving deltas:  72% (417/578)
2025-07-15T22:28:05.0447786Z Resolving deltas:  73% (422/578)
2025-07-15T22:28:05.0454499Z Resolving deltas:  74% (428/578)
2025-07-15T22:28:05.0461153Z Resolving deltas:  75% (434/578)
2025-07-15T22:28:05.0475259Z Resolving deltas:  76% (440/578)
2025-07-15T22:28:05.0485203Z Resolving deltas:  77% (446/578)
2025-07-15T22:28:05.0489351Z Resolving deltas:  78% (451/578)
2025-07-15T22:28:05.0497967Z Resolving deltas:  79% (457/578)
2025-07-15T22:28:05.0518070Z Resolving deltas:  80% (463/578)
2025-07-15T22:28:05.0519626Z Resolving deltas:  81% (469/578)
2025-07-15T22:28:05.0521592Z Resolving deltas:  82% (474/578)
2025-07-15T22:28:05.0523146Z Resolving deltas:  83% (480/578)
2025-07-15T22:28:05.0539182Z Resolving deltas:  84% (486/578)
2025-07-15T22:28:05.0556847Z Resolving deltas:  85% (492/578)
2025-07-15T22:28:05.0560252Z Resolving deltas:  86% (498/578)
2025-07-15T22:28:05.0578628Z Resolving deltas:  87% (503/578)
2025-07-15T22:28:05.0589448Z Resolving deltas:  88% (510/578)
2025-07-15T22:28:05.0604293Z Resolving deltas:  89% (515/578)
2025-07-15T22:28:05.0605929Z Resolving deltas:  90% (521/578)
2025-07-15T22:28:05.0616631Z Resolving deltas:  91% (526/578)
2025-07-15T22:28:05.0618362Z Resolving deltas:  92% (533/578)
2025-07-15T22:28:05.0619934Z Resolving deltas:  93% (540/578)
2025-07-15T22:28:05.0623764Z Resolving deltas:  94% (544/578)
2025-07-15T22:28:05.0640881Z Resolving deltas:  95% (550/578)
2025-07-15T22:28:05.0643849Z Resolving deltas:  96% (555/578)
2025-07-15T22:28:05.0645028Z Resolving deltas:  97% (561/578)
2025-07-15T22:28:05.0646094Z Resolving deltas:  98% (567/578)
2025-07-15T22:28:05.0647314Z Resolving deltas:  99% (573/578)
2025-07-15T22:28:05.0648276Z Resolving deltas: 100% (578/578)
2025-07-15T22:28:05.0649250Z Resolving deltas: 100% (578/578), done.
2025-07-15T22:28:05.1583944Z From https://github.com/Dinesh-4/Devops
2025-07-15T22:28:05.1585575Z  * [new ref]         16183e161f117216a01b8499ac4360f2bb4e9d5a -> origin/main
2025-07-15T22:28:05.1615226Z ##[endgroup]
2025-07-15T22:28:05.1617745Z ##[group]Determining the checkout info
2025-07-15T22:28:05.1620258Z ##[endgroup]
2025-07-15T22:28:05.1622318Z ##[group]Checking out the ref
2025-07-15T22:28:05.1624678Z [command]/usr/bin/git checkout --progress --force -B main refs/remotes/origin/main
2025-07-15T22:28:05.5178630Z Switched to a new branch 'main'
2025-07-15T22:28:05.5183410Z branch 'main' set up to track 'origin/main'.
2025-07-15T22:28:05.5202830Z ##[endgroup]
2025-07-15T22:28:05.5243513Z [command]/usr/bin/git log -1 --format='%H'
2025-07-15T22:28:05.5268402Z '16183e161f117216a01b8499ac4360f2bb4e9d5a'
2025-07-15T22:28:05.5555843Z ##[group]Run actions/setup-python@v4
2025-07-15T22:28:05.5557050Z with:
2025-07-15T22:28:05.5557777Z   python-version: 3.10
2025-07-15T22:28:05.5558593Z   check-latest: false
2025-07-15T22:28:05.5559666Z   token: ***
2025-07-15T22:28:05.5560421Z   update-environment: true
2025-07-15T22:28:05.5561318Z   allow-prereleases: false
2025-07-15T22:28:05.5562200Z ##[endgroup]
2025-07-15T22:28:05.7286567Z ##[group]Installed versions
2025-07-15T22:28:05.7404084Z Successfully set up CPython (3.10.18)
2025-07-15T22:28:05.7406658Z ##[endgroup]
2025-07-15T22:28:05.7557698Z ##[group]Run python -m pip install --upgrade pip
2025-07-15T22:28:05.7559056Z [36;1mpython -m pip install --upgrade pip[0m
2025-07-15T22:28:05.7560196Z [36;1mpip install -r requirements.txt[0m
2025-07-15T22:28:05.7728173Z shell: /usr/bin/bash -e {0}
2025-07-15T22:28:05.7729089Z env:
2025-07-15T22:28:05.7730034Z   pythonLocation: /opt/hostedtoolcache/Python/3.10.18/x64
2025-07-15T22:28:05.7731569Z   PKG_CONFIG_PATH: /opt/hostedtoolcache/Python/3.10.18/x64/lib/pkgconfig
2025-07-15T22:28:05.7733096Z   Python_ROOT_DIR: /opt/hostedtoolcache/Python/3.10.18/x64
2025-07-15T22:28:05.7734476Z   Python2_ROOT_DIR: /opt/hostedtoolcache/Python/3.10.18/x64
2025-07-15T22:28:05.7735855Z   Python3_ROOT_DIR: /opt/hostedtoolcache/Python/3.10.18/x64
2025-07-15T22:28:05.7737428Z   LD_LIBRARY_PATH: /opt/hostedtoolcache/Python/3.10.18/x64/lib
2025-07-15T22:28:05.7738620Z ##[endgroup]
2025-07-15T22:28:08.7511949Z Requirement already satisfied: pip in /opt/hostedtoolcache/Python/3.10.18/x64/lib/python3.10/site-packages (25.1.1)
2025-07-15T22:28:09.4226546Z Collecting Flask==3.1.0 (from -r requirements.txt (line 1))
2025-07-15T22:28:09.4585285Z   Downloading flask-3.1.0-py3-none-any.whl.metadata (2.7 kB)
2025-07-15T22:28:09.4759923Z Collecting Flask-PyMongo==3.0.1 (from -r requirements.txt (line 2))
2025-07-15T22:28:09.4815489Z   Downloading flask_pymongo-3.0.1-py3-none-any.whl.metadata (3.5 kB)
2025-07-15T22:28:09.5365643Z Collecting pytest==8.2.1 (from -r requirements.txt (line 3))
2025-07-15T22:28:09.5414427Z   Downloading pytest-8.2.1-py3-none-any.whl.metadata (7.6 kB)
2025-07-15T22:28:09.5568602Z Collecting blinker==1.9.0 (from -r requirements.txt (line 4))
2025-07-15T22:28:09.5607381Z   Downloading blinker-1.9.0-py3-none-any.whl.metadata (1.6 kB)
2025-07-15T22:28:09.5827428Z Collecting certifi==2025.7.14 (from -r requirements.txt (line 5))
2025-07-15T22:28:09.5866802Z   Downloading certifi-2025.7.14-py3-none-any.whl.metadata (2.4 kB)
2025-07-15T22:28:09.6828148Z Collecting charset-normalizer==3.4.2 (from -r requirements.txt (line 6))
2025-07-15T22:28:09.6888314Z   Downloading charset_normalizer-3.4.2-cp310-cp310-manylinux_2_17_x86_64.manylinux2014_x86_64.whl.metadata (35 kB)
2025-07-15T22:28:09.7130660Z Collecting click==8.2.1 (from -r requirements.txt (line 7))
2025-07-15T22:28:09.7190826Z   Downloading click-8.2.1-py3-none-any.whl.metadata (2.5 kB)
2025-07-15T22:28:09.7372347Z Collecting dnspython==2.7.0 (from -r requirements.txt (line 8))
2025-07-15T22:28:09.7409977Z   Downloading dnspython-2.7.0-py3-none-any.whl.metadata (5.8 kB)
2025-07-15T22:28:09.7604023Z Collecting idna==3.10 (from -r requirements.txt (line 9))
2025-07-15T22:28:09.7641878Z   Downloading idna-3.10-py3-none-any.whl.metadata (10 kB)
2025-07-15T22:28:09.7818464Z Collecting itsdangerous==2.2.0 (from -r requirements.txt (line 10))
2025-07-15T22:28:09.7861922Z   Downloading itsdangerous-2.2.0-py3-none-any.whl.metadata (1.9 kB)
2025-07-15T22:28:09.8034788Z Collecting Jinja2==3.1.6 (from -r requirements.txt (line 11))
2025-07-15T22:28:09.8071541Z   Downloading jinja2-3.1.6-py3-none-any.whl.metadata (2.9 kB)
2025-07-15T22:28:09.8701571Z Collecting MarkupSafe==3.0.2 (from -r requirements.txt (line 12))
2025-07-15T22:28:09.8746985Z   Downloading MarkupSafe-3.0.2-cp310-cp310-manylinux_2_17_x86_64.manylinux2014_x86_64.whl.metadata (4.0 kB)
2025-07-15T22:28:09.8920711Z Collecting paho-mqtt==2.1.0 (from -r requirements.txt (line 13))
2025-07-15T22:28:09.8959462Z   Downloading paho_mqtt-2.1.0-py3-none-any.whl.metadata (23 kB)
2025-07-15T22:28:10.2436687Z Collecting pymongo==4.13.2 (from -r requirements.txt (line 14))
2025-07-15T22:28:10.2478795Z   Downloading pymongo-4.13.2-cp310-cp310-manylinux_2_17_x86_64.manylinux2014_x86_64.whl.metadata (22 kB)
2025-07-15T22:28:10.2730725Z Collecting python-dotenv==1.1.1 (from -r requirements.txt (line 15))
2025-07-15T22:28:10.2780718Z   Downloading python_dotenv-1.1.1-py3-none-any.whl.metadata (24 kB)
2025-07-15T22:28:10.3176743Z Collecting requests==2.32.4 (from -r requirements.txt (line 16))
2025-07-15T22:28:10.3220768Z   Downloading requests-2.32.4-py3-none-any.whl.metadata (4.9 kB)
2025-07-15T22:28:10.3500130Z Collecting urllib3==2.5.0 (from -r requirements.txt (line 17))
2025-07-15T22:28:10.3544715Z   Downloading urllib3-2.5.0-py3-none-any.whl.metadata (6.5 kB)
2025-07-15T22:28:10.3810743Z Collecting Werkzeug==3.1.3 (from -r requirements.txt (line 18))
2025-07-15T22:28:10.3852432Z   Downloading werkzeug-3.1.3-py3-none-any.whl.metadata (3.7 kB)
2025-07-15T22:28:10.4196979Z Collecting autodevops-cli==0.1.1 (from -r requirements.txt (line 19))
2025-07-15T22:28:10.4251798Z   Downloading autodevops_cli-0.1.1-py3-none-any.whl.metadata (494 bytes)
2025-07-15T22:28:10.4372472Z Collecting iniconfig==2.1.0 (from -r requirements.txt (line 20))
2025-07-15T22:28:10.4410228Z   Downloading iniconfig-2.1.0-py3-none-any.whl.metadata (2.7 kB)
2025-07-15T22:28:10.4546283Z Collecting loguru==0.7.3 (from -r requirements.txt (line 21))
2025-07-15T22:28:10.4582608Z   Downloading loguru-0.7.3-py3-none-any.whl.metadata (22 kB)
2025-07-15T22:28:10.4850561Z Collecting markdown-it-py==3.0.0 (from -r requirements.txt (line 22))
2025-07-15T22:28:10.4892116Z   Downloading markdown_it_py-3.0.0-py3-none-any.whl.metadata (6.9 kB)
2025-07-15T22:28:10.5075384Z Collecting mdurl==0.1.2 (from -r requirements.txt (line 23))
2025-07-15T22:28:10.5131824Z   Downloading mdurl-0.1.2-py3-none-any.whl.metadata (1.6 kB)
2025-07-15T22:28:10.5341186Z Collecting mongomock==4.3.0 (from -r requirements.txt (line 24))
2025-07-15T22:28:10.5609796Z   Downloading mongomock-4.3.0-py2.py3-none-any.whl.metadata (12 kB)
2025-07-15T22:28:10.5812898Z Collecting packaging==25.0 (from -r requirements.txt (line 25))
2025-07-15T22:28:10.5860975Z   Downloading packaging-25.0-py3-none-any.whl.metadata (3.3 kB)
2025-07-15T22:28:10.6025321Z Collecting pluggy==1.6.0 (from -r requirements.txt (line 26))
2025-07-15T22:28:10.6071436Z   Downloading pluggy-1.6.0-py3-none-any.whl.metadata (4.8 kB)
2025-07-15T22:28:10.6371582Z Collecting Pygments==2.19.2 (from -r requirements.txt (line 27))
2025-07-15T22:28:10.6414333Z   Downloading pygments-2.19.2-py3-none-any.whl.metadata (2.5 kB)
2025-07-15T22:28:10.7931902Z Collecting pytz==2025.2 (from -r requirements.txt (line 28))
2025-07-15T22:28:10.7983989Z   Downloading pytz-2025.2-py2.py3-none-any.whl.metadata (22 kB)
2025-07-15T22:28:10.8427450Z Collecting rich==14.0.0 (from -r requirements.txt (line 29))
2025-07-15T22:28:10.8469857Z   Downloading rich-14.0.0-py3-none-any.whl.metadata (18 kB)
2025-07-15T22:28:10.8639540Z Collecting sentinels==1.0.0 (from -r requirements.txt (line 30))
2025-07-15T22:28:10.8678976Z   Downloading sentinels-1.0.0.tar.gz (4.1 kB)
2025-07-15T22:28:10.8821373Z   Installing build dependencies: started
2025-07-15T22:28:11.7450223Z   Installing build dependencies: finished with status 'done'
2025-07-15T22:28:11.7458297Z   Getting requirements to build wheel: started
2025-07-15T22:28:12.1230760Z   Getting requirements to build wheel: finished with status 'done'
2025-07-15T22:28:12.1240418Z   Preparing metadata (pyproject.toml): started
2025-07-15T22:28:12.3174535Z   Preparing metadata (pyproject.toml): finished with status 'done'
2025-07-15T22:28:12.3353034Z Collecting sh==2.2.2 (from -r requirements.txt (line 31))
2025-07-15T22:28:12.3409858Z   Downloading sh-2.2.2-py3-none-any.whl.metadata (3.7 kB)
2025-07-15T22:28:12.3854920Z Collecting exceptiongroup>=1.0.0rc8 (from pytest==8.2.1->-r requirements.txt (line 3))
2025-07-15T22:28:12.3916355Z   Downloading exceptiongroup-1.3.0-py3-none-any.whl.metadata (6.7 kB)
2025-07-15T22:28:12.4105762Z Collecting tomli>=1 (from pytest==8.2.1->-r requirements.txt (line 3))
2025-07-15T22:28:12.4144733Z   Downloading tomli-2.2.1-py3-none-any.whl.metadata (10 kB)
2025-07-15T22:28:12.4912752Z Collecting typing-extensions<5.0,>=4.0.0 (from rich==14.0.0->-r requirements.txt (line 29))
2025-07-15T22:28:12.4952937Z   Downloading typing_extensions-4.14.1-py3-none-any.whl.metadata (3.0 kB)
2025-07-15T22:28:12.5148290Z Downloading flask-3.1.0-py3-none-any.whl (102 kB)
2025-07-15T22:28:12.5243417Z Downloading flask_pymongo-3.0.1-py3-none-any.whl (11 kB)
2025-07-15T22:28:12.5319609Z Downloading pytest-8.2.1-py3-none-any.whl (339 kB)
2025-07-15T22:28:12.5435870Z Downloading pluggy-1.6.0-py3-none-any.whl (20 kB)
2025-07-15T22:28:12.5547033Z Downloading blinker-1.9.0-py3-none-any.whl (8.5 kB)
2025-07-15T22:28:12.5667745Z Downloading certifi-2025.7.14-py3-none-any.whl (162 kB)
2025-07-15T22:28:12.5822965Z Downloading charset_normalizer-3.4.2-cp310-cp310-manylinux_2_17_x86_64.manylinux2014_x86_64.whl (149 kB)
2025-07-15T22:28:12.5960816Z Downloading click-8.2.1-py3-none-any.whl (102 kB)
2025-07-15T22:28:12.6074558Z Downloading dnspython-2.7.0-py3-none-any.whl (313 kB)
2025-07-15T22:28:12.6155813Z Downloading idna-3.10-py3-none-any.whl (70 kB)
2025-07-15T22:28:12.6235097Z Downloading itsdangerous-2.2.0-py3-none-any.whl (16 kB)
2025-07-15T22:28:12.6307824Z Downloading jinja2-3.1.6-py3-none-any.whl (134 kB)
2025-07-15T22:28:12.6378264Z Downloading MarkupSafe-3.0.2-cp310-cp310-manylinux_2_17_x86_64.manylinux2014_x86_64.whl (20 kB)
2025-07-15T22:28:12.6469315Z Downloading paho_mqtt-2.1.0-py3-none-any.whl (67 kB)
2025-07-15T22:28:12.6533877Z Downloading pymongo-4.13.2-cp310-cp310-manylinux_2_17_x86_64.manylinux2014_x86_64.whl (1.2 MB)
2025-07-15T22:28:12.6637972Z    ━━━━━━━━━━━━━━━━━━━━━━━━━━━━━━━━━━━━━━━━ 1.2/1.2 MB 137.6 MB/s eta 0:00:00
2025-07-15T22:28:12.6679460Z Downloading python_dotenv-1.1.1-py3-none-any.whl (20 kB)
2025-07-15T22:28:12.6745245Z Downloading requests-2.32.4-py3-none-any.whl (64 kB)
2025-07-15T22:28:12.6812150Z Downloading urllib3-2.5.0-py3-none-any.whl (129 kB)
2025-07-15T22:28:12.6882933Z Downloading werkzeug-3.1.3-py3-none-any.whl (224 kB)
2025-07-15T22:28:12.6970819Z Downloading autodevops_cli-0.1.1-py3-none-any.whl (4.1 kB)
2025-07-15T22:28:12.7035096Z Downloading iniconfig-2.1.0-py3-none-any.whl (6.0 kB)
2025-07-15T22:28:12.7124375Z Downloading loguru-0.7.3-py3-none-any.whl (61 kB)
2025-07-15T22:28:12.7207523Z Downloading markdown_it_py-3.0.0-py3-none-any.whl (87 kB)
2025-07-15T22:28:12.7272420Z Downloading mdurl-0.1.2-py3-none-any.whl (10.0 kB)
2025-07-15T22:28:12.7343212Z Downloading mongomock-4.3.0-py2.py3-none-any.whl (64 kB)
2025-07-15T22:28:12.7433723Z Downloading packaging-25.0-py3-none-any.whl (66 kB)
2025-07-15T22:28:12.7502515Z Downloading pygments-2.19.2-py3-none-any.whl (1.2 MB)
2025-07-15T22:28:12.7631442Z    ━━━━━━━━━━━━━━━━━━━━━━━━━━━━━━━━━━━━━━━━ 1.2/1.2 MB 102.3 MB/s eta 0:00:00
2025-07-15T22:28:12.7678650Z Downloading pytz-2025.2-py2.py3-none-any.whl (509 kB)
2025-07-15T22:28:12.7769509Z Downloading rich-14.0.0-py3-none-any.whl (243 kB)
2025-07-15T22:28:12.7852322Z Downloading sh-2.2.2-py3-none-any.whl (38 kB)
2025-07-15T22:28:12.7919552Z Downloading typing_extensions-4.14.1-py3-none-any.whl (43 kB)
2025-07-15T22:28:12.7982462Z Downloading exceptiongroup-1.3.0-py3-none-any.whl (16 kB)
2025-07-15T22:28:12.8047212Z Downloading tomli-2.2.1-py3-none-any.whl (14 kB)
2025-07-15T22:28:12.8417416Z Building wheels for collected packages: sentinels
2025-07-15T22:28:12.8427766Z   Building wheel for sentinels (pyproject.toml): started
2025-07-15T22:28:13.0581898Z   Building wheel for sentinels (pyproject.toml): finished with status 'done'
2025-07-15T22:28:13.0589261Z   Created wheel for sentinels: filename=sentinels-1.0.0-py3-none-any.whl size=3229 sha256=5ac51bda1ef5cbc9979b35bd101acac640c0a8374b05fbdd1648eab51dab40c5
2025-07-15T22:28:13.0591340Z   Stored in directory: /home/runner/.cache/pip/wheels/26/bc/eb/67e56405e0684b3d8c011cf4d18129c41be394775fd5ba2347
2025-07-15T22:28:13.0608175Z Successfully built sentinels
2025-07-15T22:28:13.1365570Z Installing collected packages: sentinels, pytz, urllib3, typing-extensions, tomli, sh, python-dotenv, Pygments, pluggy, paho-mqtt, packaging, mdurl, MarkupSafe, loguru, itsdangerous, iniconfig, idna, dnspython, click, charset-normalizer, certifi, blinker, Werkzeug, requests, pymongo, mongomock, markdown-it-py, Jinja2, exceptiongroup, rich, pytest, Flask, Flask-PyMongo, autodevops-cli
2025-07-15T22:28:15.7722899Z 
2025-07-15T22:28:15.7786144Z Successfully installed Flask-3.1.0 Flask-PyMongo-3.0.1 Jinja2-3.1.6 MarkupSafe-3.0.2 Pygments-2.19.2 Werkzeug-3.1.3 autodevops-cli-0.1.1 blinker-1.9.0 certifi-2025.7.14 charset-normalizer-3.4.2 click-8.2.1 dnspython-2.7.0 exceptiongroup-1.3.0 idna-3.10 iniconfig-2.1.0 itsdangerous-2.2.0 loguru-0.7.3 markdown-it-py-3.0.0 mdurl-0.1.2 mongomock-4.3.0 packaging-25.0 paho-mqtt-2.1.0 pluggy-1.6.0 pymongo-4.13.2 pytest-8.2.1 python-dotenv-1.1.1 pytz-2025.2 requests-2.32.4 rich-14.0.0 sentinels-1.0.0 sh-2.2.2 tomli-2.2.1 typing-extensions-4.14.1 urllib3-2.5.0
2025-07-15T22:28:15.9721815Z ##[group]Run export PYTHONPATH=.
2025-07-15T22:28:15.9722156Z [36;1mexport PYTHONPATH=.[0m
2025-07-15T22:28:15.9722399Z [36;1mpytest test_main.py -v[0m
2025-07-15T22:28:15.9752036Z shell: /usr/bin/bash -e {0}
2025-07-15T22:28:15.9752273Z env:
2025-07-15T22:28:15.9752544Z   pythonLocation: /opt/hostedtoolcache/Python/3.10.18/x64
2025-07-15T22:28:15.9752966Z   PKG_CONFIG_PATH: /opt/hostedtoolcache/Python/3.10.18/x64/lib/pkgconfig
2025-07-15T22:28:15.9753372Z   Python_ROOT_DIR: /opt/hostedtoolcache/Python/3.10.18/x64
2025-07-15T22:28:15.9753734Z   Python2_ROOT_DIR: /opt/hostedtoolcache/Python/3.10.18/x64
2025-07-15T22:28:15.9754088Z   Python3_ROOT_DIR: /opt/hostedtoolcache/Python/3.10.18/x64
2025-07-15T22:28:15.9754433Z   LD_LIBRARY_PATH: /opt/hostedtoolcache/Python/3.10.18/x64/lib
2025-07-15T22:28:15.9754735Z ##[endgroup]
2025-07-15T22:28:16.4313944Z ============================= test session starts ==============================
2025-07-15T22:28:16.4315104Z platform linux -- Python 3.10.18, pytest-8.2.1, pluggy-1.6.0 -- /opt/hostedtoolcache/Python/3.10.18/x64/bin/python
2025-07-15T22:28:16.4315907Z cachedir: .pytest_cache
2025-07-15T22:28:16.4316315Z rootdir: /home/runner/work/Devops/Devops
2025-07-15T22:28:16.7885798Z collecting ... collected 7 items
2025-07-15T22:28:16.7886075Z 
2025-07-15T22:28:16.8043905Z test_main.py::test_home_page PASSED                                      [ 14%]
2025-07-15T22:28:16.8235824Z test_main.py::test_admin_dashboard PASSED                                [ 28%]
2025-07-15T22:28:16.8307367Z test_main.py::test_student_dashboard PASSED                              [ 42%]
2025-07-15T22:28:16.8354690Z test_main.py::test_generate_attendance_no_input PASSED                   [ 57%]
2025-07-15T22:28:16.8400495Z test_main.py::test_student_generate_attendance_invalid PASSED            [ 71%]
2025-07-15T22:28:16.8465539Z test_main.py::test_register_user_get PASSED                              [ 85%]
2025-07-15T22:28:16.8530215Z test_main.py::test_receive_rfid_missing PASSED                           [100%]
2025-07-15T22:28:16.8530582Z 
2025-07-15T22:28:16.8530719Z ============================== 7 passed in 0.42s ===============================
2025-07-15T22:28:16.9154690Z ##[group]Run docker/login-action@v3
2025-07-15T22:28:16.9154967Z with:
2025-07-15T22:28:16.9155632Z   username: ***
2025-07-15T22:28:16.9155929Z   password: ***
2025-07-15T22:28:16.9156113Z   ecr: auto
2025-07-15T22:28:16.9156283Z   logout: true
2025-07-15T22:28:16.9156668Z env:
2025-07-15T22:28:16.9156918Z   pythonLocation: /opt/hostedtoolcache/Python/3.10.18/x64
2025-07-15T22:28:16.9157327Z   PKG_CONFIG_PATH: /opt/hostedtoolcache/Python/3.10.18/x64/lib/pkgconfig
2025-07-15T22:28:16.9157716Z   Python_ROOT_DIR: /opt/hostedtoolcache/Python/3.10.18/x64
2025-07-15T22:28:16.9158060Z   Python2_ROOT_DIR: /opt/hostedtoolcache/Python/3.10.18/x64
2025-07-15T22:28:16.9158416Z   Python3_ROOT_DIR: /opt/hostedtoolcache/Python/3.10.18/x64
2025-07-15T22:28:16.9158778Z   LD_LIBRARY_PATH: /opt/hostedtoolcache/Python/3.10.18/x64/lib
2025-07-15T22:28:16.9159074Z ##[endgroup]
2025-07-15T22:28:17.2158151Z Logging into Docker Hub...
2025-07-15T22:28:17.5354475Z Login Succeeded!
2025-07-15T22:28:17.5489629Z ##[group]Run docker build -t ***/flask-ci-cd-demo .
2025-07-15T22:28:17.5490082Z [36;1mdocker build -t ***/flask-ci-cd-demo .[0m
2025-07-15T22:28:17.5518254Z shell: /usr/bin/bash -e {0}
2025-07-15T22:28:17.5518505Z env:
2025-07-15T22:28:17.5518760Z   pythonLocation: /opt/hostedtoolcache/Python/3.10.18/x64
2025-07-15T22:28:17.5519182Z   PKG_CONFIG_PATH: /opt/hostedtoolcache/Python/3.10.18/x64/lib/pkgconfig
2025-07-15T22:28:17.5519580Z   Python_ROOT_DIR: /opt/hostedtoolcache/Python/3.10.18/x64
2025-07-15T22:28:17.5519934Z   Python2_ROOT_DIR: /opt/hostedtoolcache/Python/3.10.18/x64
2025-07-15T22:28:17.5520280Z   Python3_ROOT_DIR: /opt/hostedtoolcache/Python/3.10.18/x64
2025-07-15T22:28:17.5520629Z   LD_LIBRARY_PATH: /opt/hostedtoolcache/Python/3.10.18/x64/lib
2025-07-15T22:28:17.5520924Z ##[endgroup]
2025-07-15T22:28:18.0375768Z #0 building with "default" instance using docker driver
2025-07-15T22:28:18.0376184Z 
2025-07-15T22:28:18.0376611Z #1 [internal] load build definition from Dockerfile
2025-07-15T22:28:18.0376974Z #1 transferring dockerfile: 798B done
2025-07-15T22:28:18.0377264Z #1 DONE 0.0s
2025-07-15T22:28:18.0377399Z 
2025-07-15T22:28:18.0377583Z #2 [auth] library/python:pull token for registry-1.docker.io
2025-07-15T22:28:18.0377930Z #2 DONE 0.0s
2025-07-15T22:28:18.0378054Z 
2025-07-15T22:28:18.0378245Z #3 [internal] load metadata for docker.io/library/python:3.10-slim
2025-07-15T22:28:18.2600011Z #3 DONE 0.4s
2025-07-15T22:28:18.3791519Z 
2025-07-15T22:28:18.3792079Z #4 [internal] load .dockerignore
2025-07-15T22:28:18.3792772Z #4 transferring context: 2B done
2025-07-15T22:28:18.3793293Z #4 DONE 0.0s
2025-07-15T22:28:18.3793574Z 
2025-07-15T22:28:18.3795983Z #5 [1/6] FROM docker.io/library/python:3.10-slim@sha256:9dd6774a1276178f94b0cc1fb1f0edd980825d0ea7634847af9940b1b6273c13
2025-07-15T22:28:18.3797689Z #5 resolve docker.io/library/python:3.10-slim@sha256:9dd6774a1276178f94b0cc1fb1f0edd980825d0ea7634847af9940b1b6273c13 done
2025-07-15T22:28:18.3799534Z #5 sha256:9dd6774a1276178f94b0cc1fb1f0edd980825d0ea7634847af9940b1b6273c13 9.13kB / 9.13kB done
2025-07-15T22:28:18.3802370Z #5 sha256:c5dbd5ba857839a0aa9db765ea519c1514a40da811b4cf08c852b72fab4379d5 1.75kB / 1.75kB done
2025-07-15T22:28:18.3803672Z #5 sha256:563dffbdc42507a70677ee28b4bb678ad9074e3c9f75e3043523a38dcdf4f553 5.37kB / 5.37kB done
2025-07-15T22:28:18.3805922Z #5 sha256:3da95a905ed546f99c4564407923a681757d89651a388ec3f1f5e9bf5ed0b39d 8.39MB / 28.23MB 0.1s
2025-07-15T22:28:18.3813982Z #5 sha256:0ebcc011f0ec7a9a900f7366b104730396a59032e64f04f3867a75f25ed48280 0B / 3.51MB 0.1s
2025-07-15T22:28:18.3814992Z #5 sha256:92d63ec5cbeb1348bad42929919fd8e78f38d96e388b5509d2929d76ddafb48e 0B / 15.65MB 0.1s
2025-07-15T22:28:18.4819169Z #5 sha256:3da95a905ed546f99c4564407923a681757d89651a388ec3f1f5e9bf5ed0b39d 25.17MB / 28.23MB 0.2s
2025-07-15T22:28:18.4820316Z #5 sha256:0ebcc011f0ec7a9a900f7366b104730396a59032e64f04f3867a75f25ed48280 3.51MB / 3.51MB 0.1s done
2025-07-15T22:28:18.4821469Z #5 sha256:92d63ec5cbeb1348bad42929919fd8e78f38d96e388b5509d2929d76ddafb48e 10.49MB / 15.65MB 0.2s
2025-07-15T22:28:18.4822555Z #5 sha256:64b78282ca88b226c404cb8dfdee72b75eea52c9ac7380c0439b6e03992e483f 248B / 248B 0.2s done
2025-07-15T22:28:18.5810292Z #5 sha256:3da95a905ed546f99c4564407923a681757d89651a388ec3f1f5e9bf5ed0b39d 28.23MB / 28.23MB 0.2s done
2025-07-15T22:28:18.5820952Z #5 sha256:92d63ec5cbeb1348bad42929919fd8e78f38d96e388b5509d2929d76ddafb48e 15.65MB / 15.65MB 0.2s done
2025-07-15T22:28:18.5822045Z #5 extracting sha256:3da95a905ed546f99c4564407923a681757d89651a388ec3f1f5e9bf5ed0b39d
2025-07-15T22:28:18.9809363Z #5 ...
2025-07-15T22:28:18.9809632Z 
2025-07-15T22:28:18.9809839Z #6 [internal] load build context
2025-07-15T22:28:18.9810458Z #6 transferring context: 64.96MB 0.6s done
2025-07-15T22:28:18.9811018Z #6 DONE 0.7s
2025-07-15T22:28:18.9811213Z 
2025-07-15T22:28:18.9811842Z #5 [1/6] FROM docker.io/library/python:3.10-slim@sha256:9dd6774a1276178f94b0cc1fb1f0edd980825d0ea7634847af9940b1b6273c13
2025-07-15T22:28:19.7872974Z #5 extracting sha256:3da95a905ed546f99c4564407923a681757d89651a388ec3f1f5e9bf5ed0b39d 1.2s done
2025-07-15T22:28:19.9329193Z #5 extracting sha256:0ebcc011f0ec7a9a900f7366b104730396a59032e64f04f3867a75f25ed48280 0.1s
2025-07-15T22:28:20.0887110Z #5 extracting sha256:0ebcc011f0ec7a9a900f7366b104730396a59032e64f04f3867a75f25ed48280 0.1s done
2025-07-15T22:28:20.1649018Z #5 extracting sha256:92d63ec5cbeb1348bad42929919fd8e78f38d96e388b5509d2929d76ddafb48e
2025-07-15T22:28:20.8997311Z #5 extracting sha256:92d63ec5cbeb1348bad42929919fd8e78f38d96e388b5509d2929d76ddafb48e 0.6s done
2025-07-15T22:28:20.8998134Z #5 extracting sha256:64b78282ca88b226c404cb8dfdee72b75eea52c9ac7380c0439b6e03992e483f done
2025-07-15T22:28:20.8998610Z #5 DONE 2.6s
2025-07-15T22:28:21.0511064Z 
2025-07-15T22:28:21.0511853Z #7 [2/6] RUN apt-get update &&     apt-get install -y --no-install-recommends     build-essential     curl     nano     git     && rm -rf /var/lib/apt/lists/*
2025-07-15T22:28:21.0844652Z #7 0.184 Get:1 http://deb.debian.org/debian bookworm InRelease [151 kB]
2025-07-15T22:28:21.2040584Z #7 0.195 Get:2 http://deb.debian.org/debian bookworm-updates InRelease [55.4 kB]
2025-07-15T22:28:21.2042259Z #7 0.195 Get:3 http://deb.debian.org/debian-security bookworm-security InRelease [48.0 kB]
2025-07-15T22:28:21.2043226Z #7 0.251 Get:4 http://deb.debian.org/debian bookworm/main amd64 Packages [8793 kB]
2025-07-15T22:28:21.2044139Z #7 0.303 Get:5 http://deb.debian.org/debian bookworm-updates/main amd64 Packages [756 B]
2025-07-15T22:28:21.3996809Z #7 0.349 Get:6 http://deb.debian.org/debian-security bookworm-security/main amd64 Packages [272 kB]
2025-07-15T22:28:21.9658928Z #7 1.065 Fetched 9320 kB in 1s (10.4 MB/s)
2025-07-15T22:28:22.4000029Z #7 1.065 Reading package lists...
2025-07-15T22:28:22.8571252Z #7 1.516 Reading package lists...
2025-07-15T22:28:22.9900377Z #7 1.967 Building dependency tree...
2025-07-15T22:28:23.0951477Z #7 2.089 Reading state information...
2025-07-15T22:28:23.0952639Z #7 2.194 The following additional packages will be installed:
2025-07-15T22:28:23.0953656Z #7 2.194   binutils binutils-common binutils-x86-64-linux-gnu bzip2 cpp cpp-12 dpkg-dev
2025-07-15T22:28:23.2472750Z #7 2.195   g++ g++-12 gcc gcc-12 git-man libasan8 libatomic1 libbinutils libbrotli1
2025-07-15T22:28:23.2473666Z #7 2.195   libc-dev-bin libc6-dev libcc1-0 libcrypt-dev libctf-nobfd0 libctf0
2025-07-15T22:28:23.2474527Z #7 2.195   libcurl3-gnutls libcurl4 libdpkg-perl liberror-perl libexpat1 libgcc-12-dev
2025-07-15T22:28:23.2475380Z #7 2.195   libgdbm-compat4 libgomp1 libgprofng0 libisl23 libitm1 libjansson4
2025-07-15T22:28:23.2476211Z #7 2.195   libldap-2.5-0 liblsan0 libmpc3 libmpfr6 libnghttp2-14 libnsl-dev libperl5.36
2025-07-15T22:28:23.2477556Z #7 2.195   libpsl5 libquadmath0 librtmp1 libsasl2-2 libsasl2-modules-db libssh2-1
2025-07-15T22:28:23.2478407Z #7 2.195   libstdc++-12-dev libtirpc-dev libtsan2 libubsan1 linux-libc-dev make patch
2025-07-15T22:28:23.2479141Z #7 2.196   perl perl-modules-5.36 rpcsvc-proto xz-utils
2025-07-15T22:28:23.2479669Z #7 2.196 Suggested packages:
2025-07-15T22:28:23.2480246Z #7 2.196   binutils-doc bzip2-doc cpp-doc gcc-12-locales cpp-12-doc debian-keyring
2025-07-15T22:28:23.2481555Z #7 2.196   g++-multilib g++-12-multilib gcc-12-doc gcc-multilib manpages-dev autoconf
2025-07-15T22:28:23.2482357Z #7 2.196   automake libtool flex bison gdb gcc-doc gcc-12-multilib gettext-base
2025-07-15T22:28:23.2483172Z #7 2.196   git-daemon-run | git-daemon-sysvinit git-doc git-email git-gui gitk gitweb
2025-07-15T22:28:23.2484002Z #7 2.196   git-cvs git-mediawiki git-svn glibc-doc gnupg | sq | sqop | pgpainless-cli
2025-07-15T22:28:23.2484818Z #7 2.196   sensible-utils bzr libstdc++-12-doc make-doc hunspell ed diffutils-doc
2025-07-15T22:28:23.2485622Z #7 2.196   perl-doc libterm-readline-gnu-perl | libterm-readline-perl-perl
2025-07-15T22:28:23.2486244Z #7 2.196   libtap-harness-archive-perl
2025-07-15T22:28:23.2486894Z #7 2.196 Recommended packages:
2025-07-15T22:28:23.2487836Z #7 2.196   fakeroot gnupg | sq | sqop | pgpainless-cli libalgorithm-merge-perl less
2025-07-15T22:28:23.2488705Z #7 2.196   ssh-client manpages manpages-dev libc-devtools libfile-fcntllock-perl
2025-07-15T22:28:23.2489560Z #7 2.196   liblocale-gettext-perl libldap-common publicsuffix libsasl2-modules
2025-07-15T22:28:23.4226904Z #7 2.522 The following NEW packages will be installed:
2025-07-15T22:28:23.4227784Z #7 2.522   binutils binutils-common binutils-x86-64-linux-gnu build-essential bzip2 cpp
2025-07-15T22:28:23.5251439Z #7 2.522   cpp-12 curl dpkg-dev g++ g++-12 gcc gcc-12 git git-man libasan8 libatomic1
2025-07-15T22:28:23.5254237Z #7 2.523   libbinutils libbrotli1 libc-dev-bin libc6-dev libcc1-0 libcrypt-dev
2025-07-15T22:28:23.5255129Z #7 2.523   libctf-nobfd0 libctf0 libcurl3-gnutls libcurl4 libdpkg-perl liberror-perl
2025-07-15T22:28:23.5255993Z #7 2.523   libexpat1 libgcc-12-dev libgdbm-compat4 libgomp1 libgprofng0 libisl23
2025-07-15T22:28:23.5257058Z #7 2.523   libitm1 libjansson4 libldap-2.5-0 liblsan0 libmpc3 libmpfr6 libnghttp2-14
2025-07-15T22:28:23.5259946Z #7 2.523   libnsl-dev libperl5.36 libpsl5 libquadmath0 librtmp1 libsasl2-2
2025-07-15T22:28:23.5261350Z #7 2.523   libsasl2-modules-db libssh2-1 libstdc++-12-dev libtirpc-dev libtsan2
2025-07-15T22:28:23.5262450Z #7 2.524   libubsan1 linux-libc-dev make nano patch perl perl-modules-5.36 rpcsvc-proto
2025-07-15T22:28:23.5263178Z #7 2.524   xz-utils
2025-07-15T22:28:23.5263894Z #7 2.552 0 upgraded, 62 newly installed, 0 to remove and 0 not upgraded.
2025-07-15T22:28:23.5264689Z #7 2.552 Need to get 85.7 MB of archives.
2025-07-15T22:28:23.5265340Z #7 2.552 After this operation, 370 MB of additional disk space will be used.
2025-07-15T22:28:23.5266123Z #7 2.552 Get:1 http://deb.debian.org/debian bookworm/main amd64 perl-modules-5.36 all 5.36.0-7+deb12u2 [2815 kB]
2025-07-15T22:28:23.5267762Z #7 2.572 Get:2 http://deb.debian.org/debian bookworm/main amd64 libgdbm-compat4 amd64 1.23-3 [48.2 kB]
2025-07-15T22:28:23.5268746Z #7 2.572 Get:3 http://deb.debian.org/debian bookworm/main amd64 libperl5.36 amd64 5.36.0-7+deb12u2 [4207 kB]
2025-07-15T22:28:23.5269928Z #7 2.588 Get:4 http://deb.debian.org/debian bookworm/main amd64 perl amd64 5.36.0-7+deb12u2 [239 kB]
2025-07-15T22:28:23.5270886Z #7 2.589 Get:5 http://deb.debian.org/debian bookworm/main amd64 nano amd64 7.2-1+deb12u1 [690 kB]
2025-07-15T22:28:23.5271789Z #7 2.592 Get:6 http://deb.debian.org/debian bookworm/main amd64 bzip2 amd64 1.0.8-5+b1 [49.8 kB]
2025-07-15T22:28:23.5272683Z #7 2.592 Get:7 http://deb.debian.org/debian bookworm/main amd64 xz-utils amd64 5.4.1-1 [471 kB]
2025-07-15T22:28:23.5273569Z #7 2.594 Get:8 http://deb.debian.org/debian bookworm/main amd64 binutils-common amd64 2.40-2 [2487 kB]
2025-07-15T22:28:23.5274584Z #7 2.603 Get:9 http://deb.debian.org/debian bookworm/main amd64 libbinutils amd64 2.40-2 [572 kB]
2025-07-15T22:28:23.5275628Z #7 2.606 Get:10 http://deb.debian.org/debian bookworm/main amd64 libctf-nobfd0 amd64 2.40-2 [153 kB]
2025-07-15T22:28:23.5276693Z #7 2.607 Get:11 http://deb.debian.org/debian bookworm/main amd64 libctf0 amd64 2.40-2 [89.8 kB]
2025-07-15T22:28:23.5277636Z #7 2.607 Get:12 http://deb.debian.org/debian bookworm/main amd64 libgprofng0 amd64 2.40-2 [812 kB]
2025-07-15T22:28:23.5279072Z #7 2.611 Get:13 http://deb.debian.org/debian bookworm/main amd64 libjansson4 amd64 2.14-2 [40.8 kB]
2025-07-15T22:28:23.5280213Z #7 2.611 Get:14 http://deb.debian.org/debian bookworm/main amd64 binutils-x86-64-linux-gnu amd64 2.40-2 [2246 kB]
2025-07-15T22:28:23.5281207Z #7 2.620 Get:15 http://deb.debian.org/debian bookworm/main amd64 binutils amd64 2.40-2 [65.0 kB]
2025-07-15T22:28:23.5282342Z #7 2.620 Get:16 http://deb.debian.org/debian bookworm/main amd64 libc-dev-bin amd64 2.36-9+deb12u10 [47.1 kB]
2025-07-15T22:28:23.5283636Z #7 2.620 Get:17 http://deb.debian.org/debian-security bookworm-security/main amd64 linux-libc-dev amd64 6.1.140-1 [2145 kB]
2025-07-15T22:28:23.5284566Z #7 2.625 Get:18 http://deb.debian.org/debian bookworm/main amd64 libcrypt-dev amd64 1:4.4.33-2 [118 kB]
2025-07-15T22:28:23.6818687Z #7 2.626 Get:19 http://deb.debian.org/debian bookworm/main amd64 libtirpc-dev amd64 1.3.3+ds-1 [191 kB]
2025-07-15T22:28:23.6819953Z #7 2.627 Get:20 http://deb.debian.org/debian bookworm/main amd64 libnsl-dev amd64 1.3.0-2 [66.4 kB]
2025-07-15T22:28:23.6821009Z #7 2.627 Get:21 http://deb.debian.org/debian bookworm/main amd64 rpcsvc-proto amd64 1.4.3-1 [63.3 kB]
2025-07-15T22:28:23.6822041Z #7 2.628 Get:22 http://deb.debian.org/debian bookworm/main amd64 libc6-dev amd64 2.36-9+deb12u10 [1903 kB]
2025-07-15T22:28:23.6823019Z #7 2.635 Get:23 http://deb.debian.org/debian bookworm/main amd64 libisl23 amd64 0.25-1.1 [683 kB]
2025-07-15T22:28:23.6823932Z #7 2.638 Get:24 http://deb.debian.org/debian bookworm/main amd64 libmpfr6 amd64 4.2.0-1 [701 kB]
2025-07-15T22:28:23.6824556Z #7 2.641 Get:25 http://deb.debian.org/debian bookworm/main amd64 libmpc3 amd64 1.3.1-1 [51.5 kB]
2025-07-15T22:28:23.6825109Z #7 2.641 Get:26 http://deb.debian.org/debian bookworm/main amd64 cpp-12 amd64 12.2.0-14+deb12u1 [9768 kB]
2025-07-15T22:28:23.6825714Z #7 2.677 Get:27 http://deb.debian.org/debian bookworm/main amd64 cpp amd64 4:12.2.0-3 [6836 B]
2025-07-15T22:28:23.6826277Z #7 2.677 Get:28 http://deb.debian.org/debian bookworm/main amd64 libcc1-0 amd64 12.2.0-14+deb12u1 [41.7 kB]
2025-07-15T22:28:23.6827203Z #7 2.677 Get:29 http://deb.debian.org/debian bookworm/main amd64 libgomp1 amd64 12.2.0-14+deb12u1 [116 kB]
2025-07-15T22:28:23.6827771Z #7 2.678 Get:30 http://deb.debian.org/debian bookworm/main amd64 libitm1 amd64 12.2.0-14+deb12u1 [26.1 kB]
2025-07-15T22:28:23.6828348Z #7 2.678 Get:31 http://deb.debian.org/debian bookworm/main amd64 libatomic1 amd64 12.2.0-14+deb12u1 [9376 B]
2025-07-15T22:28:23.6828928Z #7 2.679 Get:32 http://deb.debian.org/debian bookworm/main amd64 libasan8 amd64 12.2.0-14+deb12u1 [2193 kB]
2025-07-15T22:28:23.6829502Z #7 2.687 Get:33 http://deb.debian.org/debian bookworm/main amd64 liblsan0 amd64 12.2.0-14+deb12u1 [969 kB]
2025-07-15T22:28:23.6830080Z #7 2.691 Get:34 http://deb.debian.org/debian bookworm/main amd64 libtsan2 amd64 12.2.0-14+deb12u1 [2197 kB]
2025-07-15T22:28:23.6830645Z #7 2.699 Get:35 http://deb.debian.org/debian bookworm/main amd64 libubsan1 amd64 12.2.0-14+deb12u1 [883 kB]
2025-07-15T22:28:23.6831246Z #7 2.702 Get:36 http://deb.debian.org/debian bookworm/main amd64 libquadmath0 amd64 12.2.0-14+deb12u1 [145 kB]
2025-07-15T22:28:23.6831846Z #7 2.703 Get:37 http://deb.debian.org/debian bookworm/main amd64 libgcc-12-dev amd64 12.2.0-14+deb12u1 [2437 kB]
2025-07-15T22:28:23.6832522Z #7 2.712 Get:38 http://deb.debian.org/debian bookworm/main amd64 gcc-12 amd64 12.2.0-14+deb12u1 [19.3 MB]
2025-07-15T22:28:23.6833067Z #7 2.781 Get:39 http://deb.debian.org/debian bookworm/main amd64 gcc amd64 4:12.2.0-3 [5216 B]
2025-07-15T22:28:23.6833640Z #7 2.781 Get:40 http://deb.debian.org/debian bookworm/main amd64 libstdc++-12-dev amd64 12.2.0-14+deb12u1 [2047 kB]
2025-07-15T22:28:23.8902095Z #7 2.789 Get:41 http://deb.debian.org/debian bookworm/main amd64 g++-12 amd64 12.2.0-14+deb12u1 [10.7 MB]
2025-07-15T22:28:23.8903226Z #7 2.828 Get:42 http://deb.debian.org/debian bookworm/main amd64 g++ amd64 4:12.2.0-3 [1356 B]
2025-07-15T22:28:23.8903895Z #7 2.828 Get:43 http://deb.debian.org/debian bookworm/main amd64 make amd64 4.3-4.1 [396 kB]
2025-07-15T22:28:23.8904967Z #7 2.830 Get:44 http://deb.debian.org/debian bookworm/main amd64 libdpkg-perl all 1.21.22 [603 kB]
2025-07-15T22:28:23.8905649Z #7 2.832 Get:45 http://deb.debian.org/debian bookworm/main amd64 patch amd64 2.7.6-7 [128 kB]
2025-07-15T22:28:23.8906302Z #7 2.833 Get:46 http://deb.debian.org/debian bookworm/main amd64 dpkg-dev all 1.21.22 [1353 kB]
2025-07-15T22:28:23.8907300Z #7 2.838 Get:47 http://deb.debian.org/debian bookworm/main amd64 build-essential amd64 12.9 [7704 B]
2025-07-15T22:28:23.8908019Z #7 2.838 Get:48 http://deb.debian.org/debian bookworm/main amd64 libbrotli1 amd64 1.0.9-2+b6 [275 kB]
2025-07-15T22:28:23.8908764Z #7 2.839 Get:49 http://deb.debian.org/debian bookworm/main amd64 libsasl2-modules-db amd64 2.1.28+dfsg-10 [20.3 kB]
2025-07-15T22:28:23.8909724Z #7 2.839 Get:50 http://deb.debian.org/debian bookworm/main amd64 libsasl2-2 amd64 2.1.28+dfsg-10 [59.7 kB]
2025-07-15T22:28:23.8910461Z #7 2.840 Get:51 http://deb.debian.org/debian bookworm/main amd64 libldap-2.5-0 amd64 2.5.13+dfsg-5 [183 kB]
2025-07-15T22:28:23.8911208Z #7 2.841 Get:52 http://deb.debian.org/debian bookworm/main amd64 libnghttp2-14 amd64 1.52.0-1+deb12u2 [73.0 kB]
2025-07-15T22:28:23.8911912Z #7 2.841 Get:53 http://deb.debian.org/debian bookworm/main amd64 libpsl5 amd64 0.21.2-1 [58.7 kB]
2025-07-15T22:28:23.8912641Z #7 2.842 Get:54 http://deb.debian.org/debian bookworm/main amd64 librtmp1 amd64 2.4+20151223.gitfa8646d.1-2+b2 [60.8 kB]
2025-07-15T22:28:23.8913475Z #7 2.843 Get:55 http://deb.debian.org/debian bookworm/main amd64 libssh2-1 amd64 1.10.0-3+b1 [179 kB]
2025-07-15T22:28:23.8914348Z #7 2.843 Get:56 http://deb.debian.org/debian bookworm/main amd64 libcurl4 amd64 7.88.1-10+deb12u12 [391 kB]
2025-07-15T22:28:23.8915422Z #7 2.845 Get:57 http://deb.debian.org/debian bookworm/main amd64 curl amd64 7.88.1-10+deb12u12 [315 kB]
2025-07-15T22:28:23.8916179Z #7 2.846 Get:58 http://deb.debian.org/debian bookworm/main amd64 libcurl3-gnutls amd64 7.88.1-10+deb12u12 [386 kB]
2025-07-15T22:28:23.8917049Z #7 2.848 Get:59 http://deb.debian.org/debian bookworm/main amd64 libexpat1 amd64 2.5.0-1+deb12u1 [98.9 kB]
2025-07-15T22:28:23.8917690Z #7 2.849 Get:60 http://deb.debian.org/debian bookworm/main amd64 liberror-perl all 0.17029-2 [29.0 kB]
2025-07-15T22:28:23.8918320Z #7 2.849 Get:61 http://deb.debian.org/debian bookworm/main amd64 git-man all 1:2.39.5-0+deb12u2 [2053 kB]
2025-07-15T22:28:23.8918972Z #7 2.856 Get:62 http://deb.debian.org/debian bookworm/main amd64 git amd64 1:2.39.5-0+deb12u2 [7260 kB]
2025-07-15T22:28:23.8919559Z #7 2.990 debconf: delaying package configuration, since apt-utils is not installed
2025-07-15T22:28:24.0873059Z #7 3.014 Fetched 85.7 MB in 0s (244 MB/s)
2025-07-15T22:28:24.0873744Z #7 3.028 Selecting previously unselected package perl-modules-5.36.
2025-07-15T22:28:24.0874364Z #7 3.028 (Reading database ... 
2025-07-15T22:28:24.0874742Z (Reading database ... 5%
2025-07-15T22:28:24.0875117Z (Reading database ... 10%
2025-07-15T22:28:24.0875501Z (Reading database ... 15%
2025-07-15T22:28:24.0875834Z (Reading database ... 20%
2025-07-15T22:28:24.0876193Z (Reading database ... 25%
2025-07-15T22:28:24.0876720Z (Reading database ... 30%
2025-07-15T22:28:24.0877050Z (Reading database ... 35%
2025-07-15T22:28:24.0877403Z (Reading database ... 40%
2025-07-15T22:28:24.0877761Z (Reading database ... 45%
2025-07-15T22:28:24.0878087Z (Reading database ... 50%
2025-07-15T22:28:24.0878439Z (Reading database ... 55%
2025-07-15T22:28:24.0878798Z (Reading database ... 60%
2025-07-15T22:28:24.0879154Z (Reading database ... 65%
2025-07-15T22:28:24.0879516Z (Reading database ... 70%
2025-07-15T22:28:24.0879880Z (Reading database ... 75%
2025-07-15T22:28:24.0880223Z (Reading database ... 80%
2025-07-15T22:28:24.0880586Z (Reading database ... 85%
2025-07-15T22:28:24.0880962Z (Reading database ... 90%
2025-07-15T22:28:24.0881322Z (Reading database ... 95%
2025-07-15T22:28:24.0881689Z (Reading database ... 100%
2025-07-15T22:28:24.0882626Z (Reading database ... 6688 files and directories currently installed.)
2025-07-15T22:28:24.0883393Z #7 3.035 Preparing to unpack .../00-perl-modules-5.36_5.36.0-7+deb12u2_all.deb ...
2025-07-15T22:28:24.0884074Z #7 3.036 Unpacking perl-modules-5.36 (5.36.0-7+deb12u2) ...
2025-07-15T22:28:24.2237697Z #7 3.323 Selecting previously unselected package libgdbm-compat4:amd64.
2025-07-15T22:28:24.3997272Z #7 3.325 Preparing to unpack .../01-libgdbm-compat4_1.23-3_amd64.deb ...
2025-07-15T22:28:24.3997961Z #7 3.327 Unpacking libgdbm-compat4:amd64 (1.23-3) ...
2025-07-15T22:28:24.3998611Z #7 3.346 Selecting previously unselected package libperl5.36:amd64.
2025-07-15T22:28:24.3999349Z #7 3.348 Preparing to unpack .../02-libperl5.36_5.36.0-7+deb12u2_amd64.deb ...
2025-07-15T22:28:24.4000018Z #7 3.349 Unpacking libperl5.36:amd64 (5.36.0-7+deb12u2) ...
2025-07-15T22:28:24.5426708Z #7 3.642 Selecting previously unselected package perl.
2025-07-15T22:28:24.6484243Z #7 3.644 Preparing to unpack .../03-perl_5.36.0-7+deb12u2_amd64.deb ...
2025-07-15T22:28:24.6484724Z #7 3.649 Unpacking perl (5.36.0-7+deb12u2) ...
2025-07-15T22:28:24.6485055Z #7 3.683 Selecting previously unselected package nano.
2025-07-15T22:28:24.6485417Z #7 3.684 Preparing to unpack .../04-nano_7.2-1+deb12u1_amd64.deb ...
2025-07-15T22:28:24.6485754Z #7 3.686 Unpacking nano (7.2-1+deb12u1) ...
2025-07-15T22:28:24.6486058Z #7 3.748 Selecting previously unselected package bzip2.
2025-07-15T22:28:24.8749802Z #7 3.749 Preparing to unpack .../05-bzip2_1.0.8-5+b1_amd64.deb ...
2025-07-15T22:28:24.8750206Z #7 3.751 Unpacking bzip2 (1.0.8-5+b1) ...
2025-07-15T22:28:24.8750531Z #7 3.771 Selecting previously unselected package xz-utils.
2025-07-15T22:28:24.8750916Z #7 3.772 Preparing to unpack .../06-xz-utils_5.4.1-1_amd64.deb ...
2025-07-15T22:28:24.8751271Z #7 3.773 Unpacking xz-utils (5.4.1-1) ...
2025-07-15T22:28:24.8751658Z #7 3.821 Selecting previously unselected package binutils-common:amd64.
2025-07-15T22:28:24.8752097Z #7 3.823 Preparing to unpack .../07-binutils-common_2.40-2_amd64.deb ...
2025-07-15T22:28:24.8752490Z #7 3.824 Unpacking binutils-common:amd64 (2.40-2) ...
2025-07-15T22:28:24.8933813Z #7 3.993 Selecting previously unselected package libbinutils:amd64.
2025-07-15T22:28:25.0045628Z #7 3.994 Preparing to unpack .../08-libbinutils_2.40-2_amd64.deb ...
2025-07-15T22:28:25.0046301Z #7 3.996 Unpacking libbinutils:amd64 (2.40-2) ...
2025-07-15T22:28:25.0046915Z #7 4.048 Selecting previously unselected package libctf-nobfd0:amd64.
2025-07-15T22:28:25.0047342Z #7 4.049 Preparing to unpack .../09-libctf-nobfd0_2.40-2_amd64.deb ...
2025-07-15T22:28:25.0047701Z #7 4.050 Unpacking libctf-nobfd0:amd64 (2.40-2) ...
2025-07-15T22:28:25.0048065Z #7 4.078 Selecting previously unselected package libctf0:amd64.
2025-07-15T22:28:25.0048430Z #7 4.079 Preparing to unpack .../10-libctf0_2.40-2_amd64.deb ...
2025-07-15T22:28:25.0048790Z #7 4.080 Unpacking libctf0:amd64 (2.40-2) ...
2025-07-15T22:28:25.0049137Z #7 4.104 Selecting previously unselected package libgprofng0:amd64.
2025-07-15T22:28:25.2478476Z #7 4.105 Preparing to unpack .../11-libgprofng0_2.40-2_amd64.deb ...
2025-07-15T22:28:25.2479163Z #7 4.107 Unpacking libgprofng0:amd64 (2.40-2) ...
2025-07-15T22:28:25.2479813Z #7 4.173 Selecting previously unselected package libjansson4:amd64.
2025-07-15T22:28:25.2480528Z #7 4.175 Preparing to unpack .../12-libjansson4_2.14-2_amd64.deb ...
2025-07-15T22:28:25.2481135Z #7 4.176 Unpacking libjansson4:amd64 (2.14-2) ...
2025-07-15T22:28:25.2481814Z #7 4.194 Selecting previously unselected package binutils-x86-64-linux-gnu.
2025-07-15T22:28:25.2482644Z #7 4.196 Preparing to unpack .../13-binutils-x86-64-linux-gnu_2.40-2_amd64.deb ...
2025-07-15T22:28:25.2483347Z #7 4.197 Unpacking binutils-x86-64-linux-gnu (2.40-2) ...
2025-07-15T22:28:25.2698948Z #7 4.369 Selecting previously unselected package binutils.
2025-07-15T22:28:25.4691031Z #7 4.371 Preparing to unpack .../14-binutils_2.40-2_amd64.deb ...
2025-07-15T22:28:25.4691691Z #7 4.372 Unpacking binutils (2.40-2) ...
2025-07-15T22:28:25.4692598Z #7 4.395 Selecting previously unselected package libc-dev-bin.
2025-07-15T22:28:25.4693297Z #7 4.396 Preparing to unpack .../15-libc-dev-bin_2.36-9+deb12u10_amd64.deb ...
2025-07-15T22:28:25.4693922Z #7 4.398 Unpacking libc-dev-bin (2.36-9+deb12u10) ...
2025-07-15T22:28:25.4694546Z #7 4.416 Selecting previously unselected package linux-libc-dev:amd64.
2025-07-15T22:28:25.4695256Z #7 4.417 Preparing to unpack .../16-linux-libc-dev_6.1.140-1_amd64.deb ...
2025-07-15T22:28:25.4695859Z #7 4.418 Unpacking linux-libc-dev:amd64 (6.1.140-1) ...
2025-07-15T22:28:25.5122665Z #7 4.612 Selecting previously unselected package libcrypt-dev:amd64.
2025-07-15T22:28:25.6296980Z #7 4.613 Preparing to unpack .../17-libcrypt-dev_1%3a4.4.33-2_amd64.deb ...
2025-07-15T22:28:25.6297713Z #7 4.620 Unpacking libcrypt-dev:amd64 (1:4.4.33-2) ...
2025-07-15T22:28:25.6298609Z #7 4.643 Selecting previously unselected package libtirpc-dev:amd64.
2025-07-15T22:28:25.6299082Z #7 4.644 Preparing to unpack .../18-libtirpc-dev_1.3.3+ds-1_amd64.deb ...
2025-07-15T22:28:25.6299512Z #7 4.645 Unpacking libtirpc-dev:amd64 (1.3.3+ds-1) ...
2025-07-15T22:28:25.6299867Z #7 4.675 Selecting previously unselected package libnsl-dev:amd64.
2025-07-15T22:28:25.6300255Z #7 4.677 Preparing to unpack .../19-libnsl-dev_1.3.0-2_amd64.deb ...
2025-07-15T22:28:25.6300593Z #7 4.678 Unpacking libnsl-dev:amd64 (1.3.0-2) ...
2025-07-15T22:28:25.6300928Z #7 4.700 Selecting previously unselected package rpcsvc-proto.
2025-07-15T22:28:25.6301310Z #7 4.701 Preparing to unpack .../20-rpcsvc-proto_1.4.3-1_amd64.deb ...
2025-07-15T22:28:25.6301643Z #7 4.703 Unpacking rpcsvc-proto (1.4.3-1) ...
2025-07-15T22:28:25.6301973Z #7 4.729 Selecting previously unselected package libc6-dev:amd64.
2025-07-15T22:28:25.7828648Z #7 4.731 Preparing to unpack .../21-libc6-dev_2.36-9+deb12u10_amd64.deb ...
2025-07-15T22:28:25.7829122Z #7 4.732 Unpacking libc6-dev:amd64 (2.36-9+deb12u10) ...
2025-07-15T22:28:25.7915921Z #7 4.891 Selecting previously unselected package libisl23:amd64.
2025-07-15T22:28:25.9020337Z #7 4.893 Preparing to unpack .../22-libisl23_0.25-1.1_amd64.deb ...
2025-07-15T22:28:25.9020991Z #7 4.894 Unpacking libisl23:amd64 (0.25-1.1) ...
2025-07-15T22:28:25.9021559Z #7 4.957 Selecting previously unselected package libmpfr6:amd64.
2025-07-15T22:28:25.9022203Z #7 4.958 Preparing to unpack .../23-libmpfr6_4.2.0-1_amd64.deb ...
2025-07-15T22:28:25.9022749Z #7 4.959 Unpacking libmpfr6:amd64 (4.2.0-1) ...
2025-07-15T22:28:25.9023215Z #7 5.001 Selecting previously unselected package libmpc3:amd64.
2025-07-15T22:28:26.0770731Z #7 5.003 Preparing to unpack .../24-libmpc3_1.3.1-1_amd64.deb ...
2025-07-15T22:28:26.0771348Z #7 5.004 Unpacking libmpc3:amd64 (1.3.1-1) ...
2025-07-15T22:28:26.0771899Z #7 5.023 Selecting previously unselected package cpp-12.
2025-07-15T22:28:26.0772571Z #7 5.025 Preparing to unpack .../25-cpp-12_12.2.0-14+deb12u1_amd64.deb ...
2025-07-15T22:28:26.0773173Z #7 5.026 Unpacking cpp-12 (12.2.0-14+deb12u1) ...
2025-07-15T22:28:26.4365067Z #7 5.536 Selecting previously unselected package cpp.
2025-07-15T22:28:26.5497509Z #7 5.538 Preparing to unpack .../26-cpp_4%3a12.2.0-3_amd64.deb ...
2025-07-15T22:28:26.5498073Z #7 5.539 Unpacking cpp (4:12.2.0-3) ...
2025-07-15T22:28:26.5498565Z #7 5.559 Selecting previously unselected package libcc1-0:amd64.
2025-07-15T22:28:26.5499179Z #7 5.560 Preparing to unpack .../27-libcc1-0_12.2.0-14+deb12u1_amd64.deb ...
2025-07-15T22:28:26.5499749Z #7 5.561 Unpacking libcc1-0:amd64 (12.2.0-14+deb12u1) ...
2025-07-15T22:28:26.5500256Z #7 5.581 Selecting previously unselected package libgomp1:amd64.
2025-07-15T22:28:26.5500828Z #7 5.583 Preparing to unpack .../28-libgomp1_12.2.0-14+deb12u1_amd64.deb ...
2025-07-15T22:28:26.5501364Z #7 5.584 Unpacking libgomp1:amd64 (12.2.0-14+deb12u1) ...
2025-07-15T22:28:26.5501868Z #7 5.607 Selecting previously unselected package libitm1:amd64.
2025-07-15T22:28:26.5502454Z #7 5.609 Preparing to unpack .../29-libitm1_12.2.0-14+deb12u1_amd64.deb ...
2025-07-15T22:28:26.5502981Z #7 5.611 Unpacking libitm1:amd64 (12.2.0-14+deb12u1) ...
2025-07-15T22:28:26.5503804Z #7 5.630 Selecting previously unselected package libatomic1:amd64.
2025-07-15T22:28:26.5504394Z #7 5.632 Preparing to unpack .../30-libatomic1_12.2.0-14+deb12u1_amd64.deb ...
2025-07-15T22:28:26.5504942Z #7 5.633 Unpacking libatomic1:amd64 (12.2.0-14+deb12u1) ...
2025-07-15T22:28:26.5505436Z #7 5.649 Selecting previously unselected package libasan8:amd64.
2025-07-15T22:28:26.7032914Z #7 5.651 Preparing to unpack .../31-libasan8_12.2.0-14+deb12u1_amd64.deb ...
2025-07-15T22:28:26.7033456Z #7 5.652 Unpacking libasan8:amd64 (12.2.0-14+deb12u1) ...
2025-07-15T22:28:26.7074044Z #7 5.807 Selecting previously unselected package liblsan0:amd64.
2025-07-15T22:28:26.9392224Z #7 5.809 Preparing to unpack .../32-liblsan0_12.2.0-14+deb12u1_amd64.deb ...
2025-07-15T22:28:26.9393259Z #7 5.810 Unpacking liblsan0:amd64 (12.2.0-14+deb12u1) ...
2025-07-15T22:28:26.9393885Z #7 5.885 Selecting previously unselected package libtsan2:amd64.
2025-07-15T22:28:26.9394600Z #7 5.887 Preparing to unpack .../33-libtsan2_12.2.0-14+deb12u1_amd64.deb ...
2025-07-15T22:28:26.9395259Z #7 5.888 Unpacking libtsan2:amd64 (12.2.0-14+deb12u1) ...
2025-07-15T22:28:26.9395894Z #7 6.039 Selecting previously unselected package libubsan1:amd64.
2025-07-15T22:28:27.0398559Z #7 6.041 Preparing to unpack .../34-libubsan1_12.2.0-14+deb12u1_amd64.deb ...
2025-07-15T22:28:27.0399281Z #7 6.042 Unpacking libubsan1:amd64 (12.2.0-14+deb12u1) ...
2025-07-15T22:28:27.0399787Z #7 6.113 Selecting previously unselected package libquadmath0:amd64.
2025-07-15T22:28:27.0400237Z #7 6.114 Preparing to unpack .../35-libquadmath0_12.2.0-14+deb12u1_amd64.deb ...
2025-07-15T22:28:27.0400637Z #7 6.115 Unpacking libquadmath0:amd64 (12.2.0-14+deb12u1) ...
2025-07-15T22:28:27.0401013Z #7 6.139 Selecting previously unselected package libgcc-12-dev:amd64.
2025-07-15T22:28:27.1931149Z #7 6.141 Preparing to unpack .../36-libgcc-12-dev_12.2.0-14+deb12u1_amd64.deb ...
2025-07-15T22:28:27.1931676Z #7 6.142 Unpacking libgcc-12-dev:amd64 (12.2.0-14+deb12u1) ...
2025-07-15T22:28:27.1949923Z #7 6.294 Selecting previously unselected package gcc-12.
2025-07-15T22:28:27.3483375Z #7 6.296 Preparing to unpack .../37-gcc-12_12.2.0-14+deb12u1_amd64.deb ...
2025-07-15T22:28:27.3485921Z #7 6.297 Unpacking gcc-12 (12.2.0-14+deb12u1) ...
2025-07-15T22:28:27.8063445Z #7 6.906 Selecting previously unselected package gcc.
2025-07-15T22:28:27.9827058Z #7 6.908 Preparing to unpack .../38-gcc_4%3a12.2.0-3_amd64.deb ...
2025-07-15T22:28:27.9827736Z #7 6.909 Unpacking gcc (4:12.2.0-3) ...
2025-07-15T22:28:27.9828329Z #7 6.929 Selecting previously unselected package libstdc++-12-dev:amd64.
2025-07-15T22:28:27.9829083Z #7 6.931 Preparing to unpack .../39-libstdc++-12-dev_12.2.0-14+deb12u1_amd64.deb ...
2025-07-15T22:28:27.9829785Z #7 6.932 Unpacking libstdc++-12-dev:amd64 (12.2.0-14+deb12u1) ...
2025-07-15T22:28:28.0358046Z #7 7.135 Selecting previously unselected package g++-12.
2025-07-15T22:28:28.1897339Z #7 7.137 Preparing to unpack .../40-g++-12_12.2.0-14+deb12u1_amd64.deb ...
2025-07-15T22:28:28.1898019Z #7 7.139 Unpacking g++-12 (12.2.0-14+deb12u1) ...
2025-07-15T22:28:28.5993828Z #7 7.699 Selecting previously unselected package g++.
2025-07-15T22:28:28.7245903Z #7 7.701 Preparing to unpack .../41-g++_4%3a12.2.0-3_amd64.deb ...
2025-07-15T22:28:28.7246707Z #7 7.703 Unpacking g++ (4:12.2.0-3) ...
2025-07-15T22:28:28.7247040Z #7 7.720 Selecting previously unselected package make.
2025-07-15T22:28:28.7247412Z #7 7.722 Preparing to unpack .../42-make_4.3-4.1_amd64.deb ...
2025-07-15T22:28:28.7247719Z #7 7.723 Unpacking make (4.3-4.1) ...
2025-07-15T22:28:28.7248031Z #7 7.766 Selecting previously unselected package libdpkg-perl.
2025-07-15T22:28:28.7248415Z #7 7.768 Preparing to unpack .../43-libdpkg-perl_1.21.22_all.deb ...
2025-07-15T22:28:28.7248755Z #7 7.769 Unpacking libdpkg-perl (1.21.22) ...
2025-07-15T22:28:28.7249092Z #7 7.824 Selecting previously unselected package patch.
2025-07-15T22:28:28.8413176Z #7 7.826 Preparing to unpack .../44-patch_2.7.6-7_amd64.deb ...
2025-07-15T22:28:28.8413908Z #7 7.827 Unpacking patch (2.7.6-7) ...
2025-07-15T22:28:28.8414236Z #7 7.851 Selecting previously unselected package dpkg-dev.
2025-07-15T22:28:28.8414607Z #7 7.853 Preparing to unpack .../45-dpkg-dev_1.21.22_all.deb ...
2025-07-15T22:28:28.8414934Z #7 7.854 Unpacking dpkg-dev (1.21.22) ...
2025-07-15T22:28:28.8415265Z #7 7.941 Selecting previously unselected package build-essential.
2025-07-15T22:28:28.9483863Z #7 7.943 Preparing to unpack .../46-build-essential_12.9_amd64.deb ...
2025-07-15T22:28:28.9484572Z #7 7.944 Unpacking build-essential (12.9) ...
2025-07-15T22:28:28.9485157Z #7 7.963 Selecting previously unselected package libbrotli1:amd64.
2025-07-15T22:28:28.9485833Z #7 7.965 Preparing to unpack .../47-libbrotli1_1.0.9-2+b6_amd64.deb ...
2025-07-15T22:28:28.9486963Z #7 7.966 Unpacking libbrotli1:amd64 (1.0.9-2+b6) ...
2025-07-15T22:28:28.9487442Z #7 8.000 Selecting previously unselected package libsasl2-modules-db:amd64.
2025-07-15T22:28:28.9487932Z #7 8.002 Preparing to unpack .../48-libsasl2-modules-db_2.1.28+dfsg-10_amd64.deb ...
2025-07-15T22:28:28.9488373Z #7 8.003 Unpacking libsasl2-modules-db:amd64 (2.1.28+dfsg-10) ...
2025-07-15T22:28:28.9488768Z #7 8.022 Selecting previously unselected package libsasl2-2:amd64.
2025-07-15T22:28:28.9489195Z #7 8.024 Preparing to unpack .../49-libsasl2-2_2.1.28+dfsg-10_amd64.deb ...
2025-07-15T22:28:28.9489576Z #7 8.025 Unpacking libsasl2-2:amd64 (2.1.28+dfsg-10) ...
2025-07-15T22:28:28.9489948Z #7 8.048 Selecting previously unselected package libldap-2.5-0:amd64.
2025-07-15T22:28:29.0603717Z #7 8.050 Preparing to unpack .../50-libldap-2.5-0_2.5.13+dfsg-5_amd64.deb ...
2025-07-15T22:28:29.0604544Z #7 8.051 Unpacking libldap-2.5-0:amd64 (2.5.13+dfsg-5) ...
2025-07-15T22:28:29.0605111Z #7 8.083 Selecting previously unselected package libnghttp2-14:amd64.
2025-07-15T22:28:29.0605735Z #7 8.085 Preparing to unpack .../51-libnghttp2-14_1.52.0-1+deb12u2_amd64.deb ...
2025-07-15T22:28:29.0606192Z #7 8.086 Unpacking libnghttp2-14:amd64 (1.52.0-1+deb12u2) ...
2025-07-15T22:28:29.0606900Z #7 8.111 Selecting previously unselected package libpsl5:amd64.
2025-07-15T22:28:29.0607332Z #7 8.113 Preparing to unpack .../52-libpsl5_0.21.2-1_amd64.deb ...
2025-07-15T22:28:29.0607809Z #7 8.114 Unpacking libpsl5:amd64 (0.21.2-1) ...
2025-07-15T22:28:29.0608212Z #7 8.136 Selecting previously unselected package librtmp1:amd64.
2025-07-15T22:28:29.0608764Z #7 8.137 Preparing to unpack .../53-librtmp1_2.4+20151223.gitfa8646d.1-2+b2_amd64.deb ...
2025-07-15T22:28:29.0609339Z #7 8.139 Unpacking librtmp1:amd64 (2.4+20151223.gitfa8646d.1-2+b2) ...
2025-07-15T22:28:29.0609772Z #7 8.160 Selecting previously unselected package libssh2-1:amd64.
2025-07-15T22:28:29.1711614Z #7 8.162 Preparing to unpack .../54-libssh2-1_1.10.0-3+b1_amd64.deb ...
2025-07-15T22:28:29.1712369Z #7 8.163 Unpacking libssh2-1:amd64 (1.10.0-3+b1) ...
2025-07-15T22:28:29.1712761Z #7 8.193 Selecting previously unselected package libcurl4:amd64.
2025-07-15T22:28:29.1713204Z #7 8.195 Preparing to unpack .../55-libcurl4_7.88.1-10+deb12u12_amd64.deb ...
2025-07-15T22:28:29.1713622Z #7 8.196 Unpacking libcurl4:amd64 (7.88.1-10+deb12u12) ...
2025-07-15T22:28:29.1713959Z #7 8.233 Selecting previously unselected package curl.
2025-07-15T22:28:29.1714344Z #7 8.235 Preparing to unpack .../56-curl_7.88.1-10+deb12u12_amd64.deb ...
2025-07-15T22:28:29.1714713Z #7 8.237 Unpacking curl (7.88.1-10+deb12u12) ...
2025-07-15T22:28:29.1715085Z #7 8.270 Selecting previously unselected package libcurl3-gnutls:amd64.
2025-07-15T22:28:29.3552044Z #7 8.272 Preparing to unpack .../57-libcurl3-gnutls_7.88.1-10+deb12u12_amd64.deb ...
2025-07-15T22:28:29.3552832Z #7 8.273 Unpacking libcurl3-gnutls:amd64 (7.88.1-10+deb12u12) ...
2025-07-15T22:28:29.3553358Z #7 8.312 Selecting previously unselected package libexpat1:amd64.
2025-07-15T22:28:29.3553855Z #7 8.314 Preparing to unpack .../58-libexpat1_2.5.0-1+deb12u1_amd64.deb ...
2025-07-15T22:28:29.3554250Z #7 8.316 Unpacking libexpat1:amd64 (2.5.0-1+deb12u1) ...
2025-07-15T22:28:29.3554894Z #7 8.337 Selecting previously unselected package liberror-perl.
2025-07-15T22:28:29.3555287Z #7 8.339 Preparing to unpack .../59-liberror-perl_0.17029-2_all.deb ...
2025-07-15T22:28:29.3555640Z #7 8.340 Unpacking liberror-perl (0.17029-2) ...
2025-07-15T22:28:29.3555970Z #7 8.361 Selecting previously unselected package git-man.
2025-07-15T22:28:29.3556357Z #7 8.363 Preparing to unpack .../60-git-man_1%3a2.39.5-0+deb12u2_all.deb ...
2025-07-15T22:28:29.3556953Z #7 8.364 Unpacking git-man (1:2.39.5-0+deb12u2) ...
2025-07-15T22:28:29.3557263Z #7 8.455 Selecting previously unselected package git.
2025-07-15T22:28:29.5132104Z #7 8.457 Preparing to unpack .../61-git_1%3a2.39.5-0+deb12u2_amd64.deb ...
2025-07-15T22:28:29.5133113Z #7 8.462 Unpacking git (1:2.39.5-0+deb12u2) ...
2025-07-15T22:28:29.6808939Z #7 8.780 Setting up libexpat1:amd64 (2.5.0-1+deb12u1) ...
2025-07-15T22:28:29.7832239Z #7 8.783 Setting up libpsl5:amd64 (0.21.2-1) ...
2025-07-15T22:28:29.7832861Z #7 8.786 Setting up libbrotli1:amd64 (1.0.9-2+b6) ...
2025-07-15T22:28:29.7833474Z #7 8.789 Setting up binutils-common:amd64 (2.40-2) ...
2025-07-15T22:28:29.7834017Z #7 8.793 Setting up libnghttp2-14:amd64 (1.52.0-1+deb12u2) ...
2025-07-15T22:28:29.7834530Z #7 8.796 Setting up linux-libc-dev:amd64 (6.1.140-1) ...
2025-07-15T22:28:29.7834857Z #7 8.799 Setting up libctf-nobfd0:amd64 (2.40-2) ...
2025-07-15T22:28:29.7835186Z #7 8.802 Setting up libgomp1:amd64 (12.2.0-14+deb12u1) ...
2025-07-15T22:28:29.7835487Z #7 8.804 Setting up bzip2 (1.0.8-5+b1) ...
2025-07-15T22:28:29.7835766Z #7 8.807 Setting up libjansson4:amd64 (2.14-2) ...
2025-07-15T22:28:29.7836111Z #7 8.810 Setting up libsasl2-modules-db:amd64 (2.1.28+dfsg-10) ...
2025-07-15T22:28:29.7836789Z #7 8.812 Setting up perl-modules-5.36 (5.36.0-7+deb12u2) ...
2025-07-15T22:28:29.7837154Z #7 8.816 Setting up libtirpc-dev:amd64 (1.3.3+ds-1) ...
2025-07-15T22:28:29.7837452Z #7 8.819 Setting up rpcsvc-proto (1.4.3-1) ...
2025-07-15T22:28:29.7837784Z #7 8.822 Setting up make (4.3-4.1) ...
2025-07-15T22:28:29.7838068Z #7 8.826 Setting up libmpfr6:amd64 (4.2.0-1) ...
2025-07-15T22:28:29.7838408Z #7 8.830 Setting up librtmp1:amd64 (2.4+20151223.gitfa8646d.1-2+b2) ...
2025-07-15T22:28:29.7838756Z #7 8.834 Setting up xz-utils (5.4.1-1) ...
2025-07-15T22:28:29.7839157Z #7 8.839 update-alternatives: using /usr/bin/xz to provide /usr/bin/lzma (lzma) in auto mode
2025-07-15T22:28:29.7839944Z #7 8.840 update-alternatives: warning: skip creation of /usr/share/man/man1/lzma.1.gz because associated file /usr/share/man/man1/xz.1.gz (of link group lzma) doesn't exist
2025-07-15T22:28:29.7841568Z #7 8.840 update-alternatives: warning: skip creation of /usr/share/man/man1/unlzma.1.gz because associated file /usr/share/man/man1/unxz.1.gz (of link group lzma) doesn't exist
2025-07-15T22:28:29.7842944Z #7 8.840 update-alternatives: warning: skip creation of /usr/share/man/man1/lzcat.1.gz because associated file /usr/share/man/man1/xzcat.1.gz (of link group lzma) doesn't exist
2025-07-15T22:28:29.7844071Z #7 8.840 update-alternatives: warning: skip creation of /usr/share/man/man1/lzmore.1.gz because associated file /usr/share/man/man1/xzmore.1.gz (of link group lzma) doesn't exist
2025-07-15T22:28:29.7845263Z #7 8.841 update-alternatives: warning: skip creation of /usr/share/man/man1/lzless.1.gz because associated file /usr/share/man/man1/xzless.1.gz (of link group lzma) doesn't exist
2025-07-15T22:28:29.7846311Z #7 8.841 update-alternatives: warning: skip creation of /usr/share/man/man1/lzdiff.1.gz because associated file /usr/share/man/man1/xzdiff.1.gz (of link group lzma) doesn't exist
2025-07-15T22:28:29.7847549Z #7 8.841 update-alternatives: warning: skip creation of /usr/share/man/man1/lzcmp.1.gz because associated file /usr/share/man/man1/xzcmp.1.gz (of link group lzma) doesn't exist
2025-07-15T22:28:29.7848591Z #7 8.841 update-alternatives: warning: skip creation of /usr/share/man/man1/lzgrep.1.gz because associated file /usr/share/man/man1/xzgrep.1.gz (of link group lzma) doesn't exist
2025-07-15T22:28:29.7849954Z #7 8.841 update-alternatives: warning: skip creation of /usr/share/man/man1/lzegrep.1.gz because associated file /usr/share/man/man1/xzegrep.1.gz (of link group lzma) doesn't exist
2025-07-15T22:28:29.7851090Z #7 8.842 update-alternatives: warning: skip creation of /usr/share/man/man1/lzfgrep.1.gz because associated file /usr/share/man/man1/xzfgrep.1.gz (of link group lzma) doesn't exist
2025-07-15T22:28:29.7851794Z #7 8.846 Setting up libquadmath0:amd64 (12.2.0-14+deb12u1) ...
2025-07-15T22:28:29.7852107Z #7 8.850 Setting up libmpc3:amd64 (1.3.1-1) ...
2025-07-15T22:28:29.7852411Z #7 8.853 Setting up libatomic1:amd64 (12.2.0-14+deb12u1) ...
2025-07-15T22:28:29.7852701Z #7 8.857 Setting up patch (2.7.6-7) ...
2025-07-15T22:28:29.7852990Z #7 8.860 Setting up libgdbm-compat4:amd64 (1.23-3) ...
2025-07-15T22:28:29.7853464Z #7 8.866 Setting up libsasl2-2:amd64 (2.1.28+dfsg-10) ...
2025-07-15T22:28:29.7853785Z #7 8.870 Setting up libubsan1:amd64 (12.2.0-14+deb12u1) ...
2025-07-15T22:28:29.7854092Z #7 8.874 Setting up nano (7.2-1+deb12u1) ...
2025-07-15T22:28:29.7854498Z #7 8.880 update-alternatives: using /bin/nano to provide /usr/bin/editor (editor) in auto mode
2025-07-15T22:28:29.7855313Z #7 8.880 update-alternatives: warning: skip creation of /usr/share/man/man1/editor.1.gz because associated file /usr/share/man/man1/nano.1.gz (of link group editor) doesn't exist
2025-07-15T22:28:29.7856097Z #7 8.883 update-alternatives: using /bin/nano to provide /usr/bin/pico (pico) in auto mode
2025-07-15T22:28:29.8886209Z #7 8.883 update-alternatives: warning: skip creation of /usr/share/man/man1/pico.1.gz because associated file /usr/share/man/man1/nano.1.gz (of link group pico) doesn't exist
2025-07-15T22:28:29.8887386Z #7 8.890 Setting up libnsl-dev:amd64 (1.3.0-2) ...
2025-07-15T22:28:29.8887726Z #7 8.893 Setting up libcrypt-dev:amd64 (1:4.4.33-2) ...
2025-07-15T22:28:29.8888095Z #7 8.908 Setting up libasan8:amd64 (12.2.0-14+deb12u1) ...
2025-07-15T22:28:29.8888429Z #7 8.912 Setting up git-man (1:2.39.5-0+deb12u2) ...
2025-07-15T22:28:29.8888747Z #7 8.915 Setting up libssh2-1:amd64 (1.10.0-3+b1) ...
2025-07-15T22:28:29.8889072Z #7 8.918 Setting up libtsan2:amd64 (12.2.0-14+deb12u1) ...
2025-07-15T22:28:29.8889400Z #7 8.921 Setting up libbinutils:amd64 (2.40-2) ...
2025-07-15T22:28:29.8889695Z #7 8.926 Setting up libisl23:amd64 (0.25-1.1) ...
2025-07-15T22:28:29.8890008Z #7 8.934 Setting up libc-dev-bin (2.36-9+deb12u10) ...
2025-07-15T22:28:29.8890326Z #7 8.940 Setting up libcc1-0:amd64 (12.2.0-14+deb12u1) ...
2025-07-15T22:28:29.8890659Z #7 8.944 Setting up libperl5.36:amd64 (5.36.0-7+deb12u2) ...
2025-07-15T22:28:29.8890992Z #7 8.954 Setting up liblsan0:amd64 (12.2.0-14+deb12u1) ...
2025-07-15T22:28:29.8891328Z #7 8.959 Setting up libitm1:amd64 (12.2.0-14+deb12u1) ...
2025-07-15T22:28:29.8891640Z #7 8.963 Setting up libctf0:amd64 (2.40-2) ...
2025-07-15T22:28:29.8891933Z #7 8.973 Setting up cpp-12 (12.2.0-14+deb12u1) ...
2025-07-15T22:28:29.8892263Z #7 8.988 Setting up libldap-2.5-0:amd64 (2.5.13+dfsg-5) ...
2025-07-15T22:28:29.9894148Z #7 8.996 Setting up perl (5.36.0-7+deb12u2) ...
2025-07-15T22:28:29.9894569Z #7 9.007 Setting up libgprofng0:amd64 (2.40-2) ...
2025-07-15T22:28:29.9894956Z #7 9.018 Setting up libgcc-12-dev:amd64 (12.2.0-14+deb12u1) ...
2025-07-15T22:28:29.9895356Z #7 9.029 Setting up libdpkg-perl (1.21.22) ...
2025-07-15T22:28:29.9895750Z #7 9.034 Setting up cpp (4:12.2.0-3) ...
2025-07-15T22:28:29.9896070Z #7 9.045 Setting up libcurl4:amd64 (7.88.1-10+deb12u12) ...
2025-07-15T22:28:29.9896745Z #7 9.053 Setting up libc6-dev:amd64 (2.36-9+deb12u10) ...
2025-07-15T22:28:29.9897107Z #7 9.057 Setting up curl (7.88.1-10+deb12u12) ...
2025-07-15T22:28:29.9897458Z #7 9.060 Setting up binutils-x86-64-linux-gnu (2.40-2) ...
2025-07-15T22:28:29.9897847Z #7 9.063 Setting up libstdc++-12-dev:amd64 (12.2.0-14+deb12u1) ...
2025-07-15T22:28:29.9898283Z #7 9.072 Setting up libcurl3-gnutls:amd64 (7.88.1-10+deb12u12) ...
2025-07-15T22:28:29.9898628Z #7 9.078 Setting up binutils (2.40-2) ...
2025-07-15T22:28:29.9902678Z #7 9.089 Setting up dpkg-dev (1.21.22) ...
2025-07-15T22:28:30.2249514Z #7 9.105 Setting up liberror-perl (0.17029-2) ...
2025-07-15T22:28:30.2250699Z #7 9.116 Setting up gcc-12 (12.2.0-14+deb12u1) ...
2025-07-15T22:28:30.2251215Z #7 9.127 Setting up git (1:2.39.5-0+deb12u2) ...
2025-07-15T22:28:30.2251693Z #7 9.141 Setting up g++-12 (12.2.0-14+deb12u1) ...
2025-07-15T22:28:30.2252141Z #7 9.149 Setting up gcc (4:12.2.0-3) ...
2025-07-15T22:28:30.2252564Z #7 9.161 Setting up g++ (4:12.2.0-3) ...
2025-07-15T22:28:30.2253220Z #7 9.167 update-alternatives: using /usr/bin/g++ to provide /usr/bin/c++ (c++) in auto mode
2025-07-15T22:28:30.2253925Z #7 9.169 Setting up build-essential (12.9) ...
2025-07-15T22:28:30.2254659Z #7 9.174 Processing triggers for libc-bin (2.36-9+deb12u10) ...
2025-07-15T22:28:30.7110504Z #7 DONE 9.8s
2025-07-15T22:28:30.8743240Z 
2025-07-15T22:28:30.8744218Z #8 [3/6] WORKDIR /app
2025-07-15T22:28:30.8744804Z #8 DONE 0.0s
2025-07-15T22:28:30.8745010Z 
2025-07-15T22:28:30.8745154Z #9 [4/6] COPY . .
2025-07-15T22:28:31.3277507Z #9 DONE 0.6s
2025-07-15T22:28:31.4791087Z 
2025-07-15T22:28:31.4791611Z #10 [5/6] RUN pip install --upgrade pip
2025-07-15T22:28:32.6312615Z #10 1.303 Requirement already satisfied: pip in /usr/local/lib/python3.10/site-packages (23.0.1)
2025-07-15T22:28:32.7403957Z #10 1.412 Collecting pip
2025-07-15T22:28:32.8695773Z #10 1.448   Downloading pip-25.1.1-py3-none-any.whl (1.8 MB)
2025-07-15T22:28:32.8697245Z #10 1.495      ━━━━━━━━━━━━━━━━━━━━━━━━━━━━━━━━━━━━━━━━ 1.8/1.8 MB 41.2 MB/s eta 0:00:00
2025-07-15T22:28:32.8697838Z #10 1.541 Installing collected packages: pip
2025-07-15T22:28:33.0210019Z #10 1.541   Attempting uninstall: pip
2025-07-15T22:28:33.0210647Z #10 1.542     Found existing installation: pip 23.0.1
2025-07-15T22:28:33.0490115Z #10 1.720     Uninstalling pip-23.0.1:
2025-07-15T22:28:33.2112553Z #10 1.732       Successfully uninstalled pip-23.0.1
2025-07-15T22:28:33.8909135Z #10 2.562 Successfully installed pip-25.1.1
2025-07-15T22:28:34.0416810Z #10 2.563 WARNING: Running pip as the 'root' user can result in broken permissions and conflicting behaviour with the system package manager. It is recommended to use a virtual environment instead: https://pip.pypa.io/warnings/venv
2025-07-15T22:28:34.1167434Z #10 DONE 2.8s
2025-07-15T22:28:34.2677925Z 
2025-07-15T22:28:34.2678464Z #11 [6/6] RUN pip install --no-cache-dir -r requirements.txt
2025-07-15T22:28:35.0457036Z #11 0.928 Collecting Flask==3.1.0 (from -r requirements.txt (line 1))
2025-07-15T22:28:35.1625280Z #11 0.973   Downloading flask-3.1.0-py3-none-any.whl.metadata (2.7 kB)
2025-07-15T22:28:35.1626026Z #11 0.986 Collecting Flask-PyMongo==3.0.1 (from -r requirements.txt (line 2))
2025-07-15T22:28:35.1627072Z #11 0.992   Downloading flask_pymongo-3.0.1-py3-none-any.whl.metadata (3.5 kB)
2025-07-15T22:28:35.1627675Z #11 1.045 Collecting pytest==8.2.1 (from -r requirements.txt (line 3))
2025-07-15T22:28:35.2865983Z #11 1.050   Downloading pytest-8.2.1-py3-none-any.whl.metadata (7.6 kB)
2025-07-15T22:28:35.2867107Z #11 1.061 Collecting blinker==1.9.0 (from -r requirements.txt (line 4))
2025-07-15T22:28:35.2867872Z #11 1.065   Downloading blinker-1.9.0-py3-none-any.whl.metadata (1.6 kB)
2025-07-15T22:28:35.2868619Z #11 1.083 Collecting certifi==2025.7.14 (from -r requirements.txt (line 5))
2025-07-15T22:28:35.2869383Z #11 1.087   Downloading certifi-2025.7.14-py3-none-any.whl.metadata (2.4 kB)
2025-07-15T22:28:35.2870197Z #11 1.169 Collecting charset-normalizer==3.4.2 (from -r requirements.txt (line 6))
2025-07-15T22:28:35.4374823Z #11 1.174   Downloading charset_normalizer-3.4.2-cp310-cp310-manylinux_2_17_x86_64.manylinux2014_x86_64.whl.metadata (35 kB)
2025-07-15T22:28:35.4375926Z #11 1.194 Collecting click==8.2.1 (from -r requirements.txt (line 7))
2025-07-15T22:28:35.4376973Z #11 1.199   Downloading click-8.2.1-py3-none-any.whl.metadata (2.5 kB)
2025-07-15T22:28:35.4377789Z #11 1.210 Collecting dnspython==2.7.0 (from -r requirements.txt (line 8))
2025-07-15T22:28:35.4378567Z #11 1.215   Downloading dnspython-2.7.0-py3-none-any.whl.metadata (5.8 kB)
2025-07-15T22:28:35.4379738Z #11 1.230 Collecting idna==3.10 (from -r requirements.txt (line 9))
2025-07-15T22:28:35.4380418Z #11 1.234   Downloading idna-3.10-py3-none-any.whl.metadata (10 kB)
2025-07-15T22:28:35.4381174Z #11 1.244 Collecting itsdangerous==2.2.0 (from -r requirements.txt (line 10))
2025-07-15T22:28:35.4381985Z #11 1.249   Downloading itsdangerous-2.2.0-py3-none-any.whl.metadata (1.9 kB)
2025-07-15T22:28:35.4382701Z #11 1.262 Collecting Jinja2==3.1.6 (from -r requirements.txt (line 11))
2025-07-15T22:28:35.4383378Z #11 1.266   Downloading jinja2-3.1.6-py3-none-any.whl.metadata (2.9 kB)
2025-07-15T22:28:35.4384087Z #11 1.320 Collecting MarkupSafe==3.0.2 (from -r requirements.txt (line 12))
2025-07-15T22:28:35.6055449Z #11 1.325   Downloading MarkupSafe-3.0.2-cp310-cp310-manylinux_2_17_x86_64.manylinux2014_x86_64.whl.metadata (4.0 kB)
2025-07-15T22:28:35.6056926Z #11 1.333 Collecting paho-mqtt==2.1.0 (from -r requirements.txt (line 13))
2025-07-15T22:28:35.6057766Z #11 1.337   Downloading paho_mqtt-2.1.0-py3-none-any.whl.metadata (23 kB)
2025-07-15T22:28:35.7807767Z #11 1.663 Collecting pymongo==4.13.2 (from -r requirements.txt (line 14))
2025-07-15T22:28:35.8829228Z #11 1.668   Downloading pymongo-4.13.2-cp310-cp310-manylinux_2_17_x86_64.manylinux2014_x86_64.whl.metadata (22 kB)
2025-07-15T22:28:35.8830187Z #11 1.687 Collecting python-dotenv==1.1.1 (from -r requirements.txt (line 15))
2025-07-15T22:28:35.8830870Z #11 1.692   Downloading python_dotenv-1.1.1-py3-none-any.whl.metadata (24 kB)
2025-07-15T22:28:35.8831381Z #11 1.715 Collecting requests==2.32.4 (from -r requirements.txt (line 16))
2025-07-15T22:28:35.8831867Z #11 1.720   Downloading requests-2.32.4-py3-none-any.whl.metadata (4.9 kB)
2025-07-15T22:28:35.8832341Z #11 1.741 Collecting urllib3==2.5.0 (from -r requirements.txt (line 17))
2025-07-15T22:28:35.8832829Z #11 1.746   Downloading urllib3-2.5.0-py3-none-any.whl.metadata (6.5 kB)
2025-07-15T22:28:35.8833292Z #11 1.765 Collecting Werkzeug==3.1.3 (from -r requirements.txt (line 18))
2025-07-15T22:28:35.9843275Z #11 1.770   Downloading werkzeug-3.1.3-py3-none-any.whl.metadata (3.7 kB)
2025-07-15T22:28:35.9844957Z #11 1.780 Collecting autodevops-cli==0.1.1 (from -r requirements.txt (line 19))
2025-07-15T22:28:35.9845869Z #11 1.785   Downloading autodevops_cli-0.1.1-py3-none-any.whl.metadata (494 bytes)
2025-07-15T22:28:35.9846980Z #11 1.792 Collecting iniconfig==2.1.0 (from -r requirements.txt (line 20))
2025-07-15T22:28:35.9847769Z #11 1.796   Downloading iniconfig-2.1.0-py3-none-any.whl.metadata (2.7 kB)
2025-07-15T22:28:35.9848503Z #11 1.805 Collecting loguru==0.7.3 (from -r requirements.txt (line 21))
2025-07-15T22:28:35.9849220Z #11 1.809   Downloading loguru-0.7.3-py3-none-any.whl.metadata (22 kB)
2025-07-15T22:28:35.9849998Z #11 1.830 Collecting markdown-it-py==3.0.0 (from -r requirements.txt (line 22))
2025-07-15T22:28:35.9850877Z #11 1.834   Downloading markdown_it_py-3.0.0-py3-none-any.whl.metadata (6.9 kB)
2025-07-15T22:28:35.9851664Z #11 1.845 Collecting mdurl==0.1.2 (from -r requirements.txt (line 23))
2025-07-15T22:28:35.9852412Z #11 1.850   Downloading mdurl-0.1.2-py3-none-any.whl.metadata (1.6 kB)
2025-07-15T22:28:35.9853219Z #11 1.862 Collecting mongomock==4.3.0 (from -r requirements.txt (line 24))
2025-07-15T22:28:35.9854012Z #11 1.867   Downloading mongomock-4.3.0-py2.py3-none-any.whl.metadata (12 kB)
2025-07-15T22:28:36.1216938Z #11 1.881 Collecting packaging==25.0 (from -r requirements.txt (line 25))
2025-07-15T22:28:36.1217611Z #11 1.885   Downloading packaging-25.0-py3-none-any.whl.metadata (3.3 kB)
2025-07-15T22:28:36.1218113Z #11 1.895 Collecting pluggy==1.6.0 (from -r requirements.txt (line 26))
2025-07-15T22:28:36.1218701Z #11 1.899   Downloading pluggy-1.6.0-py3-none-any.whl.metadata (4.8 kB)
2025-07-15T22:28:36.1219309Z #11 1.922 Collecting Pygments==2.19.2 (from -r requirements.txt (line 27))
2025-07-15T22:28:36.1219801Z #11 1.926   Downloading pygments-2.19.2-py3-none-any.whl.metadata (2.5 kB)
2025-07-15T22:28:36.1220769Z #11 1.962 Collecting pytz==2025.2 (from -r requirements.txt (line 28))
2025-07-15T22:28:36.1221314Z #11 1.967   Downloading pytz-2025.2-py2.py3-none-any.whl.metadata (22 kB)
2025-07-15T22:28:36.1221880Z #11 2.004 Collecting rich==14.0.0 (from -r requirements.txt (line 29))
2025-07-15T22:28:36.3032261Z #11 2.012   Downloading rich-14.0.0-py3-none-any.whl.metadata (18 kB)
2025-07-15T22:28:36.3033117Z #11 2.023 Collecting sentinels==1.0.0 (from -r requirements.txt (line 30))
2025-07-15T22:28:36.3033826Z #11 2.028   Downloading sentinels-1.0.0.tar.gz (4.1 kB)
2025-07-15T22:28:36.3034374Z #11 2.035   Preparing metadata (setup.py): started
2025-07-15T22:28:36.8565528Z #11 2.739   Preparing metadata (setup.py): finished with status 'done'
2025-07-15T22:28:36.9999755Z #11 2.751 Collecting sh==2.2.2 (from -r requirements.txt (line 31))
2025-07-15T22:28:37.0000930Z #11 2.755   Downloading sh-2.2.2-py3-none-any.whl.metadata (3.7 kB)
2025-07-15T22:28:37.0001762Z #11 2.792 Collecting exceptiongroup>=1.0.0rc8 (from pytest==8.2.1->-r requirements.txt (line 3))
2025-07-15T22:28:37.0002744Z #11 2.797   Downloading exceptiongroup-1.3.0-py3-none-any.whl.metadata (6.7 kB)
2025-07-15T22:28:37.0003574Z #11 2.810 Collecting tomli>=1 (from pytest==8.2.1->-r requirements.txt (line 3))
2025-07-15T22:28:37.0004334Z #11 2.814   Downloading tomli-2.2.1-py3-none-any.whl.metadata (10 kB)
2025-07-15T22:28:37.0005160Z #11 2.882 Collecting typing-extensions<5.0,>=4.0.0 (from rich==14.0.0->-r requirements.txt (line 29))
2025-07-15T22:28:37.1012758Z #11 2.888   Downloading typing_extensions-4.14.1-py3-none-any.whl.metadata (3.0 kB)
2025-07-15T22:28:37.1013444Z #11 2.917 Downloading flask-3.1.0-py3-none-any.whl (102 kB)
2025-07-15T22:28:37.1013942Z #11 2.926 Downloading flask_pymongo-3.0.1-py3-none-any.whl (11 kB)
2025-07-15T22:28:37.1014365Z #11 2.931 Downloading pytest-8.2.1-py3-none-any.whl (339 kB)
2025-07-15T22:28:37.1014789Z #11 2.944 Downloading pluggy-1.6.0-py3-none-any.whl (20 kB)
2025-07-15T22:28:37.1015179Z #11 2.949 Downloading blinker-1.9.0-py3-none-any.whl (8.5 kB)
2025-07-15T22:28:37.1015594Z #11 2.953 Downloading certifi-2025.7.14-py3-none-any.whl (162 kB)
2025-07-15T22:28:37.1016180Z #11 2.960 Downloading charset_normalizer-3.4.2-cp310-cp310-manylinux_2_17_x86_64.manylinux2014_x86_64.whl (149 kB)
2025-07-15T22:28:37.1017025Z #11 2.966 Downloading click-8.2.1-py3-none-any.whl (102 kB)
2025-07-15T22:28:37.1017421Z #11 2.970 Downloading dnspython-2.7.0-py3-none-any.whl (313 kB)
2025-07-15T22:28:37.1017802Z #11 2.980 Downloading idna-3.10-py3-none-any.whl (70 kB)
2025-07-15T22:28:37.1018188Z #11 2.984 Downloading itsdangerous-2.2.0-py3-none-any.whl (16 kB)
2025-07-15T22:28:37.2055733Z #11 2.988 Downloading jinja2-3.1.6-py3-none-any.whl (134 kB)
2025-07-15T22:28:37.4233810Z #11 2.994 Downloading MarkupSafe-3.0.2-cp310-cp310-manylinux_2_17_x86_64.manylinux2014_x86_64.whl (20 kB)
2025-07-15T22:28:37.4234643Z #11 2.998 Downloading paho_mqtt-2.1.0-py3-none-any.whl (67 kB)
2025-07-15T22:28:37.4235193Z #11 3.002 Downloading pymongo-4.13.2-cp310-cp310-manylinux_2_17_x86_64.manylinux2014_x86_64.whl (1.2 MB)
2025-07-15T22:28:37.4236023Z #11 3.022    ━━━━━━━━━━━━━━━━━━━━━━━━━━━━━━━━━━━━━━━━ 1.2/1.2 MB 69.2 MB/s eta 0:00:00
2025-07-15T22:28:37.4236673Z #11 3.026 Downloading python_dotenv-1.1.1-py3-none-any.whl (20 kB)
2025-07-15T22:28:37.4237104Z #11 3.030 Downloading requests-2.32.4-py3-none-any.whl (64 kB)
2025-07-15T22:28:37.4237481Z #11 3.034 Downloading urllib3-2.5.0-py3-none-any.whl (129 kB)
2025-07-15T22:28:37.4237849Z #11 3.039 Downloading werkzeug-3.1.3-py3-none-any.whl (224 kB)
2025-07-15T22:28:37.4238238Z #11 3.046 Downloading autodevops_cli-0.1.1-py3-none-any.whl (4.1 kB)
2025-07-15T22:28:37.4238634Z #11 3.050 Downloading iniconfig-2.1.0-py3-none-any.whl (6.0 kB)
2025-07-15T22:28:37.4239001Z #11 3.054 Downloading loguru-0.7.3-py3-none-any.whl (61 kB)
2025-07-15T22:28:37.4239390Z #11 3.058 Downloading markdown_it_py-3.0.0-py3-none-any.whl (87 kB)
2025-07-15T22:28:37.4239817Z #11 3.062 Downloading mdurl-0.1.2-py3-none-any.whl (10.0 kB)
2025-07-15T22:28:37.4240577Z #11 3.066 Downloading mongomock-4.3.0-py2.py3-none-any.whl (64 kB)
2025-07-15T22:28:37.4240989Z #11 3.070 Downloading packaging-25.0-py3-none-any.whl (66 kB)
2025-07-15T22:28:37.4241406Z #11 3.074 Downloading pygments-2.19.2-py3-none-any.whl (1.2 MB)
2025-07-15T22:28:37.4241916Z #11 3.088    ━━━━━━━━━━━━━━━━━━━━━━━━━━━━━━━━━━━━━━━━ 1.2/1.2 MB 107.1 MB/s eta 0:00:00
2025-07-15T22:28:37.4242311Z #11 3.093 Downloading pytz-2025.2-py2.py3-none-any.whl (509 kB)
2025-07-15T22:28:37.4242695Z #11 3.100 Downloading rich-14.0.0-py3-none-any.whl (243 kB)
2025-07-15T22:28:37.4243056Z #11 3.106 Downloading sh-2.2.2-py3-none-any.whl (38 kB)
2025-07-15T22:28:37.4243464Z #11 3.111 Downloading typing_extensions-4.14.1-py3-none-any.whl (43 kB)
2025-07-15T22:28:37.4243917Z #11 3.115 Downloading exceptiongroup-1.3.0-py3-none-any.whl (16 kB)
2025-07-15T22:28:37.4244491Z #11 3.119 Downloading tomli-2.2.1-py3-none-any.whl (14 kB)
2025-07-15T22:28:37.4244872Z #11 3.154 Building wheels for collected packages: sentinels
2025-07-15T22:28:37.4246795Z #11 3.155   DEPRECATION: Building 'sentinels' using the legacy setup.py bdist_wheel mechanism, which will be removed in a future version. pip 25.3 will enforce this behaviour change. A possible replacement is to use the standardized build interface by setting the `--use-pep517` option, (possibly combined with `--no-build-isolation`), or adding a `pyproject.toml` file to the source tree of 'sentinels'. Discussion can be found at https://github.com/pypa/pip/issues/6334
2025-07-15T22:28:37.4248943Z #11 3.155   Building wheel for sentinels (setup.py): started
2025-07-15T22:28:38.1439377Z #11 4.026   Building wheel for sentinels (setup.py): finished with status 'done'
2025-07-15T22:28:38.3681806Z #11 4.027   Created wheel for sentinels: filename=sentinels-1.0.0-py3-none-any.whl size=3175 sha256=cceb2baa8d29435ce31a0220e261e9c436f63c744f05b2f8bb5bd3c7af80e8cb
2025-07-15T22:28:38.3683152Z #11 4.027   Stored in directory: /tmp/pip-ephem-wheel-cache-5h6imypv/wheels/26/bc/eb/67e56405e0684b3d8c011cf4d18129c41be394775fd5ba2347
2025-07-15T22:28:38.3683933Z #11 4.029 Successfully built sentinels
2025-07-15T22:28:38.3685812Z #11 4.100 Installing collected packages: sentinels, pytz, urllib3, typing-extensions, tomli, sh, python-dotenv, Pygments, pluggy, paho-mqtt, packaging, mdurl, MarkupSafe, loguru, itsdangerous, iniconfig, idna, dnspython, click, charset-normalizer, certifi, blinker, Werkzeug, requests, pymongo, mongomock, markdown-it-py, Jinja2, exceptiongroup, rich, pytest, Flask, Flask-PyMongo, autodevops-cli
2025-07-15T22:28:40.6618906Z #11 6.544 
2025-07-15T22:28:40.8211901Z #11 6.553 Successfully installed Flask-3.1.0 Flask-PyMongo-3.0.1 Jinja2-3.1.6 MarkupSafe-3.0.2 Pygments-2.19.2 Werkzeug-3.1.3 autodevops-cli-0.1.1 blinker-1.9.0 certifi-2025.7.14 charset-normalizer-3.4.2 click-8.2.1 dnspython-2.7.0 exceptiongroup-1.3.0 idna-3.10 iniconfig-2.1.0 itsdangerous-2.2.0 loguru-0.7.3 markdown-it-py-3.0.0 mdurl-0.1.2 mongomock-4.3.0 packaging-25.0 paho-mqtt-2.1.0 pluggy-1.6.0 pymongo-4.13.2 pytest-8.2.1 python-dotenv-1.1.1 pytz-2025.2 requests-2.32.4 rich-14.0.0 sentinels-1.0.0 sh-2.2.2 tomli-2.2.1 typing-extensions-4.14.1 urllib3-2.5.0
2025-07-15T22:28:40.8215741Z #11 6.553 WARNING: Running pip as the 'root' user can result in broken permissions and conflicting behaviour with the system package manager, possibly rendering your system unusable. It is recommended to use a virtual environment instead: https://pip.pypa.io/warnings/venv. Use the --root-user-action option if you know what you are doing and want to suppress this warning.
2025-07-15T22:28:41.0207708Z #11 DONE 6.9s
2025-07-15T22:28:41.1738030Z 
2025-07-15T22:28:41.1740255Z #12 exporting to image
2025-07-15T22:28:41.1742234Z #12 exporting layers
2025-07-15T22:28:42.7954571Z #12 exporting layers 1.8s done
2025-07-15T22:28:42.8186241Z #12 writing image sha256:6c4253abb291830b5ecc9e4c2dac9dc3ac01f29d7df0527cb14d42b9a492947b done
2025-07-15T22:28:42.8187773Z #12 naming to docker.io/***/flask-ci-cd-demo done
2025-07-15T22:28:42.8188184Z #12 DONE 1.8s
2025-07-15T22:28:42.8267534Z ##[group]Run docker push ***/flask-ci-cd-demo
2025-07-15T22:28:42.8267942Z [36;1mdocker push ***/flask-ci-cd-demo[0m
2025-07-15T22:28:42.8296339Z shell: /usr/bin/bash -e {0}
2025-07-15T22:28:42.8296776Z env:
2025-07-15T22:28:42.8297026Z   pythonLocation: /opt/hostedtoolcache/Python/3.10.18/x64
2025-07-15T22:28:42.8297431Z   PKG_CONFIG_PATH: /opt/hostedtoolcache/Python/3.10.18/x64/lib/pkgconfig
2025-07-15T22:28:42.8297834Z   Python_ROOT_DIR: /opt/hostedtoolcache/Python/3.10.18/x64
2025-07-15T22:28:42.8298195Z   Python2_ROOT_DIR: /opt/hostedtoolcache/Python/3.10.18/x64
2025-07-15T22:28:42.8298549Z   Python3_ROOT_DIR: /opt/hostedtoolcache/Python/3.10.18/x64
2025-07-15T22:28:42.8298892Z   LD_LIBRARY_PATH: /opt/hostedtoolcache/Python/3.10.18/x64/lib
2025-07-15T22:28:42.8299187Z ##[endgroup]
2025-07-15T22:28:42.8451887Z Using default tag: latest
2025-07-15T22:28:42.8467402Z The push refers to repository [docker.io/***/flask-ci-cd-demo]
2025-07-15T22:28:42.9115367Z 5f164b1e5cb0: Preparing
2025-07-15T22:28:42.9116696Z 268204404ea2: Preparing
2025-07-15T22:28:42.9117115Z 95f6c3c7a824: Preparing
2025-07-15T22:28:42.9117476Z dccf717060d1: Preparing
2025-07-15T22:28:42.9117841Z 2e65fce3bd5f: Preparing
2025-07-15T22:28:42.9118218Z 31abbb538de0: Preparing
2025-07-15T22:28:42.9120661Z a2ccf7527b3c: Preparing
2025-07-15T22:28:42.9121076Z abd92ba2021e: Preparing
2025-07-15T22:28:42.9121436Z 1bb35e8b4de1: Preparing
2025-07-15T22:28:42.9121772Z a2ccf7527b3c: Waiting
2025-07-15T22:28:42.9122095Z abd92ba2021e: Waiting
2025-07-15T22:28:42.9122423Z 1bb35e8b4de1: Waiting
2025-07-15T22:28:42.9122739Z 31abbb538de0: Waiting
2025-07-15T22:28:44.2624109Z dccf717060d1: Pushed
2025-07-15T22:28:44.4060381Z 31abbb538de0: Layer already exists
2025-07-15T22:28:44.5467418Z a2ccf7527b3c: Layer already exists
2025-07-15T22:28:44.6919865Z abd92ba2021e: Layer already exists
2025-07-15T22:28:44.8420114Z 1bb35e8b4de1: Layer already exists
2025-07-15T22:28:45.3335094Z 268204404ea2: Pushed
2025-07-15T22:28:46.0341667Z 5f164b1e5cb0: Pushed
2025-07-15T22:28:47.9708053Z 95f6c3c7a824: Pushed
2025-07-15T22:28:57.6166191Z 2e65fce3bd5f: Pushed
2025-07-15T22:28:59.8807460Z latest: digest: sha256:d148ea67d3c260bfa84fe44728b09e11b07b787e6b1e22d48e18e3ba0c06f7bb size: 2212
2025-07-15T22:28:59.8875214Z Post job cleanup.
2025-07-15T22:29:00.1872231Z [command]/usr/bin/docker logout 
2025-07-15T22:29:00.2001354Z Removing login credentials for https://index.docker.io/v1/
2025-07-15T22:29:00.2038388Z ##[group]Post cache
2025-07-15T22:29:00.2039788Z State not set
2025-07-15T22:29:00.2041426Z ##[endgroup]
2025-07-15T22:29:00.2168524Z Post job cleanup.
2025-07-15T22:29:00.3823192Z Post job cleanup.
2025-07-15T22:29:00.4590609Z [command]/usr/bin/git version
2025-07-15T22:29:00.4633909Z git version 2.50.1
2025-07-15T22:29:00.4680906Z Temporarily overriding HOME='/home/runner/work/_temp/a120d2c1-1b43-4189-905b-1bb81d899105' before making global git config changes
2025-07-15T22:29:00.4682094Z Adding repository directory to the temporary git global config as a safe directory
2025-07-15T22:29:00.4684937Z [command]/usr/bin/git config --global --add safe.directory /home/runner/work/Devops/Devops
2025-07-15T22:29:00.4722466Z [command]/usr/bin/git config --local --name-only --get-regexp core\.sshCommand
2025-07-15T22:29:00.4755852Z [command]/usr/bin/git submodule foreach --recursive sh -c "git config --local --name-only --get-regexp 'core\.sshCommand' && git config --local --unset-all 'core.sshCommand' || :"
2025-07-15T22:29:00.5005670Z [command]/usr/bin/git config --local --name-only --get-regexp http\.https\:\/\/github\.com\/\.extraheader
2025-07-15T22:29:00.5029566Z http.https://github.com/.extraheader
2025-07-15T22:29:00.5042274Z [command]/usr/bin/git config --local --unset-all http.https://github.com/.extraheader
2025-07-15T22:29:00.5075112Z [command]/usr/bin/git submodule foreach --recursive sh -c "git config --local --name-only --get-regexp 'http\.https\:\/\/github\.com\/\.extraheader' && git config --local --unset-all 'http.https://github.com/.extraheader' || :"
2025-07-15T22:29:00.5431854Z Cleaning up orphan processes
