2025-07-15T20:29:21.6399363Z Current runner version: '2.326.0'
2025-07-15T20:29:21.6439521Z ##[group]Runner Image Provisioner
2025-07-15T20:29:21.6441728Z Hosted Compute Agent
2025-07-15T20:29:21.6443585Z Version: 20250711.363
2025-07-15T20:29:21.6445774Z Commit: 6785254374ce925a23743850c1cb91912ce5c14c
2025-07-15T20:29:21.6447929Z Build Date: 2025-07-11T20:04:25Z
2025-07-15T20:29:21.6449868Z ##[endgroup]
2025-07-15T20:29:21.6451650Z ##[group]Operating System
2025-07-15T20:29:21.6453327Z Ubuntu
2025-07-15T20:29:21.6455259Z 24.04.2
2025-07-15T20:29:21.6456999Z LTS
2025-07-15T20:29:21.6458727Z ##[endgroup]
2025-07-15T20:29:21.6460403Z ##[group]Runner Image
2025-07-15T20:29:21.6462219Z Image: ubuntu-24.04
2025-07-15T20:29:21.6464341Z Version: 20250710.1.0
2025-07-15T20:29:21.6467069Z Included Software: https://github.com/actions/runner-images/blob/ubuntu24/20250710.1/images/ubuntu/Ubuntu2404-Readme.md
2025-07-15T20:29:21.6470939Z Image Release: https://github.com/actions/runner-images/releases/tag/ubuntu24%2F20250710.1
2025-07-15T20:29:21.6473921Z ##[endgroup]
2025-07-15T20:29:21.6477077Z ##[group]GITHUB_TOKEN Permissions
2025-07-15T20:29:21.6480476Z Contents: read
2025-07-15T20:29:21.6482139Z Metadata: read
2025-07-15T20:29:21.6484000Z Packages: read
2025-07-15T20:29:21.6485603Z ##[endgroup]
2025-07-15T20:29:21.6489285Z Secret source: Actions
2025-07-15T20:29:21.6491439Z Prepare workflow directory
2025-07-15T20:29:21.6986696Z Prepare all required actions
2025-07-15T20:29:21.7045872Z Getting action download info
2025-07-15T20:29:21.9650172Z ##[group]Download immutable action package 'actions/checkout@v3'
2025-07-15T20:29:21.9651745Z Version: 3.6.0
2025-07-15T20:29:21.9653277Z Digest: sha256:942562b9c7d4b1f2557f1da21f4d3eb4eb4fd01f2ad78b2a6e187d1b193e0a0f
2025-07-15T20:29:21.9655167Z Source commit SHA: f43a0e5ff2bd294095638e18286ca9a3d1956744
2025-07-15T20:29:21.9656386Z ##[endgroup]
2025-07-15T20:29:22.0758414Z ##[group]Download immutable action package 'actions/setup-python@v4'
2025-07-15T20:29:22.0759774Z Version: 4.9.1
2025-07-15T20:29:22.0761083Z Digest: sha256:f03e505388af670b5a108629e0ba26befc08d5c62b41f46146a45fe29ae509a5
2025-07-15T20:29:22.0762581Z Source commit SHA: 7f4fc3e22c37d6ff65e88745f38bd3157c663f7c
2025-07-15T20:29:22.0764048Z ##[endgroup]
2025-07-15T20:29:22.3128356Z ##[group]Download immutable action package 'docker/login-action@v3'
2025-07-15T20:29:22.3129419Z Version: 3.4.0
2025-07-15T20:29:22.3130484Z Digest: sha256:864ebd28db095e1602e6ef999f46a4f575083ea874918fbccf0994c2a7680450
2025-07-15T20:29:22.3131791Z Source commit SHA: 74a5d142397b4f367a81961eba4e8cd7edddf772
2025-07-15T20:29:22.3132817Z ##[endgroup]
2025-07-15T20:29:22.5910910Z Download action repository 'appleboy/ssh-action@v1.0.0' (SHA:55dabf81b49d4120609345970c91507e2d734799)
2025-07-15T20:29:22.8832984Z Complete job name: build-test-deploy
2025-07-15T20:29:22.9345246Z ##[group]Build container for action use: '/home/runner/work/_actions/appleboy/ssh-action/v1.0.0/Dockerfile'.
2025-07-15T20:29:22.9419632Z ##[command]/usr/bin/docker build -t d5e7c9:526933a01d3848cf9199cb2b505a5e8a -f "/home/runner/work/_actions/appleboy/ssh-action/v1.0.0/Dockerfile" "/home/runner/work/_actions/appleboy/ssh-action/v1.0.0"
2025-07-15T20:29:23.4491971Z #0 building with "default" instance using docker driver
2025-07-15T20:29:23.4492966Z 
2025-07-15T20:29:23.4493934Z #1 [internal] load build definition from Dockerfile
2025-07-15T20:29:23.4495428Z #1 transferring dockerfile: 170B done
2025-07-15T20:29:23.4496775Z #1 DONE 0.0s
2025-07-15T20:29:23.4497360Z 
2025-07-15T20:29:23.4498178Z #2 [internal] load metadata for ghcr.io/appleboy/drone-ssh:1.7.0
2025-07-15T20:29:23.5427628Z #2 DONE 0.2s
2025-07-15T20:29:23.6594141Z 
2025-07-15T20:29:23.6595547Z #3 [internal] load .dockerignore
2025-07-15T20:29:23.6597604Z #3 transferring context: 2B done
2025-07-15T20:29:23.6599550Z #3 DONE 0.0s
2025-07-15T20:29:23.6600529Z 
2025-07-15T20:29:23.6601779Z #4 [internal] load build context
2025-07-15T20:29:23.6604297Z #4 transferring context: 108B done
2025-07-15T20:29:23.6606752Z #4 DONE 0.0s
2025-07-15T20:29:23.6608436Z 
2025-07-15T20:29:23.6610709Z #5 [1/3] FROM ghcr.io/appleboy/drone-ssh:1.7.0@sha256:6818eede35495f9b993ba086350a53c29c9cfc935ef4f93b84a6c2e34e5dd100
2025-07-15T20:29:23.6615497Z #5 resolve ghcr.io/appleboy/drone-ssh:1.7.0@sha256:6818eede35495f9b993ba086350a53c29c9cfc935ef4f93b84a6c2e34e5dd100 done
2025-07-15T20:29:23.6619012Z #5 extracting sha256:4db1b89c0bd13344176ddce2d093b9da2ae58336823ffed2009a7ea4b62d2a95
2025-07-15T20:29:23.6622786Z #5 sha256:6818eede35495f9b993ba086350a53c29c9cfc935ef4f93b84a6c2e34e5dd100 2.38kB / 2.38kB done
2025-07-15T20:29:23.6626440Z #5 sha256:7896ba2bf31bc811100ebe17c066ec4ebb20f14e44c438e51b842f14cce72205 864B / 864B done
2025-07-15T20:29:23.6630280Z #5 sha256:178867ded3677e49c9fd3174feefe428b856f9c4fd4c9fe4a9588fc80c4d7614 3.34kB / 3.34kB done
2025-07-15T20:29:23.6635604Z #5 sha256:4db1b89c0bd13344176ddce2d093b9da2ae58336823ffed2009a7ea4b62d2a95 3.37MB / 3.37MB 0.1s done
2025-07-15T20:29:23.6640486Z #5 sha256:ef68d9ebed59d010ecedd79627d501152d7a932c8a32685fbec143370961699e 2.42MB / 2.42MB 0.1s done
2025-07-15T20:29:23.7864213Z #5 extracting sha256:4db1b89c0bd13344176ddce2d093b9da2ae58336823ffed2009a7ea4b62d2a95 0.1s done
2025-07-15T20:29:23.7867906Z #5 extracting sha256:6bd0ff5b8ea528bad73a47e6171c4d7dc3b49d4310fcf759bb62ea5796e4c0c0 0.0s done
2025-07-15T20:29:23.7871695Z #5 sha256:6bd0ff5b8ea528bad73a47e6171c4d7dc3b49d4310fcf759bb62ea5796e4c0c0 284.84kB / 284.84kB 0.1s done
2025-07-15T20:29:23.8884438Z #5 extracting sha256:ef68d9ebed59d010ecedd79627d501152d7a932c8a32685fbec143370961699e 0.0s done
2025-07-15T20:29:23.8889027Z #5 DONE 0.3s
2025-07-15T20:29:24.0246344Z 
2025-07-15T20:29:24.0248105Z #6 [2/3] COPY entrypoint.sh /entrypoint.sh
2025-07-15T20:29:24.0251018Z #6 DONE 0.0s
2025-07-15T20:29:24.0252124Z 
2025-07-15T20:29:24.0253396Z #7 [3/3] RUN chmod +x /entrypoint.sh
2025-07-15T20:29:24.0256270Z #7 DONE 0.1s
2025-07-15T20:29:24.1767173Z 
2025-07-15T20:29:24.1768820Z #8 exporting to image
2025-07-15T20:29:24.1770928Z #8 exporting layers
2025-07-15T20:29:25.0076826Z #8 exporting layers 1.0s done
2025-07-15T20:29:25.0264699Z #8 writing image sha256:42f5ee0d4b14f77bee65c1e6a076447ef140ca747fcf74ceb84bc9b75adf4b7c done
2025-07-15T20:29:25.0266270Z #8 naming to docker.io/library/d5e7c9:526933a01d3848cf9199cb2b505a5e8a done
2025-07-15T20:29:25.0267411Z #8 DONE 1.0s
2025-07-15T20:29:25.0327614Z ##[endgroup]
2025-07-15T20:29:25.0594722Z ##[group]Run actions/checkout@v3
2025-07-15T20:29:25.0595512Z with:
2025-07-15T20:29:25.0595926Z   repository: Dinesh-4/Devops
2025-07-15T20:29:25.0596559Z   token: ***
2025-07-15T20:29:25.0596949Z   ssh-strict: true
2025-07-15T20:29:25.0597361Z   persist-credentials: true
2025-07-15T20:29:25.0597787Z   clean: true
2025-07-15T20:29:25.0598191Z   sparse-checkout-cone-mode: true
2025-07-15T20:29:25.0598634Z   fetch-depth: 1
2025-07-15T20:29:25.0599040Z   fetch-tags: false
2025-07-15T20:29:25.0599455Z   lfs: false
2025-07-15T20:29:25.0599834Z   submodules: false
2025-07-15T20:29:25.0600232Z   set-safe-directory: true
2025-07-15T20:29:25.0600858Z ##[endgroup]
2025-07-15T20:29:25.1482198Z Syncing repository: Dinesh-4/Devops
2025-07-15T20:29:25.1484054Z ##[group]Getting Git version info
2025-07-15T20:29:25.1484670Z Working directory is '/home/runner/work/Devops/Devops'
2025-07-15T20:29:25.1485516Z [command]/usr/bin/git version
2025-07-15T20:29:25.1485996Z git version 2.50.1
2025-07-15T20:29:25.1507561Z ##[endgroup]
2025-07-15T20:29:25.1521026Z Temporarily overriding HOME='/home/runner/work/_temp/611c8916-d256-4f00-be26-347dde23984b' before making global git config changes
2025-07-15T20:29:25.1522138Z Adding repository directory to the temporary git global config as a safe directory
2025-07-15T20:29:25.1524548Z [command]/usr/bin/git config --global --add safe.directory /home/runner/work/Devops/Devops
2025-07-15T20:29:25.1558970Z Deleting the contents of '/home/runner/work/Devops/Devops'
2025-07-15T20:29:25.1562612Z ##[group]Initializing the repository
2025-07-15T20:29:25.1565479Z [command]/usr/bin/git init /home/runner/work/Devops/Devops
2025-07-15T20:29:25.1630608Z hint: Using 'master' as the name for the initial branch. This default branch name
2025-07-15T20:29:25.1631643Z hint: is subject to change. To configure the initial branch name to use in all
2025-07-15T20:29:25.1632409Z hint: of your new repositories, which will suppress this warning, call:
2025-07-15T20:29:25.1633006Z hint:
2025-07-15T20:29:25.1633521Z hint: 	git config --global init.defaultBranch <name>
2025-07-15T20:29:25.1634261Z hint:
2025-07-15T20:29:25.1635022Z hint: Names commonly chosen instead of 'master' are 'main', 'trunk' and
2025-07-15T20:29:25.1636154Z hint: 'development'. The just-created branch can be renamed via this command:
2025-07-15T20:29:25.1636818Z hint:
2025-07-15T20:29:25.1637257Z hint: 	git branch -m <name>
2025-07-15T20:29:25.1637727Z hint:
2025-07-15T20:29:25.1638308Z hint: Disable this message with "git config set advice.defaultBranchName false"
2025-07-15T20:29:25.1639151Z Initialized empty Git repository in /home/runner/work/Devops/Devops/.git/
2025-07-15T20:29:25.1645156Z [command]/usr/bin/git remote add origin https://github.com/Dinesh-4/Devops
2025-07-15T20:29:25.1715015Z ##[endgroup]
2025-07-15T20:29:25.1716328Z ##[group]Disabling automatic garbage collection
2025-07-15T20:29:25.1717909Z [command]/usr/bin/git config --local gc.auto 0
2025-07-15T20:29:25.1745420Z ##[endgroup]
2025-07-15T20:29:25.1746731Z ##[group]Setting up auth
2025-07-15T20:29:25.1751298Z [command]/usr/bin/git config --local --name-only --get-regexp core\.sshCommand
2025-07-15T20:29:25.1778216Z [command]/usr/bin/git submodule foreach --recursive sh -c "git config --local --name-only --get-regexp 'core\.sshCommand' && git config --local --unset-all 'core.sshCommand' || :"
2025-07-15T20:29:25.2104939Z [command]/usr/bin/git config --local --name-only --get-regexp http\.https\:\/\/github\.com\/\.extraheader
2025-07-15T20:29:25.2133616Z [command]/usr/bin/git submodule foreach --recursive sh -c "git config --local --name-only --get-regexp 'http\.https\:\/\/github\.com\/\.extraheader' && git config --local --unset-all 'http.https://github.com/.extraheader' || :"
2025-07-15T20:29:25.2351068Z [command]/usr/bin/git config --local http.https://github.com/.extraheader AUTHORIZATION: basic ***
2025-07-15T20:29:25.2383324Z ##[endgroup]
2025-07-15T20:29:25.2385042Z ##[group]Fetching the repository
2025-07-15T20:29:25.2392572Z [command]/usr/bin/git -c protocol.version=2 fetch --no-tags --prune --progress --no-recurse-submodules --depth=1 origin +78359d01caf4711b048544af4882d8af4cb0499a:refs/remotes/origin/main
2025-07-15T20:29:25.4196738Z remote: Enumerating objects: 4181, done.        
2025-07-15T20:29:25.4198145Z remote: Counting objects:   0% (1/4181)        
2025-07-15T20:29:25.4199502Z remote: Counting objects:   1% (42/4181)        
2025-07-15T20:29:25.4200491Z remote: Counting objects:   2% (84/4181)        
2025-07-15T20:29:25.4201388Z remote: Counting objects:   3% (126/4181)        
2025-07-15T20:29:25.4202223Z remote: Counting objects:   4% (168/4181)        
2025-07-15T20:29:25.4203147Z remote: Counting objects:   5% (210/4181)        
2025-07-15T20:29:25.4204042Z remote: Counting objects:   6% (251/4181)        
2025-07-15T20:29:25.4204623Z remote: Counting objects:   7% (293/4181)        
2025-07-15T20:29:25.4205195Z remote: Counting objects:   8% (335/4181)        
2025-07-15T20:29:25.4205779Z remote: Counting objects:   9% (377/4181)        
2025-07-15T20:29:25.4206339Z remote: Counting objects:  10% (419/4181)        
2025-07-15T20:29:25.4206898Z remote: Counting objects:  11% (460/4181)        
2025-07-15T20:29:25.4207476Z remote: Counting objects:  12% (502/4181)        
2025-07-15T20:29:25.4208034Z remote: Counting objects:  13% (544/4181)        
2025-07-15T20:29:25.4208631Z remote: Counting objects:  14% (586/4181)        
2025-07-15T20:29:25.4209190Z remote: Counting objects:  15% (628/4181)        
2025-07-15T20:29:25.4209763Z remote: Counting objects:  16% (669/4181)        
2025-07-15T20:29:25.4210245Z remote: Counting objects:  17% (711/4181)        
2025-07-15T20:29:25.4210696Z remote: Counting objects:  18% (753/4181)        
2025-07-15T20:29:25.4211451Z remote: Counting objects:  19% (795/4181)        
2025-07-15T20:29:25.4211892Z remote: Counting objects:  20% (837/4181)        
2025-07-15T20:29:25.4212322Z remote: Counting objects:  21% (879/4181)        
2025-07-15T20:29:25.4212766Z remote: Counting objects:  22% (920/4181)        
2025-07-15T20:29:25.4213212Z remote: Counting objects:  23% (962/4181)        
2025-07-15T20:29:25.4213828Z remote: Counting objects:  24% (1004/4181)        
2025-07-15T20:29:25.4214312Z remote: Counting objects:  25% (1046/4181)        
2025-07-15T20:29:25.4214766Z remote: Counting objects:  26% (1088/4181)        
2025-07-15T20:29:25.4215230Z remote: Counting objects:  27% (1129/4181)        
2025-07-15T20:29:25.4215730Z remote: Counting objects:  28% (1171/4181)        
2025-07-15T20:29:25.4216179Z remote: Counting objects:  29% (1213/4181)        
2025-07-15T20:29:25.4249029Z remote: Counting objects:  30% (1255/4181)        
2025-07-15T20:29:25.4250007Z remote: Counting objects:  31% (1297/4181)        
2025-07-15T20:29:25.4250988Z remote: Counting objects:  32% (1338/4181)        
2025-07-15T20:29:25.4251853Z remote: Counting objects:  33% (1380/4181)        
2025-07-15T20:29:25.4252736Z remote: Counting objects:  34% (1422/4181)        
2025-07-15T20:29:25.4253362Z remote: Counting objects:  35% (1464/4181)        
2025-07-15T20:29:25.4254802Z remote: Counting objects:  36% (1506/4181)        
2025-07-15T20:29:25.4255658Z remote: Counting objects:  37% (1547/4181)        
2025-07-15T20:29:25.4256555Z remote: Counting objects:  38% (1589/4181)        
2025-07-15T20:29:25.4257346Z remote: Counting objects:  39% (1631/4181)        
2025-07-15T20:29:25.4257921Z remote: Counting objects:  40% (1673/4181)        
2025-07-15T20:29:25.4258551Z remote: Counting objects:  41% (1715/4181)        
2025-07-15T20:29:25.4259117Z remote: Counting objects:  42% (1757/4181)        
2025-07-15T20:29:25.4259678Z remote: Counting objects:  43% (1798/4181)        
2025-07-15T20:29:25.4260249Z remote: Counting objects:  44% (1840/4181)        
2025-07-15T20:29:25.4260732Z remote: Counting objects:  45% (1882/4181)        
2025-07-15T20:29:25.4261170Z remote: Counting objects:  46% (1924/4181)        
2025-07-15T20:29:25.4261602Z remote: Counting objects:  47% (1966/4181)        
2025-07-15T20:29:25.4262289Z remote: Counting objects:  48% (2007/4181)        
2025-07-15T20:29:25.4262746Z remote: Counting objects:  49% (2049/4181)        
2025-07-15T20:29:25.4263213Z remote: Counting objects:  50% (2091/4181)        
2025-07-15T20:29:25.4263825Z remote: Counting objects:  51% (2133/4181)        
2025-07-15T20:29:25.4264304Z remote: Counting objects:  52% (2175/4181)        
2025-07-15T20:29:25.4264751Z remote: Counting objects:  53% (2216/4181)        
2025-07-15T20:29:25.4265183Z remote: Counting objects:  54% (2258/4181)        
2025-07-15T20:29:25.4265618Z remote: Counting objects:  55% (2300/4181)        
2025-07-15T20:29:25.4266081Z remote: Counting objects:  56% (2342/4181)        
2025-07-15T20:29:25.4266536Z remote: Counting objects:  57% (2384/4181)        
2025-07-15T20:29:25.4266976Z remote: Counting objects:  58% (2425/4181)        
2025-07-15T20:29:25.4267412Z remote: Counting objects:  59% (2467/4181)        
2025-07-15T20:29:25.4267846Z remote: Counting objects:  60% (2509/4181)        
2025-07-15T20:29:25.4268285Z remote: Counting objects:  61% (2551/4181)        
2025-07-15T20:29:25.4268725Z remote: Counting objects:  62% (2593/4181)        
2025-07-15T20:29:25.4269158Z remote: Counting objects:  63% (2635/4181)        
2025-07-15T20:29:25.4269623Z remote: Counting objects:  64% (2676/4181)        
2025-07-15T20:29:25.4270060Z remote: Counting objects:  65% (2718/4181)        
2025-07-15T20:29:25.4270497Z remote: Counting objects:  66% (2760/4181)        
2025-07-15T20:29:25.4270935Z remote: Counting objects:  67% (2802/4181)        
2025-07-15T20:29:25.4271366Z remote: Counting objects:  68% (2844/4181)        
2025-07-15T20:29:25.4271805Z remote: Counting objects:  69% (2885/4181)        
2025-07-15T20:29:25.4272420Z remote: Counting objects:  70% (2927/4181)        
2025-07-15T20:29:25.4273064Z remote: Counting objects:  71% (2969/4181)        
2025-07-15T20:29:25.4273820Z remote: Counting objects:  72% (3011/4181)        
2025-07-15T20:29:25.4274562Z remote: Counting objects:  73% (3053/4181)        
2025-07-15T20:29:25.4275308Z remote: Counting objects:  74% (3094/4181)        
2025-07-15T20:29:25.4275767Z remote: Counting objects:  75% (3136/4181)        
2025-07-15T20:29:25.4276213Z remote: Counting objects:  76% (3178/4181)        
2025-07-15T20:29:25.4276883Z remote: Counting objects:  77% (3220/4181)        
2025-07-15T20:29:25.4277794Z remote: Counting objects:  78% (3262/4181)        
2025-07-15T20:29:25.4278741Z remote: Counting objects:  79% (3303/4181)        
2025-07-15T20:29:25.4279604Z remote: Counting objects:  80% (3345/4181)        
2025-07-15T20:29:25.4280334Z remote: Counting objects:  81% (3387/4181)        
2025-07-15T20:29:25.4281171Z remote: Counting objects:  82% (3429/4181)        
2025-07-15T20:29:25.4282028Z remote: Counting objects:  83% (3471/4181)        
2025-07-15T20:29:25.4282971Z remote: Counting objects:  84% (3513/4181)        
2025-07-15T20:29:25.4284036Z remote: Counting objects:  85% (3554/4181)        
2025-07-15T20:29:25.4285050Z remote: Counting objects:  86% (3596/4181)        
2025-07-15T20:29:25.4286075Z remote: Counting objects:  87% (3638/4181)        
2025-07-15T20:29:25.4286843Z remote: Counting objects:  88% (3680/4181)        
2025-07-15T20:29:25.4287576Z remote: Counting objects:  89% (3722/4181)        
2025-07-15T20:29:25.4288307Z remote: Counting objects:  90% (3763/4181)        
2025-07-15T20:29:25.4289310Z remote: Counting objects:  91% (3805/4181)        
2025-07-15T20:29:25.4314367Z remote: Counting objects:  92% (3847/4181)        
2025-07-15T20:29:25.4315135Z remote: Counting objects:  93% (3889/4181)        
2025-07-15T20:29:25.4315819Z remote: Counting objects:  94% (3931/4181)        
2025-07-15T20:29:25.4316545Z remote: Counting objects:  95% (3972/4181)        
2025-07-15T20:29:25.4317297Z remote: Counting objects:  96% (4014/4181)        
2025-07-15T20:29:25.4318022Z remote: Counting objects:  97% (4056/4181)        
2025-07-15T20:29:25.4318800Z remote: Counting objects:  98% (4098/4181)        
2025-07-15T20:29:25.4319873Z remote: Counting objects:  99% (4140/4181)        
2025-07-15T20:29:25.4320730Z remote: Counting objects: 100% (4181/4181)        
2025-07-15T20:29:25.4321549Z remote: Counting objects: 100% (4181/4181), done.        
2025-07-15T20:29:25.4322381Z remote: Compressing objects:   0% (1/3564)        
2025-07-15T20:29:25.4323184Z remote: Compressing objects:   1% (36/3564)        
2025-07-15T20:29:25.4324194Z remote: Compressing objects:   2% (72/3564)        
2025-07-15T20:29:25.4325013Z remote: Compressing objects:   3% (107/3564)        
2025-07-15T20:29:25.4325819Z remote: Compressing objects:   4% (143/3564)        
2025-07-15T20:29:25.4326631Z remote: Compressing objects:   5% (179/3564)        
2025-07-15T20:29:25.4327898Z remote: Compressing objects:   6% (214/3564)        
2025-07-15T20:29:25.4328766Z remote: Compressing objects:   7% (250/3564)        
2025-07-15T20:29:25.4329567Z remote: Compressing objects:   8% (286/3564)        
2025-07-15T20:29:25.4330327Z remote: Compressing objects:   9% (321/3564)        
2025-07-15T20:29:25.4330846Z remote: Compressing objects:  10% (357/3564)        
2025-07-15T20:29:25.4331318Z remote: Compressing objects:  11% (393/3564)        
2025-07-15T20:29:25.4331770Z remote: Compressing objects:  12% (428/3564)        
2025-07-15T20:29:25.4332221Z remote: Compressing objects:  13% (464/3564)        
2025-07-15T20:29:25.4332695Z remote: Compressing objects:  14% (499/3564)        
2025-07-15T20:29:25.4333165Z remote: Compressing objects:  15% (535/3564)        
2025-07-15T20:29:25.4333618Z remote: Compressing objects:  16% (571/3564)        
2025-07-15T20:29:25.4334373Z remote: Compressing objects:  17% (606/3564)        
2025-07-15T20:29:25.4334827Z remote: Compressing objects:  18% (642/3564)        
2025-07-15T20:29:25.4335473Z remote: Compressing objects:  19% (678/3564)        
2025-07-15T20:29:25.4335989Z remote: Compressing objects:  20% (713/3564)        
2025-07-15T20:29:25.4336439Z remote: Compressing objects:  21% (749/3564)        
2025-07-15T20:29:25.4336899Z remote: Compressing objects:  22% (785/3564)        
2025-07-15T20:29:25.4337345Z remote: Compressing objects:  23% (820/3564)        
2025-07-15T20:29:25.4337792Z remote: Compressing objects:  24% (856/3564)        
2025-07-15T20:29:25.4338242Z remote: Compressing objects:  25% (891/3564)        
2025-07-15T20:29:25.4339145Z remote: Compressing objects:  26% (927/3564)        
2025-07-15T20:29:25.4340045Z remote: Compressing objects:  27% (963/3564)        
2025-07-15T20:29:25.4340902Z remote: Compressing objects:  28% (998/3564)        
2025-07-15T20:29:25.4341509Z remote: Compressing objects:  29% (1034/3564)        
2025-07-15T20:29:25.4341977Z remote: Compressing objects:  30% (1070/3564)        
2025-07-15T20:29:25.4342447Z remote: Compressing objects:  31% (1105/3564)        
2025-07-15T20:29:25.4342907Z remote: Compressing objects:  32% (1141/3564)        
2025-07-15T20:29:25.4343376Z remote: Compressing objects:  33% (1177/3564)        
2025-07-15T20:29:25.4344082Z remote: Compressing objects:  34% (1212/3564)        
2025-07-15T20:29:25.4344545Z remote: Compressing objects:  35% (1248/3564)        
2025-07-15T20:29:25.4345001Z remote: Compressing objects:  36% (1284/3564)        
2025-07-15T20:29:25.4345451Z remote: Compressing objects:  37% (1319/3564)        
2025-07-15T20:29:25.4345896Z remote: Compressing objects:  38% (1355/3564)        
2025-07-15T20:29:25.4346351Z remote: Compressing objects:  39% (1390/3564)        
2025-07-15T20:29:25.4346800Z remote: Compressing objects:  40% (1426/3564)        
2025-07-15T20:29:25.4347252Z remote: Compressing objects:  41% (1462/3564)        
2025-07-15T20:29:25.4347711Z remote: Compressing objects:  42% (1497/3564)        
2025-07-15T20:29:25.4348170Z remote: Compressing objects:  43% (1533/3564)        
2025-07-15T20:29:25.4348635Z remote: Compressing objects:  44% (1569/3564)        
2025-07-15T20:29:25.4349084Z remote: Compressing objects:  45% (1604/3564)        
2025-07-15T20:29:25.4349556Z remote: Compressing objects:  46% (1640/3564)        
2025-07-15T20:29:25.4350194Z remote: Compressing objects:  47% (1676/3564)        
2025-07-15T20:29:25.4350657Z remote: Compressing objects:  48% (1711/3564)        
2025-07-15T20:29:25.4351111Z remote: Compressing objects:  49% (1747/3564)        
2025-07-15T20:29:25.4351559Z remote: Compressing objects:  50% (1782/3564)        
2025-07-15T20:29:25.4352010Z remote: Compressing objects:  51% (1818/3564)        
2025-07-15T20:29:25.4352452Z remote: Compressing objects:  52% (1854/3564)        
2025-07-15T20:29:25.4352904Z remote: Compressing objects:  53% (1889/3564)        
2025-07-15T20:29:25.4353358Z remote: Compressing objects:  54% (1925/3564)        
2025-07-15T20:29:25.4354077Z remote: Compressing objects:  55% (1961/3564)        
2025-07-15T20:29:25.4354549Z remote: Compressing objects:  56% (1996/3564)        
2025-07-15T20:29:25.4355003Z remote: Compressing objects:  57% (2032/3564)        
2025-07-15T20:29:25.4355450Z remote: Compressing objects:  58% (2068/3564)        
2025-07-15T20:29:25.4355901Z remote: Compressing objects:  59% (2103/3564)        
2025-07-15T20:29:25.4356609Z remote: Compressing objects:  60% (2139/3564)        
2025-07-15T20:29:25.4357197Z remote: Compressing objects:  61% (2175/3564)        
2025-07-15T20:29:25.4357652Z remote: Compressing objects:  62% (2210/3564)        
2025-07-15T20:29:25.4358105Z remote: Compressing objects:  63% (2246/3564)        
2025-07-15T20:29:25.4358557Z remote: Compressing objects:  64% (2281/3564)        
2025-07-15T20:29:25.4359008Z remote: Compressing objects:  65% (2317/3564)        
2025-07-15T20:29:25.4359460Z remote: Compressing objects:  66% (2353/3564)        
2025-07-15T20:29:25.4359919Z remote: Compressing objects:  67% (2388/3564)        
2025-07-15T20:29:25.4360545Z remote: Compressing objects:  68% (2424/3564)        
2025-07-15T20:29:25.4361007Z remote: Compressing objects:  69% (2460/3564)        
2025-07-15T20:29:25.4361462Z remote: Compressing objects:  70% (2495/3564)        
2025-07-15T20:29:25.4361922Z remote: Compressing objects:  71% (2531/3564)        
2025-07-15T20:29:25.4362382Z remote: Compressing objects:  72% (2567/3564)        
2025-07-15T20:29:25.4362830Z remote: Compressing objects:  73% (2602/3564)        
2025-07-15T20:29:25.4363280Z remote: Compressing objects:  74% (2638/3564)        
2025-07-15T20:29:25.4364307Z remote: Compressing objects:  75% (2673/3564)        
2025-07-15T20:29:25.4364980Z remote: Compressing objects:  76% (2709/3564)        
2025-07-15T20:29:25.4365444Z remote: Compressing objects:  77% (2745/3564)        
2025-07-15T20:29:25.4365881Z remote: Compressing objects:  78% (2780/3564)        
2025-07-15T20:29:25.4366321Z remote: Compressing objects:  79% (2816/3564)        
2025-07-15T20:29:25.4366761Z remote: Compressing objects:  80% (2852/3564)        
2025-07-15T20:29:25.4367214Z remote: Compressing objects:  81% (2887/3564)        
2025-07-15T20:29:25.4367663Z remote: Compressing objects:  82% (2923/3564)        
2025-07-15T20:29:25.4368105Z remote: Compressing objects:  83% (2959/3564)        
2025-07-15T20:29:25.4368552Z remote: Compressing objects:  84% (2994/3564)        
2025-07-15T20:29:25.4368997Z remote: Compressing objects:  85% (3030/3564)        
2025-07-15T20:29:25.4369452Z remote: Compressing objects:  86% (3066/3564)        
2025-07-15T20:29:25.4369912Z remote: Compressing objects:  87% (3101/3564)        
2025-07-15T20:29:25.4370365Z remote: Compressing objects:  88% (3137/3564)        
2025-07-15T20:29:25.4370818Z remote: Compressing objects:  89% (3172/3564)        
2025-07-15T20:29:25.4371290Z remote: Compressing objects:  90% (3208/3564)        
2025-07-15T20:29:25.4371751Z remote: Compressing objects:  91% (3244/3564)        
2025-07-15T20:29:25.4372211Z remote: Compressing objects:  92% (3279/3564)        
2025-07-15T20:29:25.4372668Z remote: Compressing objects:  93% (3315/3564)        
2025-07-15T20:29:25.4373117Z remote: Compressing objects:  94% (3351/3564)        
2025-07-15T20:29:25.4373567Z remote: Compressing objects:  95% (3386/3564)        
2025-07-15T20:29:25.4374317Z remote: Compressing objects:  96% (3422/3564)        
2025-07-15T20:29:25.4374784Z remote: Compressing objects:  97% (3458/3564)        
2025-07-15T20:29:25.4375238Z remote: Compressing objects:  98% (3493/3564)        
2025-07-15T20:29:25.4375695Z remote: Compressing objects:  99% (3529/3564)        
2025-07-15T20:29:25.4376150Z remote: Compressing objects: 100% (3564/3564)        
2025-07-15T20:29:25.4376633Z remote: Compressing objects: 100% (3564/3564), done.        
2025-07-15T20:29:25.4397319Z Receiving objects:   0% (1/4181)
2025-07-15T20:29:25.4421956Z Receiving objects:   1% (42/4181)
2025-07-15T20:29:25.4533105Z Receiving objects:   2% (84/4181)
2025-07-15T20:29:25.4950161Z Receiving objects:   3% (126/4181)
2025-07-15T20:29:25.5132383Z Receiving objects:   4% (168/4181)
2025-07-15T20:29:25.5305738Z Receiving objects:   5% (210/4181)
2025-07-15T20:29:25.5351796Z Receiving objects:   6% (251/4181)
2025-07-15T20:29:25.5696221Z Receiving objects:   7% (293/4181)
2025-07-15T20:29:25.5762077Z Receiving objects:   8% (335/4181)
2025-07-15T20:29:25.5866246Z Receiving objects:   9% (377/4181)
2025-07-15T20:29:25.5976923Z Receiving objects:  10% (419/4181)
2025-07-15T20:29:25.6066299Z Receiving objects:  11% (460/4181)
2025-07-15T20:29:25.6120198Z Receiving objects:  12% (502/4181)
2025-07-15T20:29:25.6163955Z Receiving objects:  13% (544/4181)
2025-07-15T20:29:25.6169543Z Receiving objects:  14% (586/4181)
2025-07-15T20:29:25.6194547Z Receiving objects:  15% (628/4181)
2025-07-15T20:29:25.6203374Z Receiving objects:  16% (669/4181)
2025-07-15T20:29:25.6233018Z Receiving objects:  17% (711/4181)
2025-07-15T20:29:25.6256765Z Receiving objects:  18% (753/4181)
2025-07-15T20:29:25.6300531Z Receiving objects:  19% (795/4181)
2025-07-15T20:29:25.6344282Z Receiving objects:  20% (837/4181)
2025-07-15T20:29:25.6398167Z Receiving objects:  21% (879/4181)
2025-07-15T20:29:25.6451683Z Receiving objects:  22% (920/4181)
2025-07-15T20:29:25.6519080Z Receiving objects:  23% (962/4181)
2025-07-15T20:29:25.6560551Z Receiving objects:  24% (1004/4181)
2025-07-15T20:29:25.6579225Z Receiving objects:  25% (1046/4181)
2025-07-15T20:29:25.6595687Z Receiving objects:  26% (1088/4181)
2025-07-15T20:29:25.6609182Z Receiving objects:  27% (1129/4181)
2025-07-15T20:29:25.6623015Z Receiving objects:  28% (1171/4181)
2025-07-15T20:29:25.6664825Z Receiving objects:  29% (1213/4181)
2025-07-15T20:29:25.6700020Z Receiving objects:  30% (1255/4181)
2025-07-15T20:29:25.6735555Z Receiving objects:  31% (1297/4181)
2025-07-15T20:29:25.6770777Z Receiving objects:  32% (1338/4181)
2025-07-15T20:29:25.6798549Z Receiving objects:  33% (1380/4181)
2025-07-15T20:29:25.6834079Z Receiving objects:  34% (1422/4181)
2025-07-15T20:29:25.6860909Z Receiving objects:  35% (1464/4181)
2025-07-15T20:29:25.6885613Z Receiving objects:  36% (1506/4181)
2025-07-15T20:29:25.6955610Z Receiving objects:  37% (1547/4181)
2025-07-15T20:29:25.6968011Z Receiving objects:  38% (1589/4181)
2025-07-15T20:29:25.7017858Z Receiving objects:  39% (1631/4181)
2025-07-15T20:29:25.7038514Z Receiving objects:  40% (1673/4181)
2025-07-15T20:29:25.7091004Z Receiving objects:  41% (1715/4181)
2025-07-15T20:29:25.7130312Z Receiving objects:  42% (1757/4181)
2025-07-15T20:29:25.7175193Z Receiving objects:  43% (1798/4181)
2025-07-15T20:29:25.7253559Z Receiving objects:  44% (1840/4181)
2025-07-15T20:29:25.7304274Z Receiving objects:  45% (1882/4181)
2025-07-15T20:29:25.7337533Z Receiving objects:  46% (1924/4181)
2025-07-15T20:29:25.7371689Z Receiving objects:  47% (1966/4181)
2025-07-15T20:29:25.7447489Z Receiving objects:  48% (2007/4181)
2025-07-15T20:29:25.7489854Z Receiving objects:  49% (2049/4181)
2025-07-15T20:29:25.7520974Z Receiving objects:  50% (2091/4181)
2025-07-15T20:29:25.7558428Z Receiving objects:  51% (2133/4181)
2025-07-15T20:29:25.7615057Z Receiving objects:  52% (2175/4181)
2025-07-15T20:29:25.7661750Z Receiving objects:  53% (2216/4181)
2025-07-15T20:29:25.7685373Z Receiving objects:  54% (2258/4181)
2025-07-15T20:29:25.7724758Z Receiving objects:  55% (2300/4181)
2025-07-15T20:29:25.7757288Z Receiving objects:  56% (2342/4181)
2025-07-15T20:29:25.7810352Z Receiving objects:  57% (2384/4181)
2025-07-15T20:29:25.7835952Z Receiving objects:  58% (2425/4181)
2025-07-15T20:29:25.7861212Z Receiving objects:  59% (2467/4181)
2025-07-15T20:29:25.7880941Z Receiving objects:  60% (2509/4181)
2025-07-15T20:29:25.7946884Z Receiving objects:  61% (2551/4181)
2025-07-15T20:29:25.7994504Z Receiving objects:  62% (2593/4181)
2025-07-15T20:29:25.8035924Z Receiving objects:  63% (2635/4181)
2025-07-15T20:29:25.8117629Z Receiving objects:  64% (2676/4181)
2025-07-15T20:29:25.8165127Z Receiving objects:  65% (2718/4181)
2025-07-15T20:29:25.8219297Z Receiving objects:  66% (2760/4181)
2025-07-15T20:29:25.8288831Z Receiving objects:  67% (2802/4181)
2025-07-15T20:29:25.8334157Z Receiving objects:  68% (2844/4181)
2025-07-15T20:29:25.8375576Z Receiving objects:  69% (2885/4181)
2025-07-15T20:29:25.8438546Z Receiving objects:  70% (2927/4181)
2025-07-15T20:29:25.8487289Z Receiving objects:  71% (2969/4181)
2025-07-15T20:29:25.8528425Z Receiving objects:  72% (3011/4181)
2025-07-15T20:29:25.8551248Z Receiving objects:  73% (3053/4181)
2025-07-15T20:29:25.8568013Z Receiving objects:  74% (3094/4181)
2025-07-15T20:29:25.8579636Z Receiving objects:  75% (3136/4181)
2025-07-15T20:29:25.8609096Z Receiving objects:  76% (3178/4181)
2025-07-15T20:29:25.8663619Z Receiving objects:  77% (3220/4181)
2025-07-15T20:29:25.8772470Z Receiving objects:  78% (3262/4181)
2025-07-15T20:29:25.8818895Z Receiving objects:  79% (3303/4181)
2025-07-15T20:29:25.8878655Z Receiving objects:  80% (3345/4181)
2025-07-15T20:29:25.8905597Z Receiving objects:  81% (3387/4181)
2025-07-15T20:29:25.8930054Z Receiving objects:  82% (3429/4181)
2025-07-15T20:29:25.8937687Z Receiving objects:  83% (3471/4181)
2025-07-15T20:29:25.8944798Z Receiving objects:  84% (3513/4181)
2025-07-15T20:29:25.8952961Z Receiving objects:  85% (3554/4181)
2025-07-15T20:29:25.8961903Z Receiving objects:  86% (3596/4181)
2025-07-15T20:29:25.8966501Z Receiving objects:  87% (3638/4181)
2025-07-15T20:29:25.8974826Z Receiving objects:  88% (3680/4181)
2025-07-15T20:29:25.8977583Z Receiving objects:  89% (3722/4181)
2025-07-15T20:29:25.8984081Z Receiving objects:  90% (3763/4181)
2025-07-15T20:29:25.9004198Z Receiving objects:  91% (3805/4181)
2025-07-15T20:29:25.9012367Z Receiving objects:  92% (3847/4181)
2025-07-15T20:29:25.9039840Z Receiving objects:  93% (3889/4181)
2025-07-15T20:29:25.9044384Z Receiving objects:  94% (3931/4181)
2025-07-15T20:29:25.9090902Z Receiving objects:  95% (3972/4181)
2025-07-15T20:29:25.9118943Z Receiving objects:  96% (4014/4181)
2025-07-15T20:29:25.9178944Z Receiving objects:  97% (4056/4181)
2025-07-15T20:29:25.9216178Z Receiving objects:  98% (4098/4181)
2025-07-15T20:29:25.9257368Z Receiving objects:  99% (4140/4181)
2025-07-15T20:29:25.9258246Z remote: Total 4181 (delta 578), reused 4167 (delta 572), pack-reused 0 (from 0)        
2025-07-15T20:29:25.9276045Z Receiving objects: 100% (4181/4181)
2025-07-15T20:29:25.9276995Z Receiving objects: 100% (4181/4181), 14.19 MiB | 28.73 MiB/s, done.
2025-07-15T20:29:25.9280621Z Resolving deltas:   0% (0/578)
2025-07-15T20:29:25.9281394Z Resolving deltas:   1% (6/578)
2025-07-15T20:29:25.9282125Z Resolving deltas:   2% (12/578)
2025-07-15T20:29:25.9282760Z Resolving deltas:   3% (18/578)
2025-07-15T20:29:25.9286963Z Resolving deltas:   4% (24/578)
2025-07-15T20:29:25.9287776Z Resolving deltas:   5% (29/578)
2025-07-15T20:29:25.9288416Z Resolving deltas:   6% (35/578)
2025-07-15T20:29:25.9289041Z Resolving deltas:   7% (41/578)
2025-07-15T20:29:25.9295159Z Resolving deltas:   8% (48/578)
2025-07-15T20:29:25.9297320Z Resolving deltas:   9% (53/578)
2025-07-15T20:29:25.9297952Z Resolving deltas:  10% (58/578)
2025-07-15T20:29:25.9319055Z Resolving deltas:  11% (64/578)
2025-07-15T20:29:25.9319952Z Resolving deltas:  12% (70/578)
2025-07-15T20:29:25.9373456Z Resolving deltas:  13% (76/578)
2025-07-15T20:29:25.9377153Z Resolving deltas:  14% (81/578)
2025-07-15T20:29:25.9388980Z Resolving deltas:  15% (87/578)
2025-07-15T20:29:25.9392797Z Resolving deltas:  16% (93/578)
2025-07-15T20:29:25.9393935Z Resolving deltas:  17% (99/578)
2025-07-15T20:29:25.9394884Z Resolving deltas:  18% (105/578)
2025-07-15T20:29:25.9396751Z Resolving deltas:  19% (110/578)
2025-07-15T20:29:25.9405515Z Resolving deltas:  20% (116/578)
2025-07-15T20:29:25.9406195Z Resolving deltas:  21% (122/578)
2025-07-15T20:29:25.9406874Z Resolving deltas:  22% (128/578)
2025-07-15T20:29:25.9407504Z Resolving deltas:  23% (133/578)
2025-07-15T20:29:25.9408110Z Resolving deltas:  24% (139/578)
2025-07-15T20:29:25.9408702Z Resolving deltas:  25% (145/578)
2025-07-15T20:29:25.9409312Z Resolving deltas:  26% (151/578)
2025-07-15T20:29:25.9409920Z Resolving deltas:  27% (157/578)
2025-07-15T20:29:25.9413208Z Resolving deltas:  28% (162/578)
2025-07-15T20:29:25.9415859Z Resolving deltas:  29% (168/578)
2025-07-15T20:29:25.9432247Z Resolving deltas:  30% (174/578)
2025-07-15T20:29:25.9433364Z Resolving deltas:  31% (181/578)
2025-07-15T20:29:25.9444159Z Resolving deltas:  32% (185/578)
2025-07-15T20:29:25.9445966Z Resolving deltas:  33% (191/578)
2025-07-15T20:29:25.9453381Z Resolving deltas:  34% (197/578)
2025-07-15T20:29:25.9455898Z Resolving deltas:  35% (204/578)
2025-07-15T20:29:25.9456507Z Resolving deltas:  36% (209/578)
2025-07-15T20:29:25.9465332Z Resolving deltas:  37% (214/578)
2025-07-15T20:29:25.9469020Z Resolving deltas:  38% (220/578)
2025-07-15T20:29:25.9472853Z Resolving deltas:  39% (226/578)
2025-07-15T20:29:25.9477869Z Resolving deltas:  40% (232/578)
2025-07-15T20:29:25.9487902Z Resolving deltas:  41% (237/578)
2025-07-15T20:29:25.9493809Z Resolving deltas:  42% (243/578)
2025-07-15T20:29:25.9500111Z Resolving deltas:  43% (249/578)
2025-07-15T20:29:25.9503553Z Resolving deltas:  44% (255/578)
2025-07-15T20:29:25.9508302Z Resolving deltas:  45% (261/578)
2025-07-15T20:29:25.9511891Z Resolving deltas:  46% (266/578)
2025-07-15T20:29:25.9517092Z Resolving deltas:  47% (272/578)
2025-07-15T20:29:25.9523928Z Resolving deltas:  48% (278/578)
2025-07-15T20:29:25.9535292Z Resolving deltas:  49% (284/578)
2025-07-15T20:29:25.9539201Z Resolving deltas:  50% (289/578)
2025-07-15T20:29:25.9544944Z Resolving deltas:  51% (295/578)
2025-07-15T20:29:25.9548969Z Resolving deltas:  52% (301/578)
2025-07-15T20:29:25.9557495Z Resolving deltas:  53% (307/578)
2025-07-15T20:29:25.9560617Z Resolving deltas:  54% (313/578)
2025-07-15T20:29:25.9565992Z Resolving deltas:  55% (318/578)
2025-07-15T20:29:25.9570293Z Resolving deltas:  56% (324/578)
2025-07-15T20:29:25.9574470Z Resolving deltas:  57% (330/578)
2025-07-15T20:29:25.9577778Z Resolving deltas:  58% (336/578)
2025-07-15T20:29:25.9590335Z Resolving deltas:  59% (342/578)
2025-07-15T20:29:25.9596623Z Resolving deltas:  60% (347/578)
2025-07-15T20:29:25.9600439Z Resolving deltas:  61% (353/578)
2025-07-15T20:29:25.9608603Z Resolving deltas:  62% (359/578)
2025-07-15T20:29:25.9614000Z Resolving deltas:  63% (365/578)
2025-07-15T20:29:25.9621317Z Resolving deltas:  64% (370/578)
2025-07-15T20:29:25.9625063Z Resolving deltas:  65% (376/578)
2025-07-15T20:29:25.9631361Z Resolving deltas:  66% (382/578)
2025-07-15T20:29:25.9634296Z Resolving deltas:  67% (388/578)
2025-07-15T20:29:25.9639392Z Resolving deltas:  68% (394/578)
2025-07-15T20:29:25.9641256Z Resolving deltas:  69% (399/578)
2025-07-15T20:29:25.9646453Z Resolving deltas:  70% (405/578)
2025-07-15T20:29:25.9652541Z Resolving deltas:  71% (411/578)
2025-07-15T20:29:25.9656207Z Resolving deltas:  72% (417/578)
2025-07-15T20:29:25.9661062Z Resolving deltas:  73% (422/578)
2025-07-15T20:29:25.9665398Z Resolving deltas:  74% (428/578)
2025-07-15T20:29:25.9670267Z Resolving deltas:  75% (434/578)
2025-07-15T20:29:25.9677854Z Resolving deltas:  76% (441/578)
2025-07-15T20:29:25.9685336Z Resolving deltas:  77% (446/578)
2025-07-15T20:29:25.9689022Z Resolving deltas:  78% (451/578)
2025-07-15T20:29:25.9694135Z Resolving deltas:  79% (457/578)
2025-07-15T20:29:25.9699116Z Resolving deltas:  80% (463/578)
2025-07-15T20:29:25.9702198Z Resolving deltas:  81% (469/578)
2025-07-15T20:29:25.9706186Z Resolving deltas:  82% (474/578)
2025-07-15T20:29:25.9708054Z Resolving deltas:  83% (481/578)
2025-07-15T20:29:25.9721363Z Resolving deltas:  84% (486/578)
2025-07-15T20:29:25.9737020Z Resolving deltas:  85% (492/578)
2025-07-15T20:29:25.9739733Z Resolving deltas:  86% (498/578)
2025-07-15T20:29:25.9747807Z Resolving deltas:  87% (503/578)
2025-07-15T20:29:25.9759285Z Resolving deltas:  88% (509/578)
2025-07-15T20:29:25.9770389Z Resolving deltas:  89% (515/578)
2025-07-15T20:29:25.9773385Z Resolving deltas:  90% (521/578)
2025-07-15T20:29:25.9775965Z Resolving deltas:  91% (526/578)
2025-07-15T20:29:25.9777918Z Resolving deltas:  92% (532/578)
2025-07-15T20:29:25.9779552Z Resolving deltas:  93% (538/578)
2025-07-15T20:29:25.9781296Z Resolving deltas:  94% (544/578)
2025-07-15T20:29:25.9781915Z Resolving deltas:  95% (550/578)
2025-07-15T20:29:25.9782499Z Resolving deltas:  96% (555/578)
2025-07-15T20:29:25.9784962Z Resolving deltas:  97% (561/578)
2025-07-15T20:29:25.9785616Z Resolving deltas:  98% (567/578)
2025-07-15T20:29:25.9786277Z Resolving deltas:  99% (574/578)
2025-07-15T20:29:25.9787795Z Resolving deltas: 100% (578/578)
2025-07-15T20:29:25.9788174Z Resolving deltas: 100% (578/578), done.
2025-07-15T20:29:25.9936084Z From https://github.com/Dinesh-4/Devops
2025-07-15T20:29:25.9936872Z  * [new ref]         78359d01caf4711b048544af4882d8af4cb0499a -> origin/main
2025-07-15T20:29:25.9964576Z ##[endgroup]
2025-07-15T20:29:25.9965229Z ##[group]Determining the checkout info
2025-07-15T20:29:25.9966979Z ##[endgroup]
2025-07-15T20:29:25.9968011Z ##[group]Checking out the ref
2025-07-15T20:29:25.9971131Z [command]/usr/bin/git checkout --progress --force -B main refs/remotes/origin/main
2025-07-15T20:29:26.3590401Z Switched to a new branch 'main'
2025-07-15T20:29:26.3591451Z branch 'main' set up to track 'origin/main'.
2025-07-15T20:29:26.3626427Z ##[endgroup]
2025-07-15T20:29:26.3655303Z [command]/usr/bin/git log -1 --format='%H'
2025-07-15T20:29:26.3678720Z '78359d01caf4711b048544af4882d8af4cb0499a'
2025-07-15T20:29:26.3896081Z ##[group]Run actions/setup-python@v4
2025-07-15T20:29:26.3896492Z with:
2025-07-15T20:29:26.3896807Z   python-version: 3.10
2025-07-15T20:29:26.3897134Z   check-latest: false
2025-07-15T20:29:26.3897571Z   token: ***
2025-07-15T20:29:26.3897882Z   update-environment: true
2025-07-15T20:29:26.3898227Z   allow-prereleases: false
2025-07-15T20:29:26.3898558Z ##[endgroup]
2025-07-15T20:29:26.5579129Z ##[group]Installed versions
2025-07-15T20:29:26.5689665Z Successfully set up CPython (3.10.18)
2025-07-15T20:29:26.5690779Z ##[endgroup]
2025-07-15T20:29:26.5806145Z ##[group]Run python -m pip install --upgrade pip
2025-07-15T20:29:26.5806710Z [36;1mpython -m pip install --upgrade pip[0m
2025-07-15T20:29:26.5807190Z [36;1mpip install -r requirements.txt[0m
2025-07-15T20:29:26.5850237Z shell: /usr/bin/bash -e {0}
2025-07-15T20:29:26.5850607Z env:
2025-07-15T20:29:26.5850985Z   pythonLocation: /opt/hostedtoolcache/Python/3.10.18/x64
2025-07-15T20:29:26.5851560Z   PKG_CONFIG_PATH: /opt/hostedtoolcache/Python/3.10.18/x64/lib/pkgconfig
2025-07-15T20:29:26.5852092Z   Python_ROOT_DIR: /opt/hostedtoolcache/Python/3.10.18/x64
2025-07-15T20:29:26.5852569Z   Python2_ROOT_DIR: /opt/hostedtoolcache/Python/3.10.18/x64
2025-07-15T20:29:26.5853045Z   Python3_ROOT_DIR: /opt/hostedtoolcache/Python/3.10.18/x64
2025-07-15T20:29:26.5853527Z   LD_LIBRARY_PATH: /opt/hostedtoolcache/Python/3.10.18/x64/lib
2025-07-15T20:29:26.5854208Z ##[endgroup]
2025-07-15T20:29:27.2526059Z Requirement already satisfied: pip in /opt/hostedtoolcache/Python/3.10.18/x64/lib/python3.10/site-packages (25.1.1)
2025-07-15T20:29:27.9501648Z Collecting Flask==3.1.0 (from -r requirements.txt (line 1))
2025-07-15T20:29:27.9952004Z   Downloading flask-3.1.0-py3-none-any.whl.metadata (2.7 kB)
2025-07-15T20:29:28.0138325Z Collecting Flask-PyMongo==3.0.1 (from -r requirements.txt (line 2))
2025-07-15T20:29:28.0240532Z   Downloading flask_pymongo-3.0.1-py3-none-any.whl.metadata (3.5 kB)
2025-07-15T20:29:28.0812987Z Collecting pytest==8.2.1 (from -r requirements.txt (line 3))
2025-07-15T20:29:28.0901971Z   Downloading pytest-8.2.1-py3-none-any.whl.metadata (7.6 kB)
2025-07-15T20:29:28.1089766Z Collecting blinker==1.9.0 (from -r requirements.txt (line 4))
2025-07-15T20:29:28.1166330Z   Downloading blinker-1.9.0-py3-none-any.whl.metadata (1.6 kB)
2025-07-15T20:29:28.1403149Z Collecting certifi==2025.7.14 (from -r requirements.txt (line 5))
2025-07-15T20:29:28.1475516Z   Downloading certifi-2025.7.14-py3-none-any.whl.metadata (2.4 kB)
2025-07-15T20:29:28.2422871Z Collecting charset-normalizer==3.4.2 (from -r requirements.txt (line 6))
2025-07-15T20:29:28.2502949Z   Downloading charset_normalizer-3.4.2-cp310-cp310-manylinux_2_17_x86_64.manylinux2014_x86_64.whl.metadata (35 kB)
2025-07-15T20:29:28.2782298Z Collecting click==8.2.1 (from -r requirements.txt (line 7))
2025-07-15T20:29:28.2860129Z   Downloading click-8.2.1-py3-none-any.whl.metadata (2.5 kB)
2025-07-15T20:29:28.3036327Z Collecting dnspython==2.7.0 (from -r requirements.txt (line 8))
2025-07-15T20:29:28.3108931Z   Downloading dnspython-2.7.0-py3-none-any.whl.metadata (5.8 kB)
2025-07-15T20:29:28.3343981Z Collecting idna==3.10 (from -r requirements.txt (line 9))
2025-07-15T20:29:28.3416246Z   Downloading idna-3.10-py3-none-any.whl.metadata (10 kB)
2025-07-15T20:29:28.3584626Z Collecting itsdangerous==2.2.0 (from -r requirements.txt (line 10))
2025-07-15T20:29:28.3658111Z   Downloading itsdangerous-2.2.0-py3-none-any.whl.metadata (1.9 kB)
2025-07-15T20:29:28.3862642Z Collecting Jinja2==3.1.6 (from -r requirements.txt (line 11))
2025-07-15T20:29:28.3943212Z   Downloading jinja2-3.1.6-py3-none-any.whl.metadata (2.9 kB)
2025-07-15T20:29:28.4566487Z Collecting MarkupSafe==3.0.2 (from -r requirements.txt (line 12))
2025-07-15T20:29:28.4649555Z   Downloading MarkupSafe-3.0.2-cp310-cp310-manylinux_2_17_x86_64.manylinux2014_x86_64.whl.metadata (4.0 kB)
2025-07-15T20:29:28.4812641Z Collecting paho-mqtt==2.1.0 (from -r requirements.txt (line 13))
2025-07-15T20:29:28.4912044Z   Downloading paho_mqtt-2.1.0-py3-none-any.whl.metadata (23 kB)
2025-07-15T20:29:28.8426901Z Collecting pymongo==4.13.2 (from -r requirements.txt (line 14))
2025-07-15T20:29:28.8526316Z   Downloading pymongo-4.13.2-cp310-cp310-manylinux_2_17_x86_64.manylinux2014_x86_64.whl.metadata (22 kB)
2025-07-15T20:29:28.8802157Z Collecting python-dotenv==1.1.1 (from -r requirements.txt (line 15))
2025-07-15T20:29:28.8875900Z   Downloading python_dotenv-1.1.1-py3-none-any.whl.metadata (24 kB)
2025-07-15T20:29:28.9206625Z Collecting requests==2.32.4 (from -r requirements.txt (line 16))
2025-07-15T20:29:28.9281897Z   Downloading requests-2.32.4-py3-none-any.whl.metadata (4.9 kB)
2025-07-15T20:29:28.9607066Z Collecting urllib3==2.5.0 (from -r requirements.txt (line 17))
2025-07-15T20:29:28.9682239Z   Downloading urllib3-2.5.0-py3-none-any.whl.metadata (6.5 kB)
2025-07-15T20:29:28.9966725Z Collecting Werkzeug==3.1.3 (from -r requirements.txt (line 18))
2025-07-15T20:29:29.0044162Z   Downloading werkzeug-3.1.3-py3-none-any.whl.metadata (3.7 kB)
2025-07-15T20:29:29.0194007Z Collecting autodevops-cli==0.1.1 (from -r requirements.txt (line 19))
2025-07-15T20:29:29.0402091Z   Downloading autodevops_cli-0.1.1-py3-none-any.whl.metadata (494 bytes)
2025-07-15T20:29:29.0539118Z Collecting iniconfig==2.1.0 (from -r requirements.txt (line 20))
2025-07-15T20:29:29.0631071Z   Downloading iniconfig-2.1.0-py3-none-any.whl.metadata (2.7 kB)
2025-07-15T20:29:29.0793091Z Collecting loguru==0.7.3 (from -r requirements.txt (line 21))
2025-07-15T20:29:29.0869282Z   Downloading loguru-0.7.3-py3-none-any.whl.metadata (22 kB)
2025-07-15T20:29:29.1150330Z Collecting markdown-it-py==3.0.0 (from -r requirements.txt (line 22))
2025-07-15T20:29:29.1224477Z   Downloading markdown_it_py-3.0.0-py3-none-any.whl.metadata (6.9 kB)
2025-07-15T20:29:29.1412008Z Collecting mdurl==0.1.2 (from -r requirements.txt (line 23))
2025-07-15T20:29:29.1486863Z   Downloading mdurl-0.1.2-py3-none-any.whl.metadata (1.6 kB)
2025-07-15T20:29:29.1661342Z Collecting mongomock==4.3.0 (from -r requirements.txt (line 24))
2025-07-15T20:29:29.1747133Z   Downloading mongomock-4.3.0-py2.py3-none-any.whl.metadata (12 kB)
2025-07-15T20:29:29.1955883Z Collecting packaging==25.0 (from -r requirements.txt (line 25))
2025-07-15T20:29:29.2029648Z   Downloading packaging-25.0-py3-none-any.whl.metadata (3.3 kB)
2025-07-15T20:29:29.2204446Z Collecting pluggy==1.6.0 (from -r requirements.txt (line 26))
2025-07-15T20:29:29.2281161Z   Downloading pluggy-1.6.0-py3-none-any.whl.metadata (4.8 kB)
2025-07-15T20:29:29.2531238Z Collecting Pygments==2.19.2 (from -r requirements.txt (line 27))
2025-07-15T20:29:29.2604451Z   Downloading pygments-2.19.2-py3-none-any.whl.metadata (2.5 kB)
2025-07-15T20:29:29.3047726Z Collecting pytz==2025.2 (from -r requirements.txt (line 28))
2025-07-15T20:29:29.3125318Z   Downloading pytz-2025.2-py2.py3-none-any.whl.metadata (22 kB)
2025-07-15T20:29:29.3603103Z Collecting rich==14.0.0 (from -r requirements.txt (line 29))
2025-07-15T20:29:29.3676643Z   Downloading rich-14.0.0-py3-none-any.whl.metadata (18 kB)
2025-07-15T20:29:29.3822153Z Collecting sentinels==1.0.0 (from -r requirements.txt (line 30))
2025-07-15T20:29:29.3894407Z   Downloading sentinels-1.0.0.tar.gz (4.1 kB)
2025-07-15T20:29:29.3981806Z   Installing build dependencies: started
2025-07-15T20:29:30.3214848Z   Installing build dependencies: finished with status 'done'
2025-07-15T20:29:30.3222760Z   Getting requirements to build wheel: started
2025-07-15T20:29:30.6540870Z   Getting requirements to build wheel: finished with status 'done'
2025-07-15T20:29:30.6550536Z   Preparing metadata (pyproject.toml): started
2025-07-15T20:29:30.8361320Z   Preparing metadata (pyproject.toml): finished with status 'done'
2025-07-15T20:29:30.8552918Z Collecting sh==2.2.2 (from -r requirements.txt (line 31))
2025-07-15T20:29:30.8653199Z   Downloading sh-2.2.2-py3-none-any.whl.metadata (3.7 kB)
2025-07-15T20:29:30.9132924Z Collecting exceptiongroup>=1.0.0rc8 (from pytest==8.2.1->-r requirements.txt (line 3))
2025-07-15T20:29:30.9217614Z   Downloading exceptiongroup-1.3.0-py3-none-any.whl.metadata (6.7 kB)
2025-07-15T20:29:30.9431715Z Collecting tomli>=1 (from pytest==8.2.1->-r requirements.txt (line 3))
2025-07-15T20:29:30.9573585Z   Downloading tomli-2.2.1-py3-none-any.whl.metadata (10 kB)
2025-07-15T20:29:31.0309555Z Collecting typing-extensions<5.0,>=4.0.0 (from rich==14.0.0->-r requirements.txt (line 29))
2025-07-15T20:29:31.0386420Z   Downloading typing_extensions-4.14.1-py3-none-any.whl.metadata (3.0 kB)
2025-07-15T20:29:31.0600948Z Downloading flask-3.1.0-py3-none-any.whl (102 kB)
2025-07-15T20:29:31.0772980Z Downloading flask_pymongo-3.0.1-py3-none-any.whl (11 kB)
2025-07-15T20:29:31.0936060Z Downloading pytest-8.2.1-py3-none-any.whl (339 kB)
2025-07-15T20:29:31.1094689Z Downloading pluggy-1.6.0-py3-none-any.whl (20 kB)
2025-07-15T20:29:31.1210088Z Downloading blinker-1.9.0-py3-none-any.whl (8.5 kB)
2025-07-15T20:29:31.1307240Z Downloading certifi-2025.7.14-py3-none-any.whl (162 kB)
2025-07-15T20:29:31.1411333Z Downloading charset_normalizer-3.4.2-cp310-cp310-manylinux_2_17_x86_64.manylinux2014_x86_64.whl (149 kB)
2025-07-15T20:29:31.1508091Z Downloading click-8.2.1-py3-none-any.whl (102 kB)
2025-07-15T20:29:31.1615520Z Downloading dnspython-2.7.0-py3-none-any.whl (313 kB)
2025-07-15T20:29:31.1745500Z Downloading idna-3.10-py3-none-any.whl (70 kB)
2025-07-15T20:29:31.1842411Z Downloading itsdangerous-2.2.0-py3-none-any.whl (16 kB)
2025-07-15T20:29:31.1936112Z Downloading jinja2-3.1.6-py3-none-any.whl (134 kB)
2025-07-15T20:29:31.2039149Z Downloading MarkupSafe-3.0.2-cp310-cp310-manylinux_2_17_x86_64.manylinux2014_x86_64.whl (20 kB)
2025-07-15T20:29:31.2142959Z Downloading paho_mqtt-2.1.0-py3-none-any.whl (67 kB)
2025-07-15T20:29:31.2241500Z Downloading pymongo-4.13.2-cp310-cp310-manylinux_2_17_x86_64.manylinux2014_x86_64.whl (1.2 MB)
2025-07-15T20:29:31.2380995Z    ━━━━━━━━━━━━━━━━━━━━━━━━━━━━━━━━━━━━━━━━ 1.2/1.2 MB 92.2 MB/s eta 0:00:00
2025-07-15T20:29:31.2460333Z Downloading python_dotenv-1.1.1-py3-none-any.whl (20 kB)
2025-07-15T20:29:31.2572256Z Downloading requests-2.32.4-py3-none-any.whl (64 kB)
2025-07-15T20:29:31.2668228Z Downloading urllib3-2.5.0-py3-none-any.whl (129 kB)
2025-07-15T20:29:31.2775361Z Downloading werkzeug-3.1.3-py3-none-any.whl (224 kB)
2025-07-15T20:29:31.2914788Z Downloading autodevops_cli-0.1.1-py3-none-any.whl (4.1 kB)
2025-07-15T20:29:31.3017826Z Downloading iniconfig-2.1.0-py3-none-any.whl (6.0 kB)
2025-07-15T20:29:31.3195156Z Downloading loguru-0.7.3-py3-none-any.whl (61 kB)
2025-07-15T20:29:31.3292088Z Downloading markdown_it_py-3.0.0-py3-none-any.whl (87 kB)
2025-07-15T20:29:31.3405766Z Downloading mdurl-0.1.2-py3-none-any.whl (10.0 kB)
2025-07-15T20:29:31.3506656Z Downloading mongomock-4.3.0-py2.py3-none-any.whl (64 kB)
2025-07-15T20:29:31.3606077Z Downloading packaging-25.0-py3-none-any.whl (66 kB)
2025-07-15T20:29:31.3706483Z Downloading pygments-2.19.2-py3-none-any.whl (1.2 MB)
2025-07-15T20:29:31.3794978Z    ━━━━━━━━━━━━━━━━━━━━━━━━━━━━━━━━━━━━━━━━ 1.2/1.2 MB 158.7 MB/s eta 0:00:00
2025-07-15T20:29:31.3868547Z Downloading pytz-2025.2-py2.py3-none-any.whl (509 kB)
2025-07-15T20:29:31.3983125Z Downloading rich-14.0.0-py3-none-any.whl (243 kB)
2025-07-15T20:29:31.4086747Z Downloading sh-2.2.2-py3-none-any.whl (38 kB)
2025-07-15T20:29:31.4181811Z Downloading typing_extensions-4.14.1-py3-none-any.whl (43 kB)
2025-07-15T20:29:31.4290567Z Downloading exceptiongroup-1.3.0-py3-none-any.whl (16 kB)
2025-07-15T20:29:31.4385293Z Downloading tomli-2.2.1-py3-none-any.whl (14 kB)
2025-07-15T20:29:31.4748439Z Building wheels for collected packages: sentinels
2025-07-15T20:29:31.4757949Z   Building wheel for sentinels (pyproject.toml): started
2025-07-15T20:29:31.6794878Z   Building wheel for sentinels (pyproject.toml): finished with status 'done'
2025-07-15T20:29:31.6801581Z   Created wheel for sentinels: filename=sentinels-1.0.0-py3-none-any.whl size=3229 sha256=953e7013c958876a05e5ae125b0c31bc1a7667f1eece04bd01e6787e7da11ab6
2025-07-15T20:29:31.6804220Z   Stored in directory: /home/runner/.cache/pip/wheels/26/bc/eb/67e56405e0684b3d8c011cf4d18129c41be394775fd5ba2347
2025-07-15T20:29:31.6820356Z Successfully built sentinels
2025-07-15T20:29:31.7570402Z Installing collected packages: sentinels, pytz, urllib3, typing-extensions, tomli, sh, python-dotenv, Pygments, pluggy, paho-mqtt, packaging, mdurl, MarkupSafe, loguru, itsdangerous, iniconfig, idna, dnspython, click, charset-normalizer, certifi, blinker, Werkzeug, requests, pymongo, mongomock, markdown-it-py, Jinja2, exceptiongroup, rich, pytest, Flask, Flask-PyMongo, autodevops-cli
2025-07-15T20:29:34.1860169Z 
2025-07-15T20:29:34.1921374Z Successfully installed Flask-3.1.0 Flask-PyMongo-3.0.1 Jinja2-3.1.6 MarkupSafe-3.0.2 Pygments-2.19.2 Werkzeug-3.1.3 autodevops-cli-0.1.1 blinker-1.9.0 certifi-2025.7.14 charset-normalizer-3.4.2 click-8.2.1 dnspython-2.7.0 exceptiongroup-1.3.0 idna-3.10 iniconfig-2.1.0 itsdangerous-2.2.0 loguru-0.7.3 markdown-it-py-3.0.0 mdurl-0.1.2 mongomock-4.3.0 packaging-25.0 paho-mqtt-2.1.0 pluggy-1.6.0 pymongo-4.13.2 pytest-8.2.1 python-dotenv-1.1.1 pytz-2025.2 requests-2.32.4 rich-14.0.0 sentinels-1.0.0 sh-2.2.2 tomli-2.2.1 typing-extensions-4.14.1 urllib3-2.5.0
2025-07-15T20:29:34.3448438Z ##[group]Run export PYTHONPATH=.
2025-07-15T20:29:34.3448901Z [36;1mexport PYTHONPATH=.[0m
2025-07-15T20:29:34.3449273Z [36;1mpytest test_main.py -v[0m
2025-07-15T20:29:34.3491946Z shell: /usr/bin/bash -e {0}
2025-07-15T20:29:34.3492315Z env:
2025-07-15T20:29:34.3492704Z   pythonLocation: /opt/hostedtoolcache/Python/3.10.18/x64
2025-07-15T20:29:34.3493274Z   PKG_CONFIG_PATH: /opt/hostedtoolcache/Python/3.10.18/x64/lib/pkgconfig
2025-07-15T20:29:34.3494005Z   Python_ROOT_DIR: /opt/hostedtoolcache/Python/3.10.18/x64
2025-07-15T20:29:34.3494511Z   Python2_ROOT_DIR: /opt/hostedtoolcache/Python/3.10.18/x64
2025-07-15T20:29:34.3495019Z   Python3_ROOT_DIR: /opt/hostedtoolcache/Python/3.10.18/x64
2025-07-15T20:29:34.3495507Z   LD_LIBRARY_PATH: /opt/hostedtoolcache/Python/3.10.18/x64/lib
2025-07-15T20:29:34.3495935Z ##[endgroup]
2025-07-15T20:29:34.6004884Z ============================= test session starts ==============================
2025-07-15T20:29:34.6006128Z platform linux -- Python 3.10.18, pytest-8.2.1, pluggy-1.6.0 -- /opt/hostedtoolcache/Python/3.10.18/x64/bin/python
2025-07-15T20:29:34.6007194Z cachedir: .pytest_cache
2025-07-15T20:29:34.6007817Z rootdir: /home/runner/work/Devops/Devops
2025-07-15T20:29:34.7975781Z collecting ... collected 7 items
2025-07-15T20:29:34.7976411Z 
2025-07-15T20:29:34.8065535Z test_main.py::test_home_page PASSED                                      [ 14%]
2025-07-15T20:29:34.8177134Z test_main.py::test_admin_dashboard PASSED                                [ 28%]
2025-07-15T20:29:34.8241173Z test_main.py::test_student_dashboard PASSED                              [ 42%]
2025-07-15T20:29:34.8284319Z test_main.py::test_generate_attendance_no_input PASSED                   [ 57%]
2025-07-15T20:29:34.8327466Z test_main.py::test_student_generate_attendance_invalid PASSED            [ 71%]
2025-07-15T20:29:34.8388078Z test_main.py::test_register_user_get PASSED                              [ 85%]
2025-07-15T20:29:34.8446704Z test_main.py::test_receive_rfid_missing PASSED                           [100%]
2025-07-15T20:29:34.8447513Z 
2025-07-15T20:29:34.8447807Z ============================== 7 passed in 0.24s ===============================
2025-07-15T20:29:34.8951465Z ##[group]Run docker/login-action@v3
2025-07-15T20:29:34.8951869Z with:
2025-07-15T20:29:34.8952332Z   username: ***
2025-07-15T20:29:34.8952719Z   password: ***
2025-07-15T20:29:34.8953017Z   ecr: auto
2025-07-15T20:29:34.8953315Z   logout: true
2025-07-15T20:29:34.8953612Z env:
2025-07-15T20:29:34.8954237Z   pythonLocation: /opt/hostedtoolcache/Python/3.10.18/x64
2025-07-15T20:29:34.8954791Z   PKG_CONFIG_PATH: /opt/hostedtoolcache/Python/3.10.18/x64/lib/pkgconfig
2025-07-15T20:29:34.8955535Z   Python_ROOT_DIR: /opt/hostedtoolcache/Python/3.10.18/x64
2025-07-15T20:29:34.8956027Z   Python2_ROOT_DIR: /opt/hostedtoolcache/Python/3.10.18/x64
2025-07-15T20:29:34.8956528Z   Python3_ROOT_DIR: /opt/hostedtoolcache/Python/3.10.18/x64
2025-07-15T20:29:34.8957022Z   LD_LIBRARY_PATH: /opt/hostedtoolcache/Python/3.10.18/x64/lib
2025-07-15T20:29:34.8957456Z ##[endgroup]
2025-07-15T20:29:35.1815021Z Logging into Docker Hub...
2025-07-15T20:29:35.3000747Z Login Succeeded!
2025-07-15T20:29:35.3131932Z ##[group]Run docker build -t ***/flask-ci-cd-demo .
2025-07-15T20:29:35.3132526Z [36;1mdocker build -t ***/flask-ci-cd-demo .[0m
2025-07-15T20:29:35.3161167Z shell: /usr/bin/bash -e {0}
2025-07-15T20:29:35.3161518Z env:
2025-07-15T20:29:35.3161900Z   pythonLocation: /opt/hostedtoolcache/Python/3.10.18/x64
2025-07-15T20:29:35.3162491Z   PKG_CONFIG_PATH: /opt/hostedtoolcache/Python/3.10.18/x64/lib/pkgconfig
2025-07-15T20:29:35.3163050Z   Python_ROOT_DIR: /opt/hostedtoolcache/Python/3.10.18/x64
2025-07-15T20:29:35.3163534Z   Python2_ROOT_DIR: /opt/hostedtoolcache/Python/3.10.18/x64
2025-07-15T20:29:35.3164254Z   Python3_ROOT_DIR: /opt/hostedtoolcache/Python/3.10.18/x64
2025-07-15T20:29:35.3164739Z   LD_LIBRARY_PATH: /opt/hostedtoolcache/Python/3.10.18/x64/lib
2025-07-15T20:29:35.3165163Z ##[endgroup]
2025-07-15T20:29:35.5958508Z #0 building with "default" instance using docker driver
2025-07-15T20:29:35.5959153Z 
2025-07-15T20:29:35.5959591Z #1 [internal] load build definition from Dockerfile
2025-07-15T20:29:35.5960572Z #1 transferring dockerfile: 798B done
2025-07-15T20:29:35.5961411Z #1 DONE 0.0s
2025-07-15T20:29:35.5961784Z 
2025-07-15T20:29:35.5962265Z #2 [auth] library/python:pull token for registry-1.docker.io
2025-07-15T20:29:35.5962906Z #2 DONE 0.0s
2025-07-15T20:29:35.5963140Z 
2025-07-15T20:29:35.5963464Z #3 [internal] load metadata for docker.io/library/python:3.10-slim
2025-07-15T20:29:35.7200846Z #3 DONE 0.3s
2025-07-15T20:29:35.8362129Z 
2025-07-15T20:29:35.8363231Z #4 [internal] load .dockerignore
2025-07-15T20:29:35.8364457Z #4 transferring context: 2B done
2025-07-15T20:29:35.8365676Z #4 DONE 0.0s
2025-07-15T20:29:35.8365968Z 
2025-07-15T20:29:35.8366707Z #5 [1/6] FROM docker.io/library/python:3.10-slim@sha256:9dd6774a1276178f94b0cc1fb1f0edd980825d0ea7634847af9940b1b6273c13
2025-07-15T20:29:35.8368323Z #5 resolve docker.io/library/python:3.10-slim@sha256:9dd6774a1276178f94b0cc1fb1f0edd980825d0ea7634847af9940b1b6273c13 done
2025-07-15T20:29:35.8369888Z #5 sha256:9dd6774a1276178f94b0cc1fb1f0edd980825d0ea7634847af9940b1b6273c13 9.13kB / 9.13kB done
2025-07-15T20:29:35.8371282Z #5 sha256:c5dbd5ba857839a0aa9db765ea519c1514a40da811b4cf08c852b72fab4379d5 1.75kB / 1.75kB done
2025-07-15T20:29:35.8372683Z #5 sha256:563dffbdc42507a70677ee28b4bb678ad9074e3c9f75e3043523a38dcdf4f553 5.37kB / 5.37kB done
2025-07-15T20:29:35.8374254Z #5 sha256:3da95a905ed546f99c4564407923a681757d89651a388ec3f1f5e9bf5ed0b39d 4.19MB / 28.23MB 0.1s
2025-07-15T20:29:35.8375587Z #5 sha256:0ebcc011f0ec7a9a900f7366b104730396a59032e64f04f3867a75f25ed48280 0B / 3.51MB 0.1s
2025-07-15T20:29:35.8376879Z #5 sha256:92d63ec5cbeb1348bad42929919fd8e78f38d96e388b5509d2929d76ddafb48e 0B / 15.65MB 0.1s
2025-07-15T20:29:35.9377392Z #5 sha256:3da95a905ed546f99c4564407923a681757d89651a388ec3f1f5e9bf5ed0b39d 19.92MB / 28.23MB 0.2s
2025-07-15T20:29:35.9383596Z #5 sha256:0ebcc011f0ec7a9a900f7366b104730396a59032e64f04f3867a75f25ed48280 3.51MB / 3.51MB 0.1s done
2025-07-15T20:29:35.9387522Z #5 sha256:92d63ec5cbeb1348bad42929919fd8e78f38d96e388b5509d2929d76ddafb48e 15.65MB / 15.65MB 0.2s
2025-07-15T20:29:35.9389398Z #5 sha256:64b78282ca88b226c404cb8dfdee72b75eea52c9ac7380c0439b6e03992e483f 248B / 248B 0.2s done
2025-07-15T20:29:36.0408508Z #5 sha256:3da95a905ed546f99c4564407923a681757d89651a388ec3f1f5e9bf5ed0b39d 28.23MB / 28.23MB 0.3s done
2025-07-15T20:29:36.0410178Z #5 sha256:92d63ec5cbeb1348bad42929919fd8e78f38d96e388b5509d2929d76ddafb48e 15.65MB / 15.65MB 0.2s done
2025-07-15T20:29:36.1694593Z #5 extracting sha256:3da95a905ed546f99c4564407923a681757d89651a388ec3f1f5e9bf5ed0b39d 0.1s
2025-07-15T20:29:36.3992502Z #5 ...
2025-07-15T20:29:36.3992844Z 
2025-07-15T20:29:36.3993083Z #6 [internal] load build context
2025-07-15T20:29:36.3993872Z #6 transferring context: 64.97MB 0.6s done
2025-07-15T20:29:36.3994479Z #6 DONE 0.6s
2025-07-15T20:29:36.3994747Z 
2025-07-15T20:29:36.3995384Z #5 [1/6] FROM docker.io/library/python:3.10-slim@sha256:9dd6774a1276178f94b0cc1fb1f0edd980825d0ea7634847af9940b1b6273c13
2025-07-15T20:29:37.2366976Z #5 extracting sha256:3da95a905ed546f99c4564407923a681757d89651a388ec3f1f5e9bf5ed0b39d 1.2s done
2025-07-15T20:29:37.3766183Z #5 extracting sha256:0ebcc011f0ec7a9a900f7366b104730396a59032e64f04f3867a75f25ed48280 0.1s
2025-07-15T20:29:37.5324905Z #5 extracting sha256:0ebcc011f0ec7a9a900f7366b104730396a59032e64f04f3867a75f25ed48280 0.1s done
2025-07-15T20:29:37.8225879Z #5 extracting sha256:92d63ec5cbeb1348bad42929919fd8e78f38d96e388b5509d2929d76ddafb48e
2025-07-15T20:29:38.4955937Z #5 extracting sha256:92d63ec5cbeb1348bad42929919fd8e78f38d96e388b5509d2929d76ddafb48e 0.6s done
2025-07-15T20:29:38.4957093Z #5 extracting sha256:64b78282ca88b226c404cb8dfdee72b75eea52c9ac7380c0439b6e03992e483f
2025-07-15T20:29:38.6639411Z #5 extracting sha256:64b78282ca88b226c404cb8dfdee72b75eea52c9ac7380c0439b6e03992e483f done
2025-07-15T20:29:38.6640205Z #5 DONE 2.8s
2025-07-15T20:29:38.6640427Z 
2025-07-15T20:29:38.6641103Z #7 [2/6] RUN apt-get update &&     apt-get install -y --no-install-recommends     build-essential     curl     nano     git     && rm -rf /var/lib/apt/lists/*
2025-07-15T20:29:38.6642157Z #7 0.148 Get:1 http://deb.debian.org/debian bookworm InRelease [151 kB]
2025-07-15T20:29:38.8002175Z #7 0.166 Get:2 http://deb.debian.org/debian bookworm-updates InRelease [55.4 kB]
2025-07-15T20:29:38.8004707Z #7 0.172 Get:3 http://deb.debian.org/debian-security bookworm-security InRelease [48.0 kB]
2025-07-15T20:29:38.8005916Z #7 0.223 Get:4 http://deb.debian.org/debian bookworm/main amd64 Packages [8793 kB]
2025-07-15T20:29:38.8007107Z #7 0.284 Get:5 http://deb.debian.org/debian bookworm-updates/main amd64 Packages [756 B]
2025-07-15T20:29:38.9807927Z #7 0.314 Get:6 http://deb.debian.org/debian-security bookworm-security/main amd64 Packages [272 kB]
2025-07-15T20:29:39.5464842Z #7 1.030 Fetched 9320 kB in 1s (10.3 MB/s)
2025-07-15T20:29:39.9318327Z #7 1.030 Reading package lists...
2025-07-15T20:29:40.3456325Z #7 1.432 Reading package lists...
2025-07-15T20:29:40.4509698Z #7 1.839 Building dependency tree...
2025-07-15T20:29:40.6960619Z #7 1.935 Reading state information...
2025-07-15T20:29:40.6961577Z #7 2.028 The following additional packages will be installed:
2025-07-15T20:29:40.6962787Z #7 2.028   binutils binutils-common binutils-x86-64-linux-gnu bzip2 cpp cpp-12 dpkg-dev
2025-07-15T20:29:40.6964173Z #7 2.028   g++ g++-12 gcc gcc-12 git-man libasan8 libatomic1 libbinutils libbrotli1
2025-07-15T20:29:40.6964980Z #7 2.028   libc-dev-bin libc6-dev libcc1-0 libcrypt-dev libctf-nobfd0 libctf0
2025-07-15T20:29:40.6965827Z #7 2.028   libcurl3-gnutls libcurl4 libdpkg-perl liberror-perl libexpat1 libgcc-12-dev
2025-07-15T20:29:40.6966680Z #7 2.028   libgdbm-compat4 libgomp1 libgprofng0 libisl23 libitm1 libjansson4
2025-07-15T20:29:40.6967508Z #7 2.029   libldap-2.5-0 liblsan0 libmpc3 libmpfr6 libnghttp2-14 libnsl-dev libperl5.36
2025-07-15T20:29:40.6968373Z #7 2.029   libpsl5 libquadmath0 librtmp1 libsasl2-2 libsasl2-modules-db libssh2-1
2025-07-15T20:29:40.6969220Z #7 2.029   libstdc++-12-dev libtirpc-dev libtsan2 libubsan1 linux-libc-dev make patch
2025-07-15T20:29:40.6969963Z #7 2.029   perl perl-modules-5.36 rpcsvc-proto xz-utils
2025-07-15T20:29:40.6970517Z #7 2.030 Suggested packages:
2025-07-15T20:29:40.6971155Z #7 2.030   binutils-doc bzip2-doc cpp-doc gcc-12-locales cpp-12-doc debian-keyring
2025-07-15T20:29:40.6971962Z #7 2.030   g++-multilib g++-12-multilib gcc-12-doc gcc-multilib manpages-dev autoconf
2025-07-15T20:29:40.6972763Z #7 2.030   automake libtool flex bison gdb gcc-doc gcc-12-multilib gettext-base
2025-07-15T20:29:40.6974106Z #7 2.030   git-daemon-run | git-daemon-sysvinit git-doc git-email git-gui gitk gitweb
2025-07-15T20:29:40.6974946Z #7 2.030   git-cvs git-mediawiki git-svn glibc-doc gnupg | sq | sqop | pgpainless-cli
2025-07-15T20:29:40.6975773Z #7 2.030   sensible-utils bzr libstdc++-12-doc make-doc hunspell ed diffutils-doc
2025-07-15T20:29:40.6976580Z #7 2.030   perl-doc libterm-readline-gnu-perl | libterm-readline-perl-perl
2025-07-15T20:29:40.6977244Z #7 2.030   libtap-harness-archive-perl
2025-07-15T20:29:40.6977836Z #7 2.030 Recommended packages:
2025-07-15T20:29:40.6978317Z #7 2.030   fakeroot gnupg | sq | sqop | pgpainless-cli libalgorithm-merge-perl less
2025-07-15T20:29:40.6978951Z #7 2.030   ssh-client manpages manpages-dev libc-devtools libfile-fcntllock-perl
2025-07-15T20:29:40.6979590Z #7 2.030   liblocale-gettext-perl libldap-common publicsuffix libsasl2-modules
2025-07-15T20:29:40.8668803Z #7 2.350 The following NEW packages will be installed:
2025-07-15T20:29:40.8670600Z #7 2.350   binutils binutils-common binutils-x86-64-linux-gnu build-essential bzip2 cpp
2025-07-15T20:29:40.9678909Z #7 2.351   cpp-12 curl dpkg-dev g++ g++-12 gcc gcc-12 git git-man libasan8 libatomic1
2025-07-15T20:29:40.9681129Z #7 2.351   libbinutils libbrotli1 libc-dev-bin libc6-dev libcc1-0 libcrypt-dev
2025-07-15T20:29:40.9682215Z #7 2.351   libctf-nobfd0 libctf0 libcurl3-gnutls libcurl4 libdpkg-perl liberror-perl
2025-07-15T20:29:40.9683314Z #7 2.351   libexpat1 libgcc-12-dev libgdbm-compat4 libgomp1 libgprofng0 libisl23
2025-07-15T20:29:40.9687272Z #7 2.351   libitm1 libjansson4 libldap-2.5-0 liblsan0 libmpc3 libmpfr6 libnghttp2-14
2025-07-15T20:29:40.9688336Z #7 2.351   libnsl-dev libperl5.36 libpsl5 libquadmath0 librtmp1 libsasl2-2
2025-07-15T20:29:40.9690873Z #7 2.351   libsasl2-modules-db libssh2-1 libstdc++-12-dev libtirpc-dev libtsan2
2025-07-15T20:29:40.9692597Z #7 2.352   libubsan1 linux-libc-dev make nano patch perl perl-modules-5.36 rpcsvc-proto
2025-07-15T20:29:40.9694187Z #7 2.352   xz-utils
2025-07-15T20:29:40.9694852Z #7 2.380 0 upgraded, 62 newly installed, 0 to remove and 0 not upgraded.
2025-07-15T20:29:40.9696828Z #7 2.380 Need to get 85.7 MB of archives.
2025-07-15T20:29:40.9698800Z #7 2.380 After this operation, 370 MB of additional disk space will be used.
2025-07-15T20:29:40.9700941Z #7 2.380 Get:1 http://deb.debian.org/debian bookworm/main amd64 perl-modules-5.36 all 5.36.0-7+deb12u2 [2815 kB]
2025-07-15T20:29:40.9702735Z #7 2.419 Get:2 http://deb.debian.org/debian bookworm/main amd64 libgdbm-compat4 amd64 1.23-3 [48.2 kB]
2025-07-15T20:29:40.9705712Z #7 2.419 Get:3 http://deb.debian.org/debian bookworm/main amd64 libperl5.36 amd64 5.36.0-7+deb12u2 [4207 kB]
2025-07-15T20:29:40.9707577Z #7 2.436 Get:4 http://deb.debian.org/debian bookworm/main amd64 perl amd64 5.36.0-7+deb12u2 [239 kB]
2025-07-15T20:29:40.9710377Z #7 2.437 Get:5 http://deb.debian.org/debian bookworm/main amd64 nano amd64 7.2-1+deb12u1 [690 kB]
2025-07-15T20:29:40.9712904Z #7 2.440 Get:6 http://deb.debian.org/debian bookworm/main amd64 bzip2 amd64 1.0.8-5+b1 [49.8 kB]
2025-07-15T20:29:40.9715813Z #7 2.440 Get:7 http://deb.debian.org/debian bookworm/main amd64 xz-utils amd64 5.4.1-1 [471 kB]
2025-07-15T20:29:40.9717775Z #7 2.442 Get:8 http://deb.debian.org/debian bookworm/main amd64 binutils-common amd64 2.40-2 [2487 kB]
2025-07-15T20:29:40.9718971Z #7 2.452 Get:9 http://deb.debian.org/debian bookworm/main amd64 libbinutils amd64 2.40-2 [572 kB]
2025-07-15T20:29:41.0701321Z #7 2.454 Get:10 http://deb.debian.org/debian bookworm/main amd64 libctf-nobfd0 amd64 2.40-2 [153 kB]
2025-07-15T20:29:41.0702641Z #7 2.455 Get:11 http://deb.debian.org/debian bookworm/main amd64 libctf0 amd64 2.40-2 [89.8 kB]
2025-07-15T20:29:41.0703601Z #7 2.456 Get:12 http://deb.debian.org/debian bookworm/main amd64 libgprofng0 amd64 2.40-2 [812 kB]
2025-07-15T20:29:41.0705300Z #7 2.459 Get:13 http://deb.debian.org/debian bookworm/main amd64 libjansson4 amd64 2.14-2 [40.8 kB]
2025-07-15T20:29:41.0706954Z #7 2.460 Get:14 http://deb.debian.org/debian bookworm/main amd64 binutils-x86-64-linux-gnu amd64 2.40-2 [2246 kB]
2025-07-15T20:29:41.0708725Z #7 2.468 Get:15 http://deb.debian.org/debian bookworm/main amd64 binutils amd64 2.40-2 [65.0 kB]
2025-07-15T20:29:41.0709780Z #7 2.469 Get:16 http://deb.debian.org/debian bookworm/main amd64 libc-dev-bin amd64 2.36-9+deb12u10 [47.1 kB]
2025-07-15T20:29:41.0710894Z #7 2.469 Get:17 http://deb.debian.org/debian-security bookworm-security/main amd64 linux-libc-dev amd64 6.1.140-1 [2145 kB]
2025-07-15T20:29:41.0712208Z #7 2.474 Get:18 http://deb.debian.org/debian bookworm/main amd64 libcrypt-dev amd64 1:4.4.33-2 [118 kB]
2025-07-15T20:29:41.0713185Z #7 2.475 Get:19 http://deb.debian.org/debian bookworm/main amd64 libtirpc-dev amd64 1.3.3+ds-1 [191 kB]
2025-07-15T20:29:41.0714385Z #7 2.476 Get:20 http://deb.debian.org/debian bookworm/main amd64 libnsl-dev amd64 1.3.0-2 [66.4 kB]
2025-07-15T20:29:41.0715128Z #7 2.476 Get:21 http://deb.debian.org/debian bookworm/main amd64 rpcsvc-proto amd64 1.4.3-1 [63.3 kB]
2025-07-15T20:29:41.0715882Z #7 2.476 Get:22 http://deb.debian.org/debian bookworm/main amd64 libc6-dev amd64 2.36-9+deb12u10 [1903 kB]
2025-07-15T20:29:41.0716673Z #7 2.484 Get:23 http://deb.debian.org/debian bookworm/main amd64 libisl23 amd64 0.25-1.1 [683 kB]
2025-07-15T20:29:41.0717365Z #7 2.487 Get:24 http://deb.debian.org/debian bookworm/main amd64 libmpfr6 amd64 4.2.0-1 [701 kB]
2025-07-15T20:29:41.0718107Z #7 2.489 Get:25 http://deb.debian.org/debian bookworm/main amd64 libmpc3 amd64 1.3.1-1 [51.5 kB]
2025-07-15T20:29:41.0718825Z #7 2.490 Get:26 http://deb.debian.org/debian bookworm/main amd64 cpp-12 amd64 12.2.0-14+deb12u1 [9768 kB]
2025-07-15T20:29:41.0719583Z #7 2.527 Get:27 http://deb.debian.org/debian bookworm/main amd64 cpp amd64 4:12.2.0-3 [6836 B]
2025-07-15T20:29:41.0720287Z #7 2.527 Get:28 http://deb.debian.org/debian bookworm/main amd64 libcc1-0 amd64 12.2.0-14+deb12u1 [41.7 kB]
2025-07-15T20:29:41.0721034Z #7 2.528 Get:29 http://deb.debian.org/debian bookworm/main amd64 libgomp1 amd64 12.2.0-14+deb12u1 [116 kB]
2025-07-15T20:29:41.0721828Z #7 2.529 Get:30 http://deb.debian.org/debian bookworm/main amd64 libitm1 amd64 12.2.0-14+deb12u1 [26.1 kB]
2025-07-15T20:29:41.0722558Z #7 2.529 Get:31 http://deb.debian.org/debian bookworm/main amd64 libatomic1 amd64 12.2.0-14+deb12u1 [9376 B]
2025-07-15T20:29:41.0723292Z #7 2.529 Get:32 http://deb.debian.org/debian bookworm/main amd64 libasan8 amd64 12.2.0-14+deb12u1 [2193 kB]
2025-07-15T20:29:41.0738663Z #7 2.538 Get:33 http://deb.debian.org/debian bookworm/main amd64 liblsan0 amd64 12.2.0-14+deb12u1 [969 kB]
2025-07-15T20:29:41.0739947Z #7 2.542 Get:34 http://deb.debian.org/debian bookworm/main amd64 libtsan2 amd64 12.2.0-14+deb12u1 [2197 kB]
2025-07-15T20:29:41.0741076Z #7 2.550 Get:35 http://deb.debian.org/debian bookworm/main amd64 libubsan1 amd64 12.2.0-14+deb12u1 [883 kB]
2025-07-15T20:29:41.0741900Z #7 2.554 Get:36 http://deb.debian.org/debian bookworm/main amd64 libquadmath0 amd64 12.2.0-14+deb12u1 [145 kB]
2025-07-15T20:29:41.2037195Z #7 2.555 Get:37 http://deb.debian.org/debian bookworm/main amd64 libgcc-12-dev amd64 12.2.0-14+deb12u1 [2437 kB]
2025-07-15T20:29:41.2038626Z #7 2.565 Get:38 http://deb.debian.org/debian bookworm/main amd64 gcc-12 amd64 12.2.0-14+deb12u1 [19.3 MB]
2025-07-15T20:29:41.2039825Z #7 2.639 Get:39 http://deb.debian.org/debian bookworm/main amd64 gcc amd64 4:12.2.0-3 [5216 B]
2025-07-15T20:29:41.2041071Z #7 2.639 Get:40 http://deb.debian.org/debian bookworm/main amd64 libstdc++-12-dev amd64 12.2.0-14+deb12u1 [2047 kB]
2025-07-15T20:29:41.2042388Z #7 2.647 Get:41 http://deb.debian.org/debian bookworm/main amd64 g++-12 amd64 12.2.0-14+deb12u1 [10.7 MB]
2025-07-15T20:29:41.2043565Z #7 2.688 Get:42 http://deb.debian.org/debian bookworm/main amd64 g++ amd64 4:12.2.0-3 [1356 B]
2025-07-15T20:29:41.3595633Z #7 2.688 Get:43 http://deb.debian.org/debian bookworm/main amd64 make amd64 4.3-4.1 [396 kB]
2025-07-15T20:29:41.3597297Z #7 2.690 Get:44 http://deb.debian.org/debian bookworm/main amd64 libdpkg-perl all 1.21.22 [603 kB]
2025-07-15T20:29:41.3599348Z #7 2.692 Get:45 http://deb.debian.org/debian bookworm/main amd64 patch amd64 2.7.6-7 [128 kB]
2025-07-15T20:29:41.3600454Z #7 2.693 Get:46 http://deb.debian.org/debian bookworm/main amd64 dpkg-dev all 1.21.22 [1353 kB]
2025-07-15T20:29:41.3601397Z #7 2.698 Get:47 http://deb.debian.org/debian bookworm/main amd64 build-essential amd64 12.9 [7704 B]
2025-07-15T20:29:41.3602356Z #7 2.698 Get:48 http://deb.debian.org/debian bookworm/main amd64 libbrotli1 amd64 1.0.9-2+b6 [275 kB]
2025-07-15T20:29:41.3603882Z #7 2.699 Get:49 http://deb.debian.org/debian bookworm/main amd64 libsasl2-modules-db amd64 2.1.28+dfsg-10 [20.3 kB]
2025-07-15T20:29:41.3605252Z #7 2.700 Get:50 http://deb.debian.org/debian bookworm/main amd64 libsasl2-2 amd64 2.1.28+dfsg-10 [59.7 kB]
2025-07-15T20:29:41.3606683Z #7 2.700 Get:51 http://deb.debian.org/debian bookworm/main amd64 libldap-2.5-0 amd64 2.5.13+dfsg-5 [183 kB]
2025-07-15T20:29:41.3608226Z #7 2.701 Get:52 http://deb.debian.org/debian bookworm/main amd64 libnghttp2-14 amd64 1.52.0-1+deb12u2 [73.0 kB]
2025-07-15T20:29:41.3609651Z #7 2.702 Get:53 http://deb.debian.org/debian bookworm/main amd64 libpsl5 amd64 0.21.2-1 [58.7 kB]
2025-07-15T20:29:41.3610596Z #7 2.703 Get:54 http://deb.debian.org/debian bookworm/main amd64 librtmp1 amd64 2.4+20151223.gitfa8646d.1-2+b2 [60.8 kB]
2025-07-15T20:29:41.3611399Z #7 2.703 Get:55 http://deb.debian.org/debian bookworm/main amd64 libssh2-1 amd64 1.10.0-3+b1 [179 kB]
2025-07-15T20:29:41.3612143Z #7 2.704 Get:56 http://deb.debian.org/debian bookworm/main amd64 libcurl4 amd64 7.88.1-10+deb12u12 [391 kB]
2025-07-15T20:29:41.3612877Z #7 2.709 Get:57 http://deb.debian.org/debian bookworm/main amd64 curl amd64 7.88.1-10+deb12u12 [315 kB]
2025-07-15T20:29:41.3613633Z #7 2.711 Get:58 http://deb.debian.org/debian bookworm/main amd64 libcurl3-gnutls amd64 7.88.1-10+deb12u12 [386 kB]
2025-07-15T20:29:41.3614529Z #7 2.713 Get:59 http://deb.debian.org/debian bookworm/main amd64 libexpat1 amd64 2.5.0-1+deb12u1 [98.9 kB]
2025-07-15T20:29:41.3615271Z #7 2.713 Get:60 http://deb.debian.org/debian bookworm/main amd64 liberror-perl all 0.17029-2 [29.0 kB]
2025-07-15T20:29:41.3615991Z #7 2.714 Get:61 http://deb.debian.org/debian bookworm/main amd64 git-man all 1:2.39.5-0+deb12u2 [2053 kB]
2025-07-15T20:29:41.3616716Z #7 2.721 Get:62 http://deb.debian.org/debian bookworm/main amd64 git amd64 1:2.39.5-0+deb12u2 [7260 kB]
2025-07-15T20:29:41.3617396Z #7 2.843 debconf: delaying package configuration, since apt-utils is not installed
2025-07-15T20:29:41.5566706Z #7 2.868 Fetched 85.7 MB in 0s (220 MB/s)
2025-07-15T20:29:41.5567611Z #7 2.883 Selecting previously unselected package perl-modules-5.36.
2025-07-15T20:29:41.5568449Z #7 2.883 (Reading database ... 
2025-07-15T20:29:41.5569054Z (Reading database ... 5%
2025-07-15T20:29:41.5569625Z (Reading database ... 10%
2025-07-15T20:29:41.5570188Z (Reading database ... 15%
2025-07-15T20:29:41.5570751Z (Reading database ... 20%
2025-07-15T20:29:41.5571303Z (Reading database ... 25%
2025-07-15T20:29:41.5571872Z (Reading database ... 30%
2025-07-15T20:29:41.5572431Z (Reading database ... 35%
2025-07-15T20:29:41.5572996Z (Reading database ... 40%
2025-07-15T20:29:41.5573552Z (Reading database ... 45%
2025-07-15T20:29:41.5574365Z (Reading database ... 50%
2025-07-15T20:29:41.5574917Z (Reading database ... 55%
2025-07-15T20:29:41.5575467Z (Reading database ... 60%
2025-07-15T20:29:41.5576025Z (Reading database ... 65%
2025-07-15T20:29:41.5576581Z (Reading database ... 70%
2025-07-15T20:29:41.5577139Z (Reading database ... 75%
2025-07-15T20:29:41.5577707Z (Reading database ... 80%
2025-07-15T20:29:41.5578267Z (Reading database ... 85%
2025-07-15T20:29:41.5578830Z (Reading database ... 90%
2025-07-15T20:29:41.5579389Z (Reading database ... 95%
2025-07-15T20:29:41.5579943Z (Reading database ... 100%
2025-07-15T20:29:41.5580671Z (Reading database ... 6688 files and directories currently installed.)
2025-07-15T20:29:41.5581688Z #7 2.889 Preparing to unpack .../00-perl-modules-5.36_5.36.0-7+deb12u2_all.deb ...
2025-07-15T20:29:41.5582954Z #7 2.890 Unpacking perl-modules-5.36 (5.36.0-7+deb12u2) ...
2025-07-15T20:29:41.6970819Z #7 3.181 Selecting previously unselected package libgdbm-compat4:amd64.
2025-07-15T20:29:41.8702461Z #7 3.183 Preparing to unpack .../01-libgdbm-compat4_1.23-3_amd64.deb ...
2025-07-15T20:29:41.8703468Z #7 3.184 Unpacking libgdbm-compat4:amd64 (1.23-3) ...
2025-07-15T20:29:41.8704583Z #7 3.202 Selecting previously unselected package libperl5.36:amd64.
2025-07-15T20:29:41.8705809Z #7 3.203 Preparing to unpack .../02-libperl5.36_5.36.0-7+deb12u2_amd64.deb ...
2025-07-15T20:29:41.8706467Z #7 3.204 Unpacking libperl5.36:amd64 (5.36.0-7+deb12u2) ...
2025-07-15T20:29:42.0032396Z #7 3.487 Selecting previously unselected package perl.
2025-07-15T20:29:42.1034147Z #7 3.489 Preparing to unpack .../03-perl_5.36.0-7+deb12u2_amd64.deb ...
2025-07-15T20:29:42.1034778Z #7 3.494 Unpacking perl (5.36.0-7+deb12u2) ...
2025-07-15T20:29:42.1035518Z #7 3.526 Selecting previously unselected package nano.
2025-07-15T20:29:42.1036292Z #7 3.527 Preparing to unpack .../04-nano_7.2-1+deb12u1_amd64.deb ...
2025-07-15T20:29:42.1036829Z #7 3.528 Unpacking nano (7.2-1+deb12u1) ...
2025-07-15T20:29:42.1037408Z #7 3.586 Selecting previously unselected package bzip2.
2025-07-15T20:29:42.1038183Z #7 3.587 Preparing to unpack .../05-bzip2_1.0.8-5+b1_amd64.deb ...
2025-07-15T20:29:42.3268376Z #7 3.588 Unpacking bzip2 (1.0.8-5+b1) ...
2025-07-15T20:29:42.3268980Z #7 3.607 Selecting previously unselected package xz-utils.
2025-07-15T20:29:42.3269625Z #7 3.608 Preparing to unpack .../06-xz-utils_5.4.1-1_amd64.deb ...
2025-07-15T20:29:42.3270181Z #7 3.609 Unpacking xz-utils (5.4.1-1) ...
2025-07-15T20:29:42.3270755Z #7 3.658 Selecting previously unselected package binutils-common:amd64.
2025-07-15T20:29:42.3271456Z #7 3.659 Preparing to unpack .../07-binutils-common_2.40-2_amd64.deb ...
2025-07-15T20:29:42.3272066Z #7 3.660 Unpacking binutils-common:amd64 (2.40-2) ...
2025-07-15T20:29:42.3417015Z #7 3.826 Selecting previously unselected package libbinutils:amd64.
2025-07-15T20:29:42.4422087Z #7 3.827 Preparing to unpack .../08-libbinutils_2.40-2_amd64.deb ...
2025-07-15T20:29:42.4422863Z #7 3.828 Unpacking libbinutils:amd64 (2.40-2) ...
2025-07-15T20:29:42.4423395Z #7 3.878 Selecting previously unselected package libctf-nobfd0:amd64.
2025-07-15T20:29:42.4424182Z #7 3.880 Preparing to unpack .../09-libctf-nobfd0_2.40-2_amd64.deb ...
2025-07-15T20:29:42.4424704Z #7 3.881 Unpacking libctf-nobfd0:amd64 (2.40-2) ...
2025-07-15T20:29:42.4425224Z #7 3.904 Selecting previously unselected package libctf0:amd64.
2025-07-15T20:29:42.4425733Z #7 3.906 Preparing to unpack .../10-libctf0_2.40-2_amd64.deb ...
2025-07-15T20:29:42.4426197Z #7 3.907 Unpacking libctf0:amd64 (2.40-2) ...
2025-07-15T20:29:42.4426683Z #7 3.926 Selecting previously unselected package libgprofng0:amd64.
2025-07-15T20:29:42.6827281Z #7 3.928 Preparing to unpack .../11-libgprofng0_2.40-2_amd64.deb ...
2025-07-15T20:29:42.6828077Z #7 3.929 Unpacking libgprofng0:amd64 (2.40-2) ...
2025-07-15T20:29:42.6828723Z #7 3.996 Selecting previously unselected package libjansson4:amd64.
2025-07-15T20:29:42.6829384Z #7 3.997 Preparing to unpack .../12-libjansson4_2.14-2_amd64.deb ...
2025-07-15T20:29:42.6829964Z #7 3.998 Unpacking libjansson4:amd64 (2.14-2) ...
2025-07-15T20:29:42.6830590Z #7 4.014 Selecting previously unselected package binutils-x86-64-linux-gnu.
2025-07-15T20:29:42.6831315Z #7 4.015 Preparing to unpack .../13-binutils-x86-64-linux-gnu_2.40-2_amd64.deb ...
2025-07-15T20:29:42.6831965Z #7 4.016 Unpacking binutils-x86-64-linux-gnu (2.40-2) ...
2025-07-15T20:29:42.7010100Z #7 4.185 Selecting previously unselected package binutils.
2025-07-15T20:29:42.8953346Z #7 4.187 Preparing to unpack .../14-binutils_2.40-2_amd64.deb ...
2025-07-15T20:29:42.8954161Z #7 4.187 Unpacking binutils (2.40-2) ...
2025-07-15T20:29:42.8954645Z #7 4.208 Selecting previously unselected package libc-dev-bin.
2025-07-15T20:29:42.8955231Z #7 4.210 Preparing to unpack .../15-libc-dev-bin_2.36-9+deb12u10_amd64.deb ...
2025-07-15T20:29:42.8956037Z #7 4.210 Unpacking libc-dev-bin (2.36-9+deb12u10) ...
2025-07-15T20:29:42.8956550Z #7 4.227 Selecting previously unselected package linux-libc-dev:amd64.
2025-07-15T20:29:42.8957118Z #7 4.228 Preparing to unpack .../16-linux-libc-dev_6.1.140-1_amd64.deb ...
2025-07-15T20:29:42.8957631Z #7 4.229 Unpacking linux-libc-dev:amd64 (6.1.140-1) ...
2025-07-15T20:29:42.9341549Z #7 4.418 Selecting previously unselected package libcrypt-dev:amd64.
2025-07-15T20:29:43.0358786Z #7 4.420 Preparing to unpack .../17-libcrypt-dev_1%3a4.4.33-2_amd64.deb ...
2025-07-15T20:29:43.0359765Z #7 4.425 Unpacking libcrypt-dev:amd64 (1:4.4.33-2) ...
2025-07-15T20:29:43.0360608Z #7 4.446 Selecting previously unselected package libtirpc-dev:amd64.
2025-07-15T20:29:43.0361468Z #7 4.448 Preparing to unpack .../18-libtirpc-dev_1.3.3+ds-1_amd64.deb ...
2025-07-15T20:29:43.0362003Z #7 4.448 Unpacking libtirpc-dev:amd64 (1.3.3+ds-1) ...
2025-07-15T20:29:43.0362504Z #7 4.476 Selecting previously unselected package libnsl-dev:amd64.
2025-07-15T20:29:43.0363061Z #7 4.478 Preparing to unpack .../19-libnsl-dev_1.3.0-2_amd64.deb ...
2025-07-15T20:29:43.0363557Z #7 4.478 Unpacking libnsl-dev:amd64 (1.3.0-2) ...
2025-07-15T20:29:43.0364908Z #7 4.497 Selecting previously unselected package rpcsvc-proto.
2025-07-15T20:29:43.0365468Z #7 4.498 Preparing to unpack .../20-rpcsvc-proto_1.4.3-1_amd64.deb ...
2025-07-15T20:29:43.0365961Z #7 4.499 Unpacking rpcsvc-proto (1.4.3-1) ...
2025-07-15T20:29:43.0366429Z #7 4.520 Selecting previously unselected package libc6-dev:amd64.
2025-07-15T20:29:43.1825580Z #7 4.521 Preparing to unpack .../21-libc6-dev_2.36-9+deb12u10_amd64.deb ...
2025-07-15T20:29:43.1826249Z #7 4.522 Unpacking libc6-dev:amd64 (2.36-9+deb12u10) ...
2025-07-15T20:29:43.1826784Z #7 4.666 Selecting previously unselected package libisl23:amd64.
2025-07-15T20:29:43.2843394Z #7 4.668 Preparing to unpack .../22-libisl23_0.25-1.1_amd64.deb ...
2025-07-15T20:29:43.2844266Z #7 4.669 Unpacking libisl23:amd64 (0.25-1.1) ...
2025-07-15T20:29:43.2844841Z #7 4.727 Selecting previously unselected package libmpfr6:amd64.
2025-07-15T20:29:43.2845427Z #7 4.729 Preparing to unpack .../23-libmpfr6_4.2.0-1_amd64.deb ...
2025-07-15T20:29:43.2845964Z #7 4.730 Unpacking libmpfr6:amd64 (4.2.0-1) ...
2025-07-15T20:29:43.2846485Z #7 4.768 Selecting previously unselected package libmpc3:amd64.
2025-07-15T20:29:43.4564956Z #7 4.770 Preparing to unpack .../24-libmpc3_1.3.1-1_amd64.deb ...
2025-07-15T20:29:43.4565993Z #7 4.771 Unpacking libmpc3:amd64 (1.3.1-1) ...
2025-07-15T20:29:43.4566941Z #7 4.788 Selecting previously unselected package cpp-12.
2025-07-15T20:29:43.4567992Z #7 4.789 Preparing to unpack .../25-cpp-12_12.2.0-14+deb12u1_amd64.deb ...
2025-07-15T20:29:43.4568645Z #7 4.790 Unpacking cpp-12 (12.2.0-14+deb12u1) ...
2025-07-15T20:29:43.8063487Z #7 5.290 Selecting previously unselected package cpp.
2025-07-15T20:29:43.9069532Z #7 5.292 Preparing to unpack .../26-cpp_4%3a12.2.0-3_amd64.deb ...
2025-07-15T20:29:43.9070178Z #7 5.293 Unpacking cpp (4:12.2.0-3) ...
2025-07-15T20:29:43.9070704Z #7 5.308 Selecting previously unselected package libcc1-0:amd64.
2025-07-15T20:29:43.9071313Z #7 5.310 Preparing to unpack .../27-libcc1-0_12.2.0-14+deb12u1_amd64.deb ...
2025-07-15T20:29:43.9071870Z #7 5.311 Unpacking libcc1-0:amd64 (12.2.0-14+deb12u1) ...
2025-07-15T20:29:43.9072384Z #7 5.327 Selecting previously unselected package libgomp1:amd64.
2025-07-15T20:29:43.9072977Z #7 5.329 Preparing to unpack .../28-libgomp1_12.2.0-14+deb12u1_amd64.deb ...
2025-07-15T20:29:43.9073539Z #7 5.330 Unpacking libgomp1:amd64 (12.2.0-14+deb12u1) ...
2025-07-15T20:29:43.9074318Z #7 5.351 Selecting previously unselected package libitm1:amd64.
2025-07-15T20:29:43.9074896Z #7 5.353 Preparing to unpack .../29-libitm1_12.2.0-14+deb12u1_amd64.deb ...
2025-07-15T20:29:43.9075430Z #7 5.353 Unpacking libitm1:amd64 (12.2.0-14+deb12u1) ...
2025-07-15T20:29:43.9075939Z #7 5.370 Selecting previously unselected package libatomic1:amd64.
2025-07-15T20:29:43.9076526Z #7 5.372 Preparing to unpack .../30-libatomic1_12.2.0-14+deb12u1_amd64.deb ...
2025-07-15T20:29:43.9077363Z #7 5.373 Unpacking libatomic1:amd64 (12.2.0-14+deb12u1) ...
2025-07-15T20:29:43.9077908Z #7 5.388 Selecting previously unselected package libasan8:amd64.
2025-07-15T20:29:43.9078450Z #7 5.390 Preparing to unpack .../31-libasan8_12.2.0-14+deb12u1_amd64.deb ...
2025-07-15T20:29:43.9078972Z #7 5.391 Unpacking libasan8:amd64 (12.2.0-14+deb12u1) ...
2025-07-15T20:29:44.0553889Z #7 5.539 Selecting previously unselected package liblsan0:amd64.
2025-07-15T20:29:44.2877979Z #7 5.541 Preparing to unpack .../32-liblsan0_12.2.0-14+deb12u1_amd64.deb ...
2025-07-15T20:29:44.2878776Z #7 5.542 Unpacking liblsan0:amd64 (12.2.0-14+deb12u1) ...
2025-07-15T20:29:44.2879340Z #7 5.619 Selecting previously unselected package libtsan2:amd64.
2025-07-15T20:29:44.2879982Z #7 5.621 Preparing to unpack .../33-libtsan2_12.2.0-14+deb12u1_amd64.deb ...
2025-07-15T20:29:44.2880571Z #7 5.622 Unpacking libtsan2:amd64 (12.2.0-14+deb12u1) ...
2025-07-15T20:29:44.2881126Z #7 5.772 Selecting previously unselected package libubsan1:amd64.
2025-07-15T20:29:44.5361938Z #7 5.774 Preparing to unpack .../34-libubsan1_12.2.0-14+deb12u1_amd64.deb ...
2025-07-15T20:29:44.5362774Z #7 5.775 Unpacking libubsan1:amd64 (12.2.0-14+deb12u1) ...
2025-07-15T20:29:44.5363336Z #7 5.844 Selecting previously unselected package libquadmath0:amd64.
2025-07-15T20:29:44.5364903Z #7 5.846 Preparing to unpack .../35-libquadmath0_12.2.0-14+deb12u1_amd64.deb ...
2025-07-15T20:29:44.5365476Z #7 5.847 Unpacking libquadmath0:amd64 (12.2.0-14+deb12u1) ...
2025-07-15T20:29:44.5366070Z #7 5.869 Selecting previously unselected package libgcc-12-dev:amd64.
2025-07-15T20:29:44.5366694Z #7 5.870 Preparing to unpack .../36-libgcc-12-dev_12.2.0-14+deb12u1_amd64.deb ...
2025-07-15T20:29:44.5367275Z #7 5.871 Unpacking libgcc-12-dev:amd64 (12.2.0-14+deb12u1) ...
2025-07-15T20:29:44.5367783Z #7 6.020 Selecting previously unselected package gcc-12.
2025-07-15T20:29:44.6894627Z #7 6.022 Preparing to unpack .../37-gcc-12_12.2.0-14+deb12u1_amd64.deb ...
2025-07-15T20:29:44.6897425Z #7 6.023 Unpacking gcc-12 (12.2.0-14+deb12u1) ...
2025-07-15T20:29:45.1269630Z #7 6.611 Selecting previously unselected package gcc.
2025-07-15T20:29:45.3000799Z #7 6.613 Preparing to unpack .../38-gcc_4%3a12.2.0-3_amd64.deb ...
2025-07-15T20:29:45.3001707Z #7 6.614 Unpacking gcc (4:12.2.0-3) ...
2025-07-15T20:29:45.3002576Z #7 6.631 Selecting previously unselected package libstdc++-12-dev:amd64.
2025-07-15T20:29:45.3003917Z #7 6.633 Preparing to unpack .../39-libstdc++-12-dev_12.2.0-14+deb12u1_amd64.deb ...
2025-07-15T20:29:45.3004979Z #7 6.634 Unpacking libstdc++-12-dev:amd64 (12.2.0-14+deb12u1) ...
2025-07-15T20:29:45.3520842Z #7 6.836 Selecting previously unselected package g++-12.
2025-07-15T20:29:45.5058840Z #7 6.838 Preparing to unpack .../40-g++-12_12.2.0-14+deb12u1_amd64.deb ...
2025-07-15T20:29:45.5059564Z #7 6.839 Unpacking g++-12 (12.2.0-14+deb12u1) ...
2025-07-15T20:29:45.8696956Z #7 7.354 Selecting previously unselected package g++.
2025-07-15T20:29:45.9836756Z #7 7.355 Preparing to unpack .../41-g++_4%3a12.2.0-3_amd64.deb ...
2025-07-15T20:29:45.9837571Z #7 7.356 Unpacking g++ (4:12.2.0-3) ...
2025-07-15T20:29:45.9838245Z #7 7.370 Selecting previously unselected package make.
2025-07-15T20:29:45.9839007Z #7 7.372 Preparing to unpack .../42-make_4.3-4.1_amd64.deb ...
2025-07-15T20:29:45.9839693Z #7 7.373 Unpacking make (4.3-4.1) ...
2025-07-15T20:29:45.9840364Z #7 7.411 Selecting previously unselected package libdpkg-perl.
2025-07-15T20:29:45.9841198Z #7 7.413 Preparing to unpack .../43-libdpkg-perl_1.21.22_all.deb ...
2025-07-15T20:29:45.9841920Z #7 7.414 Unpacking libdpkg-perl (1.21.22) ...
2025-07-15T20:29:45.9842566Z #7 7.468 Selecting previously unselected package patch.
2025-07-15T20:29:46.0978692Z #7 7.470 Preparing to unpack .../44-patch_2.7.6-7_amd64.deb ...
2025-07-15T20:29:46.0979401Z #7 7.471 Unpacking patch (2.7.6-7) ...
2025-07-15T20:29:46.0979915Z #7 7.492 Selecting previously unselected package dpkg-dev.
2025-07-15T20:29:46.0980853Z #7 7.494 Preparing to unpack .../45-dpkg-dev_1.21.22_all.deb ...
2025-07-15T20:29:46.0981453Z #7 7.495 Unpacking dpkg-dev (1.21.22) ...
2025-07-15T20:29:46.0982023Z #7 7.582 Selecting previously unselected package build-essential.
2025-07-15T20:29:46.2200521Z #7 7.584 Preparing to unpack .../46-build-essential_12.9_amd64.deb ...
2025-07-15T20:29:46.2201443Z #7 7.585 Unpacking build-essential (12.9) ...
2025-07-15T20:29:46.2202256Z #7 7.600 Selecting previously unselected package libbrotli1:amd64.
2025-07-15T20:29:46.2203517Z #7 7.602 Preparing to unpack .../47-libbrotli1_1.0.9-2+b6_amd64.deb ...
2025-07-15T20:29:46.2205183Z #7 7.603 Unpacking libbrotli1:amd64 (1.0.9-2+b6) ...
2025-07-15T20:29:46.2206015Z #7 7.635 Selecting previously unselected package libsasl2-modules-db:amd64.
2025-07-15T20:29:46.2206963Z #7 7.637 Preparing to unpack .../48-libsasl2-modules-db_2.1.28+dfsg-10_amd64.deb ...
2025-07-15T20:29:46.2207850Z #7 7.638 Unpacking libsasl2-modules-db:amd64 (2.1.28+dfsg-10) ...
2025-07-15T20:29:46.2208692Z #7 7.654 Selecting previously unselected package libsasl2-2:amd64.
2025-07-15T20:29:46.2209545Z #7 7.655 Preparing to unpack .../49-libsasl2-2_2.1.28+dfsg-10_amd64.deb ...
2025-07-15T20:29:46.2210329Z #7 7.656 Unpacking libsasl2-2:amd64 (2.1.28+dfsg-10) ...
2025-07-15T20:29:46.2211106Z #7 7.675 Selecting previously unselected package libldap-2.5-0:amd64.
2025-07-15T20:29:46.2211951Z #7 7.677 Preparing to unpack .../50-libldap-2.5-0_2.5.13+dfsg-5_amd64.deb ...
2025-07-15T20:29:46.2212709Z #7 7.678 Unpacking libldap-2.5-0:amd64 (2.5.13+dfsg-5) ...
2025-07-15T20:29:46.2213451Z #7 7.704 Selecting previously unselected package libnghttp2-14:amd64.
2025-07-15T20:29:46.3484273Z #7 7.706 Preparing to unpack .../51-libnghttp2-14_1.52.0-1+deb12u2_amd64.deb ...
2025-07-15T20:29:46.3485270Z #7 7.707 Unpacking libnghttp2-14:amd64 (1.52.0-1+deb12u2) ...
2025-07-15T20:29:46.3485829Z #7 7.726 Selecting previously unselected package libpsl5:amd64.
2025-07-15T20:29:46.3486392Z #7 7.728 Preparing to unpack .../52-libpsl5_0.21.2-1_amd64.deb ...
2025-07-15T20:29:46.3486952Z #7 7.729 Unpacking libpsl5:amd64 (0.21.2-1) ...
2025-07-15T20:29:46.3487440Z #7 7.747 Selecting previously unselected package librtmp1:amd64.
2025-07-15T20:29:46.3488047Z #7 7.749 Preparing to unpack .../53-librtmp1_2.4+20151223.gitfa8646d.1-2+b2_amd64.deb ...
2025-07-15T20:29:46.3488679Z #7 7.749 Unpacking librtmp1:amd64 (2.4+20151223.gitfa8646d.1-2+b2) ...
2025-07-15T20:29:46.3489238Z #7 7.768 Selecting previously unselected package libssh2-1:amd64.
2025-07-15T20:29:46.3489804Z #7 7.769 Preparing to unpack .../54-libssh2-1_1.10.0-3+b1_amd64.deb ...
2025-07-15T20:29:46.3490321Z #7 7.770 Unpacking libssh2-1:amd64 (1.10.0-3+b1) ...
2025-07-15T20:29:46.3490809Z #7 7.795 Selecting previously unselected package libcurl4:amd64.
2025-07-15T20:29:46.3491379Z #7 7.797 Preparing to unpack .../55-libcurl4_7.88.1-10+deb12u12_amd64.deb ...
2025-07-15T20:29:46.3491925Z #7 7.798 Unpacking libcurl4:amd64 (7.88.1-10+deb12u12) ...
2025-07-15T20:29:46.3492401Z #7 7.832 Selecting previously unselected package curl.
2025-07-15T20:29:46.4632946Z #7 7.834 Preparing to unpack .../56-curl_7.88.1-10+deb12u12_amd64.deb ...
2025-07-15T20:29:46.4633635Z #7 7.835 Unpacking curl (7.88.1-10+deb12u12) ...
2025-07-15T20:29:46.4634421Z #7 7.866 Selecting previously unselected package libcurl3-gnutls:amd64.
2025-07-15T20:29:46.4635153Z #7 7.868 Preparing to unpack .../57-libcurl3-gnutls_7.88.1-10+deb12u12_amd64.deb ...
2025-07-15T20:29:46.4635860Z #7 7.869 Unpacking libcurl3-gnutls:amd64 (7.88.1-10+deb12u12) ...
2025-07-15T20:29:46.4636543Z #7 7.904 Selecting previously unselected package libexpat1:amd64.
2025-07-15T20:29:46.4637212Z #7 7.906 Preparing to unpack .../58-libexpat1_2.5.0-1+deb12u1_amd64.deb ...
2025-07-15T20:29:46.4637751Z #7 7.907 Unpacking libexpat1:amd64 (2.5.0-1+deb12u1) ...
2025-07-15T20:29:46.4638355Z #7 7.928 Selecting previously unselected package liberror-perl.
2025-07-15T20:29:46.4638993Z #7 7.929 Preparing to unpack .../59-liberror-perl_0.17029-2_all.deb ...
2025-07-15T20:29:46.4639878Z #7 7.930 Unpacking liberror-perl (0.17029-2) ...
2025-07-15T20:29:46.4640437Z #7 7.947 Selecting previously unselected package git-man.
2025-07-15T20:29:46.7063513Z #7 7.949 Preparing to unpack .../60-git-man_1%3a2.39.5-0+deb12u2_all.deb ...
2025-07-15T20:29:46.7066279Z #7 7.950 Unpacking git-man (1:2.39.5-0+deb12u2) ...
2025-07-15T20:29:46.7067074Z #7 8.033 Selecting previously unselected package git.
2025-07-15T20:29:46.7067957Z #7 8.035 Preparing to unpack .../61-git_1%3a2.39.5-0+deb12u2_amd64.deb ...
2025-07-15T20:29:46.7069119Z #7 8.040 Unpacking git (1:2.39.5-0+deb12u2) ...
2025-07-15T20:29:46.8739563Z #7 8.358 Setting up libexpat1:amd64 (2.5.0-1+deb12u1) ...
2025-07-15T20:29:46.9756896Z #7 8.360 Setting up libpsl5:amd64 (0.21.2-1) ...
2025-07-15T20:29:46.9757725Z #7 8.363 Setting up libbrotli1:amd64 (1.0.9-2+b6) ...
2025-07-15T20:29:46.9758765Z #7 8.365 Setting up binutils-common:amd64 (2.40-2) ...
2025-07-15T20:29:46.9759775Z #7 8.368 Setting up libnghttp2-14:amd64 (1.52.0-1+deb12u2) ...
2025-07-15T20:29:46.9760791Z #7 8.371 Setting up linux-libc-dev:amd64 (6.1.140-1) ...
2025-07-15T20:29:46.9761686Z #7 8.373 Setting up libctf-nobfd0:amd64 (2.40-2) ...
2025-07-15T20:29:46.9762483Z #7 8.376 Setting up libgomp1:amd64 (12.2.0-14+deb12u1) ...
2025-07-15T20:29:46.9763371Z #7 8.378 Setting up bzip2 (1.0.8-5+b1) ...
2025-07-15T20:29:46.9764375Z #7 8.380 Setting up libjansson4:amd64 (2.14-2) ...
2025-07-15T20:29:46.9765192Z #7 8.383 Setting up libsasl2-modules-db:amd64 (2.1.28+dfsg-10) ...
2025-07-15T20:29:46.9765914Z #7 8.385 Setting up perl-modules-5.36 (5.36.0-7+deb12u2) ...
2025-07-15T20:29:46.9766400Z #7 8.387 Setting up libtirpc-dev:amd64 (1.3.3+ds-1) ...
2025-07-15T20:29:46.9766960Z #7 8.390 Setting up rpcsvc-proto (1.4.3-1) ...
2025-07-15T20:29:46.9767373Z #7 8.393 Setting up make (4.3-4.1) ...
2025-07-15T20:29:46.9767934Z #7 8.395 Setting up libmpfr6:amd64 (4.2.0-1) ...
2025-07-15T20:29:46.9768494Z #7 8.398 Setting up librtmp1:amd64 (2.4+20151223.gitfa8646d.1-2+b2) ...
2025-07-15T20:29:46.9769016Z #7 8.400 Setting up xz-utils (5.4.1-1) ...
2025-07-15T20:29:46.9769669Z #7 8.406 update-alternatives: using /usr/bin/xz to provide /usr/bin/lzma (lzma) in auto mode
2025-07-15T20:29:46.9770817Z #7 8.406 update-alternatives: warning: skip creation of /usr/share/man/man1/lzma.1.gz because associated file /usr/share/man/man1/xz.1.gz (of link group lzma) doesn't exist
2025-07-15T20:29:46.9772297Z #7 8.406 update-alternatives: warning: skip creation of /usr/share/man/man1/unlzma.1.gz because associated file /usr/share/man/man1/unxz.1.gz (of link group lzma) doesn't exist
2025-07-15T20:29:46.9773929Z #7 8.407 update-alternatives: warning: skip creation of /usr/share/man/man1/lzcat.1.gz because associated file /usr/share/man/man1/xzcat.1.gz (of link group lzma) doesn't exist
2025-07-15T20:29:46.9775317Z #7 8.407 update-alternatives: warning: skip creation of /usr/share/man/man1/lzmore.1.gz because associated file /usr/share/man/man1/xzmore.1.gz (of link group lzma) doesn't exist
2025-07-15T20:29:46.9776837Z #7 8.407 update-alternatives: warning: skip creation of /usr/share/man/man1/lzless.1.gz because associated file /usr/share/man/man1/xzless.1.gz (of link group lzma) doesn't exist
2025-07-15T20:29:46.9778190Z #7 8.407 update-alternatives: warning: skip creation of /usr/share/man/man1/lzdiff.1.gz because associated file /usr/share/man/man1/xzdiff.1.gz (of link group lzma) doesn't exist
2025-07-15T20:29:46.9780264Z #7 8.407 update-alternatives: warning: skip creation of /usr/share/man/man1/lzcmp.1.gz because associated file /usr/share/man/man1/xzcmp.1.gz (of link group lzma) doesn't exist
2025-07-15T20:29:46.9782359Z #7 8.408 update-alternatives: warning: skip creation of /usr/share/man/man1/lzgrep.1.gz because associated file /usr/share/man/man1/xzgrep.1.gz (of link group lzma) doesn't exist
2025-07-15T20:29:46.9783990Z #7 8.408 update-alternatives: warning: skip creation of /usr/share/man/man1/lzegrep.1.gz because associated file /usr/share/man/man1/xzegrep.1.gz (of link group lzma) doesn't exist
2025-07-15T20:29:46.9785852Z #7 8.408 update-alternatives: warning: skip creation of /usr/share/man/man1/lzfgrep.1.gz because associated file /usr/share/man/man1/xzfgrep.1.gz (of link group lzma) doesn't exist
2025-07-15T20:29:46.9786850Z #7 8.411 Setting up libquadmath0:amd64 (12.2.0-14+deb12u1) ...
2025-07-15T20:29:46.9787318Z #7 8.413 Setting up libmpc3:amd64 (1.3.1-1) ...
2025-07-15T20:29:46.9787867Z #7 8.416 Setting up libatomic1:amd64 (12.2.0-14+deb12u1) ...
2025-07-15T20:29:46.9788322Z #7 8.418 Setting up patch (2.7.6-7) ...
2025-07-15T20:29:46.9789059Z #7 8.420 Setting up libgdbm-compat4:amd64 (1.23-3) ...
2025-07-15T20:29:46.9789595Z #7 8.423 Setting up libsasl2-2:amd64 (2.1.28+dfsg-10) ...
2025-07-15T20:29:46.9790072Z #7 8.425 Setting up libubsan1:amd64 (12.2.0-14+deb12u1) ...
2025-07-15T20:29:46.9790508Z #7 8.427 Setting up nano (7.2-1+deb12u1) ...
2025-07-15T20:29:46.9791285Z #7 8.432 update-alternatives: using /bin/nano to provide /usr/bin/editor (editor) in auto mode
2025-07-15T20:29:46.9792398Z #7 8.432 update-alternatives: warning: skip creation of /usr/share/man/man1/editor.1.gz because associated file /usr/share/man/man1/nano.1.gz (of link group editor) doesn't exist
2025-07-15T20:29:46.9793381Z #7 8.434 update-alternatives: using /bin/nano to provide /usr/bin/pico (pico) in auto mode
2025-07-15T20:29:46.9794717Z #7 8.434 update-alternatives: warning: skip creation of /usr/share/man/man1/pico.1.gz because associated file /usr/share/man/man1/nano.1.gz (of link group pico) doesn't exist
2025-07-15T20:29:46.9795753Z #7 8.436 Setting up libnsl-dev:amd64 (1.3.0-2) ...
2025-07-15T20:29:46.9796358Z #7 8.438 Setting up libcrypt-dev:amd64 (1:4.4.33-2) ...
2025-07-15T20:29:46.9796817Z #7 8.445 Setting up libasan8:amd64 (12.2.0-14+deb12u1) ...
2025-07-15T20:29:46.9797402Z #7 8.448 Setting up git-man (1:2.39.5-0+deb12u2) ...
2025-07-15T20:29:46.9797825Z #7 8.450 Setting up libssh2-1:amd64 (1.10.0-3+b1) ...
2025-07-15T20:29:46.9798335Z #7 8.452 Setting up libtsan2:amd64 (12.2.0-14+deb12u1) ...
2025-07-15T20:29:46.9798923Z #7 8.455 Setting up libbinutils:amd64 (2.40-2) ...
2025-07-15T20:29:46.9799341Z #7 8.457 Setting up libisl23:amd64 (0.25-1.1) ...
2025-07-15T20:29:46.9799769Z #7 8.460 Setting up libc-dev-bin (2.36-9+deb12u10) ...
2025-07-15T20:29:47.0782036Z #7 8.462 Setting up libcc1-0:amd64 (12.2.0-14+deb12u1) ...
2025-07-15T20:29:47.0783059Z #7 8.465 Setting up libperl5.36:amd64 (5.36.0-7+deb12u2) ...
2025-07-15T20:29:47.0783913Z #7 8.468 Setting up liblsan0:amd64 (12.2.0-14+deb12u1) ...
2025-07-15T20:29:47.0784557Z #7 8.470 Setting up libitm1:amd64 (12.2.0-14+deb12u1) ...
2025-07-15T20:29:47.0785121Z #7 8.473 Setting up libctf0:amd64 (2.40-2) ...
2025-07-15T20:29:47.0785655Z #7 8.476 Setting up cpp-12 (12.2.0-14+deb12u1) ...
2025-07-15T20:29:47.0786338Z #7 8.478 Setting up libldap-2.5-0:amd64 (2.5.13+dfsg-5) ...
2025-07-15T20:29:47.0787175Z #7 8.480 Setting up perl (5.36.0-7+deb12u2) ...
2025-07-15T20:29:47.0788068Z #7 8.489 Setting up libgprofng0:amd64 (2.40-2) ...
2025-07-15T20:29:47.0789074Z #7 8.492 Setting up libgcc-12-dev:amd64 (12.2.0-14+deb12u1) ...
2025-07-15T20:29:47.0790055Z #7 8.494 Setting up libdpkg-perl (1.21.22) ...
2025-07-15T20:29:47.0790640Z #7 8.497 Setting up cpp (4:12.2.0-3) ...
2025-07-15T20:29:47.0791183Z #7 8.502 Setting up libcurl4:amd64 (7.88.1-10+deb12u12) ...
2025-07-15T20:29:47.0791771Z #7 8.504 Setting up libc6-dev:amd64 (2.36-9+deb12u10) ...
2025-07-15T20:29:47.0792326Z #7 8.507 Setting up curl (7.88.1-10+deb12u12) ...
2025-07-15T20:29:47.0792897Z #7 8.509 Setting up binutils-x86-64-linux-gnu (2.40-2) ...
2025-07-15T20:29:47.0793525Z #7 8.512 Setting up libstdc++-12-dev:amd64 (12.2.0-14+deb12u1) ...
2025-07-15T20:29:47.0794421Z #7 8.514 Setting up libcurl3-gnutls:amd64 (7.88.1-10+deb12u12) ...
2025-07-15T20:29:47.0795028Z #7 8.521 Setting up binutils (2.40-2) ...
2025-07-15T20:29:47.0795542Z #7 8.523 Setting up dpkg-dev (1.21.22) ...
2025-07-15T20:29:47.0796071Z #7 8.527 Setting up liberror-perl (0.17029-2) ...
2025-07-15T20:29:47.0796606Z #7 8.530 Setting up gcc-12 (12.2.0-14+deb12u1) ...
2025-07-15T20:29:47.0797413Z #7 8.533 Setting up git (1:2.39.5-0+deb12u2) ...
2025-07-15T20:29:47.0797849Z #7 8.541 Setting up g++-12 (12.2.0-14+deb12u1) ...
2025-07-15T20:29:47.0798239Z #7 8.544 Setting up gcc (4:12.2.0-3) ...
2025-07-15T20:29:47.0798613Z #7 8.554 Setting up g++ (4:12.2.0-3) ...
2025-07-15T20:29:47.0799136Z #7 8.557 update-alternatives: using /usr/bin/g++ to provide /usr/bin/c++ (c++) in auto mode
2025-07-15T20:29:47.0799713Z #7 8.559 Setting up build-essential (12.9) ...
2025-07-15T20:29:47.0800306Z #7 8.562 Processing triggers for libc-bin (2.36-9+deb12u10) ...
2025-07-15T20:29:47.6654283Z #7 DONE 9.1s
2025-07-15T20:29:47.8255516Z 
2025-07-15T20:29:47.8256261Z #8 [3/6] WORKDIR /app
2025-07-15T20:29:47.8257016Z #8 DONE 0.0s
2025-07-15T20:29:47.8257578Z 
2025-07-15T20:29:47.8258302Z #9 [4/6] COPY . .
2025-07-15T20:29:48.2688275Z #9 DONE 0.6s
2025-07-15T20:29:48.4193845Z 
2025-07-15T20:29:48.4194503Z #10 [5/6] RUN pip install --upgrade pip
2025-07-15T20:29:49.5093552Z #10 1.241 Requirement already satisfied: pip in /usr/local/lib/python3.10/site-packages (23.0.1)
2025-07-15T20:29:49.6281983Z #10 1.360 Collecting pip
2025-07-15T20:29:49.7866625Z #10 1.403   Downloading pip-25.1.1-py3-none-any.whl (1.8 MB)
2025-07-15T20:29:49.9826500Z #10 1.518      ━━━━━━━━━━━━━━━━━━━━━━━━━━━━━━━━━━━━━━━━ 1.8/1.8 MB 16.2 MB/s eta 0:00:00
2025-07-15T20:29:49.9827432Z #10 1.563 Installing collected packages: pip
2025-07-15T20:29:49.9828207Z #10 1.563   Attempting uninstall: pip
2025-07-15T20:29:49.9829007Z #10 1.564     Found existing installation: pip 23.0.1
2025-07-15T20:29:50.0092702Z #10 1.741     Uninstalling pip-23.0.1:
2025-07-15T20:29:50.1697454Z #10 1.751       Successfully uninstalled pip-23.0.1
2025-07-15T20:29:50.8012701Z #10 2.533 Successfully installed pip-25.1.1
2025-07-15T20:29:50.9521526Z #10 2.533 WARNING: Running pip as the 'root' user can result in broken permissions and conflicting behaviour with the system package manager. It is recommended to use a virtual environment instead: https://pip.pypa.io/warnings/venv
2025-07-15T20:29:50.9859867Z #10 DONE 2.7s
2025-07-15T20:29:51.1370511Z 
2025-07-15T20:29:51.1371319Z #11 [6/6] RUN pip install --no-cache-dir -r requirements.txt
2025-07-15T20:29:51.8601384Z #11 0.873 Collecting Flask==3.1.0 (from -r requirements.txt (line 1))
2025-07-15T20:29:51.9795965Z #11 0.919   Downloading flask-3.1.0-py3-none-any.whl.metadata (2.7 kB)
2025-07-15T20:29:51.9797102Z #11 0.935 Collecting Flask-PyMongo==3.0.1 (from -r requirements.txt (line 2))
2025-07-15T20:29:51.9798256Z #11 0.943   Downloading flask_pymongo-3.0.1-py3-none-any.whl.metadata (3.5 kB)
2025-07-15T20:29:51.9799314Z #11 0.993 Collecting pytest==8.2.1 (from -r requirements.txt (line 3))
2025-07-15T20:29:52.1187214Z #11 1.000   Downloading pytest-8.2.1-py3-none-any.whl.metadata (7.6 kB)
2025-07-15T20:29:52.1188042Z #11 1.014 Collecting blinker==1.9.0 (from -r requirements.txt (line 4))
2025-07-15T20:29:52.1188814Z #11 1.021   Downloading blinker-1.9.0-py3-none-any.whl.metadata (1.6 kB)
2025-07-15T20:29:52.1189618Z #11 1.039 Collecting certifi==2025.7.14 (from -r requirements.txt (line 5))
2025-07-15T20:29:52.1190399Z #11 1.046   Downloading certifi-2025.7.14-py3-none-any.whl.metadata (2.4 kB)
2025-07-15T20:29:52.1191212Z #11 1.132 Collecting charset-normalizer==3.4.2 (from -r requirements.txt (line 6))
2025-07-15T20:29:52.2205914Z #11 1.140   Downloading charset_normalizer-3.4.2-cp310-cp310-manylinux_2_17_x86_64.manylinux2014_x86_64.whl.metadata (35 kB)
2025-07-15T20:29:52.2207483Z #11 1.162 Collecting click==8.2.1 (from -r requirements.txt (line 7))
2025-07-15T20:29:52.2208669Z #11 1.169   Downloading click-8.2.1-py3-none-any.whl.metadata (2.5 kB)
2025-07-15T20:29:52.2209653Z #11 1.184 Collecting dnspython==2.7.0 (from -r requirements.txt (line 8))
2025-07-15T20:29:52.2210636Z #11 1.191   Downloading dnspython-2.7.0-py3-none-any.whl.metadata (5.8 kB)
2025-07-15T20:29:52.2211632Z #11 1.208 Collecting idna==3.10 (from -r requirements.txt (line 9))
2025-07-15T20:29:52.2212630Z #11 1.215   Downloading idna-3.10-py3-none-any.whl.metadata (10 kB)
2025-07-15T20:29:52.2214269Z #11 1.227 Collecting itsdangerous==2.2.0 (from -r requirements.txt (line 10))
2025-07-15T20:29:52.2214910Z #11 1.234   Downloading itsdangerous-2.2.0-py3-none-any.whl.metadata (1.9 kB)
2025-07-15T20:29:52.3224561Z #11 1.250 Collecting Jinja2==3.1.6 (from -r requirements.txt (line 11))
2025-07-15T20:29:52.3225798Z #11 1.257   Downloading jinja2-3.1.6-py3-none-any.whl.metadata (2.9 kB)
2025-07-15T20:29:52.3226589Z #11 1.310 Collecting MarkupSafe==3.0.2 (from -r requirements.txt (line 12))
2025-07-15T20:29:52.3227857Z #11 1.317   Downloading MarkupSafe-3.0.2-cp310-cp310-manylinux_2_17_x86_64.manylinux2014_x86_64.whl.metadata (4.0 kB)
2025-07-15T20:29:52.3228816Z #11 1.328 Collecting paho-mqtt==2.1.0 (from -r requirements.txt (line 13))
2025-07-15T20:29:52.3229584Z #11 1.336   Downloading paho_mqtt-2.1.0-py3-none-any.whl.metadata (23 kB)
2025-07-15T20:29:52.6348525Z #11 1.648 Collecting pymongo==4.13.2 (from -r requirements.txt (line 14))
2025-07-15T20:29:52.7428768Z #11 1.659   Downloading pymongo-4.13.2-cp310-cp310-manylinux_2_17_x86_64.manylinux2014_x86_64.whl.metadata (22 kB)
2025-07-15T20:29:52.7430052Z #11 1.680 Collecting python-dotenv==1.1.1 (from -r requirements.txt (line 15))
2025-07-15T20:29:52.7431091Z #11 1.687   Downloading python_dotenv-1.1.1-py3-none-any.whl.metadata (24 kB)
2025-07-15T20:29:52.7432041Z #11 1.714 Collecting requests==2.32.4 (from -r requirements.txt (line 16))
2025-07-15T20:29:52.7433084Z #11 1.721   Downloading requests-2.32.4-py3-none-any.whl.metadata (4.9 kB)
2025-07-15T20:29:52.7434315Z #11 1.747 Collecting urllib3==2.5.0 (from -r requirements.txt (line 17))
2025-07-15T20:29:52.7435246Z #11 1.755   Downloading urllib3-2.5.0-py3-none-any.whl.metadata (6.5 kB)
2025-07-15T20:29:52.8501922Z #11 1.779 Collecting Werkzeug==3.1.3 (from -r requirements.txt (line 18))
2025-07-15T20:29:52.8502886Z #11 1.786   Downloading werkzeug-3.1.3-py3-none-any.whl.metadata (3.7 kB)
2025-07-15T20:29:52.8504142Z #11 1.797 Collecting autodevops-cli==0.1.1 (from -r requirements.txt (line 19))
2025-07-15T20:29:52.8505143Z #11 1.805   Downloading autodevops_cli-0.1.1-py3-none-any.whl.metadata (494 bytes)
2025-07-15T20:29:52.8505944Z #11 1.815 Collecting iniconfig==2.1.0 (from -r requirements.txt (line 20))
2025-07-15T20:29:52.8506662Z #11 1.823   Downloading iniconfig-2.1.0-py3-none-any.whl.metadata (2.7 kB)
2025-07-15T20:29:52.8507360Z #11 1.835 Collecting loguru==0.7.3 (from -r requirements.txt (line 21))
2025-07-15T20:29:52.8508043Z #11 1.842   Downloading loguru-0.7.3-py3-none-any.whl.metadata (22 kB)
2025-07-15T20:29:52.8508821Z #11 1.864 Collecting markdown-it-py==3.0.0 (from -r requirements.txt (line 22))
2025-07-15T20:29:52.9642706Z #11 1.871   Downloading markdown_it_py-3.0.0-py3-none-any.whl.metadata (6.9 kB)
2025-07-15T20:29:52.9644441Z #11 1.886 Collecting mdurl==0.1.2 (from -r requirements.txt (line 23))
2025-07-15T20:29:52.9645400Z #11 1.893   Downloading mdurl-0.1.2-py3-none-any.whl.metadata (1.6 kB)
2025-07-15T20:29:52.9646343Z #11 1.906 Collecting mongomock==4.3.0 (from -r requirements.txt (line 24))
2025-07-15T20:29:52.9647369Z #11 1.914   Downloading mongomock-4.3.0-py2.py3-none-any.whl.metadata (12 kB)
2025-07-15T20:29:52.9648170Z #11 1.931 Collecting packaging==25.0 (from -r requirements.txt (line 25))
2025-07-15T20:29:52.9648938Z #11 1.938   Downloading packaging-25.0-py3-none-any.whl.metadata (3.3 kB)
2025-07-15T20:29:52.9649754Z #11 1.951 Collecting pluggy==1.6.0 (from -r requirements.txt (line 26))
2025-07-15T20:29:52.9650614Z #11 1.958   Downloading pluggy-1.6.0-py3-none-any.whl.metadata (4.8 kB)
2025-07-15T20:29:52.9651370Z #11 1.978 Collecting Pygments==2.19.2 (from -r requirements.txt (line 27))
2025-07-15T20:29:53.0721205Z #11 1.985   Downloading pygments-2.19.2-py3-none-any.whl.metadata (2.5 kB)
2025-07-15T20:29:53.0722348Z #11 2.021 Collecting pytz==2025.2 (from -r requirements.txt (line 28))
2025-07-15T20:29:53.0723422Z #11 2.028   Downloading pytz-2025.2-py2.py3-none-any.whl.metadata (22 kB)
2025-07-15T20:29:53.0725176Z #11 2.067 Collecting rich==14.0.0 (from -r requirements.txt (line 29))
2025-07-15T20:29:53.0726196Z #11 2.075   Downloading rich-14.0.0-py3-none-any.whl.metadata (18 kB)
2025-07-15T20:29:53.0727222Z #11 2.086 Collecting sentinels==1.0.0 (from -r requirements.txt (line 30))
2025-07-15T20:29:53.2370147Z #11 2.093   Downloading sentinels-1.0.0.tar.gz (4.1 kB)
2025-07-15T20:29:53.2371050Z #11 2.100   Preparing metadata (setup.py): started
2025-07-15T20:29:53.7220336Z #11 2.735   Preparing metadata (setup.py): finished with status 'done'
2025-07-15T20:29:53.8806433Z #11 2.751 Collecting sh==2.2.2 (from -r requirements.txt (line 31))
2025-07-15T20:29:53.8807230Z #11 2.758   Downloading sh-2.2.2-py3-none-any.whl.metadata (3.7 kB)
2025-07-15T20:29:53.8808095Z #11 2.799 Collecting exceptiongroup>=1.0.0rc8 (from pytest==8.2.1->-r requirements.txt (line 3))
2025-07-15T20:29:53.8809017Z #11 2.806   Downloading exceptiongroup-1.3.0-py3-none-any.whl.metadata (6.7 kB)
2025-07-15T20:29:53.8809848Z #11 2.822 Collecting tomli>=1 (from pytest==8.2.1->-r requirements.txt (line 3))
2025-07-15T20:29:53.8810615Z #11 2.829   Downloading tomli-2.2.1-py3-none-any.whl.metadata (10 kB)
2025-07-15T20:29:53.8811456Z #11 2.894 Collecting typing-extensions<5.0,>=4.0.0 (from rich==14.0.0->-r requirements.txt (line 29))
2025-07-15T20:29:53.9860079Z #11 2.902   Downloading typing_extensions-4.14.1-py3-none-any.whl.metadata (3.0 kB)
2025-07-15T20:29:53.9861257Z #11 2.920 Downloading flask-3.1.0-py3-none-any.whl (102 kB)
2025-07-15T20:29:53.9862239Z #11 2.933 Downloading flask_pymongo-3.0.1-py3-none-any.whl (11 kB)
2025-07-15T20:29:53.9863217Z #11 2.940 Downloading pytest-8.2.1-py3-none-any.whl (339 kB)
2025-07-15T20:29:53.9864405Z #11 2.954 Downloading pluggy-1.6.0-py3-none-any.whl (20 kB)
2025-07-15T20:29:53.9865325Z #11 2.963 Downloading blinker-1.9.0-py3-none-any.whl (8.5 kB)
2025-07-15T20:29:53.9866287Z #11 2.970 Downloading certifi-2025.7.14-py3-none-any.whl (162 kB)
2025-07-15T20:29:53.9867334Z #11 2.977 Downloading charset_normalizer-3.4.2-cp310-cp310-manylinux_2_17_x86_64.manylinux2014_x86_64.whl (149 kB)
2025-07-15T20:29:53.9868066Z #11 2.984 Downloading click-8.2.1-py3-none-any.whl (102 kB)
2025-07-15T20:29:53.9868576Z #11 2.991 Downloading dnspython-2.7.0-py3-none-any.whl (313 kB)
2025-07-15T20:29:53.9869083Z #11 2.999 Downloading idna-3.10-py3-none-any.whl (70 kB)
2025-07-15T20:29:54.0867017Z #11 3.007 Downloading itsdangerous-2.2.0-py3-none-any.whl (16 kB)
2025-07-15T20:29:54.0867826Z #11 3.014 Downloading jinja2-3.1.6-py3-none-any.whl (134 kB)
2025-07-15T20:29:54.0868753Z #11 3.021 Downloading MarkupSafe-3.0.2-cp310-cp310-manylinux_2_17_x86_64.manylinux2014_x86_64.whl (20 kB)
2025-07-15T20:29:54.0869622Z #11 3.028 Downloading paho_mqtt-2.1.0-py3-none-any.whl (67 kB)
2025-07-15T20:29:54.0870468Z #11 3.036 Downloading pymongo-4.13.2-cp310-cp310-manylinux_2_17_x86_64.manylinux2014_x86_64.whl (1.2 MB)
2025-07-15T20:29:54.0871610Z #11 3.045    ━━━━━━━━━━━━━━━━━━━━━━━━━━━━━━━━━━━━━━━━ 1.2/1.2 MB 146.4 MB/s eta 0:00:00
2025-07-15T20:29:54.0872316Z #11 3.052 Downloading python_dotenv-1.1.1-py3-none-any.whl (20 kB)
2025-07-15T20:29:54.0873002Z #11 3.059 Downloading requests-2.32.4-py3-none-any.whl (64 kB)
2025-07-15T20:29:54.0873868Z #11 3.066 Downloading urllib3-2.5.0-py3-none-any.whl (129 kB)
2025-07-15T20:29:54.0874564Z #11 3.074 Downloading werkzeug-3.1.3-py3-none-any.whl (224 kB)
2025-07-15T20:29:54.0875243Z #11 3.083 Downloading autodevops_cli-0.1.1-py3-none-any.whl (4.1 kB)
2025-07-15T20:29:54.0875928Z #11 3.091 Downloading iniconfig-2.1.0-py3-none-any.whl (6.0 kB)
2025-07-15T20:29:54.0876578Z #11 3.100 Downloading loguru-0.7.3-py3-none-any.whl (61 kB)
2025-07-15T20:29:54.2095108Z #11 3.108 Downloading markdown_it_py-3.0.0-py3-none-any.whl (87 kB)
2025-07-15T20:29:54.2096365Z #11 3.115 Downloading mdurl-0.1.2-py3-none-any.whl (10.0 kB)
2025-07-15T20:29:54.2097160Z #11 3.123 Downloading mongomock-4.3.0-py2.py3-none-any.whl (64 kB)
2025-07-15T20:29:54.2097960Z #11 3.131 Downloading packaging-25.0-py3-none-any.whl (66 kB)
2025-07-15T20:29:54.2099096Z #11 3.138 Downloading pygments-2.19.2-py3-none-any.whl (1.2 MB)
2025-07-15T20:29:54.2100230Z #11 3.144    ━━━━━━━━━━━━━━━━━━━━━━━━━━━━━━━━━━━━━━━━ 1.2/1.2 MB 303.9 MB/s eta 0:00:00
2025-07-15T20:29:54.2101003Z #11 3.152 Downloading pytz-2025.2-py2.py3-none-any.whl (509 kB)
2025-07-15T20:29:54.2101605Z #11 3.160 Downloading rich-14.0.0-py3-none-any.whl (243 kB)
2025-07-15T20:29:54.2102165Z #11 3.169 Downloading sh-2.2.2-py3-none-any.whl (38 kB)
2025-07-15T20:29:54.2103009Z #11 3.176 Downloading typing_extensions-4.14.1-py3-none-any.whl (43 kB)
2025-07-15T20:29:54.2104459Z #11 3.183 Downloading exceptiongroup-1.3.0-py3-none-any.whl (16 kB)
2025-07-15T20:29:54.2105539Z #11 3.190 Downloading tomli-2.2.1-py3-none-any.whl (14 kB)
2025-07-15T20:29:54.2106483Z #11 3.223 Building wheels for collected packages: sentinels
2025-07-15T20:29:54.3616689Z #11 3.224   DEPRECATION: Building 'sentinels' using the legacy setup.py bdist_wheel mechanism, which will be removed in a future version. pip 25.3 will enforce this behaviour change. A possible replacement is to use the standardized build interface by setting the `--use-pep517` option, (possibly combined with `--no-build-isolation`), or adding a `pyproject.toml` file to the source tree of 'sentinels'. Discussion can be found at https://github.com/pypa/pip/issues/6334
2025-07-15T20:29:54.3619954Z #11 3.224   Building wheel for sentinels (setup.py): started
2025-07-15T20:29:55.0116044Z #11 4.025   Building wheel for sentinels (setup.py): finished with status 'done'
2025-07-15T20:29:55.2334867Z #11 4.026   Created wheel for sentinels: filename=sentinels-1.0.0-py3-none-any.whl size=3175 sha256=d8118410c5cd941a241da679050578a31ea37daa4d26e220c4a957e68df8f76e
2025-07-15T20:29:55.2336404Z #11 4.026   Stored in directory: /tmp/pip-ephem-wheel-cache-v_0uqsw3/wheels/26/bc/eb/67e56405e0684b3d8c011cf4d18129c41be394775fd5ba2347
2025-07-15T20:29:55.2337334Z #11 4.027 Successfully built sentinels
2025-07-15T20:29:55.2339368Z #11 4.096 Installing collected packages: sentinels, pytz, urllib3, typing-extensions, tomli, sh, python-dotenv, Pygments, pluggy, paho-mqtt, packaging, mdurl, MarkupSafe, loguru, itsdangerous, iniconfig, idna, dnspython, click, charset-normalizer, certifi, blinker, Werkzeug, requests, pymongo, mongomock, markdown-it-py, Jinja2, exceptiongroup, rich, pytest, Flask, Flask-PyMongo, autodevops-cli
2025-07-15T20:29:57.3508991Z #11 6.364 
2025-07-15T20:29:57.5097671Z #11 6.372 Successfully installed Flask-3.1.0 Flask-PyMongo-3.0.1 Jinja2-3.1.6 MarkupSafe-3.0.2 Pygments-2.19.2 Werkzeug-3.1.3 autodevops-cli-0.1.1 blinker-1.9.0 certifi-2025.7.14 charset-normalizer-3.4.2 click-8.2.1 dnspython-2.7.0 exceptiongroup-1.3.0 idna-3.10 iniconfig-2.1.0 itsdangerous-2.2.0 loguru-0.7.3 markdown-it-py-3.0.0 mdurl-0.1.2 mongomock-4.3.0 packaging-25.0 paho-mqtt-2.1.0 pluggy-1.6.0 pymongo-4.13.2 pytest-8.2.1 python-dotenv-1.1.1 pytz-2025.2 requests-2.32.4 rich-14.0.0 sentinels-1.0.0 sh-2.2.2 tomli-2.2.1 typing-extensions-4.14.1 urllib3-2.5.0
2025-07-15T20:29:57.5101735Z #11 6.372 WARNING: Running pip as the 'root' user can result in broken permissions and conflicting behaviour with the system package manager, possibly rendering your system unusable. It is recommended to use a virtual environment instead: https://pip.pypa.io/warnings/venv. Use the --root-user-action option if you know what you are doing and want to suppress this warning.
2025-07-15T20:29:57.6145429Z #11 DONE 6.6s
2025-07-15T20:29:57.7662856Z 
2025-07-15T20:29:57.7695654Z #12 exporting to image
2025-07-15T20:29:57.7697518Z #12 exporting layers
2025-07-15T20:29:59.3766123Z #12 exporting layers 1.8s done
2025-07-15T20:29:59.3939665Z #12 writing image sha256:5fdabf6e34e45c33338291f6bc39f55c41e3c6f216d21f8050fcdccb81ab3f88 done
2025-07-15T20:29:59.3941306Z #12 naming to docker.io/***/flask-ci-cd-demo done
2025-07-15T20:29:59.3942065Z #12 DONE 1.8s
2025-07-15T20:29:59.4018395Z ##[group]Run docker push ***/flask-ci-cd-demo
2025-07-15T20:29:59.4018937Z [36;1mdocker push ***/flask-ci-cd-demo[0m
2025-07-15T20:29:59.4048017Z shell: /usr/bin/bash -e {0}
2025-07-15T20:29:59.4048570Z env:
2025-07-15T20:29:59.4048946Z   pythonLocation: /opt/hostedtoolcache/Python/3.10.18/x64
2025-07-15T20:29:59.4049514Z   PKG_CONFIG_PATH: /opt/hostedtoolcache/Python/3.10.18/x64/lib/pkgconfig
2025-07-15T20:29:59.4050054Z   Python_ROOT_DIR: /opt/hostedtoolcache/Python/3.10.18/x64
2025-07-15T20:29:59.4050547Z   Python2_ROOT_DIR: /opt/hostedtoolcache/Python/3.10.18/x64
2025-07-15T20:29:59.4051032Z   Python3_ROOT_DIR: /opt/hostedtoolcache/Python/3.10.18/x64
2025-07-15T20:29:59.4051514Z   LD_LIBRARY_PATH: /opt/hostedtoolcache/Python/3.10.18/x64/lib
2025-07-15T20:29:59.4051947Z ##[endgroup]
2025-07-15T20:29:59.4205075Z Using default tag: latest
2025-07-15T20:29:59.4220236Z The push refers to repository [docker.io/***/flask-ci-cd-demo]
2025-07-15T20:29:59.4464006Z 2c7ca58b3f3d: Preparing
2025-07-15T20:29:59.4464976Z 110f11d0214c: Preparing
2025-07-15T20:29:59.4465724Z 1623581f5dd7: Preparing
2025-07-15T20:29:59.4466481Z 8425bdaa86b9: Preparing
2025-07-15T20:29:59.4467167Z a3421e0b1826: Preparing
2025-07-15T20:29:59.4467606Z 31abbb538de0: Preparing
2025-07-15T20:29:59.4468015Z a2ccf7527b3c: Preparing
2025-07-15T20:29:59.4468425Z abd92ba2021e: Preparing
2025-07-15T20:29:59.4468827Z 1bb35e8b4de1: Preparing
2025-07-15T20:29:59.4469227Z 31abbb538de0: Waiting
2025-07-15T20:29:59.4469622Z abd92ba2021e: Waiting
2025-07-15T20:29:59.4469983Z a2ccf7527b3c: Waiting
2025-07-15T20:29:59.4470284Z 1bb35e8b4de1: Waiting
2025-07-15T20:30:00.5877473Z 8425bdaa86b9: Pushed
2025-07-15T20:30:00.6917062Z 31abbb538de0: Layer already exists
2025-07-15T20:30:00.7991119Z a2ccf7527b3c: Layer already exists
2025-07-15T20:30:00.9184496Z abd92ba2021e: Layer already exists
2025-07-15T20:30:01.0634942Z 1bb35e8b4de1: Layer already exists
2025-07-15T20:30:01.5100069Z 110f11d0214c: Pushed
2025-07-15T20:30:02.3023515Z 2c7ca58b3f3d: Pushed
2025-07-15T20:30:04.4758330Z 1623581f5dd7: Pushed
2025-07-15T20:30:13.9271541Z a3421e0b1826: Pushed
2025-07-15T20:30:15.8178525Z latest: digest: sha256:38fc3d821f26aac3a6b24cd5343d59fb3a1eadde7c9ee3e93bceb6a3587d3fe7 size: 2212
2025-07-15T20:30:15.8294341Z ##[group]Run appleboy/ssh-action@v1.0.0
2025-07-15T20:30:15.8294776Z with:
2025-07-15T20:30:15.8295211Z   host: ***
2025-07-15T20:30:15.8295522Z   username: ***
2025-07-15T20:30:15.8307334Z   key: ***
2025-07-15T20:30:15.8308114Z   script: docker pull ***/flask-ci-cd-demo

docker stop flask-app || true
docker rm flask-app || true

docker run -d \
  --name flask-app \
  -p 4567:4567 \
  ***/flask-ci-cd-demo

2025-07-15T20:30:15.8308871Z   port: 22
2025-07-15T20:30:15.8323888Z   timeout: 30s
2025-07-15T20:30:15.8324426Z   command_timeout: 10m
2025-07-15T20:30:15.8324973Z   proxy_port: 22
2025-07-15T20:30:15.8325480Z   proxy_timeout: 30s
2025-07-15T20:30:15.8325881Z env:
2025-07-15T20:30:15.8326255Z   pythonLocation: /opt/hostedtoolcache/Python/3.10.18/x64
2025-07-15T20:30:15.8326806Z   PKG_CONFIG_PATH: /opt/hostedtoolcache/Python/3.10.18/x64/lib/pkgconfig
2025-07-15T20:30:15.8327352Z   Python_ROOT_DIR: /opt/hostedtoolcache/Python/3.10.18/x64
2025-07-15T20:30:15.8327882Z   Python2_ROOT_DIR: /opt/hostedtoolcache/Python/3.10.18/x64
2025-07-15T20:30:15.8328373Z   Python3_ROOT_DIR: /opt/hostedtoolcache/Python/3.10.18/x64
2025-07-15T20:30:15.8328858Z   LD_LIBRARY_PATH: /opt/hostedtoolcache/Python/3.10.18/x64/lib
2025-07-15T20:30:15.8329283Z ##[endgroup]
2025-07-15T20:30:15.8437896Z ##[command]/usr/bin/docker run --name d5e7c9526933a01d3848cf9199cb2b505a5e8a_92b4ef --label d5e7c9 --workdir /github/workspace --rm -e "pythonLocation" -e "PKG_CONFIG_PATH" -e "Python_ROOT_DIR" -e "Python2_ROOT_DIR" -e "Python3_ROOT_DIR" -e "LD_LIBRARY_PATH" -e "INPUT_HOST" -e "INPUT_USERNAME" -e "INPUT_KEY" -e "INPUT_SCRIPT" -e "INPUT_PORT" -e "INPUT_PASSPHRASE" -e "INPUT_PASSWORD" -e "INPUT_SYNC" -e "INPUT_USE_INSECURE_CIPHER" -e "INPUT_CIPHER" -e "INPUT_TIMEOUT" -e "INPUT_COMMAND_TIMEOUT" -e "INPUT_KEY_PATH" -e "INPUT_FINGERPRINT" -e "INPUT_PROXY_HOST" -e "INPUT_PROXY_PORT" -e "INPUT_PROXY_USERNAME" -e "INPUT_PROXY_PASSWORD" -e "INPUT_PROXY_PASSPHRASE" -e "INPUT_PROXY_TIMEOUT" -e "INPUT_PROXY_KEY" -e "INPUT_PROXY_KEY_PATH" -e "INPUT_PROXY_FINGERPRINT" -e "INPUT_PROXY_CIPHER" -e "INPUT_PROXY_USE_INSECURE_CIPHER" -e "INPUT_SCRIPT_STOP" -e "INPUT_ENVS" -e "INPUT_ENVS_FORMAT" -e "INPUT_DEBUG" -e "INPUT_ALLENVS" -e "HOME" -e "GITHUB_JOB" -e "GITHUB_REF" -e "GITHUB_SHA" -e "GITHUB_REPOSITORY" -e "GITHUB_REPOSITORY_OWNER" -e "GITHUB_REPOSITORY_OWNER_ID" -e "GITHUB_RUN_ID" -e "GITHUB_RUN_NUMBER" -e "GITHUB_RETENTION_DAYS" -e "GITHUB_RUN_ATTEMPT" -e "GITHUB_ACTOR_ID" -e "GITHUB_ACTOR" -e "GITHUB_WORKFLOW" -e "GITHUB_HEAD_REF" -e "GITHUB_BASE_REF" -e "GITHUB_EVENT_NAME" -e "GITHUB_SERVER_URL" -e "GITHUB_API_URL" -e "GITHUB_GRAPHQL_URL" -e "GITHUB_REF_NAME" -e "GITHUB_REF_PROTECTED" -e "GITHUB_REF_TYPE" -e "GITHUB_WORKFLOW_REF" -e "GITHUB_WORKFLOW_SHA" -e "GITHUB_REPOSITORY_ID" -e "GITHUB_TRIGGERING_ACTOR" -e "GITHUB_WORKSPACE" -e "GITHUB_ACTION" -e "GITHUB_EVENT_PATH" -e "GITHUB_ACTION_REPOSITORY" -e "GITHUB_ACTION_REF" -e "GITHUB_PATH" -e "GITHUB_ENV" -e "GITHUB_STEP_SUMMARY" -e "GITHUB_STATE" -e "GITHUB_OUTPUT" -e "RUNNER_OS" -e "RUNNER_ARCH" -e "RUNNER_NAME" -e "RUNNER_ENVIRONMENT" -e "RUNNER_TOOL_CACHE" -e "RUNNER_TEMP" -e "RUNNER_WORKSPACE" -e "ACTIONS_RUNTIME_URL" -e "ACTIONS_RUNTIME_TOKEN" -e "ACTIONS_CACHE_URL" -e "ACTIONS_RESULTS_URL" -e GITHUB_ACTIONS=true -e CI=true -v "/var/run/docker.sock":"/var/run/docker.sock" -v "/home/runner/work/_temp/_github_home":"/github/home" -v "/home/runner/work/_temp/_github_workflow":"/github/workflow" -v "/home/runner/work/_temp/_runner_file_commands":"/github/file_commands" -v "/home/runner/work/Devops/Devops":"/github/workspace" d5e7c9:526933a01d3848cf9199cb2b505a5e8a
2025-07-15T20:30:16.0092576Z ======CMD======
2025-07-15T20:30:16.0095788Z docker pull ***/flask-ci-cd-demo
2025-07-15T20:30:16.0096184Z 
2025-07-15T20:30:16.0096435Z docker stop flask-app || true
2025-07-15T20:30:16.0097024Z docker rm flask-app || true
2025-07-15T20:30:16.0097359Z 
2025-07-15T20:30:16.0097581Z docker run -d \
2025-07-15T20:30:16.0098087Z   --name flask-app \
2025-07-15T20:30:16.0098630Z   -p 4567:4567 \
2025-07-15T20:30:16.0099491Z   ***/flask-ci-cd-demo
2025-07-15T20:30:16.0099836Z 
2025-07-15T20:30:16.0100065Z ======END======
2025-07-15T20:30:46.0397351Z 2025/07/15 20:30:46 dial tcp ***:22: i/o timeout
2025-07-15T20:30:46.1114583Z Post job cleanup.
2025-07-15T20:30:46.4067011Z [command]/usr/bin/docker logout 
2025-07-15T20:30:46.4199008Z Removing login credentials for https://index.docker.io/v1/
2025-07-15T20:30:46.4231684Z ##[group]Post cache
2025-07-15T20:30:46.4233056Z State not set
2025-07-15T20:30:46.4234843Z ##[endgroup]
2025-07-15T20:30:46.4372960Z Post job cleanup.
2025-07-15T20:30:46.5085826Z [command]/usr/bin/git version
2025-07-15T20:30:46.5120112Z git version 2.50.1
2025-07-15T20:30:46.5164476Z Temporarily overriding HOME='/home/runner/work/_temp/0fb5b9a3-c2eb-4460-8074-60377e1889e1' before making global git config changes
2025-07-15T20:30:46.5166030Z Adding repository directory to the temporary git global config as a safe directory
2025-07-15T20:30:46.5169136Z [command]/usr/bin/git config --global --add safe.directory /home/runner/work/Devops/Devops
2025-07-15T20:30:46.5200926Z [command]/usr/bin/git config --local --name-only --get-regexp core\.sshCommand
2025-07-15T20:30:46.5229995Z [command]/usr/bin/git submodule foreach --recursive sh -c "git config --local --name-only --get-regexp 'core\.sshCommand' && git config --local --unset-all 'core.sshCommand' || :"
2025-07-15T20:30:46.5458783Z [command]/usr/bin/git config --local --name-only --get-regexp http\.https\:\/\/github\.com\/\.extraheader
2025-07-15T20:30:46.5481630Z http.https://github.com/.extraheader
2025-07-15T20:30:46.5492637Z [command]/usr/bin/git config --local --unset-all http.https://github.com/.extraheader
2025-07-15T20:30:46.5522011Z [command]/usr/bin/git submodule foreach --recursive sh -c "git config --local --name-only --get-regexp 'http\.https\:\/\/github\.com\/\.extraheader' && git config --local --unset-all 'http.https://github.com/.extraheader' || :"
2025-07-15T20:30:46.5848352Z Cleaning up orphan processes
