2025-07-16T05:29:53.4075876Z Current runner version: '2.326.0'
2025-07-16T05:29:53.4100612Z ##[group]Runner Image Provisioner
2025-07-16T05:29:53.4101584Z Hosted Compute Agent
2025-07-16T05:29:53.4102117Z Version: 20250711.363
2025-07-16T05:29:53.4102719Z Commit: 6785254374ce925a23743850c1cb91912ce5c14c
2025-07-16T05:29:53.4103490Z Build Date: 2025-07-11T20:04:25Z
2025-07-16T05:29:53.4104089Z ##[endgroup]
2025-07-16T05:29:53.4104590Z ##[group]Operating System
2025-07-16T05:29:53.4105203Z Ubuntu
2025-07-16T05:29:53.4105714Z 24.04.2
2025-07-16T05:29:53.4106122Z LTS
2025-07-16T05:29:53.4106844Z ##[endgroup]
2025-07-16T05:29:53.4107394Z ##[group]Runner Image
2025-07-16T05:29:53.4107907Z Image: ubuntu-24.04
2025-07-16T05:29:53.4108496Z Version: 20250710.1.0
2025-07-16T05:29:53.4109510Z Included Software: https://github.com/actions/runner-images/blob/ubuntu24/20250710.1/images/ubuntu/Ubuntu2404-Readme.md
2025-07-16T05:29:53.4111195Z Image Release: https://github.com/actions/runner-images/releases/tag/ubuntu24%2F20250710.1
2025-07-16T05:29:53.4112216Z ##[endgroup]
2025-07-16T05:29:53.4113376Z ##[group]GITHUB_TOKEN Permissions
2025-07-16T05:29:53.4115404Z Contents: read
2025-07-16T05:29:53.4115912Z Metadata: read
2025-07-16T05:29:53.4116838Z Packages: read
2025-07-16T05:29:53.4117372Z ##[endgroup]
2025-07-16T05:29:53.4119621Z Secret source: Actions
2025-07-16T05:29:53.4120728Z Prepare workflow directory
2025-07-16T05:29:53.4511945Z Prepare all required actions
2025-07-16T05:29:53.4548937Z Getting action download info
2025-07-16T05:29:53.8513488Z ##[group]Download immutable action package 'actions/checkout@v3'
2025-07-16T05:29:53.8514605Z Version: 3.6.0
2025-07-16T05:29:53.8515640Z Digest: sha256:942562b9c7d4b1f2557f1da21f4d3eb4eb4fd01f2ad78b2a6e187d1b193e0a0f
2025-07-16T05:29:53.8517641Z Source commit SHA: f43a0e5ff2bd294095638e18286ca9a3d1956744
2025-07-16T05:29:53.8518456Z ##[endgroup]
2025-07-16T05:29:53.9432721Z ##[group]Download immutable action package 'actions/setup-python@v4'
2025-07-16T05:29:53.9433633Z Version: 4.9.1
2025-07-16T05:29:53.9434389Z Digest: sha256:f03e505388af670b5a108629e0ba26befc08d5c62b41f46146a45fe29ae509a5
2025-07-16T05:29:53.9435538Z Source commit SHA: 7f4fc3e22c37d6ff65e88745f38bd3157c663f7c
2025-07-16T05:29:53.9436292Z ##[endgroup]
2025-07-16T05:29:54.3324585Z ##[group]Download immutable action package 'docker/login-action@v3'
2025-07-16T05:29:54.3325443Z Version: 3.4.0
2025-07-16T05:29:54.3326267Z Digest: sha256:864ebd28db095e1602e6ef999f46a4f575083ea874918fbccf0994c2a7680450
2025-07-16T05:29:54.3327654Z Source commit SHA: 74a5d142397b4f367a81961eba4e8cd7edddf772
2025-07-16T05:29:54.3328404Z ##[endgroup]
2025-07-16T05:29:54.8809884Z Complete job name: build-test-deploy
2025-07-16T05:29:54.9583840Z ##[group]Run actions/checkout@v3
2025-07-16T05:29:54.9585174Z with:
2025-07-16T05:29:54.9585961Z   repository: Dinesh-4/Devops
2025-07-16T05:29:54.9587566Z   token: ***
2025-07-16T05:29:54.9588360Z   ssh-strict: true
2025-07-16T05:29:54.9589221Z   persist-credentials: true
2025-07-16T05:29:54.9590140Z   clean: true
2025-07-16T05:29:54.9591001Z   sparse-checkout-cone-mode: true
2025-07-16T05:29:54.9592007Z   fetch-depth: 1
2025-07-16T05:29:54.9592810Z   fetch-tags: false
2025-07-16T05:29:54.9593611Z   lfs: false
2025-07-16T05:29:54.9594370Z   submodules: false
2025-07-16T05:29:54.9595198Z   set-safe-directory: true
2025-07-16T05:29:54.9596574Z ##[endgroup]
2025-07-16T05:29:55.0440627Z Syncing repository: Dinesh-4/Devops
2025-07-16T05:29:55.0443280Z ##[group]Getting Git version info
2025-07-16T05:29:55.0444577Z Working directory is '/home/runner/work/Devops/Devops'
2025-07-16T05:29:55.0446824Z [command]/usr/bin/git version
2025-07-16T05:29:55.0520648Z git version 2.50.1
2025-07-16T05:29:55.0548242Z ##[endgroup]
2025-07-16T05:29:55.0562518Z Temporarily overriding HOME='/home/runner/work/_temp/6b1c3268-de60-436a-be05-96f18c002b62' before making global git config changes
2025-07-16T05:29:55.0565716Z Adding repository directory to the temporary git global config as a safe directory
2025-07-16T05:29:55.0568235Z [command]/usr/bin/git config --global --add safe.directory /home/runner/work/Devops/Devops
2025-07-16T05:29:55.0601377Z Deleting the contents of '/home/runner/work/Devops/Devops'
2025-07-16T05:29:55.0604882Z ##[group]Initializing the repository
2025-07-16T05:29:55.0607716Z [command]/usr/bin/git init /home/runner/work/Devops/Devops
2025-07-16T05:29:55.0716216Z hint: Using 'master' as the name for the initial branch. This default branch name
2025-07-16T05:29:55.0720151Z hint: is subject to change. To configure the initial branch name to use in all
2025-07-16T05:29:55.0723225Z hint: of your new repositories, which will suppress this warning, call:
2025-07-16T05:29:55.0724783Z hint:
2025-07-16T05:29:55.0725838Z hint: 	git config --global init.defaultBranch <name>
2025-07-16T05:29:55.0727769Z hint:
2025-07-16T05:29:55.0729004Z hint: Names commonly chosen instead of 'master' are 'main', 'trunk' and
2025-07-16T05:29:55.0731637Z hint: 'development'. The just-created branch can be renamed via this command:
2025-07-16T05:29:55.0733078Z hint:
2025-07-16T05:29:55.0733843Z hint: 	git branch -m <name>
2025-07-16T05:29:55.0734729Z hint:
2025-07-16T05:29:55.0735918Z hint: Disable this message with "git config set advice.defaultBranchName false"
2025-07-16T05:29:55.0738273Z Initialized empty Git repository in /home/runner/work/Devops/Devops/.git/
2025-07-16T05:29:55.0741280Z [command]/usr/bin/git remote add origin https://github.com/Dinesh-4/Devops
2025-07-16T05:29:55.0770602Z ##[endgroup]
2025-07-16T05:29:55.0772310Z ##[group]Disabling automatic garbage collection
2025-07-16T05:29:55.0773699Z [command]/usr/bin/git config --local gc.auto 0
2025-07-16T05:29:55.0798470Z ##[endgroup]
2025-07-16T05:29:55.0799804Z ##[group]Setting up auth
2025-07-16T05:29:55.0803124Z [command]/usr/bin/git config --local --name-only --get-regexp core\.sshCommand
2025-07-16T05:29:55.0829544Z [command]/usr/bin/git submodule foreach --recursive sh -c "git config --local --name-only --get-regexp 'core\.sshCommand' && git config --local --unset-all 'core.sshCommand' || :"
2025-07-16T05:29:55.1163229Z [command]/usr/bin/git config --local --name-only --get-regexp http\.https\:\/\/github\.com\/\.extraheader
2025-07-16T05:29:55.1192909Z [command]/usr/bin/git submodule foreach --recursive sh -c "git config --local --name-only --get-regexp 'http\.https\:\/\/github\.com\/\.extraheader' && git config --local --unset-all 'http.https://github.com/.extraheader' || :"
2025-07-16T05:29:55.1406263Z [command]/usr/bin/git config --local http.https://github.com/.extraheader AUTHORIZATION: basic ***
2025-07-16T05:29:55.1438792Z ##[endgroup]
2025-07-16T05:29:55.1441238Z ##[group]Fetching the repository
2025-07-16T05:29:55.1450361Z [command]/usr/bin/git -c protocol.version=2 fetch --no-tags --prune --progress --no-recurse-submodules --depth=1 origin +769b9b7a113fbf75317af665d9416f7e190f15c9:refs/remotes/origin/main
2025-07-16T05:29:55.5042167Z remote: Enumerating objects: 4182, done.        
2025-07-16T05:29:55.5044255Z remote: Counting objects:   0% (1/4182)        
2025-07-16T05:29:55.5045529Z remote: Counting objects:   1% (42/4182)        
2025-07-16T05:29:55.5047076Z remote: Counting objects:   2% (84/4182)        
2025-07-16T05:29:55.5048320Z remote: Counting objects:   3% (126/4182)        
2025-07-16T05:29:55.5049533Z remote: Counting objects:   4% (168/4182)        
2025-07-16T05:29:55.5050716Z remote: Counting objects:   5% (210/4182)        
2025-07-16T05:29:55.5051906Z remote: Counting objects:   6% (251/4182)        
2025-07-16T05:29:55.5053080Z remote: Counting objects:   7% (293/4182)        
2025-07-16T05:29:55.5054315Z remote: Counting objects:   8% (335/4182)        
2025-07-16T05:29:55.5055529Z remote: Counting objects:   9% (377/4182)        
2025-07-16T05:29:55.5056955Z remote: Counting objects:  10% (419/4182)        
2025-07-16T05:29:55.5058166Z remote: Counting objects:  11% (461/4182)        
2025-07-16T05:29:55.5059351Z remote: Counting objects:  12% (502/4182)        
2025-07-16T05:29:55.5060524Z remote: Counting objects:  13% (544/4182)        
2025-07-16T05:29:55.5061714Z remote: Counting objects:  14% (586/4182)        
2025-07-16T05:29:55.5063159Z remote: Counting objects:  15% (628/4182)        
2025-07-16T05:29:55.5064339Z remote: Counting objects:  16% (670/4182)        
2025-07-16T05:29:55.5065514Z remote: Counting objects:  17% (711/4182)        
2025-07-16T05:29:55.5066878Z remote: Counting objects:  18% (753/4182)        
2025-07-16T05:29:55.5068057Z remote: Counting objects:  19% (795/4182)        
2025-07-16T05:29:55.5069225Z remote: Counting objects:  20% (837/4182)        
2025-07-16T05:29:55.5389425Z remote: Counting objects:  21% (879/4182)        
2025-07-16T05:29:55.5391913Z remote: Counting objects:  22% (921/4182)        
2025-07-16T05:29:55.5393649Z remote: Counting objects:  23% (962/4182)        
2025-07-16T05:29:55.5394987Z remote: Counting objects:  24% (1004/4182)        
2025-07-16T05:29:55.5396505Z remote: Counting objects:  25% (1046/4182)        
2025-07-16T05:29:55.5397878Z remote: Counting objects:  26% (1088/4182)        
2025-07-16T05:29:55.5399222Z remote: Counting objects:  27% (1130/4182)        
2025-07-16T05:29:55.5400585Z remote: Counting objects:  28% (1171/4182)        
2025-07-16T05:29:55.5401784Z remote: Counting objects:  29% (1213/4182)        
2025-07-16T05:29:55.5402993Z remote: Counting objects:  30% (1255/4182)        
2025-07-16T05:29:55.5404213Z remote: Counting objects:  31% (1297/4182)        
2025-07-16T05:29:55.5405420Z remote: Counting objects:  32% (1339/4182)        
2025-07-16T05:29:55.5406722Z remote: Counting objects:  33% (1381/4182)        
2025-07-16T05:29:55.5407928Z remote: Counting objects:  34% (1422/4182)        
2025-07-16T05:29:55.5409138Z remote: Counting objects:  35% (1464/4182)        
2025-07-16T05:29:55.5410340Z remote: Counting objects:  36% (1506/4182)        
2025-07-16T05:29:55.5411539Z remote: Counting objects:  37% (1548/4182)        
2025-07-16T05:29:55.5412735Z remote: Counting objects:  38% (1590/4182)        
2025-07-16T05:29:55.5414029Z remote: Counting objects:  39% (1631/4182)        
2025-07-16T05:29:55.5415461Z remote: Counting objects:  40% (1673/4182)        
2025-07-16T05:29:55.5417524Z remote: Counting objects:  41% (1715/4182)        
2025-07-16T05:29:55.5419699Z remote: Counting objects:  42% (1757/4182)        
2025-07-16T05:29:55.5420990Z remote: Counting objects:  43% (1799/4182)        
2025-07-16T05:29:55.5422207Z remote: Counting objects:  44% (1841/4182)        
2025-07-16T05:29:55.5423414Z remote: Counting objects:  45% (1882/4182)        
2025-07-16T05:29:55.5424624Z remote: Counting objects:  46% (1924/4182)        
2025-07-16T05:29:55.5425824Z remote: Counting objects:  47% (1966/4182)        
2025-07-16T05:29:55.5427579Z remote: Counting objects:  48% (2008/4182)        
2025-07-16T05:29:55.5428796Z remote: Counting objects:  49% (2050/4182)        
2025-07-16T05:29:55.5430008Z remote: Counting objects:  50% (2091/4182)        
2025-07-16T05:29:55.5431198Z remote: Counting objects:  51% (2133/4182)        
2025-07-16T05:29:55.5432381Z remote: Counting objects:  52% (2175/4182)        
2025-07-16T05:29:55.5433594Z remote: Counting objects:  53% (2217/4182)        
2025-07-16T05:29:55.5434794Z remote: Counting objects:  54% (2259/4182)        
2025-07-16T05:29:55.5435987Z remote: Counting objects:  55% (2301/4182)        
2025-07-16T05:29:55.5437335Z remote: Counting objects:  56% (2342/4182)        
2025-07-16T05:29:55.5438543Z remote: Counting objects:  57% (2384/4182)        
2025-07-16T05:29:55.5439739Z remote: Counting objects:  58% (2426/4182)        
2025-07-16T05:29:55.5440942Z remote: Counting objects:  59% (2468/4182)        
2025-07-16T05:29:55.5442134Z remote: Counting objects:  60% (2510/4182)        
2025-07-16T05:29:55.5443334Z remote: Counting objects:  61% (2552/4182)        
2025-07-16T05:29:55.5444509Z remote: Counting objects:  62% (2593/4182)        
2025-07-16T05:29:55.5445738Z remote: Counting objects:  63% (2635/4182)        
2025-07-16T05:29:55.5447036Z remote: Counting objects:  64% (2677/4182)        
2025-07-16T05:29:55.5448223Z remote: Counting objects:  65% (2719/4182)        
2025-07-16T05:29:55.5449545Z remote: Counting objects:  66% (2761/4182)        
2025-07-16T05:29:55.5450715Z remote: Counting objects:  67% (2802/4182)        
2025-07-16T05:29:55.5451897Z remote: Counting objects:  68% (2844/4182)        
2025-07-16T05:29:55.5453061Z remote: Counting objects:  69% (2886/4182)        
2025-07-16T05:29:55.5454228Z remote: Counting objects:  70% (2928/4182)        
2025-07-16T05:29:55.5455398Z remote: Counting objects:  71% (2970/4182)        
2025-07-16T05:29:55.5456669Z remote: Counting objects:  72% (3012/4182)        
2025-07-16T05:29:55.5457841Z remote: Counting objects:  73% (3053/4182)        
2025-07-16T05:29:55.5459016Z remote: Counting objects:  74% (3095/4182)        
2025-07-16T05:29:55.5460177Z remote: Counting objects:  75% (3137/4182)        
2025-07-16T05:29:55.5461351Z remote: Counting objects:  76% (3179/4182)        
2025-07-16T05:29:55.5462506Z remote: Counting objects:  77% (3221/4182)        
2025-07-16T05:29:55.5463663Z remote: Counting objects:  78% (3262/4182)        
2025-07-16T05:29:55.5464823Z remote: Counting objects:  79% (3304/4182)        
2025-07-16T05:29:55.5465979Z remote: Counting objects:  80% (3346/4182)        
2025-07-16T05:29:55.5467244Z remote: Counting objects:  81% (3388/4182)        
2025-07-16T05:29:55.5468391Z remote: Counting objects:  82% (3430/4182)        
2025-07-16T05:29:55.5469558Z remote: Counting objects:  83% (3472/4182)        
2025-07-16T05:29:55.5470726Z remote: Counting objects:  84% (3513/4182)        
2025-07-16T05:29:55.5471896Z remote: Counting objects:  85% (3555/4182)        
2025-07-16T05:29:55.5473067Z remote: Counting objects:  86% (3597/4182)        
2025-07-16T05:29:55.5474235Z remote: Counting objects:  87% (3639/4182)        
2025-07-16T05:29:55.5475386Z remote: Counting objects:  88% (3681/4182)        
2025-07-16T05:29:55.5476831Z remote: Counting objects:  89% (3722/4182)        
2025-07-16T05:29:55.5478218Z remote: Counting objects:  90% (3764/4182)        
2025-07-16T05:29:55.5479387Z remote: Counting objects:  91% (3806/4182)        
2025-07-16T05:29:55.5480566Z remote: Counting objects:  92% (3848/4182)        
2025-07-16T05:29:55.5481719Z remote: Counting objects:  93% (3890/4182)        
2025-07-16T05:29:55.5482887Z remote: Counting objects:  94% (3932/4182)        
2025-07-16T05:29:55.5484032Z remote: Counting objects:  95% (3973/4182)        
2025-07-16T05:29:55.5485194Z remote: Counting objects:  96% (4015/4182)        
2025-07-16T05:29:55.5486457Z remote: Counting objects:  97% (4057/4182)        
2025-07-16T05:29:55.5487610Z remote: Counting objects:  98% (4099/4182)        
2025-07-16T05:29:55.5488921Z remote: Counting objects:  99% (4141/4182)        
2025-07-16T05:29:55.5490094Z remote: Counting objects: 100% (4182/4182)        
2025-07-16T05:29:55.5491339Z remote: Counting objects: 100% (4182/4182), done.        
2025-07-16T05:29:55.5492581Z remote: Compressing objects:   0% (1/3566)        
2025-07-16T05:29:55.5493762Z remote: Compressing objects:   1% (36/3566)        
2025-07-16T05:29:55.5494951Z remote: Compressing objects:   2% (72/3566)        
2025-07-16T05:29:55.5496155Z remote: Compressing objects:   3% (107/3566)        
2025-07-16T05:29:55.5497477Z remote: Compressing objects:   4% (143/3566)        
2025-07-16T05:29:55.5498683Z remote: Compressing objects:   5% (179/3566)        
2025-07-16T05:29:55.5499904Z remote: Compressing objects:   6% (214/3566)        
2025-07-16T05:29:55.5501126Z remote: Compressing objects:   7% (250/3566)        
2025-07-16T05:29:55.5502342Z remote: Compressing objects:   8% (286/3566)        
2025-07-16T05:29:55.5503550Z remote: Compressing objects:   9% (321/3566)        
2025-07-16T05:29:55.5504779Z remote: Compressing objects:  10% (357/3566)        
2025-07-16T05:29:55.5506005Z remote: Compressing objects:  11% (393/3566)        
2025-07-16T05:29:55.5507422Z remote: Compressing objects:  12% (428/3566)        
2025-07-16T05:29:55.5508854Z remote: Compressing objects:  13% (464/3566)        
2025-07-16T05:29:55.5510086Z remote: Compressing objects:  14% (500/3566)        
2025-07-16T05:29:55.5511450Z remote: Compressing objects:  15% (535/3566)        
2025-07-16T05:29:55.5512693Z remote: Compressing objects:  16% (571/3566)        
2025-07-16T05:29:55.5513918Z remote: Compressing objects:  17% (607/3566)        
2025-07-16T05:29:55.5515141Z remote: Compressing objects:  18% (642/3566)        
2025-07-16T05:29:55.5516459Z remote: Compressing objects:  19% (678/3566)        
2025-07-16T05:29:55.5517684Z remote: Compressing objects:  20% (714/3566)        
2025-07-16T05:29:55.5518928Z remote: Compressing objects:  21% (749/3566)        
2025-07-16T05:29:55.5520144Z remote: Compressing objects:  22% (785/3566)        
2025-07-16T05:29:55.5521420Z remote: Compressing objects:  23% (821/3566)        
2025-07-16T05:29:55.5522643Z remote: Compressing objects:  24% (856/3566)        
2025-07-16T05:29:55.5523854Z remote: Compressing objects:  25% (892/3566)        
2025-07-16T05:29:55.5525057Z remote: Compressing objects:  26% (928/3566)        
2025-07-16T05:29:55.5526273Z remote: Compressing objects:  27% (963/3566)        
2025-07-16T05:29:55.5527590Z remote: Compressing objects:  28% (999/3566)        
2025-07-16T05:29:55.5528804Z remote: Compressing objects:  29% (1035/3566)        
2025-07-16T05:29:55.5530041Z remote: Compressing objects:  30% (1070/3566)        
2025-07-16T05:29:55.5531283Z remote: Compressing objects:  31% (1106/3566)        
2025-07-16T05:29:55.5532520Z remote: Compressing objects:  32% (1142/3566)        
2025-07-16T05:29:55.5533753Z remote: Compressing objects:  33% (1177/3566)        
2025-07-16T05:29:55.5534995Z remote: Compressing objects:  34% (1213/3566)        
2025-07-16T05:29:55.5536229Z remote: Compressing objects:  35% (1249/3566)        
2025-07-16T05:29:55.5537562Z remote: Compressing objects:  36% (1284/3566)        
2025-07-16T05:29:55.5538797Z remote: Compressing objects:  37% (1320/3566)        
2025-07-16T05:29:55.5540020Z remote: Compressing objects:  38% (1356/3566)        
2025-07-16T05:29:55.5541244Z remote: Compressing objects:  39% (1391/3566)        
2025-07-16T05:29:55.5542492Z remote: Compressing objects:  40% (1427/3566)        
2025-07-16T05:29:55.5543791Z remote: Compressing objects:  41% (1463/3566)        
2025-07-16T05:29:55.5545013Z remote: Compressing objects:  42% (1498/3566)        
2025-07-16T05:29:55.5546269Z remote: Compressing objects:  43% (1534/3566)        
2025-07-16T05:29:55.5547585Z remote: Compressing objects:  44% (1570/3566)        
2025-07-16T05:29:55.5548801Z remote: Compressing objects:  45% (1605/3566)        
2025-07-16T05:29:55.5550025Z remote: Compressing objects:  46% (1641/3566)        
2025-07-16T05:29:55.5551385Z remote: Compressing objects:  47% (1677/3566)        
2025-07-16T05:29:55.5552625Z remote: Compressing objects:  48% (1712/3566)        
2025-07-16T05:29:55.5553855Z remote: Compressing objects:  49% (1748/3566)        
2025-07-16T05:29:55.5555073Z remote: Compressing objects:  50% (1783/3566)        
2025-07-16T05:29:55.5556291Z remote: Compressing objects:  51% (1819/3566)        
2025-07-16T05:29:55.5557620Z remote: Compressing objects:  52% (1855/3566)        
2025-07-16T05:29:55.5558839Z remote: Compressing objects:  53% (1890/3566)        
2025-07-16T05:29:55.5560044Z remote: Compressing objects:  54% (1926/3566)        
2025-07-16T05:29:55.5561258Z remote: Compressing objects:  55% (1962/3566)        
2025-07-16T05:29:55.5562474Z remote: Compressing objects:  56% (1997/3566)        
2025-07-16T05:29:55.5563698Z remote: Compressing objects:  57% (2033/3566)        
2025-07-16T05:29:55.5564937Z remote: Compressing objects:  58% (2069/3566)        
2025-07-16T05:29:55.5566166Z remote: Compressing objects:  59% (2104/3566)        
2025-07-16T05:29:55.5567480Z remote: Compressing objects:  60% (2140/3566)        
2025-07-16T05:29:55.5568735Z remote: Compressing objects:  61% (2176/3566)        
2025-07-16T05:29:55.5570221Z remote: Compressing objects:  62% (2211/3566)        
2025-07-16T05:29:55.5571864Z remote: Compressing objects:  63% (2247/3566)        
2025-07-16T05:29:55.5574100Z remote: Compressing objects:  64% (2283/3566)        
2025-07-16T05:29:55.5575782Z remote: Compressing objects:  65% (2318/3566)        
2025-07-16T05:29:55.5577262Z remote: Compressing objects:  66% (2354/3566)        
2025-07-16T05:29:55.5578499Z remote: Compressing objects:  67% (2390/3566)        
2025-07-16T05:29:55.5579831Z remote: Compressing objects:  68% (2425/3566)        
2025-07-16T05:29:55.5581173Z remote: Compressing objects:  69% (2461/3566)        
2025-07-16T05:29:55.5582394Z remote: Compressing objects:  70% (2497/3566)        
2025-07-16T05:29:55.5583614Z remote: Compressing objects:  71% (2532/3566)        
2025-07-16T05:29:55.5584840Z remote: Compressing objects:  72% (2568/3566)        
2025-07-16T05:29:55.5586055Z remote: Compressing objects:  73% (2604/3566)        
2025-07-16T05:29:55.5587505Z remote: Compressing objects:  74% (2639/3566)        
2025-07-16T05:29:55.5588715Z remote: Compressing objects:  75% (2675/3566)        
2025-07-16T05:29:55.5589939Z remote: Compressing objects:  76% (2711/3566)        
2025-07-16T05:29:55.5591171Z remote: Compressing objects:  77% (2746/3566)        
2025-07-16T05:29:55.5592382Z remote: Compressing objects:  78% (2782/3566)        
2025-07-16T05:29:55.5593586Z remote: Compressing objects:  79% (2818/3566)        
2025-07-16T05:29:55.5594815Z remote: Compressing objects:  80% (2853/3566)        
2025-07-16T05:29:55.5596171Z remote: Compressing objects:  81% (2889/3566)        
2025-07-16T05:29:55.5597575Z remote: Compressing objects:  82% (2925/3566)        
2025-07-16T05:29:55.5598792Z remote: Compressing objects:  83% (2960/3566)        
2025-07-16T05:29:55.5600016Z remote: Compressing objects:  84% (2996/3566)        
2025-07-16T05:29:55.5601261Z remote: Compressing objects:  85% (3032/3566)        
2025-07-16T05:29:55.5602560Z remote: Compressing objects:  86% (3067/3566)        
2025-07-16T05:29:55.5603769Z remote: Compressing objects:  87% (3103/3566)        
2025-07-16T05:29:55.5605333Z remote: Compressing objects:  88% (3139/3566)        
2025-07-16T05:29:55.5607427Z remote: Compressing objects:  89% (3174/3566)        
2025-07-16T05:29:55.5608704Z remote: Compressing objects:  90% (3210/3566)        
2025-07-16T05:29:55.5609931Z remote: Compressing objects:  91% (3246/3566)        
2025-07-16T05:29:55.5611167Z remote: Compressing objects:  92% (3281/3566)        
2025-07-16T05:29:55.5612384Z remote: Compressing objects:  93% (3317/3566)        
2025-07-16T05:29:55.5613616Z remote: Compressing objects:  94% (3353/3566)        
2025-07-16T05:29:55.5614844Z remote: Compressing objects:  95% (3388/3566)        
2025-07-16T05:29:55.5616245Z remote: Compressing objects:  96% (3424/3566)        
2025-07-16T05:29:55.5617750Z remote: Compressing objects:  97% (3460/3566)        
2025-07-16T05:29:55.5618980Z remote: Compressing objects:  98% (3495/3566)        
2025-07-16T05:29:55.5620206Z remote: Compressing objects:  99% (3531/3566)        
2025-07-16T05:29:55.5621424Z remote: Compressing objects: 100% (3566/3566)        
2025-07-16T05:29:55.5622760Z remote: Compressing objects: 100% (3566/3566), done.        
2025-07-16T05:29:55.5957010Z Receiving objects:   0% (1/4182)
2025-07-16T05:29:55.6120085Z Receiving objects:   1% (42/4182)
2025-07-16T05:29:55.6485963Z Receiving objects:   2% (84/4182)
2025-07-16T05:29:55.7221250Z Receiving objects:   3% (126/4182)
2025-07-16T05:29:55.7567650Z Receiving objects:   4% (168/4182)
2025-07-16T05:29:55.7773518Z Receiving objects:   5% (210/4182)
2025-07-16T05:29:55.7794973Z Receiving objects:   6% (251/4182)
2025-07-16T05:29:55.8258168Z Receiving objects:   7% (293/4182)
2025-07-16T05:29:55.8279070Z Receiving objects:   8% (335/4182)
2025-07-16T05:29:55.8366860Z Receiving objects:   9% (377/4182)
2025-07-16T05:29:55.8440509Z Receiving objects:  10% (419/4182)
2025-07-16T05:29:55.8631343Z Receiving objects:  11% (461/4182)
2025-07-16T05:29:55.8667474Z Receiving objects:  12% (502/4182)
2025-07-16T05:29:55.8710733Z Receiving objects:  13% (544/4182)
2025-07-16T05:29:55.8716212Z Receiving objects:  14% (586/4182)
2025-07-16T05:29:55.8728491Z Receiving objects:  15% (628/4182)
2025-07-16T05:29:55.8738485Z Receiving objects:  16% (670/4182)
2025-07-16T05:29:55.8765258Z Receiving objects:  17% (711/4182)
2025-07-16T05:29:55.8789115Z Receiving objects:  18% (753/4182)
2025-07-16T05:29:55.8843352Z Receiving objects:  19% (795/4182)
2025-07-16T05:29:55.8892834Z Receiving objects:  20% (837/4182)
2025-07-16T05:29:55.8938292Z Receiving objects:  21% (879/4182)
2025-07-16T05:29:55.8983048Z Receiving objects:  22% (921/4182)
2025-07-16T05:29:55.9046806Z Receiving objects:  23% (962/4182)
2025-07-16T05:29:55.9083592Z Receiving objects:  24% (1004/4182)
2025-07-16T05:29:55.9099445Z Receiving objects:  25% (1046/4182)
2025-07-16T05:29:55.9114728Z Receiving objects:  26% (1088/4182)
2025-07-16T05:29:55.9131644Z Receiving objects:  27% (1130/4182)
2025-07-16T05:29:55.9148484Z Receiving objects:  28% (1171/4182)
2025-07-16T05:29:55.9188966Z Receiving objects:  29% (1213/4182)
2025-07-16T05:29:55.9225252Z Receiving objects:  30% (1255/4182)
2025-07-16T05:29:55.9262012Z Receiving objects:  31% (1297/4182)
2025-07-16T05:29:55.9295846Z Receiving objects:  32% (1339/4182)
2025-07-16T05:29:55.9333977Z Receiving objects:  33% (1381/4182)
2025-07-16T05:29:55.9426022Z Receiving objects:  34% (1422/4182)
2025-07-16T05:29:55.9461120Z Receiving objects:  35% (1464/4182)
2025-07-16T05:29:55.9484215Z Receiving objects:  36% (1506/4182)
2025-07-16T05:29:55.9528288Z Receiving objects:  37% (1548/4182)
2025-07-16T05:29:55.9549984Z Receiving objects:  38% (1590/4182)
2025-07-16T05:29:55.9590779Z Receiving objects:  39% (1631/4182)
2025-07-16T05:29:55.9611725Z Receiving objects:  40% (1673/4182)
2025-07-16T05:29:55.9659777Z Receiving objects:  41% (1715/4182)
2025-07-16T05:29:55.9701551Z Receiving objects:  42% (1757/4182)
2025-07-16T05:29:55.9745083Z Receiving objects:  43% (1799/4182)
2025-07-16T05:29:55.9819678Z Receiving objects:  44% (1841/4182)
2025-07-16T05:29:55.9874373Z Receiving objects:  45% (1882/4182)
2025-07-16T05:29:55.9911498Z Receiving objects:  46% (1924/4182)
2025-07-16T05:29:55.9958442Z Receiving objects:  47% (1966/4182)
2025-07-16T05:29:56.0035616Z Receiving objects:  48% (2008/4182)
2025-07-16T05:29:56.0080482Z Receiving objects:  49% (2050/4182)
2025-07-16T05:29:56.0112273Z Receiving objects:  50% (2091/4182)
2025-07-16T05:29:56.0150739Z Receiving objects:  51% (2133/4182)
2025-07-16T05:29:56.0203792Z Receiving objects:  52% (2175/4182)
2025-07-16T05:29:56.0331302Z Receiving objects:  53% (2217/4182)
2025-07-16T05:29:56.0354914Z Receiving objects:  54% (2259/4182)
2025-07-16T05:29:56.0390291Z Receiving objects:  55% (2301/4182)
2025-07-16T05:29:56.0421502Z Receiving objects:  56% (2342/4182)
2025-07-16T05:29:56.0466930Z Receiving objects:  57% (2384/4182)
2025-07-16T05:29:56.0490832Z Receiving objects:  58% (2426/4182)
2025-07-16T05:29:56.0513669Z Receiving objects:  59% (2468/4182)
2025-07-16T05:29:56.0531380Z Receiving objects:  60% (2510/4182)
2025-07-16T05:29:56.0593389Z Receiving objects:  61% (2552/4182)
2025-07-16T05:29:56.0632512Z Receiving objects:  62% (2593/4182)
2025-07-16T05:29:56.0675296Z Receiving objects:  63% (2635/4182), 9.45 MiB | 18.89 MiB/s
2025-07-16T05:29:56.0753591Z Receiving objects:  64% (2677/4182), 9.45 MiB | 18.89 MiB/s
2025-07-16T05:29:56.0802230Z Receiving objects:  65% (2719/4182), 9.45 MiB | 18.89 MiB/s
2025-07-16T05:29:56.0850869Z Receiving objects:  66% (2761/4182), 9.45 MiB | 18.89 MiB/s
2025-07-16T05:29:56.0911774Z Receiving objects:  67% (2802/4182), 9.45 MiB | 18.89 MiB/s
2025-07-16T05:29:56.0964891Z Receiving objects:  68% (2844/4182), 9.45 MiB | 18.89 MiB/s
2025-07-16T05:29:56.1002973Z Receiving objects:  69% (2886/4182), 9.45 MiB | 18.89 MiB/s
2025-07-16T05:29:56.1063862Z Receiving objects:  70% (2928/4182), 9.45 MiB | 18.89 MiB/s
2025-07-16T05:29:56.1112113Z Receiving objects:  71% (2970/4182), 9.45 MiB | 18.89 MiB/s
2025-07-16T05:29:56.1147545Z Receiving objects:  72% (3012/4182), 9.45 MiB | 18.89 MiB/s
2025-07-16T05:29:56.1169246Z Receiving objects:  73% (3053/4182), 9.45 MiB | 18.89 MiB/s
2025-07-16T05:29:56.1184793Z Receiving objects:  74% (3095/4182), 9.45 MiB | 18.89 MiB/s
2025-07-16T05:29:56.1195767Z Receiving objects:  75% (3137/4182), 9.45 MiB | 18.89 MiB/s
2025-07-16T05:29:56.1218050Z Receiving objects:  76% (3179/4182), 9.45 MiB | 18.89 MiB/s
2025-07-16T05:29:56.1270800Z Receiving objects:  77% (3221/4182), 9.45 MiB | 18.89 MiB/s
2025-07-16T05:29:56.1374334Z Receiving objects:  78% (3262/4182), 9.45 MiB | 18.89 MiB/s
2025-07-16T05:29:56.1462217Z Receiving objects:  79% (3304/4182), 9.45 MiB | 18.89 MiB/s
2025-07-16T05:29:56.1518014Z Receiving objects:  80% (3346/4182), 9.45 MiB | 18.89 MiB/s
2025-07-16T05:29:56.1542516Z Receiving objects:  81% (3388/4182), 9.45 MiB | 18.89 MiB/s
2025-07-16T05:29:56.1569712Z Receiving objects:  82% (3430/4182), 9.45 MiB | 18.89 MiB/s
2025-07-16T05:29:56.1576873Z Receiving objects:  83% (3472/4182), 9.45 MiB | 18.89 MiB/s
2025-07-16T05:29:56.1586255Z Receiving objects:  84% (3513/4182), 9.45 MiB | 18.89 MiB/s
2025-07-16T05:29:56.1594723Z Receiving objects:  85% (3555/4182), 9.45 MiB | 18.89 MiB/s
2025-07-16T05:29:56.1601390Z Receiving objects:  86% (3597/4182), 9.45 MiB | 18.89 MiB/s
2025-07-16T05:29:56.1607728Z Receiving objects:  87% (3639/4182), 9.45 MiB | 18.89 MiB/s
2025-07-16T05:29:56.1614648Z Receiving objects:  88% (3681/4182), 9.45 MiB | 18.89 MiB/s
2025-07-16T05:29:56.1619005Z Receiving objects:  89% (3722/4182), 9.45 MiB | 18.89 MiB/s
2025-07-16T05:29:56.1625842Z Receiving objects:  90% (3764/4182), 9.45 MiB | 18.89 MiB/s
2025-07-16T05:29:56.1645262Z Receiving objects:  91% (3806/4182), 9.45 MiB | 18.89 MiB/s
2025-07-16T05:29:56.1654165Z Receiving objects:  92% (3848/4182), 9.45 MiB | 18.89 MiB/s
2025-07-16T05:29:56.1681384Z Receiving objects:  93% (3890/4182), 9.45 MiB | 18.89 MiB/s
2025-07-16T05:29:56.1685600Z Receiving objects:  94% (3932/4182), 9.45 MiB | 18.89 MiB/s
2025-07-16T05:29:56.1731196Z Receiving objects:  95% (3973/4182), 9.45 MiB | 18.89 MiB/s
2025-07-16T05:29:56.1755942Z Receiving objects:  96% (4015/4182), 9.45 MiB | 18.89 MiB/s
2025-07-16T05:29:56.1815992Z Receiving objects:  97% (4057/4182), 9.45 MiB | 18.89 MiB/s
2025-07-16T05:29:56.1852995Z Receiving objects:  98% (4099/4182), 9.45 MiB | 18.89 MiB/s
2025-07-16T05:29:56.1909267Z Receiving objects:  99% (4141/4182), 9.45 MiB | 18.89 MiB/s
2025-07-16T05:29:56.1912797Z remote: Total 4182 (delta 576), reused 4160 (delta 571), pack-reused 0 (from 0)        
2025-07-16T05:29:56.1921652Z Receiving objects: 100% (4182/4182), 9.45 MiB | 18.89 MiB/s
2025-07-16T05:29:56.1924239Z Receiving objects: 100% (4182/4182), 14.19 MiB | 22.46 MiB/s, done.
2025-07-16T05:29:56.1927003Z Resolving deltas:   0% (0/576)
2025-07-16T05:29:56.1928814Z Resolving deltas:   1% (7/576)
2025-07-16T05:29:56.1930342Z Resolving deltas:   2% (12/576)
2025-07-16T05:29:56.1931874Z Resolving deltas:   3% (18/576)
2025-07-16T05:29:56.1933510Z Resolving deltas:   4% (24/576)
2025-07-16T05:29:56.1935114Z Resolving deltas:   5% (29/576)
2025-07-16T05:29:56.1941210Z Resolving deltas:   6% (35/576)
2025-07-16T05:29:56.1944653Z Resolving deltas:   7% (41/576)
2025-07-16T05:29:56.1948761Z Resolving deltas:   8% (48/576)
2025-07-16T05:29:56.1950352Z Resolving deltas:   9% (52/576)
2025-07-16T05:29:56.1971843Z Resolving deltas:  10% (58/576)
2025-07-16T05:29:56.1973752Z Resolving deltas:  11% (64/576)
2025-07-16T05:29:56.2027374Z Resolving deltas:  12% (70/576)
2025-07-16T05:29:56.2053690Z Resolving deltas:  13% (75/576)
2025-07-16T05:29:56.2060963Z Resolving deltas:  14% (81/576)
2025-07-16T05:29:56.2071817Z Resolving deltas:  15% (87/576)
2025-07-16T05:29:56.2078612Z Resolving deltas:  16% (93/576)
2025-07-16T05:29:56.2080231Z Resolving deltas:  17% (98/576)
2025-07-16T05:29:56.2081831Z Resolving deltas:  18% (104/576)
2025-07-16T05:29:56.2160852Z Resolving deltas:  19% (110/576)
2025-07-16T05:29:56.2162700Z Resolving deltas:  20% (116/576)
2025-07-16T05:29:56.2165643Z Resolving deltas:  21% (121/576)
2025-07-16T05:29:56.2167471Z Resolving deltas:  22% (128/576)
2025-07-16T05:29:56.2169054Z Resolving deltas:  23% (133/576)
2025-07-16T05:29:56.2170982Z Resolving deltas:  24% (139/576)
2025-07-16T05:29:56.2172522Z Resolving deltas:  25% (144/576)
2025-07-16T05:29:56.2174128Z Resolving deltas:  26% (150/576)
2025-07-16T05:29:56.2175789Z Resolving deltas:  27% (156/576)
2025-07-16T05:29:56.2177594Z Resolving deltas:  28% (162/576)
2025-07-16T05:29:56.2179147Z Resolving deltas:  29% (168/576)
2025-07-16T05:29:56.2180761Z Resolving deltas:  30% (173/576)
2025-07-16T05:29:56.2182334Z Resolving deltas:  31% (179/576)
2025-07-16T05:29:56.2183924Z Resolving deltas:  32% (185/576)
2025-07-16T05:29:56.2185487Z Resolving deltas:  33% (191/576)
2025-07-16T05:29:56.2187710Z Resolving deltas:  34% (196/576)
2025-07-16T05:29:56.2189276Z Resolving deltas:  35% (202/576)
2025-07-16T05:29:56.2190280Z Resolving deltas:  36% (208/576)
2025-07-16T05:29:56.2191676Z Resolving deltas:  37% (214/576)
2025-07-16T05:29:56.2193216Z Resolving deltas:  38% (219/576)
2025-07-16T05:29:56.2194805Z Resolving deltas:  39% (225/576)
2025-07-16T05:29:56.2196557Z Resolving deltas:  40% (231/576)
2025-07-16T05:29:56.2198081Z Resolving deltas:  41% (237/576)
2025-07-16T05:29:56.2199632Z Resolving deltas:  42% (243/576)
2025-07-16T05:29:56.2201007Z Resolving deltas:  43% (248/576)
2025-07-16T05:29:56.2202579Z Resolving deltas:  44% (254/576)
2025-07-16T05:29:56.2204039Z Resolving deltas:  45% (260/576)
2025-07-16T05:29:56.2205156Z Resolving deltas:  46% (265/576)
2025-07-16T05:29:56.2209274Z Resolving deltas:  47% (271/576)
2025-07-16T05:29:56.2223140Z Resolving deltas:  48% (277/576)
2025-07-16T05:29:56.2225353Z Resolving deltas:  49% (284/576)
2025-07-16T05:29:56.2231385Z Resolving deltas:  50% (288/576)
2025-07-16T05:29:56.2235863Z Resolving deltas:  51% (294/576)
2025-07-16T05:29:56.2242121Z Resolving deltas:  52% (300/576)
2025-07-16T05:29:56.2249968Z Resolving deltas:  53% (306/576)
2025-07-16T05:29:56.2252439Z Resolving deltas:  54% (312/576)
2025-07-16T05:29:56.2258954Z Resolving deltas:  55% (317/576)
2025-07-16T05:29:56.2262844Z Resolving deltas:  56% (323/576)
2025-07-16T05:29:56.2265299Z Resolving deltas:  57% (329/576)
2025-07-16T05:29:56.2277067Z Resolving deltas:  58% (335/576)
2025-07-16T05:29:56.2282264Z Resolving deltas:  59% (340/576)
2025-07-16T05:29:56.2287974Z Resolving deltas:  60% (346/576)
2025-07-16T05:29:56.2296019Z Resolving deltas:  61% (352/576)
2025-07-16T05:29:56.2299635Z Resolving deltas:  62% (358/576)
2025-07-16T05:29:56.2305623Z Resolving deltas:  63% (363/576)
2025-07-16T05:29:56.2313706Z Resolving deltas:  64% (369/576)
2025-07-16T05:29:56.2318033Z Resolving deltas:  65% (375/576)
2025-07-16T05:29:56.2323278Z Resolving deltas:  66% (381/576)
2025-07-16T05:29:56.2329296Z Resolving deltas:  67% (386/576)
2025-07-16T05:29:56.2331686Z Resolving deltas:  68% (393/576)
2025-07-16T05:29:56.2333402Z Resolving deltas:  69% (398/576)
2025-07-16T05:29:56.2337933Z Resolving deltas:  70% (404/576)
2025-07-16T05:29:56.2343977Z Resolving deltas:  71% (409/576)
2025-07-16T05:29:56.2348493Z Resolving deltas:  72% (415/576)
2025-07-16T05:29:56.2354746Z Resolving deltas:  73% (421/576)
2025-07-16T05:29:56.2357476Z Resolving deltas:  74% (427/576)
2025-07-16T05:29:56.2361760Z Resolving deltas:  75% (432/576)
2025-07-16T05:29:56.2370911Z Resolving deltas:  76% (438/576)
2025-07-16T05:29:56.2380896Z Resolving deltas:  77% (444/576)
2025-07-16T05:29:56.2383687Z Resolving deltas:  78% (450/576)
2025-07-16T05:29:56.2388931Z Resolving deltas:  79% (456/576)
2025-07-16T05:29:56.2394732Z Resolving deltas:  80% (461/576)
2025-07-16T05:29:56.2398433Z Resolving deltas:  81% (467/576)
2025-07-16T05:29:56.2400982Z Resolving deltas:  82% (473/576)
2025-07-16T05:29:56.2402556Z Resolving deltas:  83% (479/576)
2025-07-16T05:29:56.2414548Z Resolving deltas:  84% (484/576)
2025-07-16T05:29:56.2428844Z Resolving deltas:  85% (490/576)
2025-07-16T05:29:56.2431454Z Resolving deltas:  86% (496/576)
2025-07-16T05:29:56.2438318Z Resolving deltas:  87% (502/576)
2025-07-16T05:29:56.2452574Z Resolving deltas:  88% (507/576)
2025-07-16T05:29:56.2463296Z Resolving deltas:  89% (513/576)
2025-07-16T05:29:56.2467199Z Resolving deltas:  90% (519/576)
2025-07-16T05:29:56.2469089Z Resolving deltas:  91% (525/576)
2025-07-16T05:29:56.2471175Z Resolving deltas:  92% (530/576)
2025-07-16T05:29:56.2473083Z Resolving deltas:  93% (536/576)
2025-07-16T05:29:56.2475019Z Resolving deltas:  94% (542/576)
2025-07-16T05:29:56.2476792Z Resolving deltas:  95% (548/576)
2025-07-16T05:29:56.2478336Z Resolving deltas:  96% (553/576)
2025-07-16T05:29:56.2479794Z Resolving deltas:  97% (559/576)
2025-07-16T05:29:56.2481080Z Resolving deltas:  98% (565/576)
2025-07-16T05:29:56.2482069Z Resolving deltas:  99% (571/576)
2025-07-16T05:29:56.2483049Z Resolving deltas: 100% (576/576)
2025-07-16T05:29:56.2484019Z Resolving deltas: 100% (576/576), done.
2025-07-16T05:29:56.2657677Z From https://github.com/Dinesh-4/Devops
2025-07-16T05:29:56.2659395Z  * [new ref]         769b9b7a113fbf75317af665d9416f7e190f15c9 -> origin/main
2025-07-16T05:29:56.2689787Z ##[endgroup]
2025-07-16T05:29:56.2693300Z ##[group]Determining the checkout info
2025-07-16T05:29:56.2695131Z ##[endgroup]
2025-07-16T05:29:56.2696819Z ##[group]Checking out the ref
2025-07-16T05:29:56.2698965Z [command]/usr/bin/git checkout --progress --force -B main refs/remotes/origin/main
2025-07-16T05:29:56.6142586Z Switched to a new branch 'main'
2025-07-16T05:29:56.6144058Z branch 'main' set up to track 'origin/main'.
2025-07-16T05:29:56.6163208Z ##[endgroup]
2025-07-16T05:29:56.6198653Z [command]/usr/bin/git log -1 --format='%H'
2025-07-16T05:29:56.6219868Z '769b9b7a113fbf75317af665d9416f7e190f15c9'
2025-07-16T05:29:56.6493511Z ##[group]Run actions/setup-python@v4
2025-07-16T05:29:56.6494490Z with:
2025-07-16T05:29:56.6495207Z   python-version: 3.10
2025-07-16T05:29:56.6496042Z   check-latest: false
2025-07-16T05:29:56.6497703Z   token: ***
2025-07-16T05:29:56.6498522Z   update-environment: true
2025-07-16T05:29:56.6499467Z   allow-prereleases: false
2025-07-16T05:29:56.6500354Z ##[endgroup]
2025-07-16T05:29:56.8163117Z ##[group]Installed versions
2025-07-16T05:29:56.8290129Z Successfully set up CPython (3.10.18)
2025-07-16T05:29:56.8292429Z ##[endgroup]
2025-07-16T05:29:56.8427950Z ##[group]Run python -m pip install --upgrade pip
2025-07-16T05:29:56.8429203Z [36;1mpython -m pip install --upgrade pip[0m
2025-07-16T05:29:56.8430313Z [36;1mpip install -r requirements.txt[0m
2025-07-16T05:29:56.8474094Z shell: /usr/bin/bash -e {0}
2025-07-16T05:29:56.8474962Z env:
2025-07-16T05:29:56.8475873Z   pythonLocation: /opt/hostedtoolcache/Python/3.10.18/x64
2025-07-16T05:29:56.8477685Z   PKG_CONFIG_PATH: /opt/hostedtoolcache/Python/3.10.18/x64/lib/pkgconfig
2025-07-16T05:29:56.8479165Z   Python_ROOT_DIR: /opt/hostedtoolcache/Python/3.10.18/x64
2025-07-16T05:29:56.8480487Z   Python2_ROOT_DIR: /opt/hostedtoolcache/Python/3.10.18/x64
2025-07-16T05:29:56.8481824Z   Python3_ROOT_DIR: /opt/hostedtoolcache/Python/3.10.18/x64
2025-07-16T05:29:56.8483193Z   LD_LIBRARY_PATH: /opt/hostedtoolcache/Python/3.10.18/x64/lib
2025-07-16T05:29:56.8484342Z ##[endgroup]
2025-07-16T05:29:57.5527390Z Requirement already satisfied: pip in /opt/hostedtoolcache/Python/3.10.18/x64/lib/python3.10/site-packages (25.1.1)
2025-07-16T05:29:58.2704345Z Collecting Flask==3.1.0 (from -r requirements.txt (line 1))
2025-07-16T05:29:58.3274294Z   Downloading flask-3.1.0-py3-none-any.whl.metadata (2.7 kB)
2025-07-16T05:29:58.4042518Z Collecting Flask-PyMongo==3.0.1 (from -r requirements.txt (line 2))
2025-07-16T05:29:58.4152424Z   Downloading flask_pymongo-3.0.1-py3-none-any.whl.metadata (3.5 kB)
2025-07-16T05:29:58.4803521Z Collecting pytest==8.2.1 (from -r requirements.txt (line 3))
2025-07-16T05:29:58.4917158Z   Downloading pytest-8.2.1-py3-none-any.whl.metadata (7.6 kB)
2025-07-16T05:29:58.5139460Z Collecting blinker==1.9.0 (from -r requirements.txt (line 4))
2025-07-16T05:29:58.5242732Z   Downloading blinker-1.9.0-py3-none-any.whl.metadata (1.6 kB)
2025-07-16T05:29:58.5520565Z Collecting certifi==2025.7.14 (from -r requirements.txt (line 5))
2025-07-16T05:29:58.5719957Z   Downloading certifi-2025.7.14-py3-none-any.whl.metadata (2.4 kB)
2025-07-16T05:29:58.6751596Z Collecting charset-normalizer==3.4.2 (from -r requirements.txt (line 6))
2025-07-16T05:29:58.6861575Z   Downloading charset_normalizer-3.4.2-cp310-cp310-manylinux_2_17_x86_64.manylinux2014_x86_64.whl.metadata (35 kB)
2025-07-16T05:29:58.7178394Z Collecting click==8.2.1 (from -r requirements.txt (line 7))
2025-07-16T05:29:58.7289198Z   Downloading click-8.2.1-py3-none-any.whl.metadata (2.5 kB)
2025-07-16T05:29:58.7512489Z Collecting dnspython==2.7.0 (from -r requirements.txt (line 8))
2025-07-16T05:29:58.7621067Z   Downloading dnspython-2.7.0-py3-none-any.whl.metadata (5.8 kB)
2025-07-16T05:29:58.7899043Z Collecting idna==3.10 (from -r requirements.txt (line 9))
2025-07-16T05:29:58.8001730Z   Downloading idna-3.10-py3-none-any.whl.metadata (10 kB)
2025-07-16T05:29:58.8233899Z Collecting itsdangerous==2.2.0 (from -r requirements.txt (line 10))
2025-07-16T05:29:58.8337665Z   Downloading itsdangerous-2.2.0-py3-none-any.whl.metadata (1.9 kB)
2025-07-16T05:29:58.8585454Z Collecting Jinja2==3.1.6 (from -r requirements.txt (line 11))
2025-07-16T05:29:58.8697328Z   Downloading jinja2-3.1.6-py3-none-any.whl.metadata (2.9 kB)
2025-07-16T05:29:58.9384524Z Collecting MarkupSafe==3.0.2 (from -r requirements.txt (line 12))
2025-07-16T05:29:58.9493501Z   Downloading MarkupSafe-3.0.2-cp310-cp310-manylinux_2_17_x86_64.manylinux2014_x86_64.whl.metadata (4.0 kB)
2025-07-16T05:29:58.9703571Z Collecting paho-mqtt==2.1.0 (from -r requirements.txt (line 13))
2025-07-16T05:29:58.9823302Z   Downloading paho_mqtt-2.1.0-py3-none-any.whl.metadata (23 kB)
2025-07-16T05:29:59.3335678Z Collecting pymongo==4.13.2 (from -r requirements.txt (line 14))
2025-07-16T05:29:59.3448096Z   Downloading pymongo-4.13.2-cp310-cp310-manylinux_2_17_x86_64.manylinux2014_x86_64.whl.metadata (22 kB)
2025-07-16T05:29:59.3772674Z Collecting python-dotenv==1.1.1 (from -r requirements.txt (line 15))
2025-07-16T05:29:59.3882319Z   Downloading python_dotenv-1.1.1-py3-none-any.whl.metadata (24 kB)
2025-07-16T05:29:59.4245459Z Collecting requests==2.32.4 (from -r requirements.txt (line 16))
2025-07-16T05:29:59.4351303Z   Downloading requests-2.32.4-py3-none-any.whl.metadata (4.9 kB)
2025-07-16T05:29:59.4701035Z Collecting urllib3==2.5.0 (from -r requirements.txt (line 17))
2025-07-16T05:29:59.4806090Z   Downloading urllib3-2.5.0-py3-none-any.whl.metadata (6.5 kB)
2025-07-16T05:29:59.5134861Z Collecting Werkzeug==3.1.3 (from -r requirements.txt (line 18))
2025-07-16T05:29:59.5236808Z   Downloading werkzeug-3.1.3-py3-none-any.whl.metadata (3.7 kB)
2025-07-16T05:29:59.6077466Z Collecting autodevops-cli==0.1.1 (from -r requirements.txt (line 19))
2025-07-16T05:29:59.6192049Z   Downloading autodevops_cli-0.1.1-py3-none-any.whl.metadata (494 bytes)
2025-07-16T05:29:59.6367439Z Collecting iniconfig==2.1.0 (from -r requirements.txt (line 20))
2025-07-16T05:29:59.6468498Z   Downloading iniconfig-2.1.0-py3-none-any.whl.metadata (2.7 kB)
2025-07-16T05:29:59.6671972Z Collecting loguru==0.7.3 (from -r requirements.txt (line 21))
2025-07-16T05:29:59.6779986Z   Downloading loguru-0.7.3-py3-none-any.whl.metadata (22 kB)
2025-07-16T05:29:59.7099777Z Collecting markdown-it-py==3.0.0 (from -r requirements.txt (line 22))
2025-07-16T05:29:59.7203361Z   Downloading markdown_it_py-3.0.0-py3-none-any.whl.metadata (6.9 kB)
2025-07-16T05:29:59.7423259Z Collecting mdurl==0.1.2 (from -r requirements.txt (line 23))
2025-07-16T05:29:59.7524484Z   Downloading mdurl-0.1.2-py3-none-any.whl.metadata (1.6 kB)
2025-07-16T05:29:59.7755858Z Collecting mongomock==4.3.0 (from -r requirements.txt (line 24))
2025-07-16T05:29:59.7863082Z   Downloading mongomock-4.3.0-py2.py3-none-any.whl.metadata (12 kB)
2025-07-16T05:29:59.8111287Z Collecting packaging==25.0 (from -r requirements.txt (line 25))
2025-07-16T05:29:59.8219434Z   Downloading packaging-25.0-py3-none-any.whl.metadata (3.3 kB)
2025-07-16T05:29:59.8429924Z Collecting pluggy==1.6.0 (from -r requirements.txt (line 26))
2025-07-16T05:29:59.8531506Z   Downloading pluggy-1.6.0-py3-none-any.whl.metadata (4.8 kB)
2025-07-16T05:29:59.8826166Z Collecting Pygments==2.19.2 (from -r requirements.txt (line 27))
2025-07-16T05:29:59.8928853Z   Downloading pygments-2.19.2-py3-none-any.whl.metadata (2.5 kB)
2025-07-16T05:29:59.9401585Z Collecting pytz==2025.2 (from -r requirements.txt (line 28))
2025-07-16T05:29:59.9510239Z   Downloading pytz-2025.2-py2.py3-none-any.whl.metadata (22 kB)
2025-07-16T05:30:00.0012133Z Collecting rich==14.0.0 (from -r requirements.txt (line 29))
2025-07-16T05:30:00.0118409Z   Downloading rich-14.0.0-py3-none-any.whl.metadata (18 kB)
2025-07-16T05:30:00.0320703Z Collecting sentinels==1.0.0 (from -r requirements.txt (line 30))
2025-07-16T05:30:00.0430961Z   Downloading sentinels-1.0.0.tar.gz (4.1 kB)
2025-07-16T05:30:00.0529669Z   Installing build dependencies: started
2025-07-16T05:30:00.9861442Z   Installing build dependencies: finished with status 'done'
2025-07-16T05:30:00.9868873Z   Getting requirements to build wheel: started
2025-07-16T05:30:01.3246226Z   Getting requirements to build wheel: finished with status 'done'
2025-07-16T05:30:01.3256188Z   Preparing metadata (pyproject.toml): started
2025-07-16T05:30:01.5106558Z   Preparing metadata (pyproject.toml): finished with status 'done'
2025-07-16T05:30:01.5369663Z Collecting sh==2.2.2 (from -r requirements.txt (line 31))
2025-07-16T05:30:01.5471599Z   Downloading sh-2.2.2-py3-none-any.whl.metadata (3.7 kB)
2025-07-16T05:30:01.5989148Z Collecting exceptiongroup>=1.0.0rc8 (from pytest==8.2.1->-r requirements.txt (line 3))
2025-07-16T05:30:01.6099027Z   Downloading exceptiongroup-1.3.0-py3-none-any.whl.metadata (6.7 kB)
2025-07-16T05:30:01.6352339Z Collecting tomli>=1 (from pytest==8.2.1->-r requirements.txt (line 3))
2025-07-16T05:30:01.6458178Z   Downloading tomli-2.2.1-py3-none-any.whl.metadata (10 kB)
2025-07-16T05:30:01.7271564Z Collecting typing-extensions<5.0,>=4.0.0 (from rich==14.0.0->-r requirements.txt (line 29))
2025-07-16T05:30:01.7378905Z   Downloading typing_extensions-4.14.1-py3-none-any.whl.metadata (3.0 kB)
2025-07-16T05:30:01.7635214Z Downloading flask-3.1.0-py3-none-any.whl (102 kB)
2025-07-16T05:30:01.7873691Z Downloading flask_pymongo-3.0.1-py3-none-any.whl (11 kB)
2025-07-16T05:30:01.8010721Z Downloading pytest-8.2.1-py3-none-any.whl (339 kB)
2025-07-16T05:30:01.8250199Z Downloading pluggy-1.6.0-py3-none-any.whl (20 kB)
2025-07-16T05:30:01.8387764Z Downloading blinker-1.9.0-py3-none-any.whl (8.5 kB)
2025-07-16T05:30:01.8524188Z Downloading certifi-2025.7.14-py3-none-any.whl (162 kB)
2025-07-16T05:30:01.8665730Z Downloading charset_normalizer-3.4.2-cp310-cp310-manylinux_2_17_x86_64.manylinux2014_x86_64.whl (149 kB)
2025-07-16T05:30:01.8801073Z Downloading click-8.2.1-py3-none-any.whl (102 kB)
2025-07-16T05:30:01.8941693Z Downloading dnspython-2.7.0-py3-none-any.whl (313 kB)
2025-07-16T05:30:01.9257396Z Downloading idna-3.10-py3-none-any.whl (70 kB)
2025-07-16T05:30:01.9389675Z Downloading itsdangerous-2.2.0-py3-none-any.whl (16 kB)
2025-07-16T05:30:01.9518338Z Downloading jinja2-3.1.6-py3-none-any.whl (134 kB)
2025-07-16T05:30:01.9654227Z Downloading MarkupSafe-3.0.2-cp310-cp310-manylinux_2_17_x86_64.manylinux2014_x86_64.whl (20 kB)
2025-07-16T05:30:01.9827363Z Downloading paho_mqtt-2.1.0-py3-none-any.whl (67 kB)
2025-07-16T05:30:01.9968225Z Downloading pymongo-4.13.2-cp310-cp310-manylinux_2_17_x86_64.manylinux2014_x86_64.whl (1.2 MB)
2025-07-16T05:30:02.0151129Z    ━━━━━━━━━━━━━━━━━━━━━━━━━━━━━━━━━━━━━━━━ 1.2/1.2 MB 61.8 MB/s eta 0:00:00
2025-07-16T05:30:02.0257986Z Downloading python_dotenv-1.1.1-py3-none-any.whl (20 kB)
2025-07-16T05:30:02.0387046Z Downloading requests-2.32.4-py3-none-any.whl (64 kB)
2025-07-16T05:30:02.0514745Z Downloading urllib3-2.5.0-py3-none-any.whl (129 kB)
2025-07-16T05:30:02.0650060Z Downloading werkzeug-3.1.3-py3-none-any.whl (224 kB)
2025-07-16T05:30:02.0804159Z Downloading autodevops_cli-0.1.1-py3-none-any.whl (4.1 kB)
2025-07-16T05:30:02.0939116Z Downloading iniconfig-2.1.0-py3-none-any.whl (6.0 kB)
2025-07-16T05:30:02.1065201Z Downloading loguru-0.7.3-py3-none-any.whl (61 kB)
2025-07-16T05:30:02.1204849Z Downloading markdown_it_py-3.0.0-py3-none-any.whl (87 kB)
2025-07-16T05:30:02.1360866Z Downloading mdurl-0.1.2-py3-none-any.whl (10.0 kB)
2025-07-16T05:30:02.1502270Z Downloading mongomock-4.3.0-py2.py3-none-any.whl (64 kB)
2025-07-16T05:30:02.1638320Z Downloading packaging-25.0-py3-none-any.whl (66 kB)
2025-07-16T05:30:02.1769747Z Downloading pygments-2.19.2-py3-none-any.whl (1.2 MB)
2025-07-16T05:30:02.1869409Z    ━━━━━━━━━━━━━━━━━━━━━━━━━━━━━━━━━━━━━━━━ 1.2/1.2 MB 136.2 MB/s eta 0:00:00
2025-07-16T05:30:02.1984416Z Downloading pytz-2025.2-py2.py3-none-any.whl (509 kB)
2025-07-16T05:30:02.2137359Z Downloading rich-14.0.0-py3-none-any.whl (243 kB)
2025-07-16T05:30:02.2292252Z Downloading sh-2.2.2-py3-none-any.whl (38 kB)
2025-07-16T05:30:02.2446106Z Downloading typing_extensions-4.14.1-py3-none-any.whl (43 kB)
2025-07-16T05:30:02.2580760Z Downloading exceptiongroup-1.3.0-py3-none-any.whl (16 kB)
2025-07-16T05:30:02.2712085Z Downloading tomli-2.2.1-py3-none-any.whl (14 kB)
2025-07-16T05:30:02.3078607Z Building wheels for collected packages: sentinels
2025-07-16T05:30:02.3089408Z   Building wheel for sentinels (pyproject.toml): started
2025-07-16T05:30:02.5165427Z   Building wheel for sentinels (pyproject.toml): finished with status 'done'
2025-07-16T05:30:02.5172437Z   Created wheel for sentinels: filename=sentinels-1.0.0-py3-none-any.whl size=3229 sha256=a457c6fd85d037a9db3e62dc1eb1194cc2a089506dc78917a146b1589f3ee518
2025-07-16T05:30:02.5174889Z   Stored in directory: /home/runner/.cache/pip/wheels/26/bc/eb/67e56405e0684b3d8c011cf4d18129c41be394775fd5ba2347
2025-07-16T05:30:02.5191589Z Successfully built sentinels
2025-07-16T05:30:02.5938854Z Installing collected packages: sentinels, pytz, urllib3, typing-extensions, tomli, sh, python-dotenv, Pygments, pluggy, paho-mqtt, packaging, mdurl, MarkupSafe, loguru, itsdangerous, iniconfig, idna, dnspython, click, charset-normalizer, certifi, blinker, Werkzeug, requests, pymongo, mongomock, markdown-it-py, Jinja2, exceptiongroup, rich, pytest, Flask, Flask-PyMongo, autodevops-cli
2025-07-16T05:30:05.0855239Z 
2025-07-16T05:30:05.0915595Z Successfully installed Flask-3.1.0 Flask-PyMongo-3.0.1 Jinja2-3.1.6 MarkupSafe-3.0.2 Pygments-2.19.2 Werkzeug-3.1.3 autodevops-cli-0.1.1 blinker-1.9.0 certifi-2025.7.14 charset-normalizer-3.4.2 click-8.2.1 dnspython-2.7.0 exceptiongroup-1.3.0 idna-3.10 iniconfig-2.1.0 itsdangerous-2.2.0 loguru-0.7.3 markdown-it-py-3.0.0 mdurl-0.1.2 mongomock-4.3.0 packaging-25.0 paho-mqtt-2.1.0 pluggy-1.6.0 pymongo-4.13.2 pytest-8.2.1 python-dotenv-1.1.1 pytz-2025.2 requests-2.32.4 rich-14.0.0 sentinels-1.0.0 sh-2.2.2 tomli-2.2.1 typing-extensions-4.14.1 urllib3-2.5.0
2025-07-16T05:30:05.2333507Z ##[group]Run export PYTHONPATH=.
2025-07-16T05:30:05.2333822Z [36;1mexport PYTHONPATH=.[0m
2025-07-16T05:30:05.2334066Z [36;1mpytest test_main.py -v[0m
2025-07-16T05:30:05.2362357Z shell: /usr/bin/bash -e {0}
2025-07-16T05:30:05.2362594Z env:
2025-07-16T05:30:05.2362836Z   pythonLocation: /opt/hostedtoolcache/Python/3.10.18/x64
2025-07-16T05:30:05.2363246Z   PKG_CONFIG_PATH: /opt/hostedtoolcache/Python/3.10.18/x64/lib/pkgconfig
2025-07-16T05:30:05.2363651Z   Python_ROOT_DIR: /opt/hostedtoolcache/Python/3.10.18/x64
2025-07-16T05:30:05.2363998Z   Python2_ROOT_DIR: /opt/hostedtoolcache/Python/3.10.18/x64
2025-07-16T05:30:05.2364345Z   Python3_ROOT_DIR: /opt/hostedtoolcache/Python/3.10.18/x64
2025-07-16T05:30:05.2364693Z   LD_LIBRARY_PATH: /opt/hostedtoolcache/Python/3.10.18/x64/lib
2025-07-16T05:30:05.2364982Z ##[endgroup]
2025-07-16T05:30:05.4674530Z ============================= test session starts ==============================
2025-07-16T05:30:05.4675706Z platform linux -- Python 3.10.18, pytest-8.2.1, pluggy-1.6.0 -- /opt/hostedtoolcache/Python/3.10.18/x64/bin/python
2025-07-16T05:30:05.4676725Z cachedir: .pytest_cache
2025-07-16T05:30:05.4677146Z rootdir: /home/runner/work/Devops/Devops
2025-07-16T05:30:05.6735859Z collecting ... collected 7 items
2025-07-16T05:30:05.6736228Z 
2025-07-16T05:30:05.6825854Z test_main.py::test_home_page PASSED                                      [ 14%]
2025-07-16T05:30:05.6907589Z test_main.py::test_admin_dashboard PASSED                                [ 28%]
2025-07-16T05:30:05.6975271Z test_main.py::test_student_dashboard PASSED                              [ 42%]
2025-07-16T05:30:05.7019166Z test_main.py::test_generate_attendance_no_input PASSED                   [ 57%]
2025-07-16T05:30:05.7061676Z test_main.py::test_student_generate_attendance_invalid PASSED            [ 71%]
2025-07-16T05:30:05.7121167Z test_main.py::test_register_user_get PASSED                              [ 85%]
2025-07-16T05:30:05.7180296Z test_main.py::test_receive_rfid_missing PASSED                           [100%]
2025-07-16T05:30:05.7180798Z 
2025-07-16T05:30:05.7180993Z ============================== 7 passed in 0.25s ===============================
2025-07-16T05:30:05.7701599Z ##[group]Run docker/login-action@v3
2025-07-16T05:30:05.7701860Z with:
2025-07-16T05:30:05.7702305Z   username: ***
2025-07-16T05:30:05.7702593Z   password: ***
2025-07-16T05:30:05.7702776Z   ecr: auto
2025-07-16T05:30:05.7702967Z   logout: true
2025-07-16T05:30:05.7703140Z env:
2025-07-16T05:30:05.7703375Z   pythonLocation: /opt/hostedtoolcache/Python/3.10.18/x64
2025-07-16T05:30:05.7703776Z   PKG_CONFIG_PATH: /opt/hostedtoolcache/Python/3.10.18/x64/lib/pkgconfig
2025-07-16T05:30:05.7704163Z   Python_ROOT_DIR: /opt/hostedtoolcache/Python/3.10.18/x64
2025-07-16T05:30:05.7704508Z   Python2_ROOT_DIR: /opt/hostedtoolcache/Python/3.10.18/x64
2025-07-16T05:30:05.7704857Z   Python3_ROOT_DIR: /opt/hostedtoolcache/Python/3.10.18/x64
2025-07-16T05:30:05.7705207Z   LD_LIBRARY_PATH: /opt/hostedtoolcache/Python/3.10.18/x64/lib
2025-07-16T05:30:05.7705498Z ##[endgroup]
2025-07-16T05:30:06.0607161Z Logging into Docker Hub...
2025-07-16T05:30:06.7740982Z Login Succeeded!
2025-07-16T05:30:06.7871870Z ##[group]Run docker build -t ***/flask-ci-cd-demo .
2025-07-16T05:30:06.7872304Z [36;1mdocker build -t ***/flask-ci-cd-demo .[0m
2025-07-16T05:30:06.7900063Z shell: /usr/bin/bash -e {0}
2025-07-16T05:30:06.7900303Z env:
2025-07-16T05:30:06.7900569Z   pythonLocation: /opt/hostedtoolcache/Python/3.10.18/x64
2025-07-16T05:30:06.7900965Z   PKG_CONFIG_PATH: /opt/hostedtoolcache/Python/3.10.18/x64/lib/pkgconfig
2025-07-16T05:30:06.7901365Z   Python_ROOT_DIR: /opt/hostedtoolcache/Python/3.10.18/x64
2025-07-16T05:30:06.7901708Z   Python2_ROOT_DIR: /opt/hostedtoolcache/Python/3.10.18/x64
2025-07-16T05:30:06.7902048Z   Python3_ROOT_DIR: /opt/hostedtoolcache/Python/3.10.18/x64
2025-07-16T05:30:06.7902394Z   LD_LIBRARY_PATH: /opt/hostedtoolcache/Python/3.10.18/x64/lib
2025-07-16T05:30:06.7902687Z ##[endgroup]
2025-07-16T05:30:07.3072056Z #0 building with "default" instance using docker driver
2025-07-16T05:30:07.3072381Z 
2025-07-16T05:30:07.3072603Z #1 [internal] load build definition from Dockerfile
2025-07-16T05:30:07.3072966Z #1 transferring dockerfile: 798B done
2025-07-16T05:30:07.3073247Z #1 DONE 0.0s
2025-07-16T05:30:07.3073370Z 
2025-07-16T05:30:07.3073578Z #2 [internal] load metadata for docker.io/library/python:3.10-slim
2025-07-16T05:30:07.4843432Z #2 ...
2025-07-16T05:30:07.4843631Z 
2025-07-16T05:30:07.4843875Z #3 [auth] library/python:pull token for registry-1.docker.io
2025-07-16T05:30:07.4862290Z #3 DONE 0.0s
2025-07-16T05:30:07.6342008Z 
2025-07-16T05:30:07.6342573Z #2 [internal] load metadata for docker.io/library/python:3.10-slim
2025-07-16T05:30:08.0337474Z #2 DONE 0.9s
2025-07-16T05:30:08.1545165Z 
2025-07-16T05:30:08.1548071Z #4 [internal] load .dockerignore
2025-07-16T05:30:08.1548689Z #4 transferring context: 2B done
2025-07-16T05:30:08.1549090Z #4 DONE 0.0s
2025-07-16T05:30:08.1549295Z 
2025-07-16T05:30:08.1549900Z #5 [1/6] FROM docker.io/library/python:3.10-slim@sha256:9dd6774a1276178f94b0cc1fb1f0edd980825d0ea7634847af9940b1b6273c13
2025-07-16T05:30:08.1551282Z #5 resolve docker.io/library/python:3.10-slim@sha256:9dd6774a1276178f94b0cc1fb1f0edd980825d0ea7634847af9940b1b6273c13 done
2025-07-16T05:30:08.1552565Z #5 sha256:9dd6774a1276178f94b0cc1fb1f0edd980825d0ea7634847af9940b1b6273c13 9.13kB / 9.13kB done
2025-07-16T05:30:08.1553979Z #5 sha256:c5dbd5ba857839a0aa9db765ea519c1514a40da811b4cf08c852b72fab4379d5 1.75kB / 1.75kB done
2025-07-16T05:30:08.1555100Z #5 sha256:563dffbdc42507a70677ee28b4bb678ad9074e3c9f75e3043523a38dcdf4f553 5.37kB / 5.37kB done
2025-07-16T05:30:08.1556148Z #5 sha256:3da95a905ed546f99c4564407923a681757d89651a388ec3f1f5e9bf5ed0b39d 0B / 28.23MB 0.1s
2025-07-16T05:30:08.1557376Z #5 sha256:0ebcc011f0ec7a9a900f7366b104730396a59032e64f04f3867a75f25ed48280 0B / 3.51MB 0.1s
2025-07-16T05:30:08.1558415Z #5 sha256:92d63ec5cbeb1348bad42929919fd8e78f38d96e388b5509d2929d76ddafb48e 0B / 15.65MB 0.1s
2025-07-16T05:30:08.2592912Z #5 sha256:3da95a905ed546f99c4564407923a681757d89651a388ec3f1f5e9bf5ed0b39d 3.15MB / 28.23MB 0.2s
2025-07-16T05:30:08.3619719Z #5 sha256:3da95a905ed546f99c4564407923a681757d89651a388ec3f1f5e9bf5ed0b39d 20.97MB / 28.23MB 0.3s
2025-07-16T05:30:08.4689411Z #5 sha256:3da95a905ed546f99c4564407923a681757d89651a388ec3f1f5e9bf5ed0b39d 28.23MB / 28.23MB 0.3s done
2025-07-16T05:30:08.4690669Z #5 sha256:0ebcc011f0ec7a9a900f7366b104730396a59032e64f04f3867a75f25ed48280 3.51MB / 3.51MB 0.4s done
2025-07-16T05:30:08.4691831Z #5 sha256:92d63ec5cbeb1348bad42929919fd8e78f38d96e388b5509d2929d76ddafb48e 1.05MB / 15.65MB 0.4s
2025-07-16T05:30:08.4692838Z #5 sha256:64b78282ca88b226c404cb8dfdee72b75eea52c9ac7380c0439b6e03992e483f 0B / 248B 0.4s
2025-07-16T05:30:08.4693823Z #5 extracting sha256:3da95a905ed546f99c4564407923a681757d89651a388ec3f1f5e9bf5ed0b39d
2025-07-16T05:30:08.5733807Z #5 sha256:92d63ec5cbeb1348bad42929919fd8e78f38d96e388b5509d2929d76ddafb48e 15.65MB / 15.65MB 0.5s
2025-07-16T05:30:08.5741278Z #5 sha256:64b78282ca88b226c404cb8dfdee72b75eea52c9ac7380c0439b6e03992e483f 248B / 248B 0.5s done
2025-07-16T05:30:08.6745105Z #5 ...
2025-07-16T05:30:08.6747701Z 
2025-07-16T05:30:08.6753879Z #6 [internal] load build context
2025-07-16T05:30:08.6754222Z #6 transferring context: 64.96MB 0.6s done
2025-07-16T05:30:08.6757607Z #6 DONE 0.6s
2025-07-16T05:30:08.6758991Z 
2025-07-16T05:30:08.6760013Z #5 [1/6] FROM docker.io/library/python:3.10-slim@sha256:9dd6774a1276178f94b0cc1fb1f0edd980825d0ea7634847af9940b1b6273c13
2025-07-16T05:30:08.6761375Z #5 sha256:92d63ec5cbeb1348bad42929919fd8e78f38d96e388b5509d2929d76ddafb48e 15.65MB / 15.65MB 0.5s done
2025-07-16T05:30:09.5838786Z #5 extracting sha256:3da95a905ed546f99c4564407923a681757d89651a388ec3f1f5e9bf5ed0b39d 1.1s done
2025-07-16T05:30:09.7335097Z #5 extracting sha256:0ebcc011f0ec7a9a900f7366b104730396a59032e64f04f3867a75f25ed48280 0.1s
2025-07-16T05:30:09.8894801Z #5 extracting sha256:0ebcc011f0ec7a9a900f7366b104730396a59032e64f04f3867a75f25ed48280 0.1s done
2025-07-16T05:30:10.2154230Z #5 extracting sha256:92d63ec5cbeb1348bad42929919fd8e78f38d96e388b5509d2929d76ddafb48e
2025-07-16T05:30:10.9126791Z #5 extracting sha256:92d63ec5cbeb1348bad42929919fd8e78f38d96e388b5509d2929d76ddafb48e 0.6s done
2025-07-16T05:30:10.9127905Z #5 extracting sha256:64b78282ca88b226c404cb8dfdee72b75eea52c9ac7380c0439b6e03992e483f
2025-07-16T05:30:11.0982056Z #5 extracting sha256:64b78282ca88b226c404cb8dfdee72b75eea52c9ac7380c0439b6e03992e483f done
2025-07-16T05:30:11.0982565Z #5 DONE 2.9s
2025-07-16T05:30:11.0982684Z 
2025-07-16T05:30:11.1822344Z #7 [2/6] RUN apt-get update &&     apt-get install -y --no-install-recommends     build-essential     curl     nano     git     && rm -rf /var/lib/apt/lists/*
2025-07-16T05:30:11.1823162Z #7 0.234 Get:1 http://deb.debian.org/debian bookworm InRelease [151 kB]
2025-07-16T05:30:11.3431192Z #7 0.259 Get:2 http://deb.debian.org/debian bookworm-updates InRelease [55.4 kB]
2025-07-16T05:30:11.3432106Z #7 0.269 Get:3 http://deb.debian.org/debian-security bookworm-security InRelease [48.0 kB]
2025-07-16T05:30:11.3432947Z #7 0.320 Get:4 http://deb.debian.org/debian bookworm/main amd64 Packages [8793 kB]
2025-07-16T05:30:11.3433816Z #7 0.395 Get:5 http://deb.debian.org/debian bookworm-updates/main amd64 Packages [756 B]
2025-07-16T05:30:11.5103915Z #7 0.412 Get:6 http://deb.debian.org/debian-security bookworm-security/main amd64 Packages [272 kB]
2025-07-16T05:30:12.0876789Z #7 1.140 Fetched 9320 kB in 1s (9495 kB/s)
2025-07-16T05:30:12.4806864Z #7 1.140 Reading package lists...
2025-07-16T05:30:12.8834977Z #7 1.549 Reading package lists...
2025-07-16T05:30:13.0676698Z #7 1.945 Building dependency tree...
2025-07-16T05:30:13.0678086Z #7 2.029 Reading state information...
2025-07-16T05:30:13.0679423Z #7 2.120 The following additional packages will be installed:
2025-07-16T05:30:13.2194781Z #7 2.120   binutils binutils-common binutils-x86-64-linux-gnu bzip2 cpp cpp-12 dpkg-dev
2025-07-16T05:30:13.2195386Z #7 2.120   g++ g++-12 gcc gcc-12 git-man libasan8 libatomic1 libbinutils libbrotli1
2025-07-16T05:30:13.2195873Z #7 2.120   libc-dev-bin libc6-dev libcc1-0 libcrypt-dev libctf-nobfd0 libctf0
2025-07-16T05:30:13.2196622Z #7 2.120   libcurl3-gnutls libcurl4 libdpkg-perl liberror-perl libexpat1 libgcc-12-dev
2025-07-16T05:30:13.2197195Z #7 2.120   libgdbm-compat4 libgomp1 libgprofng0 libisl23 libitm1 libjansson4
2025-07-16T05:30:13.2197718Z #7 2.120   libldap-2.5-0 liblsan0 libmpc3 libmpfr6 libnghttp2-14 libnsl-dev libperl5.36
2025-07-16T05:30:13.2198336Z #7 2.120   libpsl5 libquadmath0 librtmp1 libsasl2-2 libsasl2-modules-db libssh2-1
2025-07-16T05:30:13.2199097Z #7 2.120   libstdc++-12-dev libtirpc-dev libtsan2 libubsan1 linux-libc-dev make patch
2025-07-16T05:30:13.2199634Z #7 2.121   perl perl-modules-5.36 rpcsvc-proto xz-utils
2025-07-16T05:30:13.2199968Z #7 2.121 Suggested packages:
2025-07-16T05:30:13.2200348Z #7 2.121   binutils-doc bzip2-doc cpp-doc gcc-12-locales cpp-12-doc debian-keyring
2025-07-16T05:30:13.2200863Z #7 2.121   g++-multilib g++-12-multilib gcc-12-doc gcc-multilib manpages-dev autoconf
2025-07-16T05:30:13.2201368Z #7 2.121   automake libtool flex bison gdb gcc-doc gcc-12-multilib gettext-base
2025-07-16T05:30:13.2202380Z #7 2.121   git-daemon-run | git-daemon-sysvinit git-doc git-email git-gui gitk gitweb
2025-07-16T05:30:13.2203133Z #7 2.121   git-cvs git-mediawiki git-svn glibc-doc gnupg | sq | sqop | pgpainless-cli
2025-07-16T05:30:13.2203866Z #7 2.121   sensible-utils bzr libstdc++-12-doc make-doc hunspell ed diffutils-doc
2025-07-16T05:30:13.2204607Z #7 2.121   perl-doc libterm-readline-gnu-perl | libterm-readline-perl-perl
2025-07-16T05:30:13.2205155Z #7 2.121   libtap-harness-archive-perl
2025-07-16T05:30:13.2205557Z #7 2.121 Recommended packages:
2025-07-16T05:30:13.2206022Z #7 2.121   fakeroot gnupg | sq | sqop | pgpainless-cli libalgorithm-merge-perl less
2025-07-16T05:30:13.2206659Z #7 2.121   ssh-client manpages manpages-dev libc-devtools libfile-fcntllock-perl
2025-07-16T05:30:13.2207127Z #7 2.121   liblocale-gettext-perl libldap-common publicsuffix libsasl2-modules
2025-07-16T05:30:13.3154850Z #7 2.367 The following NEW packages will be installed:
2025-07-16T05:30:13.3155707Z #7 2.367   binutils binutils-common binutils-x86-64-linux-gnu build-essential bzip2 cpp
2025-07-16T05:30:13.4389413Z #7 2.368   cpp-12 curl dpkg-dev g++ g++-12 gcc gcc-12 git git-man libasan8 libatomic1
2025-07-16T05:30:13.4390229Z #7 2.368   libbinutils libbrotli1 libc-dev-bin libc6-dev libcc1-0 libcrypt-dev
2025-07-16T05:30:13.4393374Z #7 2.368   libctf-nobfd0 libctf0 libcurl3-gnutls libcurl4 libdpkg-perl liberror-perl
2025-07-16T05:30:13.4394691Z #7 2.368   libexpat1 libgcc-12-dev libgdbm-compat4 libgomp1 libgprofng0 libisl23
2025-07-16T05:30:13.4395673Z #7 2.368   libitm1 libjansson4 libldap-2.5-0 liblsan0 libmpc3 libmpfr6 libnghttp2-14
2025-07-16T05:30:13.4396797Z #7 2.368   libnsl-dev libperl5.36 libpsl5 libquadmath0 librtmp1 libsasl2-2
2025-07-16T05:30:13.4397794Z #7 2.368   libsasl2-modules-db libssh2-1 libstdc++-12-dev libtirpc-dev libtsan2
2025-07-16T05:30:13.4398381Z #7 2.368   libubsan1 linux-libc-dev make nano patch perl perl-modules-5.36 rpcsvc-proto
2025-07-16T05:30:13.4398871Z #7 2.368   xz-utils
2025-07-16T05:30:13.4399162Z #7 2.430 0 upgraded, 62 newly installed, 0 to remove and 0 not upgraded.
2025-07-16T05:30:13.4400006Z #7 2.430 Need to get 85.7 MB of archives.
2025-07-16T05:30:13.4400658Z #7 2.430 After this operation, 370 MB of additional disk space will be used.
2025-07-16T05:30:13.4402389Z #7 2.430 Get:1 http://deb.debian.org/debian bookworm/main amd64 perl-modules-5.36 all 5.36.0-7+deb12u2 [2815 kB]
2025-07-16T05:30:13.4403269Z #7 2.491 Get:2 http://deb.debian.org/debian bookworm/main amd64 libgdbm-compat4 amd64 1.23-3 [48.2 kB]
2025-07-16T05:30:13.5514750Z #7 2.492 Get:3 http://deb.debian.org/debian bookworm/main amd64 libperl5.36 amd64 5.36.0-7+deb12u2 [4207 kB]
2025-07-16T05:30:13.5516678Z #7 2.508 Get:4 http://deb.debian.org/debian bookworm/main amd64 perl amd64 5.36.0-7+deb12u2 [239 kB]
2025-07-16T05:30:13.5517628Z #7 2.509 Get:5 http://deb.debian.org/debian bookworm/main amd64 nano amd64 7.2-1+deb12u1 [690 kB]
2025-07-16T05:30:13.5518582Z #7 2.511 Get:6 http://deb.debian.org/debian bookworm/main amd64 bzip2 amd64 1.0.8-5+b1 [49.8 kB]
2025-07-16T05:30:13.5519525Z #7 2.512 Get:7 http://deb.debian.org/debian bookworm/main amd64 xz-utils amd64 5.4.1-1 [471 kB]
2025-07-16T05:30:13.5520494Z #7 2.514 Get:8 http://deb.debian.org/debian bookworm/main amd64 binutils-common amd64 2.40-2 [2487 kB]
2025-07-16T05:30:13.5521481Z #7 2.529 Get:9 http://deb.debian.org/debian bookworm/main amd64 libbinutils amd64 2.40-2 [572 kB]
2025-07-16T05:30:13.5522426Z #7 2.531 Get:10 http://deb.debian.org/debian bookworm/main amd64 libctf-nobfd0 amd64 2.40-2 [153 kB]
2025-07-16T05:30:13.5523380Z #7 2.532 Get:11 http://deb.debian.org/debian bookworm/main amd64 libctf0 amd64 2.40-2 [89.8 kB]
2025-07-16T05:30:13.5524303Z #7 2.533 Get:12 http://deb.debian.org/debian bookworm/main amd64 libgprofng0 amd64 2.40-2 [812 kB]
2025-07-16T05:30:13.5525270Z #7 2.537 Get:13 http://deb.debian.org/debian bookworm/main amd64 libjansson4 amd64 2.14-2 [40.8 kB]
2025-07-16T05:30:13.5526750Z #7 2.538 Get:14 http://deb.debian.org/debian bookworm/main amd64 binutils-x86-64-linux-gnu amd64 2.40-2 [2246 kB]
2025-07-16T05:30:13.5527721Z #7 2.546 Get:15 http://deb.debian.org/debian bookworm/main amd64 binutils amd64 2.40-2 [65.0 kB]
2025-07-16T05:30:13.5528648Z #7 2.546 Get:16 http://deb.debian.org/debian bookworm/main amd64 libc-dev-bin amd64 2.36-9+deb12u10 [47.1 kB]
2025-07-16T05:30:13.5529752Z #7 2.546 Get:17 http://deb.debian.org/debian-security bookworm-security/main amd64 linux-libc-dev amd64 6.1.140-1 [2145 kB]
2025-07-16T05:30:13.5530824Z #7 2.553 Get:18 http://deb.debian.org/debian bookworm/main amd64 libcrypt-dev amd64 1:4.4.33-2 [118 kB]
2025-07-16T05:30:13.5531769Z #7 2.554 Get:19 http://deb.debian.org/debian bookworm/main amd64 libtirpc-dev amd64 1.3.3+ds-1 [191 kB]
2025-07-16T05:30:13.5532660Z #7 2.555 Get:20 http://deb.debian.org/debian bookworm/main amd64 libnsl-dev amd64 1.3.0-2 [66.4 kB]
2025-07-16T05:30:13.5533594Z #7 2.556 Get:21 http://deb.debian.org/debian bookworm/main amd64 rpcsvc-proto amd64 1.4.3-1 [63.3 kB]
2025-07-16T05:30:13.5534598Z #7 2.556 Get:22 http://deb.debian.org/debian bookworm/main amd64 libc6-dev amd64 2.36-9+deb12u10 [1903 kB]
2025-07-16T05:30:13.5535484Z #7 2.563 Get:23 http://deb.debian.org/debian bookworm/main amd64 libisl23 amd64 0.25-1.1 [683 kB]
2025-07-16T05:30:13.5537224Z #7 2.566 Get:24 http://deb.debian.org/debian bookworm/main amd64 libmpfr6 amd64 4.2.0-1 [701 kB]
2025-07-16T05:30:13.5538171Z #7 2.569 Get:25 http://deb.debian.org/debian bookworm/main amd64 libmpc3 amd64 1.3.1-1 [51.5 kB]
2025-07-16T05:30:13.5539089Z #7 2.569 Get:26 http://deb.debian.org/debian bookworm/main amd64 cpp-12 amd64 12.2.0-14+deb12u1 [9768 kB]
2025-07-16T05:30:13.5540327Z #7 2.604 Get:27 http://deb.debian.org/debian bookworm/main amd64 cpp amd64 4:12.2.0-3 [6836 B]
2025-07-16T05:30:13.5541422Z #7 2.604 Get:28 http://deb.debian.org/debian bookworm/main amd64 libcc1-0 amd64 12.2.0-14+deb12u1 [41.7 kB]
2025-07-16T05:30:13.6514563Z #7 2.604 Get:29 http://deb.debian.org/debian bookworm/main amd64 libgomp1 amd64 12.2.0-14+deb12u1 [116 kB]
2025-07-16T05:30:13.6515554Z #7 2.605 Get:30 http://deb.debian.org/debian bookworm/main amd64 libitm1 amd64 12.2.0-14+deb12u1 [26.1 kB]
2025-07-16T05:30:13.6516281Z #7 2.606 Get:31 http://deb.debian.org/debian bookworm/main amd64 libatomic1 amd64 12.2.0-14+deb12u1 [9376 B]
2025-07-16T05:30:13.6519095Z #7 2.606 Get:32 http://deb.debian.org/debian bookworm/main amd64 libasan8 amd64 12.2.0-14+deb12u1 [2193 kB]
2025-07-16T05:30:13.6519811Z #7 2.613 Get:33 http://deb.debian.org/debian bookworm/main amd64 liblsan0 amd64 12.2.0-14+deb12u1 [969 kB]
2025-07-16T05:30:13.6520497Z #7 2.617 Get:34 http://deb.debian.org/debian bookworm/main amd64 libtsan2 amd64 12.2.0-14+deb12u1 [2197 kB]
2025-07-16T05:30:13.6521234Z #7 2.625 Get:35 http://deb.debian.org/debian bookworm/main amd64 libubsan1 amd64 12.2.0-14+deb12u1 [883 kB]
2025-07-16T05:30:13.6521956Z #7 2.628 Get:36 http://deb.debian.org/debian bookworm/main amd64 libquadmath0 amd64 12.2.0-14+deb12u1 [145 kB]
2025-07-16T05:30:13.6522714Z #7 2.629 Get:37 http://deb.debian.org/debian bookworm/main amd64 libgcc-12-dev amd64 12.2.0-14+deb12u1 [2437 kB]
2025-07-16T05:30:13.6523327Z #7 2.638 Get:38 http://deb.debian.org/debian bookworm/main amd64 gcc-12 amd64 12.2.0-14+deb12u1 [19.3 MB]
2025-07-16T05:30:13.6523866Z #7 2.703 Get:39 http://deb.debian.org/debian bookworm/main amd64 gcc amd64 4:12.2.0-3 [5216 B]
2025-07-16T05:30:13.6525840Z #7 2.704 Get:40 http://deb.debian.org/debian bookworm/main amd64 libstdc++-12-dev amd64 12.2.0-14+deb12u1 [2047 kB]
2025-07-16T05:30:13.8685948Z #7 2.711 Get:41 http://deb.debian.org/debian bookworm/main amd64 g++-12 amd64 12.2.0-14+deb12u1 [10.7 MB]
2025-07-16T05:30:13.8687172Z #7 2.748 Get:42 http://deb.debian.org/debian bookworm/main amd64 g++ amd64 4:12.2.0-3 [1356 B]
2025-07-16T05:30:13.8688069Z #7 2.748 Get:43 http://deb.debian.org/debian bookworm/main amd64 make amd64 4.3-4.1 [396 kB]
2025-07-16T05:30:13.8688977Z #7 2.749 Get:44 http://deb.debian.org/debian bookworm/main amd64 libdpkg-perl all 1.21.22 [603 kB]
2025-07-16T05:30:13.8690195Z #7 2.752 Get:45 http://deb.debian.org/debian bookworm/main amd64 patch amd64 2.7.6-7 [128 kB]
2025-07-16T05:30:13.8691056Z #7 2.752 Get:46 http://deb.debian.org/debian bookworm/main amd64 dpkg-dev all 1.21.22 [1353 kB]
2025-07-16T05:30:13.8691966Z #7 2.757 Get:47 http://deb.debian.org/debian bookworm/main amd64 build-essential amd64 12.9 [7704 B]
2025-07-16T05:30:13.8692914Z #7 2.757 Get:48 http://deb.debian.org/debian bookworm/main amd64 libbrotli1 amd64 1.0.9-2+b6 [275 kB]
2025-07-16T05:30:13.8693911Z #7 2.759 Get:49 http://deb.debian.org/debian bookworm/main amd64 libsasl2-modules-db amd64 2.1.28+dfsg-10 [20.3 kB]
2025-07-16T05:30:13.8694922Z #7 2.759 Get:50 http://deb.debian.org/debian bookworm/main amd64 libsasl2-2 amd64 2.1.28+dfsg-10 [59.7 kB]
2025-07-16T05:30:13.8695898Z #7 2.760 Get:51 http://deb.debian.org/debian bookworm/main amd64 libldap-2.5-0 amd64 2.5.13+dfsg-5 [183 kB]
2025-07-16T05:30:13.8697080Z #7 2.760 Get:52 http://deb.debian.org/debian bookworm/main amd64 libnghttp2-14 amd64 1.52.0-1+deb12u2 [73.0 kB]
2025-07-16T05:30:13.8698027Z #7 2.766 Get:53 http://deb.debian.org/debian bookworm/main amd64 libpsl5 amd64 0.21.2-1 [58.7 kB]
2025-07-16T05:30:13.8699023Z #7 2.767 Get:54 http://deb.debian.org/debian bookworm/main amd64 librtmp1 amd64 2.4+20151223.gitfa8646d.1-2+b2 [60.8 kB]
2025-07-16T05:30:13.8700041Z #7 2.767 Get:55 http://deb.debian.org/debian bookworm/main amd64 libssh2-1 amd64 1.10.0-3+b1 [179 kB]
2025-07-16T05:30:13.8700919Z #7 2.774 Get:56 http://deb.debian.org/debian bookworm/main amd64 libcurl4 amd64 7.88.1-10+deb12u12 [391 kB]
2025-07-16T05:30:13.8701656Z #7 2.777 Get:57 http://deb.debian.org/debian bookworm/main amd64 curl amd64 7.88.1-10+deb12u12 [315 kB]
2025-07-16T05:30:13.8702308Z #7 2.778 Get:58 http://deb.debian.org/debian bookworm/main amd64 libcurl3-gnutls amd64 7.88.1-10+deb12u12 [386 kB]
2025-07-16T05:30:13.8703192Z #7 2.781 Get:59 http://deb.debian.org/debian bookworm/main amd64 libexpat1 amd64 2.5.0-1+deb12u1 [98.9 kB]
2025-07-16T05:30:13.8704142Z #7 2.782 Get:60 http://deb.debian.org/debian bookworm/main amd64 liberror-perl all 0.17029-2 [29.0 kB]
2025-07-16T05:30:13.8705123Z #7 2.782 Get:61 http://deb.debian.org/debian bookworm/main amd64 git-man all 1:2.39.5-0+deb12u2 [2053 kB]
2025-07-16T05:30:13.8706091Z #7 2.791 Get:62 http://deb.debian.org/debian bookworm/main amd64 git amd64 1:2.39.5-0+deb12u2 [7260 kB]
2025-07-16T05:30:13.8707456Z #7 2.921 debconf: delaying package configuration, since apt-utils is not installed
2025-07-16T05:30:14.0674581Z #7 2.945 Fetched 85.7 MB in 0s (193 MB/s)
2025-07-16T05:30:14.0677079Z #7 2.961 Selecting previously unselected package perl-modules-5.36.
2025-07-16T05:30:14.0677703Z #7 2.961 (Reading database ... 
2025-07-16T05:30:14.0678109Z (Reading database ... 5%
2025-07-16T05:30:14.0678479Z (Reading database ... 10%
2025-07-16T05:30:14.0678835Z (Reading database ... 15%
2025-07-16T05:30:14.0679190Z (Reading database ... 20%
2025-07-16T05:30:14.0679544Z (Reading database ... 25%
2025-07-16T05:30:14.0679892Z (Reading database ... 30%
2025-07-16T05:30:14.0680278Z (Reading database ... 35%
2025-07-16T05:30:14.0680629Z (Reading database ... 40%
2025-07-16T05:30:14.0680974Z (Reading database ... 45%
2025-07-16T05:30:14.0681313Z (Reading database ... 50%
2025-07-16T05:30:14.0681663Z (Reading database ... 55%
2025-07-16T05:30:14.0682023Z (Reading database ... 60%
2025-07-16T05:30:14.0682366Z (Reading database ... 65%
2025-07-16T05:30:14.0682719Z (Reading database ... 70%
2025-07-16T05:30:14.0683067Z (Reading database ... 75%
2025-07-16T05:30:14.0683409Z (Reading database ... 80%
2025-07-16T05:30:14.0683753Z (Reading database ... 85%
2025-07-16T05:30:14.0684102Z (Reading database ... 90%
2025-07-16T05:30:14.0684442Z (Reading database ... 95%
2025-07-16T05:30:14.0684793Z (Reading database ... 100%
2025-07-16T05:30:14.0685311Z (Reading database ... 6688 files and directories currently installed.)
2025-07-16T05:30:14.0686060Z #7 2.968 Preparing to unpack .../00-perl-modules-5.36_5.36.0-7+deb12u2_all.deb ...
2025-07-16T05:30:14.0687243Z #7 2.969 Unpacking perl-modules-5.36 (5.36.0-7+deb12u2) ...
2025-07-16T05:30:14.2149173Z #7 3.267 Selecting previously unselected package libgdbm-compat4:amd64.
2025-07-16T05:30:14.3946251Z #7 3.269 Preparing to unpack .../01-libgdbm-compat4_1.23-3_amd64.deb ...
2025-07-16T05:30:14.3947132Z #7 3.272 Unpacking libgdbm-compat4:amd64 (1.23-3) ...
2025-07-16T05:30:14.3947759Z #7 3.294 Selecting previously unselected package libperl5.36:amd64.
2025-07-16T05:30:14.3948470Z #7 3.295 Preparing to unpack .../02-libperl5.36_5.36.0-7+deb12u2_amd64.deb ...
2025-07-16T05:30:14.3949138Z #7 3.296 Unpacking libperl5.36:amd64 (5.36.0-7+deb12u2) ...
2025-07-16T05:30:14.5563344Z #7 3.609 Selecting previously unselected package perl.
2025-07-16T05:30:14.6675973Z #7 3.610 Preparing to unpack .../03-perl_5.36.0-7+deb12u2_amd64.deb ...
2025-07-16T05:30:14.6676669Z #7 3.616 Unpacking perl (5.36.0-7+deb12u2) ...
2025-07-16T05:30:14.6677003Z #7 3.654 Selecting previously unselected package nano.
2025-07-16T05:30:14.6677399Z #7 3.655 Preparing to unpack .../04-nano_7.2-1+deb12u1_amd64.deb ...
2025-07-16T05:30:14.6677745Z #7 3.657 Unpacking nano (7.2-1+deb12u1) ...
2025-07-16T05:30:14.6678064Z #7 3.720 Selecting previously unselected package bzip2.
2025-07-16T05:30:14.9006553Z #7 3.721 Preparing to unpack .../05-bzip2_1.0.8-5+b1_amd64.deb ...
2025-07-16T05:30:14.9007187Z #7 3.722 Unpacking bzip2 (1.0.8-5+b1) ...
2025-07-16T05:30:14.9007701Z #7 3.744 Selecting previously unselected package xz-utils.
2025-07-16T05:30:14.9008320Z #7 3.746 Preparing to unpack .../06-xz-utils_5.4.1-1_amd64.deb ...
2025-07-16T05:30:14.9008882Z #7 3.747 Unpacking xz-utils (5.4.1-1) ...
2025-07-16T05:30:14.9009388Z #7 3.800 Selecting previously unselected package binutils-common:amd64.
2025-07-16T05:30:14.9009881Z #7 3.801 Preparing to unpack .../07-binutils-common_2.40-2_amd64.deb ...
2025-07-16T05:30:14.9010308Z #7 3.802 Unpacking binutils-common:amd64 (2.40-2) ...
2025-07-16T05:30:14.9159909Z #7 3.968 Selecting previously unselected package libbinutils:amd64.
2025-07-16T05:30:15.0251095Z #7 3.970 Preparing to unpack .../08-libbinutils_2.40-2_amd64.deb ...
2025-07-16T05:30:15.0251736Z #7 3.971 Unpacking libbinutils:amd64 (2.40-2) ...
2025-07-16T05:30:15.0252303Z #7 4.023 Selecting previously unselected package libctf-nobfd0:amd64.
2025-07-16T05:30:15.0253246Z #7 4.025 Preparing to unpack .../09-libctf-nobfd0_2.40-2_amd64.deb ...
2025-07-16T05:30:15.0253772Z #7 4.026 Unpacking libctf-nobfd0:amd64 (2.40-2) ...
2025-07-16T05:30:15.0254288Z #7 4.052 Selecting previously unselected package libctf0:amd64.
2025-07-16T05:30:15.0254827Z #7 4.054 Preparing to unpack .../10-libctf0_2.40-2_amd64.deb ...
2025-07-16T05:30:15.0255346Z #7 4.055 Unpacking libctf0:amd64 (2.40-2) ...
2025-07-16T05:30:15.0255839Z #7 4.077 Selecting previously unselected package libgprofng0:amd64.
2025-07-16T05:30:15.2744495Z #7 4.079 Preparing to unpack .../11-libgprofng0_2.40-2_amd64.deb ...
2025-07-16T05:30:15.2745125Z #7 4.080 Unpacking libgprofng0:amd64 (2.40-2) ...
2025-07-16T05:30:15.2745558Z #7 4.152 Selecting previously unselected package libjansson4:amd64.
2025-07-16T05:30:15.2746000Z #7 4.153 Preparing to unpack .../12-libjansson4_2.14-2_amd64.deb ...
2025-07-16T05:30:15.2746611Z #7 4.154 Unpacking libjansson4:amd64 (2.14-2) ...
2025-07-16T05:30:15.2747046Z #7 4.173 Selecting previously unselected package binutils-x86-64-linux-gnu.
2025-07-16T05:30:15.2747552Z #7 4.174 Preparing to unpack .../13-binutils-x86-64-linux-gnu_2.40-2_amd64.deb ...
2025-07-16T05:30:15.2748010Z #7 4.176 Unpacking binutils-x86-64-linux-gnu (2.40-2) ...
2025-07-16T05:30:15.3053652Z #7 4.358 Selecting previously unselected package binutils.
2025-07-16T05:30:15.5075525Z #7 4.359 Preparing to unpack .../14-binutils_2.40-2_amd64.deb ...
2025-07-16T05:30:15.5076160Z #7 4.361 Unpacking binutils (2.40-2) ...
2025-07-16T05:30:15.5076926Z #7 4.385 Selecting previously unselected package libc-dev-bin.
2025-07-16T05:30:15.5077640Z #7 4.386 Preparing to unpack .../15-libc-dev-bin_2.36-9+deb12u10_amd64.deb ...
2025-07-16T05:30:15.5078612Z #7 4.387 Unpacking libc-dev-bin (2.36-9+deb12u10) ...
2025-07-16T05:30:15.5079279Z #7 4.407 Selecting previously unselected package linux-libc-dev:amd64.
2025-07-16T05:30:15.5080018Z #7 4.408 Preparing to unpack .../16-linux-libc-dev_6.1.140-1_amd64.deb ...
2025-07-16T05:30:15.5080691Z #7 4.409 Unpacking linux-libc-dev:amd64 (6.1.140-1) ...
2025-07-16T05:30:15.5545607Z #7 4.607 Selecting previously unselected package libcrypt-dev:amd64.
2025-07-16T05:30:15.6692640Z #7 4.608 Preparing to unpack .../17-libcrypt-dev_1%3a4.4.33-2_amd64.deb ...
2025-07-16T05:30:15.6693321Z #7 4.614 Unpacking libcrypt-dev:amd64 (1:4.4.33-2) ...
2025-07-16T05:30:15.6693919Z #7 4.637 Selecting previously unselected package libtirpc-dev:amd64.
2025-07-16T05:30:15.6694585Z #7 4.638 Preparing to unpack .../18-libtirpc-dev_1.3.3+ds-1_amd64.deb ...
2025-07-16T05:30:15.6695167Z #7 4.640 Unpacking libtirpc-dev:amd64 (1.3.3+ds-1) ...
2025-07-16T05:30:15.6695730Z #7 4.671 Selecting previously unselected package libnsl-dev:amd64.
2025-07-16T05:30:15.6696565Z #7 4.672 Preparing to unpack .../19-libnsl-dev_1.3.0-2_amd64.deb ...
2025-07-16T05:30:15.6697099Z #7 4.675 Unpacking libnsl-dev:amd64 (1.3.0-2) ...
2025-07-16T05:30:15.6697612Z #7 4.696 Selecting previously unselected package rpcsvc-proto.
2025-07-16T05:30:15.6698212Z #7 4.697 Preparing to unpack .../20-rpcsvc-proto_1.4.3-1_amd64.deb ...
2025-07-16T05:30:15.6698723Z #7 4.698 Unpacking rpcsvc-proto (1.4.3-1) ...
2025-07-16T05:30:15.6699222Z #7 4.721 Selecting previously unselected package libc6-dev:amd64.
2025-07-16T05:30:15.8203911Z #7 4.723 Preparing to unpack .../21-libc6-dev_2.36-9+deb12u10_amd64.deb ...
2025-07-16T05:30:15.8204608Z #7 4.725 Unpacking libc6-dev:amd64 (2.36-9+deb12u10) ...
2025-07-16T05:30:15.8205201Z #7 4.873 Selecting previously unselected package libisl23:amd64.
2025-07-16T05:30:15.9260436Z #7 4.874 Preparing to unpack .../22-libisl23_0.25-1.1_amd64.deb ...
2025-07-16T05:30:15.9261051Z #7 4.876 Unpacking libisl23:amd64 (0.25-1.1) ...
2025-07-16T05:30:15.9262325Z #7 4.935 Selecting previously unselected package libmpfr6:amd64.
2025-07-16T05:30:15.9262945Z #7 4.937 Preparing to unpack .../23-libmpfr6_4.2.0-1_amd64.deb ...
2025-07-16T05:30:15.9263447Z #7 4.938 Unpacking libmpfr6:amd64 (4.2.0-1) ...
2025-07-16T05:30:15.9263944Z #7 4.978 Selecting previously unselected package libmpc3:amd64.
2025-07-16T05:30:16.1014642Z #7 4.980 Preparing to unpack .../24-libmpc3_1.3.1-1_amd64.deb ...
2025-07-16T05:30:16.1015276Z #7 4.981 Unpacking libmpc3:amd64 (1.3.1-1) ...
2025-07-16T05:30:16.1015809Z #7 5.000 Selecting previously unselected package cpp-12.
2025-07-16T05:30:16.1016619Z #7 5.002 Preparing to unpack .../25-cpp-12_12.2.0-14+deb12u1_amd64.deb ...
2025-07-16T05:30:16.1017244Z #7 5.003 Unpacking cpp-12 (12.2.0-14+deb12u1) ...
2025-07-16T05:30:16.4412326Z #7 5.493 Selecting previously unselected package cpp.
2025-07-16T05:30:16.5422635Z #7 5.495 Preparing to unpack .../26-cpp_4%3a12.2.0-3_amd64.deb ...
2025-07-16T05:30:16.5423161Z #7 5.497 Unpacking cpp (4:12.2.0-3) ...
2025-07-16T05:30:16.5423626Z #7 5.518 Selecting previously unselected package libcc1-0:amd64.
2025-07-16T05:30:16.5424047Z #7 5.519 Preparing to unpack .../27-libcc1-0_12.2.0-14+deb12u1_amd64.deb ...
2025-07-16T05:30:16.5424429Z #7 5.521 Unpacking libcc1-0:amd64 (12.2.0-14+deb12u1) ...
2025-07-16T05:30:16.5424794Z #7 5.543 Selecting previously unselected package libgomp1:amd64.
2025-07-16T05:30:16.5425190Z #7 5.545 Preparing to unpack .../28-libgomp1_12.2.0-14+deb12u1_amd64.deb ...
2025-07-16T05:30:16.5425547Z #7 5.546 Unpacking libgomp1:amd64 (12.2.0-14+deb12u1) ...
2025-07-16T05:30:16.5425889Z #7 5.570 Selecting previously unselected package libitm1:amd64.
2025-07-16T05:30:16.5426285Z #7 5.572 Preparing to unpack .../29-libitm1_12.2.0-14+deb12u1_amd64.deb ...
2025-07-16T05:30:16.5427570Z #7 5.574 Unpacking libitm1:amd64 (12.2.0-14+deb12u1) ...
2025-07-16T05:30:16.5428043Z #7 5.593 Selecting previously unselected package libatomic1:amd64.
2025-07-16T05:30:16.5428713Z #7 5.595 Preparing to unpack .../30-libatomic1_12.2.0-14+deb12u1_amd64.deb ...
2025-07-16T05:30:16.7140631Z #7 5.596 Unpacking libatomic1:amd64 (12.2.0-14+deb12u1) ...
2025-07-16T05:30:16.7142183Z #7 5.613 Selecting previously unselected package libasan8:amd64.
2025-07-16T05:30:16.7142844Z #7 5.615 Preparing to unpack .../31-libasan8_12.2.0-14+deb12u1_amd64.deb ...
2025-07-16T05:30:16.7143457Z #7 5.616 Unpacking libasan8:amd64 (12.2.0-14+deb12u1) ...
2025-07-16T05:30:16.7143997Z #7 5.766 Selecting previously unselected package liblsan0:amd64.
2025-07-16T05:30:16.9476863Z #7 5.768 Preparing to unpack .../32-liblsan0_12.2.0-14+deb12u1_amd64.deb ...
2025-07-16T05:30:16.9477531Z #7 5.769 Unpacking liblsan0:amd64 (12.2.0-14+deb12u1) ...
2025-07-16T05:30:16.9478101Z #7 5.846 Selecting previously unselected package libtsan2:amd64.
2025-07-16T05:30:16.9478724Z #7 5.848 Preparing to unpack .../33-libtsan2_12.2.0-14+deb12u1_amd64.deb ...
2025-07-16T05:30:16.9479292Z #7 5.850 Unpacking libtsan2:amd64 (12.2.0-14+deb12u1) ...
2025-07-16T05:30:16.9479874Z #7 6.000 Selecting previously unselected package libubsan1:amd64.
2025-07-16T05:30:17.0502636Z #7 6.001 Preparing to unpack .../34-libubsan1_12.2.0-14+deb12u1_amd64.deb ...
2025-07-16T05:30:17.0503117Z #7 6.003 Unpacking libubsan1:amd64 (12.2.0-14+deb12u1) ...
2025-07-16T05:30:17.0503640Z #7 6.077 Selecting previously unselected package libquadmath0:amd64.
2025-07-16T05:30:17.0504082Z #7 6.078 Preparing to unpack .../35-libquadmath0_12.2.0-14+deb12u1_amd64.deb ...
2025-07-16T05:30:17.0504473Z #7 6.080 Unpacking libquadmath0:amd64 (12.2.0-14+deb12u1) ...
2025-07-16T05:30:17.0504851Z #7 6.103 Selecting previously unselected package libgcc-12-dev:amd64.
2025-07-16T05:30:17.2035058Z #7 6.104 Preparing to unpack .../36-libgcc-12-dev_12.2.0-14+deb12u1_amd64.deb ...
2025-07-16T05:30:17.2035612Z #7 6.105 Unpacking libgcc-12-dev:amd64 (12.2.0-14+deb12u1) ...
2025-07-16T05:30:17.2203109Z #7 6.273 Selecting previously unselected package gcc-12.
2025-07-16T05:30:17.3738867Z #7 6.274 Preparing to unpack .../37-gcc-12_12.2.0-14+deb12u1_amd64.deb ...
2025-07-16T05:30:17.3739946Z #7 6.276 Unpacking gcc-12 (12.2.0-14+deb12u1) ...
2025-07-16T05:30:17.8642275Z #7 6.916 Selecting previously unselected package gcc.
2025-07-16T05:30:18.0410451Z #7 6.918 Preparing to unpack .../38-gcc_4%3a12.2.0-3_amd64.deb ...
2025-07-16T05:30:18.0411387Z #7 6.921 Unpacking gcc (4:12.2.0-3) ...
2025-07-16T05:30:18.0412025Z #7 6.940 Selecting previously unselected package libstdc++-12-dev:amd64.
2025-07-16T05:30:18.0412812Z #7 6.942 Preparing to unpack .../39-libstdc++-12-dev_12.2.0-14+deb12u1_amd64.deb ...
2025-07-16T05:30:18.0413526Z #7 6.943 Unpacking libstdc++-12-dev:amd64 (12.2.0-14+deb12u1) ...
2025-07-16T05:30:18.1015551Z #7 7.154 Selecting previously unselected package g++-12.
2025-07-16T05:30:18.2556931Z #7 7.155 Preparing to unpack .../40-g++-12_12.2.0-14+deb12u1_amd64.deb ...
2025-07-16T05:30:18.2557438Z #7 7.157 Unpacking g++-12 (12.2.0-14+deb12u1) ...
2025-07-16T05:30:18.6157768Z #7 7.668 Selecting previously unselected package g++.
2025-07-16T05:30:18.7423298Z #7 7.669 Preparing to unpack .../41-g++_4%3a12.2.0-3_amd64.deb ...
2025-07-16T05:30:18.7423792Z #7 7.671 Unpacking g++ (4:12.2.0-3) ...
2025-07-16T05:30:18.7424117Z #7 7.688 Selecting previously unselected package make.
2025-07-16T05:30:18.7424497Z #7 7.690 Preparing to unpack .../42-make_4.3-4.1_amd64.deb ...
2025-07-16T05:30:18.7424826Z #7 7.692 Unpacking make (4.3-4.1) ...
2025-07-16T05:30:18.7425139Z #7 7.734 Selecting previously unselected package libdpkg-perl.
2025-07-16T05:30:18.7425541Z #7 7.736 Preparing to unpack .../43-libdpkg-perl_1.21.22_all.deb ...
2025-07-16T05:30:18.7425886Z #7 7.737 Unpacking libdpkg-perl (1.21.22) ...
2025-07-16T05:30:18.7426193Z #7 7.794 Selecting previously unselected package patch.
2025-07-16T05:30:18.8670196Z #7 7.796 Preparing to unpack .../44-patch_2.7.6-7_amd64.deb ...
2025-07-16T05:30:18.8670780Z #7 7.798 Unpacking patch (2.7.6-7) ...
2025-07-16T05:30:18.8671195Z #7 7.826 Selecting previously unselected package dpkg-dev.
2025-07-16T05:30:18.8671850Z #7 7.828 Preparing to unpack .../45-dpkg-dev_1.21.22_all.deb ...
2025-07-16T05:30:18.8672209Z #7 7.829 Unpacking dpkg-dev (1.21.22) ...
2025-07-16T05:30:18.8672554Z #7 7.919 Selecting previously unselected package build-essential.
2025-07-16T05:30:18.9809440Z #7 7.921 Preparing to unpack .../46-build-essential_12.9_amd64.deb ...
2025-07-16T05:30:18.9810096Z #7 7.923 Unpacking build-essential (12.9) ...
2025-07-16T05:30:18.9810643Z #7 7.943 Selecting previously unselected package libbrotli1:amd64.
2025-07-16T05:30:18.9811301Z #7 7.945 Preparing to unpack .../47-libbrotli1_1.0.9-2+b6_amd64.deb ...
2025-07-16T05:30:18.9811860Z #7 7.946 Unpacking libbrotli1:amd64 (1.0.9-2+b6) ...
2025-07-16T05:30:18.9812447Z #7 7.983 Selecting previously unselected package libsasl2-modules-db:amd64.
2025-07-16T05:30:18.9813157Z #7 7.984 Preparing to unpack .../48-libsasl2-modules-db_2.1.28+dfsg-10_amd64.deb ...
2025-07-16T05:30:18.9813814Z #7 7.986 Unpacking libsasl2-modules-db:amd64 (2.1.28+dfsg-10) ...
2025-07-16T05:30:18.9814415Z #7 8.004 Selecting previously unselected package libsasl2-2:amd64.
2025-07-16T05:30:18.9815020Z #7 8.006 Preparing to unpack .../49-libsasl2-2_2.1.28+dfsg-10_amd64.deb ...
2025-07-16T05:30:18.9815574Z #7 8.007 Unpacking libsasl2-2:amd64 (2.1.28+dfsg-10) ...
2025-07-16T05:30:18.9816141Z #7 8.033 Selecting previously unselected package libldap-2.5-0:amd64.
2025-07-16T05:30:19.1019441Z #7 8.035 Preparing to unpack .../50-libldap-2.5-0_2.5.13+dfsg-5_amd64.deb ...
2025-07-16T05:30:19.1020247Z #7 8.037 Unpacking libldap-2.5-0:amd64 (2.5.13+dfsg-5) ...
2025-07-16T05:30:19.1021005Z #7 8.068 Selecting previously unselected package libnghttp2-14:amd64.
2025-07-16T05:30:19.1021840Z #7 8.069 Preparing to unpack .../51-libnghttp2-14_1.52.0-1+deb12u2_amd64.deb ...
2025-07-16T05:30:19.1022578Z #7 8.071 Unpacking libnghttp2-14:amd64 (1.52.0-1+deb12u2) ...
2025-07-16T05:30:19.1023251Z #7 8.096 Selecting previously unselected package libpsl5:amd64.
2025-07-16T05:30:19.1023943Z #7 8.098 Preparing to unpack .../52-libpsl5_0.21.2-1_amd64.deb ...
2025-07-16T05:30:19.1024569Z #7 8.100 Unpacking libpsl5:amd64 (0.21.2-1) ...
2025-07-16T05:30:19.1025174Z #7 8.125 Selecting previously unselected package librtmp1:amd64.
2025-07-16T05:30:19.1025884Z #7 8.126 Preparing to unpack .../53-librtmp1_2.4+20151223.gitfa8646d.1-2+b2_amd64.deb ...
2025-07-16T05:30:19.1027056Z #7 8.128 Unpacking librtmp1:amd64 (2.4+20151223.gitfa8646d.1-2+b2) ...
2025-07-16T05:30:19.1027617Z #7 8.154 Selecting previously unselected package libssh2-1:amd64.
2025-07-16T05:30:19.2169803Z #7 8.156 Preparing to unpack .../54-libssh2-1_1.10.0-3+b1_amd64.deb ...
2025-07-16T05:30:19.2170480Z #7 8.157 Unpacking libssh2-1:amd64 (1.10.0-3+b1) ...
2025-07-16T05:30:19.2171038Z #7 8.188 Selecting previously unselected package libcurl4:amd64.
2025-07-16T05:30:19.2171518Z #7 8.189 Preparing to unpack .../55-libcurl4_7.88.1-10+deb12u12_amd64.deb ...
2025-07-16T05:30:19.2171946Z #7 8.191 Unpacking libcurl4:amd64 (7.88.1-10+deb12u12) ...
2025-07-16T05:30:19.2172339Z #7 8.229 Selecting previously unselected package curl.
2025-07-16T05:30:19.2172734Z #7 8.231 Preparing to unpack .../56-curl_7.88.1-10+deb12u12_amd64.deb ...
2025-07-16T05:30:19.2173114Z #7 8.232 Unpacking curl (7.88.1-10+deb12u12) ...
2025-07-16T05:30:19.2173499Z #7 8.269 Selecting previously unselected package libcurl3-gnutls:amd64.
2025-07-16T05:30:19.3915361Z #7 8.271 Preparing to unpack .../57-libcurl3-gnutls_7.88.1-10+deb12u12_amd64.deb ...
2025-07-16T05:30:19.3916111Z #7 8.272 Unpacking libcurl3-gnutls:amd64 (7.88.1-10+deb12u12) ...
2025-07-16T05:30:19.3916879Z #7 8.309 Selecting previously unselected package libexpat1:amd64.
2025-07-16T05:30:19.3917520Z #7 8.311 Preparing to unpack .../58-libexpat1_2.5.0-1+deb12u1_amd64.deb ...
2025-07-16T05:30:19.3918095Z #7 8.312 Unpacking libexpat1:amd64 (2.5.0-1+deb12u1) ...
2025-07-16T05:30:19.3918635Z #7 8.334 Selecting previously unselected package liberror-perl.
2025-07-16T05:30:19.3919225Z #7 8.336 Preparing to unpack .../59-liberror-perl_0.17029-2_all.deb ...
2025-07-16T05:30:19.3920052Z #7 8.337 Unpacking liberror-perl (0.17029-2) ...
2025-07-16T05:30:19.3920532Z #7 8.357 Selecting previously unselected package git-man.
2025-07-16T05:30:19.3921079Z #7 8.359 Preparing to unpack .../60-git-man_1%3a2.39.5-0+deb12u2_all.deb ...
2025-07-16T05:30:19.3921600Z #7 8.360 Unpacking git-man (1:2.39.5-0+deb12u2) ...
2025-07-16T05:30:19.3922024Z #7 8.444 Selecting previously unselected package git.
2025-07-16T05:30:19.5497461Z #7 8.446 Preparing to unpack .../61-git_1%3a2.39.5-0+deb12u2_amd64.deb ...
2025-07-16T05:30:19.5498685Z #7 8.451 Unpacking git (1:2.39.5-0+deb12u2) ...
2025-07-16T05:30:19.7157887Z #7 8.768 Setting up libexpat1:amd64 (2.5.0-1+deb12u1) ...
2025-07-16T05:30:19.8211099Z #7 8.773 Setting up libpsl5:amd64 (0.21.2-1) ...
2025-07-16T05:30:19.8211675Z #7 8.778 Setting up libbrotli1:amd64 (1.0.9-2+b6) ...
2025-07-16T05:30:19.8212056Z #7 8.782 Setting up binutils-common:amd64 (2.40-2) ...
2025-07-16T05:30:19.8212483Z #7 8.788 Setting up libnghttp2-14:amd64 (1.52.0-1+deb12u2) ...
2025-07-16T05:30:19.8213011Z #7 8.792 Setting up linux-libc-dev:amd64 (6.1.140-1) ...
2025-07-16T05:30:19.8213382Z #7 8.796 Setting up libctf-nobfd0:amd64 (2.40-2) ...
2025-07-16T05:30:19.8213740Z #7 8.800 Setting up libgomp1:amd64 (12.2.0-14+deb12u1) ...
2025-07-16T05:30:19.8214099Z #7 8.804 Setting up bzip2 (1.0.8-5+b1) ...
2025-07-16T05:30:19.8214419Z #7 8.809 Setting up libjansson4:amd64 (2.14-2) ...
2025-07-16T05:30:19.8214963Z #7 8.813 Setting up libsasl2-modules-db:amd64 (2.1.28+dfsg-10) ...
2025-07-16T05:30:19.8215648Z #7 8.816 Setting up perl-modules-5.36 (5.36.0-7+deb12u2) ...
2025-07-16T05:30:19.8216078Z #7 8.820 Setting up libtirpc-dev:amd64 (1.3.3+ds-1) ...
2025-07-16T05:30:19.8216645Z #7 8.828 Setting up rpcsvc-proto (1.4.3-1) ...
2025-07-16T05:30:19.8216957Z #7 8.833 Setting up make (4.3-4.1) ...
2025-07-16T05:30:19.8217344Z #7 8.837 Setting up libmpfr6:amd64 (4.2.0-1) ...
2025-07-16T05:30:19.8217734Z #7 8.841 Setting up librtmp1:amd64 (2.4+20151223.gitfa8646d.1-2+b2) ...
2025-07-16T05:30:19.8218135Z #7 8.845 Setting up xz-utils (5.4.1-1) ...
2025-07-16T05:30:19.8218629Z #7 8.851 update-alternatives: using /usr/bin/xz to provide /usr/bin/lzma (lzma) in auto mode
2025-07-16T05:30:19.8220116Z #7 8.852 update-alternatives: warning: skip creation of /usr/share/man/man1/lzma.1.gz because associated file /usr/share/man/man1/xz.1.gz (of link group lzma) doesn't exist
2025-07-16T05:30:19.8221886Z #7 8.852 update-alternatives: warning: skip creation of /usr/share/man/man1/unlzma.1.gz because associated file /usr/share/man/man1/unxz.1.gz (of link group lzma) doesn't exist
2025-07-16T05:30:19.8223150Z #7 8.852 update-alternatives: warning: skip creation of /usr/share/man/man1/lzcat.1.gz because associated file /usr/share/man/man1/xzcat.1.gz (of link group lzma) doesn't exist
2025-07-16T05:30:19.8224410Z #7 8.853 update-alternatives: warning: skip creation of /usr/share/man/man1/lzmore.1.gz because associated file /usr/share/man/man1/xzmore.1.gz (of link group lzma) doesn't exist
2025-07-16T05:30:19.8225809Z #7 8.853 update-alternatives: warning: skip creation of /usr/share/man/man1/lzless.1.gz because associated file /usr/share/man/man1/xzless.1.gz (of link group lzma) doesn't exist
2025-07-16T05:30:19.8227137Z #7 8.853 update-alternatives: warning: skip creation of /usr/share/man/man1/lzdiff.1.gz because associated file /usr/share/man/man1/xzdiff.1.gz (of link group lzma) doesn't exist
2025-07-16T05:30:19.8228275Z #7 8.853 update-alternatives: warning: skip creation of /usr/share/man/man1/lzcmp.1.gz because associated file /usr/share/man/man1/xzcmp.1.gz (of link group lzma) doesn't exist
2025-07-16T05:30:19.8229388Z #7 8.854 update-alternatives: warning: skip creation of /usr/share/man/man1/lzgrep.1.gz because associated file /usr/share/man/man1/xzgrep.1.gz (of link group lzma) doesn't exist
2025-07-16T05:30:19.8230442Z #7 8.854 update-alternatives: warning: skip creation of /usr/share/man/man1/lzegrep.1.gz because associated file /usr/share/man/man1/xzegrep.1.gz (of link group lzma) doesn't exist
2025-07-16T05:30:19.8232029Z #7 8.854 update-alternatives: warning: skip creation of /usr/share/man/man1/lzfgrep.1.gz because associated file /usr/share/man/man1/xzfgrep.1.gz (of link group lzma) doesn't exist
2025-07-16T05:30:19.8232868Z #7 8.859 Setting up libquadmath0:amd64 (12.2.0-14+deb12u1) ...
2025-07-16T05:30:19.8233266Z #7 8.863 Setting up libmpc3:amd64 (1.3.1-1) ...
2025-07-16T05:30:19.8233608Z #7 8.868 Setting up libatomic1:amd64 (12.2.0-14+deb12u1) ...
2025-07-16T05:30:19.8233901Z #7 8.873 Setting up patch (2.7.6-7) ...
2025-07-16T05:30:19.9218264Z #7 8.878 Setting up libgdbm-compat4:amd64 (1.23-3) ...
2025-07-16T05:30:19.9218716Z #7 8.881 Setting up libsasl2-2:amd64 (2.1.28+dfsg-10) ...
2025-07-16T05:30:19.9219112Z #7 8.886 Setting up libubsan1:amd64 (12.2.0-14+deb12u1) ...
2025-07-16T05:30:19.9219463Z #7 8.891 Setting up nano (7.2-1+deb12u1) ...
2025-07-16T05:30:19.9219951Z #7 8.898 update-alternatives: using /bin/nano to provide /usr/bin/editor (editor) in auto mode
2025-07-16T05:30:19.9220966Z #7 8.898 update-alternatives: warning: skip creation of /usr/share/man/man1/editor.1.gz because associated file /usr/share/man/man1/nano.1.gz (of link group editor) doesn't exist
2025-07-16T05:30:19.9221910Z #7 8.901 update-alternatives: using /bin/nano to provide /usr/bin/pico (pico) in auto mode
2025-07-16T05:30:19.9223114Z #7 8.902 update-alternatives: warning: skip creation of /usr/share/man/man1/pico.1.gz because associated file /usr/share/man/man1/nano.1.gz (of link group pico) doesn't exist
2025-07-16T05:30:19.9224098Z #7 8.904 Setting up libnsl-dev:amd64 (1.3.0-2) ...
2025-07-16T05:30:19.9224559Z #7 8.908 Setting up libcrypt-dev:amd64 (1:4.4.33-2) ...
2025-07-16T05:30:19.9224952Z #7 8.917 Setting up libasan8:amd64 (12.2.0-14+deb12u1) ...
2025-07-16T05:30:19.9225307Z #7 8.922 Setting up git-man (1:2.39.5-0+deb12u2) ...
2025-07-16T05:30:19.9225650Z #7 8.928 Setting up libssh2-1:amd64 (1.10.0-3+b1) ...
2025-07-16T05:30:19.9226001Z #7 8.933 Setting up libtsan2:amd64 (12.2.0-14+deb12u1) ...
2025-07-16T05:30:19.9226706Z #7 8.939 Setting up libbinutils:amd64 (2.40-2) ...
2025-07-16T05:30:19.9227122Z #7 8.945 Setting up libisl23:amd64 (0.25-1.1) ...
2025-07-16T05:30:19.9227464Z #7 8.951 Setting up libc-dev-bin (2.36-9+deb12u10) ...
2025-07-16T05:30:19.9227830Z #7 8.954 Setting up libcc1-0:amd64 (12.2.0-14+deb12u1) ...
2025-07-16T05:30:19.9228440Z #7 8.960 Setting up libperl5.36:amd64 (5.36.0-7+deb12u2) ...
2025-07-16T05:30:19.9228814Z #7 8.965 Setting up liblsan0:amd64 (12.2.0-14+deb12u1) ...
2025-07-16T05:30:19.9229333Z #7 8.969 Setting up libitm1:amd64 (12.2.0-14+deb12u1) ...
2025-07-16T05:30:19.9229733Z #7 8.974 Setting up libctf0:amd64 (2.40-2) ...
2025-07-16T05:30:20.0322224Z #7 8.979 Setting up cpp-12 (12.2.0-14+deb12u1) ...
2025-07-16T05:30:20.0322841Z #7 8.984 Setting up libldap-2.5-0:amd64 (2.5.13+dfsg-5) ...
2025-07-16T05:30:20.0323193Z #7 8.989 Setting up perl (5.36.0-7+deb12u2) ...
2025-07-16T05:30:20.0323511Z #7 8.999 Setting up libgprofng0:amd64 (2.40-2) ...
2025-07-16T05:30:20.0323882Z #7 9.004 Setting up libgcc-12-dev:amd64 (12.2.0-14+deb12u1) ...
2025-07-16T05:30:20.0324319Z #7 9.008 Setting up libdpkg-perl (1.21.22) ...
2025-07-16T05:30:20.0324601Z #7 9.012 Setting up cpp (4:12.2.0-3) ...
2025-07-16T05:30:20.0324898Z #7 9.020 Setting up libcurl4:amd64 (7.88.1-10+deb12u12) ...
2025-07-16T05:30:20.0325246Z #7 9.025 Setting up libc6-dev:amd64 (2.36-9+deb12u10) ...
2025-07-16T05:30:20.0325553Z #7 9.030 Setting up curl (7.88.1-10+deb12u12) ...
2025-07-16T05:30:20.0325870Z #7 9.035 Setting up binutils-x86-64-linux-gnu (2.40-2) ...
2025-07-16T05:30:20.0326229Z #7 9.040 Setting up libstdc++-12-dev:amd64 (12.2.0-14+deb12u1) ...
2025-07-16T05:30:20.0326739Z #7 9.046 Setting up libcurl3-gnutls:amd64 (7.88.1-10+deb12u12) ...
2025-07-16T05:30:20.0327079Z #7 9.051 Setting up binutils (2.40-2) ...
2025-07-16T05:30:20.0327483Z #7 9.054 Setting up dpkg-dev (1.21.22) ...
2025-07-16T05:30:20.0327947Z #7 9.063 Setting up liberror-perl (0.17029-2) ...
2025-07-16T05:30:20.0328441Z #7 9.067 Setting up gcc-12 (12.2.0-14+deb12u1) ...
2025-07-16T05:30:20.0329056Z #7 9.073 Setting up git (1:2.39.5-0+deb12u2) ...
2025-07-16T05:30:20.0329352Z #7 9.085 Setting up g++-12 (12.2.0-14+deb12u1) ...
2025-07-16T05:30:20.2144033Z #7 9.089 Setting up gcc (4:12.2.0-3) ...
2025-07-16T05:30:20.2144404Z #7 9.104 Setting up g++ (4:12.2.0-3) ...
2025-07-16T05:30:20.2144914Z #7 9.108 update-alternatives: using /usr/bin/g++ to provide /usr/bin/c++ (c++) in auto mode
2025-07-16T05:30:20.7066018Z #7 9.111 Setting up build-essential (12.9) ...
2025-07-16T05:30:20.7066764Z #7 9.116 Processing triggers for libc-bin (2.36-9+deb12u10) ...
2025-07-16T05:30:20.7067128Z #7 DONE 9.8s
2025-07-16T05:30:20.8673841Z 
2025-07-16T05:30:20.8674263Z #8 [3/6] WORKDIR /app
2025-07-16T05:30:20.8674648Z #8 DONE 0.0s
2025-07-16T05:30:20.8674821Z 
2025-07-16T05:30:20.8674961Z #9 [4/6] COPY . .
2025-07-16T05:30:21.3150350Z #9 DONE 0.6s
2025-07-16T05:30:21.4661962Z 
2025-07-16T05:30:21.4662403Z #10 [5/6] RUN pip install --upgrade pip
2025-07-16T05:30:22.5619962Z #10 1.246 Requirement already satisfied: pip in /usr/local/lib/python3.10/site-packages (23.0.1)
2025-07-16T05:30:22.6907792Z #10 1.375 Collecting pip
2025-07-16T05:30:22.8128202Z #10 1.440   Downloading pip-25.1.1-py3-none-any.whl (1.8 MB)
2025-07-16T05:30:23.0085266Z #10 1.497      ━━━━━━━━━━━━━━━━━━━━━━━━━━━━━━━━━━━━━━━━ 1.8/1.8 MB 33.5 MB/s eta 0:00:00
2025-07-16T05:30:23.0085748Z #10 1.541 Installing collected packages: pip
2025-07-16T05:30:23.0086101Z #10 1.542   Attempting uninstall: pip
2025-07-16T05:30:23.0086689Z #10 1.542     Found existing installation: pip 23.0.1
2025-07-16T05:30:23.0335077Z #10 1.718     Uninstalling pip-23.0.1:
2025-07-16T05:30:23.1966897Z #10 1.730       Successfully uninstalled pip-23.0.1
2025-07-16T05:30:23.8424115Z #10 2.527 Successfully installed pip-25.1.1
2025-07-16T05:30:23.9931979Z #10 2.527 WARNING: Running pip as the 'root' user can result in broken permissions and conflicting behaviour with the system package manager. It is recommended to use a virtual environment instead: https://pip.pypa.io/warnings/venv
2025-07-16T05:30:24.0543328Z #10 DONE 2.7s
2025-07-16T05:30:24.2054415Z 
2025-07-16T05:30:24.2055073Z #11 [6/6] RUN pip install --no-cache-dir -r requirements.txt
2025-07-16T05:30:24.9423806Z #11 0.887 Collecting Flask==3.1.0 (from -r requirements.txt (line 1))
2025-07-16T05:30:25.0785828Z #11 0.941   Downloading flask-3.1.0-py3-none-any.whl.metadata (2.7 kB)
2025-07-16T05:30:25.0787149Z #11 0.959 Collecting Flask-PyMongo==3.0.1 (from -r requirements.txt (line 2))
2025-07-16T05:30:25.0788180Z #11 0.971   Downloading flask_pymongo-3.0.1-py3-none-any.whl.metadata (3.5 kB)
2025-07-16T05:30:25.0788956Z #11 1.023 Collecting pytest==8.2.1 (from -r requirements.txt (line 3))
2025-07-16T05:30:25.2370981Z #11 1.034   Downloading pytest-8.2.1-py3-none-any.whl.metadata (7.6 kB)
2025-07-16T05:30:25.2371550Z #11 1.051 Collecting blinker==1.9.0 (from -r requirements.txt (line 4))
2025-07-16T05:30:25.2372030Z #11 1.061   Downloading blinker-1.9.0-py3-none-any.whl.metadata (1.6 kB)
2025-07-16T05:30:25.2372567Z #11 1.082 Collecting certifi==2025.7.14 (from -r requirements.txt (line 5))
2025-07-16T05:30:25.2373066Z #11 1.092   Downloading certifi-2025.7.14-py3-none-any.whl.metadata (2.4 kB)
2025-07-16T05:30:25.2373607Z #11 1.182 Collecting charset-normalizer==3.4.2 (from -r requirements.txt (line 6))
2025-07-16T05:30:25.3413435Z #11 1.193   Downloading charset_normalizer-3.4.2-cp310-cp310-manylinux_2_17_x86_64.manylinux2014_x86_64.whl.metadata (35 kB)
2025-07-16T05:30:25.3414537Z #11 1.219 Collecting click==8.2.1 (from -r requirements.txt (line 7))
2025-07-16T05:30:25.3415279Z #11 1.231   Downloading click-8.2.1-py3-none-any.whl.metadata (2.5 kB)
2025-07-16T05:30:25.3416050Z #11 1.246 Collecting dnspython==2.7.0 (from -r requirements.txt (line 8))
2025-07-16T05:30:25.3417141Z #11 1.256   Downloading dnspython-2.7.0-py3-none-any.whl.metadata (5.8 kB)
2025-07-16T05:30:25.3417898Z #11 1.276 Collecting idna==3.10 (from -r requirements.txt (line 9))
2025-07-16T05:30:25.3418595Z #11 1.286   Downloading idna-3.10-py3-none-any.whl.metadata (10 kB)
2025-07-16T05:30:25.4529719Z #11 1.302 Collecting itsdangerous==2.2.0 (from -r requirements.txt (line 10))
2025-07-16T05:30:25.4530478Z #11 1.312   Downloading itsdangerous-2.2.0-py3-none-any.whl.metadata (1.9 kB)
2025-07-16T05:30:25.4531107Z #11 1.329 Collecting Jinja2==3.1.6 (from -r requirements.txt (line 11))
2025-07-16T05:30:25.4531707Z #11 1.341   Downloading jinja2-3.1.6-py3-none-any.whl.metadata (2.9 kB)
2025-07-16T05:30:25.4532306Z #11 1.398 Collecting MarkupSafe==3.0.2 (from -r requirements.txt (line 12))
2025-07-16T05:30:25.6400743Z #11 1.409   Downloading MarkupSafe-3.0.2-cp310-cp310-manylinux_2_17_x86_64.manylinux2014_x86_64.whl.metadata (4.0 kB)
2025-07-16T05:30:25.6401430Z #11 1.424 Collecting paho-mqtt==2.1.0 (from -r requirements.txt (line 13))
2025-07-16T05:30:25.6401933Z #11 1.434   Downloading paho_mqtt-2.1.0-py3-none-any.whl.metadata (23 kB)
2025-07-16T05:30:25.8039019Z #11 1.749 Collecting pymongo==4.13.2 (from -r requirements.txt (line 14))
2025-07-16T05:30:25.9262234Z #11 1.760   Downloading pymongo-4.13.2-cp310-cp310-manylinux_2_17_x86_64.manylinux2014_x86_64.whl.metadata (22 kB)
2025-07-16T05:30:25.9263303Z #11 1.784 Collecting python-dotenv==1.1.1 (from -r requirements.txt (line 15))
2025-07-16T05:30:25.9263932Z #11 1.803   Downloading python_dotenv-1.1.1-py3-none-any.whl.metadata (24 kB)
2025-07-16T05:30:25.9264434Z #11 1.834 Collecting requests==2.32.4 (from -r requirements.txt (line 16))
2025-07-16T05:30:25.9264886Z #11 1.844   Downloading requests-2.32.4-py3-none-any.whl.metadata (4.9 kB)
2025-07-16T05:30:25.9265331Z #11 1.871 Collecting urllib3==2.5.0 (from -r requirements.txt (line 17))
2025-07-16T05:30:26.0402428Z #11 1.882   Downloading urllib3-2.5.0-py3-none-any.whl.metadata (6.5 kB)
2025-07-16T05:30:26.0403314Z #11 1.907 Collecting Werkzeug==3.1.3 (from -r requirements.txt (line 18))
2025-07-16T05:30:26.0404119Z #11 1.917   Downloading werkzeug-3.1.3-py3-none-any.whl.metadata (3.7 kB)
2025-07-16T05:30:26.0404980Z #11 1.936 Collecting autodevops-cli==0.1.1 (from -r requirements.txt (line 19))
2025-07-16T05:30:26.0405872Z #11 1.947   Downloading autodevops_cli-0.1.1-py3-none-any.whl.metadata (494 bytes)
2025-07-16T05:30:26.0407022Z #11 1.960 Collecting iniconfig==2.1.0 (from -r requirements.txt (line 20))
2025-07-16T05:30:26.0408143Z #11 1.971   Downloading iniconfig-2.1.0-py3-none-any.whl.metadata (2.7 kB)
2025-07-16T05:30:26.0408923Z #11 1.985 Collecting loguru==0.7.3 (from -r requirements.txt (line 21))
2025-07-16T05:30:26.1410266Z #11 1.996   Downloading loguru-0.7.3-py3-none-any.whl.metadata (22 kB)
2025-07-16T05:30:26.1411175Z #11 2.022 Collecting markdown-it-py==3.0.0 (from -r requirements.txt (line 22))
2025-07-16T05:30:26.1412006Z #11 2.032   Downloading markdown_it_py-3.0.0-py3-none-any.whl.metadata (6.9 kB)
2025-07-16T05:30:26.1412797Z #11 2.048 Collecting mdurl==0.1.2 (from -r requirements.txt (line 23))
2025-07-16T05:30:26.1413532Z #11 2.059   Downloading mdurl-0.1.2-py3-none-any.whl.metadata (1.6 kB)
2025-07-16T05:30:26.1414301Z #11 2.075 Collecting mongomock==4.3.0 (from -r requirements.txt (line 24))
2025-07-16T05:30:26.1415111Z #11 2.086   Downloading mongomock-4.3.0-py2.py3-none-any.whl.metadata (12 kB)
2025-07-16T05:30:26.2727019Z #11 2.106 Collecting packaging==25.0 (from -r requirements.txt (line 25))
2025-07-16T05:30:26.2728117Z #11 2.116   Downloading packaging-25.0-py3-none-any.whl.metadata (3.3 kB)
2025-07-16T05:30:26.2728898Z #11 2.131 Collecting pluggy==1.6.0 (from -r requirements.txt (line 26))
2025-07-16T05:30:26.2729647Z #11 2.141   Downloading pluggy-1.6.0-py3-none-any.whl.metadata (4.8 kB)
2025-07-16T05:30:26.2730408Z #11 2.164 Collecting Pygments==2.19.2 (from -r requirements.txt (line 27))
2025-07-16T05:30:26.2731165Z #11 2.176   Downloading pygments-2.19.2-py3-none-any.whl.metadata (2.5 kB)
2025-07-16T05:30:26.2731924Z #11 2.218 Collecting pytz==2025.2 (from -r requirements.txt (line 28))
2025-07-16T05:30:26.5159246Z #11 2.228   Downloading pytz-2025.2-py2.py3-none-any.whl.metadata (22 kB)
2025-07-16T05:30:26.5161023Z #11 2.270 Collecting rich==14.0.0 (from -r requirements.txt (line 29))
2025-07-16T05:30:26.5161960Z #11 2.280   Downloading rich-14.0.0-py3-none-any.whl.metadata (18 kB)
2025-07-16T05:30:26.5162712Z #11 2.294 Collecting sentinels==1.0.0 (from -r requirements.txt (line 30))
2025-07-16T05:30:26.5163401Z #11 2.304   Downloading sentinels-1.0.0.tar.gz (4.1 kB)
2025-07-16T05:30:26.5163955Z #11 2.311   Preparing metadata (setup.py): started
2025-07-16T05:30:26.9954510Z #11 2.940   Preparing metadata (setup.py): finished with status 'done'
2025-07-16T05:30:27.1004274Z #11 2.960 Collecting sh==2.2.2 (from -r requirements.txt (line 31))
2025-07-16T05:30:27.1005134Z #11 2.971   Downloading sh-2.2.2-py3-none-any.whl.metadata (3.7 kB)
2025-07-16T05:30:27.1005797Z #11 3.016 Collecting exceptiongroup>=1.0.0rc8 (from pytest==8.2.1->-r requirements.txt (line 3))
2025-07-16T05:30:27.1006766Z #11 3.026   Downloading exceptiongroup-1.3.0-py3-none-any.whl.metadata (6.7 kB)
2025-07-16T05:30:27.1007404Z #11 3.045 Collecting tomli>=1 (from pytest==8.2.1->-r requirements.txt (line 3))
2025-07-16T05:30:27.2180252Z #11 3.055   Downloading tomli-2.2.1-py3-none-any.whl.metadata (10 kB)
2025-07-16T05:30:27.2181188Z #11 3.129 Collecting typing-extensions<5.0,>=4.0.0 (from rich==14.0.0->-r requirements.txt (line 29))
2025-07-16T05:30:27.2181802Z #11 3.140   Downloading typing_extensions-4.14.1-py3-none-any.whl.metadata (3.0 kB)
2025-07-16T05:30:27.2182268Z #11 3.163 Downloading flask-3.1.0-py3-none-any.whl (102 kB)
2025-07-16T05:30:27.3216718Z #11 3.182 Downloading flask_pymongo-3.0.1-py3-none-any.whl (11 kB)
2025-07-16T05:30:27.3217487Z #11 3.194 Downloading pytest-8.2.1-py3-none-any.whl (339 kB)
2025-07-16T05:30:27.3217944Z #11 3.214 Downloading pluggy-1.6.0-py3-none-any.whl (20 kB)
2025-07-16T05:30:27.3218374Z #11 3.224 Downloading blinker-1.9.0-py3-none-any.whl (8.5 kB)
2025-07-16T05:30:27.3218813Z #11 3.235 Downloading certifi-2025.7.14-py3-none-any.whl (162 kB)
2025-07-16T05:30:27.3219483Z #11 3.245 Downloading charset_normalizer-3.4.2-cp310-cp310-manylinux_2_17_x86_64.manylinux2014_x86_64.whl (149 kB)
2025-07-16T05:30:27.3220094Z #11 3.256 Downloading click-8.2.1-py3-none-any.whl (102 kB)
2025-07-16T05:30:27.3220520Z #11 3.267 Downloading dnspython-2.7.0-py3-none-any.whl (313 kB)
2025-07-16T05:30:27.4310771Z #11 3.278 Downloading idna-3.10-py3-none-any.whl (70 kB)
2025-07-16T05:30:27.4312036Z #11 3.289 Downloading itsdangerous-2.2.0-py3-none-any.whl (16 kB)
2025-07-16T05:30:27.4312670Z #11 3.299 Downloading jinja2-3.1.6-py3-none-any.whl (134 kB)
2025-07-16T05:30:27.4313230Z #11 3.309 Downloading MarkupSafe-3.0.2-cp310-cp310-manylinux_2_17_x86_64.manylinux2014_x86_64.whl (20 kB)
2025-07-16T05:30:27.4313787Z #11 3.320 Downloading paho_mqtt-2.1.0-py3-none-any.whl (67 kB)
2025-07-16T05:30:27.4314326Z #11 3.333 Downloading pymongo-4.13.2-cp310-cp310-manylinux_2_17_x86_64.manylinux2014_x86_64.whl (1.2 MB)
2025-07-16T05:30:27.4315138Z #11 3.345    ━━━━━━━━━━━━━━━━━━━━━━━━━━━━━━━━━━━━━━━━ 1.2/1.2 MB 97.3 MB/s eta 0:00:00
2025-07-16T05:30:27.4315564Z #11 3.356 Downloading python_dotenv-1.1.1-py3-none-any.whl (20 kB)
2025-07-16T05:30:27.4315977Z #11 3.366 Downloading requests-2.32.4-py3-none-any.whl (64 kB)
2025-07-16T05:30:27.4316637Z #11 3.376 Downloading urllib3-2.5.0-py3-none-any.whl (129 kB)
2025-07-16T05:30:27.5412180Z #11 3.387 Downloading werkzeug-3.1.3-py3-none-any.whl (224 kB)
2025-07-16T05:30:27.5412917Z #11 3.398 Downloading autodevops_cli-0.1.1-py3-none-any.whl (4.1 kB)
2025-07-16T05:30:27.5413365Z #11 3.408 Downloading iniconfig-2.1.0-py3-none-any.whl (6.0 kB)
2025-07-16T05:30:27.5413769Z #11 3.418 Downloading loguru-0.7.3-py3-none-any.whl (61 kB)
2025-07-16T05:30:27.5414188Z #11 3.428 Downloading markdown_it_py-3.0.0-py3-none-any.whl (87 kB)
2025-07-16T05:30:27.5414623Z #11 3.438 Downloading mdurl-0.1.2-py3-none-any.whl (10.0 kB)
2025-07-16T05:30:27.5415045Z #11 3.450 Downloading mongomock-4.3.0-py2.py3-none-any.whl (64 kB)
2025-07-16T05:30:27.5415458Z #11 3.460 Downloading packaging-25.0-py3-none-any.whl (66 kB)
2025-07-16T05:30:27.5416141Z #11 3.471 Downloading pygments-2.19.2-py3-none-any.whl (1.2 MB)
2025-07-16T05:30:27.5417131Z #11 3.476    ━━━━━━━━━━━━━━━━━━━━━━━━━━━━━━━━━━━━━━━━ 1.2/1.2 MB 442.0 MB/s eta 0:00:00
2025-07-16T05:30:27.5417537Z #11 3.486 Downloading pytz-2025.2-py2.py3-none-any.whl (509 kB)
2025-07-16T05:30:27.7861181Z #11 3.498 Downloading rich-14.0.0-py3-none-any.whl (243 kB)
2025-07-16T05:30:27.7861746Z #11 3.515 Downloading sh-2.2.2-py3-none-any.whl (38 kB)
2025-07-16T05:30:27.7862181Z #11 3.525 Downloading typing_extensions-4.14.1-py3-none-any.whl (43 kB)
2025-07-16T05:30:27.7862664Z #11 3.536 Downloading exceptiongroup-1.3.0-py3-none-any.whl (16 kB)
2025-07-16T05:30:27.7863072Z #11 3.546 Downloading tomli-2.2.1-py3-none-any.whl (14 kB)
2025-07-16T05:30:27.7863445Z #11 3.579 Building wheels for collected packages: sentinels
2025-07-16T05:30:27.7865221Z #11 3.580   DEPRECATION: Building 'sentinels' using the legacy setup.py bdist_wheel mechanism, which will be removed in a future version. pip 25.3 will enforce this behaviour change. A possible replacement is to use the standardized build interface by setting the `--use-pep517` option, (possibly combined with `--no-build-isolation`), or adding a `pyproject.toml` file to the source tree of 'sentinels'. Discussion can be found at https://github.com/pypa/pip/issues/6334
2025-07-16T05:30:27.7867175Z #11 3.580   Building wheel for sentinels (setup.py): started
2025-07-16T05:30:28.4349241Z #11 4.380   Building wheel for sentinels (setup.py): finished with status 'done'
2025-07-16T05:30:28.6575595Z #11 4.380   Created wheel for sentinels: filename=sentinels-1.0.0-py3-none-any.whl size=3175 sha256=2836981275cfe07709389f52216e35063a99aa1c57dd4a4fb58b319908960217
2025-07-16T05:30:28.6577529Z #11 4.380   Stored in directory: /tmp/pip-ephem-wheel-cache-ew3210bo/wheels/26/bc/eb/67e56405e0684b3d8c011cf4d18129c41be394775fd5ba2347
2025-07-16T05:30:28.6578532Z #11 4.382 Successfully built sentinels
2025-07-16T05:30:28.6580848Z #11 4.452 Installing collected packages: sentinels, pytz, urllib3, typing-extensions, tomli, sh, python-dotenv, Pygments, pluggy, paho-mqtt, packaging, mdurl, MarkupSafe, loguru, itsdangerous, iniconfig, idna, dnspython, click, charset-normalizer, certifi, blinker, Werkzeug, requests, pymongo, mongomock, markdown-it-py, Jinja2, exceptiongroup, rich, pytest, Flask, Flask-PyMongo, autodevops-cli
2025-07-16T05:30:30.7809856Z #11 6.726 
2025-07-16T05:30:30.9390631Z #11 6.733 Successfully installed Flask-3.1.0 Flask-PyMongo-3.0.1 Jinja2-3.1.6 MarkupSafe-3.0.2 Pygments-2.19.2 Werkzeug-3.1.3 autodevops-cli-0.1.1 blinker-1.9.0 certifi-2025.7.14 charset-normalizer-3.4.2 click-8.2.1 dnspython-2.7.0 exceptiongroup-1.3.0 idna-3.10 iniconfig-2.1.0 itsdangerous-2.2.0 loguru-0.7.3 markdown-it-py-3.0.0 mdurl-0.1.2 mongomock-4.3.0 packaging-25.0 paho-mqtt-2.1.0 pluggy-1.6.0 pymongo-4.13.2 pytest-8.2.1 python-dotenv-1.1.1 pytz-2025.2 requests-2.32.4 rich-14.0.0 sentinels-1.0.0 sh-2.2.2 tomli-2.2.1 typing-extensions-4.14.1 urllib3-2.5.0
2025-07-16T05:30:30.9393496Z #11 6.733 WARNING: Running pip as the 'root' user can result in broken permissions and conflicting behaviour with the system package manager, possibly rendering your system unusable. It is recommended to use a virtual environment instead: https://pip.pypa.io/warnings/venv. Use the --root-user-action option if you know what you are doing and want to suppress this warning.
2025-07-16T05:30:31.0328711Z #11 DONE 7.0s
2025-07-16T05:30:31.1841925Z 
2025-07-16T05:30:31.1842798Z #12 exporting to image
2025-07-16T05:30:31.1843457Z #12 exporting layers
2025-07-16T05:30:32.8026681Z #12 exporting layers 1.8s done
2025-07-16T05:30:32.8266209Z #12 writing image sha256:d47f1430dba225aa0113edb2b3c073aa38e45f1154a938c3557ba752f8adbff2 done
2025-07-16T05:30:32.8267490Z #12 naming to docker.io/***/flask-ci-cd-demo done
2025-07-16T05:30:32.8267984Z #12 DONE 1.8s
2025-07-16T05:30:32.8342352Z ##[group]Run docker push ***/flask-ci-cd-demo
2025-07-16T05:30:32.8342753Z [36;1mdocker push ***/flask-ci-cd-demo[0m
2025-07-16T05:30:32.8370877Z shell: /usr/bin/bash -e {0}
2025-07-16T05:30:32.8371109Z env:
2025-07-16T05:30:32.8371354Z   pythonLocation: /opt/hostedtoolcache/Python/3.10.18/x64
2025-07-16T05:30:32.8371757Z   PKG_CONFIG_PATH: /opt/hostedtoolcache/Python/3.10.18/x64/lib/pkgconfig
2025-07-16T05:30:32.8372139Z   Python_ROOT_DIR: /opt/hostedtoolcache/Python/3.10.18/x64
2025-07-16T05:30:32.8372497Z   Python2_ROOT_DIR: /opt/hostedtoolcache/Python/3.10.18/x64
2025-07-16T05:30:32.8372842Z   Python3_ROOT_DIR: /opt/hostedtoolcache/Python/3.10.18/x64
2025-07-16T05:30:32.8373203Z   LD_LIBRARY_PATH: /opt/hostedtoolcache/Python/3.10.18/x64/lib
2025-07-16T05:30:32.8373496Z ##[endgroup]
2025-07-16T05:30:32.8517171Z Using default tag: latest
2025-07-16T05:30:32.8533804Z The push refers to repository [docker.io/***/flask-ci-cd-demo]
2025-07-16T05:30:33.0427956Z 1468e7ca205b: Preparing
2025-07-16T05:30:33.0428272Z 8026d73da127: Preparing
2025-07-16T05:30:33.0428508Z 317926d0bbc8: Preparing
2025-07-16T05:30:33.0428733Z 75005653ecf8: Preparing
2025-07-16T05:30:33.0429087Z 053798d42071: Preparing
2025-07-16T05:30:33.0429451Z 31abbb538de0: Preparing
2025-07-16T05:30:33.0429721Z a2ccf7527b3c: Preparing
2025-07-16T05:30:33.0429996Z abd92ba2021e: Preparing
2025-07-16T05:30:33.0430371Z 1bb35e8b4de1: Preparing
2025-07-16T05:30:33.0430712Z 31abbb538de0: Waiting
2025-07-16T05:30:33.0431066Z a2ccf7527b3c: Waiting
2025-07-16T05:30:33.0431451Z abd92ba2021e: Waiting
2025-07-16T05:30:33.0431805Z 1bb35e8b4de1: Waiting
2025-07-16T05:30:35.3791029Z 75005653ecf8: Pushed
2025-07-16T05:30:35.7681299Z 31abbb538de0: Layer already exists
2025-07-16T05:30:36.1172948Z a2ccf7527b3c: Layer already exists
2025-07-16T05:30:36.1700038Z 8026d73da127: Pushed
2025-07-16T05:30:36.5035575Z abd92ba2021e: Layer already exists
2025-07-16T05:30:36.5318370Z 1bb35e8b4de1: Layer already exists
2025-07-16T05:30:37.2239918Z 1468e7ca205b: Pushed
2025-07-16T05:30:38.8857064Z 317926d0bbc8: Pushed
2025-07-16T05:30:50.0598483Z 053798d42071: Pushed
2025-07-16T05:30:53.3670406Z latest: digest: sha256:4d4a1d2f453017a36997ba26c422d4f2189c7a1e2f76a4b9d25e910a814752df size: 2212
2025-07-16T05:30:53.3744464Z Post job cleanup.
2025-07-16T05:30:53.6620026Z [command]/usr/bin/docker logout 
2025-07-16T05:30:53.6749683Z Removing login credentials for https://index.docker.io/v1/
2025-07-16T05:30:53.6781645Z ##[group]Post cache
2025-07-16T05:30:53.6783231Z State not set
2025-07-16T05:30:53.6784750Z ##[endgroup]
2025-07-16T05:30:53.6905053Z Post job cleanup.
2025-07-16T05:30:53.8517420Z Post job cleanup.
2025-07-16T05:30:53.9228722Z [command]/usr/bin/git version
2025-07-16T05:30:53.9262945Z git version 2.50.1
2025-07-16T05:30:53.9305519Z Temporarily overriding HOME='/home/runner/work/_temp/c8c4bb71-a953-489e-b364-1dc588336c91' before making global git config changes
2025-07-16T05:30:53.9306882Z Adding repository directory to the temporary git global config as a safe directory
2025-07-16T05:30:53.9309548Z [command]/usr/bin/git config --global --add safe.directory /home/runner/work/Devops/Devops
2025-07-16T05:30:53.9340221Z [command]/usr/bin/git config --local --name-only --get-regexp core\.sshCommand
2025-07-16T05:30:53.9368489Z [command]/usr/bin/git submodule foreach --recursive sh -c "git config --local --name-only --get-regexp 'core\.sshCommand' && git config --local --unset-all 'core.sshCommand' || :"
2025-07-16T05:30:53.9595581Z [command]/usr/bin/git config --local --name-only --get-regexp http\.https\:\/\/github\.com\/\.extraheader
2025-07-16T05:30:53.9615269Z http.https://github.com/.extraheader
2025-07-16T05:30:53.9627728Z [command]/usr/bin/git config --local --unset-all http.https://github.com/.extraheader
2025-07-16T05:30:53.9657450Z [command]/usr/bin/git submodule foreach --recursive sh -c "git config --local --name-only --get-regexp 'http\.https\:\/\/github\.com\/\.extraheader' && git config --local --unset-all 'http.https://github.com/.extraheader' || :"
2025-07-16T05:30:53.9993274Z Cleaning up orphan processes
