2025-07-16T06:08:25.6234810Z Current runner version: '2.326.0'
2025-07-16T06:08:25.6257568Z ##[group]Runner Image Provisioner
2025-07-16T06:08:25.6258530Z Hosted Compute Agent
2025-07-16T06:08:25.6259068Z Version: 20250711.363
2025-07-16T06:08:25.6259650Z Commit: 6785254374ce925a23743850c1cb91912ce5c14c
2025-07-16T06:08:25.6260412Z Build Date: 2025-07-11T20:04:25Z
2025-07-16T06:08:25.6260982Z ##[endgroup]
2025-07-16T06:08:25.6261524Z ##[group]Operating System
2025-07-16T06:08:25.6262135Z Ubuntu
2025-07-16T06:08:25.6262566Z 24.04.2
2025-07-16T06:08:25.6263224Z LTS
2025-07-16T06:08:25.6263784Z ##[endgroup]
2025-07-16T06:08:25.6264248Z ##[group]Runner Image
2025-07-16T06:08:25.6264811Z Image: ubuntu-24.04
2025-07-16T06:08:25.6265389Z Version: 20250710.1.0
2025-07-16T06:08:25.6266392Z Included Software: https://github.com/actions/runner-images/blob/ubuntu24/20250710.1/images/ubuntu/Ubuntu2404-Readme.md
2025-07-16T06:08:25.6267914Z Image Release: https://github.com/actions/runner-images/releases/tag/ubuntu24%2F20250710.1
2025-07-16T06:08:25.6268926Z ##[endgroup]
2025-07-16T06:08:25.6270040Z ##[group]GITHUB_TOKEN Permissions
2025-07-16T06:08:25.6272025Z Contents: read
2025-07-16T06:08:25.6272543Z Metadata: read
2025-07-16T06:08:25.6273412Z Packages: read
2025-07-16T06:08:25.6273943Z ##[endgroup]
2025-07-16T06:08:25.6276051Z Secret source: Actions
2025-07-16T06:08:25.6277098Z Prepare workflow directory
2025-07-16T06:08:25.6595821Z Prepare all required actions
2025-07-16T06:08:25.6632411Z Getting action download info
2025-07-16T06:08:26.1334777Z ##[group]Download immutable action package 'actions/checkout@v3'
2025-07-16T06:08:26.1335873Z Version: 3.6.0
2025-07-16T06:08:26.1336867Z Digest: sha256:942562b9c7d4b1f2557f1da21f4d3eb4eb4fd01f2ad78b2a6e187d1b193e0a0f
2025-07-16T06:08:26.1338032Z Source commit SHA: f43a0e5ff2bd294095638e18286ca9a3d1956744
2025-07-16T06:08:26.1338835Z ##[endgroup]
2025-07-16T06:08:26.2820303Z ##[group]Download immutable action package 'actions/setup-python@v4'
2025-07-16T06:08:26.2821083Z Version: 4.9.1
2025-07-16T06:08:26.2821963Z Digest: sha256:f03e505388af670b5a108629e0ba26befc08d5c62b41f46146a45fe29ae509a5
2025-07-16T06:08:26.2822900Z Source commit SHA: 7f4fc3e22c37d6ff65e88745f38bd3157c663f7c
2025-07-16T06:08:26.2823803Z ##[endgroup]
2025-07-16T06:08:26.5695831Z ##[group]Download immutable action package 'docker/login-action@v3'
2025-07-16T06:08:26.5696624Z Version: 3.4.0
2025-07-16T06:08:26.5697395Z Digest: sha256:864ebd28db095e1602e6ef999f46a4f575083ea874918fbccf0994c2a7680450
2025-07-16T06:08:26.5698366Z Source commit SHA: 74a5d142397b4f367a81961eba4e8cd7edddf772
2025-07-16T06:08:26.5699070Z ##[endgroup]
2025-07-16T06:08:27.0060718Z Complete job name: build-test-deploy
2025-07-16T06:08:27.0718131Z ##[group]Run actions/checkout@v3
2025-07-16T06:08:27.0718969Z with:
2025-07-16T06:08:27.0719370Z   repository: Dinesh-4/Devops
2025-07-16T06:08:27.0720014Z   token: ***
2025-07-16T06:08:27.0720404Z   ssh-strict: true
2025-07-16T06:08:27.0720820Z   persist-credentials: true
2025-07-16T06:08:27.0721268Z   clean: true
2025-07-16T06:08:27.0721686Z   sparse-checkout-cone-mode: true
2025-07-16T06:08:27.0722154Z   fetch-depth: 1
2025-07-16T06:08:27.0722540Z   fetch-tags: false
2025-07-16T06:08:27.0723153Z   lfs: false
2025-07-16T06:08:27.0723536Z   submodules: false
2025-07-16T06:08:27.0723958Z   set-safe-directory: true
2025-07-16T06:08:27.0724662Z ##[endgroup]
2025-07-16T06:08:27.1588012Z Syncing repository: Dinesh-4/Devops
2025-07-16T06:08:27.1590639Z ##[group]Getting Git version info
2025-07-16T06:08:27.1591815Z Working directory is '/home/runner/work/Devops/Devops'
2025-07-16T06:08:27.1593794Z [command]/usr/bin/git version
2025-07-16T06:08:27.1680093Z git version 2.50.1
2025-07-16T06:08:27.1707635Z ##[endgroup]
2025-07-16T06:08:27.1723159Z Temporarily overriding HOME='/home/runner/work/_temp/70ae0ccb-713a-43e2-b2e7-d4808ec8f003' before making global git config changes
2025-07-16T06:08:27.1725596Z Adding repository directory to the temporary git global config as a safe directory
2025-07-16T06:08:27.1727552Z [command]/usr/bin/git config --global --add safe.directory /home/runner/work/Devops/Devops
2025-07-16T06:08:27.1764369Z Deleting the contents of '/home/runner/work/Devops/Devops'
2025-07-16T06:08:27.1767600Z ##[group]Initializing the repository
2025-07-16T06:08:27.1770516Z [command]/usr/bin/git init /home/runner/work/Devops/Devops
2025-07-16T06:08:27.1866548Z hint: Using 'master' as the name for the initial branch. This default branch name
2025-07-16T06:08:27.1867966Z hint: is subject to change. To configure the initial branch name to use in all
2025-07-16T06:08:27.1869044Z hint: of your new repositories, which will suppress this warning, call:
2025-07-16T06:08:27.1870233Z hint:
2025-07-16T06:08:27.1870776Z hint: 	git config --global init.defaultBranch <name>
2025-07-16T06:08:27.1871676Z hint:
2025-07-16T06:08:27.1872882Z hint: Names commonly chosen instead of 'master' are 'main', 'trunk' and
2025-07-16T06:08:27.1874779Z hint: 'development'. The just-created branch can be renamed via this command:
2025-07-16T06:08:27.1876090Z hint:
2025-07-16T06:08:27.1876878Z hint: 	git branch -m <name>
2025-07-16T06:08:27.1877711Z hint:
2025-07-16T06:08:27.1878723Z hint: Disable this message with "git config set advice.defaultBranchName false"
2025-07-16T06:08:27.1880411Z Initialized empty Git repository in /home/runner/work/Devops/Devops/.git/
2025-07-16T06:08:27.1883349Z [command]/usr/bin/git remote add origin https://github.com/Dinesh-4/Devops
2025-07-16T06:08:27.1914819Z ##[endgroup]
2025-07-16T06:08:27.1916063Z ##[group]Disabling automatic garbage collection
2025-07-16T06:08:27.1917860Z [command]/usr/bin/git config --local gc.auto 0
2025-07-16T06:08:27.1944499Z ##[endgroup]
2025-07-16T06:08:27.1945795Z ##[group]Setting up auth
2025-07-16T06:08:27.1950406Z [command]/usr/bin/git config --local --name-only --get-regexp core\.sshCommand
2025-07-16T06:08:27.1977696Z [command]/usr/bin/git submodule foreach --recursive sh -c "git config --local --name-only --get-regexp 'core\.sshCommand' && git config --local --unset-all 'core.sshCommand' || :"
2025-07-16T06:08:27.2330120Z [command]/usr/bin/git config --local --name-only --get-regexp http\.https\:\/\/github\.com\/\.extraheader
2025-07-16T06:08:27.2356508Z [command]/usr/bin/git submodule foreach --recursive sh -c "git config --local --name-only --get-regexp 'http\.https\:\/\/github\.com\/\.extraheader' && git config --local --unset-all 'http.https://github.com/.extraheader' || :"
2025-07-16T06:08:27.2570095Z [command]/usr/bin/git config --local http.https://github.com/.extraheader AUTHORIZATION: basic ***
2025-07-16T06:08:27.2599923Z ##[endgroup]
2025-07-16T06:08:27.2607756Z ##[group]Fetching the repository
2025-07-16T06:08:27.2609368Z [command]/usr/bin/git -c protocol.version=2 fetch --no-tags --prune --progress --no-recurse-submodules --depth=1 origin +e565348fa354c71d6aeeaf7699c9c072de1d5d35:refs/remotes/origin/main
2025-07-16T06:08:27.6247890Z remote: Enumerating objects: 4186, done.        
2025-07-16T06:08:27.6249311Z remote: Counting objects:   0% (1/4186)        
2025-07-16T06:08:27.6250600Z remote: Counting objects:   1% (42/4186)        
2025-07-16T06:08:27.6251463Z remote: Counting objects:   2% (84/4186)        
2025-07-16T06:08:27.6252345Z remote: Counting objects:   3% (126/4186)        
2025-07-16T06:08:27.6253395Z remote: Counting objects:   4% (168/4186)        
2025-07-16T06:08:27.6254244Z remote: Counting objects:   5% (210/4186)        
2025-07-16T06:08:27.6255167Z remote: Counting objects:   6% (252/4186)        
2025-07-16T06:08:27.6255932Z remote: Counting objects:   7% (294/4186)        
2025-07-16T06:08:27.6256702Z remote: Counting objects:   8% (335/4186)        
2025-07-16T06:08:27.6257482Z remote: Counting objects:   9% (377/4186)        
2025-07-16T06:08:27.6258227Z remote: Counting objects:  10% (419/4186)        
2025-07-16T06:08:27.6259021Z remote: Counting objects:  11% (461/4186)        
2025-07-16T06:08:27.6259833Z remote: Counting objects:  12% (503/4186)        
2025-07-16T06:08:27.6260662Z remote: Counting objects:  13% (545/4186)        
2025-07-16T06:08:27.6261497Z remote: Counting objects:  14% (587/4186)        
2025-07-16T06:08:27.6262594Z remote: Counting objects:  15% (628/4186)        
2025-07-16T06:08:27.6263659Z remote: Counting objects:  16% (670/4186)        
2025-07-16T06:08:27.6264542Z remote: Counting objects:  17% (712/4186)        
2025-07-16T06:08:27.6265456Z remote: Counting objects:  18% (754/4186)        
2025-07-16T06:08:27.6266377Z remote: Counting objects:  19% (796/4186)        
2025-07-16T06:08:27.6267324Z remote: Counting objects:  20% (838/4186)        
2025-07-16T06:08:27.6268306Z remote: Counting objects:  21% (880/4186)        
2025-07-16T06:08:27.6269345Z remote: Counting objects:  22% (921/4186)        
2025-07-16T06:08:27.6270410Z remote: Counting objects:  23% (963/4186)        
2025-07-16T06:08:27.6271485Z remote: Counting objects:  24% (1005/4186)        
2025-07-16T06:08:27.6272587Z remote: Counting objects:  25% (1047/4186)        
2025-07-16T06:08:27.6273861Z remote: Counting objects:  26% (1089/4186)        
2025-07-16T06:08:27.6274966Z remote: Counting objects:  27% (1131/4186)        
2025-07-16T06:08:27.6276148Z remote: Counting objects:  28% (1173/4186)        
2025-07-16T06:08:27.6277248Z remote: Counting objects:  29% (1214/4186)        
2025-07-16T06:08:27.6278336Z remote: Counting objects:  30% (1256/4186)        
2025-07-16T06:08:27.6279441Z remote: Counting objects:  31% (1298/4186)        
2025-07-16T06:08:27.6280543Z remote: Counting objects:  32% (1340/4186)        
2025-07-16T06:08:27.6281636Z remote: Counting objects:  33% (1382/4186)        
2025-07-16T06:08:27.6282738Z remote: Counting objects:  34% (1424/4186)        
2025-07-16T06:08:27.6284085Z remote: Counting objects:  35% (1466/4186)        
2025-07-16T06:08:27.6285186Z remote: Counting objects:  36% (1507/4186)        
2025-07-16T06:08:27.6286287Z remote: Counting objects:  37% (1549/4186)        
2025-07-16T06:08:27.6287388Z remote: Counting objects:  38% (1591/4186)        
2025-07-16T06:08:27.6288476Z remote: Counting objects:  39% (1633/4186)        
2025-07-16T06:08:27.6289568Z remote: Counting objects:  40% (1675/4186)        
2025-07-16T06:08:27.6290664Z remote: Counting objects:  41% (1717/4186)        
2025-07-16T06:08:27.6291730Z remote: Counting objects:  42% (1759/4186)        
2025-07-16T06:08:27.6293394Z remote: Counting objects:  43% (1800/4186)        
2025-07-16T06:08:27.6295175Z remote: Counting objects:  44% (1842/4186)        
2025-07-16T06:08:27.6296919Z remote: Counting objects:  45% (1884/4186)        
2025-07-16T06:08:27.6298160Z remote: Counting objects:  46% (1926/4186)        
2025-07-16T06:08:27.6299207Z remote: Counting objects:  47% (1968/4186)        
2025-07-16T06:08:27.6300460Z remote: Counting objects:  48% (2010/4186)        
2025-07-16T06:08:27.6301497Z remote: Counting objects:  49% (2052/4186)        
2025-07-16T06:08:27.6302528Z remote: Counting objects:  50% (2093/4186)        
2025-07-16T06:08:27.6303743Z remote: Counting objects:  51% (2135/4186)        
2025-07-16T06:08:27.6304746Z remote: Counting objects:  52% (2177/4186)        
2025-07-16T06:08:27.6305746Z remote: Counting objects:  53% (2219/4186)        
2025-07-16T06:08:27.6306729Z remote: Counting objects:  54% (2261/4186)        
2025-07-16T06:08:27.6307711Z remote: Counting objects:  55% (2303/4186)        
2025-07-16T06:08:27.6308714Z remote: Counting objects:  56% (2345/4186)        
2025-07-16T06:08:27.6309699Z remote: Counting objects:  57% (2387/4186)        
2025-07-16T06:08:27.6310683Z remote: Counting objects:  58% (2428/4186)        
2025-07-16T06:08:27.6311646Z remote: Counting objects:  59% (2470/4186)        
2025-07-16T06:08:27.6312625Z remote: Counting objects:  60% (2512/4186)        
2025-07-16T06:08:27.6313777Z remote: Counting objects:  61% (2554/4186)        
2025-07-16T06:08:27.6314767Z remote: Counting objects:  62% (2596/4186)        
2025-07-16T06:08:27.6315748Z remote: Counting objects:  63% (2638/4186)        
2025-07-16T06:08:27.6316734Z remote: Counting objects:  64% (2680/4186)        
2025-07-16T06:08:27.6317716Z remote: Counting objects:  65% (2721/4186)        
2025-07-16T06:08:27.6318830Z remote: Counting objects:  66% (2763/4186)        
2025-07-16T06:08:27.6319803Z remote: Counting objects:  67% (2805/4186)        
2025-07-16T06:08:27.6320776Z remote: Counting objects:  68% (2847/4186)        
2025-07-16T06:08:27.6321751Z remote: Counting objects:  69% (2889/4186)        
2025-07-16T06:08:27.6322740Z remote: Counting objects:  70% (2931/4186)        
2025-07-16T06:08:27.6323979Z remote: Counting objects:  71% (2973/4186)        
2025-07-16T06:08:27.6325045Z remote: Counting objects:  72% (3014/4186)        
2025-07-16T06:08:27.6326017Z remote: Counting objects:  73% (3056/4186)        
2025-07-16T06:08:27.6327011Z remote: Counting objects:  74% (3098/4186)        
2025-07-16T06:08:27.6327993Z remote: Counting objects:  75% (3140/4186)        
2025-07-16T06:08:27.6328967Z remote: Counting objects:  76% (3182/4186)        
2025-07-16T06:08:27.6329965Z remote: Counting objects:  77% (3224/4186)        
2025-07-16T06:08:27.6330943Z remote: Counting objects:  78% (3266/4186)        
2025-07-16T06:08:27.6331934Z remote: Counting objects:  79% (3307/4186)        
2025-07-16T06:08:27.6332923Z remote: Counting objects:  80% (3349/4186)        
2025-07-16T06:08:27.6334082Z remote: Counting objects:  81% (3391/4186)        
2025-07-16T06:08:27.6335068Z remote: Counting objects:  82% (3433/4186)        
2025-07-16T06:08:27.6336055Z remote: Counting objects:  83% (3475/4186)        
2025-07-16T06:08:27.6337048Z remote: Counting objects:  84% (3517/4186)        
2025-07-16T06:08:27.6338023Z remote: Counting objects:  85% (3559/4186)        
2025-07-16T06:08:27.6339010Z remote: Counting objects:  86% (3600/4186)        
2025-07-16T06:08:27.6339991Z remote: Counting objects:  87% (3642/4186)        
2025-07-16T06:08:27.6340965Z remote: Counting objects:  88% (3684/4186)        
2025-07-16T06:08:27.6341939Z remote: Counting objects:  89% (3726/4186)        
2025-07-16T06:08:27.6342912Z remote: Counting objects:  90% (3768/4186)        
2025-07-16T06:08:27.6344096Z remote: Counting objects:  91% (3810/4186)        
2025-07-16T06:08:27.6345056Z remote: Counting objects:  92% (3852/4186)        
2025-07-16T06:08:27.6346004Z remote: Counting objects:  93% (3893/4186)        
2025-07-16T06:08:27.6347330Z remote: Counting objects:  94% (3935/4186)        
2025-07-16T06:08:27.6348881Z remote: Counting objects:  95% (3977/4186)        
2025-07-16T06:08:27.6350253Z remote: Counting objects:  96% (4019/4186)        
2025-07-16T06:08:27.6351191Z remote: Counting objects:  97% (4061/4186)        
2025-07-16T06:08:27.6352109Z remote: Counting objects:  98% (4103/4186)        
2025-07-16T06:08:27.6353660Z remote: Counting objects:  99% (4145/4186)        
2025-07-16T06:08:27.6355356Z remote: Counting objects: 100% (4186/4186)        
2025-07-16T06:08:27.6357071Z remote: Counting objects: 100% (4186/4186), done.        
2025-07-16T06:08:27.6358765Z remote: Compressing objects:   0% (1/3571)        
2025-07-16T06:08:27.6360205Z remote: Compressing objects:   1% (36/3571)        
2025-07-16T06:08:27.6361172Z remote: Compressing objects:   2% (72/3571)        
2025-07-16T06:08:27.6362119Z remote: Compressing objects:   3% (108/3571)        
2025-07-16T06:08:27.6363565Z remote: Compressing objects:   4% (143/3571)        
2025-07-16T06:08:27.6365078Z remote: Compressing objects:   5% (179/3571)        
2025-07-16T06:08:27.6366355Z remote: Compressing objects:   6% (215/3571)        
2025-07-16T06:08:27.6367282Z remote: Compressing objects:   7% (250/3571)        
2025-07-16T06:08:27.6368209Z remote: Compressing objects:   8% (286/3571)        
2025-07-16T06:08:27.6369144Z remote: Compressing objects:   9% (322/3571)        
2025-07-16T06:08:27.6370100Z remote: Compressing objects:  10% (358/3571)        
2025-07-16T06:08:27.6371042Z remote: Compressing objects:  11% (393/3571)        
2025-07-16T06:08:27.6371985Z remote: Compressing objects:  12% (429/3571)        
2025-07-16T06:08:27.6372904Z remote: Compressing objects:  13% (465/3571)        
2025-07-16T06:08:27.6374077Z remote: Compressing objects:  14% (500/3571)        
2025-07-16T06:08:27.6375199Z remote: Compressing objects:  15% (536/3571)        
2025-07-16T06:08:27.6376128Z remote: Compressing objects:  16% (572/3571)        
2025-07-16T06:08:27.6377054Z remote: Compressing objects:  17% (608/3571)        
2025-07-16T06:08:27.6377985Z remote: Compressing objects:  18% (643/3571)        
2025-07-16T06:08:27.6378912Z remote: Compressing objects:  19% (679/3571)        
2025-07-16T06:08:27.6379827Z remote: Compressing objects:  20% (715/3571)        
2025-07-16T06:08:27.6380770Z remote: Compressing objects:  21% (750/3571)        
2025-07-16T06:08:27.6381709Z remote: Compressing objects:  22% (786/3571)        
2025-07-16T06:08:27.6382625Z remote: Compressing objects:  23% (822/3571)        
2025-07-16T06:08:27.6383760Z remote: Compressing objects:  24% (858/3571)        
2025-07-16T06:08:27.6384703Z remote: Compressing objects:  25% (893/3571)        
2025-07-16T06:08:27.6385638Z remote: Compressing objects:  26% (929/3571)        
2025-07-16T06:08:27.6386572Z remote: Compressing objects:  27% (965/3571)        
2025-07-16T06:08:27.6387508Z remote: Compressing objects:  28% (1000/3571)        
2025-07-16T06:08:27.6388443Z remote: Compressing objects:  29% (1036/3571)        
2025-07-16T06:08:27.6389395Z remote: Compressing objects:  30% (1072/3571)        
2025-07-16T06:08:27.6390342Z remote: Compressing objects:  31% (1108/3571)        
2025-07-16T06:08:27.6391291Z remote: Compressing objects:  32% (1143/3571)        
2025-07-16T06:08:27.6392224Z remote: Compressing objects:  33% (1179/3571)        
2025-07-16T06:08:27.6393319Z remote: Compressing objects:  34% (1215/3571)        
2025-07-16T06:08:27.6394282Z remote: Compressing objects:  35% (1250/3571)        
2025-07-16T06:08:27.6395224Z remote: Compressing objects:  36% (1286/3571)        
2025-07-16T06:08:27.6396161Z remote: Compressing objects:  37% (1322/3571)        
2025-07-16T06:08:27.6397104Z remote: Compressing objects:  38% (1357/3571)        
2025-07-16T06:08:27.6398038Z remote: Compressing objects:  39% (1393/3571)        
2025-07-16T06:08:27.6398992Z remote: Compressing objects:  40% (1429/3571)        
2025-07-16T06:08:27.6399935Z remote: Compressing objects:  41% (1465/3571)        
2025-07-16T06:08:27.6400873Z remote: Compressing objects:  42% (1500/3571)        
2025-07-16T06:08:27.6401804Z remote: Compressing objects:  43% (1536/3571)        
2025-07-16T06:08:27.6402742Z remote: Compressing objects:  44% (1572/3571)        
2025-07-16T06:08:27.6403898Z remote: Compressing objects:  45% (1607/3571)        
2025-07-16T06:08:27.6404834Z remote: Compressing objects:  46% (1643/3571)        
2025-07-16T06:08:27.6405915Z remote: Compressing objects:  47% (1679/3571)        
2025-07-16T06:08:27.6406865Z remote: Compressing objects:  48% (1715/3571)        
2025-07-16T06:08:27.6407792Z remote: Compressing objects:  49% (1750/3571)        
2025-07-16T06:08:27.6408730Z remote: Compressing objects:  50% (1786/3571)        
2025-07-16T06:08:27.6409664Z remote: Compressing objects:  51% (1822/3571)        
2025-07-16T06:08:27.6410617Z remote: Compressing objects:  52% (1857/3571)        
2025-07-16T06:08:27.6411554Z remote: Compressing objects:  53% (1893/3571)        
2025-07-16T06:08:27.6412503Z remote: Compressing objects:  54% (1929/3571)        
2025-07-16T06:08:27.6413665Z remote: Compressing objects:  55% (1965/3571)        
2025-07-16T06:08:27.6414618Z remote: Compressing objects:  56% (2000/3571)        
2025-07-16T06:08:27.6415558Z remote: Compressing objects:  57% (2036/3571)        
2025-07-16T06:08:27.6416495Z remote: Compressing objects:  58% (2072/3571)        
2025-07-16T06:08:27.6417435Z remote: Compressing objects:  59% (2107/3571)        
2025-07-16T06:08:27.6418386Z remote: Compressing objects:  60% (2143/3571)        
2025-07-16T06:08:27.6419315Z remote: Compressing objects:  61% (2179/3571)        
2025-07-16T06:08:27.6420252Z remote: Compressing objects:  62% (2215/3571)        
2025-07-16T06:08:27.6421188Z remote: Compressing objects:  63% (2250/3571)        
2025-07-16T06:08:27.6422267Z remote: Compressing objects:  64% (2286/3571)        
2025-07-16T06:08:27.6423343Z remote: Compressing objects:  65% (2322/3571)        
2025-07-16T06:08:27.6424312Z remote: Compressing objects:  66% (2357/3571)        
2025-07-16T06:08:27.6425253Z remote: Compressing objects:  67% (2393/3571)        
2025-07-16T06:08:27.6426191Z remote: Compressing objects:  68% (2429/3571)        
2025-07-16T06:08:27.6427125Z remote: Compressing objects:  69% (2464/3571)        
2025-07-16T06:08:27.6428052Z remote: Compressing objects:  70% (2500/3571)        
2025-07-16T06:08:27.6429000Z remote: Compressing objects:  71% (2536/3571)        
2025-07-16T06:08:27.6429933Z remote: Compressing objects:  72% (2572/3571)        
2025-07-16T06:08:27.6430865Z remote: Compressing objects:  73% (2607/3571)        
2025-07-16T06:08:27.6431805Z remote: Compressing objects:  74% (2643/3571)        
2025-07-16T06:08:27.6432727Z remote: Compressing objects:  75% (2679/3571)        
2025-07-16T06:08:27.6433771Z remote: Compressing objects:  76% (2714/3571)        
2025-07-16T06:08:27.6434719Z remote: Compressing objects:  77% (2750/3571)        
2025-07-16T06:08:27.6435660Z remote: Compressing objects:  78% (2786/3571)        
2025-07-16T06:08:27.6436600Z remote: Compressing objects:  79% (2822/3571)        
2025-07-16T06:08:27.6437545Z remote: Compressing objects:  80% (2857/3571)        
2025-07-16T06:08:27.6438479Z remote: Compressing objects:  81% (2893/3571)        
2025-07-16T06:08:27.6439417Z remote: Compressing objects:  82% (2929/3571)        
2025-07-16T06:08:27.6440350Z remote: Compressing objects:  83% (2964/3571)        
2025-07-16T06:08:27.6441277Z remote: Compressing objects:  84% (3000/3571)        
2025-07-16T06:08:27.6442214Z remote: Compressing objects:  85% (3036/3571)        
2025-07-16T06:08:27.6443235Z remote: Compressing objects:  86% (3072/3571)        
2025-07-16T06:08:27.6444161Z remote: Compressing objects:  87% (3107/3571)        
2025-07-16T06:08:27.6445084Z remote: Compressing objects:  88% (3143/3571)        
2025-07-16T06:08:27.6446026Z remote: Compressing objects:  89% (3179/3571)        
2025-07-16T06:08:27.6447361Z remote: Compressing objects:  90% (3214/3571)        
2025-07-16T06:08:27.6448390Z remote: Compressing objects:  91% (3250/3571)        
2025-07-16T06:08:27.6449346Z remote: Compressing objects:  92% (3286/3571)        
2025-07-16T06:08:27.6450299Z remote: Compressing objects:  93% (3322/3571)        
2025-07-16T06:08:27.6451229Z remote: Compressing objects:  94% (3357/3571)        
2025-07-16T06:08:27.6452149Z remote: Compressing objects:  95% (3393/3571)        
2025-07-16T06:08:27.6453330Z remote: Compressing objects:  96% (3429/3571)        
2025-07-16T06:08:27.6454284Z remote: Compressing objects:  97% (3464/3571)        
2025-07-16T06:08:27.6455204Z remote: Compressing objects:  98% (3500/3571)        
2025-07-16T06:08:27.6456324Z remote: Compressing objects:  99% (3536/3571)        
2025-07-16T06:08:27.6457421Z remote: Compressing objects: 100% (3571/3571)        
2025-07-16T06:08:27.6458394Z remote: Compressing objects: 100% (3571/3571), done.        
2025-07-16T06:08:27.6635901Z Receiving objects:   0% (1/4186)
2025-07-16T06:08:27.6817046Z Receiving objects:   1% (42/4186)
2025-07-16T06:08:27.6926302Z Receiving objects:   2% (84/4186)
2025-07-16T06:08:27.7286532Z Receiving objects:   3% (126/4186)
2025-07-16T06:08:27.7365795Z Receiving objects:   4% (168/4186)
2025-07-16T06:08:27.7441395Z Receiving objects:   5% (210/4186)
2025-07-16T06:08:27.7471850Z Receiving objects:   6% (252/4186)
2025-07-16T06:08:27.7634432Z Receiving objects:   7% (294/4186)
2025-07-16T06:08:27.7656436Z Receiving objects:   8% (335/4186)
2025-07-16T06:08:27.7728645Z Receiving objects:   9% (377/4186)
2025-07-16T06:08:27.7827192Z Receiving objects:  10% (419/4186)
2025-07-16T06:08:27.7900044Z Receiving objects:  11% (461/4186)
2025-07-16T06:08:27.7939692Z Receiving objects:  12% (503/4186)
2025-07-16T06:08:27.7977940Z Receiving objects:  13% (545/4186)
2025-07-16T06:08:27.7984004Z Receiving objects:  14% (587/4186)
2025-07-16T06:08:27.7994463Z Receiving objects:  15% (628/4186)
2025-07-16T06:08:27.8003849Z Receiving objects:  16% (670/4186)
2025-07-16T06:08:27.8031345Z Receiving objects:  17% (712/4186)
2025-07-16T06:08:27.8053326Z Receiving objects:  18% (754/4186)
2025-07-16T06:08:27.8135333Z Receiving objects:  19% (796/4186)
2025-07-16T06:08:27.8181239Z Receiving objects:  20% (838/4186)
2025-07-16T06:08:27.8226681Z Receiving objects:  21% (880/4186)
2025-07-16T06:08:27.8265828Z Receiving objects:  22% (921/4186)
2025-07-16T06:08:27.8350118Z Receiving objects:  23% (963/4186)
2025-07-16T06:08:27.8388633Z Receiving objects:  24% (1005/4186)
2025-07-16T06:08:27.8404323Z Receiving objects:  25% (1047/4186)
2025-07-16T06:08:27.8418972Z Receiving objects:  26% (1089/4186)
2025-07-16T06:08:27.8431796Z Receiving objects:  27% (1131/4186)
2025-07-16T06:08:27.8445824Z Receiving objects:  28% (1173/4186)
2025-07-16T06:08:27.8482285Z Receiving objects:  29% (1214/4186)
2025-07-16T06:08:27.8514363Z Receiving objects:  30% (1256/4186)
2025-07-16T06:08:27.8550132Z Receiving objects:  31% (1298/4186)
2025-07-16T06:08:27.8584654Z Receiving objects:  32% (1340/4186)
2025-07-16T06:08:27.8612051Z Receiving objects:  33% (1382/4186)
2025-07-16T06:08:27.8647714Z Receiving objects:  34% (1424/4186)
2025-07-16T06:08:27.8670627Z Receiving objects:  35% (1466/4186)
2025-07-16T06:08:27.8696587Z Receiving objects:  36% (1507/4186)
2025-07-16T06:08:27.8745919Z Receiving objects:  37% (1549/4186)
2025-07-16T06:08:27.8778017Z Receiving objects:  38% (1591/4186)
2025-07-16T06:08:27.8908155Z Receiving objects:  39% (1633/4186)
2025-07-16T06:08:27.8930568Z Receiving objects:  40% (1675/4186)
2025-07-16T06:08:27.8980868Z Receiving objects:  41% (1717/4186)
2025-07-16T06:08:27.9019091Z Receiving objects:  42% (1759/4186)
2025-07-16T06:08:27.9058963Z Receiving objects:  43% (1800/4186)
2025-07-16T06:08:27.9138609Z Receiving objects:  44% (1842/4186)
2025-07-16T06:08:27.9189216Z Receiving objects:  45% (1884/4186)
2025-07-16T06:08:27.9219981Z Receiving objects:  46% (1926/4186)
2025-07-16T06:08:27.9254479Z Receiving objects:  47% (1968/4186)
2025-07-16T06:08:27.9329484Z Receiving objects:  48% (2010/4186)
2025-07-16T06:08:27.9375620Z Receiving objects:  49% (2052/4186)
2025-07-16T06:08:27.9403775Z Receiving objects:  50% (2093/4186)
2025-07-16T06:08:27.9441125Z Receiving objects:  51% (2135/4186)
2025-07-16T06:08:27.9495052Z Receiving objects:  52% (2177/4186)
2025-07-16T06:08:27.9561207Z Receiving objects:  53% (2219/4186)
2025-07-16T06:08:27.9596748Z Receiving objects:  54% (2261/4186)
2025-07-16T06:08:27.9638595Z Receiving objects:  55% (2303/4186)
2025-07-16T06:08:27.9661515Z Receiving objects:  56% (2345/4186)
2025-07-16T06:08:27.9713316Z Receiving objects:  57% (2387/4186)
2025-07-16T06:08:27.9739458Z Receiving objects:  58% (2428/4186)
2025-07-16T06:08:27.9758044Z Receiving objects:  59% (2470/4186)
2025-07-16T06:08:27.9779955Z Receiving objects:  60% (2512/4186)
2025-07-16T06:08:27.9837407Z Receiving objects:  61% (2554/4186)
2025-07-16T06:08:27.9881690Z Receiving objects:  62% (2596/4186)
2025-07-16T06:08:27.9927656Z Receiving objects:  63% (2638/4186)
2025-07-16T06:08:28.0079950Z Receiving objects:  64% (2680/4186)
2025-07-16T06:08:28.0127005Z Receiving objects:  65% (2721/4186)
2025-07-16T06:08:28.0175987Z Receiving objects:  66% (2763/4186)
2025-07-16T06:08:28.0234093Z Receiving objects:  67% (2805/4186)
2025-07-16T06:08:28.0288249Z Receiving objects:  68% (2847/4186)
2025-07-16T06:08:28.0326552Z Receiving objects:  69% (2889/4186)
2025-07-16T06:08:28.0387284Z Receiving objects:  70% (2931/4186)
2025-07-16T06:08:28.0435310Z Receiving objects:  71% (2973/4186)
2025-07-16T06:08:28.0472870Z Receiving objects:  72% (3014/4186)
2025-07-16T06:08:28.0494348Z Receiving objects:  73% (3056/4186)
2025-07-16T06:08:28.0510375Z Receiving objects:  74% (3098/4186)
2025-07-16T06:08:28.0521605Z Receiving objects:  75% (3140/4186)
2025-07-16T06:08:28.0544928Z Receiving objects:  76% (3182/4186)
2025-07-16T06:08:28.0598146Z Receiving objects:  77% (3224/4186)
2025-07-16T06:08:28.0702921Z Receiving objects:  78% (3266/4186)
2025-07-16T06:08:28.0746808Z Receiving objects:  79% (3307/4186)
2025-07-16T06:08:28.0796151Z Receiving objects:  80% (3349/4186)
2025-07-16T06:08:28.0824249Z Receiving objects:  81% (3391/4186)
2025-07-16T06:08:28.0848610Z Receiving objects:  82% (3433/4186)
2025-07-16T06:08:28.0854157Z Receiving objects:  83% (3475/4186)
2025-07-16T06:08:28.0861389Z Receiving objects:  84% (3517/4186)
2025-07-16T06:08:28.0869061Z Receiving objects:  85% (3559/4186)
2025-07-16T06:08:28.0875903Z Receiving objects:  86% (3600/4186)
2025-07-16T06:08:28.0881437Z Receiving objects:  87% (3642/4186)
2025-07-16T06:08:28.0888202Z Receiving objects:  88% (3684/4186)
2025-07-16T06:08:28.0892026Z Receiving objects:  89% (3726/4186)
2025-07-16T06:08:28.0898161Z Receiving objects:  90% (3768/4186)
2025-07-16T06:08:28.0916010Z Receiving objects:  91% (3810/4186)
2025-07-16T06:08:28.0922505Z Receiving objects:  92% (3852/4186)
2025-07-16T06:08:28.0946158Z Receiving objects:  93% (3893/4186)
2025-07-16T06:08:28.0952759Z Receiving objects:  94% (3935/4186)
2025-07-16T06:08:28.0997833Z Receiving objects:  95% (3977/4186)
2025-07-16T06:08:28.1021419Z Receiving objects:  96% (4019/4186)
2025-07-16T06:08:28.1077407Z Receiving objects:  97% (4061/4186)
2025-07-16T06:08:28.1111584Z Receiving objects:  98% (4103/4186)
2025-07-16T06:08:28.1148042Z Receiving objects:  99% (4145/4186)
2025-07-16T06:08:28.1149790Z remote: Total 4186 (delta 577), reused 4161 (delta 570), pack-reused 0 (from 0)        
2025-07-16T06:08:28.1166046Z Receiving objects: 100% (4186/4186)
2025-07-16T06:08:28.1167653Z Receiving objects: 100% (4186/4186), 14.20 MiB | 30.35 MiB/s, done.
2025-07-16T06:08:28.1170910Z Resolving deltas:   0% (0/577)
2025-07-16T06:08:28.1172922Z Resolving deltas:   1% (6/577)
2025-07-16T06:08:28.1174439Z Resolving deltas:   2% (12/577)
2025-07-16T06:08:28.1181012Z Resolving deltas:   3% (18/577)
2025-07-16T06:08:28.1182708Z Resolving deltas:   4% (24/577)
2025-07-16T06:08:28.1184184Z Resolving deltas:   5% (29/577)
2025-07-16T06:08:28.1185510Z Resolving deltas:   6% (35/577)
2025-07-16T06:08:28.1186768Z Resolving deltas:   7% (41/577)
2025-07-16T06:08:28.1188018Z Resolving deltas:   8% (47/577)
2025-07-16T06:08:28.1189239Z Resolving deltas:   9% (52/577)
2025-07-16T06:08:28.1192781Z Resolving deltas:  10% (58/577)
2025-07-16T06:08:28.1199711Z Resolving deltas:  11% (64/577)
2025-07-16T06:08:28.1255651Z Resolving deltas:  12% (70/577)
2025-07-16T06:08:28.1289017Z Resolving deltas:  13% (76/577)
2025-07-16T06:08:28.1292260Z Resolving deltas:  14% (81/577)
2025-07-16T06:08:28.1296597Z Resolving deltas:  15% (87/577)
2025-07-16T06:08:28.1299448Z Resolving deltas:  16% (93/577)
2025-07-16T06:08:28.1302379Z Resolving deltas:  17% (99/577)
2025-07-16T06:08:28.1303933Z Resolving deltas:  18% (104/577)
2025-07-16T06:08:28.1305238Z Resolving deltas:  19% (110/577)
2025-07-16T06:08:28.1306528Z Resolving deltas:  20% (116/577)
2025-07-16T06:08:28.1307798Z Resolving deltas:  21% (122/577)
2025-07-16T06:08:28.1309107Z Resolving deltas:  22% (127/577)
2025-07-16T06:08:28.1310380Z Resolving deltas:  23% (133/577)
2025-07-16T06:08:28.1311616Z Resolving deltas:  24% (139/577)
2025-07-16T06:08:28.1312843Z Resolving deltas:  25% (145/577)
2025-07-16T06:08:28.1313953Z Resolving deltas:  26% (151/577)
2025-07-16T06:08:28.1314819Z Resolving deltas:  27% (156/577)
2025-07-16T06:08:28.1395511Z Resolving deltas:  28% (162/577)
2025-07-16T06:08:28.1397040Z Resolving deltas:  29% (168/577)
2025-07-16T06:08:28.1398459Z Resolving deltas:  30% (174/577)
2025-07-16T06:08:28.1400715Z Resolving deltas:  31% (179/577)
2025-07-16T06:08:28.1403697Z Resolving deltas:  32% (185/577)
2025-07-16T06:08:28.1406018Z Resolving deltas:  33% (191/577)
2025-07-16T06:08:28.1407320Z Resolving deltas:  34% (197/577)
2025-07-16T06:08:28.1408586Z Resolving deltas:  35% (202/577)
2025-07-16T06:08:28.1409843Z Resolving deltas:  36% (208/577)
2025-07-16T06:08:28.1411271Z Resolving deltas:  37% (215/577)
2025-07-16T06:08:28.1412622Z Resolving deltas:  38% (220/577)
2025-07-16T06:08:28.1414460Z Resolving deltas:  39% (226/577)
2025-07-16T06:08:28.1415524Z Resolving deltas:  40% (231/577)
2025-07-16T06:08:28.1416862Z Resolving deltas:  41% (237/577)
2025-07-16T06:08:28.1417916Z Resolving deltas:  42% (243/577)
2025-07-16T06:08:28.1419227Z Resolving deltas:  43% (249/577)
2025-07-16T06:08:28.1420543Z Resolving deltas:  44% (254/577)
2025-07-16T06:08:28.1421690Z Resolving deltas:  45% (260/577)
2025-07-16T06:08:28.1422848Z Resolving deltas:  46% (266/577)
2025-07-16T06:08:28.1424867Z Resolving deltas:  47% (272/577)
2025-07-16T06:08:28.1430641Z Resolving deltas:  48% (277/577)
2025-07-16T06:08:28.1442044Z Resolving deltas:  49% (283/577)
2025-07-16T06:08:28.1445360Z Resolving deltas:  50% (289/577)
2025-07-16T06:08:28.1450320Z Resolving deltas:  51% (295/577)
2025-07-16T06:08:28.1454358Z Resolving deltas:  52% (301/577)
2025-07-16T06:08:28.1463630Z Resolving deltas:  53% (306/577)
2025-07-16T06:08:28.1470768Z Resolving deltas:  54% (312/577)
2025-07-16T06:08:28.1473098Z Resolving deltas:  55% (318/577)
2025-07-16T06:08:28.1477289Z Resolving deltas:  56% (324/577)
2025-07-16T06:08:28.1482926Z Resolving deltas:  57% (329/577)
2025-07-16T06:08:28.1484968Z Resolving deltas:  58% (335/577)
2025-07-16T06:08:28.1496938Z Resolving deltas:  59% (341/577)
2025-07-16T06:08:28.1501825Z Resolving deltas:  60% (347/577)
2025-07-16T06:08:28.1506729Z Resolving deltas:  61% (352/577)
2025-07-16T06:08:28.1509770Z Resolving deltas:  62% (358/577)
2025-07-16T06:08:28.1519811Z Resolving deltas:  63% (364/577)
2025-07-16T06:08:28.1528554Z Resolving deltas:  64% (370/577)
2025-07-16T06:08:28.1532589Z Resolving deltas:  65% (376/577)
2025-07-16T06:08:28.1538556Z Resolving deltas:  66% (382/577)
2025-07-16T06:08:28.1541511Z Resolving deltas:  67% (387/577)
2025-07-16T06:08:28.1545642Z Resolving deltas:  68% (393/577)
2025-07-16T06:08:28.1548722Z Resolving deltas:  69% (399/577)
2025-07-16T06:08:28.1556100Z Resolving deltas:  70% (404/577)
2025-07-16T06:08:28.1559142Z Resolving deltas:  71% (410/577)
2025-07-16T06:08:28.1563454Z Resolving deltas:  72% (416/577)
2025-07-16T06:08:28.1570359Z Resolving deltas:  73% (422/577)
2025-07-16T06:08:28.1573383Z Resolving deltas:  74% (427/577)
2025-07-16T06:08:28.1578263Z Resolving deltas:  75% (433/577)
2025-07-16T06:08:28.1587010Z Resolving deltas:  76% (439/577)
2025-07-16T06:08:28.1597534Z Resolving deltas:  77% (445/577)
2025-07-16T06:08:28.1599425Z Resolving deltas:  78% (452/577)
2025-07-16T06:08:28.1604666Z Resolving deltas:  79% (456/577)
2025-07-16T06:08:28.1609868Z Resolving deltas:  80% (462/577)
2025-07-16T06:08:28.1613394Z Resolving deltas:  81% (468/577)
2025-07-16T06:08:28.1616444Z Resolving deltas:  82% (474/577)
2025-07-16T06:08:28.1617790Z Resolving deltas:  83% (479/577)
2025-07-16T06:08:28.1630741Z Resolving deltas:  84% (485/577)
2025-07-16T06:08:28.1645128Z Resolving deltas:  85% (491/577)
2025-07-16T06:08:28.1648336Z Resolving deltas:  86% (497/577)
2025-07-16T06:08:28.1654971Z Resolving deltas:  87% (502/577)
2025-07-16T06:08:28.1677444Z Resolving deltas:  88% (508/577)
2025-07-16T06:08:28.1687961Z Resolving deltas:  89% (514/577)
2025-07-16T06:08:28.1692564Z Resolving deltas:  90% (521/577)
2025-07-16T06:08:28.1695133Z Resolving deltas:  91% (527/577)
2025-07-16T06:08:28.1696443Z Resolving deltas:  92% (531/577)
2025-07-16T06:08:28.1698442Z Resolving deltas:  93% (537/577)
2025-07-16T06:08:28.1699892Z Resolving deltas:  94% (543/577)
2025-07-16T06:08:28.1701231Z Resolving deltas:  95% (549/577)
2025-07-16T06:08:28.1702551Z Resolving deltas:  96% (554/577)
2025-07-16T06:08:28.1704125Z Resolving deltas:  97% (560/577)
2025-07-16T06:08:28.1705403Z Resolving deltas:  98% (566/577)
2025-07-16T06:08:28.1707024Z Resolving deltas:  99% (572/577)
2025-07-16T06:08:28.1708625Z Resolving deltas: 100% (577/577)
2025-07-16T06:08:28.1709638Z Resolving deltas: 100% (577/577), done.
2025-07-16T06:08:28.1893655Z From https://github.com/Dinesh-4/Devops
2025-07-16T06:08:28.1894970Z  * [new ref]         e565348fa354c71d6aeeaf7699c9c072de1d5d35 -> origin/main
2025-07-16T06:08:28.1922932Z ##[endgroup]
2025-07-16T06:08:28.1924399Z ##[group]Determining the checkout info
2025-07-16T06:08:28.1926102Z ##[endgroup]
2025-07-16T06:08:28.1927214Z ##[group]Checking out the ref
2025-07-16T06:08:28.1929405Z [command]/usr/bin/git checkout --progress --force -B main refs/remotes/origin/main
2025-07-16T06:08:28.5489306Z Switched to a new branch 'main'
2025-07-16T06:08:28.5494185Z branch 'main' set up to track 'origin/main'.
2025-07-16T06:08:28.5509789Z ##[endgroup]
2025-07-16T06:08:28.5545269Z [command]/usr/bin/git log -1 --format='%H'
2025-07-16T06:08:28.5566896Z 'e565348fa354c71d6aeeaf7699c9c072de1d5d35'
2025-07-16T06:08:28.5843740Z ##[group]Run actions/setup-python@v4
2025-07-16T06:08:28.5844742Z with:
2025-07-16T06:08:28.5845392Z   python-version: 3.10
2025-07-16T06:08:28.5846198Z   check-latest: false
2025-07-16T06:08:28.5847227Z   token: ***
2025-07-16T06:08:28.5847933Z   update-environment: true
2025-07-16T06:08:28.5848831Z   allow-prereleases: false
2025-07-16T06:08:28.5849700Z ##[endgroup]
2025-07-16T06:08:28.7527904Z ##[group]Installed versions
2025-07-16T06:08:28.8620168Z Successfully set up CPython (3.10.18)
2025-07-16T06:08:28.8622113Z ##[endgroup]
2025-07-16T06:08:28.8765543Z ##[group]Run python -m pip install --upgrade pip
2025-07-16T06:08:28.8766880Z [36;1mpython -m pip install --upgrade pip[0m
2025-07-16T06:08:28.8768071Z [36;1mpip install -r requirements.txt[0m
2025-07-16T06:08:28.8848006Z shell: /usr/bin/bash -e {0}
2025-07-16T06:08:28.8848854Z env:
2025-07-16T06:08:28.8849750Z   pythonLocation: /opt/hostedtoolcache/Python/3.10.18/x64
2025-07-16T06:08:28.8851396Z   PKG_CONFIG_PATH: /opt/hostedtoolcache/Python/3.10.18/x64/lib/pkgconfig
2025-07-16T06:08:28.8853200Z   Python_ROOT_DIR: /opt/hostedtoolcache/Python/3.10.18/x64
2025-07-16T06:08:28.8854624Z   Python2_ROOT_DIR: /opt/hostedtoolcache/Python/3.10.18/x64
2025-07-16T06:08:28.8856048Z   Python3_ROOT_DIR: /opt/hostedtoolcache/Python/3.10.18/x64
2025-07-16T06:08:28.8857488Z   LD_LIBRARY_PATH: /opt/hostedtoolcache/Python/3.10.18/x64/lib
2025-07-16T06:08:28.8858684Z ##[endgroup]
2025-07-16T06:08:31.0401636Z Requirement already satisfied: pip in /opt/hostedtoolcache/Python/3.10.18/x64/lib/python3.10/site-packages (25.1.1)
2025-07-16T06:08:31.6763610Z Collecting Flask==3.1.0 (from -r requirements.txt (line 1))
2025-07-16T06:08:31.7079517Z   Downloading flask-3.1.0-py3-none-any.whl.metadata (2.7 kB)
2025-07-16T06:08:31.7265103Z Collecting Flask-PyMongo==3.0.1 (from -r requirements.txt (line 2))
2025-07-16T06:08:31.7304449Z   Downloading flask_pymongo-3.0.1-py3-none-any.whl.metadata (3.5 kB)
2025-07-16T06:08:31.7812384Z Collecting pytest==8.2.1 (from -r requirements.txt (line 3))
2025-07-16T06:08:31.7855349Z   Downloading pytest-8.2.1-py3-none-any.whl.metadata (7.6 kB)
2025-07-16T06:08:31.7992659Z Collecting blinker==1.9.0 (from -r requirements.txt (line 4))
2025-07-16T06:08:31.8027435Z   Downloading blinker-1.9.0-py3-none-any.whl.metadata (1.6 kB)
2025-07-16T06:08:31.8222188Z Collecting certifi==2025.7.14 (from -r requirements.txt (line 5))
2025-07-16T06:08:31.8253934Z   Downloading certifi-2025.7.14-py3-none-any.whl.metadata (2.4 kB)
2025-07-16T06:08:31.9153821Z Collecting charset-normalizer==3.4.2 (from -r requirements.txt (line 6))
2025-07-16T06:08:31.9186715Z   Downloading charset_normalizer-3.4.2-cp310-cp310-manylinux_2_17_x86_64.manylinux2014_x86_64.whl.metadata (35 kB)
2025-07-16T06:08:31.9413649Z Collecting click==8.2.1 (from -r requirements.txt (line 7))
2025-07-16T06:08:31.9447993Z   Downloading click-8.2.1-py3-none-any.whl.metadata (2.5 kB)
2025-07-16T06:08:31.9600195Z Collecting dnspython==2.7.0 (from -r requirements.txt (line 8))
2025-07-16T06:08:31.9631953Z   Downloading dnspython-2.7.0-py3-none-any.whl.metadata (5.8 kB)
2025-07-16T06:08:31.9818243Z Collecting idna==3.10 (from -r requirements.txt (line 9))
2025-07-16T06:08:31.9849525Z   Downloading idna-3.10-py3-none-any.whl.metadata (10 kB)
2025-07-16T06:08:31.9977382Z Collecting itsdangerous==2.2.0 (from -r requirements.txt (line 10))
2025-07-16T06:08:32.0011338Z   Downloading itsdangerous-2.2.0-py3-none-any.whl.metadata (1.9 kB)
2025-07-16T06:08:32.0172645Z Collecting Jinja2==3.1.6 (from -r requirements.txt (line 11))
2025-07-16T06:08:32.0208070Z   Downloading jinja2-3.1.6-py3-none-any.whl.metadata (2.9 kB)
2025-07-16T06:08:32.0805084Z Collecting MarkupSafe==3.0.2 (from -r requirements.txt (line 12))
2025-07-16T06:08:32.0837916Z   Downloading MarkupSafe-3.0.2-cp310-cp310-manylinux_2_17_x86_64.manylinux2014_x86_64.whl.metadata (4.0 kB)
2025-07-16T06:08:32.0972208Z Collecting paho-mqtt==2.1.0 (from -r requirements.txt (line 13))
2025-07-16T06:08:32.1018845Z   Downloading paho_mqtt-2.1.0-py3-none-any.whl.metadata (23 kB)
2025-07-16T06:08:32.4344318Z Collecting pymongo==4.13.2 (from -r requirements.txt (line 14))
2025-07-16T06:08:32.4392314Z   Downloading pymongo-4.13.2-cp310-cp310-manylinux_2_17_x86_64.manylinux2014_x86_64.whl.metadata (22 kB)
2025-07-16T06:08:32.4628878Z Collecting python-dotenv==1.1.1 (from -r requirements.txt (line 15))
2025-07-16T06:08:32.4661431Z   Downloading python_dotenv-1.1.1-py3-none-any.whl.metadata (24 kB)
2025-07-16T06:08:32.4975903Z Collecting requests==2.32.4 (from -r requirements.txt (line 16))
2025-07-16T06:08:32.5007033Z   Downloading requests-2.32.4-py3-none-any.whl.metadata (4.9 kB)
2025-07-16T06:08:32.5285922Z Collecting urllib3==2.5.0 (from -r requirements.txt (line 17))
2025-07-16T06:08:32.5316352Z   Downloading urllib3-2.5.0-py3-none-any.whl.metadata (6.5 kB)
2025-07-16T06:08:32.5557824Z Collecting Werkzeug==3.1.3 (from -r requirements.txt (line 18))
2025-07-16T06:08:32.5594074Z   Downloading werkzeug-3.1.3-py3-none-any.whl.metadata (3.7 kB)
2025-07-16T06:08:32.5780836Z Collecting autodevops-cli==0.1.1 (from -r requirements.txt (line 19))
2025-07-16T06:08:32.6304111Z   Downloading autodevops_cli-0.1.1-py3-none-any.whl.metadata (494 bytes)
2025-07-16T06:08:32.6423562Z Collecting iniconfig==2.1.0 (from -r requirements.txt (line 20))
2025-07-16T06:08:32.6454391Z   Downloading iniconfig-2.1.0-py3-none-any.whl.metadata (2.7 kB)
2025-07-16T06:08:32.6607134Z Collecting loguru==0.7.3 (from -r requirements.txt (line 21))
2025-07-16T06:08:32.6636291Z   Downloading loguru-0.7.3-py3-none-any.whl.metadata (22 kB)
2025-07-16T06:08:32.6870072Z Collecting markdown-it-py==3.0.0 (from -r requirements.txt (line 22))
2025-07-16T06:08:32.6901439Z   Downloading markdown_it_py-3.0.0-py3-none-any.whl.metadata (6.9 kB)
2025-07-16T06:08:32.7053280Z Collecting mdurl==0.1.2 (from -r requirements.txt (line 23))
2025-07-16T06:08:32.7087852Z   Downloading mdurl-0.1.2-py3-none-any.whl.metadata (1.6 kB)
2025-07-16T06:08:32.7242607Z Collecting mongomock==4.3.0 (from -r requirements.txt (line 24))
2025-07-16T06:08:32.7287173Z   Downloading mongomock-4.3.0-py2.py3-none-any.whl.metadata (12 kB)
2025-07-16T06:08:32.7468626Z Collecting packaging==25.0 (from -r requirements.txt (line 25))
2025-07-16T06:08:32.7499733Z   Downloading packaging-25.0-py3-none-any.whl.metadata (3.3 kB)
2025-07-16T06:08:32.7633427Z Collecting pluggy==1.6.0 (from -r requirements.txt (line 26))
2025-07-16T06:08:32.7664765Z   Downloading pluggy-1.6.0-py3-none-any.whl.metadata (4.8 kB)
2025-07-16T06:08:32.7896232Z Collecting Pygments==2.19.2 (from -r requirements.txt (line 27))
2025-07-16T06:08:32.7926421Z   Downloading pygments-2.19.2-py3-none-any.whl.metadata (2.5 kB)
2025-07-16T06:08:32.8311610Z Collecting pytz==2025.2 (from -r requirements.txt (line 28))
2025-07-16T06:08:32.8352483Z   Downloading pytz-2025.2-py2.py3-none-any.whl.metadata (22 kB)
2025-07-16T06:08:32.8778036Z Collecting rich==14.0.0 (from -r requirements.txt (line 29))
2025-07-16T06:08:32.8811088Z   Downloading rich-14.0.0-py3-none-any.whl.metadata (18 kB)
2025-07-16T06:08:32.8937607Z Collecting sentinels==1.0.0 (from -r requirements.txt (line 30))
2025-07-16T06:08:32.8971186Z   Downloading sentinels-1.0.0.tar.gz (4.1 kB)
2025-07-16T06:08:32.9098871Z   Installing build dependencies: started
2025-07-16T06:08:33.7459386Z   Installing build dependencies: finished with status 'done'
2025-07-16T06:08:33.7467540Z   Getting requirements to build wheel: started
2025-07-16T06:08:34.0956967Z   Getting requirements to build wheel: finished with status 'done'
2025-07-16T06:08:34.0966665Z   Preparing metadata (pyproject.toml): started
2025-07-16T06:08:34.2772115Z   Preparing metadata (pyproject.toml): finished with status 'done'
2025-07-16T06:08:34.2944111Z Collecting sh==2.2.2 (from -r requirements.txt (line 31))
2025-07-16T06:08:34.2988479Z   Downloading sh-2.2.2-py3-none-any.whl.metadata (3.7 kB)
2025-07-16T06:08:34.3428736Z Collecting exceptiongroup>=1.0.0rc8 (from pytest==8.2.1->-r requirements.txt (line 3))
2025-07-16T06:08:34.3465178Z   Downloading exceptiongroup-1.3.0-py3-none-any.whl.metadata (6.7 kB)
2025-07-16T06:08:34.3636210Z Collecting tomli>=1 (from pytest==8.2.1->-r requirements.txt (line 3))
2025-07-16T06:08:34.3668261Z   Downloading tomli-2.2.1-py3-none-any.whl.metadata (10 kB)
2025-07-16T06:08:34.4445281Z Collecting typing-extensions<5.0,>=4.0.0 (from rich==14.0.0->-r requirements.txt (line 29))
2025-07-16T06:08:34.4482246Z   Downloading typing_extensions-4.14.1-py3-none-any.whl.metadata (3.0 kB)
2025-07-16T06:08:34.4660001Z Downloading flask-3.1.0-py3-none-any.whl (102 kB)
2025-07-16T06:08:34.4737379Z Downloading flask_pymongo-3.0.1-py3-none-any.whl (11 kB)
2025-07-16T06:08:34.4800838Z Downloading pytest-8.2.1-py3-none-any.whl (339 kB)
2025-07-16T06:08:34.4883309Z Downloading pluggy-1.6.0-py3-none-any.whl (20 kB)
2025-07-16T06:08:34.4946156Z Downloading blinker-1.9.0-py3-none-any.whl (8.5 kB)
2025-07-16T06:08:34.4998390Z Downloading certifi-2025.7.14-py3-none-any.whl (162 kB)
2025-07-16T06:08:34.5094558Z Downloading charset_normalizer-3.4.2-cp310-cp310-manylinux_2_17_x86_64.manylinux2014_x86_64.whl (149 kB)
2025-07-16T06:08:34.5161480Z Downloading click-8.2.1-py3-none-any.whl (102 kB)
2025-07-16T06:08:34.5225714Z Downloading dnspython-2.7.0-py3-none-any.whl (313 kB)
2025-07-16T06:08:34.5297542Z Downloading idna-3.10-py3-none-any.whl (70 kB)
2025-07-16T06:08:34.5361278Z Downloading itsdangerous-2.2.0-py3-none-any.whl (16 kB)
2025-07-16T06:08:34.5418953Z Downloading jinja2-3.1.6-py3-none-any.whl (134 kB)
2025-07-16T06:08:34.5489450Z Downloading MarkupSafe-3.0.2-cp310-cp310-manylinux_2_17_x86_64.manylinux2014_x86_64.whl (20 kB)
2025-07-16T06:08:34.5565145Z Downloading paho_mqtt-2.1.0-py3-none-any.whl (67 kB)
2025-07-16T06:08:34.5635061Z Downloading pymongo-4.13.2-cp310-cp310-manylinux_2_17_x86_64.manylinux2014_x86_64.whl (1.2 MB)
2025-07-16T06:08:34.5881969Z    ━━━━━━━━━━━━━━━━━━━━━━━━━━━━━━━━━━━━━━━━ 1.2/1.2 MB 50.1 MB/s eta 0:00:00
2025-07-16T06:08:34.5912089Z Downloading python_dotenv-1.1.1-py3-none-any.whl (20 kB)
2025-07-16T06:08:34.5967833Z Downloading requests-2.32.4-py3-none-any.whl (64 kB)
2025-07-16T06:08:34.6027480Z Downloading urllib3-2.5.0-py3-none-any.whl (129 kB)
2025-07-16T06:08:34.6089032Z Downloading werkzeug-3.1.3-py3-none-any.whl (224 kB)
2025-07-16T06:08:34.6180872Z Downloading autodevops_cli-0.1.1-py3-none-any.whl (4.1 kB)
2025-07-16T06:08:34.6248983Z Downloading iniconfig-2.1.0-py3-none-any.whl (6.0 kB)
2025-07-16T06:08:34.6311605Z Downloading loguru-0.7.3-py3-none-any.whl (61 kB)
2025-07-16T06:08:34.6382408Z Downloading markdown_it_py-3.0.0-py3-none-any.whl (87 kB)
2025-07-16T06:08:34.6452495Z Downloading mdurl-0.1.2-py3-none-any.whl (10.0 kB)
2025-07-16T06:08:34.6516228Z Downloading mongomock-4.3.0-py2.py3-none-any.whl (64 kB)
2025-07-16T06:08:34.6573316Z Downloading packaging-25.0-py3-none-any.whl (66 kB)
2025-07-16T06:08:34.6628088Z Downloading pygments-2.19.2-py3-none-any.whl (1.2 MB)
2025-07-16T06:08:34.6734358Z    ━━━━━━━━━━━━━━━━━━━━━━━━━━━━━━━━━━━━━━━━ 1.2/1.2 MB 128.3 MB/s eta 0:00:00
2025-07-16T06:08:34.6770764Z Downloading pytz-2025.2-py2.py3-none-any.whl (509 kB)
2025-07-16T06:08:34.6847733Z Downloading rich-14.0.0-py3-none-any.whl (243 kB)
2025-07-16T06:08:34.6925354Z Downloading sh-2.2.2-py3-none-any.whl (38 kB)
2025-07-16T06:08:34.6989876Z Downloading typing_extensions-4.14.1-py3-none-any.whl (43 kB)
2025-07-16T06:08:34.7073855Z Downloading exceptiongroup-1.3.0-py3-none-any.whl (16 kB)
2025-07-16T06:08:34.7126299Z Downloading tomli-2.2.1-py3-none-any.whl (14 kB)
2025-07-16T06:08:34.7498272Z Building wheels for collected packages: sentinels
2025-07-16T06:08:34.7507395Z   Building wheel for sentinels (pyproject.toml): started
2025-07-16T06:08:34.9492184Z   Building wheel for sentinels (pyproject.toml): finished with status 'done'
2025-07-16T06:08:34.9498389Z   Created wheel for sentinels: filename=sentinels-1.0.0-py3-none-any.whl size=3229 sha256=9ffa52c4ed47d2798680b3b143d5b1df50dc41a9428f8a59cfaa7a03e5529576
2025-07-16T06:08:34.9500299Z   Stored in directory: /home/runner/.cache/pip/wheels/26/bc/eb/67e56405e0684b3d8c011cf4d18129c41be394775fd5ba2347
2025-07-16T06:08:34.9516006Z Successfully built sentinels
2025-07-16T06:08:35.0258122Z Installing collected packages: sentinels, pytz, urllib3, typing-extensions, tomli, sh, python-dotenv, Pygments, pluggy, paho-mqtt, packaging, mdurl, MarkupSafe, loguru, itsdangerous, iniconfig, idna, dnspython, click, charset-normalizer, certifi, blinker, Werkzeug, requests, pymongo, mongomock, markdown-it-py, Jinja2, exceptiongroup, rich, pytest, Flask, Flask-PyMongo, autodevops-cli
2025-07-16T06:08:37.5328583Z 
2025-07-16T06:08:37.5388295Z Successfully installed Flask-3.1.0 Flask-PyMongo-3.0.1 Jinja2-3.1.6 MarkupSafe-3.0.2 Pygments-2.19.2 Werkzeug-3.1.3 autodevops-cli-0.1.1 blinker-1.9.0 certifi-2025.7.14 charset-normalizer-3.4.2 click-8.2.1 dnspython-2.7.0 exceptiongroup-1.3.0 idna-3.10 iniconfig-2.1.0 itsdangerous-2.2.0 loguru-0.7.3 markdown-it-py-3.0.0 mdurl-0.1.2 mongomock-4.3.0 packaging-25.0 paho-mqtt-2.1.0 pluggy-1.6.0 pymongo-4.13.2 pytest-8.2.1 python-dotenv-1.1.1 pytz-2025.2 requests-2.32.4 rich-14.0.0 sentinels-1.0.0 sh-2.2.2 tomli-2.2.1 typing-extensions-4.14.1 urllib3-2.5.0
2025-07-16T06:08:37.6702285Z ##[group]Run export PYTHONPATH=.
2025-07-16T06:08:37.6702592Z [36;1mexport PYTHONPATH=.[0m
2025-07-16T06:08:37.6702833Z [36;1mpytest test_main.py -v[0m
2025-07-16T06:08:37.6730918Z shell: /usr/bin/bash -e {0}
2025-07-16T06:08:37.6731135Z env:
2025-07-16T06:08:37.6731398Z   pythonLocation: /opt/hostedtoolcache/Python/3.10.18/x64
2025-07-16T06:08:37.6731815Z   PKG_CONFIG_PATH: /opt/hostedtoolcache/Python/3.10.18/x64/lib/pkgconfig
2025-07-16T06:08:37.6732218Z   Python_ROOT_DIR: /opt/hostedtoolcache/Python/3.10.18/x64
2025-07-16T06:08:37.6732560Z   Python2_ROOT_DIR: /opt/hostedtoolcache/Python/3.10.18/x64
2025-07-16T06:08:37.6732902Z   Python3_ROOT_DIR: /opt/hostedtoolcache/Python/3.10.18/x64
2025-07-16T06:08:37.6733367Z   LD_LIBRARY_PATH: /opt/hostedtoolcache/Python/3.10.18/x64/lib
2025-07-16T06:08:37.6733653Z ##[endgroup]
2025-07-16T06:08:38.0348239Z ============================= test session starts ==============================
2025-07-16T06:08:38.0349155Z platform linux -- Python 3.10.18, pytest-8.2.1, pluggy-1.6.0 -- /opt/hostedtoolcache/Python/3.10.18/x64/bin/python
2025-07-16T06:08:38.0349710Z cachedir: .pytest_cache
2025-07-16T06:08:38.0350038Z rootdir: /home/runner/work/Devops/Devops
2025-07-16T06:08:38.3194165Z collecting ... collected 7 items
2025-07-16T06:08:38.3194704Z 
2025-07-16T06:08:38.3324276Z test_main.py::test_home_page PASSED                                      [ 14%]
2025-07-16T06:08:38.3481609Z test_main.py::test_admin_dashboard PASSED                                [ 28%]
2025-07-16T06:08:38.3545438Z test_main.py::test_student_dashboard PASSED                              [ 42%]
2025-07-16T06:08:38.3587988Z test_main.py::test_generate_attendance_no_input PASSED                   [ 57%]
2025-07-16T06:08:38.3630966Z test_main.py::test_student_generate_attendance_invalid PASSED            [ 71%]
2025-07-16T06:08:38.3691111Z test_main.py::test_register_user_get PASSED                              [ 85%]
2025-07-16T06:08:38.3748985Z test_main.py::test_receive_rfid_missing PASSED                           [100%]
2025-07-16T06:08:38.3749563Z 
2025-07-16T06:08:38.3749798Z ============================== 7 passed in 0.34s ===============================
2025-07-16T06:08:38.4190483Z ##[group]Run docker/login-action@v3
2025-07-16T06:08:38.4190739Z with:
2025-07-16T06:08:38.4191250Z   username: ***
2025-07-16T06:08:38.4191492Z   password: ***
2025-07-16T06:08:38.4191664Z   ecr: auto
2025-07-16T06:08:38.4191827Z   logout: true
2025-07-16T06:08:38.4191992Z env:
2025-07-16T06:08:38.4192230Z   pythonLocation: /opt/hostedtoolcache/Python/3.10.18/x64
2025-07-16T06:08:38.4192633Z   PKG_CONFIG_PATH: /opt/hostedtoolcache/Python/3.10.18/x64/lib/pkgconfig
2025-07-16T06:08:38.4193230Z   Python_ROOT_DIR: /opt/hostedtoolcache/Python/3.10.18/x64
2025-07-16T06:08:38.4193579Z   Python2_ROOT_DIR: /opt/hostedtoolcache/Python/3.10.18/x64
2025-07-16T06:08:38.4193928Z   Python3_ROOT_DIR: /opt/hostedtoolcache/Python/3.10.18/x64
2025-07-16T06:08:38.4194281Z   LD_LIBRARY_PATH: /opt/hostedtoolcache/Python/3.10.18/x64/lib
2025-07-16T06:08:38.4194574Z ##[endgroup]
2025-07-16T06:08:38.6977062Z Logging into Docker Hub...
2025-07-16T06:08:39.4960641Z Login Succeeded!
2025-07-16T06:08:39.5087832Z ##[group]Run docker build -t ***/flask-ci-cd-demo .
2025-07-16T06:08:39.5088285Z [36;1mdocker build -t ***/flask-ci-cd-demo .[0m
2025-07-16T06:08:39.5116544Z shell: /usr/bin/bash -e {0}
2025-07-16T06:08:39.5116768Z env:
2025-07-16T06:08:39.5117029Z   pythonLocation: /opt/hostedtoolcache/Python/3.10.18/x64
2025-07-16T06:08:39.5117444Z   PKG_CONFIG_PATH: /opt/hostedtoolcache/Python/3.10.18/x64/lib/pkgconfig
2025-07-16T06:08:39.5117828Z   Python_ROOT_DIR: /opt/hostedtoolcache/Python/3.10.18/x64
2025-07-16T06:08:39.5118194Z   Python2_ROOT_DIR: /opt/hostedtoolcache/Python/3.10.18/x64
2025-07-16T06:08:39.5118556Z   Python3_ROOT_DIR: /opt/hostedtoolcache/Python/3.10.18/x64
2025-07-16T06:08:39.5118903Z   LD_LIBRARY_PATH: /opt/hostedtoolcache/Python/3.10.18/x64/lib
2025-07-16T06:08:39.5119198Z ##[endgroup]
2025-07-16T06:08:42.0666751Z #0 building with "default" instance using docker driver
2025-07-16T06:08:42.0667248Z 
2025-07-16T06:08:42.0667575Z #1 [internal] load build definition from Dockerfile
2025-07-16T06:08:42.0667998Z #1 transferring dockerfile: 798B done
2025-07-16T06:08:42.0668333Z #1 DONE 0.0s
2025-07-16T06:08:42.0668491Z 
2025-07-16T06:08:42.0668718Z #2 [internal] load metadata for docker.io/library/python:3.10-slim
2025-07-16T06:08:42.2961701Z #2 ...
2025-07-16T06:08:42.2961949Z 
2025-07-16T06:08:42.2962265Z #3 [auth] library/python:pull token for registry-1.docker.io
2025-07-16T06:08:42.2963201Z #3 DONE 0.0s
2025-07-16T06:08:42.4458708Z 
2025-07-16T06:08:42.4459400Z #2 [internal] load metadata for docker.io/library/python:3.10-slim
2025-07-16T06:08:42.9685852Z #2 DONE 1.1s
2025-07-16T06:08:43.0953406Z 
2025-07-16T06:08:43.0967981Z #4 [internal] load .dockerignore
2025-07-16T06:08:43.0969013Z #4 transferring context: 2B done
2025-07-16T06:08:43.0969803Z #4 DONE 0.0s
2025-07-16T06:08:43.0970175Z 
2025-07-16T06:08:43.0970771Z #5 [1/6] FROM docker.io/library/python:3.10-slim@sha256:9dd6774a1276178f94b0cc1fb1f0edd980825d0ea7634847af9940b1b6273c13
2025-07-16T06:08:43.0972084Z #5 resolve docker.io/library/python:3.10-slim@sha256:9dd6774a1276178f94b0cc1fb1f0edd980825d0ea7634847af9940b1b6273c13 done
2025-07-16T06:08:43.0973709Z #5 sha256:c5dbd5ba857839a0aa9db765ea519c1514a40da811b4cf08c852b72fab4379d5 1.75kB / 1.75kB done
2025-07-16T06:08:43.0992704Z #5 sha256:563dffbdc42507a70677ee28b4bb678ad9074e3c9f75e3043523a38dcdf4f553 5.37kB / 5.37kB done
2025-07-16T06:08:43.0993822Z #5 sha256:3da95a905ed546f99c4564407923a681757d89651a388ec3f1f5e9bf5ed0b39d 0B / 28.23MB 0.1s
2025-07-16T06:08:43.0994702Z #5 sha256:0ebcc011f0ec7a9a900f7366b104730396a59032e64f04f3867a75f25ed48280 0B / 3.51MB 0.1s
2025-07-16T06:08:43.0995621Z #5 sha256:92d63ec5cbeb1348bad42929919fd8e78f38d96e388b5509d2929d76ddafb48e 0B / 15.65MB 0.1s
2025-07-16T06:08:43.0996565Z #5 sha256:9dd6774a1276178f94b0cc1fb1f0edd980825d0ea7634847af9940b1b6273c13 9.13kB / 9.13kB done
2025-07-16T06:08:43.1961998Z #5 sha256:3da95a905ed546f99c4564407923a681757d89651a388ec3f1f5e9bf5ed0b39d 3.15MB / 28.23MB 0.2s
2025-07-16T06:08:43.2980381Z #5 sha256:3da95a905ed546f99c4564407923a681757d89651a388ec3f1f5e9bf5ed0b39d 8.39MB / 28.23MB 0.3s
2025-07-16T06:08:43.2984179Z #5 sha256:0ebcc011f0ec7a9a900f7366b104730396a59032e64f04f3867a75f25ed48280 1.05MB / 3.51MB 0.3s
2025-07-16T06:08:43.3982053Z #5 sha256:3da95a905ed546f99c4564407923a681757d89651a388ec3f1f5e9bf5ed0b39d 17.83MB / 28.23MB 0.4s
2025-07-16T06:08:43.3988717Z #5 sha256:0ebcc011f0ec7a9a900f7366b104730396a59032e64f04f3867a75f25ed48280 3.51MB / 3.51MB 0.3s done
2025-07-16T06:08:43.3991737Z #5 sha256:92d63ec5cbeb1348bad42929919fd8e78f38d96e388b5509d2929d76ddafb48e 6.29MB / 15.65MB 0.4s
2025-07-16T06:08:43.5014095Z #5 sha256:64b78282ca88b226c404cb8dfdee72b75eea52c9ac7380c0439b6e03992e483f 0B / 248B 0.4s
2025-07-16T06:08:43.5015233Z #5 sha256:3da95a905ed546f99c4564407923a681757d89651a388ec3f1f5e9bf5ed0b39d 23.07MB / 28.23MB 0.5s
2025-07-16T06:08:43.5016466Z #5 sha256:92d63ec5cbeb1348bad42929919fd8e78f38d96e388b5509d2929d76ddafb48e 15.65MB / 15.65MB 0.5s done
2025-07-16T06:08:43.5021137Z #5 sha256:64b78282ca88b226c404cb8dfdee72b75eea52c9ac7380c0439b6e03992e483f 248B / 248B 0.4s done
2025-07-16T06:08:43.6360866Z #5 ...
2025-07-16T06:08:43.6361163Z 
2025-07-16T06:08:43.6361490Z #6 [internal] load build context
2025-07-16T06:08:43.6361951Z #6 transferring context: 65.02MB 0.6s done
2025-07-16T06:08:43.6362353Z #6 DONE 0.6s
2025-07-16T06:08:43.6362534Z 
2025-07-16T06:08:43.6362930Z #5 [1/6] FROM docker.io/library/python:3.10-slim@sha256:9dd6774a1276178f94b0cc1fb1f0edd980825d0ea7634847af9940b1b6273c13
2025-07-16T06:08:43.6363832Z #5 sha256:3da95a905ed546f99c4564407923a681757d89651a388ec3f1f5e9bf5ed0b39d 27.26MB / 28.23MB 0.6s
2025-07-16T06:08:43.6364405Z #5 extracting sha256:3da95a905ed546f99c4564407923a681757d89651a388ec3f1f5e9bf5ed0b39d
2025-07-16T06:08:43.7381218Z #5 sha256:3da95a905ed546f99c4564407923a681757d89651a388ec3f1f5e9bf5ed0b39d 28.23MB / 28.23MB 0.6s done
2025-07-16T06:08:44.6237449Z #5 extracting sha256:3da95a905ed546f99c4564407923a681757d89651a388ec3f1f5e9bf5ed0b39d 1.0s done
2025-07-16T06:08:44.7710209Z #5 extracting sha256:0ebcc011f0ec7a9a900f7366b104730396a59032e64f04f3867a75f25ed48280 0.1s
2025-07-16T06:08:44.9266123Z #5 extracting sha256:0ebcc011f0ec7a9a900f7366b104730396a59032e64f04f3867a75f25ed48280 0.1s done
2025-07-16T06:08:45.2106515Z #5 extracting sha256:92d63ec5cbeb1348bad42929919fd8e78f38d96e388b5509d2929d76ddafb48e
2025-07-16T06:08:45.8917839Z #5 extracting sha256:92d63ec5cbeb1348bad42929919fd8e78f38d96e388b5509d2929d76ddafb48e 0.6s done
2025-07-16T06:08:45.8921902Z #5 extracting sha256:64b78282ca88b226c404cb8dfdee72b75eea52c9ac7380c0439b6e03992e483f
2025-07-16T06:08:46.0880269Z #5 extracting sha256:64b78282ca88b226c404cb8dfdee72b75eea52c9ac7380c0439b6e03992e483f done
2025-07-16T06:08:46.0880943Z #5 DONE 3.0s
2025-07-16T06:08:46.0881063Z 
2025-07-16T06:08:46.0881495Z #7 [2/6] RUN apt-get update &&     apt-get install -y --no-install-recommends     build-essential     curl     nano     git     && rm -rf /var/lib/apt/lists/*
2025-07-16T06:08:46.1055738Z #7 0.168 Get:1 http://deb.debian.org/debian bookworm InRelease [151 kB]
2025-07-16T06:08:46.2211192Z #7 0.178 Get:2 http://deb.debian.org/debian bookworm-updates InRelease [55.4 kB]
2025-07-16T06:08:46.2212178Z #7 0.179 Get:3 http://deb.debian.org/debian-security bookworm-security InRelease [48.0 kB]
2025-07-16T06:08:46.2213277Z #7 0.232 Get:4 http://deb.debian.org/debian bookworm/main amd64 Packages [8793 kB]
2025-07-16T06:08:46.2214116Z #7 0.283 Get:5 http://deb.debian.org/debian bookworm-updates/main amd64 Packages [756 B]
2025-07-16T06:08:46.4147394Z #7 0.327 Get:6 http://deb.debian.org/debian-security bookworm-security/main amd64 Packages [272 kB]
2025-07-16T06:08:46.9620121Z #7 1.024 Fetched 9320 kB in 1s (10.8 MB/s)
2025-07-16T06:08:47.3324538Z #7 1.024 Reading package lists...
2025-07-16T06:08:47.7138227Z #7 1.411 Reading package lists...
2025-07-16T06:08:47.8815503Z #7 1.785 Building dependency tree...
2025-07-16T06:08:47.8816077Z #7 1.858 Reading state information...
2025-07-16T06:08:47.8816671Z #7 1.944 The following additional packages will be installed:
2025-07-16T06:08:47.8817519Z #7 1.944   binutils binutils-common binutils-x86-64-linux-gnu bzip2 cpp cpp-12 dpkg-dev
2025-07-16T06:08:48.0330375Z #7 1.944   g++ g++-12 gcc gcc-12 git-man libasan8 libatomic1 libbinutils libbrotli1
2025-07-16T06:08:48.0331772Z #7 1.944   libc-dev-bin libc6-dev libcc1-0 libcrypt-dev libctf-nobfd0 libctf0
2025-07-16T06:08:48.0332641Z #7 1.944   libcurl3-gnutls libcurl4 libdpkg-perl liberror-perl libexpat1 libgcc-12-dev
2025-07-16T06:08:48.0333681Z #7 1.944   libgdbm-compat4 libgomp1 libgprofng0 libisl23 libitm1 libjansson4
2025-07-16T06:08:48.0334499Z #7 1.944   libldap-2.5-0 liblsan0 libmpc3 libmpfr6 libnghttp2-14 libnsl-dev libperl5.36
2025-07-16T06:08:48.0335365Z #7 1.944   libpsl5 libquadmath0 librtmp1 libsasl2-2 libsasl2-modules-db libssh2-1
2025-07-16T06:08:48.0336216Z #7 1.944   libstdc++-12-dev libtirpc-dev libtsan2 libubsan1 linux-libc-dev make patch
2025-07-16T06:08:48.0336922Z #7 1.944   perl perl-modules-5.36 rpcsvc-proto xz-utils
2025-07-16T06:08:48.0337762Z #7 1.945 Suggested packages:
2025-07-16T06:08:48.0338360Z #7 1.945   binutils-doc bzip2-doc cpp-doc gcc-12-locales cpp-12-doc debian-keyring
2025-07-16T06:08:48.0339292Z #7 1.945   g++-multilib g++-12-multilib gcc-12-doc gcc-multilib manpages-dev autoconf
2025-07-16T06:08:48.0340095Z #7 1.945   automake libtool flex bison gdb gcc-doc gcc-12-multilib gettext-base
2025-07-16T06:08:48.0340901Z #7 1.945   git-daemon-run | git-daemon-sysvinit git-doc git-email git-gui gitk gitweb
2025-07-16T06:08:48.0341754Z #7 1.945   git-cvs git-mediawiki git-svn glibc-doc gnupg | sq | sqop | pgpainless-cli
2025-07-16T06:08:48.0342577Z #7 1.945   sensible-utils bzr libstdc++-12-doc make-doc hunspell ed diffutils-doc
2025-07-16T06:08:48.0343533Z #7 1.945   perl-doc libterm-readline-gnu-perl | libterm-readline-perl-perl
2025-07-16T06:08:48.0344151Z #7 1.945   libtap-harness-archive-perl
2025-07-16T06:08:48.0344607Z #7 1.945 Recommended packages:
2025-07-16T06:08:48.0345180Z #7 1.945   fakeroot gnupg | sq | sqop | pgpainless-cli libalgorithm-merge-perl less
2025-07-16T06:08:48.0345992Z #7 1.945   ssh-client manpages manpages-dev libc-devtools libfile-fcntllock-perl
2025-07-16T06:08:48.0346813Z #7 1.945   liblocale-gettext-perl libldap-common publicsuffix libsasl2-modules
2025-07-16T06:08:48.2068393Z #7 2.269 The following NEW packages will be installed:
2025-07-16T06:08:48.2071221Z #7 2.269   binutils binutils-common binutils-x86-64-linux-gnu build-essential bzip2 cpp
2025-07-16T06:08:48.3074101Z #7 2.269   cpp-12 curl dpkg-dev g++ g++-12 gcc gcc-12 git git-man libasan8 libatomic1
2025-07-16T06:08:48.3075583Z #7 2.270   libbinutils libbrotli1 libc-dev-bin libc6-dev libcc1-0 libcrypt-dev
2025-07-16T06:08:48.3077918Z #7 2.270   libctf-nobfd0 libctf0 libcurl3-gnutls libcurl4 libdpkg-perl liberror-perl
2025-07-16T06:08:48.3080288Z #7 2.270   libexpat1 libgcc-12-dev libgdbm-compat4 libgomp1 libgprofng0 libisl23
2025-07-16T06:08:48.3080797Z #7 2.270   libitm1 libjansson4 libldap-2.5-0 liblsan0 libmpc3 libmpfr6 libnghttp2-14
2025-07-16T06:08:48.3081296Z #7 2.270   libnsl-dev libperl5.36 libpsl5 libquadmath0 librtmp1 libsasl2-2
2025-07-16T06:08:48.3081749Z #7 2.270   libsasl2-modules-db libssh2-1 libstdc++-12-dev libtirpc-dev libtsan2
2025-07-16T06:08:48.3082254Z #7 2.270   libubsan1 linux-libc-dev make nano patch perl perl-modules-5.36 rpcsvc-proto
2025-07-16T06:08:48.3084315Z #7 2.270   xz-utils
2025-07-16T06:08:48.3084610Z #7 2.293 0 upgraded, 62 newly installed, 0 to remove and 0 not upgraded.
2025-07-16T06:08:48.3084952Z #7 2.293 Need to get 85.7 MB of archives.
2025-07-16T06:08:48.3086675Z #7 2.293 After this operation, 370 MB of additional disk space will be used.
2025-07-16T06:08:48.3087254Z #7 2.293 Get:1 http://deb.debian.org/debian bookworm/main amd64 perl-modules-5.36 all 5.36.0-7+deb12u2 [2815 kB]
2025-07-16T06:08:48.3087858Z #7 2.312 Get:2 http://deb.debian.org/debian bookworm/main amd64 libgdbm-compat4 amd64 1.23-3 [48.2 kB]
2025-07-16T06:08:48.3088449Z #7 2.313 Get:3 http://deb.debian.org/debian bookworm/main amd64 libperl5.36 amd64 5.36.0-7+deb12u2 [4207 kB]
2025-07-16T06:08:48.3089010Z #7 2.329 Get:4 http://deb.debian.org/debian bookworm/main amd64 perl amd64 5.36.0-7+deb12u2 [239 kB]
2025-07-16T06:08:48.3091155Z #7 2.330 Get:5 http://deb.debian.org/debian bookworm/main amd64 nano amd64 7.2-1+deb12u1 [690 kB]
2025-07-16T06:08:48.3091681Z #7 2.334 Get:6 http://deb.debian.org/debian bookworm/main amd64 bzip2 amd64 1.0.8-5+b1 [49.8 kB]
2025-07-16T06:08:48.3092189Z #7 2.336 Get:7 http://deb.debian.org/debian bookworm/main amd64 xz-utils amd64 5.4.1-1 [471 kB]
2025-07-16T06:08:48.3092721Z #7 2.338 Get:8 http://deb.debian.org/debian bookworm/main amd64 binutils-common amd64 2.40-2 [2487 kB]
2025-07-16T06:08:48.3093503Z #7 2.347 Get:9 http://deb.debian.org/debian bookworm/main amd64 libbinutils amd64 2.40-2 [572 kB]
2025-07-16T06:08:48.3094038Z #7 2.349 Get:10 http://deb.debian.org/debian bookworm/main amd64 libctf-nobfd0 amd64 2.40-2 [153 kB]
2025-07-16T06:08:48.3094725Z #7 2.350 Get:11 http://deb.debian.org/debian bookworm/main amd64 libctf0 amd64 2.40-2 [89.8 kB]
2025-07-16T06:08:48.3095289Z #7 2.351 Get:12 http://deb.debian.org/debian bookworm/main amd64 libgprofng0 amd64 2.40-2 [812 kB]
2025-07-16T06:08:48.3097240Z #7 2.354 Get:13 http://deb.debian.org/debian bookworm/main amd64 libjansson4 amd64 2.14-2 [40.8 kB]
2025-07-16T06:08:48.3097828Z #7 2.354 Get:14 http://deb.debian.org/debian bookworm/main amd64 binutils-x86-64-linux-gnu amd64 2.40-2 [2246 kB]
2025-07-16T06:08:48.3098393Z #7 2.363 Get:15 http://deb.debian.org/debian bookworm/main amd64 binutils amd64 2.40-2 [65.0 kB]
2025-07-16T06:08:48.3100403Z #7 2.363 Get:16 http://deb.debian.org/debian bookworm/main amd64 libc-dev-bin amd64 2.36-9+deb12u10 [47.1 kB]
2025-07-16T06:08:48.3101059Z #7 2.363 Get:17 http://deb.debian.org/debian-security bookworm-security/main amd64 linux-libc-dev amd64 6.1.140-1 [2145 kB]
2025-07-16T06:08:48.3101684Z #7 2.368 Get:18 http://deb.debian.org/debian bookworm/main amd64 libcrypt-dev amd64 1:4.4.33-2 [118 kB]
2025-07-16T06:08:48.3102242Z #7 2.368 Get:19 http://deb.debian.org/debian bookworm/main amd64 libtirpc-dev amd64 1.3.3+ds-1 [191 kB]
2025-07-16T06:08:48.3102784Z #7 2.369 Get:20 http://deb.debian.org/debian bookworm/main amd64 libnsl-dev amd64 1.3.0-2 [66.4 kB]
2025-07-16T06:08:48.3104940Z #7 2.370 Get:21 http://deb.debian.org/debian bookworm/main amd64 rpcsvc-proto amd64 1.4.3-1 [63.3 kB]
2025-07-16T06:08:48.4554301Z #7 2.370 Get:22 http://deb.debian.org/debian bookworm/main amd64 libc6-dev amd64 2.36-9+deb12u10 [1903 kB]
2025-07-16T06:08:48.4555377Z #7 2.377 Get:23 http://deb.debian.org/debian bookworm/main amd64 libisl23 amd64 0.25-1.1 [683 kB]
2025-07-16T06:08:48.4556340Z #7 2.380 Get:24 http://deb.debian.org/debian bookworm/main amd64 libmpfr6 amd64 4.2.0-1 [701 kB]
2025-07-16T06:08:48.4557243Z #7 2.383 Get:25 http://deb.debian.org/debian bookworm/main amd64 libmpc3 amd64 1.3.1-1 [51.5 kB]
2025-07-16T06:08:48.4558199Z #7 2.383 Get:26 http://deb.debian.org/debian bookworm/main amd64 cpp-12 amd64 12.2.0-14+deb12u1 [9768 kB]
2025-07-16T06:08:48.4559183Z #7 2.417 Get:27 http://deb.debian.org/debian bookworm/main amd64 cpp amd64 4:12.2.0-3 [6836 B]
2025-07-16T06:08:48.4559941Z #7 2.417 Get:28 http://deb.debian.org/debian bookworm/main amd64 libcc1-0 amd64 12.2.0-14+deb12u1 [41.7 kB]
2025-07-16T06:08:48.4560626Z #7 2.418 Get:29 http://deb.debian.org/debian bookworm/main amd64 libgomp1 amd64 12.2.0-14+deb12u1 [116 kB]
2025-07-16T06:08:48.4561268Z #7 2.418 Get:30 http://deb.debian.org/debian bookworm/main amd64 libitm1 amd64 12.2.0-14+deb12u1 [26.1 kB]
2025-07-16T06:08:48.4561920Z #7 2.419 Get:31 http://deb.debian.org/debian bookworm/main amd64 libatomic1 amd64 12.2.0-14+deb12u1 [9376 B]
2025-07-16T06:08:48.4562572Z #7 2.419 Get:32 http://deb.debian.org/debian bookworm/main amd64 libasan8 amd64 12.2.0-14+deb12u1 [2193 kB]
2025-07-16T06:08:48.4563432Z #7 2.427 Get:33 http://deb.debian.org/debian bookworm/main amd64 liblsan0 amd64 12.2.0-14+deb12u1 [969 kB]
2025-07-16T06:08:48.4564093Z #7 2.431 Get:34 http://deb.debian.org/debian bookworm/main amd64 libtsan2 amd64 12.2.0-14+deb12u1 [2197 kB]
2025-07-16T06:08:48.4564739Z #7 2.439 Get:35 http://deb.debian.org/debian bookworm/main amd64 libubsan1 amd64 12.2.0-14+deb12u1 [883 kB]
2025-07-16T06:08:48.4565811Z #7 2.442 Get:36 http://deb.debian.org/debian bookworm/main amd64 libquadmath0 amd64 12.2.0-14+deb12u1 [145 kB]
2025-07-16T06:08:48.4566612Z #7 2.443 Get:37 http://deb.debian.org/debian bookworm/main amd64 libgcc-12-dev amd64 12.2.0-14+deb12u1 [2437 kB]
2025-07-16T06:08:48.4567225Z #7 2.452 Get:38 http://deb.debian.org/debian bookworm/main amd64 gcc-12 amd64 12.2.0-14+deb12u1 [19.3 MB]
2025-07-16T06:08:48.4567769Z #7 2.518 Get:39 http://deb.debian.org/debian bookworm/main amd64 gcc amd64 4:12.2.0-3 [5216 B]
2025-07-16T06:08:48.6500678Z #7 2.518 Get:40 http://deb.debian.org/debian bookworm/main amd64 libstdc++-12-dev amd64 12.2.0-14+deb12u1 [2047 kB]
2025-07-16T06:08:48.6501917Z #7 2.526 Get:41 http://deb.debian.org/debian bookworm/main amd64 g++-12 amd64 12.2.0-14+deb12u1 [10.7 MB]
2025-07-16T06:08:48.6503442Z #7 2.562 Get:42 http://deb.debian.org/debian bookworm/main amd64 g++ amd64 4:12.2.0-3 [1356 B]
2025-07-16T06:08:48.6504353Z #7 2.562 Get:43 http://deb.debian.org/debian bookworm/main amd64 make amd64 4.3-4.1 [396 kB]
2025-07-16T06:08:48.6505278Z #7 2.564 Get:44 http://deb.debian.org/debian bookworm/main amd64 libdpkg-perl all 1.21.22 [603 kB]
2025-07-16T06:08:48.6506193Z #7 2.566 Get:45 http://deb.debian.org/debian bookworm/main amd64 patch amd64 2.7.6-7 [128 kB]
2025-07-16T06:08:48.6507072Z #7 2.567 Get:46 http://deb.debian.org/debian bookworm/main amd64 dpkg-dev all 1.21.22 [1353 kB]
2025-07-16T06:08:48.6507998Z #7 2.572 Get:47 http://deb.debian.org/debian bookworm/main amd64 build-essential amd64 12.9 [7704 B]
2025-07-16T06:08:48.6508942Z #7 2.572 Get:48 http://deb.debian.org/debian bookworm/main amd64 libbrotli1 amd64 1.0.9-2+b6 [275 kB]
2025-07-16T06:08:48.6509971Z #7 2.573 Get:49 http://deb.debian.org/debian bookworm/main amd64 libsasl2-modules-db amd64 2.1.28+dfsg-10 [20.3 kB]
2025-07-16T06:08:48.6511028Z #7 2.574 Get:50 http://deb.debian.org/debian bookworm/main amd64 libsasl2-2 amd64 2.1.28+dfsg-10 [59.7 kB]
2025-07-16T06:08:48.6512074Z #7 2.574 Get:51 http://deb.debian.org/debian bookworm/main amd64 libldap-2.5-0 amd64 2.5.13+dfsg-5 [183 kB]
2025-07-16T06:08:48.6513267Z #7 2.575 Get:52 http://deb.debian.org/debian bookworm/main amd64 libnghttp2-14 amd64 1.52.0-1+deb12u2 [73.0 kB]
2025-07-16T06:08:48.6514218Z #7 2.576 Get:53 http://deb.debian.org/debian bookworm/main amd64 libpsl5 amd64 0.21.2-1 [58.7 kB]
2025-07-16T06:08:48.6514871Z #7 2.576 Get:54 http://deb.debian.org/debian bookworm/main amd64 librtmp1 amd64 2.4+20151223.gitfa8646d.1-2+b2 [60.8 kB]
2025-07-16T06:08:48.6515662Z #7 2.577 Get:55 http://deb.debian.org/debian bookworm/main amd64 libssh2-1 amd64 1.10.0-3+b1 [179 kB]
2025-07-16T06:08:48.6516613Z #7 2.578 Get:56 http://deb.debian.org/debian bookworm/main amd64 libcurl4 amd64 7.88.1-10+deb12u12 [391 kB]
2025-07-16T06:08:48.6517623Z #7 2.579 Get:57 http://deb.debian.org/debian bookworm/main amd64 curl amd64 7.88.1-10+deb12u12 [315 kB]
2025-07-16T06:08:48.6518659Z #7 2.580 Get:58 http://deb.debian.org/debian bookworm/main amd64 libcurl3-gnutls amd64 7.88.1-10+deb12u12 [386 kB]
2025-07-16T06:08:48.6519704Z #7 2.582 Get:59 http://deb.debian.org/debian bookworm/main amd64 libexpat1 amd64 2.5.0-1+deb12u1 [98.9 kB]
2025-07-16T06:08:48.6520689Z #7 2.583 Get:60 http://deb.debian.org/debian bookworm/main amd64 liberror-perl all 0.17029-2 [29.0 kB]
2025-07-16T06:08:48.6521651Z #7 2.583 Get:61 http://deb.debian.org/debian bookworm/main amd64 git-man all 1:2.39.5-0+deb12u2 [2053 kB]
2025-07-16T06:08:48.6522623Z #7 2.591 Get:62 http://deb.debian.org/debian bookworm/main amd64 git amd64 1:2.39.5-0+deb12u2 [7260 kB]
2025-07-16T06:08:48.6523702Z #7 2.712 debconf: delaying package configuration, since apt-utils is not installed
2025-07-16T06:08:48.8443376Z #7 2.733 Fetched 85.7 MB in 0s (254 MB/s)
2025-07-16T06:08:48.8445517Z #7 2.748 Selecting previously unselected package perl-modules-5.36.
2025-07-16T06:08:48.8446156Z #7 2.748 (Reading database ... 
2025-07-16T06:08:48.8446568Z (Reading database ... 5%
2025-07-16T06:08:48.8446934Z (Reading database ... 10%
2025-07-16T06:08:48.8447760Z (Reading database ... 15%
2025-07-16T06:08:48.8448125Z (Reading database ... 20%
2025-07-16T06:08:48.8448482Z (Reading database ... 25%
2025-07-16T06:08:48.8448800Z (Reading database ... 30%
2025-07-16T06:08:48.8449136Z (Reading database ... 35%
2025-07-16T06:08:48.8449484Z (Reading database ... 40%
2025-07-16T06:08:48.8449803Z (Reading database ... 45%
2025-07-16T06:08:48.8450133Z (Reading database ... 50%
2025-07-16T06:08:48.8450480Z (Reading database ... 55%
2025-07-16T06:08:48.8450821Z (Reading database ... 60%
2025-07-16T06:08:48.8451139Z (Reading database ... 65%
2025-07-16T06:08:48.8451475Z (Reading database ... 70%
2025-07-16T06:08:48.8451808Z (Reading database ... 75%
2025-07-16T06:08:48.8452157Z (Reading database ... 80%
2025-07-16T06:08:48.8452507Z (Reading database ... 85%
2025-07-16T06:08:48.8453469Z (Reading database ... 90%
2025-07-16T06:08:48.8453888Z (Reading database ... 95%
2025-07-16T06:08:48.8454242Z (Reading database ... 100%
2025-07-16T06:08:48.8454758Z (Reading database ... 6688 files and directories currently installed.)
2025-07-16T06:08:48.8455511Z #7 2.755 Preparing to unpack .../00-perl-modules-5.36_5.36.0-7+deb12u2_all.deb ...
2025-07-16T06:08:48.8456190Z #7 2.756 Unpacking perl-modules-5.36 (5.36.0-7+deb12u2) ...
2025-07-16T06:08:48.9851997Z #7 3.048 Selecting previously unselected package libgdbm-compat4:amd64.
2025-07-16T06:08:49.1641333Z #7 3.049 Preparing to unpack .../01-libgdbm-compat4_1.23-3_amd64.deb ...
2025-07-16T06:08:49.1642020Z #7 3.051 Unpacking libgdbm-compat4:amd64 (1.23-3) ...
2025-07-16T06:08:49.1642645Z #7 3.074 Selecting previously unselected package libperl5.36:amd64.
2025-07-16T06:08:49.1643575Z #7 3.075 Preparing to unpack .../02-libperl5.36_5.36.0-7+deb12u2_amd64.deb ...
2025-07-16T06:08:49.1644237Z #7 3.076 Unpacking libperl5.36:amd64 (5.36.0-7+deb12u2) ...
2025-07-16T06:08:49.3080657Z #7 3.370 Selecting previously unselected package perl.
2025-07-16T06:08:49.4155005Z #7 3.372 Preparing to unpack .../03-perl_5.36.0-7+deb12u2_amd64.deb ...
2025-07-16T06:08:49.4155662Z #7 3.378 Unpacking perl (5.36.0-7+deb12u2) ...
2025-07-16T06:08:49.4156139Z #7 3.413 Selecting previously unselected package nano.
2025-07-16T06:08:49.4156698Z #7 3.414 Preparing to unpack .../04-nano_7.2-1+deb12u1_amd64.deb ...
2025-07-16T06:08:49.4157192Z #7 3.415 Unpacking nano (7.2-1+deb12u1) ...
2025-07-16T06:08:49.4157644Z #7 3.478 Selecting previously unselected package bzip2.
2025-07-16T06:08:49.6480239Z #7 3.479 Preparing to unpack .../05-bzip2_1.0.8-5+b1_amd64.deb ...
2025-07-16T06:08:49.6481403Z #7 3.481 Unpacking bzip2 (1.0.8-5+b1) ...
2025-07-16T06:08:49.6481953Z #7 3.501 Selecting previously unselected package xz-utils.
2025-07-16T06:08:49.6482580Z #7 3.502 Preparing to unpack .../06-xz-utils_5.4.1-1_amd64.deb ...
2025-07-16T06:08:49.6483325Z #7 3.504 Unpacking xz-utils (5.4.1-1) ...
2025-07-16T06:08:49.6483948Z #7 3.558 Selecting previously unselected package binutils-common:amd64.
2025-07-16T06:08:49.6484670Z #7 3.559 Preparing to unpack .../07-binutils-common_2.40-2_amd64.deb ...
2025-07-16T06:08:49.6485292Z #7 3.560 Unpacking binutils-common:amd64 (2.40-2) ...
2025-07-16T06:08:49.6660533Z #7 3.728 Selecting previously unselected package libbinutils:amd64.
2025-07-16T06:08:49.7662503Z #7 3.730 Preparing to unpack .../08-libbinutils_2.40-2_amd64.deb ...
2025-07-16T06:08:49.7663546Z #7 3.731 Unpacking libbinutils:amd64 (2.40-2) ...
2025-07-16T06:08:49.7664198Z #7 3.793 Selecting previously unselected package libctf-nobfd0:amd64.
2025-07-16T06:08:49.7664915Z #7 3.794 Preparing to unpack .../09-libctf-nobfd0_2.40-2_amd64.deb ...
2025-07-16T06:08:49.7665410Z #7 3.795 Unpacking libctf-nobfd0:amd64 (2.40-2) ...
2025-07-16T06:08:49.7665795Z #7 3.825 Selecting previously unselected package libctf0:amd64.
2025-07-16T06:08:49.7666211Z #7 3.826 Preparing to unpack .../10-libctf0_2.40-2_amd64.deb ...
2025-07-16T06:08:49.7666591Z #7 3.829 Unpacking libctf0:amd64 (2.40-2) ...
2025-07-16T06:08:49.8679753Z #7 3.859 Selecting previously unselected package libgprofng0:amd64.
2025-07-16T06:08:49.8680683Z #7 3.860 Preparing to unpack .../11-libgprofng0_2.40-2_amd64.deb ...
2025-07-16T06:08:49.8681067Z #7 3.862 Unpacking libgprofng0:amd64 (2.40-2) ...
2025-07-16T06:08:49.8681433Z #7 3.930 Selecting previously unselected package libjansson4:amd64.
2025-07-16T06:08:50.0435433Z #7 3.932 Preparing to unpack .../12-libjansson4_2.14-2_amd64.deb ...
2025-07-16T06:08:50.0436117Z #7 3.933 Unpacking libjansson4:amd64 (2.14-2) ...
2025-07-16T06:08:50.0436702Z #7 3.953 Selecting previously unselected package binutils-x86-64-linux-gnu.
2025-07-16T06:08:50.0437261Z #7 3.954 Preparing to unpack .../13-binutils-x86-64-linux-gnu_2.40-2_amd64.deb ...
2025-07-16T06:08:50.0437738Z #7 3.956 Unpacking binutils-x86-64-linux-gnu (2.40-2) ...
2025-07-16T06:08:50.0638784Z #7 4.126 Selecting previously unselected package binutils.
2025-07-16T06:08:50.2718191Z #7 4.128 Preparing to unpack .../14-binutils_2.40-2_amd64.deb ...
2025-07-16T06:08:50.2718653Z #7 4.129 Unpacking binutils (2.40-2) ...
2025-07-16T06:08:50.2719040Z #7 4.156 Selecting previously unselected package libc-dev-bin.
2025-07-16T06:08:50.2719524Z #7 4.157 Preparing to unpack .../15-libc-dev-bin_2.36-9+deb12u10_amd64.deb ...
2025-07-16T06:08:50.2719968Z #7 4.159 Unpacking libc-dev-bin (2.36-9+deb12u10) ...
2025-07-16T06:08:50.2720396Z #7 4.181 Selecting previously unselected package linux-libc-dev:amd64.
2025-07-16T06:08:50.2721040Z #7 4.182 Preparing to unpack .../16-linux-libc-dev_6.1.140-1_amd64.deb ...
2025-07-16T06:08:50.2721614Z #7 4.184 Unpacking linux-libc-dev:amd64 (6.1.140-1) ...
2025-07-16T06:08:50.3129295Z #7 4.375 Selecting previously unselected package libcrypt-dev:amd64.
2025-07-16T06:08:50.4329460Z #7 4.377 Preparing to unpack .../17-libcrypt-dev_1%3a4.4.33-2_amd64.deb ...
2025-07-16T06:08:50.4330223Z #7 4.384 Unpacking libcrypt-dev:amd64 (1:4.4.33-2) ...
2025-07-16T06:08:50.4330684Z #7 4.409 Selecting previously unselected package libtirpc-dev:amd64.
2025-07-16T06:08:50.4331124Z #7 4.410 Preparing to unpack .../18-libtirpc-dev_1.3.3+ds-1_amd64.deb ...
2025-07-16T06:08:50.4331513Z #7 4.412 Unpacking libtirpc-dev:amd64 (1.3.3+ds-1) ...
2025-07-16T06:08:50.4331868Z #7 4.440 Selecting previously unselected package libnsl-dev:amd64.
2025-07-16T06:08:50.4332255Z #7 4.442 Preparing to unpack .../19-libnsl-dev_1.3.0-2_amd64.deb ...
2025-07-16T06:08:50.4332588Z #7 4.443 Unpacking libnsl-dev:amd64 (1.3.0-2) ...
2025-07-16T06:08:50.4332914Z #7 4.467 Selecting previously unselected package rpcsvc-proto.
2025-07-16T06:08:50.4333750Z #7 4.469 Preparing to unpack .../20-rpcsvc-proto_1.4.3-1_amd64.deb ...
2025-07-16T06:08:50.4334300Z #7 4.471 Unpacking rpcsvc-proto (1.4.3-1) ...
2025-07-16T06:08:50.4334649Z #7 4.495 Selecting previously unselected package libc6-dev:amd64.
2025-07-16T06:08:50.5808383Z #7 4.497 Preparing to unpack .../21-libc6-dev_2.36-9+deb12u10_amd64.deb ...
2025-07-16T06:08:50.5809062Z #7 4.498 Unpacking libc6-dev:amd64 (2.36-9+deb12u10) ...
2025-07-16T06:08:50.5809610Z #7 4.643 Selecting previously unselected package libisl23:amd64.
2025-07-16T06:08:50.6862072Z #7 4.645 Preparing to unpack .../22-libisl23_0.25-1.1_amd64.deb ...
2025-07-16T06:08:50.6862653Z #7 4.646 Unpacking libisl23:amd64 (0.25-1.1) ...
2025-07-16T06:08:50.6863370Z #7 4.704 Selecting previously unselected package libmpfr6:amd64.
2025-07-16T06:08:50.6863963Z #7 4.705 Preparing to unpack .../23-libmpfr6_4.2.0-1_amd64.deb ...
2025-07-16T06:08:50.6864457Z #7 4.706 Unpacking libmpfr6:amd64 (4.2.0-1) ...
2025-07-16T06:08:50.6864958Z #7 4.749 Selecting previously unselected package libmpc3:amd64.
2025-07-16T06:08:50.8609584Z #7 4.750 Preparing to unpack .../24-libmpc3_1.3.1-1_amd64.deb ...
2025-07-16T06:08:50.8610235Z #7 4.752 Unpacking libmpc3:amd64 (1.3.1-1) ...
2025-07-16T06:08:50.8610688Z #7 4.770 Selecting previously unselected package cpp-12.
2025-07-16T06:08:50.8611162Z #7 4.772 Preparing to unpack .../25-cpp-12_12.2.0-14+deb12u1_amd64.deb ...
2025-07-16T06:08:50.8611592Z #7 4.773 Unpacking cpp-12 (12.2.0-14+deb12u1) ...
2025-07-16T06:08:51.2103585Z #7 5.273 Selecting previously unselected package cpp.
2025-07-16T06:08:51.3122085Z #7 5.274 Preparing to unpack .../26-cpp_4%3a12.2.0-3_amd64.deb ...
2025-07-16T06:08:51.3122719Z #7 5.276 Unpacking cpp (4:12.2.0-3) ...
2025-07-16T06:08:51.3123407Z #7 5.295 Selecting previously unselected package libcc1-0:amd64.
2025-07-16T06:08:51.3123885Z #7 5.296 Preparing to unpack .../27-libcc1-0_12.2.0-14+deb12u1_amd64.deb ...
2025-07-16T06:08:51.3124277Z #7 5.298 Unpacking libcc1-0:amd64 (12.2.0-14+deb12u1) ...
2025-07-16T06:08:51.3124648Z #7 5.323 Selecting previously unselected package libgomp1:amd64.
2025-07-16T06:08:51.3125070Z #7 5.324 Preparing to unpack .../28-libgomp1_12.2.0-14+deb12u1_amd64.deb ...
2025-07-16T06:08:51.3125438Z #7 5.326 Unpacking libgomp1:amd64 (12.2.0-14+deb12u1) ...
2025-07-16T06:08:51.3125787Z #7 5.354 Selecting previously unselected package libitm1:amd64.
2025-07-16T06:08:51.3126421Z #7 5.355 Preparing to unpack .../29-libitm1_12.2.0-14+deb12u1_amd64.deb ...
2025-07-16T06:08:51.3126800Z #7 5.356 Unpacking libitm1:amd64 (12.2.0-14+deb12u1) ...
2025-07-16T06:08:51.3127169Z #7 5.375 Selecting previously unselected package libatomic1:amd64.
2025-07-16T06:08:51.4885052Z #7 5.376 Preparing to unpack .../30-libatomic1_12.2.0-14+deb12u1_amd64.deb ...
2025-07-16T06:08:51.4885769Z #7 5.377 Unpacking libatomic1:amd64 (12.2.0-14+deb12u1) ...
2025-07-16T06:08:51.4886208Z #7 5.397 Selecting previously unselected package libasan8:amd64.
2025-07-16T06:08:51.4886690Z #7 5.398 Preparing to unpack .../31-libasan8_12.2.0-14+deb12u1_amd64.deb ...
2025-07-16T06:08:51.4887150Z #7 5.401 Unpacking libasan8:amd64 (12.2.0-14+deb12u1) ...
2025-07-16T06:08:51.4962920Z #7 5.559 Selecting previously unselected package liblsan0:amd64.
2025-07-16T06:08:51.7355588Z #7 5.560 Preparing to unpack .../32-liblsan0_12.2.0-14+deb12u1_amd64.deb ...
2025-07-16T06:08:51.7356240Z #7 5.562 Unpacking liblsan0:amd64 (12.2.0-14+deb12u1) ...
2025-07-16T06:08:51.7356618Z #7 5.645 Selecting previously unselected package libtsan2:amd64.
2025-07-16T06:08:51.7357037Z #7 5.646 Preparing to unpack .../33-libtsan2_12.2.0-14+deb12u1_amd64.deb ...
2025-07-16T06:08:51.7357444Z #7 5.648 Unpacking libtsan2:amd64 (12.2.0-14+deb12u1) ...
2025-07-16T06:08:51.7408331Z #7 5.803 Selecting previously unselected package libubsan1:amd64.
2025-07-16T06:08:51.8500302Z #7 5.805 Preparing to unpack .../34-libubsan1_12.2.0-14+deb12u1_amd64.deb ...
2025-07-16T06:08:51.8501297Z #7 5.806 Unpacking libubsan1:amd64 (12.2.0-14+deb12u1) ...
2025-07-16T06:08:51.8501734Z #7 5.881 Selecting previously unselected package libquadmath0:amd64.
2025-07-16T06:08:51.8502172Z #7 5.883 Preparing to unpack .../35-libquadmath0_12.2.0-14+deb12u1_amd64.deb ...
2025-07-16T06:08:51.8502590Z #7 5.884 Unpacking libquadmath0:amd64 (12.2.0-14+deb12u1) ...
2025-07-16T06:08:51.8503167Z #7 5.913 Selecting previously unselected package libgcc-12-dev:amd64.
2025-07-16T06:08:52.0031175Z #7 5.914 Preparing to unpack .../36-libgcc-12-dev_12.2.0-14+deb12u1_amd64.deb ...
2025-07-16T06:08:52.0031939Z #7 5.915 Unpacking libgcc-12-dev:amd64 (12.2.0-14+deb12u1) ...
2025-07-16T06:08:52.0035937Z #7 6.066 Selecting previously unselected package gcc-12.
2025-07-16T06:08:52.1571596Z #7 6.068 Preparing to unpack .../37-gcc-12_12.2.0-14+deb12u1_amd64.deb ...
2025-07-16T06:08:52.1572617Z #7 6.069 Unpacking gcc-12 (12.2.0-14+deb12u1) ...
2025-07-16T06:08:52.6584159Z #7 6.721 Selecting previously unselected package gcc.
2025-07-16T06:08:52.8348644Z #7 6.722 Preparing to unpack .../38-gcc_4%3a12.2.0-3_amd64.deb ...
2025-07-16T06:08:52.8349117Z #7 6.724 Unpacking gcc (4:12.2.0-3) ...
2025-07-16T06:08:52.8349688Z #7 6.744 Selecting previously unselected package libstdc++-12-dev:amd64.
2025-07-16T06:08:52.8350422Z #7 6.745 Preparing to unpack .../39-libstdc++-12-dev_12.2.0-14+deb12u1_amd64.deb ...
2025-07-16T06:08:52.8350960Z #7 6.747 Unpacking libstdc++-12-dev:amd64 (12.2.0-14+deb12u1) ...
2025-07-16T06:08:52.8964159Z #7 6.959 Selecting previously unselected package g++-12.
2025-07-16T06:08:53.0500471Z #7 6.961 Preparing to unpack .../40-g++-12_12.2.0-14+deb12u1_amd64.deb ...
2025-07-16T06:08:53.0501479Z #7 6.962 Unpacking g++-12 (12.2.0-14+deb12u1) ...
2025-07-16T06:08:53.4134349Z #7 7.476 Selecting previously unselected package g++.
2025-07-16T06:08:53.5411676Z #7 7.478 Preparing to unpack .../41-g++_4%3a12.2.0-3_amd64.deb ...
2025-07-16T06:08:53.5412583Z #7 7.479 Unpacking g++ (4:12.2.0-3) ...
2025-07-16T06:08:53.5413345Z #7 7.496 Selecting previously unselected package make.
2025-07-16T06:08:53.5413910Z #7 7.498 Preparing to unpack .../42-make_4.3-4.1_amd64.deb ...
2025-07-16T06:08:53.5414433Z #7 7.499 Unpacking make (4.3-4.1) ...
2025-07-16T06:08:53.5414931Z #7 7.543 Selecting previously unselected package libdpkg-perl.
2025-07-16T06:08:53.5415546Z #7 7.545 Preparing to unpack .../43-libdpkg-perl_1.21.22_all.deb ...
2025-07-16T06:08:53.5416067Z #7 7.547 Unpacking libdpkg-perl (1.21.22) ...
2025-07-16T06:08:53.5416657Z #7 7.604 Selecting previously unselected package patch.
2025-07-16T06:08:53.6602146Z #7 7.605 Preparing to unpack .../44-patch_2.7.6-7_amd64.deb ...
2025-07-16T06:08:53.6603224Z #7 7.607 Unpacking patch (2.7.6-7) ...
2025-07-16T06:08:53.6603742Z #7 7.634 Selecting previously unselected package dpkg-dev.
2025-07-16T06:08:53.6604251Z #7 7.635 Preparing to unpack .../45-dpkg-dev_1.21.22_all.deb ...
2025-07-16T06:08:53.6604586Z #7 7.636 Unpacking dpkg-dev (1.21.22) ...
2025-07-16T06:08:53.6604922Z #7 7.723 Selecting previously unselected package build-essential.
2025-07-16T06:08:53.7871175Z #7 7.724 Preparing to unpack .../46-build-essential_12.9_amd64.deb ...
2025-07-16T06:08:53.7871829Z #7 7.726 Unpacking build-essential (12.9) ...
2025-07-16T06:08:53.7872410Z #7 7.750 Selecting previously unselected package libbrotli1:amd64.
2025-07-16T06:08:53.7873331Z #7 7.752 Preparing to unpack .../47-libbrotli1_1.0.9-2+b6_amd64.deb ...
2025-07-16T06:08:53.7873969Z #7 7.754 Unpacking libbrotli1:amd64 (1.0.9-2+b6) ...
2025-07-16T06:08:53.7874615Z #7 7.790 Selecting previously unselected package libsasl2-modules-db:amd64.
2025-07-16T06:08:53.7875217Z #7 7.792 Preparing to unpack .../48-libsasl2-modules-db_2.1.28+dfsg-10_amd64.deb ...
2025-07-16T06:08:53.7875741Z #7 7.794 Unpacking libsasl2-modules-db:amd64 (2.1.28+dfsg-10) ...
2025-07-16T06:08:53.7876203Z #7 7.819 Selecting previously unselected package libsasl2-2:amd64.
2025-07-16T06:08:53.7876681Z #7 7.821 Preparing to unpack .../49-libsasl2-2_2.1.28+dfsg-10_amd64.deb ...
2025-07-16T06:08:53.7877114Z #7 7.822 Unpacking libsasl2-2:amd64 (2.1.28+dfsg-10) ...
2025-07-16T06:08:53.7877540Z #7 7.850 Selecting previously unselected package libldap-2.5-0:amd64.
2025-07-16T06:08:53.9038156Z #7 7.851 Preparing to unpack .../50-libldap-2.5-0_2.5.13+dfsg-5_amd64.deb ...
2025-07-16T06:08:53.9038881Z #7 7.852 Unpacking libldap-2.5-0:amd64 (2.5.13+dfsg-5) ...
2025-07-16T06:08:53.9039517Z #7 7.884 Selecting previously unselected package libnghttp2-14:amd64.
2025-07-16T06:08:53.9040253Z #7 7.886 Preparing to unpack .../51-libnghttp2-14_1.52.0-1+deb12u2_amd64.deb ...
2025-07-16T06:08:53.9040917Z #7 7.887 Unpacking libnghttp2-14:amd64 (1.52.0-1+deb12u2) ...
2025-07-16T06:08:53.9041522Z #7 7.911 Selecting previously unselected package libpsl5:amd64.
2025-07-16T06:08:53.9042155Z #7 7.912 Preparing to unpack .../52-libpsl5_0.21.2-1_amd64.deb ...
2025-07-16T06:08:53.9042706Z #7 7.914 Unpacking libpsl5:amd64 (0.21.2-1) ...
2025-07-16T06:08:53.9043430Z #7 7.938 Selecting previously unselected package librtmp1:amd64.
2025-07-16T06:08:53.9044179Z #7 7.939 Preparing to unpack .../53-librtmp1_2.4+20151223.gitfa8646d.1-2+b2_amd64.deb ...
2025-07-16T06:08:53.9044937Z #7 7.942 Unpacking librtmp1:amd64 (2.4+20151223.gitfa8646d.1-2+b2) ...
2025-07-16T06:08:53.9045602Z #7 7.966 Selecting previously unselected package libssh2-1:amd64.
2025-07-16T06:08:54.0131076Z #7 7.968 Preparing to unpack .../54-libssh2-1_1.10.0-3+b1_amd64.deb ...
2025-07-16T06:08:54.0131790Z #7 7.969 Unpacking libssh2-1:amd64 (1.10.0-3+b1) ...
2025-07-16T06:08:54.0132328Z #7 7.998 Selecting previously unselected package libcurl4:amd64.
2025-07-16T06:08:54.0132795Z #7 7.999 Preparing to unpack .../55-libcurl4_7.88.1-10+deb12u12_amd64.deb ...
2025-07-16T06:08:54.0133691Z #7 8.002 Unpacking libcurl4:amd64 (7.88.1-10+deb12u12) ...
2025-07-16T06:08:54.0134046Z #7 8.040 Selecting previously unselected package curl.
2025-07-16T06:08:54.0134461Z #7 8.041 Preparing to unpack .../56-curl_7.88.1-10+deb12u12_amd64.deb ...
2025-07-16T06:08:54.0134859Z #7 8.042 Unpacking curl (7.88.1-10+deb12u12) ...
2025-07-16T06:08:54.0135249Z #7 8.076 Selecting previously unselected package libcurl3-gnutls:amd64.
2025-07-16T06:08:54.1991765Z #7 8.077 Preparing to unpack .../57-libcurl3-gnutls_7.88.1-10+deb12u12_amd64.deb ...
2025-07-16T06:08:54.1992382Z #7 8.079 Unpacking libcurl3-gnutls:amd64 (7.88.1-10+deb12u12) ...
2025-07-16T06:08:54.1992846Z #7 8.116 Selecting previously unselected package libexpat1:amd64.
2025-07-16T06:08:54.1993779Z #7 8.117 Preparing to unpack .../58-libexpat1_2.5.0-1+deb12u1_amd64.deb ...
2025-07-16T06:08:54.1994241Z #7 8.118 Unpacking libexpat1:amd64 (2.5.0-1+deb12u1) ...
2025-07-16T06:08:54.1994674Z #7 8.144 Selecting previously unselected package liberror-perl.
2025-07-16T06:08:54.1995137Z #7 8.145 Preparing to unpack .../59-liberror-perl_0.17029-2_all.deb ...
2025-07-16T06:08:54.1995546Z #7 8.147 Unpacking liberror-perl (0.17029-2) ...
2025-07-16T06:08:54.1995917Z #7 8.167 Selecting previously unselected package git-man.
2025-07-16T06:08:54.1996361Z #7 8.169 Preparing to unpack .../60-git-man_1%3a2.39.5-0+deb12u2_all.deb ...
2025-07-16T06:08:54.1996776Z #7 8.170 Unpacking git-man (1:2.39.5-0+deb12u2) ...
2025-07-16T06:08:54.1997127Z #7 8.262 Selecting previously unselected package git.
2025-07-16T06:08:54.3574419Z #7 8.263 Preparing to unpack .../61-git_1%3a2.39.5-0+deb12u2_amd64.deb ...
2025-07-16T06:08:54.3575086Z #7 8.269 Unpacking git (1:2.39.5-0+deb12u2) ...
2025-07-16T06:08:54.5356152Z #7 8.598 Setting up libexpat1:amd64 (2.5.0-1+deb12u1) ...
2025-07-16T06:08:54.6357209Z #7 8.604 Setting up libpsl5:amd64 (0.21.2-1) ...
2025-07-16T06:08:54.6357802Z #7 8.609 Setting up libbrotli1:amd64 (1.0.9-2+b6) ...
2025-07-16T06:08:54.6358368Z #7 8.615 Setting up binutils-common:amd64 (2.40-2) ...
2025-07-16T06:08:54.6358849Z #7 8.623 Setting up libnghttp2-14:amd64 (1.52.0-1+deb12u2) ...
2025-07-16T06:08:54.6359235Z #7 8.630 Setting up linux-libc-dev:amd64 (6.1.140-1) ...
2025-07-16T06:08:54.6359581Z #7 8.635 Setting up libctf-nobfd0:amd64 (2.40-2) ...
2025-07-16T06:08:54.6359935Z #7 8.641 Setting up libgomp1:amd64 (12.2.0-14+deb12u1) ...
2025-07-16T06:08:54.6360258Z #7 8.647 Setting up bzip2 (1.0.8-5+b1) ...
2025-07-16T06:08:54.6360562Z #7 8.651 Setting up libjansson4:amd64 (2.14-2) ...
2025-07-16T06:08:54.6360931Z #7 8.655 Setting up libsasl2-modules-db:amd64 (2.1.28+dfsg-10) ...
2025-07-16T06:08:54.6361342Z #7 8.659 Setting up perl-modules-5.36 (5.36.0-7+deb12u2) ...
2025-07-16T06:08:54.6361724Z #7 8.669 Setting up libtirpc-dev:amd64 (1.3.3+ds-1) ...
2025-07-16T06:08:54.6362087Z #7 8.673 Setting up rpcsvc-proto (1.4.3-1) ...
2025-07-16T06:08:54.6362396Z #7 8.676 Setting up make (4.3-4.1) ...
2025-07-16T06:08:54.6362701Z #7 8.680 Setting up libmpfr6:amd64 (4.2.0-1) ...
2025-07-16T06:08:54.6363325Z #7 8.686 Setting up librtmp1:amd64 (2.4+20151223.gitfa8646d.1-2+b2) ...
2025-07-16T06:08:54.6363717Z #7 8.692 Setting up xz-utils (5.4.1-1) ...
2025-07-16T06:08:54.6364176Z #7 8.698 update-alternatives: using /usr/bin/xz to provide /usr/bin/lzma (lzma) in auto mode
2025-07-16T06:08:54.7385150Z #7 8.704 update-alternatives: warning: skip creation of /usr/share/man/man1/lzma.1.gz because associated file /usr/share/man/man1/xz.1.gz (of link group lzma) doesn't exist
2025-07-16T06:08:54.7386678Z #7 8.704 update-alternatives: warning: skip creation of /usr/share/man/man1/unlzma.1.gz because associated file /usr/share/man/man1/unxz.1.gz (of link group lzma) doesn't exist
2025-07-16T06:08:54.7388146Z #7 8.704 update-alternatives: warning: skip creation of /usr/share/man/man1/lzcat.1.gz because associated file /usr/share/man/man1/xzcat.1.gz (of link group lzma) doesn't exist
2025-07-16T06:08:54.7389709Z #7 8.704 update-alternatives: warning: skip creation of /usr/share/man/man1/lzmore.1.gz because associated file /usr/share/man/man1/xzmore.1.gz (of link group lzma) doesn't exist
2025-07-16T06:08:54.7391124Z #7 8.704 update-alternatives: warning: skip creation of /usr/share/man/man1/lzless.1.gz because associated file /usr/share/man/man1/xzless.1.gz (of link group lzma) doesn't exist
2025-07-16T06:08:54.7392573Z #7 8.705 update-alternatives: warning: skip creation of /usr/share/man/man1/lzdiff.1.gz because associated file /usr/share/man/man1/xzdiff.1.gz (of link group lzma) doesn't exist
2025-07-16T06:08:54.7394221Z #7 8.705 update-alternatives: warning: skip creation of /usr/share/man/man1/lzcmp.1.gz because associated file /usr/share/man/man1/xzcmp.1.gz (of link group lzma) doesn't exist
2025-07-16T06:08:54.7395757Z #7 8.705 update-alternatives: warning: skip creation of /usr/share/man/man1/lzgrep.1.gz because associated file /usr/share/man/man1/xzgrep.1.gz (of link group lzma) doesn't exist
2025-07-16T06:08:54.7396981Z #7 8.705 update-alternatives: warning: skip creation of /usr/share/man/man1/lzegrep.1.gz because associated file /usr/share/man/man1/xzegrep.1.gz (of link group lzma) doesn't exist
2025-07-16T06:08:54.7398207Z #7 8.705 update-alternatives: warning: skip creation of /usr/share/man/man1/lzfgrep.1.gz because associated file /usr/share/man/man1/xzfgrep.1.gz (of link group lzma) doesn't exist
2025-07-16T06:08:54.7398934Z #7 8.710 Setting up libquadmath0:amd64 (12.2.0-14+deb12u1) ...
2025-07-16T06:08:54.7399251Z #7 8.715 Setting up libmpc3:amd64 (1.3.1-1) ...
2025-07-16T06:08:54.7399551Z #7 8.719 Setting up libatomic1:amd64 (12.2.0-14+deb12u1) ...
2025-07-16T06:08:54.7399943Z #7 8.726 Setting up patch (2.7.6-7) ...
2025-07-16T06:08:54.7400233Z #7 8.729 Setting up libgdbm-compat4:amd64 (1.23-3) ...
2025-07-16T06:08:54.7400667Z #7 8.734 Setting up libsasl2-2:amd64 (2.1.28+dfsg-10) ...
2025-07-16T06:08:54.7401035Z #7 8.738 Setting up libubsan1:amd64 (12.2.0-14+deb12u1) ...
2025-07-16T06:08:54.7401337Z #7 8.742 Setting up nano (7.2-1+deb12u1) ...
2025-07-16T06:08:54.7401751Z #7 8.746 update-alternatives: using /bin/nano to provide /usr/bin/editor (editor) in auto mode
2025-07-16T06:08:54.7402754Z #7 8.747 update-alternatives: warning: skip creation of /usr/share/man/man1/editor.1.gz because associated file /usr/share/man/man1/nano.1.gz (of link group editor) doesn't exist
2025-07-16T06:08:54.7403933Z #7 8.748 update-alternatives: using /bin/nano to provide /usr/bin/pico (pico) in auto mode
2025-07-16T06:08:54.7404724Z #7 8.748 update-alternatives: warning: skip creation of /usr/share/man/man1/pico.1.gz because associated file /usr/share/man/man1/nano.1.gz (of link group pico) doesn't exist
2025-07-16T06:08:54.7405388Z #7 8.751 Setting up libnsl-dev:amd64 (1.3.0-2) ...
2025-07-16T06:08:54.7405686Z #7 8.755 Setting up libcrypt-dev:amd64 (1:4.4.33-2) ...
2025-07-16T06:08:54.7406125Z #7 8.764 Setting up libasan8:amd64 (12.2.0-14+deb12u1) ...
2025-07-16T06:08:54.7406429Z #7 8.769 Setting up git-man (1:2.39.5-0+deb12u2) ...
2025-07-16T06:08:54.7406719Z #7 8.773 Setting up libssh2-1:amd64 (1.10.0-3+b1) ...
2025-07-16T06:08:54.7407021Z #7 8.776 Setting up libtsan2:amd64 (12.2.0-14+deb12u1) ...
2025-07-16T06:08:54.7407466Z #7 8.780 Setting up libbinutils:amd64 (2.40-2) ...
2025-07-16T06:08:54.7407744Z #7 8.784 Setting up libisl23:amd64 (0.25-1.1) ...
2025-07-16T06:08:54.7408035Z #7 8.788 Setting up libc-dev-bin (2.36-9+deb12u10) ...
2025-07-16T06:08:54.7408336Z #7 8.793 Setting up libcc1-0:amd64 (12.2.0-14+deb12u1) ...
2025-07-16T06:08:54.7408650Z #7 8.797 Setting up libperl5.36:amd64 (5.36.0-7+deb12u2) ...
2025-07-16T06:08:54.7408952Z #7 8.801 Setting up liblsan0:amd64 (12.2.0-14+deb12u1) ...
2025-07-16T06:08:54.8410037Z #7 8.804 Setting up libitm1:amd64 (12.2.0-14+deb12u1) ...
2025-07-16T06:08:54.8410628Z #7 8.808 Setting up libctf0:amd64 (2.40-2) ...
2025-07-16T06:08:54.8411158Z #7 8.815 Setting up cpp-12 (12.2.0-14+deb12u1) ...
2025-07-16T06:08:54.8411585Z #7 8.819 Setting up libldap-2.5-0:amd64 (2.5.13+dfsg-5) ...
2025-07-16T06:08:54.8412200Z #7 8.823 Setting up perl (5.36.0-7+deb12u2) ...
2025-07-16T06:08:54.8412533Z #7 8.836 Setting up libgprofng0:amd64 (2.40-2) ...
2025-07-16T06:08:54.8412929Z #7 8.842 Setting up libgcc-12-dev:amd64 (12.2.0-14+deb12u1) ...
2025-07-16T06:08:54.8413750Z #7 8.848 Setting up libdpkg-perl (1.21.22) ...
2025-07-16T06:08:54.8414257Z #7 8.852 Setting up cpp (4:12.2.0-3) ...
2025-07-16T06:08:54.8414677Z #7 8.861 Setting up libcurl4:amd64 (7.88.1-10+deb12u12) ...
2025-07-16T06:08:54.8415066Z #7 8.866 Setting up libc6-dev:amd64 (2.36-9+deb12u10) ...
2025-07-16T06:08:54.8415436Z #7 8.869 Setting up curl (7.88.1-10+deb12u12) ...
2025-07-16T06:08:54.8415802Z #7 8.874 Setting up binutils-x86-64-linux-gnu (2.40-2) ...
2025-07-16T06:08:54.8416212Z #7 8.878 Setting up libstdc++-12-dev:amd64 (12.2.0-14+deb12u1) ...
2025-07-16T06:08:54.8416869Z #7 8.882 Setting up libcurl3-gnutls:amd64 (7.88.1-10+deb12u12) ...
2025-07-16T06:08:54.8417241Z #7 8.887 Setting up binutils (2.40-2) ...
2025-07-16T06:08:54.8417539Z #7 8.893 Setting up dpkg-dev (1.21.22) ...
2025-07-16T06:08:54.8417834Z #7 8.904 Setting up liberror-perl (0.17029-2) ...
2025-07-16T06:08:55.0505175Z #7 8.909 Setting up gcc-12 (12.2.0-14+deb12u1) ...
2025-07-16T06:08:55.0505924Z #7 8.915 Setting up git (1:2.39.5-0+deb12u2) ...
2025-07-16T06:08:55.0506478Z #7 8.927 Setting up g++-12 (12.2.0-14+deb12u1) ...
2025-07-16T06:08:55.0507000Z #7 8.933 Setting up gcc (4:12.2.0-3) ...
2025-07-16T06:08:55.0507488Z #7 8.950 Setting up g++ (4:12.2.0-3) ...
2025-07-16T06:08:55.0508254Z #7 8.954 update-alternatives: using /usr/bin/g++ to provide /usr/bin/c++ (c++) in auto mode
2025-07-16T06:08:55.0508960Z #7 8.959 Setting up build-essential (12.9) ...
2025-07-16T06:08:55.0509399Z #7 8.962 Processing triggers for libc-bin (2.36-9+deb12u10) ...
2025-07-16T06:08:55.5057023Z #7 DONE 9.6s
2025-07-16T06:08:55.6675889Z 
2025-07-16T06:08:55.6676400Z #8 [3/6] WORKDIR /app
2025-07-16T06:08:55.6676984Z #8 DONE 0.0s
2025-07-16T06:08:55.6677208Z 
2025-07-16T06:08:55.6677357Z #9 [4/6] COPY . .
2025-07-16T06:08:56.1146009Z #9 DONE 0.6s
2025-07-16T06:08:56.2658323Z 
2025-07-16T06:08:56.2658765Z #10 [5/6] RUN pip install --upgrade pip
2025-07-16T06:08:57.3647117Z #10 1.249 Requirement already satisfied: pip in /usr/local/lib/python3.10/site-packages (23.0.1)
2025-07-16T06:08:57.4675727Z #10 1.352 Collecting pip
2025-07-16T06:08:57.5894903Z #10 1.385   Downloading pip-25.1.1-py3-none-any.whl (1.8 MB)
2025-07-16T06:08:57.5895964Z #10 1.431      ━━━━━━━━━━━━━━━━━━━━━━━━━━━━━━━━━━━━━━━━ 1.8/1.8 MB 42.0 MB/s eta 0:00:00
2025-07-16T06:08:57.5896547Z #10 1.474 Installing collected packages: pip
2025-07-16T06:08:57.7410526Z #10 1.474   Attempting uninstall: pip
2025-07-16T06:08:57.7410915Z #10 1.475     Found existing installation: pip 23.0.1
2025-07-16T06:08:57.7687028Z #10 1.653     Uninstalling pip-23.0.1:
2025-07-16T06:08:57.9387751Z #10 1.673       Successfully uninstalled pip-23.0.1
2025-07-16T06:08:58.5899685Z #10 2.475 Successfully installed pip-25.1.1
2025-07-16T06:08:58.7409350Z #10 2.475 WARNING: Running pip as the 'root' user can result in broken permissions and conflicting behaviour with the system package manager. It is recommended to use a virtual environment instead: https://pip.pypa.io/warnings/venv
2025-07-16T06:08:58.7659400Z #10 DONE 2.7s
2025-07-16T06:08:58.9170346Z 
2025-07-16T06:08:58.9171112Z #11 [6/6] RUN pip install --no-cache-dir -r requirements.txt
2025-07-16T06:08:59.6784090Z #11 0.912 Collecting Flask==3.1.0 (from -r requirements.txt (line 1))
2025-07-16T06:08:59.7841304Z #11 0.944   Downloading flask-3.1.0-py3-none-any.whl.metadata (2.7 kB)
2025-07-16T06:08:59.7842569Z #11 0.955 Collecting Flask-PyMongo==3.0.1 (from -r requirements.txt (line 2))
2025-07-16T06:08:59.7843665Z #11 0.959   Downloading flask_pymongo-3.0.1-py3-none-any.whl.metadata (3.5 kB)
2025-07-16T06:08:59.7844411Z #11 1.007 Collecting pytest==8.2.1 (from -r requirements.txt (line 3))
2025-07-16T06:08:59.7844931Z #11 1.010   Downloading pytest-8.2.1-py3-none-any.whl.metadata (7.6 kB)
2025-07-16T06:08:59.7845709Z #11 1.018 Collecting blinker==1.9.0 (from -r requirements.txt (line 4))
2025-07-16T06:08:59.8860125Z #11 1.021   Downloading blinker-1.9.0-py3-none-any.whl.metadata (1.6 kB)
2025-07-16T06:08:59.8860975Z #11 1.035 Collecting certifi==2025.7.14 (from -r requirements.txt (line 5))
2025-07-16T06:08:59.8861609Z #11 1.037   Downloading certifi-2025.7.14-py3-none-any.whl.metadata (2.4 kB)
2025-07-16T06:08:59.8862129Z #11 1.116 Collecting charset-normalizer==3.4.2 (from -r requirements.txt (line 6))
2025-07-16T06:08:59.8862826Z #11 1.119   Downloading charset_normalizer-3.4.2-cp310-cp310-manylinux_2_17_x86_64.manylinux2014_x86_64.whl.metadata (35 kB)
2025-07-16T06:09:00.0024104Z #11 1.134 Collecting click==8.2.1 (from -r requirements.txt (line 7))
2025-07-16T06:09:00.0024895Z #11 1.137   Downloading click-8.2.1-py3-none-any.whl.metadata (2.5 kB)
2025-07-16T06:09:00.0026120Z #11 1.145 Collecting dnspython==2.7.0 (from -r requirements.txt (line 8))
2025-07-16T06:09:00.0026998Z #11 1.148   Downloading dnspython-2.7.0-py3-none-any.whl.metadata (5.8 kB)
2025-07-16T06:09:00.0027890Z #11 1.161 Collecting idna==3.10 (from -r requirements.txt (line 9))
2025-07-16T06:09:00.0028600Z #11 1.164   Downloading idna-3.10-py3-none-any.whl.metadata (10 kB)
2025-07-16T06:09:00.0029364Z #11 1.171 Collecting itsdangerous==2.2.0 (from -r requirements.txt (line 10))
2025-07-16T06:09:00.0030215Z #11 1.174   Downloading itsdangerous-2.2.0-py3-none-any.whl.metadata (1.9 kB)
2025-07-16T06:09:00.0031023Z #11 1.184 Collecting Jinja2==3.1.6 (from -r requirements.txt (line 11))
2025-07-16T06:09:00.0031771Z #11 1.187   Downloading jinja2-3.1.6-py3-none-any.whl.metadata (2.9 kB)
2025-07-16T06:09:00.0032448Z #11 1.236 Collecting MarkupSafe==3.0.2 (from -r requirements.txt (line 12))
2025-07-16T06:09:00.1666726Z #11 1.239   Downloading MarkupSafe-3.0.2-cp310-cp310-manylinux_2_17_x86_64.manylinux2014_x86_64.whl.metadata (4.0 kB)
2025-07-16T06:09:00.1667485Z #11 1.247 Collecting paho-mqtt==2.1.0 (from -r requirements.txt (line 13))
2025-07-16T06:09:00.1668030Z #11 1.249   Downloading paho_mqtt-2.1.0-py3-none-any.whl.metadata (23 kB)
2025-07-16T06:09:00.3239215Z #11 1.557 Collecting pymongo==4.13.2 (from -r requirements.txt (line 14))
2025-07-16T06:09:00.4256041Z #11 1.561   Downloading pymongo-4.13.2-cp310-cp310-manylinux_2_17_x86_64.manylinux2014_x86_64.whl.metadata (22 kB)
2025-07-16T06:09:00.4257138Z #11 1.577 Collecting python-dotenv==1.1.1 (from -r requirements.txt (line 15))
2025-07-16T06:09:00.4257997Z #11 1.580   Downloading python_dotenv-1.1.1-py3-none-any.whl.metadata (24 kB)
2025-07-16T06:09:00.4258818Z #11 1.603 Collecting requests==2.32.4 (from -r requirements.txt (line 16))
2025-07-16T06:09:00.4259631Z #11 1.605   Downloading requests-2.32.4-py3-none-any.whl.metadata (4.9 kB)
2025-07-16T06:09:00.4260420Z #11 1.625 Collecting urllib3==2.5.0 (from -r requirements.txt (line 17))
2025-07-16T06:09:00.4261189Z #11 1.628   Downloading urllib3-2.5.0-py3-none-any.whl.metadata (6.5 kB)
2025-07-16T06:09:00.4261959Z #11 1.645 Collecting Werkzeug==3.1.3 (from -r requirements.txt (line 18))
2025-07-16T06:09:00.4262769Z #11 1.648   Downloading werkzeug-3.1.3-py3-none-any.whl.metadata (3.7 kB)
2025-07-16T06:09:00.4263738Z #11 1.659 Collecting autodevops-cli==0.1.1 (from -r requirements.txt (line 19))
2025-07-16T06:09:00.5428859Z #11 1.663   Downloading autodevops_cli-0.1.1-py3-none-any.whl.metadata (494 bytes)
2025-07-16T06:09:00.5429786Z #11 1.670 Collecting iniconfig==2.1.0 (from -r requirements.txt (line 20))
2025-07-16T06:09:00.5430613Z #11 1.673   Downloading iniconfig-2.1.0-py3-none-any.whl.metadata (2.7 kB)
2025-07-16T06:09:00.5431424Z #11 1.681 Collecting loguru==0.7.3 (from -r requirements.txt (line 21))
2025-07-16T06:09:00.5432191Z #11 1.684   Downloading loguru-0.7.3-py3-none-any.whl.metadata (22 kB)
2025-07-16T06:09:00.5433180Z #11 1.701 Collecting markdown-it-py==3.0.0 (from -r requirements.txt (line 22))
2025-07-16T06:09:00.5434042Z #11 1.704   Downloading markdown_it_py-3.0.0-py3-none-any.whl.metadata (6.9 kB)
2025-07-16T06:09:00.5434824Z #11 1.714 Collecting mdurl==0.1.2 (from -r requirements.txt (line 23))
2025-07-16T06:09:00.5435934Z #11 1.717   Downloading mdurl-0.1.2-py3-none-any.whl.metadata (1.6 kB)
2025-07-16T06:09:00.5436689Z #11 1.727 Collecting mongomock==4.3.0 (from -r requirements.txt (line 24))
2025-07-16T06:09:00.5437162Z #11 1.730   Downloading mongomock-4.3.0-py2.py3-none-any.whl.metadata (12 kB)
2025-07-16T06:09:00.5437606Z #11 1.742 Collecting packaging==25.0 (from -r requirements.txt (line 25))
2025-07-16T06:09:00.5438036Z #11 1.745   Downloading packaging-25.0-py3-none-any.whl.metadata (3.3 kB)
2025-07-16T06:09:00.5438469Z #11 1.753 Collecting pluggy==1.6.0 (from -r requirements.txt (line 26))
2025-07-16T06:09:00.5438883Z #11 1.756   Downloading pluggy-1.6.0-py3-none-any.whl.metadata (4.8 kB)
2025-07-16T06:09:00.5439473Z #11 1.776 Collecting Pygments==2.19.2 (from -r requirements.txt (line 27))
2025-07-16T06:09:00.7861238Z #11 1.779   Downloading pygments-2.19.2-py3-none-any.whl.metadata (2.5 kB)
2025-07-16T06:09:00.7861987Z #11 1.812 Collecting pytz==2025.2 (from -r requirements.txt (line 28))
2025-07-16T06:09:00.7862877Z #11 1.815   Downloading pytz-2025.2-py2.py3-none-any.whl.metadata (22 kB)
2025-07-16T06:09:00.7863832Z #11 1.849 Collecting rich==14.0.0 (from -r requirements.txt (line 29))
2025-07-16T06:09:00.7864493Z #11 1.852   Downloading rich-14.0.0-py3-none-any.whl.metadata (18 kB)
2025-07-16T06:09:00.7864963Z #11 1.859 Collecting sentinels==1.0.0 (from -r requirements.txt (line 30))
2025-07-16T06:09:00.7865379Z #11 1.862   Downloading sentinels-1.0.0.tar.gz (4.1 kB)
2025-07-16T06:09:00.7865729Z #11 1.869   Preparing metadata (setup.py): started
2025-07-16T06:09:01.2596512Z #11 2.493   Preparing metadata (setup.py): finished with status 'done'
2025-07-16T06:09:01.3948800Z #11 2.507 Collecting sh==2.2.2 (from -r requirements.txt (line 31))
2025-07-16T06:09:01.3949769Z #11 2.512   Downloading sh-2.2.2-py3-none-any.whl.metadata (3.7 kB)
2025-07-16T06:09:01.3950587Z #11 2.548 Collecting exceptiongroup>=1.0.0rc8 (from pytest==8.2.1->-r requirements.txt (line 3))
2025-07-16T06:09:01.3951283Z #11 2.551   Downloading exceptiongroup-1.3.0-py3-none-any.whl.metadata (6.7 kB)
2025-07-16T06:09:01.3951888Z #11 2.562 Collecting tomli>=1 (from pytest==8.2.1->-r requirements.txt (line 3))
2025-07-16T06:09:01.3952435Z #11 2.566   Downloading tomli-2.2.1-py3-none-any.whl.metadata (10 kB)
2025-07-16T06:09:01.3953190Z #11 2.628 Collecting typing-extensions<5.0,>=4.0.0 (from rich==14.0.0->-r requirements.txt (line 29))
2025-07-16T06:09:01.4970432Z #11 2.631   Downloading typing_extensions-4.14.1-py3-none-any.whl.metadata (3.0 kB)
2025-07-16T06:09:01.4971308Z #11 2.645 Downloading flask-3.1.0-py3-none-any.whl (102 kB)
2025-07-16T06:09:01.4971825Z #11 2.650 Downloading flask_pymongo-3.0.1-py3-none-any.whl (11 kB)
2025-07-16T06:09:01.4972378Z #11 2.654 Downloading pytest-8.2.1-py3-none-any.whl (339 kB)
2025-07-16T06:09:01.4972807Z #11 2.661 Downloading pluggy-1.6.0-py3-none-any.whl (20 kB)
2025-07-16T06:09:01.4973416Z #11 2.664 Downloading blinker-1.9.0-py3-none-any.whl (8.5 kB)
2025-07-16T06:09:01.4973860Z #11 2.667 Downloading certifi-2025.7.14-py3-none-any.whl (162 kB)
2025-07-16T06:09:01.4974489Z #11 2.670 Downloading charset_normalizer-3.4.2-cp310-cp310-manylinux_2_17_x86_64.manylinux2014_x86_64.whl (149 kB)
2025-07-16T06:09:01.4975103Z #11 2.683 Downloading click-8.2.1-py3-none-any.whl (102 kB)
2025-07-16T06:09:01.4975527Z #11 2.687 Downloading dnspython-2.7.0-py3-none-any.whl (313 kB)
2025-07-16T06:09:01.4975937Z #11 2.690 Downloading idna-3.10-py3-none-any.whl (70 kB)
2025-07-16T06:09:01.4976345Z #11 2.693 Downloading itsdangerous-2.2.0-py3-none-any.whl (16 kB)
2025-07-16T06:09:01.4976772Z #11 2.696 Downloading jinja2-3.1.6-py3-none-any.whl (134 kB)
2025-07-16T06:09:01.4977337Z #11 2.699 Downloading MarkupSafe-3.0.2-cp310-cp310-manylinux_2_17_x86_64.manylinux2014_x86_64.whl (20 kB)
2025-07-16T06:09:01.4977919Z #11 2.702 Downloading paho_mqtt-2.1.0-py3-none-any.whl (67 kB)
2025-07-16T06:09:01.4978489Z #11 2.710 Downloading pymongo-4.13.2-cp310-cp310-manylinux_2_17_x86_64.manylinux2014_x86_64.whl (1.2 MB)
2025-07-16T06:09:01.4979543Z #11 2.715    ━━━━━━━━━━━━━━━━━━━━━━━━━━━━━━━━━━━━━━━━ 1.2/1.2 MB 365.0 MB/s eta 0:00:00
2025-07-16T06:09:01.4979977Z #11 2.717 Downloading python_dotenv-1.1.1-py3-none-any.whl (20 kB)
2025-07-16T06:09:01.4980416Z #11 2.720 Downloading requests-2.32.4-py3-none-any.whl (64 kB)
2025-07-16T06:09:01.4980838Z #11 2.723 Downloading urllib3-2.5.0-py3-none-any.whl (129 kB)
2025-07-16T06:09:01.4981232Z #11 2.726 Downloading werkzeug-3.1.3-py3-none-any.whl (224 kB)
2025-07-16T06:09:01.4981587Z #11 2.730 Downloading autodevops_cli-0.1.1-py3-none-any.whl (4.1 kB)
2025-07-16T06:09:01.7269119Z #11 2.733 Downloading iniconfig-2.1.0-py3-none-any.whl (6.0 kB)
2025-07-16T06:09:01.7269687Z #11 2.736 Downloading loguru-0.7.3-py3-none-any.whl (61 kB)
2025-07-16T06:09:01.7270457Z #11 2.739 Downloading markdown_it_py-3.0.0-py3-none-any.whl (87 kB)
2025-07-16T06:09:01.7270945Z #11 2.742 Downloading mdurl-0.1.2-py3-none-any.whl (10.0 kB)
2025-07-16T06:09:01.7271433Z #11 2.745 Downloading mongomock-4.3.0-py2.py3-none-any.whl (64 kB)
2025-07-16T06:09:01.7271908Z #11 2.748 Downloading packaging-25.0-py3-none-any.whl (66 kB)
2025-07-16T06:09:01.7272336Z #11 2.751 Downloading pygments-2.19.2-py3-none-any.whl (1.2 MB)
2025-07-16T06:09:01.7273259Z #11 2.756    ━━━━━━━━━━━━━━━━━━━━━━━━━━━━━━━━━━━━━━━━ 1.2/1.2 MB 381.7 MB/s eta 0:00:00
2025-07-16T06:09:01.7273685Z #11 2.759 Downloading pytz-2025.2-py2.py3-none-any.whl (509 kB)
2025-07-16T06:09:01.7274104Z #11 2.763 Downloading rich-14.0.0-py3-none-any.whl (243 kB)
2025-07-16T06:09:01.7274488Z #11 2.766 Downloading sh-2.2.2-py3-none-any.whl (38 kB)
2025-07-16T06:09:01.7274918Z #11 2.770 Downloading typing_extensions-4.14.1-py3-none-any.whl (43 kB)
2025-07-16T06:09:01.7275410Z #11 2.773 Downloading exceptiongroup-1.3.0-py3-none-any.whl (16 kB)
2025-07-16T06:09:01.7275870Z #11 2.776 Downloading tomli-2.2.1-py3-none-any.whl (14 kB)
2025-07-16T06:09:01.7276271Z #11 2.809 Building wheels for collected packages: sentinels
2025-07-16T06:09:01.7278251Z #11 2.810   DEPRECATION: Building 'sentinels' using the legacy setup.py bdist_wheel mechanism, which will be removed in a future version. pip 25.3 will enforce this behaviour change. A possible replacement is to use the standardized build interface by setting the `--use-pep517` option, (possibly combined with `--no-build-isolation`), or adding a `pyproject.toml` file to the source tree of 'sentinels'. Discussion can be found at https://github.com/pypa/pip/issues/6334
2025-07-16T06:09:01.7280158Z #11 2.810   Building wheel for sentinels (setup.py): started
2025-07-16T06:09:02.3644503Z #11 3.598   Building wheel for sentinels (setup.py): finished with status 'done'
2025-07-16T06:09:02.5863687Z #11 3.598   Created wheel for sentinels: filename=sentinels-1.0.0-py3-none-any.whl size=3175 sha256=2165af11872a53d7601702faaec10ce5461f71f6d3e254d5927f78ce90a7f41c
2025-07-16T06:09:02.5864935Z #11 3.598   Stored in directory: /tmp/pip-ephem-wheel-cache-aupzjdmd/wheels/26/bc/eb/67e56405e0684b3d8c011cf4d18129c41be394775fd5ba2347
2025-07-16T06:09:02.5865672Z #11 3.600 Successfully built sentinels
2025-07-16T06:09:02.5867428Z #11 3.669 Installing collected packages: sentinels, pytz, urllib3, typing-extensions, tomli, sh, python-dotenv, Pygments, pluggy, paho-mqtt, packaging, mdurl, MarkupSafe, loguru, itsdangerous, iniconfig, idna, dnspython, click, charset-normalizer, certifi, blinker, Werkzeug, requests, pymongo, mongomock, markdown-it-py, Jinja2, exceptiongroup, rich, pytest, Flask, Flask-PyMongo, autodevops-cli
2025-07-16T06:09:04.7279745Z #11 5.961 
2025-07-16T06:09:04.8859764Z #11 5.968 Successfully installed Flask-3.1.0 Flask-PyMongo-3.0.1 Jinja2-3.1.6 MarkupSafe-3.0.2 Pygments-2.19.2 Werkzeug-3.1.3 autodevops-cli-0.1.1 blinker-1.9.0 certifi-2025.7.14 charset-normalizer-3.4.2 click-8.2.1 dnspython-2.7.0 exceptiongroup-1.3.0 idna-3.10 iniconfig-2.1.0 itsdangerous-2.2.0 loguru-0.7.3 markdown-it-py-3.0.0 mdurl-0.1.2 mongomock-4.3.0 packaging-25.0 paho-mqtt-2.1.0 pluggy-1.6.0 pymongo-4.13.2 pytest-8.2.1 python-dotenv-1.1.1 pytz-2025.2 requests-2.32.4 rich-14.0.0 sentinels-1.0.0 sh-2.2.2 tomli-2.2.1 typing-extensions-4.14.1 urllib3-2.5.0
2025-07-16T06:09:04.8863752Z #11 5.968 WARNING: Running pip as the 'root' user can result in broken permissions and conflicting behaviour with the system package manager, possibly rendering your system unusable. It is recommended to use a virtual environment instead: https://pip.pypa.io/warnings/venv. Use the --root-user-action option if you know what you are doing and want to suppress this warning.
2025-07-16T06:09:04.9769113Z #11 DONE 6.2s
2025-07-16T06:09:05.1285461Z 
2025-07-16T06:09:05.1287359Z #12 exporting to image
2025-07-16T06:09:05.1301911Z #12 exporting layers
2025-07-16T06:09:06.8233409Z #12 exporting layers 1.8s done
2025-07-16T06:09:06.8448223Z #12 writing image sha256:9fed41ca8e40e6199e0946cc68f73463829d7e1eb0f2f3355c15b4541d52dbc3 done
2025-07-16T06:09:06.8449921Z #12 naming to docker.io/***/flask-ci-cd-demo done
2025-07-16T06:09:06.8450407Z #12 DONE 1.9s
2025-07-16T06:09:06.8532013Z ##[group]Run docker push ***/flask-ci-cd-demo
2025-07-16T06:09:06.8532389Z [36;1mdocker push ***/flask-ci-cd-demo[0m
2025-07-16T06:09:06.8560400Z shell: /usr/bin/bash -e {0}
2025-07-16T06:09:06.8560629Z env:
2025-07-16T06:09:06.8560884Z   pythonLocation: /opt/hostedtoolcache/Python/3.10.18/x64
2025-07-16T06:09:06.8561299Z   PKG_CONFIG_PATH: /opt/hostedtoolcache/Python/3.10.18/x64/lib/pkgconfig
2025-07-16T06:09:06.8561703Z   Python_ROOT_DIR: /opt/hostedtoolcache/Python/3.10.18/x64
2025-07-16T06:09:06.8562053Z   Python2_ROOT_DIR: /opt/hostedtoolcache/Python/3.10.18/x64
2025-07-16T06:09:06.8562400Z   Python3_ROOT_DIR: /opt/hostedtoolcache/Python/3.10.18/x64
2025-07-16T06:09:06.8562741Z   LD_LIBRARY_PATH: /opt/hostedtoolcache/Python/3.10.18/x64/lib
2025-07-16T06:09:06.8563232Z ##[endgroup]
2025-07-16T06:09:06.8716189Z Using default tag: latest
2025-07-16T06:09:06.8730899Z The push refers to repository [docker.io/***/flask-ci-cd-demo]
2025-07-16T06:09:07.0957258Z 133799c0b0c3: Preparing
2025-07-16T06:09:07.0957672Z ed0fd197dd3e: Preparing
2025-07-16T06:09:07.0958007Z 303b85753cf3: Preparing
2025-07-16T06:09:07.0958297Z fdd75ad34320: Preparing
2025-07-16T06:09:07.0958498Z 9943c14d2c2e: Preparing
2025-07-16T06:09:07.0958721Z 31abbb538de0: Preparing
2025-07-16T06:09:07.0958927Z a2ccf7527b3c: Preparing
2025-07-16T06:09:07.0959235Z abd92ba2021e: Preparing
2025-07-16T06:09:07.0959525Z 1bb35e8b4de1: Preparing
2025-07-16T06:09:07.0959728Z 31abbb538de0: Waiting
2025-07-16T06:09:07.0959993Z a2ccf7527b3c: Waiting
2025-07-16T06:09:07.0960191Z abd92ba2021e: Waiting
2025-07-16T06:09:07.0960487Z 1bb35e8b4de1: Waiting
2025-07-16T06:09:09.3859490Z fdd75ad34320: Pushed
2025-07-16T06:09:09.7881863Z 31abbb538de0: Layer already exists
2025-07-16T06:09:10.1633551Z a2ccf7527b3c: Layer already exists
2025-07-16T06:09:10.5221296Z abd92ba2021e: Layer already exists
2025-07-16T06:09:10.5885765Z ed0fd197dd3e: Pushed
2025-07-16T06:09:10.9409695Z 1bb35e8b4de1: Layer already exists
2025-07-16T06:09:11.5568374Z 133799c0b0c3: Pushed
2025-07-16T06:09:13.3830665Z 303b85753cf3: Pushed
2025-07-16T06:09:23.1315965Z 9943c14d2c2e: Pushed
2025-07-16T06:09:26.5144549Z latest: digest: sha256:80aa865b0ee931f9301011295e9880d807e39cd8fcb7fadb7cb657508568ad57 size: 2212
2025-07-16T06:09:26.5212755Z Post job cleanup.
2025-07-16T06:09:26.8128218Z [command]/usr/bin/docker logout 
2025-07-16T06:09:26.8261702Z Removing login credentials for https://index.docker.io/v1/
2025-07-16T06:09:26.8296232Z ##[group]Post cache
2025-07-16T06:09:26.8297490Z State not set
2025-07-16T06:09:26.8298611Z ##[endgroup]
2025-07-16T06:09:26.8417582Z Post job cleanup.
2025-07-16T06:09:27.0059067Z Post job cleanup.
2025-07-16T06:09:27.0775216Z [command]/usr/bin/git version
2025-07-16T06:09:27.0808634Z git version 2.50.1
2025-07-16T06:09:27.0851561Z Temporarily overriding HOME='/home/runner/work/_temp/8470853b-c336-4e34-b7e0-dad6480e0746' before making global git config changes
2025-07-16T06:09:27.0852847Z Adding repository directory to the temporary git global config as a safe directory
2025-07-16T06:09:27.0856619Z [command]/usr/bin/git config --global --add safe.directory /home/runner/work/Devops/Devops
2025-07-16T06:09:27.0888378Z [command]/usr/bin/git config --local --name-only --get-regexp core\.sshCommand
2025-07-16T06:09:27.0917147Z [command]/usr/bin/git submodule foreach --recursive sh -c "git config --local --name-only --get-regexp 'core\.sshCommand' && git config --local --unset-all 'core.sshCommand' || :"
2025-07-16T06:09:27.1147577Z [command]/usr/bin/git config --local --name-only --get-regexp http\.https\:\/\/github\.com\/\.extraheader
2025-07-16T06:09:27.1167034Z http.https://github.com/.extraheader
2025-07-16T06:09:27.1177868Z [command]/usr/bin/git config --local --unset-all http.https://github.com/.extraheader
2025-07-16T06:09:27.1204819Z [command]/usr/bin/git submodule foreach --recursive sh -c "git config --local --name-only --get-regexp 'http\.https\:\/\/github\.com\/\.extraheader' && git config --local --unset-all 'http.https://github.com/.extraheader' || :"
2025-07-16T06:09:27.1531031Z Cleaning up orphan processes
