2025-07-15T22:07:12.5377885Z Current runner version: '2.326.0'
2025-07-15T22:07:12.5410106Z ##[group]Runner Image Provisioner
2025-07-15T22:07:12.5411422Z Hosted Compute Agent
2025-07-15T22:07:12.5412295Z Version: 20250711.363
2025-07-15T22:07:12.5413341Z Commit: 6785254374ce925a23743850c1cb91912ce5c14c
2025-07-15T22:07:12.5414430Z Build Date: 2025-07-11T20:04:25Z
2025-07-15T22:07:12.5415358Z ##[endgroup]
2025-07-15T22:07:12.5416345Z ##[group]Operating System
2025-07-15T22:07:12.5417204Z Ubuntu
2025-07-15T22:07:12.5418133Z 24.04.2
2025-07-15T22:07:12.5418924Z LTS
2025-07-15T22:07:12.5419678Z ##[endgroup]
2025-07-15T22:07:12.5420537Z ##[group]Runner Image
2025-07-15T22:07:12.5421487Z Image: ubuntu-24.04
2025-07-15T22:07:12.5422265Z Version: 20250710.1.0
2025-07-15T22:07:12.5423985Z Included Software: https://github.com/actions/runner-images/blob/ubuntu24/20250710.1/images/ubuntu/Ubuntu2404-Readme.md
2025-07-15T22:07:12.5426766Z Image Release: https://github.com/actions/runner-images/releases/tag/ubuntu24%2F20250710.1
2025-07-15T22:07:12.5428821Z ##[endgroup]
2025-07-15T22:07:12.5430661Z ##[group]GITHUB_TOKEN Permissions
2025-07-15T22:07:12.5433076Z Contents: read
2025-07-15T22:07:12.5434066Z Metadata: read
2025-07-15T22:07:12.5434813Z Packages: read
2025-07-15T22:07:12.5435642Z ##[endgroup]
2025-07-15T22:07:12.5439150Z Secret source: Actions
2025-07-15T22:07:12.5440482Z Prepare workflow directory
2025-07-15T22:07:12.5896550Z Prepare all required actions
2025-07-15T22:07:12.5953162Z Getting action download info
2025-07-15T22:07:12.8899880Z ##[group]Download immutable action package 'actions/checkout@v3'
2025-07-15T22:07:12.8900913Z Version: 3.6.0
2025-07-15T22:07:12.8902008Z Digest: sha256:942562b9c7d4b1f2557f1da21f4d3eb4eb4fd01f2ad78b2a6e187d1b193e0a0f
2025-07-15T22:07:12.8903201Z Source commit SHA: f43a0e5ff2bd294095638e18286ca9a3d1956744
2025-07-15T22:07:12.8903903Z ##[endgroup]
2025-07-15T22:07:13.0600418Z ##[group]Download immutable action package 'actions/setup-python@v4'
2025-07-15T22:07:13.0601233Z Version: 4.9.1
2025-07-15T22:07:13.0602124Z Digest: sha256:f03e505388af670b5a108629e0ba26befc08d5c62b41f46146a45fe29ae509a5
2025-07-15T22:07:13.0603053Z Source commit SHA: 7f4fc3e22c37d6ff65e88745f38bd3157c663f7c
2025-07-15T22:07:13.0603739Z ##[endgroup]
2025-07-15T22:07:13.2314544Z ##[group]Download immutable action package 'docker/login-action@v3'
2025-07-15T22:07:13.2315316Z Version: 3.4.0
2025-07-15T22:07:13.2316040Z Digest: sha256:864ebd28db095e1602e6ef999f46a4f575083ea874918fbccf0994c2a7680450
2025-07-15T22:07:13.2317128Z Source commit SHA: 74a5d142397b4f367a81961eba4e8cd7edddf772
2025-07-15T22:07:13.2318104Z ##[endgroup]
2025-07-15T22:07:13.5310478Z Complete job name: build-test-deploy
2025-07-15T22:07:13.6061362Z ##[group]Run actions/checkout@v3
2025-07-15T22:07:13.6062569Z with:
2025-07-15T22:07:13.6063240Z   repository: Dinesh-4/Devops
2025-07-15T22:07:13.6064584Z   token: ***
2025-07-15T22:07:13.6065291Z   ssh-strict: true
2025-07-15T22:07:13.6066016Z   persist-credentials: true
2025-07-15T22:07:13.6066788Z   clean: true
2025-07-15T22:07:13.6067517Z   sparse-checkout-cone-mode: true
2025-07-15T22:07:13.6068582Z   fetch-depth: 1
2025-07-15T22:07:13.6069260Z   fetch-tags: false
2025-07-15T22:07:13.6069938Z   lfs: false
2025-07-15T22:07:13.6070569Z   submodules: false
2025-07-15T22:07:13.6071290Z   set-safe-directory: true
2025-07-15T22:07:13.6072346Z ##[endgroup]
2025-07-15T22:07:13.6921266Z Syncing repository: Dinesh-4/Devops
2025-07-15T22:07:13.6923566Z ##[group]Getting Git version info
2025-07-15T22:07:13.6924900Z Working directory is '/home/runner/work/Devops/Devops'
2025-07-15T22:07:13.6926638Z [command]/usr/bin/git version
2025-07-15T22:07:13.6949895Z git version 2.50.1
2025-07-15T22:07:13.6977795Z ##[endgroup]
2025-07-15T22:07:13.6994146Z Temporarily overriding HOME='/home/runner/work/_temp/8c96d7b0-8e9a-42c6-bea4-8a7240054d65' before making global git config changes
2025-07-15T22:07:13.6998751Z Adding repository directory to the temporary git global config as a safe directory
2025-07-15T22:07:13.7001954Z [command]/usr/bin/git config --global --add safe.directory /home/runner/work/Devops/Devops
2025-07-15T22:07:13.7030201Z Deleting the contents of '/home/runner/work/Devops/Devops'
2025-07-15T22:07:13.7033958Z ##[group]Initializing the repository
2025-07-15T22:07:13.7037919Z [command]/usr/bin/git init /home/runner/work/Devops/Devops
2025-07-15T22:07:13.7091806Z hint: Using 'master' as the name for the initial branch. This default branch name
2025-07-15T22:07:13.7094299Z hint: is subject to change. To configure the initial branch name to use in all
2025-07-15T22:07:13.7096640Z hint: of your new repositories, which will suppress this warning, call:
2025-07-15T22:07:13.7099079Z hint:
2025-07-15T22:07:13.7100531Z hint: 	git config --global init.defaultBranch <name>
2025-07-15T22:07:13.7102330Z hint:
2025-07-15T22:07:13.7104096Z hint: Names commonly chosen instead of 'master' are 'main', 'trunk' and
2025-07-15T22:07:13.7106934Z hint: 'development'. The just-created branch can be renamed via this command:
2025-07-15T22:07:13.7109252Z hint:
2025-07-15T22:07:13.7110304Z hint: 	git branch -m <name>
2025-07-15T22:07:13.7111300Z hint:
2025-07-15T22:07:13.7112339Z hint: Disable this message with "git config set advice.defaultBranchName false"
2025-07-15T22:07:13.7114080Z Initialized empty Git repository in /home/runner/work/Devops/Devops/.git/
2025-07-15T22:07:13.7118436Z [command]/usr/bin/git remote add origin https://github.com/Dinesh-4/Devops
2025-07-15T22:07:13.7137005Z ##[endgroup]
2025-07-15T22:07:13.7139332Z ##[group]Disabling automatic garbage collection
2025-07-15T22:07:13.7141268Z [command]/usr/bin/git config --local gc.auto 0
2025-07-15T22:07:13.7167219Z ##[endgroup]
2025-07-15T22:07:13.7169468Z ##[group]Setting up auth
2025-07-15T22:07:13.7173324Z [command]/usr/bin/git config --local --name-only --get-regexp core\.sshCommand
2025-07-15T22:07:13.7201822Z [command]/usr/bin/git submodule foreach --recursive sh -c "git config --local --name-only --get-regexp 'core\.sshCommand' && git config --local --unset-all 'core.sshCommand' || :"
2025-07-15T22:07:13.7453023Z [command]/usr/bin/git config --local --name-only --get-regexp http\.https\:\/\/github\.com\/\.extraheader
2025-07-15T22:07:13.7479352Z [command]/usr/bin/git submodule foreach --recursive sh -c "git config --local --name-only --get-regexp 'http\.https\:\/\/github\.com\/\.extraheader' && git config --local --unset-all 'http.https://github.com/.extraheader' || :"
2025-07-15T22:07:13.7693368Z [command]/usr/bin/git config --local http.https://github.com/.extraheader AUTHORIZATION: basic ***
2025-07-15T22:07:13.7724052Z ##[endgroup]
2025-07-15T22:07:13.7725214Z ##[group]Fetching the repository
2025-07-15T22:07:13.7732997Z [command]/usr/bin/git -c protocol.version=2 fetch --no-tags --prune --progress --no-recurse-submodules --depth=1 origin +82c2d623d4c063588d4b6a8bfb6d0424358f32b4:refs/remotes/origin/main
2025-07-15T22:07:13.9176156Z remote: Enumerating objects: 4181, done.        
2025-07-15T22:07:13.9178282Z remote: Counting objects:   0% (1/4181)        
2025-07-15T22:07:13.9179975Z remote: Counting objects:   1% (42/4181)        
2025-07-15T22:07:13.9181182Z remote: Counting objects:   2% (84/4181)        
2025-07-15T22:07:13.9182267Z remote: Counting objects:   3% (126/4181)        
2025-07-15T22:07:13.9183355Z remote: Counting objects:   4% (168/4181)        
2025-07-15T22:07:13.9184700Z remote: Counting objects:   5% (210/4181)        
2025-07-15T22:07:13.9186198Z remote: Counting objects:   6% (251/4181)        
2025-07-15T22:07:13.9188041Z remote: Counting objects:   7% (293/4181)        
2025-07-15T22:07:13.9189460Z remote: Counting objects:   8% (335/4181)        
2025-07-15T22:07:13.9190520Z remote: Counting objects:   9% (377/4181)        
2025-07-15T22:07:13.9191677Z remote: Counting objects:  10% (419/4181)        
2025-07-15T22:07:13.9193005Z remote: Counting objects:  11% (460/4181)        
2025-07-15T22:07:13.9194046Z remote: Counting objects:  12% (502/4181)        
2025-07-15T22:07:13.9195070Z remote: Counting objects:  13% (544/4181)        
2025-07-15T22:07:13.9196082Z remote: Counting objects:  14% (586/4181)        
2025-07-15T22:07:13.9197390Z remote: Counting objects:  15% (628/4181)        
2025-07-15T22:07:13.9198654Z remote: Counting objects:  16% (669/4181)        
2025-07-15T22:07:13.9199673Z remote: Counting objects:  17% (711/4181)        
2025-07-15T22:07:13.9200728Z remote: Counting objects:  18% (753/4181)        
2025-07-15T22:07:13.9201755Z remote: Counting objects:  19% (795/4181)        
2025-07-15T22:07:13.9202773Z remote: Counting objects:  20% (837/4181)        
2025-07-15T22:07:13.9203787Z remote: Counting objects:  21% (879/4181)        
2025-07-15T22:07:13.9205042Z remote: Counting objects:  22% (920/4181)        
2025-07-15T22:07:13.9206417Z remote: Counting objects:  23% (962/4181)        
2025-07-15T22:07:13.9207798Z remote: Counting objects:  24% (1004/4181)        
2025-07-15T22:07:13.9208877Z remote: Counting objects:  25% (1046/4181)        
2025-07-15T22:07:13.9209970Z remote: Counting objects:  26% (1088/4181)        
2025-07-15T22:07:13.9211007Z remote: Counting objects:  27% (1129/4181)        
2025-07-15T22:07:13.9212067Z remote: Counting objects:  28% (1171/4181)        
2025-07-15T22:07:13.9213096Z remote: Counting objects:  29% (1213/4181)        
2025-07-15T22:07:13.9214123Z remote: Counting objects:  30% (1255/4181)        
2025-07-15T22:07:13.9215140Z remote: Counting objects:  31% (1297/4181)        
2025-07-15T22:07:13.9216164Z remote: Counting objects:  32% (1338/4181)        
2025-07-15T22:07:13.9217194Z remote: Counting objects:  33% (1380/4181)        
2025-07-15T22:07:13.9218429Z remote: Counting objects:  34% (1422/4181)        
2025-07-15T22:07:13.9219470Z remote: Counting objects:  35% (1464/4181)        
2025-07-15T22:07:13.9220508Z remote: Counting objects:  36% (1506/4181)        
2025-07-15T22:07:13.9221534Z remote: Counting objects:  37% (1547/4181)        
2025-07-15T22:07:13.9222822Z remote: Counting objects:  38% (1589/4181)        
2025-07-15T22:07:13.9224333Z remote: Counting objects:  39% (1631/4181)        
2025-07-15T22:07:13.9226019Z remote: Counting objects:  40% (1673/4181)        
2025-07-15T22:07:13.9227837Z remote: Counting objects:  41% (1715/4181)        
2025-07-15T22:07:13.9229207Z remote: Counting objects:  42% (1757/4181)        
2025-07-15T22:07:13.9230250Z remote: Counting objects:  43% (1798/4181)        
2025-07-15T22:07:13.9231271Z remote: Counting objects:  44% (1840/4181)        
2025-07-15T22:07:13.9232312Z remote: Counting objects:  45% (1882/4181)        
2025-07-15T22:07:13.9233344Z remote: Counting objects:  46% (1924/4181)        
2025-07-15T22:07:13.9234354Z remote: Counting objects:  47% (1966/4181)        
2025-07-15T22:07:13.9235601Z remote: Counting objects:  48% (2007/4181)        
2025-07-15T22:07:13.9236649Z remote: Counting objects:  49% (2049/4181)        
2025-07-15T22:07:13.9238547Z remote: Counting objects:  50% (2091/4181)        
2025-07-15T22:07:13.9240228Z remote: Counting objects:  51% (2133/4181)        
2025-07-15T22:07:13.9241811Z remote: Counting objects:  52% (2175/4181)        
2025-07-15T22:07:13.9242878Z remote: Counting objects:  53% (2216/4181)        
2025-07-15T22:07:13.9243906Z remote: Counting objects:  54% (2258/4181)        
2025-07-15T22:07:13.9244944Z remote: Counting objects:  55% (2300/4181)        
2025-07-15T22:07:13.9245968Z remote: Counting objects:  56% (2342/4181)        
2025-07-15T22:07:13.9246995Z remote: Counting objects:  57% (2384/4181)        
2025-07-15T22:07:13.9248257Z remote: Counting objects:  58% (2425/4181)        
2025-07-15T22:07:13.9249276Z remote: Counting objects:  59% (2467/4181)        
2025-07-15T22:07:13.9250317Z remote: Counting objects:  60% (2509/4181)        
2025-07-15T22:07:13.9251347Z remote: Counting objects:  61% (2551/4181)        
2025-07-15T22:07:13.9252373Z remote: Counting objects:  62% (2593/4181)        
2025-07-15T22:07:13.9253396Z remote: Counting objects:  63% (2635/4181)        
2025-07-15T22:07:13.9254988Z remote: Counting objects:  64% (2676/4181)        
2025-07-15T22:07:13.9256378Z remote: Counting objects:  65% (2718/4181)        
2025-07-15T22:07:13.9257742Z remote: Counting objects:  66% (2760/4181)        
2025-07-15T22:07:13.9258764Z remote: Counting objects:  67% (2802/4181)        
2025-07-15T22:07:13.9259796Z remote: Counting objects:  68% (2844/4181)        
2025-07-15T22:07:13.9260861Z remote: Counting objects:  69% (2885/4181)        
2025-07-15T22:07:13.9261867Z remote: Counting objects:  70% (2927/4181)        
2025-07-15T22:07:13.9262891Z remote: Counting objects:  71% (2969/4181)        
2025-07-15T22:07:13.9264312Z remote: Counting objects:  72% (3011/4181)        
2025-07-15T22:07:13.9265836Z remote: Counting objects:  73% (3053/4181)        
2025-07-15T22:07:13.9267411Z remote: Counting objects:  74% (3094/4181)        
2025-07-15T22:07:13.9269011Z remote: Counting objects:  75% (3136/4181)        
2025-07-15T22:07:13.9270710Z remote: Counting objects:  76% (3178/4181)        
2025-07-15T22:07:13.9272339Z remote: Counting objects:  77% (3220/4181)        
2025-07-15T22:07:13.9273969Z remote: Counting objects:  78% (3262/4181)        
2025-07-15T22:07:13.9275379Z remote: Counting objects:  79% (3303/4181)        
2025-07-15T22:07:13.9277053Z remote: Counting objects:  80% (3345/4181)        
2025-07-15T22:07:13.9278860Z remote: Counting objects:  81% (3387/4181)        
2025-07-15T22:07:13.9280504Z remote: Counting objects:  82% (3429/4181)        
2025-07-15T22:07:13.9281665Z remote: Counting objects:  83% (3471/4181)        
2025-07-15T22:07:13.9282688Z remote: Counting objects:  84% (3513/4181)        
2025-07-15T22:07:13.9283891Z remote: Counting objects:  85% (3554/4181)        
2025-07-15T22:07:13.9285075Z remote: Counting objects:  86% (3596/4181)        
2025-07-15T22:07:13.9286105Z remote: Counting objects:  87% (3638/4181)        
2025-07-15T22:07:13.9287322Z remote: Counting objects:  88% (3680/4181)        
2025-07-15T22:07:13.9288498Z remote: Counting objects:  89% (3722/4181)        
2025-07-15T22:07:13.9289506Z remote: Counting objects:  90% (3763/4181)        
2025-07-15T22:07:13.9290522Z remote: Counting objects:  91% (3805/4181)        
2025-07-15T22:07:13.9291550Z remote: Counting objects:  92% (3847/4181)        
2025-07-15T22:07:13.9292590Z remote: Counting objects:  93% (3889/4181)        
2025-07-15T22:07:13.9293614Z remote: Counting objects:  94% (3931/4181)        
2025-07-15T22:07:13.9294630Z remote: Counting objects:  95% (3972/4181)        
2025-07-15T22:07:13.9295639Z remote: Counting objects:  96% (4014/4181)        
2025-07-15T22:07:13.9296658Z remote: Counting objects:  97% (4056/4181)        
2025-07-15T22:07:13.9297782Z remote: Counting objects:  98% (4098/4181)        
2025-07-15T22:07:13.9298970Z remote: Counting objects:  99% (4140/4181)        
2025-07-15T22:07:13.9299996Z remote: Counting objects: 100% (4181/4181)        
2025-07-15T22:07:13.9301070Z remote: Counting objects: 100% (4181/4181), done.        
2025-07-15T22:07:13.9302171Z remote: Compressing objects:   0% (1/3565)        
2025-07-15T22:07:13.9303289Z remote: Compressing objects:   1% (36/3565)        
2025-07-15T22:07:13.9304338Z remote: Compressing objects:   2% (72/3565)        
2025-07-15T22:07:13.9305588Z remote: Compressing objects:   3% (107/3565)        
2025-07-15T22:07:13.9306648Z remote: Compressing objects:   4% (143/3565)        
2025-07-15T22:07:13.9307822Z remote: Compressing objects:   5% (179/3565)        
2025-07-15T22:07:13.9308886Z remote: Compressing objects:   6% (214/3565)        
2025-07-15T22:07:13.9309984Z remote: Compressing objects:   7% (250/3565)        
2025-07-15T22:07:13.9311036Z remote: Compressing objects:   8% (286/3565)        
2025-07-15T22:07:13.9312098Z remote: Compressing objects:   9% (321/3565)        
2025-07-15T22:07:13.9313169Z remote: Compressing objects:  10% (357/3565)        
2025-07-15T22:07:13.9314222Z remote: Compressing objects:  11% (393/3565)        
2025-07-15T22:07:13.9315277Z remote: Compressing objects:  12% (428/3565)        
2025-07-15T22:07:13.9316341Z remote: Compressing objects:  13% (464/3565)        
2025-07-15T22:07:13.9317389Z remote: Compressing objects:  14% (500/3565)        
2025-07-15T22:07:13.9318719Z remote: Compressing objects:  15% (535/3565)        
2025-07-15T22:07:13.9319773Z remote: Compressing objects:  16% (571/3565)        
2025-07-15T22:07:13.9320824Z remote: Compressing objects:  17% (607/3565)        
2025-07-15T22:07:13.9322056Z remote: Compressing objects:  18% (642/3565)        
2025-07-15T22:07:13.9323275Z remote: Compressing objects:  19% (678/3565)        
2025-07-15T22:07:13.9324385Z remote: Compressing objects:  20% (713/3565)        
2025-07-15T22:07:13.9325443Z remote: Compressing objects:  21% (749/3565)        
2025-07-15T22:07:13.9326499Z remote: Compressing objects:  22% (785/3565)        
2025-07-15T22:07:13.9327553Z remote: Compressing objects:  23% (820/3565)        
2025-07-15T22:07:13.9328771Z remote: Compressing objects:  24% (856/3565)        
2025-07-15T22:07:13.9329829Z remote: Compressing objects:  25% (892/3565)        
2025-07-15T22:07:13.9330924Z remote: Compressing objects:  26% (927/3565)        
2025-07-15T22:07:13.9332063Z remote: Compressing objects:  27% (963/3565)        
2025-07-15T22:07:13.9333161Z remote: Compressing objects:  28% (999/3565)        
2025-07-15T22:07:13.9334222Z remote: Compressing objects:  29% (1034/3565)        
2025-07-15T22:07:13.9335334Z remote: Compressing objects:  30% (1070/3565)        
2025-07-15T22:07:13.9336526Z remote: Compressing objects:  31% (1106/3565)        
2025-07-15T22:07:13.9337996Z remote: Compressing objects:  32% (1141/3565)        
2025-07-15T22:07:13.9339434Z remote: Compressing objects:  33% (1177/3565)        
2025-07-15T22:07:13.9341219Z remote: Compressing objects:  34% (1213/3565)        
2025-07-15T22:07:13.9342791Z remote: Compressing objects:  35% (1248/3565)        
2025-07-15T22:07:13.9344073Z remote: Compressing objects:  36% (1284/3565)        
2025-07-15T22:07:13.9345141Z remote: Compressing objects:  37% (1320/3565)        
2025-07-15T22:07:13.9346210Z remote: Compressing objects:  38% (1355/3565)        
2025-07-15T22:07:13.9347279Z remote: Compressing objects:  39% (1391/3565)        
2025-07-15T22:07:13.9348487Z remote: Compressing objects:  40% (1426/3565)        
2025-07-15T22:07:13.9349556Z remote: Compressing objects:  41% (1462/3565)        
2025-07-15T22:07:13.9350799Z remote: Compressing objects:  42% (1498/3565)        
2025-07-15T22:07:13.9352153Z remote: Compressing objects:  43% (1533/3565)        
2025-07-15T22:07:13.9353221Z remote: Compressing objects:  44% (1569/3565)        
2025-07-15T22:07:13.9354291Z remote: Compressing objects:  45% (1605/3565)        
2025-07-15T22:07:13.9355766Z remote: Compressing objects:  46% (1640/3565)        
2025-07-15T22:07:13.9357862Z remote: Compressing objects:  47% (1676/3565)        
2025-07-15T22:07:13.9359303Z remote: Compressing objects:  48% (1712/3565)        
2025-07-15T22:07:13.9360376Z remote: Compressing objects:  49% (1747/3565)        
2025-07-15T22:07:13.9361444Z remote: Compressing objects:  50% (1783/3565)        
2025-07-15T22:07:13.9362514Z remote: Compressing objects:  51% (1819/3565)        
2025-07-15T22:07:13.9363579Z remote: Compressing objects:  52% (1854/3565)        
2025-07-15T22:07:13.9364639Z remote: Compressing objects:  53% (1890/3565)        
2025-07-15T22:07:13.9365705Z remote: Compressing objects:  54% (1926/3565)        
2025-07-15T22:07:13.9367177Z remote: Compressing objects:  55% (1961/3565)        
2025-07-15T22:07:13.9369155Z remote: Compressing objects:  56% (1997/3565)        
2025-07-15T22:07:13.9370966Z remote: Compressing objects:  57% (2033/3565)        
2025-07-15T22:07:13.9381411Z remote: Compressing objects:  58% (2068/3565)        
2025-07-15T22:07:13.9382657Z remote: Compressing objects:  59% (2104/3565)        
2025-07-15T22:07:13.9383967Z remote: Compressing objects:  60% (2139/3565)        
2025-07-15T22:07:13.9385102Z remote: Compressing objects:  61% (2175/3565)        
2025-07-15T22:07:13.9386246Z remote: Compressing objects:  62% (2211/3565)        
2025-07-15T22:07:13.9387360Z remote: Compressing objects:  63% (2246/3565)        
2025-07-15T22:07:13.9389100Z remote: Compressing objects:  64% (2282/3565)        
2025-07-15T22:07:13.9390439Z remote: Compressing objects:  65% (2318/3565)        
2025-07-15T22:07:13.9391534Z remote: Compressing objects:  66% (2353/3565)        
2025-07-15T22:07:13.9392629Z remote: Compressing objects:  67% (2389/3565)        
2025-07-15T22:07:13.9393711Z remote: Compressing objects:  68% (2425/3565)        
2025-07-15T22:07:13.9394784Z remote: Compressing objects:  69% (2460/3565)        
2025-07-15T22:07:13.9396194Z remote: Compressing objects:  70% (2496/3565)        
2025-07-15T22:07:13.9398239Z remote: Compressing objects:  71% (2532/3565)        
2025-07-15T22:07:13.9399402Z remote: Compressing objects:  72% (2567/3565)        
2025-07-15T22:07:13.9400484Z remote: Compressing objects:  73% (2603/3565)        
2025-07-15T22:07:13.9401826Z remote: Compressing objects:  74% (2639/3565)        
2025-07-15T22:07:13.9443502Z remote: Compressing objects:  75% (2674/3565)        
2025-07-15T22:07:13.9445044Z remote: Compressing objects:  76% (2710/3565)        
2025-07-15T22:07:13.9446797Z remote: Compressing objects:  77% (2746/3565)        
2025-07-15T22:07:13.9448430Z remote: Compressing objects:  78% (2781/3565)        
2025-07-15T22:07:13.9449675Z remote: Compressing objects:  79% (2817/3565)        
2025-07-15T22:07:13.9450842Z remote: Compressing objects:  80% (2852/3565)        
2025-07-15T22:07:13.9452022Z remote: Compressing objects:  81% (2888/3565)        
2025-07-15T22:07:13.9453169Z remote: Compressing objects:  82% (2924/3565)        
2025-07-15T22:07:13.9454231Z remote: Compressing objects:  83% (2959/3565)        
2025-07-15T22:07:13.9455735Z remote: Compressing objects:  84% (2995/3565)        
2025-07-15T22:07:13.9457115Z remote: Compressing objects:  85% (3031/3565)        
2025-07-15T22:07:13.9458593Z remote: Compressing objects:  86% (3066/3565)        
2025-07-15T22:07:13.9460020Z remote: Compressing objects:  87% (3102/3565)        
2025-07-15T22:07:13.9461931Z remote: Compressing objects:  88% (3138/3565)        
2025-07-15T22:07:13.9463334Z remote: Compressing objects:  89% (3173/3565)        
2025-07-15T22:07:13.9464598Z remote: Compressing objects:  90% (3209/3565)        
2025-07-15T22:07:13.9465886Z remote: Compressing objects:  91% (3245/3565)        
2025-07-15T22:07:13.9467133Z remote: Compressing objects:  92% (3280/3565)        
2025-07-15T22:07:13.9468616Z remote: Compressing objects:  93% (3316/3565)        
2025-07-15T22:07:13.9469834Z remote: Compressing objects:  94% (3352/3565)        
2025-07-15T22:07:13.9471065Z remote: Compressing objects:  95% (3387/3565)        
2025-07-15T22:07:13.9472451Z remote: Compressing objects:  96% (3423/3565)        
2025-07-15T22:07:13.9473921Z remote: Compressing objects:  97% (3459/3565)        
2025-07-15T22:07:13.9475764Z remote: Compressing objects:  98% (3494/3565)        
2025-07-15T22:07:13.9477366Z remote: Compressing objects:  99% (3530/3565)        
2025-07-15T22:07:13.9479040Z remote: Compressing objects: 100% (3565/3565)        
2025-07-15T22:07:13.9480311Z remote: Compressing objects: 100% (3565/3565), done.        
2025-07-15T22:07:13.9481532Z Receiving objects:   0% (1/4181)
2025-07-15T22:07:13.9482446Z Receiving objects:   1% (42/4181)
2025-07-15T22:07:13.9483305Z Receiving objects:   2% (84/4181)
2025-07-15T22:07:13.9569773Z Receiving objects:   3% (126/4181)
2025-07-15T22:07:13.9660047Z Receiving objects:   4% (168/4181)
2025-07-15T22:07:13.9782134Z Receiving objects:   5% (210/4181)
2025-07-15T22:07:13.9812306Z Receiving objects:   6% (251/4181)
2025-07-15T22:07:14.0056091Z Receiving objects:   7% (293/4181)
2025-07-15T22:07:14.0108070Z Receiving objects:   8% (335/4181)
2025-07-15T22:07:14.0172291Z Receiving objects:   9% (377/4181)
2025-07-15T22:07:14.0249124Z Receiving objects:  10% (419/4181)
2025-07-15T22:07:14.0320491Z Receiving objects:  11% (460/4181)
2025-07-15T22:07:14.0356790Z Receiving objects:  12% (502/4181)
2025-07-15T22:07:14.0401189Z Receiving objects:  13% (544/4181)
2025-07-15T22:07:14.0406784Z Receiving objects:  14% (586/4181)
2025-07-15T22:07:14.0420979Z Receiving objects:  15% (628/4181)
2025-07-15T22:07:14.0429935Z Receiving objects:  16% (669/4181)
2025-07-15T22:07:14.0464601Z Receiving objects:  17% (711/4181)
2025-07-15T22:07:14.0485161Z Receiving objects:  18% (753/4181)
2025-07-15T22:07:14.0530865Z Receiving objects:  19% (795/4181)
2025-07-15T22:07:14.0572568Z Receiving objects:  20% (837/4181)
2025-07-15T22:07:14.0623124Z Receiving objects:  21% (879/4181)
2025-07-15T22:07:14.0674801Z Receiving objects:  22% (920/4181)
2025-07-15T22:07:14.0746944Z Receiving objects:  23% (962/4181)
2025-07-15T22:07:14.0788920Z Receiving objects:  24% (1004/4181)
2025-07-15T22:07:14.0815694Z Receiving objects:  25% (1046/4181)
2025-07-15T22:07:14.0836956Z Receiving objects:  26% (1088/4181)
2025-07-15T22:07:14.0852240Z Receiving objects:  27% (1129/4181)
2025-07-15T22:07:14.0864932Z Receiving objects:  28% (1171/4181)
2025-07-15T22:07:14.0902157Z Receiving objects:  29% (1213/4181)
2025-07-15T22:07:14.0934794Z Receiving objects:  30% (1255/4181)
2025-07-15T22:07:14.0968330Z Receiving objects:  31% (1297/4181)
2025-07-15T22:07:14.1001680Z Receiving objects:  32% (1338/4181)
2025-07-15T22:07:14.1027878Z Receiving objects:  33% (1380/4181)
2025-07-15T22:07:14.1063409Z Receiving objects:  34% (1422/4181)
2025-07-15T22:07:14.1089466Z Receiving objects:  35% (1464/4181)
2025-07-15T22:07:14.1120102Z Receiving objects:  36% (1506/4181)
2025-07-15T22:07:14.1167566Z Receiving objects:  37% (1547/4181)
2025-07-15T22:07:14.1189443Z Receiving objects:  38% (1589/4181)
2025-07-15T22:07:14.1229499Z Receiving objects:  39% (1631/4181)
2025-07-15T22:07:14.1249141Z Receiving objects:  40% (1673/4181)
2025-07-15T22:07:14.1297562Z Receiving objects:  41% (1715/4181)
2025-07-15T22:07:14.1334497Z Receiving objects:  42% (1757/4181)
2025-07-15T22:07:14.1377484Z Receiving objects:  43% (1798/4181)
2025-07-15T22:07:14.1456328Z Receiving objects:  44% (1840/4181)
2025-07-15T22:07:14.1504808Z Receiving objects:  45% (1882/4181)
2025-07-15T22:07:14.1537011Z Receiving objects:  46% (1924/4181)
2025-07-15T22:07:14.1573262Z Receiving objects:  47% (1966/4181)
2025-07-15T22:07:14.1655431Z Receiving objects:  48% (2007/4181)
2025-07-15T22:07:14.1704260Z Receiving objects:  49% (2049/4181)
2025-07-15T22:07:14.1735198Z Receiving objects:  50% (2091/4181)
2025-07-15T22:07:14.1770436Z Receiving objects:  51% (2133/4181)
2025-07-15T22:07:14.1829094Z Receiving objects:  52% (2175/4181)
2025-07-15T22:07:14.1875472Z Receiving objects:  53% (2216/4181)
2025-07-15T22:07:14.1908761Z Receiving objects:  54% (2258/4181)
2025-07-15T22:07:14.1942920Z Receiving objects:  55% (2300/4181)
2025-07-15T22:07:14.1974058Z Receiving objects:  56% (2342/4181)
2025-07-15T22:07:14.2019193Z Receiving objects:  57% (2384/4181)
2025-07-15T22:07:14.2044176Z Receiving objects:  58% (2425/4181)
2025-07-15T22:07:14.2070413Z Receiving objects:  59% (2467/4181)
2025-07-15T22:07:14.2088420Z Receiving objects:  60% (2509/4181)
2025-07-15T22:07:14.2148052Z Receiving objects:  61% (2551/4181)
2025-07-15T22:07:14.2194827Z Receiving objects:  62% (2593/4181)
2025-07-15T22:07:14.2235081Z Receiving objects:  63% (2635/4181)
2025-07-15T22:07:14.2334432Z Receiving objects:  64% (2676/4181)
2025-07-15T22:07:14.2384089Z Receiving objects:  65% (2718/4181)
2025-07-15T22:07:14.2433870Z Receiving objects:  66% (2760/4181)
2025-07-15T22:07:14.2500772Z Receiving objects:  67% (2802/4181)
2025-07-15T22:07:14.2547169Z Receiving objects:  68% (2844/4181)
2025-07-15T22:07:14.2584792Z Receiving objects:  69% (2885/4181)
2025-07-15T22:07:14.2643194Z Receiving objects:  70% (2927/4181)
2025-07-15T22:07:14.2692058Z Receiving objects:  71% (2969/4181)
2025-07-15T22:07:14.2727381Z Receiving objects:  72% (3011/4181)
2025-07-15T22:07:14.2747840Z Receiving objects:  73% (3053/4181)
2025-07-15T22:07:14.2765464Z Receiving objects:  74% (3094/4181)
2025-07-15T22:07:14.2779409Z Receiving objects:  75% (3136/4181)
2025-07-15T22:07:14.2803038Z Receiving objects:  76% (3178/4181)
2025-07-15T22:07:14.2887351Z Receiving objects:  77% (3220/4181)
2025-07-15T22:07:14.2993522Z Receiving objects:  78% (3262/4181)
2025-07-15T22:07:14.3039249Z Receiving objects:  79% (3303/4181)
2025-07-15T22:07:14.3096105Z Receiving objects:  80% (3345/4181)
2025-07-15T22:07:14.3120391Z Receiving objects:  81% (3387/4181)
2025-07-15T22:07:14.3145523Z Receiving objects:  82% (3429/4181)
2025-07-15T22:07:14.3151763Z Receiving objects:  83% (3471/4181)
2025-07-15T22:07:14.3160206Z Receiving objects:  84% (3513/4181)
2025-07-15T22:07:14.3168442Z Receiving objects:  85% (3554/4181)
2025-07-15T22:07:14.3174732Z Receiving objects:  86% (3596/4181)
2025-07-15T22:07:14.3180891Z Receiving objects:  87% (3638/4181)
2025-07-15T22:07:14.3188169Z Receiving objects:  88% (3680/4181)
2025-07-15T22:07:14.3191998Z Receiving objects:  89% (3722/4181)
2025-07-15T22:07:14.3198620Z Receiving objects:  90% (3763/4181)
2025-07-15T22:07:14.3217934Z Receiving objects:  91% (3805/4181)
2025-07-15T22:07:14.3225955Z Receiving objects:  92% (3847/4181)
2025-07-15T22:07:14.3253474Z Receiving objects:  93% (3889/4181)
2025-07-15T22:07:14.3257403Z Receiving objects:  94% (3931/4181)
2025-07-15T22:07:14.3301901Z Receiving objects:  95% (3972/4181)
2025-07-15T22:07:14.3325852Z Receiving objects:  96% (4014/4181)
2025-07-15T22:07:14.3388432Z Receiving objects:  97% (4056/4181)
2025-07-15T22:07:14.3425292Z Receiving objects:  98% (4098/4181)
2025-07-15T22:07:14.3464889Z Receiving objects:  99% (4140/4181)
2025-07-15T22:07:14.3466426Z remote: Total 4181 (delta 578), reused 4158 (delta 571), pack-reused 0 (from 0)        
2025-07-15T22:07:14.3485294Z Receiving objects: 100% (4181/4181)
2025-07-15T22:07:14.3486875Z Receiving objects: 100% (4181/4181), 14.19 MiB | 33.96 MiB/s, done.
2025-07-15T22:07:14.3494097Z Resolving deltas:   0% (0/578)
2025-07-15T22:07:14.3495031Z Resolving deltas:   1% (7/578)
2025-07-15T22:07:14.3495926Z Resolving deltas:   2% (12/578)
2025-07-15T22:07:14.3496939Z Resolving deltas:   3% (18/578)
2025-07-15T22:07:14.3498131Z Resolving deltas:   4% (24/578)
2025-07-15T22:07:14.3499123Z Resolving deltas:   5% (29/578)
2025-07-15T22:07:14.3501864Z Resolving deltas:   6% (35/578)
2025-07-15T22:07:14.3508528Z Resolving deltas:   7% (41/578)
2025-07-15T22:07:14.3514599Z Resolving deltas:   8% (47/578)
2025-07-15T22:07:14.3515550Z Resolving deltas:   9% (53/578)
2025-07-15T22:07:14.3516478Z Resolving deltas:  10% (58/578)
2025-07-15T22:07:14.3523309Z Resolving deltas:  11% (64/578)
2025-07-15T22:07:14.3526209Z Resolving deltas:  12% (70/578)
2025-07-15T22:07:14.3613201Z Resolving deltas:  13% (76/578)
2025-07-15T22:07:14.3614550Z Resolving deltas:  14% (81/578)
2025-07-15T22:07:14.3617460Z Resolving deltas:  15% (87/578)
2025-07-15T22:07:14.3619037Z Resolving deltas:  16% (93/578)
2025-07-15T22:07:14.3620363Z Resolving deltas:  17% (99/578)
2025-07-15T22:07:14.3621734Z Resolving deltas:  18% (105/578)
2025-07-15T22:07:14.3625183Z Resolving deltas:  19% (110/578)
2025-07-15T22:07:14.3626696Z Resolving deltas:  20% (116/578)
2025-07-15T22:07:14.3629401Z Resolving deltas:  21% (123/578)
2025-07-15T22:07:14.3637228Z Resolving deltas:  22% (128/578)
2025-07-15T22:07:14.3641534Z Resolving deltas:  23% (133/578)
2025-07-15T22:07:14.3644505Z Resolving deltas:  24% (139/578)
2025-07-15T22:07:14.3652073Z Resolving deltas:  25% (145/578)
2025-07-15T22:07:14.3653150Z Resolving deltas:  26% (151/578)
2025-07-15T22:07:14.3654145Z Resolving deltas:  27% (157/578)
2025-07-15T22:07:14.3655123Z Resolving deltas:  28% (162/578)
2025-07-15T22:07:14.3656157Z Resolving deltas:  29% (168/578)
2025-07-15T22:07:14.3664317Z Resolving deltas:  30% (174/578)
2025-07-15T22:07:14.3673676Z Resolving deltas:  31% (180/578)
2025-07-15T22:07:14.3675937Z Resolving deltas:  32% (185/578)
2025-07-15T22:07:14.3685574Z Resolving deltas:  33% (191/578)
2025-07-15T22:07:14.3692951Z Resolving deltas:  34% (197/578)
2025-07-15T22:07:14.3694846Z Resolving deltas:  35% (203/578)
2025-07-15T22:07:14.3709792Z Resolving deltas:  36% (209/578)
2025-07-15T22:07:14.3711893Z Resolving deltas:  37% (214/578)
2025-07-15T22:07:14.3714409Z Resolving deltas:  38% (220/578)
2025-07-15T22:07:14.3718559Z Resolving deltas:  39% (226/578)
2025-07-15T22:07:14.3729414Z Resolving deltas:  40% (232/578)
2025-07-15T22:07:14.3796309Z Resolving deltas:  41% (237/578)
2025-07-15T22:07:14.3797426Z Resolving deltas:  42% (243/578)
2025-07-15T22:07:14.3798565Z Resolving deltas:  43% (249/578)
2025-07-15T22:07:14.3799533Z Resolving deltas:  44% (256/578)
2025-07-15T22:07:14.3800474Z Resolving deltas:  45% (261/578)
2025-07-15T22:07:14.3801406Z Resolving deltas:  46% (266/578)
2025-07-15T22:07:14.3802341Z Resolving deltas:  47% (272/578)
2025-07-15T22:07:14.3803276Z Resolving deltas:  48% (278/578)
2025-07-15T22:07:14.3804223Z Resolving deltas:  49% (284/578)
2025-07-15T22:07:14.3805184Z Resolving deltas:  50% (289/578)
2025-07-15T22:07:14.3811414Z Resolving deltas:  51% (295/578)
2025-07-15T22:07:14.3814951Z Resolving deltas:  52% (301/578)
2025-07-15T22:07:14.3823731Z Resolving deltas:  53% (307/578)
2025-07-15T22:07:14.3825817Z Resolving deltas:  54% (313/578)
2025-07-15T22:07:14.3833558Z Resolving deltas:  55% (318/578)
2025-07-15T22:07:14.3836977Z Resolving deltas:  56% (325/578)
2025-07-15T22:07:14.3840797Z Resolving deltas:  57% (330/578)
2025-07-15T22:07:14.3844423Z Resolving deltas:  58% (337/578)
2025-07-15T22:07:14.3856386Z Resolving deltas:  59% (342/578)
2025-07-15T22:07:14.3863192Z Resolving deltas:  60% (347/578)
2025-07-15T22:07:14.3871783Z Resolving deltas:  61% (353/578)
2025-07-15T22:07:14.3875693Z Resolving deltas:  62% (359/578)
2025-07-15T22:07:14.3879790Z Resolving deltas:  63% (365/578)
2025-07-15T22:07:14.3889335Z Resolving deltas:  64% (370/578)
2025-07-15T22:07:14.3892945Z Resolving deltas:  65% (376/578)
2025-07-15T22:07:14.3898781Z Resolving deltas:  66% (382/578)
2025-07-15T22:07:14.3901780Z Resolving deltas:  67% (388/578)
2025-07-15T22:07:14.3905182Z Resolving deltas:  68% (394/578)
2025-07-15T22:07:14.3907713Z Resolving deltas:  69% (399/578)
2025-07-15T22:07:14.3912658Z Resolving deltas:  70% (405/578)
2025-07-15T22:07:14.3919886Z Resolving deltas:  71% (411/578)
2025-07-15T22:07:14.3921610Z Resolving deltas:  72% (417/578)
2025-07-15T22:07:14.3926167Z Resolving deltas:  73% (422/578)
2025-07-15T22:07:14.3930924Z Resolving deltas:  74% (428/578)
2025-07-15T22:07:14.3934704Z Resolving deltas:  75% (434/578)
2025-07-15T22:07:14.3943626Z Resolving deltas:  76% (440/578)
2025-07-15T22:07:14.3952572Z Resolving deltas:  77% (446/578)
2025-07-15T22:07:14.3955859Z Resolving deltas:  78% (451/578)
2025-07-15T22:07:14.3961076Z Resolving deltas:  79% (457/578)
2025-07-15T22:07:14.3966388Z Resolving deltas:  80% (463/578)
2025-07-15T22:07:14.3969495Z Resolving deltas:  81% (469/578)
2025-07-15T22:07:14.3973469Z Resolving deltas:  82% (474/578)
2025-07-15T22:07:14.3974946Z Resolving deltas:  83% (480/578)
2025-07-15T22:07:14.3986664Z Resolving deltas:  84% (487/578)
2025-07-15T22:07:14.4002015Z Resolving deltas:  85% (492/578)
2025-07-15T22:07:14.4007085Z Resolving deltas:  86% (498/578)
2025-07-15T22:07:14.4018171Z Resolving deltas:  87% (503/578)
2025-07-15T22:07:14.4026780Z Resolving deltas:  88% (510/578)
2025-07-15T22:07:14.4039261Z Resolving deltas:  89% (515/578)
2025-07-15T22:07:14.4040684Z Resolving deltas:  90% (521/578)
2025-07-15T22:07:14.4042512Z Resolving deltas:  91% (527/578)
2025-07-15T22:07:14.4043772Z Resolving deltas:  92% (532/578)
2025-07-15T22:07:14.4045591Z Resolving deltas:  93% (538/578)
2025-07-15T22:07:14.4048075Z Resolving deltas:  94% (544/578)
2025-07-15T22:07:14.4049062Z Resolving deltas:  95% (550/578)
2025-07-15T22:07:14.4049903Z Resolving deltas:  96% (555/578)
2025-07-15T22:07:14.4050877Z Resolving deltas:  97% (561/578)
2025-07-15T22:07:14.4051845Z Resolving deltas:  98% (567/578)
2025-07-15T22:07:14.4052785Z Resolving deltas:  99% (573/578)
2025-07-15T22:07:14.4056539Z Resolving deltas: 100% (578/578)
2025-07-15T22:07:14.4057981Z Resolving deltas: 100% (578/578), done.
2025-07-15T22:07:14.4235918Z From https://github.com/Dinesh-4/Devops
2025-07-15T22:07:14.4236974Z  * [new ref]         82c2d623d4c063588d4b6a8bfb6d0424358f32b4 -> origin/main
2025-07-15T22:07:14.4262164Z ##[endgroup]
2025-07-15T22:07:14.4263060Z ##[group]Determining the checkout info
2025-07-15T22:07:14.4264479Z ##[endgroup]
2025-07-15T22:07:14.4265312Z ##[group]Checking out the ref
2025-07-15T22:07:14.4268303Z [command]/usr/bin/git checkout --progress --force -B main refs/remotes/origin/main
2025-07-15T22:07:14.7843371Z Switched to a new branch 'main'
2025-07-15T22:07:14.7844869Z branch 'main' set up to track 'origin/main'.
2025-07-15T22:07:14.7863438Z ##[endgroup]
2025-07-15T22:07:14.7900874Z [command]/usr/bin/git log -1 --format='%H'
2025-07-15T22:07:14.7922912Z '82c2d623d4c063588d4b6a8bfb6d0424358f32b4'
2025-07-15T22:07:14.8160139Z ##[group]Run actions/setup-python@v4
2025-07-15T22:07:14.8160740Z with:
2025-07-15T22:07:14.8161222Z   python-version: 3.10
2025-07-15T22:07:14.8161744Z   check-latest: false
2025-07-15T22:07:14.8162416Z   token: ***
2025-07-15T22:07:14.8162920Z   update-environment: true
2025-07-15T22:07:14.8163478Z   allow-prereleases: false
2025-07-15T22:07:14.8164033Z ##[endgroup]
2025-07-15T22:07:14.9801063Z ##[group]Installed versions
2025-07-15T22:07:14.9888232Z Successfully set up CPython (3.10.18)
2025-07-15T22:07:14.9889984Z ##[endgroup]
2025-07-15T22:07:15.0022504Z ##[group]Run python -m pip install --upgrade pip
2025-07-15T22:07:15.0023321Z [36;1mpython -m pip install --upgrade pip[0m
2025-07-15T22:07:15.0023969Z [36;1mpip install -r requirements.txt[0m
2025-07-15T22:07:15.0066185Z shell: /usr/bin/bash -e {0}
2025-07-15T22:07:15.0066849Z env:
2025-07-15T22:07:15.0067832Z   pythonLocation: /opt/hostedtoolcache/Python/3.10.18/x64
2025-07-15T22:07:15.0068750Z   PKG_CONFIG_PATH: /opt/hostedtoolcache/Python/3.10.18/x64/lib/pkgconfig
2025-07-15T22:07:15.0069650Z   Python_ROOT_DIR: /opt/hostedtoolcache/Python/3.10.18/x64
2025-07-15T22:07:15.0070459Z   Python2_ROOT_DIR: /opt/hostedtoolcache/Python/3.10.18/x64
2025-07-15T22:07:15.0071264Z   Python3_ROOT_DIR: /opt/hostedtoolcache/Python/3.10.18/x64
2025-07-15T22:07:15.0072075Z   LD_LIBRARY_PATH: /opt/hostedtoolcache/Python/3.10.18/x64/lib
2025-07-15T22:07:15.0072821Z ##[endgroup]
2025-07-15T22:07:18.8374119Z Requirement already satisfied: pip in /opt/hostedtoolcache/Python/3.10.18/x64/lib/python3.10/site-packages (25.1.1)
2025-07-15T22:07:19.9330103Z Collecting Flask==3.1.0 (from -r requirements.txt (line 1))
2025-07-15T22:07:19.9684924Z   Downloading flask-3.1.0-py3-none-any.whl.metadata (2.7 kB)
2025-07-15T22:07:19.9821475Z Collecting Flask-PyMongo==3.0.1 (from -r requirements.txt (line 2))
2025-07-15T22:07:19.9862245Z   Downloading flask_pymongo-3.0.1-py3-none-any.whl.metadata (3.5 kB)
2025-07-15T22:07:20.0368376Z Collecting pytest==8.2.1 (from -r requirements.txt (line 3))
2025-07-15T22:07:20.0402771Z   Downloading pytest-8.2.1-py3-none-any.whl.metadata (7.6 kB)
2025-07-15T22:07:20.0540502Z Collecting blinker==1.9.0 (from -r requirements.txt (line 4))
2025-07-15T22:07:20.0571745Z   Downloading blinker-1.9.0-py3-none-any.whl.metadata (1.6 kB)
2025-07-15T22:07:20.0761369Z Collecting certifi==2025.7.14 (from -r requirements.txt (line 5))
2025-07-15T22:07:20.0794538Z   Downloading certifi-2025.7.14-py3-none-any.whl.metadata (2.4 kB)
2025-07-15T22:07:20.1644653Z Collecting charset-normalizer==3.4.2 (from -r requirements.txt (line 6))
2025-07-15T22:07:20.1680195Z   Downloading charset_normalizer-3.4.2-cp310-cp310-manylinux_2_17_x86_64.manylinux2014_x86_64.whl.metadata (35 kB)
2025-07-15T22:07:20.1886226Z Collecting click==8.2.1 (from -r requirements.txt (line 7))
2025-07-15T22:07:20.1922582Z   Downloading click-8.2.1-py3-none-any.whl.metadata (2.5 kB)
2025-07-15T22:07:20.2054890Z Collecting dnspython==2.7.0 (from -r requirements.txt (line 8))
2025-07-15T22:07:20.2084846Z   Downloading dnspython-2.7.0-py3-none-any.whl.metadata (5.8 kB)
2025-07-15T22:07:20.2289611Z Collecting idna==3.10 (from -r requirements.txt (line 9))
2025-07-15T22:07:20.2333271Z   Downloading idna-3.10-py3-none-any.whl.metadata (10 kB)
2025-07-15T22:07:20.2461012Z Collecting itsdangerous==2.2.0 (from -r requirements.txt (line 10))
2025-07-15T22:07:20.2495473Z   Downloading itsdangerous-2.2.0-py3-none-any.whl.metadata (1.9 kB)
2025-07-15T22:07:20.2652806Z Collecting Jinja2==3.1.6 (from -r requirements.txt (line 11))
2025-07-15T22:07:20.2686623Z   Downloading jinja2-3.1.6-py3-none-any.whl.metadata (2.9 kB)
2025-07-15T22:07:20.3268437Z Collecting MarkupSafe==3.0.2 (from -r requirements.txt (line 12))
2025-07-15T22:07:20.3317421Z   Downloading MarkupSafe-3.0.2-cp310-cp310-manylinux_2_17_x86_64.manylinux2014_x86_64.whl.metadata (4.0 kB)
2025-07-15T22:07:20.3424993Z Collecting paho-mqtt==2.1.0 (from -r requirements.txt (line 13))
2025-07-15T22:07:20.3463767Z   Downloading paho_mqtt-2.1.0-py3-none-any.whl.metadata (23 kB)
2025-07-15T22:07:20.6868106Z Collecting pymongo==4.13.2 (from -r requirements.txt (line 14))
2025-07-15T22:07:20.6924045Z   Downloading pymongo-4.13.2-cp310-cp310-manylinux_2_17_x86_64.manylinux2014_x86_64.whl.metadata (22 kB)
2025-07-15T22:07:20.7158408Z Collecting python-dotenv==1.1.1 (from -r requirements.txt (line 15))
2025-07-15T22:07:20.7190165Z   Downloading python_dotenv-1.1.1-py3-none-any.whl.metadata (24 kB)
2025-07-15T22:07:20.7477019Z Collecting requests==2.32.4 (from -r requirements.txt (line 16))
2025-07-15T22:07:20.7514952Z   Downloading requests-2.32.4-py3-none-any.whl.metadata (4.9 kB)
2025-07-15T22:07:20.7787346Z Collecting urllib3==2.5.0 (from -r requirements.txt (line 17))
2025-07-15T22:07:20.7816942Z   Downloading urllib3-2.5.0-py3-none-any.whl.metadata (6.5 kB)
2025-07-15T22:07:20.8056287Z Collecting Werkzeug==3.1.3 (from -r requirements.txt (line 18))
2025-07-15T22:07:20.8087737Z   Downloading werkzeug-3.1.3-py3-none-any.whl.metadata (3.7 kB)
2025-07-15T22:07:20.8222917Z Collecting autodevops-cli==0.1.1 (from -r requirements.txt (line 19))
2025-07-15T22:07:20.8262809Z   Downloading autodevops_cli-0.1.1-py3-none-any.whl.metadata (494 bytes)
2025-07-15T22:07:20.8358022Z Collecting iniconfig==2.1.0 (from -r requirements.txt (line 20))
2025-07-15T22:07:20.8402131Z   Downloading iniconfig-2.1.0-py3-none-any.whl.metadata (2.7 kB)
2025-07-15T22:07:20.8523063Z Collecting loguru==0.7.3 (from -r requirements.txt (line 21))
2025-07-15T22:07:20.8553670Z   Downloading loguru-0.7.3-py3-none-any.whl.metadata (22 kB)
2025-07-15T22:07:20.8788178Z Collecting markdown-it-py==3.0.0 (from -r requirements.txt (line 22))
2025-07-15T22:07:20.8821192Z   Downloading markdown_it_py-3.0.0-py3-none-any.whl.metadata (6.9 kB)
2025-07-15T22:07:20.9009768Z Collecting mdurl==0.1.2 (from -r requirements.txt (line 23))
2025-07-15T22:07:20.9048710Z   Downloading mdurl-0.1.2-py3-none-any.whl.metadata (1.6 kB)
2025-07-15T22:07:20.9331629Z Collecting mongomock==4.3.0 (from -r requirements.txt (line 24))
2025-07-15T22:07:20.9381126Z   Downloading mongomock-4.3.0-py2.py3-none-any.whl.metadata (12 kB)
2025-07-15T22:07:21.0499298Z Collecting packaging==25.0 (from -r requirements.txt (line 25))
2025-07-15T22:07:21.0529259Z   Downloading packaging-25.0-py3-none-any.whl.metadata (3.3 kB)
2025-07-15T22:07:21.0653067Z Collecting pluggy==1.6.0 (from -r requirements.txt (line 26))
2025-07-15T22:07:21.0684027Z   Downloading pluggy-1.6.0-py3-none-any.whl.metadata (4.8 kB)
2025-07-15T22:07:21.0889884Z Collecting Pygments==2.19.2 (from -r requirements.txt (line 27))
2025-07-15T22:07:21.0924507Z   Downloading pygments-2.19.2-py3-none-any.whl.metadata (2.5 kB)
2025-07-15T22:07:21.1350250Z Collecting pytz==2025.2 (from -r requirements.txt (line 28))
2025-07-15T22:07:21.1386353Z   Downloading pytz-2025.2-py2.py3-none-any.whl.metadata (22 kB)
2025-07-15T22:07:21.1797093Z Collecting rich==14.0.0 (from -r requirements.txt (line 29))
2025-07-15T22:07:21.1828601Z   Downloading rich-14.0.0-py3-none-any.whl.metadata (18 kB)
2025-07-15T22:07:21.1931615Z Collecting sentinels==1.0.0 (from -r requirements.txt (line 30))
2025-07-15T22:07:21.1965600Z   Downloading sentinels-1.0.0.tar.gz (4.1 kB)
2025-07-15T22:07:21.2049283Z   Installing build dependencies: started
2025-07-15T22:07:22.4866123Z   Installing build dependencies: finished with status 'done'
2025-07-15T22:07:22.4875377Z   Getting requirements to build wheel: started
2025-07-15T22:07:22.8933633Z   Getting requirements to build wheel: finished with status 'done'
2025-07-15T22:07:22.8943604Z   Preparing metadata (pyproject.toml): started
2025-07-15T22:07:23.0923364Z   Preparing metadata (pyproject.toml): finished with status 'done'
2025-07-15T22:07:23.1076566Z Collecting sh==2.2.2 (from -r requirements.txt (line 31))
2025-07-15T22:07:23.1120826Z   Downloading sh-2.2.2-py3-none-any.whl.metadata (3.7 kB)
2025-07-15T22:07:23.1530668Z Collecting exceptiongroup>=1.0.0rc8 (from pytest==8.2.1->-r requirements.txt (line 3))
2025-07-15T22:07:23.1565963Z   Downloading exceptiongroup-1.3.0-py3-none-any.whl.metadata (6.7 kB)
2025-07-15T22:07:23.1733893Z Collecting tomli>=1 (from pytest==8.2.1->-r requirements.txt (line 3))
2025-07-15T22:07:23.1762226Z   Downloading tomli-2.2.1-py3-none-any.whl.metadata (10 kB)
2025-07-15T22:07:23.2516689Z Collecting typing-extensions<5.0,>=4.0.0 (from rich==14.0.0->-r requirements.txt (line 29))
2025-07-15T22:07:23.2556817Z   Downloading typing_extensions-4.14.1-py3-none-any.whl.metadata (3.0 kB)
2025-07-15T22:07:23.2766986Z Downloading flask-3.1.0-py3-none-any.whl (102 kB)
2025-07-15T22:07:23.2841207Z Downloading flask_pymongo-3.0.1-py3-none-any.whl (11 kB)
2025-07-15T22:07:23.2913033Z Downloading pytest-8.2.1-py3-none-any.whl (339 kB)
2025-07-15T22:07:23.2983286Z Downloading pluggy-1.6.0-py3-none-any.whl (20 kB)
2025-07-15T22:07:23.3033737Z Downloading blinker-1.9.0-py3-none-any.whl (8.5 kB)
2025-07-15T22:07:23.3080927Z Downloading certifi-2025.7.14-py3-none-any.whl (162 kB)
2025-07-15T22:07:23.3137887Z Downloading charset_normalizer-3.4.2-cp310-cp310-manylinux_2_17_x86_64.manylinux2014_x86_64.whl (149 kB)
2025-07-15T22:07:23.3195149Z Downloading click-8.2.1-py3-none-any.whl (102 kB)
2025-07-15T22:07:23.3414939Z Downloading dnspython-2.7.0-py3-none-any.whl (313 kB)
2025-07-15T22:07:23.3540208Z Downloading idna-3.10-py3-none-any.whl (70 kB)
2025-07-15T22:07:23.3589205Z Downloading itsdangerous-2.2.0-py3-none-any.whl (16 kB)
2025-07-15T22:07:23.3639223Z Downloading jinja2-3.1.6-py3-none-any.whl (134 kB)
2025-07-15T22:07:23.3699987Z Downloading MarkupSafe-3.0.2-cp310-cp310-manylinux_2_17_x86_64.manylinux2014_x86_64.whl (20 kB)
2025-07-15T22:07:23.3764023Z Downloading paho_mqtt-2.1.0-py3-none-any.whl (67 kB)
2025-07-15T22:07:23.3821808Z Downloading pymongo-4.13.2-cp310-cp310-manylinux_2_17_x86_64.manylinux2014_x86_64.whl (1.2 MB)
2025-07-15T22:07:23.3928623Z    ━━━━━━━━━━━━━━━━━━━━━━━━━━━━━━━━━━━━━━━━ 1.2/1.2 MB 136.8 MB/s eta 0:00:00
2025-07-15T22:07:23.3960186Z Downloading python_dotenv-1.1.1-py3-none-any.whl (20 kB)
2025-07-15T22:07:23.4016764Z Downloading requests-2.32.4-py3-none-any.whl (64 kB)
2025-07-15T22:07:23.4068179Z Downloading urllib3-2.5.0-py3-none-any.whl (129 kB)
2025-07-15T22:07:23.4119523Z Downloading werkzeug-3.1.3-py3-none-any.whl (224 kB)
2025-07-15T22:07:23.4187265Z Downloading autodevops_cli-0.1.1-py3-none-any.whl (4.1 kB)
2025-07-15T22:07:23.4240357Z Downloading iniconfig-2.1.0-py3-none-any.whl (6.0 kB)
2025-07-15T22:07:23.4287814Z Downloading loguru-0.7.3-py3-none-any.whl (61 kB)
2025-07-15T22:07:23.4338019Z Downloading markdown_it_py-3.0.0-py3-none-any.whl (87 kB)
2025-07-15T22:07:23.4395702Z Downloading mdurl-0.1.2-py3-none-any.whl (10.0 kB)
2025-07-15T22:07:23.4447142Z Downloading mongomock-4.3.0-py2.py3-none-any.whl (64 kB)
2025-07-15T22:07:23.4500209Z Downloading packaging-25.0-py3-none-any.whl (66 kB)
2025-07-15T22:07:23.4553838Z Downloading pygments-2.19.2-py3-none-any.whl (1.2 MB)
2025-07-15T22:07:23.4645947Z    ━━━━━━━━━━━━━━━━━━━━━━━━━━━━━━━━━━━━━━━━ 1.2/1.2 MB 147.5 MB/s eta 0:00:00
2025-07-15T22:07:23.4676232Z Downloading pytz-2025.2-py2.py3-none-any.whl (509 kB)
2025-07-15T22:07:23.4747223Z Downloading rich-14.0.0-py3-none-any.whl (243 kB)
2025-07-15T22:07:23.4834737Z Downloading sh-2.2.2-py3-none-any.whl (38 kB)
2025-07-15T22:07:23.4890097Z Downloading typing_extensions-4.14.1-py3-none-any.whl (43 kB)
2025-07-15T22:07:23.4966001Z Downloading exceptiongroup-1.3.0-py3-none-any.whl (16 kB)
2025-07-15T22:07:23.5020725Z Downloading tomli-2.2.1-py3-none-any.whl (14 kB)
2025-07-15T22:07:23.5379515Z Building wheels for collected packages: sentinels
2025-07-15T22:07:23.5388572Z   Building wheel for sentinels (pyproject.toml): started
2025-07-15T22:07:23.7356028Z   Building wheel for sentinels (pyproject.toml): finished with status 'done'
2025-07-15T22:07:23.7361779Z   Created wheel for sentinels: filename=sentinels-1.0.0-py3-none-any.whl size=3229 sha256=45bdce84d8ab7a18e694eb424db86955285d8f7db64f26f922bc7460984722bf
2025-07-15T22:07:23.7363463Z   Stored in directory: /home/runner/.cache/pip/wheels/26/bc/eb/67e56405e0684b3d8c011cf4d18129c41be394775fd5ba2347
2025-07-15T22:07:23.7379354Z Successfully built sentinels
2025-07-15T22:07:23.8186623Z Installing collected packages: sentinels, pytz, urllib3, typing-extensions, tomli, sh, python-dotenv, Pygments, pluggy, paho-mqtt, packaging, mdurl, MarkupSafe, loguru, itsdangerous, iniconfig, idna, dnspython, click, charset-normalizer, certifi, blinker, Werkzeug, requests, pymongo, mongomock, markdown-it-py, Jinja2, exceptiongroup, rich, pytest, Flask, Flask-PyMongo, autodevops-cli
2025-07-15T22:07:26.2469413Z 
2025-07-15T22:07:26.2531168Z Successfully installed Flask-3.1.0 Flask-PyMongo-3.0.1 Jinja2-3.1.6 MarkupSafe-3.0.2 Pygments-2.19.2 Werkzeug-3.1.3 autodevops-cli-0.1.1 blinker-1.9.0 certifi-2025.7.14 charset-normalizer-3.4.2 click-8.2.1 dnspython-2.7.0 exceptiongroup-1.3.0 idna-3.10 iniconfig-2.1.0 itsdangerous-2.2.0 loguru-0.7.3 markdown-it-py-3.0.0 mdurl-0.1.2 mongomock-4.3.0 packaging-25.0 paho-mqtt-2.1.0 pluggy-1.6.0 pymongo-4.13.2 pytest-8.2.1 python-dotenv-1.1.1 pytz-2025.2 requests-2.32.4 rich-14.0.0 sentinels-1.0.0 sh-2.2.2 tomli-2.2.1 typing-extensions-4.14.1 urllib3-2.5.0
2025-07-15T22:07:26.3888062Z ##[group]Run export PYTHONPATH=.
2025-07-15T22:07:26.3888398Z [36;1mexport PYTHONPATH=.[0m
2025-07-15T22:07:26.3888629Z [36;1mpytest test_main.py -v[0m
2025-07-15T22:07:26.3916726Z shell: /usr/bin/bash -e {0}
2025-07-15T22:07:26.3916941Z env:
2025-07-15T22:07:26.3917198Z   pythonLocation: /opt/hostedtoolcache/Python/3.10.18/x64
2025-07-15T22:07:26.3917793Z   PKG_CONFIG_PATH: /opt/hostedtoolcache/Python/3.10.18/x64/lib/pkgconfig
2025-07-15T22:07:26.3918183Z   Python_ROOT_DIR: /opt/hostedtoolcache/Python/3.10.18/x64
2025-07-15T22:07:26.3918533Z   Python2_ROOT_DIR: /opt/hostedtoolcache/Python/3.10.18/x64
2025-07-15T22:07:26.3918876Z   Python3_ROOT_DIR: /opt/hostedtoolcache/Python/3.10.18/x64
2025-07-15T22:07:26.3919212Z   LD_LIBRARY_PATH: /opt/hostedtoolcache/Python/3.10.18/x64/lib
2025-07-15T22:07:26.3919505Z ##[endgroup]
2025-07-15T22:07:26.9458693Z ============================= test session starts ==============================
2025-07-15T22:07:26.9459847Z platform linux -- Python 3.10.18, pytest-8.2.1, pluggy-1.6.0 -- /opt/hostedtoolcache/Python/3.10.18/x64/bin/python
2025-07-15T22:07:26.9460717Z cachedir: .pytest_cache
2025-07-15T22:07:26.9461181Z rootdir: /home/runner/work/Devops/Devops
2025-07-15T22:07:27.2950865Z collecting ... collected 7 items
2025-07-15T22:07:27.2951288Z 
2025-07-15T22:07:27.3225405Z test_main.py::test_home_page PASSED                                      [ 14%]
2025-07-15T22:07:27.3669802Z test_main.py::test_admin_dashboard PASSED                                [ 28%]
2025-07-15T22:07:27.3785193Z test_main.py::test_student_dashboard PASSED                              [ 42%]
2025-07-15T22:07:27.3842935Z test_main.py::test_generate_attendance_no_input PASSED                   [ 57%]
2025-07-15T22:07:27.3886057Z test_main.py::test_student_generate_attendance_invalid PASSED            [ 71%]
2025-07-15T22:07:27.3946852Z test_main.py::test_register_user_get PASSED                              [ 85%]
2025-07-15T22:07:27.4005674Z test_main.py::test_receive_rfid_missing PASSED                           [100%]
2025-07-15T22:07:27.4006080Z 
2025-07-15T22:07:27.4006221Z ============================== 7 passed in 0.45s ===============================
2025-07-15T22:07:27.4460835Z ##[group]Run docker/login-action@v3
2025-07-15T22:07:27.4461097Z with:
2025-07-15T22:07:27.4461581Z   username: ***
2025-07-15T22:07:27.4461829Z   password: ***
2025-07-15T22:07:27.4461999Z   ecr: auto
2025-07-15T22:07:27.4462161Z   logout: true
2025-07-15T22:07:27.4462328Z env:
2025-07-15T22:07:27.4462560Z   pythonLocation: /opt/hostedtoolcache/Python/3.10.18/x64
2025-07-15T22:07:27.4462961Z   PKG_CONFIG_PATH: /opt/hostedtoolcache/Python/3.10.18/x64/lib/pkgconfig
2025-07-15T22:07:27.4463364Z   Python_ROOT_DIR: /opt/hostedtoolcache/Python/3.10.18/x64
2025-07-15T22:07:27.4463703Z   Python2_ROOT_DIR: /opt/hostedtoolcache/Python/3.10.18/x64
2025-07-15T22:07:27.4464054Z   Python3_ROOT_DIR: /opt/hostedtoolcache/Python/3.10.18/x64
2025-07-15T22:07:27.4464402Z   LD_LIBRARY_PATH: /opt/hostedtoolcache/Python/3.10.18/x64/lib
2025-07-15T22:07:27.4464691Z ##[endgroup]
2025-07-15T22:07:27.7248515Z Logging into Docker Hub...
2025-07-15T22:07:27.8848516Z Login Succeeded!
2025-07-15T22:07:27.8989550Z ##[group]Run docker build -t ***/flask-ci-cd-demo .
2025-07-15T22:07:27.8989987Z [36;1mdocker build -t ***/flask-ci-cd-demo .[0m
2025-07-15T22:07:27.9018062Z shell: /usr/bin/bash -e {0}
2025-07-15T22:07:27.9018312Z env:
2025-07-15T22:07:27.9018556Z   pythonLocation: /opt/hostedtoolcache/Python/3.10.18/x64
2025-07-15T22:07:27.9018964Z   PKG_CONFIG_PATH: /opt/hostedtoolcache/Python/3.10.18/x64/lib/pkgconfig
2025-07-15T22:07:27.9019354Z   Python_ROOT_DIR: /opt/hostedtoolcache/Python/3.10.18/x64
2025-07-15T22:07:27.9019704Z   Python2_ROOT_DIR: /opt/hostedtoolcache/Python/3.10.18/x64
2025-07-15T22:07:27.9020046Z   Python3_ROOT_DIR: /opt/hostedtoolcache/Python/3.10.18/x64
2025-07-15T22:07:27.9020402Z   LD_LIBRARY_PATH: /opt/hostedtoolcache/Python/3.10.18/x64/lib
2025-07-15T22:07:27.9020697Z ##[endgroup]
2025-07-15T22:07:28.3652216Z #0 building with "default" instance using docker driver
2025-07-15T22:07:28.3652601Z 
2025-07-15T22:07:28.3652845Z #1 [internal] load build definition from Dockerfile
2025-07-15T22:07:28.3653610Z #1 transferring dockerfile: 798B done
2025-07-15T22:07:28.3653864Z #1 DONE 0.0s
2025-07-15T22:07:28.3653991Z 
2025-07-15T22:07:28.3654159Z #2 [auth] library/python:pull token for registry-1.docker.io
2025-07-15T22:07:28.3654480Z #2 DONE 0.0s
2025-07-15T22:07:28.3654593Z 
2025-07-15T22:07:28.3654768Z #3 [internal] load metadata for docker.io/library/python:3.10-slim
2025-07-15T22:07:28.4780587Z #3 DONE 0.3s
2025-07-15T22:07:28.5967010Z 
2025-07-15T22:07:28.5968128Z #4 [internal] load .dockerignore
2025-07-15T22:07:28.5968655Z #4 transferring context: 2B done
2025-07-15T22:07:28.5969064Z #4 DONE 0.0s
2025-07-15T22:07:28.5969258Z 
2025-07-15T22:07:28.5969849Z #5 [1/6] FROM docker.io/library/python:3.10-slim@sha256:9dd6774a1276178f94b0cc1fb1f0edd980825d0ea7634847af9940b1b6273c13
2025-07-15T22:07:28.5971141Z #5 resolve docker.io/library/python:3.10-slim@sha256:9dd6774a1276178f94b0cc1fb1f0edd980825d0ea7634847af9940b1b6273c13 done
2025-07-15T22:07:28.5972386Z #5 sha256:c5dbd5ba857839a0aa9db765ea519c1514a40da811b4cf08c852b72fab4379d5 1.75kB / 1.75kB done
2025-07-15T22:07:28.5973460Z #5 sha256:563dffbdc42507a70677ee28b4bb678ad9074e3c9f75e3043523a38dcdf4f553 5.37kB / 5.37kB done
2025-07-15T22:07:28.5974590Z #5 sha256:3da95a905ed546f99c4564407923a681757d89651a388ec3f1f5e9bf5ed0b39d 5.24MB / 28.23MB 0.1s
2025-07-15T22:07:28.5977471Z #5 sha256:0ebcc011f0ec7a9a900f7366b104730396a59032e64f04f3867a75f25ed48280 2.10MB / 3.51MB 0.1s
2025-07-15T22:07:28.6012149Z #5 sha256:92d63ec5cbeb1348bad42929919fd8e78f38d96e388b5509d2929d76ddafb48e 6.29MB / 15.65MB 0.1s
2025-07-15T22:07:28.6073476Z #5 sha256:9dd6774a1276178f94b0cc1fb1f0edd980825d0ea7634847af9940b1b6273c13 9.13kB / 9.13kB done
2025-07-15T22:07:28.6980774Z #5 sha256:3da95a905ed546f99c4564407923a681757d89651a388ec3f1f5e9bf5ed0b39d 22.02MB / 28.23MB 0.2s
2025-07-15T22:07:28.6981930Z #5 sha256:0ebcc011f0ec7a9a900f7366b104730396a59032e64f04f3867a75f25ed48280 3.51MB / 3.51MB 0.1s done
2025-07-15T22:07:28.6983080Z #5 sha256:92d63ec5cbeb1348bad42929919fd8e78f38d96e388b5509d2929d76ddafb48e 15.65MB / 15.65MB 0.1s done
2025-07-15T22:07:28.6984267Z #5 sha256:64b78282ca88b226c404cb8dfdee72b75eea52c9ac7380c0439b6e03992e483f 248B / 248B 0.1s done
2025-07-15T22:07:28.8002179Z #5 sha256:3da95a905ed546f99c4564407923a681757d89651a388ec3f1f5e9bf5ed0b39d 28.23MB / 28.23MB 0.3s done
2025-07-15T22:07:28.9240877Z #5 extracting sha256:3da95a905ed546f99c4564407923a681757d89651a388ec3f1f5e9bf5ed0b39d 0.1s
2025-07-15T22:07:29.2454766Z #5 ...
2025-07-15T22:07:29.2455247Z 
2025-07-15T22:07:29.2456803Z #6 [internal] load build context
2025-07-15T22:07:29.2457320Z #6 transferring context: 64.96MB 0.7s done
2025-07-15T22:07:29.2458419Z #6 DONE 0.7s
2025-07-15T22:07:29.2458609Z 
2025-07-15T22:07:29.2459175Z #5 [1/6] FROM docker.io/library/python:3.10-slim@sha256:9dd6774a1276178f94b0cc1fb1f0edd980825d0ea7634847af9940b1b6273c13
2025-07-15T22:07:30.0494124Z #5 extracting sha256:3da95a905ed546f99c4564407923a681757d89651a388ec3f1f5e9bf5ed0b39d 1.2s done
2025-07-15T22:07:30.1898073Z #5 extracting sha256:0ebcc011f0ec7a9a900f7366b104730396a59032e64f04f3867a75f25ed48280 0.1s
2025-07-15T22:07:30.3450828Z #5 extracting sha256:0ebcc011f0ec7a9a900f7366b104730396a59032e64f04f3867a75f25ed48280 0.1s done
2025-07-15T22:07:30.6499117Z #5 extracting sha256:92d63ec5cbeb1348bad42929919fd8e78f38d96e388b5509d2929d76ddafb48e
2025-07-15T22:07:31.5276561Z #5 extracting sha256:92d63ec5cbeb1348bad42929919fd8e78f38d96e388b5509d2929d76ddafb48e 0.6s done
2025-07-15T22:07:31.5277234Z #5 extracting sha256:64b78282ca88b226c404cb8dfdee72b75eea52c9ac7380c0439b6e03992e483f done
2025-07-15T22:07:31.5277842Z #5 DONE 2.9s
2025-07-15T22:07:31.5277962Z 
2025-07-15T22:07:31.5278371Z #7 [2/6] RUN apt-get update &&     apt-get install -y --no-install-recommends     build-essential     curl     nano     git     && rm -rf /var/lib/apt/lists/*
2025-07-15T22:07:31.5665463Z #7 0.189 Get:1 http://deb.debian.org/debian bookworm InRelease [151 kB]
2025-07-15T22:07:31.6791643Z #7 0.198 Get:2 http://deb.debian.org/debian bookworm-updates InRelease [55.4 kB]
2025-07-15T22:07:31.6792572Z #7 0.198 Get:3 http://deb.debian.org/debian-security bookworm-security InRelease [48.0 kB]
2025-07-15T22:07:31.6793452Z #7 0.252 Get:4 http://deb.debian.org/debian bookworm/main amd64 Packages [8793 kB]
2025-07-15T22:07:31.6794282Z #7 0.302 Get:5 http://deb.debian.org/debian bookworm-updates/main amd64 Packages [756 B]
2025-07-15T22:07:31.8740936Z #7 0.346 Get:6 http://deb.debian.org/debian-security bookworm-security/main amd64 Packages [272 kB]
2025-07-15T22:07:32.4284091Z #7 1.051 Fetched 9320 kB in 1s (10.3 MB/s)
2025-07-15T22:07:32.8099457Z #7 1.051 Reading package lists...
2025-07-15T22:07:33.2071795Z #7 1.449 Reading package lists...
2025-07-15T22:07:33.3984067Z #7 1.839 Building dependency tree...
2025-07-15T22:07:33.3984610Z #7 1.929 Reading state information...
2025-07-15T22:07:33.3985128Z #7 2.021 The following additional packages will be installed:
2025-07-15T22:07:33.3985919Z #7 2.021   binutils binutils-common binutils-x86-64-linux-gnu bzip2 cpp cpp-12 dpkg-dev
2025-07-15T22:07:33.3986779Z #7 2.021   g++ g++-12 gcc gcc-12 git-man libasan8 libatomic1 libbinutils libbrotli1
2025-07-15T22:07:33.3987529Z #7 2.021   libc-dev-bin libc6-dev libcc1-0 libcrypt-dev libctf-nobfd0 libctf0
2025-07-15T22:07:33.5499280Z #7 2.021   libcurl3-gnutls libcurl4 libdpkg-perl liberror-perl libexpat1 libgcc-12-dev
2025-07-15T22:07:33.5500111Z #7 2.021   libgdbm-compat4 libgomp1 libgprofng0 libisl23 libitm1 libjansson4
2025-07-15T22:07:33.5500607Z #7 2.021   libldap-2.5-0 liblsan0 libmpc3 libmpfr6 libnghttp2-14 libnsl-dev libperl5.36
2025-07-15T22:07:33.5501112Z #7 2.021   libpsl5 libquadmath0 librtmp1 libsasl2-2 libsasl2-modules-db libssh2-1
2025-07-15T22:07:33.5501609Z #7 2.021   libstdc++-12-dev libtirpc-dev libtsan2 libubsan1 linux-libc-dev make patch
2025-07-15T22:07:33.5502280Z #7 2.021   perl perl-modules-5.36 rpcsvc-proto xz-utils
2025-07-15T22:07:33.5502576Z #7 2.022 Suggested packages:
2025-07-15T22:07:33.5502938Z #7 2.022   binutils-doc bzip2-doc cpp-doc gcc-12-locales cpp-12-doc debian-keyring
2025-07-15T22:07:33.5503418Z #7 2.022   g++-multilib g++-12-multilib gcc-12-doc gcc-multilib manpages-dev autoconf
2025-07-15T22:07:33.5504160Z #7 2.022   automake libtool flex bison gdb gcc-doc gcc-12-multilib gettext-base
2025-07-15T22:07:33.5504623Z #7 2.022   git-daemon-run | git-daemon-sysvinit git-doc git-email git-gui gitk gitweb
2025-07-15T22:07:33.5505103Z #7 2.022   git-cvs git-mediawiki git-svn glibc-doc gnupg | sq | sqop | pgpainless-cli
2025-07-15T22:07:33.5505567Z #7 2.022   sensible-utils bzr libstdc++-12-doc make-doc hunspell ed diffutils-doc
2025-07-15T22:07:33.5506049Z #7 2.022   perl-doc libterm-readline-gnu-perl | libterm-readline-perl-perl
2025-07-15T22:07:33.5506439Z #7 2.022   libtap-harness-archive-perl
2025-07-15T22:07:33.5506703Z #7 2.022 Recommended packages:
2025-07-15T22:07:33.5507035Z #7 2.022   fakeroot gnupg | sq | sqop | pgpainless-cli libalgorithm-merge-perl less
2025-07-15T22:07:33.5507961Z #7 2.022   ssh-client manpages manpages-dev libc-devtools libfile-fcntllock-perl
2025-07-15T22:07:33.5508516Z #7 2.022   liblocale-gettext-perl libldap-common publicsuffix libsasl2-modules
2025-07-15T22:07:33.6398650Z #7 2.262 The following NEW packages will be installed:
2025-07-15T22:07:33.6399420Z #7 2.262   binutils binutils-common binutils-x86-64-linux-gnu build-essential bzip2 cpp
2025-07-15T22:07:33.7451702Z #7 2.263   cpp-12 curl dpkg-dev g++ g++-12 gcc gcc-12 git git-man libasan8 libatomic1
2025-07-15T22:07:33.7452292Z #7 2.263   libbinutils libbrotli1 libc-dev-bin libc6-dev libcc1-0 libcrypt-dev
2025-07-15T22:07:33.7453062Z #7 2.263   libctf-nobfd0 libctf0 libcurl3-gnutls libcurl4 libdpkg-perl liberror-perl
2025-07-15T22:07:33.7453906Z #7 2.263   libexpat1 libgcc-12-dev libgdbm-compat4 libgomp1 libgprofng0 libisl23
2025-07-15T22:07:33.7454730Z #7 2.263   libitm1 libjansson4 libldap-2.5-0 liblsan0 libmpc3 libmpfr6 libnghttp2-14
2025-07-15T22:07:33.7455533Z #7 2.263   libnsl-dev libperl5.36 libpsl5 libquadmath0 librtmp1 libsasl2-2
2025-07-15T22:07:33.7456338Z #7 2.263   libsasl2-modules-db libssh2-1 libstdc++-12-dev libtirpc-dev libtsan2
2025-07-15T22:07:33.7457179Z #7 2.263   libubsan1 linux-libc-dev make nano patch perl perl-modules-5.36 rpcsvc-proto
2025-07-15T22:07:33.7458054Z #7 2.263   xz-utils
2025-07-15T22:07:33.7458518Z #7 2.327 0 upgraded, 62 newly installed, 0 to remove and 0 not upgraded.
2025-07-15T22:07:33.7459090Z #7 2.327 Need to get 85.7 MB of archives.
2025-07-15T22:07:33.7459666Z #7 2.327 After this operation, 370 MB of additional disk space will be used.
2025-07-15T22:07:33.7460616Z #7 2.327 Get:1 http://deb.debian.org/debian bookworm/main amd64 perl-modules-5.36 all 5.36.0-7+deb12u2 [2815 kB]
2025-07-15T22:07:33.7461677Z #7 2.347 Get:2 http://deb.debian.org/debian bookworm/main amd64 libgdbm-compat4 amd64 1.23-3 [48.2 kB]
2025-07-15T22:07:33.7462858Z #7 2.348 Get:3 http://deb.debian.org/debian bookworm/main amd64 libperl5.36 amd64 5.36.0-7+deb12u2 [4207 kB]
2025-07-15T22:07:33.7463793Z #7 2.368 Get:4 http://deb.debian.org/debian bookworm/main amd64 perl amd64 5.36.0-7+deb12u2 [239 kB]
2025-07-15T22:07:33.8560223Z #7 2.369 Get:5 http://deb.debian.org/debian bookworm/main amd64 nano amd64 7.2-1+deb12u1 [690 kB]
2025-07-15T22:07:33.8561514Z #7 2.373 Get:6 http://deb.debian.org/debian bookworm/main amd64 bzip2 amd64 1.0.8-5+b1 [49.8 kB]
2025-07-15T22:07:33.8562499Z #7 2.374 Get:7 http://deb.debian.org/debian bookworm/main amd64 xz-utils amd64 5.4.1-1 [471 kB]
2025-07-15T22:07:33.8563494Z #7 2.376 Get:8 http://deb.debian.org/debian bookworm/main amd64 binutils-common amd64 2.40-2 [2487 kB]
2025-07-15T22:07:33.8564393Z #7 2.388 Get:9 http://deb.debian.org/debian bookworm/main amd64 libbinutils amd64 2.40-2 [572 kB]
2025-07-15T22:07:33.8565295Z #7 2.391 Get:10 http://deb.debian.org/debian bookworm/main amd64 libctf-nobfd0 amd64 2.40-2 [153 kB]
2025-07-15T22:07:33.8566168Z #7 2.392 Get:11 http://deb.debian.org/debian bookworm/main amd64 libctf0 amd64 2.40-2 [89.8 kB]
2025-07-15T22:07:33.8567085Z #7 2.393 Get:12 http://deb.debian.org/debian bookworm/main amd64 libgprofng0 amd64 2.40-2 [812 kB]
2025-07-15T22:07:33.8568232Z #7 2.397 Get:13 http://deb.debian.org/debian bookworm/main amd64 libjansson4 amd64 2.14-2 [40.8 kB]
2025-07-15T22:07:33.8569644Z #7 2.397 Get:14 http://deb.debian.org/debian bookworm/main amd64 binutils-x86-64-linux-gnu amd64 2.40-2 [2246 kB]
2025-07-15T22:07:33.8570677Z #7 2.408 Get:15 http://deb.debian.org/debian bookworm/main amd64 binutils amd64 2.40-2 [65.0 kB]
2025-07-15T22:07:33.8571622Z #7 2.409 Get:16 http://deb.debian.org/debian bookworm/main amd64 libc-dev-bin amd64 2.36-9+deb12u10 [47.1 kB]
2025-07-15T22:07:33.8572767Z #7 2.409 Get:17 http://deb.debian.org/debian-security bookworm-security/main amd64 linux-libc-dev amd64 6.1.140-1 [2145 kB]
2025-07-15T22:07:33.8573901Z #7 2.415 Get:18 http://deb.debian.org/debian bookworm/main amd64 libcrypt-dev amd64 1:4.4.33-2 [118 kB]
2025-07-15T22:07:33.8574894Z #7 2.415 Get:19 http://deb.debian.org/debian bookworm/main amd64 libtirpc-dev amd64 1.3.3+ds-1 [191 kB]
2025-07-15T22:07:33.8576093Z #7 2.417 Get:20 http://deb.debian.org/debian bookworm/main amd64 libnsl-dev amd64 1.3.0-2 [66.4 kB]
2025-07-15T22:07:33.8577107Z #7 2.418 Get:21 http://deb.debian.org/debian bookworm/main amd64 rpcsvc-proto amd64 1.4.3-1 [63.3 kB]
2025-07-15T22:07:33.8578254Z #7 2.419 Get:22 http://deb.debian.org/debian bookworm/main amd64 libc6-dev amd64 2.36-9+deb12u10 [1903 kB]
2025-07-15T22:07:33.8579256Z #7 2.428 Get:23 http://deb.debian.org/debian bookworm/main amd64 libisl23 amd64 0.25-1.1 [683 kB]
2025-07-15T22:07:33.8580137Z #7 2.431 Get:24 http://deb.debian.org/debian bookworm/main amd64 libmpfr6 amd64 4.2.0-1 [701 kB]
2025-07-15T22:07:33.8581040Z #7 2.435 Get:25 http://deb.debian.org/debian bookworm/main amd64 libmpc3 amd64 1.3.1-1 [51.5 kB]
2025-07-15T22:07:33.8581953Z #7 2.436 Get:26 http://deb.debian.org/debian bookworm/main amd64 cpp-12 amd64 12.2.0-14+deb12u1 [9768 kB]
2025-07-15T22:07:33.8582831Z #7 2.479 Get:27 http://deb.debian.org/debian bookworm/main amd64 cpp amd64 4:12.2.0-3 [6836 B]
2025-07-15T22:07:33.9876911Z #7 2.479 Get:28 http://deb.debian.org/debian bookworm/main amd64 libcc1-0 amd64 12.2.0-14+deb12u1 [41.7 kB]
2025-07-15T22:07:33.9879481Z #7 2.480 Get:29 http://deb.debian.org/debian bookworm/main amd64 libgomp1 amd64 12.2.0-14+deb12u1 [116 kB]
2025-07-15T22:07:33.9880610Z #7 2.480 Get:30 http://deb.debian.org/debian bookworm/main amd64 libitm1 amd64 12.2.0-14+deb12u1 [26.1 kB]
2025-07-15T22:07:33.9881577Z #7 2.481 Get:31 http://deb.debian.org/debian bookworm/main amd64 libatomic1 amd64 12.2.0-14+deb12u1 [9376 B]
2025-07-15T22:07:33.9882544Z #7 2.481 Get:32 http://deb.debian.org/debian bookworm/main amd64 libasan8 amd64 12.2.0-14+deb12u1 [2193 kB]
2025-07-15T22:07:33.9883594Z #7 2.491 Get:33 http://deb.debian.org/debian bookworm/main amd64 liblsan0 amd64 12.2.0-14+deb12u1 [969 kB]
2025-07-15T22:07:33.9884530Z #7 2.496 Get:34 http://deb.debian.org/debian bookworm/main amd64 libtsan2 amd64 12.2.0-14+deb12u1 [2197 kB]
2025-07-15T22:07:33.9885512Z #7 2.506 Get:35 http://deb.debian.org/debian bookworm/main amd64 libubsan1 amd64 12.2.0-14+deb12u1 [883 kB]
2025-07-15T22:07:33.9886554Z #7 2.510 Get:36 http://deb.debian.org/debian bookworm/main amd64 libquadmath0 amd64 12.2.0-14+deb12u1 [145 kB]
2025-07-15T22:07:33.9887736Z #7 2.511 Get:37 http://deb.debian.org/debian bookworm/main amd64 libgcc-12-dev amd64 12.2.0-14+deb12u1 [2437 kB]
2025-07-15T22:07:33.9888743Z #7 2.522 Get:38 http://deb.debian.org/debian bookworm/main amd64 gcc-12 amd64 12.2.0-14+deb12u1 [19.3 MB]
2025-07-15T22:07:33.9889617Z #7 2.610 Get:39 http://deb.debian.org/debian bookworm/main amd64 gcc amd64 4:12.2.0-3 [5216 B]
2025-07-15T22:07:34.1960878Z #7 2.610 Get:40 http://deb.debian.org/debian bookworm/main amd64 libstdc++-12-dev amd64 12.2.0-14+deb12u1 [2047 kB]
2025-07-15T22:07:34.1962019Z #7 2.620 Get:41 http://deb.debian.org/debian bookworm/main amd64 g++-12 amd64 12.2.0-14+deb12u1 [10.7 MB]
2025-07-15T22:07:34.1963000Z #7 2.667 Get:42 http://deb.debian.org/debian bookworm/main amd64 g++ amd64 4:12.2.0-3 [1356 B]
2025-07-15T22:07:34.1963886Z #7 2.667 Get:43 http://deb.debian.org/debian bookworm/main amd64 make amd64 4.3-4.1 [396 kB]
2025-07-15T22:07:34.1964775Z #7 2.669 Get:44 http://deb.debian.org/debian bookworm/main amd64 libdpkg-perl all 1.21.22 [603 kB]
2025-07-15T22:07:34.1965972Z #7 2.672 Get:45 http://deb.debian.org/debian bookworm/main amd64 patch amd64 2.7.6-7 [128 kB]
2025-07-15T22:07:34.1966825Z #7 2.672 Get:46 http://deb.debian.org/debian bookworm/main amd64 dpkg-dev all 1.21.22 [1353 kB]
2025-07-15T22:07:34.1967969Z #7 2.678 Get:47 http://deb.debian.org/debian bookworm/main amd64 build-essential amd64 12.9 [7704 B]
2025-07-15T22:07:34.1968908Z #7 2.678 Get:48 http://deb.debian.org/debian bookworm/main amd64 libbrotli1 amd64 1.0.9-2+b6 [275 kB]
2025-07-15T22:07:34.1969920Z #7 2.679 Get:49 http://deb.debian.org/debian bookworm/main amd64 libsasl2-modules-db amd64 2.1.28+dfsg-10 [20.3 kB]
2025-07-15T22:07:34.1970946Z #7 2.680 Get:50 http://deb.debian.org/debian bookworm/main amd64 libsasl2-2 amd64 2.1.28+dfsg-10 [59.7 kB]
2025-07-15T22:07:34.1972116Z #7 2.680 Get:51 http://deb.debian.org/debian bookworm/main amd64 libldap-2.5-0 amd64 2.5.13+dfsg-5 [183 kB]
2025-07-15T22:07:34.1973139Z #7 2.681 Get:52 http://deb.debian.org/debian bookworm/main amd64 libnghttp2-14 amd64 1.52.0-1+deb12u2 [73.0 kB]
2025-07-15T22:07:34.1974076Z #7 2.682 Get:53 http://deb.debian.org/debian bookworm/main amd64 libpsl5 amd64 0.21.2-1 [58.7 kB]
2025-07-15T22:07:34.1974912Z #7 2.683 Get:54 http://deb.debian.org/debian bookworm/main amd64 librtmp1 amd64 2.4+20151223.gitfa8646d.1-2+b2 [60.8 kB]
2025-07-15T22:07:34.1975553Z #7 2.683 Get:55 http://deb.debian.org/debian bookworm/main amd64 libssh2-1 amd64 1.10.0-3+b1 [179 kB]
2025-07-15T22:07:34.1976461Z #7 2.685 Get:56 http://deb.debian.org/debian bookworm/main amd64 libcurl4 amd64 7.88.1-10+deb12u12 [391 kB]
2025-07-15T22:07:34.1977425Z #7 2.686 Get:57 http://deb.debian.org/debian bookworm/main amd64 curl amd64 7.88.1-10+deb12u12 [315 kB]
2025-07-15T22:07:34.1978667Z #7 2.688 Get:58 http://deb.debian.org/debian bookworm/main amd64 libcurl3-gnutls amd64 7.88.1-10+deb12u12 [386 kB]
2025-07-15T22:07:34.1979691Z #7 2.690 Get:59 http://deb.debian.org/debian bookworm/main amd64 libexpat1 amd64 2.5.0-1+deb12u1 [98.9 kB]
2025-07-15T22:07:34.1980661Z #7 2.691 Get:60 http://deb.debian.org/debian bookworm/main amd64 liberror-perl all 0.17029-2 [29.0 kB]
2025-07-15T22:07:34.1981612Z #7 2.691 Get:61 http://deb.debian.org/debian bookworm/main amd64 git-man all 1:2.39.5-0+deb12u2 [2053 kB]
2025-07-15T22:07:34.1982549Z #7 2.699 Get:62 http://deb.debian.org/debian bookworm/main amd64 git amd64 1:2.39.5-0+deb12u2 [7260 kB]
2025-07-15T22:07:34.1983429Z #7 2.819 debconf: delaying package configuration, since apt-utils is not installed
2025-07-15T22:07:34.3851859Z #7 2.837 Fetched 85.7 MB in 0s (188 MB/s)
2025-07-15T22:07:34.3853648Z #7 2.851 Selecting previously unselected package perl-modules-5.36.
2025-07-15T22:07:34.3854227Z #7 2.851 (Reading database ... 
2025-07-15T22:07:34.3854618Z (Reading database ... 5%
2025-07-15T22:07:34.3855016Z (Reading database ... 10%
2025-07-15T22:07:34.3855361Z (Reading database ... 15%
2025-07-15T22:07:34.3855687Z (Reading database ... 20%
2025-07-15T22:07:34.3856059Z (Reading database ... 25%
2025-07-15T22:07:34.3856395Z (Reading database ... 30%
2025-07-15T22:07:34.3856719Z (Reading database ... 35%
2025-07-15T22:07:34.3857073Z (Reading database ... 40%
2025-07-15T22:07:34.3857415Z (Reading database ... 45%
2025-07-15T22:07:34.3857931Z (Reading database ... 50%
2025-07-15T22:07:34.3858290Z (Reading database ... 55%
2025-07-15T22:07:34.3858642Z (Reading database ... 60%
2025-07-15T22:07:34.3858965Z (Reading database ... 65%
2025-07-15T22:07:34.3859297Z (Reading database ... 70%
2025-07-15T22:07:34.3859627Z (Reading database ... 75%
2025-07-15T22:07:34.3859945Z (Reading database ... 80%
2025-07-15T22:07:34.3860296Z (Reading database ... 85%
2025-07-15T22:07:34.3860609Z (Reading database ... 90%
2025-07-15T22:07:34.3860928Z (Reading database ... 95%
2025-07-15T22:07:34.3861288Z (Reading database ... 100%
2025-07-15T22:07:34.3861806Z (Reading database ... 6688 files and directories currently installed.)
2025-07-15T22:07:34.3862268Z #7 2.857 Preparing to unpack .../00-perl-modules-5.36_5.36.0-7+deb12u2_all.deb ...
2025-07-15T22:07:34.3863007Z #7 2.858 Unpacking perl-modules-5.36 (5.36.0-7+deb12u2) ...
2025-07-15T22:07:34.5201746Z #7 3.143 Selecting previously unselected package libgdbm-compat4:amd64.
2025-07-15T22:07:34.6927976Z #7 3.144 Preparing to unpack .../01-libgdbm-compat4_1.23-3_amd64.deb ...
2025-07-15T22:07:34.6928672Z #7 3.146 Unpacking libgdbm-compat4:amd64 (1.23-3) ...
2025-07-15T22:07:34.6929304Z #7 3.163 Selecting previously unselected package libperl5.36:amd64.
2025-07-15T22:07:34.6930029Z #7 3.164 Preparing to unpack .../02-libperl5.36_5.36.0-7+deb12u2_amd64.deb ...
2025-07-15T22:07:34.6930685Z #7 3.165 Unpacking libperl5.36:amd64 (5.36.0-7+deb12u2) ...
2025-07-15T22:07:34.8189746Z #7 3.442 Selecting previously unselected package perl.
2025-07-15T22:07:34.9353669Z #7 3.443 Preparing to unpack .../03-perl_5.36.0-7+deb12u2_amd64.deb ...
2025-07-15T22:07:34.9354145Z #7 3.448 Unpacking perl (5.36.0-7+deb12u2) ...
2025-07-15T22:07:34.9354467Z #7 3.479 Selecting previously unselected package nano.
2025-07-15T22:07:34.9354826Z #7 3.480 Preparing to unpack .../04-nano_7.2-1+deb12u1_amd64.deb ...
2025-07-15T22:07:34.9355155Z #7 3.481 Unpacking nano (7.2-1+deb12u1) ...
2025-07-15T22:07:34.9355439Z #7 3.538 Selecting previously unselected package bzip2.
2025-07-15T22:07:34.9355786Z #7 3.539 Preparing to unpack .../05-bzip2_1.0.8-5+b1_amd64.deb ...
2025-07-15T22:07:34.9356096Z #7 3.540 Unpacking bzip2 (1.0.8-5+b1) ...
2025-07-15T22:07:34.9356387Z #7 3.558 Selecting previously unselected package xz-utils.
2025-07-15T22:07:35.1357009Z #7 3.559 Preparing to unpack .../06-xz-utils_5.4.1-1_amd64.deb ...
2025-07-15T22:07:35.1357527Z #7 3.560 Unpacking xz-utils (5.4.1-1) ...
2025-07-15T22:07:35.1358404Z #7 3.606 Selecting previously unselected package binutils-common:amd64.
2025-07-15T22:07:35.1358968Z #7 3.607 Preparing to unpack .../07-binutils-common_2.40-2_amd64.deb ...
2025-07-15T22:07:35.1359395Z #7 3.608 Unpacking binutils-common:amd64 (2.40-2) ...
2025-07-15T22:07:35.1516856Z #7 3.774 Selecting previously unselected package libbinutils:amd64.
2025-07-15T22:07:35.2524086Z #7 3.776 Preparing to unpack .../08-libbinutils_2.40-2_amd64.deb ...
2025-07-15T22:07:35.2524613Z #7 3.777 Unpacking libbinutils:amd64 (2.40-2) ...
2025-07-15T22:07:35.2525141Z #7 3.828 Selecting previously unselected package libctf-nobfd0:amd64.
2025-07-15T22:07:35.2525686Z #7 3.829 Preparing to unpack .../09-libctf-nobfd0_2.40-2_amd64.deb ...
2025-07-15T22:07:35.2526130Z #7 3.830 Unpacking libctf-nobfd0:amd64 (2.40-2) ...
2025-07-15T22:07:35.2526469Z #7 3.853 Selecting previously unselected package libctf0:amd64.
2025-07-15T22:07:35.2526828Z #7 3.854 Preparing to unpack .../10-libctf0_2.40-2_amd64.deb ...
2025-07-15T22:07:35.2527142Z #7 3.855 Unpacking libctf0:amd64 (2.40-2) ...
2025-07-15T22:07:35.2527711Z #7 3.874 Selecting previously unselected package libgprofng0:amd64.
2025-07-15T22:07:35.4866258Z #7 3.875 Preparing to unpack .../11-libgprofng0_2.40-2_amd64.deb ...
2025-07-15T22:07:35.4866838Z #7 3.876 Unpacking libgprofng0:amd64 (2.40-2) ...
2025-07-15T22:07:35.4867215Z #7 3.939 Selecting previously unselected package libjansson4:amd64.
2025-07-15T22:07:35.4867810Z #7 3.941 Preparing to unpack .../12-libjansson4_2.14-2_amd64.deb ...
2025-07-15T22:07:35.4868208Z #7 3.942 Unpacking libjansson4:amd64 (2.14-2) ...
2025-07-15T22:07:35.4868597Z #7 3.957 Selecting previously unselected package binutils-x86-64-linux-gnu.
2025-07-15T22:07:35.4869062Z #7 3.958 Preparing to unpack .../13-binutils-x86-64-linux-gnu_2.40-2_amd64.deb ...
2025-07-15T22:07:35.4869475Z #7 3.959 Unpacking binutils-x86-64-linux-gnu (2.40-2) ...
2025-07-15T22:07:35.5074849Z #7 4.130 Selecting previously unselected package binutils.
2025-07-15T22:07:35.7019986Z #7 4.132 Preparing to unpack .../14-binutils_2.40-2_amd64.deb ...
2025-07-15T22:07:35.7020689Z #7 4.133 Unpacking binutils (2.40-2) ...
2025-07-15T22:07:35.7021069Z #7 4.153 Selecting previously unselected package libc-dev-bin.
2025-07-15T22:07:35.7021811Z #7 4.154 Preparing to unpack .../15-libc-dev-bin_2.36-9+deb12u10_amd64.deb ...
2025-07-15T22:07:35.7022256Z #7 4.155 Unpacking libc-dev-bin (2.36-9+deb12u10) ...
2025-07-15T22:07:35.7022684Z #7 4.172 Selecting previously unselected package linux-libc-dev:amd64.
2025-07-15T22:07:35.7023176Z #7 4.173 Preparing to unpack .../16-linux-libc-dev_6.1.140-1_amd64.deb ...
2025-07-15T22:07:35.7023607Z #7 4.174 Unpacking linux-libc-dev:amd64 (6.1.140-1) ...
2025-07-15T22:07:35.7550858Z #7 4.378 Selecting previously unselected package libcrypt-dev:amd64.
2025-07-15T22:07:36.0032454Z #7 4.379 Preparing to unpack .../17-libcrypt-dev_1%3a4.4.33-2_amd64.deb ...
2025-07-15T22:07:36.0033049Z #7 4.385 Unpacking libcrypt-dev:amd64 (1:4.4.33-2) ...
2025-07-15T22:07:36.0033438Z #7 4.405 Selecting previously unselected package libtirpc-dev:amd64.
2025-07-15T22:07:36.0034120Z #7 4.406 Preparing to unpack .../18-libtirpc-dev_1.3.3+ds-1_amd64.deb ...
2025-07-15T22:07:36.0034550Z #7 4.407 Unpacking libtirpc-dev:amd64 (1.3.3+ds-1) ...
2025-07-15T22:07:36.0034930Z #7 4.434 Selecting previously unselected package libnsl-dev:amd64.
2025-07-15T22:07:36.0035329Z #7 4.435 Preparing to unpack .../19-libnsl-dev_1.3.0-2_amd64.deb ...
2025-07-15T22:07:36.0035672Z #7 4.436 Unpacking libnsl-dev:amd64 (1.3.0-2) ...
2025-07-15T22:07:36.0036021Z #7 4.453 Selecting previously unselected package rpcsvc-proto.
2025-07-15T22:07:36.0036413Z #7 4.454 Preparing to unpack .../20-rpcsvc-proto_1.4.3-1_amd64.deb ...
2025-07-15T22:07:36.0036763Z #7 4.455 Unpacking rpcsvc-proto (1.4.3-1) ...
2025-07-15T22:07:36.0037094Z #7 4.474 Selecting previously unselected package libc6-dev:amd64.
2025-07-15T22:07:36.0037494Z #7 4.476 Preparing to unpack .../21-libc6-dev_2.36-9+deb12u10_amd64.deb ...
2025-07-15T22:07:36.0038063Z #7 4.477 Unpacking libc6-dev:amd64 (2.36-9+deb12u10) ...
2025-07-15T22:07:36.0038424Z #7 4.626 Selecting previously unselected package libisl23:amd64.
2025-07-15T22:07:36.1042058Z #7 4.628 Preparing to unpack .../22-libisl23_0.25-1.1_amd64.deb ...
2025-07-15T22:07:36.1042509Z #7 4.629 Unpacking libisl23:amd64 (0.25-1.1) ...
2025-07-15T22:07:36.1042865Z #7 4.687 Selecting previously unselected package libmpfr6:amd64.
2025-07-15T22:07:36.1043268Z #7 4.688 Preparing to unpack .../23-libmpfr6_4.2.0-1_amd64.deb ...
2025-07-15T22:07:36.1043601Z #7 4.689 Unpacking libmpfr6:amd64 (4.2.0-1) ...
2025-07-15T22:07:36.1043925Z #7 4.727 Selecting previously unselected package libmpc3:amd64.
2025-07-15T22:07:36.2760364Z #7 4.728 Preparing to unpack .../24-libmpc3_1.3.1-1_amd64.deb ...
2025-07-15T22:07:36.2761010Z #7 4.730 Unpacking libmpc3:amd64 (1.3.1-1) ...
2025-07-15T22:07:36.2761542Z #7 4.746 Selecting previously unselected package cpp-12.
2025-07-15T22:07:36.2762187Z #7 4.747 Preparing to unpack .../25-cpp-12_12.2.0-14+deb12u1_amd64.deb ...
2025-07-15T22:07:36.2762836Z #7 4.748 Unpacking cpp-12 (12.2.0-14+deb12u1) ...
2025-07-15T22:07:36.6146068Z #7 5.237 Selecting previously unselected package cpp.
2025-07-15T22:07:36.8615384Z #7 5.239 Preparing to unpack .../26-cpp_4%3a12.2.0-3_amd64.deb ...
2025-07-15T22:07:36.8616004Z #7 5.240 Unpacking cpp (4:12.2.0-3) ...
2025-07-15T22:07:36.8616403Z #7 5.255 Selecting previously unselected package libcc1-0:amd64.
2025-07-15T22:07:36.8616819Z #7 5.256 Preparing to unpack .../27-libcc1-0_12.2.0-14+deb12u1_amd64.deb ...
2025-07-15T22:07:36.8617199Z #7 5.257 Unpacking libcc1-0:amd64 (12.2.0-14+deb12u1) ...
2025-07-15T22:07:36.8617873Z #7 5.274 Selecting previously unselected package libgomp1:amd64.
2025-07-15T22:07:36.8618574Z #7 5.276 Preparing to unpack .../28-libgomp1_12.2.0-14+deb12u1_amd64.deb ...
2025-07-15T22:07:36.8618978Z #7 5.276 Unpacking libgomp1:amd64 (12.2.0-14+deb12u1) ...
2025-07-15T22:07:36.8619322Z #7 5.298 Selecting previously unselected package libitm1:amd64.
2025-07-15T22:07:36.8620011Z #7 5.299 Preparing to unpack .../29-libitm1_12.2.0-14+deb12u1_amd64.deb ...
2025-07-15T22:07:36.8620536Z #7 5.300 Unpacking libitm1:amd64 (12.2.0-14+deb12u1) ...
2025-07-15T22:07:36.8620888Z #7 5.316 Selecting previously unselected package libatomic1:amd64.
2025-07-15T22:07:36.8621549Z #7 5.317 Preparing to unpack .../30-libatomic1_12.2.0-14+deb12u1_amd64.deb ...
2025-07-15T22:07:36.8621991Z #7 5.318 Unpacking libatomic1:amd64 (12.2.0-14+deb12u1) ...
2025-07-15T22:07:36.8622464Z #7 5.332 Selecting previously unselected package libasan8:amd64.
2025-07-15T22:07:36.8622971Z #7 5.333 Preparing to unpack .../31-libasan8_12.2.0-14+deb12u1_amd64.deb ...
2025-07-15T22:07:36.8623370Z #7 5.334 Unpacking libasan8:amd64 (12.2.0-14+deb12u1) ...
2025-07-15T22:07:36.8644390Z #7 5.487 Selecting previously unselected package liblsan0:amd64.
2025-07-15T22:07:37.0914890Z #7 5.489 Preparing to unpack .../32-liblsan0_12.2.0-14+deb12u1_amd64.deb ...
2025-07-15T22:07:37.0915460Z #7 5.490 Unpacking liblsan0:amd64 (12.2.0-14+deb12u1) ...
2025-07-15T22:07:37.0916092Z #7 5.562 Selecting previously unselected package libtsan2:amd64.
2025-07-15T22:07:37.0916520Z #7 5.564 Preparing to unpack .../33-libtsan2_12.2.0-14+deb12u1_amd64.deb ...
2025-07-15T22:07:37.0916912Z #7 5.565 Unpacking libtsan2:amd64 (12.2.0-14+deb12u1) ...
2025-07-15T22:07:37.0917266Z #7 5.714 Selecting previously unselected package libubsan1:amd64.
2025-07-15T22:07:37.3360843Z #7 5.716 Preparing to unpack .../34-libubsan1_12.2.0-14+deb12u1_amd64.deb ...
2025-07-15T22:07:37.3361307Z #7 5.717 Unpacking libubsan1:amd64 (12.2.0-14+deb12u1) ...
2025-07-15T22:07:37.3361692Z #7 5.784 Selecting previously unselected package libquadmath0:amd64.
2025-07-15T22:07:37.3362118Z #7 5.785 Preparing to unpack .../35-libquadmath0_12.2.0-14+deb12u1_amd64.deb ...
2025-07-15T22:07:37.3362512Z #7 5.786 Unpacking libquadmath0:amd64 (12.2.0-14+deb12u1) ...
2025-07-15T22:07:37.3362890Z #7 5.808 Selecting previously unselected package libgcc-12-dev:amd64.
2025-07-15T22:07:37.3363311Z #7 5.810 Preparing to unpack .../36-libgcc-12-dev_12.2.0-14+deb12u1_amd64.deb ...
2025-07-15T22:07:37.3363724Z #7 5.810 Unpacking libgcc-12-dev:amd64 (12.2.0-14+deb12u1) ...
2025-07-15T22:07:37.3364062Z #7 5.959 Selecting previously unselected package gcc-12.
2025-07-15T22:07:37.4888837Z #7 5.960 Preparing to unpack .../37-gcc-12_12.2.0-14+deb12u1_amd64.deb ...
2025-07-15T22:07:37.4899183Z #7 5.961 Unpacking gcc-12 (12.2.0-14+deb12u1) ...
2025-07-15T22:07:37.9600599Z #7 6.583 Selecting previously unselected package gcc.
2025-07-15T22:07:38.1329389Z #7 6.584 Preparing to unpack .../38-gcc_4%3a12.2.0-3_amd64.deb ...
2025-07-15T22:07:38.1329979Z #7 6.585 Unpacking gcc (4:12.2.0-3) ...
2025-07-15T22:07:38.1330540Z #7 6.603 Selecting previously unselected package libstdc++-12-dev:amd64.
2025-07-15T22:07:38.1331280Z #7 6.604 Preparing to unpack .../39-libstdc++-12-dev_12.2.0-14+deb12u1_amd64.deb ...
2025-07-15T22:07:38.1331968Z #7 6.605 Unpacking libstdc++-12-dev:amd64 (12.2.0-14+deb12u1) ...
2025-07-15T22:07:38.1752118Z #7 6.798 Selecting previously unselected package g++-12.
2025-07-15T22:07:38.3284565Z #7 6.800 Preparing to unpack .../40-g++-12_12.2.0-14+deb12u1_amd64.deb ...
2025-07-15T22:07:38.3285011Z #7 6.801 Unpacking g++-12 (12.2.0-14+deb12u1) ...
2025-07-15T22:07:38.6814512Z #7 7.304 Selecting previously unselected package g++.
2025-07-15T22:07:38.7921439Z #7 7.306 Preparing to unpack .../41-g++_4%3a12.2.0-3_amd64.deb ...
2025-07-15T22:07:38.7922028Z #7 7.307 Unpacking g++ (4:12.2.0-3) ...
2025-07-15T22:07:38.7922356Z #7 7.320 Selecting previously unselected package make.
2025-07-15T22:07:38.7922707Z #7 7.322 Preparing to unpack .../42-make_4.3-4.1_amd64.deb ...
2025-07-15T22:07:38.7923026Z #7 7.323 Unpacking make (4.3-4.1) ...
2025-07-15T22:07:38.7923332Z #7 7.362 Selecting previously unselected package libdpkg-perl.
2025-07-15T22:07:38.7923721Z #7 7.363 Preparing to unpack .../43-libdpkg-perl_1.21.22_all.deb ...
2025-07-15T22:07:38.7924061Z #7 7.364 Unpacking libdpkg-perl (1.21.22) ...
2025-07-15T22:07:38.7924360Z #7 7.415 Selecting previously unselected package patch.
2025-07-15T22:07:38.9043855Z #7 7.417 Preparing to unpack .../44-patch_2.7.6-7_amd64.deb ...
2025-07-15T22:07:38.9044409Z #7 7.418 Unpacking patch (2.7.6-7) ...
2025-07-15T22:07:38.9045164Z #7 7.439 Selecting previously unselected package dpkg-dev.
2025-07-15T22:07:38.9045752Z #7 7.441 Preparing to unpack .../45-dpkg-dev_1.21.22_all.deb ...
2025-07-15T22:07:38.9046245Z #7 7.442 Unpacking dpkg-dev (1.21.22) ...
2025-07-15T22:07:38.9046745Z #7 7.527 Selecting previously unselected package build-essential.
2025-07-15T22:07:39.0207481Z #7 7.529 Preparing to unpack .../46-build-essential_12.9_amd64.deb ...
2025-07-15T22:07:39.0208335Z #7 7.530 Unpacking build-essential (12.9) ...
2025-07-15T22:07:39.0208899Z #7 7.545 Selecting previously unselected package libbrotli1:amd64.
2025-07-15T22:07:39.0209570Z #7 7.546 Preparing to unpack .../47-libbrotli1_1.0.9-2+b6_amd64.deb ...
2025-07-15T22:07:39.0210136Z #7 7.547 Unpacking libbrotli1:amd64 (1.0.9-2+b6) ...
2025-07-15T22:07:39.0210736Z #7 7.578 Selecting previously unselected package libsasl2-modules-db:amd64.
2025-07-15T22:07:39.0211461Z #7 7.580 Preparing to unpack .../48-libsasl2-modules-db_2.1.28+dfsg-10_amd64.deb ...
2025-07-15T22:07:39.0211925Z #7 7.580 Unpacking libsasl2-modules-db:amd64 (2.1.28+dfsg-10) ...
2025-07-15T22:07:39.0212324Z #7 7.596 Selecting previously unselected package libsasl2-2:amd64.
2025-07-15T22:07:39.0212729Z #7 7.597 Preparing to unpack .../49-libsasl2-2_2.1.28+dfsg-10_amd64.deb ...
2025-07-15T22:07:39.0213097Z #7 7.598 Unpacking libsasl2-2:amd64 (2.1.28+dfsg-10) ...
2025-07-15T22:07:39.0213450Z #7 7.616 Selecting previously unselected package libldap-2.5-0:amd64.
2025-07-15T22:07:39.0213859Z #7 7.617 Preparing to unpack .../50-libldap-2.5-0_2.5.13+dfsg-5_amd64.deb ...
2025-07-15T22:07:39.0214232Z #7 7.618 Unpacking libldap-2.5-0:amd64 (2.5.13+dfsg-5) ...
2025-07-15T22:07:39.0214584Z #7 7.644 Selecting previously unselected package libnghttp2-14:amd64.
2025-07-15T22:07:39.1435491Z #7 7.645 Preparing to unpack .../51-libnghttp2-14_1.52.0-1+deb12u2_amd64.deb ...
2025-07-15T22:07:39.1436271Z #7 7.646 Unpacking libnghttp2-14:amd64 (1.52.0-1+deb12u2) ...
2025-07-15T22:07:39.1436644Z #7 7.664 Selecting previously unselected package libpsl5:amd64.
2025-07-15T22:07:39.1437055Z #7 7.665 Preparing to unpack .../52-libpsl5_0.21.2-1_amd64.deb ...
2025-07-15T22:07:39.1437387Z #7 7.668 Unpacking libpsl5:amd64 (0.21.2-1) ...
2025-07-15T22:07:39.1437986Z #7 7.685 Selecting previously unselected package librtmp1:amd64.
2025-07-15T22:07:39.1438515Z #7 7.686 Preparing to unpack .../53-librtmp1_2.4+20151223.gitfa8646d.1-2+b2_amd64.deb ...
2025-07-15T22:07:39.1438959Z #7 7.687 Unpacking librtmp1:amd64 (2.4+20151223.gitfa8646d.1-2+b2) ...
2025-07-15T22:07:39.1439345Z #7 7.705 Selecting previously unselected package libssh2-1:amd64.
2025-07-15T22:07:39.1439721Z #7 7.706 Preparing to unpack .../54-libssh2-1_1.10.0-3+b1_amd64.deb ...
2025-07-15T22:07:39.1440062Z #7 7.707 Unpacking libssh2-1:amd64 (1.10.0-3+b1) ...
2025-07-15T22:07:39.1440392Z #7 7.731 Selecting previously unselected package libcurl4:amd64.
2025-07-15T22:07:39.1440822Z #7 7.732 Preparing to unpack .../55-libcurl4_7.88.1-10+deb12u12_amd64.deb ...
2025-07-15T22:07:39.1441195Z #7 7.733 Unpacking libcurl4:amd64 (7.88.1-10+deb12u12) ...
2025-07-15T22:07:39.1441514Z #7 7.766 Selecting previously unselected package curl.
2025-07-15T22:07:39.2545696Z #7 7.768 Preparing to unpack .../56-curl_7.88.1-10+deb12u12_amd64.deb ...
2025-07-15T22:07:39.2546289Z #7 7.769 Unpacking curl (7.88.1-10+deb12u12) ...
2025-07-15T22:07:39.2546880Z #7 7.799 Selecting previously unselected package libcurl3-gnutls:amd64.
2025-07-15T22:07:39.2547799Z #7 7.801 Preparing to unpack .../57-libcurl3-gnutls_7.88.1-10+deb12u12_amd64.deb ...
2025-07-15T22:07:39.2548449Z #7 7.802 Unpacking libcurl3-gnutls:amd64 (7.88.1-10+deb12u12) ...
2025-07-15T22:07:39.2549028Z #7 7.837 Selecting previously unselected package libexpat1:amd64.
2025-07-15T22:07:39.2549635Z #7 7.839 Preparing to unpack .../58-libexpat1_2.5.0-1+deb12u1_amd64.deb ...
2025-07-15T22:07:39.2550212Z #7 7.840 Unpacking libexpat1:amd64 (2.5.0-1+deb12u1) ...
2025-07-15T22:07:39.2550722Z #7 7.859 Selecting previously unselected package liberror-perl.
2025-07-15T22:07:39.2551600Z #7 7.860 Preparing to unpack .../59-liberror-perl_0.17029-2_all.deb ...
2025-07-15T22:07:39.2552107Z #7 7.861 Unpacking liberror-perl (0.17029-2) ...
2025-07-15T22:07:39.2552562Z #7 7.877 Selecting previously unselected package git-man.
2025-07-15T22:07:39.4948839Z #7 7.879 Preparing to unpack .../60-git-man_1%3a2.39.5-0+deb12u2_all.deb ...
2025-07-15T22:07:39.4949549Z #7 7.880 Unpacking git-man (1:2.39.5-0+deb12u2) ...
2025-07-15T22:07:39.4950086Z #7 7.960 Selecting previously unselected package git.
2025-07-15T22:07:39.4950714Z #7 7.962 Preparing to unpack .../61-git_1%3a2.39.5-0+deb12u2_amd64.deb ...
2025-07-15T22:07:39.4951307Z #7 7.967 Unpacking git (1:2.39.5-0+deb12u2) ...
2025-07-15T22:07:39.6521474Z #7 8.275 Setting up libexpat1:amd64 (2.5.0-1+deb12u1) ...
2025-07-15T22:07:39.7525130Z #7 8.277 Setting up libpsl5:amd64 (0.21.2-1) ...
2025-07-15T22:07:39.7526303Z #7 8.279 Setting up libbrotli1:amd64 (1.0.9-2+b6) ...
2025-07-15T22:07:39.7526918Z #7 8.282 Setting up binutils-common:amd64 (2.40-2) ...
2025-07-15T22:07:39.7527528Z #7 8.285 Setting up libnghttp2-14:amd64 (1.52.0-1+deb12u2) ...
2025-07-15T22:07:39.7528467Z #7 8.287 Setting up linux-libc-dev:amd64 (6.1.140-1) ...
2025-07-15T22:07:39.7529044Z #7 8.289 Setting up libctf-nobfd0:amd64 (2.40-2) ...
2025-07-15T22:07:39.7529439Z #7 8.291 Setting up libgomp1:amd64 (12.2.0-14+deb12u1) ...
2025-07-15T22:07:39.7529782Z #7 8.294 Setting up bzip2 (1.0.8-5+b1) ...
2025-07-15T22:07:39.7530098Z #7 8.296 Setting up libjansson4:amd64 (2.14-2) ...
2025-07-15T22:07:39.7530492Z #7 8.299 Setting up libsasl2-modules-db:amd64 (2.1.28+dfsg-10) ...
2025-07-15T22:07:39.7530916Z #7 8.301 Setting up perl-modules-5.36 (5.36.0-7+deb12u2) ...
2025-07-15T22:07:39.7531357Z #7 8.303 Setting up libtirpc-dev:amd64 (1.3.3+ds-1) ...
2025-07-15T22:07:39.7531702Z #7 8.305 Setting up rpcsvc-proto (1.4.3-1) ...
2025-07-15T22:07:39.7532020Z #7 8.307 Setting up make (4.3-4.1) ...
2025-07-15T22:07:39.7532317Z #7 8.310 Setting up libmpfr6:amd64 (4.2.0-1) ...
2025-07-15T22:07:39.7532699Z #7 8.312 Setting up librtmp1:amd64 (2.4+20151223.gitfa8646d.1-2+b2) ...
2025-07-15T22:07:39.7533077Z #7 8.314 Setting up xz-utils (5.4.1-1) ...
2025-07-15T22:07:39.7533547Z #7 8.319 update-alternatives: using /usr/bin/xz to provide /usr/bin/lzma (lzma) in auto mode
2025-07-15T22:07:39.7534531Z #7 8.319 update-alternatives: warning: skip creation of /usr/share/man/man1/lzma.1.gz because associated file /usr/share/man/man1/xz.1.gz (of link group lzma) doesn't exist
2025-07-15T22:07:39.7535566Z #7 8.319 update-alternatives: warning: skip creation of /usr/share/man/man1/unlzma.1.gz because associated file /usr/share/man/man1/unxz.1.gz (of link group lzma) doesn't exist
2025-07-15T22:07:39.7536695Z #7 8.319 update-alternatives: warning: skip creation of /usr/share/man/man1/lzcat.1.gz because associated file /usr/share/man/man1/xzcat.1.gz (of link group lzma) doesn't exist
2025-07-15T22:07:39.7537975Z #7 8.320 update-alternatives: warning: skip creation of /usr/share/man/man1/lzmore.1.gz because associated file /usr/share/man/man1/xzmore.1.gz (of link group lzma) doesn't exist
2025-07-15T22:07:39.7539059Z #7 8.320 update-alternatives: warning: skip creation of /usr/share/man/man1/lzless.1.gz because associated file /usr/share/man/man1/xzless.1.gz (of link group lzma) doesn't exist
2025-07-15T22:07:39.7540179Z #7 8.320 update-alternatives: warning: skip creation of /usr/share/man/man1/lzdiff.1.gz because associated file /usr/share/man/man1/xzdiff.1.gz (of link group lzma) doesn't exist
2025-07-15T22:07:39.7541229Z #7 8.320 update-alternatives: warning: skip creation of /usr/share/man/man1/lzcmp.1.gz because associated file /usr/share/man/man1/xzcmp.1.gz (of link group lzma) doesn't exist
2025-07-15T22:07:39.7542399Z #7 8.320 update-alternatives: warning: skip creation of /usr/share/man/man1/lzgrep.1.gz because associated file /usr/share/man/man1/xzgrep.1.gz (of link group lzma) doesn't exist
2025-07-15T22:07:39.7543469Z #7 8.321 update-alternatives: warning: skip creation of /usr/share/man/man1/lzegrep.1.gz because associated file /usr/share/man/man1/xzegrep.1.gz (of link group lzma) doesn't exist
2025-07-15T22:07:39.7544802Z #7 8.321 update-alternatives: warning: skip creation of /usr/share/man/man1/lzfgrep.1.gz because associated file /usr/share/man/man1/xzfgrep.1.gz (of link group lzma) doesn't exist
2025-07-15T22:07:39.7545514Z #7 8.323 Setting up libquadmath0:amd64 (12.2.0-14+deb12u1) ...
2025-07-15T22:07:39.7545830Z #7 8.326 Setting up libmpc3:amd64 (1.3.1-1) ...
2025-07-15T22:07:39.7546125Z #7 8.328 Setting up libatomic1:amd64 (12.2.0-14+deb12u1) ...
2025-07-15T22:07:39.7546412Z #7 8.330 Setting up patch (2.7.6-7) ...
2025-07-15T22:07:39.7546755Z #7 8.333 Setting up libgdbm-compat4:amd64 (1.23-3) ...
2025-07-15T22:07:39.7547068Z #7 8.335 Setting up libsasl2-2:amd64 (2.1.28+dfsg-10) ...
2025-07-15T22:07:39.7547377Z #7 8.337 Setting up libubsan1:amd64 (12.2.0-14+deb12u1) ...
2025-07-15T22:07:39.7548055Z #7 8.340 Setting up nano (7.2-1+deb12u1) ...
2025-07-15T22:07:39.7548740Z #7 8.347 update-alternatives: using /bin/nano to provide /usr/bin/editor (editor) in auto mode
2025-07-15T22:07:39.7550027Z #7 8.347 update-alternatives: warning: skip creation of /usr/share/man/man1/editor.1.gz because associated file /usr/share/man/man1/nano.1.gz (of link group editor) doesn't exist
2025-07-15T22:07:39.7551200Z #7 8.349 update-alternatives: using /bin/nano to provide /usr/bin/pico (pico) in auto mode
2025-07-15T22:07:39.7552108Z #7 8.349 update-alternatives: warning: skip creation of /usr/share/man/man1/pico.1.gz because associated file /usr/share/man/man1/nano.1.gz (of link group pico) doesn't exist
2025-07-15T22:07:39.7552817Z #7 8.351 Setting up libnsl-dev:amd64 (1.3.0-2) ...
2025-07-15T22:07:39.7553163Z #7 8.353 Setting up libcrypt-dev:amd64 (1:4.4.33-2) ...
2025-07-15T22:07:39.7553479Z #7 8.359 Setting up libasan8:amd64 (12.2.0-14+deb12u1) ...
2025-07-15T22:07:39.7553787Z #7 8.362 Setting up git-man (1:2.39.5-0+deb12u2) ...
2025-07-15T22:07:39.7554074Z #7 8.364 Setting up libssh2-1:amd64 (1.10.0-3+b1) ...
2025-07-15T22:07:39.7554380Z #7 8.366 Setting up libtsan2:amd64 (12.2.0-14+deb12u1) ...
2025-07-15T22:07:39.7554677Z #7 8.368 Setting up libbinutils:amd64 (2.40-2) ...
2025-07-15T22:07:39.7554950Z #7 8.371 Setting up libisl23:amd64 (0.25-1.1) ...
2025-07-15T22:07:39.7555237Z #7 8.373 Setting up libc-dev-bin (2.36-9+deb12u10) ...
2025-07-15T22:07:39.7555603Z #7 8.375 Setting up libcc1-0:amd64 (12.2.0-14+deb12u1) ...
2025-07-15T22:07:40.0005212Z #7 8.378 Setting up libperl5.36:amd64 (5.36.0-7+deb12u2) ...
2025-07-15T22:07:40.0005830Z #7 8.381 Setting up liblsan0:amd64 (12.2.0-14+deb12u1) ...
2025-07-15T22:07:40.0006217Z #7 8.383 Setting up libitm1:amd64 (12.2.0-14+deb12u1) ...
2025-07-15T22:07:40.0006569Z #7 8.385 Setting up libctf0:amd64 (2.40-2) ...
2025-07-15T22:07:40.0006901Z #7 8.388 Setting up cpp-12 (12.2.0-14+deb12u1) ...
2025-07-15T22:07:40.0007289Z #7 8.390 Setting up libldap-2.5-0:amd64 (2.5.13+dfsg-5) ...
2025-07-15T22:07:40.0007847Z #7 8.392 Setting up perl (5.36.0-7+deb12u2) ...
2025-07-15T22:07:40.0008188Z #7 8.401 Setting up libgprofng0:amd64 (2.40-2) ...
2025-07-15T22:07:40.0008567Z #7 8.403 Setting up libgcc-12-dev:amd64 (12.2.0-14+deb12u1) ...
2025-07-15T22:07:40.0008942Z #7 8.406 Setting up libdpkg-perl (1.21.22) ...
2025-07-15T22:07:40.0009248Z #7 8.409 Setting up cpp (4:12.2.0-3) ...
2025-07-15T22:07:40.0009577Z #7 8.414 Setting up libcurl4:amd64 (7.88.1-10+deb12u12) ...
2025-07-15T22:07:40.0009947Z #7 8.416 Setting up libc6-dev:amd64 (2.36-9+deb12u10) ...
2025-07-15T22:07:40.0010293Z #7 8.418 Setting up curl (7.88.1-10+deb12u12) ...
2025-07-15T22:07:40.0010646Z #7 8.421 Setting up binutils-x86-64-linux-gnu (2.40-2) ...
2025-07-15T22:07:40.0011042Z #7 8.423 Setting up libstdc++-12-dev:amd64 (12.2.0-14+deb12u1) ...
2025-07-15T22:07:40.0011463Z #7 8.425 Setting up libcurl3-gnutls:amd64 (7.88.1-10+deb12u12) ...
2025-07-15T22:07:40.0011822Z #7 8.428 Setting up binutils (2.40-2) ...
2025-07-15T22:07:40.0012117Z #7 8.431 Setting up dpkg-dev (1.21.22) ...
2025-07-15T22:07:40.0012434Z #7 8.437 Setting up liberror-perl (0.17029-2) ...
2025-07-15T22:07:40.0013133Z #7 8.439 Setting up gcc-12 (12.2.0-14+deb12u1) ...
2025-07-15T22:07:40.0013450Z #7 8.442 Setting up git (1:2.39.5-0+deb12u2) ...
2025-07-15T22:07:40.0013766Z #7 8.450 Setting up g++-12 (12.2.0-14+deb12u1) ...
2025-07-15T22:07:40.0014068Z #7 8.452 Setting up gcc (4:12.2.0-3) ...
2025-07-15T22:07:40.0014347Z #7 8.464 Setting up g++ (4:12.2.0-3) ...
2025-07-15T22:07:40.0014795Z #7 8.467 update-alternatives: using /usr/bin/g++ to provide /usr/bin/c++ (c++) in auto mode
2025-07-15T22:07:40.0015273Z #7 8.470 Setting up build-essential (12.9) ...
2025-07-15T22:07:40.0015642Z #7 8.473 Processing triggers for libc-bin (2.36-9+deb12u10) ...
2025-07-15T22:07:40.5072411Z #7 DONE 9.1s
2025-07-15T22:07:40.6689519Z 
2025-07-15T22:07:40.6690154Z #8 [3/6] WORKDIR /app
2025-07-15T22:07:40.6690604Z #8 DONE 0.0s
2025-07-15T22:07:40.6690809Z 
2025-07-15T22:07:40.6691263Z #9 [4/6] COPY . .
2025-07-15T22:07:41.1031664Z #9 DONE 0.6s
2025-07-15T22:07:41.2537829Z 
2025-07-15T22:07:41.2538343Z #10 [5/6] RUN pip install --upgrade pip
2025-07-15T22:07:42.3382296Z #10 1.235 Requirement already satisfied: pip in /usr/local/lib/python3.10/site-packages (23.0.1)
2025-07-15T22:07:42.4428391Z #10 1.339 Collecting pip
2025-07-15T22:07:42.5598111Z #10 1.376   Downloading pip-25.1.1-py3-none-any.whl (1.8 MB)
2025-07-15T22:07:42.5600214Z #10 1.411      ━━━━━━━━━━━━━━━━━━━━━━━━━━━━━━━━━━━━━━━━ 1.8/1.8 MB 55.7 MB/s eta 0:00:00
2025-07-15T22:07:42.5600712Z #10 1.457 Installing collected packages: pip
2025-07-15T22:07:42.7112913Z #10 1.457   Attempting uninstall: pip
2025-07-15T22:07:42.7113460Z #10 1.457     Found existing installation: pip 23.0.1
2025-07-15T22:07:42.7373256Z #10 1.634     Uninstalling pip-23.0.1:
2025-07-15T22:07:42.8974652Z #10 1.644       Successfully uninstalled pip-23.0.1
2025-07-15T22:07:43.5368626Z #10 2.433 Successfully installed pip-25.1.1
2025-07-15T22:07:43.6881375Z #10 2.434 WARNING: Running pip as the 'root' user can result in broken permissions and conflicting behaviour with the system package manager. It is recommended to use a virtual environment instead: https://pip.pypa.io/warnings/venv
2025-07-15T22:07:43.7175684Z #10 DONE 2.6s
2025-07-15T22:07:43.8688915Z 
2025-07-15T22:07:43.8689527Z #11 [6/6] RUN pip install --no-cache-dir -r requirements.txt
2025-07-15T22:07:44.5645248Z #11 0.846 Collecting Flask==3.1.0 (from -r requirements.txt (line 1))
2025-07-15T22:07:44.6658686Z #11 0.878   Downloading flask-3.1.0-py3-none-any.whl.metadata (2.7 kB)
2025-07-15T22:07:44.6659716Z #11 0.889 Collecting Flask-PyMongo==3.0.1 (from -r requirements.txt (line 2))
2025-07-15T22:07:44.6660552Z #11 0.893   Downloading flask_pymongo-3.0.1-py3-none-any.whl.metadata (3.5 kB)
2025-07-15T22:07:44.6661132Z #11 0.936 Collecting pytest==8.2.1 (from -r requirements.txt (line 3))
2025-07-15T22:07:44.6661688Z #11 0.939   Downloading pytest-8.2.1-py3-none-any.whl.metadata (7.6 kB)
2025-07-15T22:07:44.6662192Z #11 0.948 Collecting blinker==1.9.0 (from -r requirements.txt (line 4))
2025-07-15T22:07:44.7678282Z #11 0.951   Downloading blinker-1.9.0-py3-none-any.whl.metadata (1.6 kB)
2025-07-15T22:07:44.7679009Z #11 0.965 Collecting certifi==2025.7.14 (from -r requirements.txt (line 5))
2025-07-15T22:07:44.7679491Z #11 0.970   Downloading certifi-2025.7.14-py3-none-any.whl.metadata (2.4 kB)
2025-07-15T22:07:44.7679991Z #11 1.045 Collecting charset-normalizer==3.4.2 (from -r requirements.txt (line 6))
2025-07-15T22:07:44.7680633Z #11 1.050   Downloading charset_normalizer-3.4.2-cp310-cp310-manylinux_2_17_x86_64.manylinux2014_x86_64.whl.metadata (35 kB)
2025-07-15T22:07:44.8694223Z #11 1.065 Collecting click==8.2.1 (from -r requirements.txt (line 7))
2025-07-15T22:07:44.8695063Z #11 1.068   Downloading click-8.2.1-py3-none-any.whl.metadata (2.5 kB)
2025-07-15T22:07:44.8695846Z #11 1.077 Collecting dnspython==2.7.0 (from -r requirements.txt (line 8))
2025-07-15T22:07:44.8696691Z #11 1.082   Downloading dnspython-2.7.0-py3-none-any.whl.metadata (5.8 kB)
2025-07-15T22:07:44.8697455Z #11 1.121 Collecting idna==3.10 (from -r requirements.txt (line 9))
2025-07-15T22:07:44.8698788Z #11 1.125   Downloading idna-3.10-py3-none-any.whl.metadata (10 kB)
2025-07-15T22:07:44.8699589Z #11 1.133 Collecting itsdangerous==2.2.0 (from -r requirements.txt (line 10))
2025-07-15T22:07:44.8700413Z #11 1.137   Downloading itsdangerous-2.2.0-py3-none-any.whl.metadata (1.9 kB)
2025-07-15T22:07:44.8701286Z #11 1.148 Collecting Jinja2==3.1.6 (from -r requirements.txt (line 11))
2025-07-15T22:07:44.8702031Z #11 1.151   Downloading jinja2-3.1.6-py3-none-any.whl.metadata (2.9 kB)
2025-07-15T22:07:45.0848689Z #11 1.201 Collecting MarkupSafe==3.0.2 (from -r requirements.txt (line 12))
2025-07-15T22:07:45.0849618Z #11 1.204   Downloading MarkupSafe-3.0.2-cp310-cp310-manylinux_2_17_x86_64.manylinux2014_x86_64.whl.metadata (4.0 kB)
2025-07-15T22:07:45.0851192Z #11 1.211 Collecting paho-mqtt==2.1.0 (from -r requirements.txt (line 13))
2025-07-15T22:07:45.0851851Z #11 1.216   Downloading paho_mqtt-2.1.0-py3-none-any.whl.metadata (23 kB)
2025-07-15T22:07:45.2468192Z #11 1.528 Collecting pymongo==4.13.2 (from -r requirements.txt (line 14))
2025-07-15T22:07:45.3514729Z #11 1.534   Downloading pymongo-4.13.2-cp310-cp310-manylinux_2_17_x86_64.manylinux2014_x86_64.whl.metadata (22 kB)
2025-07-15T22:07:45.3515682Z #11 1.551 Collecting python-dotenv==1.1.1 (from -r requirements.txt (line 15))
2025-07-15T22:07:45.3516278Z #11 1.554   Downloading python_dotenv-1.1.1-py3-none-any.whl.metadata (24 kB)
2025-07-15T22:07:45.3516838Z #11 1.580 Collecting requests==2.32.4 (from -r requirements.txt (line 16))
2025-07-15T22:07:45.3517373Z #11 1.583   Downloading requests-2.32.4-py3-none-any.whl.metadata (4.9 kB)
2025-07-15T22:07:45.3518286Z #11 1.603 Collecting urllib3==2.5.0 (from -r requirements.txt (line 17))
2025-07-15T22:07:45.3518938Z #11 1.606   Downloading urllib3-2.5.0-py3-none-any.whl.metadata (6.5 kB)
2025-07-15T22:07:45.3519509Z #11 1.623 Collecting Werkzeug==3.1.3 (from -r requirements.txt (line 18))
2025-07-15T22:07:45.3520053Z #11 1.627   Downloading werkzeug-3.1.3-py3-none-any.whl.metadata (3.7 kB)
2025-07-15T22:07:45.3520630Z #11 1.633 Collecting autodevops-cli==0.1.1 (from -r requirements.txt (line 19))
2025-07-15T22:07:45.4631145Z #11 1.638   Downloading autodevops_cli-0.1.1-py3-none-any.whl.metadata (494 bytes)
2025-07-15T22:07:45.4632443Z #11 1.643 Collecting iniconfig==2.1.0 (from -r requirements.txt (line 20))
2025-07-15T22:07:45.4633165Z #11 1.646   Downloading iniconfig-2.1.0-py3-none-any.whl.metadata (2.7 kB)
2025-07-15T22:07:45.4633852Z #11 1.654 Collecting loguru==0.7.3 (from -r requirements.txt (line 21))
2025-07-15T22:07:45.4634517Z #11 1.657   Downloading loguru-0.7.3-py3-none-any.whl.metadata (22 kB)
2025-07-15T22:07:45.4635212Z #11 1.674 Collecting markdown-it-py==3.0.0 (from -r requirements.txt (line 22))
2025-07-15T22:07:45.4635948Z #11 1.677   Downloading markdown_it_py-3.0.0-py3-none-any.whl.metadata (6.9 kB)
2025-07-15T22:07:45.4636667Z #11 1.687 Collecting mdurl==0.1.2 (from -r requirements.txt (line 23))
2025-07-15T22:07:45.4637311Z #11 1.690   Downloading mdurl-0.1.2-py3-none-any.whl.metadata (1.6 kB)
2025-07-15T22:07:45.4638134Z #11 1.698 Collecting mongomock==4.3.0 (from -r requirements.txt (line 24))
2025-07-15T22:07:45.4638847Z #11 1.703   Downloading mongomock-4.3.0-py2.py3-none-any.whl.metadata (12 kB)
2025-07-15T22:07:45.4639558Z #11 1.715 Collecting packaging==25.0 (from -r requirements.txt (line 25))
2025-07-15T22:07:45.4640238Z #11 1.719   Downloading packaging-25.0-py3-none-any.whl.metadata (3.3 kB)
2025-07-15T22:07:45.4640918Z #11 1.726 Collecting pluggy==1.6.0 (from -r requirements.txt (line 26))
2025-07-15T22:07:45.4641471Z #11 1.730   Downloading pluggy-1.6.0-py3-none-any.whl.metadata (4.8 kB)
2025-07-15T22:07:45.4641974Z #11 1.745 Collecting Pygments==2.19.2 (from -r requirements.txt (line 27))
2025-07-15T22:07:45.7059106Z #11 1.748   Downloading pygments-2.19.2-py3-none-any.whl.metadata (2.5 kB)
2025-07-15T22:07:45.7060004Z #11 1.780 Collecting pytz==2025.2 (from -r requirements.txt (line 28))
2025-07-15T22:07:45.7060556Z #11 1.783   Downloading pytz-2025.2-py2.py3-none-any.whl.metadata (22 kB)
2025-07-15T22:07:45.7061451Z #11 1.817 Collecting rich==14.0.0 (from -r requirements.txt (line 29))
2025-07-15T22:07:45.7061978Z #11 1.820   Downloading rich-14.0.0-py3-none-any.whl.metadata (18 kB)
2025-07-15T22:07:45.7062513Z #11 1.827 Collecting sentinels==1.0.0 (from -r requirements.txt (line 30))
2025-07-15T22:07:45.7063012Z #11 1.830   Downloading sentinels-1.0.0.tar.gz (4.1 kB)
2025-07-15T22:07:45.7063400Z #11 1.837   Preparing metadata (setup.py): started
2025-07-15T22:07:46.1844548Z #11 2.466   Preparing metadata (setup.py): finished with status 'done'
2025-07-15T22:07:46.3178436Z #11 2.477 Collecting sh==2.2.2 (from -r requirements.txt (line 31))
2025-07-15T22:07:46.3179372Z #11 2.482   Downloading sh-2.2.2-py3-none-any.whl.metadata (3.7 kB)
2025-07-15T22:07:46.3180766Z #11 2.517 Collecting exceptiongroup>=1.0.0rc8 (from pytest==8.2.1->-r requirements.txt (line 3))
2025-07-15T22:07:46.3182036Z #11 2.520   Downloading exceptiongroup-1.3.0-py3-none-any.whl.metadata (6.7 kB)
2025-07-15T22:07:46.3182730Z #11 2.532 Collecting tomli>=1 (from pytest==8.2.1->-r requirements.txt (line 3))
2025-07-15T22:07:46.3183336Z #11 2.535   Downloading tomli-2.2.1-py3-none-any.whl.metadata (10 kB)
2025-07-15T22:07:46.3184019Z #11 2.599 Collecting typing-extensions<5.0,>=4.0.0 (from rich==14.0.0->-r requirements.txt (line 29))
2025-07-15T22:07:46.4179956Z #11 2.604   Downloading typing_extensions-4.14.1-py3-none-any.whl.metadata (3.0 kB)
2025-07-15T22:07:46.4180946Z #11 2.624 Downloading flask-3.1.0-py3-none-any.whl (102 kB)
2025-07-15T22:07:46.4181498Z #11 2.630 Downloading flask_pymongo-3.0.1-py3-none-any.whl (11 kB)
2025-07-15T22:07:46.4182049Z #11 2.635 Downloading pytest-8.2.1-py3-none-any.whl (339 kB)
2025-07-15T22:07:46.4182541Z #11 2.639 Downloading pluggy-1.6.0-py3-none-any.whl (20 kB)
2025-07-15T22:07:46.4183058Z #11 2.643 Downloading blinker-1.9.0-py3-none-any.whl (8.5 kB)
2025-07-15T22:07:46.4183578Z #11 2.646 Downloading certifi-2025.7.14-py3-none-any.whl (162 kB)
2025-07-15T22:07:46.4184357Z #11 2.649 Downloading charset_normalizer-3.4.2-cp310-cp310-manylinux_2_17_x86_64.manylinux2014_x86_64.whl (149 kB)
2025-07-15T22:07:46.4185077Z #11 2.652 Downloading click-8.2.1-py3-none-any.whl (102 kB)
2025-07-15T22:07:46.4185641Z #11 2.656 Downloading dnspython-2.7.0-py3-none-any.whl (313 kB)
2025-07-15T22:07:46.4186140Z #11 2.659 Downloading idna-3.10-py3-none-any.whl (70 kB)
2025-07-15T22:07:46.4186627Z #11 2.662 Downloading itsdangerous-2.2.0-py3-none-any.whl (16 kB)
2025-07-15T22:07:46.4187142Z #11 2.666 Downloading jinja2-3.1.6-py3-none-any.whl (134 kB)
2025-07-15T22:07:46.4188012Z #11 2.669 Downloading MarkupSafe-3.0.2-cp310-cp310-manylinux_2_17_x86_64.manylinux2014_x86_64.whl (20 kB)
2025-07-15T22:07:46.4188719Z #11 2.675 Downloading paho_mqtt-2.1.0-py3-none-any.whl (67 kB)
2025-07-15T22:07:46.4189413Z #11 2.679 Downloading pymongo-4.13.2-cp310-cp310-manylinux_2_17_x86_64.manylinux2014_x86_64.whl (1.2 MB)
2025-07-15T22:07:46.4190349Z #11 2.693    ━━━━━━━━━━━━━━━━━━━━━━━━━━━━━━━━━━━━━━━━ 1.2/1.2 MB 81.0 MB/s eta 0:00:00
2025-07-15T22:07:46.4190752Z #11 2.697 Downloading python_dotenv-1.1.1-py3-none-any.whl (20 kB)
2025-07-15T22:07:46.4191144Z #11 2.700 Downloading requests-2.32.4-py3-none-any.whl (64 kB)
2025-07-15T22:07:46.6609864Z #11 2.703 Downloading urllib3-2.5.0-py3-none-any.whl (129 kB)
2025-07-15T22:07:46.6610619Z #11 2.707 Downloading werkzeug-3.1.3-py3-none-any.whl (224 kB)
2025-07-15T22:07:46.6611314Z #11 2.711 Downloading autodevops_cli-0.1.1-py3-none-any.whl (4.1 kB)
2025-07-15T22:07:46.6611987Z #11 2.714 Downloading iniconfig-2.1.0-py3-none-any.whl (6.0 kB)
2025-07-15T22:07:46.6612623Z #11 2.717 Downloading loguru-0.7.3-py3-none-any.whl (61 kB)
2025-07-15T22:07:46.6613277Z #11 2.720 Downloading markdown_it_py-3.0.0-py3-none-any.whl (87 kB)
2025-07-15T22:07:46.6613976Z #11 2.723 Downloading mdurl-0.1.2-py3-none-any.whl (10.0 kB)
2025-07-15T22:07:46.6614646Z #11 2.727 Downloading mongomock-4.3.0-py2.py3-none-any.whl (64 kB)
2025-07-15T22:07:46.6615885Z #11 2.730 Downloading packaging-25.0-py3-none-any.whl (66 kB)
2025-07-15T22:07:46.6616575Z #11 2.733 Downloading pygments-2.19.2-py3-none-any.whl (1.2 MB)
2025-07-15T22:07:46.6617913Z #11 2.738    ━━━━━━━━━━━━━━━━━━━━━━━━━━━━━━━━━━━━━━━━ 1.2/1.2 MB 342.2 MB/s eta 0:00:00
2025-07-15T22:07:46.6618589Z #11 2.741 Downloading pytz-2025.2-py2.py3-none-any.whl (509 kB)
2025-07-15T22:07:46.6619231Z #11 2.745 Downloading rich-14.0.0-py3-none-any.whl (243 kB)
2025-07-15T22:07:46.6619805Z #11 2.749 Downloading sh-2.2.2-py3-none-any.whl (38 kB)
2025-07-15T22:07:46.6620459Z #11 2.752 Downloading typing_extensions-4.14.1-py3-none-any.whl (43 kB)
2025-07-15T22:07:46.6621204Z #11 2.756 Downloading exceptiongroup-1.3.0-py3-none-any.whl (16 kB)
2025-07-15T22:07:46.6621853Z #11 2.758 Downloading tomli-2.2.1-py3-none-any.whl (14 kB)
2025-07-15T22:07:46.6622736Z #11 2.791 Building wheels for collected packages: sentinels
2025-07-15T22:07:46.6625600Z #11 2.792   DEPRECATION: Building 'sentinels' using the legacy setup.py bdist_wheel mechanism, which will be removed in a future version. pip 25.3 will enforce this behaviour change. A possible replacement is to use the standardized build interface by setting the `--use-pep517` option, (possibly combined with `--no-build-isolation`), or adding a `pyproject.toml` file to the source tree of 'sentinels'. Discussion can be found at https://github.com/pypa/pip/issues/6334
2025-07-15T22:07:46.6628550Z #11 2.792   Building wheel for sentinels (setup.py): started
2025-07-15T22:07:47.2988182Z #11 3.580   Building wheel for sentinels (setup.py): finished with status 'done'
2025-07-15T22:07:47.5208155Z #11 3.581   Created wheel for sentinels: filename=sentinels-1.0.0-py3-none-any.whl size=3175 sha256=88830277e4f18d4c50f465468728713a9fbd820c715e3c6be565c7d686c58d72
2025-07-15T22:07:47.5209861Z #11 3.581   Stored in directory: /tmp/pip-ephem-wheel-cache-_lawktw1/wheels/26/bc/eb/67e56405e0684b3d8c011cf4d18129c41be394775fd5ba2347
2025-07-15T22:07:47.5210825Z #11 3.583 Successfully built sentinels
2025-07-15T22:07:47.5213160Z #11 3.652 Installing collected packages: sentinels, pytz, urllib3, typing-extensions, tomli, sh, python-dotenv, Pygments, pluggy, paho-mqtt, packaging, mdurl, MarkupSafe, loguru, itsdangerous, iniconfig, idna, dnspython, click, charset-normalizer, certifi, blinker, Werkzeug, requests, pymongo, mongomock, markdown-it-py, Jinja2, exceptiongroup, rich, pytest, Flask, Flask-PyMongo, autodevops-cli
2025-07-15T22:07:49.6193250Z #11 5.901 
2025-07-15T22:07:49.7770786Z #11 5.908 Successfully installed Flask-3.1.0 Flask-PyMongo-3.0.1 Jinja2-3.1.6 MarkupSafe-3.0.2 Pygments-2.19.2 Werkzeug-3.1.3 autodevops-cli-0.1.1 blinker-1.9.0 certifi-2025.7.14 charset-normalizer-3.4.2 click-8.2.1 dnspython-2.7.0 exceptiongroup-1.3.0 idna-3.10 iniconfig-2.1.0 itsdangerous-2.2.0 loguru-0.7.3 markdown-it-py-3.0.0 mdurl-0.1.2 mongomock-4.3.0 packaging-25.0 paho-mqtt-2.1.0 pluggy-1.6.0 pymongo-4.13.2 pytest-8.2.1 python-dotenv-1.1.1 pytz-2025.2 requests-2.32.4 rich-14.0.0 sentinels-1.0.0 sh-2.2.2 tomli-2.2.1 typing-extensions-4.14.1 urllib3-2.5.0
2025-07-15T22:07:49.7775097Z #11 5.908 WARNING: Running pip as the 'root' user can result in broken permissions and conflicting behaviour with the system package manager, possibly rendering your system unusable. It is recommended to use a virtual environment instead: https://pip.pypa.io/warnings/venv. Use the --root-user-action option if you know what you are doing and want to suppress this warning.
2025-07-15T22:07:49.8416015Z #11 DONE 6.1s
2025-07-15T22:07:49.9939615Z 
2025-07-15T22:07:49.9940594Z #12 exporting to image
2025-07-15T22:07:49.9941535Z #12 exporting layers
2025-07-15T22:07:51.5754549Z #12 exporting layers 1.7s done
2025-07-15T22:07:51.5927202Z #12 writing image sha256:543198efd3a0d47129a17f21e498886ce37ca6ca6d4d42941f48edc33ea939db done
2025-07-15T22:07:51.5928996Z #12 naming to docker.io/***/flask-ci-cd-demo done
2025-07-15T22:07:51.5929512Z #12 DONE 1.7s
2025-07-15T22:07:51.6005826Z ##[group]Run docker push ***/flask-ci-cd-demo
2025-07-15T22:07:51.6006210Z [36;1mdocker push ***/flask-ci-cd-demo[0m
2025-07-15T22:07:51.6034720Z shell: /usr/bin/bash -e {0}
2025-07-15T22:07:51.6034956Z env:
2025-07-15T22:07:51.6035207Z   pythonLocation: /opt/hostedtoolcache/Python/3.10.18/x64
2025-07-15T22:07:51.6035613Z   PKG_CONFIG_PATH: /opt/hostedtoolcache/Python/3.10.18/x64/lib/pkgconfig
2025-07-15T22:07:51.6035996Z   Python_ROOT_DIR: /opt/hostedtoolcache/Python/3.10.18/x64
2025-07-15T22:07:51.6036346Z   Python2_ROOT_DIR: /opt/hostedtoolcache/Python/3.10.18/x64
2025-07-15T22:07:51.6036695Z   Python3_ROOT_DIR: /opt/hostedtoolcache/Python/3.10.18/x64
2025-07-15T22:07:51.6037043Z   LD_LIBRARY_PATH: /opt/hostedtoolcache/Python/3.10.18/x64/lib
2025-07-15T22:07:51.6037336Z ##[endgroup]
2025-07-15T22:07:51.6183396Z Using default tag: latest
2025-07-15T22:07:51.6196161Z The push refers to repository [docker.io/***/flask-ci-cd-demo]
2025-07-15T22:07:51.6387063Z 82864a213231: Preparing
2025-07-15T22:07:51.6388382Z c1981ff49ed8: Preparing
2025-07-15T22:07:51.6389147Z 0874254aaeb3: Preparing
2025-07-15T22:07:51.6389532Z 761001890d90: Preparing
2025-07-15T22:07:51.6389874Z 4718efde5b3e: Preparing
2025-07-15T22:07:51.6390203Z 31abbb538de0: Preparing
2025-07-15T22:07:51.6390531Z a2ccf7527b3c: Preparing
2025-07-15T22:07:51.6390782Z abd92ba2021e: Preparing
2025-07-15T22:07:51.6390992Z 1bb35e8b4de1: Preparing
2025-07-15T22:07:51.6391189Z a2ccf7527b3c: Waiting
2025-07-15T22:07:51.6391401Z abd92ba2021e: Waiting
2025-07-15T22:07:51.6391596Z 1bb35e8b4de1: Waiting
2025-07-15T22:07:51.6391782Z 31abbb538de0: Waiting
2025-07-15T22:07:52.6980910Z 761001890d90: Pushed
2025-07-15T22:07:52.7776603Z 31abbb538de0: Layer already exists
2025-07-15T22:07:52.8528682Z a2ccf7527b3c: Layer already exists
2025-07-15T22:07:52.9380759Z abd92ba2021e: Layer already exists
2025-07-15T22:07:53.0103143Z 1bb35e8b4de1: Layer already exists
2025-07-15T22:07:53.2779155Z c1981ff49ed8: Pushed
2025-07-15T22:07:54.4331959Z 82864a213231: Pushed
2025-07-15T22:07:55.9154564Z 0874254aaeb3: Pushed
2025-07-15T22:08:06.0278588Z 4718efde5b3e: Pushed
2025-07-15T22:08:08.1026569Z latest: digest: sha256:bde78463aa1c456430396998a7d8e81ea5b811536958598fbba4f15e6bb2a828 size: 2212
2025-07-15T22:08:08.1103653Z Post job cleanup.
2025-07-15T22:08:08.3966465Z [command]/usr/bin/docker logout 
2025-07-15T22:08:08.4097840Z Removing login credentials for https://index.docker.io/v1/
2025-07-15T22:08:08.4130690Z ##[group]Post cache
2025-07-15T22:08:08.4132230Z State not set
2025-07-15T22:08:08.4133681Z ##[endgroup]
2025-07-15T22:08:08.4256275Z Post job cleanup.
2025-07-15T22:08:08.5854355Z Post job cleanup.
2025-07-15T22:08:08.6601023Z [command]/usr/bin/git version
2025-07-15T22:08:08.6639612Z git version 2.50.1
2025-07-15T22:08:08.6687905Z Temporarily overriding HOME='/home/runner/work/_temp/5c234ceb-62ed-4bcd-ac9b-67f3d8ccdfb5' before making global git config changes
2025-07-15T22:08:08.6689170Z Adding repository directory to the temporary git global config as a safe directory
2025-07-15T22:08:08.6692665Z [command]/usr/bin/git config --global --add safe.directory /home/runner/work/Devops/Devops
2025-07-15T22:08:08.6723999Z [command]/usr/bin/git config --local --name-only --get-regexp core\.sshCommand
2025-07-15T22:08:08.6752868Z [command]/usr/bin/git submodule foreach --recursive sh -c "git config --local --name-only --get-regexp 'core\.sshCommand' && git config --local --unset-all 'core.sshCommand' || :"
2025-07-15T22:08:08.6983968Z [command]/usr/bin/git config --local --name-only --get-regexp http\.https\:\/\/github\.com\/\.extraheader
2025-07-15T22:08:08.7003403Z http.https://github.com/.extraheader
2025-07-15T22:08:08.7014338Z [command]/usr/bin/git config --local --unset-all http.https://github.com/.extraheader
2025-07-15T22:08:08.7041846Z [command]/usr/bin/git submodule foreach --recursive sh -c "git config --local --name-only --get-regexp 'http\.https\:\/\/github\.com\/\.extraheader' && git config --local --unset-all 'http.https://github.com/.extraheader' || :"
2025-07-15T22:08:08.7372260Z Cleaning up orphan processes
