2025-07-15T19:13:55.0586305Z Current runner version: '2.326.0'
2025-07-15T19:13:55.0616572Z ##[group]Runner Image Provisioner
2025-07-15T19:13:55.0617458Z Hosted Compute Agent
2025-07-15T19:13:55.0618089Z Version: 20250711.363
2025-07-15T19:13:55.0618740Z Commit: 6785254374ce925a23743850c1cb91912ce5c14c
2025-07-15T19:13:55.0619423Z Build Date: 2025-07-11T20:04:25Z
2025-07-15T19:13:55.0620028Z ##[endgroup]
2025-07-15T19:13:55.0620627Z ##[group]Operating System
2025-07-15T19:13:55.0621451Z Ubuntu
2025-07-15T19:13:55.0621938Z 24.04.2
2025-07-15T19:13:55.0622439Z LTS
2025-07-15T19:13:55.0622886Z ##[endgroup]
2025-07-15T19:13:55.0623421Z ##[group]Runner Image
2025-07-15T19:13:55.0624004Z Image: ubuntu-24.04
2025-07-15T19:13:55.0624494Z Version: 20250710.1.0
2025-07-15T19:13:55.0625507Z Included Software: https://github.com/actions/runner-images/blob/ubuntu24/20250710.1/images/ubuntu/Ubuntu2404-Readme.md
2025-07-15T19:13:55.0627101Z Image Release: https://github.com/actions/runner-images/releases/tag/ubuntu24%2F20250710.1
2025-07-15T19:13:55.0628118Z ##[endgroup]
2025-07-15T19:13:55.0629269Z ##[group]GITHUB_TOKEN Permissions
2025-07-15T19:13:55.0631517Z Contents: read
2025-07-15T19:13:55.0632167Z Metadata: read
2025-07-15T19:13:55.0632703Z Packages: read
2025-07-15T19:13:55.0633178Z ##[endgroup]
2025-07-15T19:13:55.0635193Z Secret source: Actions
2025-07-15T19:13:55.0635934Z Prepare workflow directory
2025-07-15T19:13:55.1053820Z Prepare all required actions
2025-07-15T19:13:55.1108275Z Getting action download info
2025-07-15T19:13:55.4609870Z ##[group]Download immutable action package 'actions/checkout@v3'
2025-07-15T19:13:55.4611074Z Version: 3.6.0
2025-07-15T19:13:55.4612090Z Digest: sha256:942562b9c7d4b1f2557f1da21f4d3eb4eb4fd01f2ad78b2a6e187d1b193e0a0f
2025-07-15T19:13:55.4613411Z Source commit SHA: f43a0e5ff2bd294095638e18286ca9a3d1956744
2025-07-15T19:13:55.4614153Z ##[endgroup]
2025-07-15T19:13:55.5474381Z ##[group]Download immutable action package 'actions/setup-python@v4'
2025-07-15T19:13:55.5475214Z Version: 4.9.1
2025-07-15T19:13:55.5476008Z Digest: sha256:f03e505388af670b5a108629e0ba26befc08d5c62b41f46146a45fe29ae509a5
2025-07-15T19:13:55.5477038Z Source commit SHA: 7f4fc3e22c37d6ff65e88745f38bd3157c663f7c
2025-07-15T19:13:55.5477719Z ##[endgroup]
2025-07-15T19:13:55.8010228Z ##[group]Download immutable action package 'docker/login-action@v3'
2025-07-15T19:13:55.8011318Z Version: 3.4.0
2025-07-15T19:13:55.8012217Z Digest: sha256:864ebd28db095e1602e6ef999f46a4f575083ea874918fbccf0994c2a7680450
2025-07-15T19:13:55.8013188Z Source commit SHA: 74a5d142397b4f367a81961eba4e8cd7edddf772
2025-07-15T19:13:55.8013851Z ##[endgroup]
2025-07-15T19:13:56.0700576Z Download action repository 'appleboy/ssh-action@v1.0.0' (SHA:55dabf81b49d4120609345970c91507e2d734799)
2025-07-15T19:13:56.4444157Z Complete job name: build-test-deploy
2025-07-15T19:13:56.4917473Z ##[group]Build container for action use: '/home/runner/work/_actions/appleboy/ssh-action/v1.0.0/Dockerfile'.
2025-07-15T19:13:56.4989714Z ##[command]/usr/bin/docker build -t efd4f4:71be20e9e4bf40248e5616b3652e2d9d -f "/home/runner/work/_actions/appleboy/ssh-action/v1.0.0/Dockerfile" "/home/runner/work/_actions/appleboy/ssh-action/v1.0.0"
2025-07-15T19:13:56.8898861Z #0 building with "default" instance using docker driver
2025-07-15T19:13:56.8900316Z 
2025-07-15T19:13:56.8900730Z #1 [internal] load build definition from Dockerfile
2025-07-15T19:13:56.8902057Z #1 transferring dockerfile: 170B done
2025-07-15T19:13:56.8902960Z #1 DONE 0.0s
2025-07-15T19:13:56.8903305Z 
2025-07-15T19:13:56.8903883Z #2 [internal] load metadata for ghcr.io/appleboy/drone-ssh:1.7.0
2025-07-15T19:13:57.1350324Z #2 DONE 0.4s
2025-07-15T19:13:57.2552281Z 
2025-07-15T19:13:57.2553714Z #3 [internal] load .dockerignore
2025-07-15T19:13:57.2555318Z #3 transferring context: 2B done
2025-07-15T19:13:57.2556827Z #3 DONE 0.0s
2025-07-15T19:13:57.2557454Z 
2025-07-15T19:13:57.2557988Z #4 [internal] load build context
2025-07-15T19:13:57.2559383Z #4 transferring context: 108B done
2025-07-15T19:13:57.2560799Z #4 DONE 0.0s
2025-07-15T19:13:57.2562206Z 
2025-07-15T19:13:57.2564186Z #5 [1/3] FROM ghcr.io/appleboy/drone-ssh:1.7.0@sha256:6818eede35495f9b993ba086350a53c29c9cfc935ef4f93b84a6c2e34e5dd100
2025-07-15T19:13:57.2569367Z #5 resolve ghcr.io/appleboy/drone-ssh:1.7.0@sha256:6818eede35495f9b993ba086350a53c29c9cfc935ef4f93b84a6c2e34e5dd100 done
2025-07-15T19:13:57.2574029Z #5 extracting sha256:4db1b89c0bd13344176ddce2d093b9da2ae58336823ffed2009a7ea4b62d2a95
2025-07-15T19:13:57.2578205Z #5 sha256:6bd0ff5b8ea528bad73a47e6171c4d7dc3b49d4310fcf759bb62ea5796e4c0c0 284.84kB / 284.84kB 0.1s done
2025-07-15T19:13:57.2583053Z #5 sha256:ef68d9ebed59d010ecedd79627d501152d7a932c8a32685fbec143370961699e 0B / 2.42MB 0.1s
2025-07-15T19:13:57.2587322Z #5 sha256:6818eede35495f9b993ba086350a53c29c9cfc935ef4f93b84a6c2e34e5dd100 2.38kB / 2.38kB done
2025-07-15T19:13:57.2591793Z #5 sha256:7896ba2bf31bc811100ebe17c066ec4ebb20f14e44c438e51b842f14cce72205 864B / 864B done
2025-07-15T19:13:57.2596164Z #5 sha256:178867ded3677e49c9fd3174feefe428b856f9c4fd4c9fe4a9588fc80c4d7614 3.34kB / 3.34kB done
2025-07-15T19:13:57.2601202Z #5 sha256:4db1b89c0bd13344176ddce2d093b9da2ae58336823ffed2009a7ea4b62d2a95 3.37MB / 3.37MB 0.1s done
2025-07-15T19:13:57.3598932Z #5 extracting sha256:4db1b89c0bd13344176ddce2d093b9da2ae58336823ffed2009a7ea4b62d2a95 0.1s done
2025-07-15T19:13:57.3603341Z #5 sha256:ef68d9ebed59d010ecedd79627d501152d7a932c8a32685fbec143370961699e 2.42MB / 2.42MB 0.1s done
2025-07-15T19:13:57.3607411Z #5 extracting sha256:6bd0ff5b8ea528bad73a47e6171c4d7dc3b49d4310fcf759bb62ea5796e4c0c0 0.0s done
2025-07-15T19:13:57.4645859Z #5 extracting sha256:ef68d9ebed59d010ecedd79627d501152d7a932c8a32685fbec143370961699e 0.0s done
2025-07-15T19:13:57.4649452Z #5 DONE 0.3s
2025-07-15T19:13:57.6237610Z 
2025-07-15T19:13:57.6239095Z #6 [2/3] COPY entrypoint.sh /entrypoint.sh
2025-07-15T19:13:57.6241776Z #6 DONE 0.0s
2025-07-15T19:13:57.6242651Z 
2025-07-15T19:13:57.6283307Z #7 [3/3] RUN chmod +x /entrypoint.sh
2025-07-15T19:13:57.6285268Z #7 DONE 0.2s
2025-07-15T19:13:57.7799290Z 
2025-07-15T19:13:57.7800308Z #8 exporting to image
2025-07-15T19:13:57.7802055Z #8 exporting layers
2025-07-15T19:13:58.0078982Z #8 exporting layers 0.4s done
2025-07-15T19:13:58.0269471Z #8 writing image sha256:62294e79e9c5ed93449b058590fc89f3a20e0341e1f177470bfb3daea4bf1baf done
2025-07-15T19:13:58.0274981Z #8 naming to docker.io/library/efd4f4:71be20e9e4bf40248e5616b3652e2d9d done
2025-07-15T19:13:58.0278677Z #8 DONE 0.4s
2025-07-15T19:13:58.0335372Z ##[endgroup]
2025-07-15T19:13:58.0684619Z ##[group]Run actions/checkout@v3
2025-07-15T19:13:58.0685945Z with:
2025-07-15T19:13:58.0686738Z   repository: Dinesh-4/Devops
2025-07-15T19:13:58.0688003Z   token: ***
2025-07-15T19:13:58.0688785Z   ssh-strict: true
2025-07-15T19:13:58.0689656Z   persist-credentials: true
2025-07-15T19:13:58.0690581Z   clean: true
2025-07-15T19:13:58.0691578Z   sparse-checkout-cone-mode: true
2025-07-15T19:13:58.0692590Z   fetch-depth: 1
2025-07-15T19:13:58.0693401Z   fetch-tags: false
2025-07-15T19:13:58.0694208Z   lfs: false
2025-07-15T19:13:58.0695007Z   submodules: false
2025-07-15T19:13:58.0695861Z   set-safe-directory: true
2025-07-15T19:13:58.0697188Z ##[endgroup]
2025-07-15T19:13:58.1542001Z Syncing repository: Dinesh-4/Devops
2025-07-15T19:13:58.1544529Z ##[group]Getting Git version info
2025-07-15T19:13:58.1546361Z Working directory is '/home/runner/work/Devops/Devops'
2025-07-15T19:13:58.1548294Z [command]/usr/bin/git version
2025-07-15T19:13:58.1549295Z git version 2.50.1
2025-07-15T19:13:58.1572961Z ##[endgroup]
2025-07-15T19:13:58.1586524Z Temporarily overriding HOME='/home/runner/work/_temp/f63e4afc-2916-496c-988d-657774ebf985' before making global git config changes
2025-07-15T19:13:58.1590481Z Adding repository directory to the temporary git global config as a safe directory
2025-07-15T19:13:58.1593321Z [command]/usr/bin/git config --global --add safe.directory /home/runner/work/Devops/Devops
2025-07-15T19:13:58.1621898Z Deleting the contents of '/home/runner/work/Devops/Devops'
2025-07-15T19:13:58.1626020Z ##[group]Initializing the repository
2025-07-15T19:13:58.1628648Z [command]/usr/bin/git init /home/runner/work/Devops/Devops
2025-07-15T19:13:58.1685324Z hint: Using 'master' as the name for the initial branch. This default branch name
2025-07-15T19:13:58.1688533Z hint: is subject to change. To configure the initial branch name to use in all
2025-07-15T19:13:58.1690500Z hint: of your new repositories, which will suppress this warning, call:
2025-07-15T19:13:58.1692147Z hint:
2025-07-15T19:13:58.1693620Z hint: 	git config --global init.defaultBranch <name>
2025-07-15T19:13:58.1695488Z hint:
2025-07-15T19:13:58.1697256Z hint: Names commonly chosen instead of 'master' are 'main', 'trunk' and
2025-07-15T19:13:58.1699880Z hint: 'development'. The just-created branch can be renamed via this command:
2025-07-15T19:13:58.1701678Z hint:
2025-07-15T19:13:58.1702443Z hint: 	git branch -m <name>
2025-07-15T19:13:58.1703338Z hint:
2025-07-15T19:13:58.1704566Z hint: Disable this message with "git config set advice.defaultBranchName false"
2025-07-15T19:13:58.1706580Z Initialized empty Git repository in /home/runner/work/Devops/Devops/.git/
2025-07-15T19:13:58.1709658Z [command]/usr/bin/git remote add origin https://github.com/Dinesh-4/Devops
2025-07-15T19:13:58.1729779Z ##[endgroup]
2025-07-15T19:13:58.1732152Z ##[group]Disabling automatic garbage collection
2025-07-15T19:13:58.1733931Z [command]/usr/bin/git config --local gc.auto 0
2025-07-15T19:13:58.1760316Z ##[endgroup]
2025-07-15T19:13:58.1761974Z ##[group]Setting up auth
2025-07-15T19:13:58.1764259Z [command]/usr/bin/git config --local --name-only --get-regexp core\.sshCommand
2025-07-15T19:13:58.1790857Z [command]/usr/bin/git submodule foreach --recursive sh -c "git config --local --name-only --get-regexp 'core\.sshCommand' && git config --local --unset-all 'core.sshCommand' || :"
2025-07-15T19:13:58.2045938Z [command]/usr/bin/git config --local --name-only --get-regexp http\.https\:\/\/github\.com\/\.extraheader
2025-07-15T19:13:58.2073192Z [command]/usr/bin/git submodule foreach --recursive sh -c "git config --local --name-only --get-regexp 'http\.https\:\/\/github\.com\/\.extraheader' && git config --local --unset-all 'http.https://github.com/.extraheader' || :"
2025-07-15T19:13:58.2286896Z [command]/usr/bin/git config --local http.https://github.com/.extraheader AUTHORIZATION: basic ***
2025-07-15T19:13:58.2317736Z ##[endgroup]
2025-07-15T19:13:58.2319109Z ##[group]Fetching the repository
2025-07-15T19:13:58.2326972Z [command]/usr/bin/git -c protocol.version=2 fetch --no-tags --prune --progress --no-recurse-submodules --depth=1 origin +9af2aa00bc50ea102c62729912bc44cea8e7c02b:refs/remotes/origin/main
2025-07-15T19:13:58.4675455Z remote: Enumerating objects: 4178, done.        
2025-07-15T19:13:58.4677891Z remote: Counting objects:   0% (1/4178)        
2025-07-15T19:13:58.4679967Z remote: Counting objects:   1% (42/4178)        
2025-07-15T19:13:58.4682520Z remote: Counting objects:   2% (84/4178)        
2025-07-15T19:13:58.4684879Z remote: Counting objects:   3% (126/4178)        
2025-07-15T19:13:58.4687170Z remote: Counting objects:   4% (168/4178)        
2025-07-15T19:13:58.4688495Z remote: Counting objects:   5% (209/4178)        
2025-07-15T19:13:58.4689715Z remote: Counting objects:   6% (251/4178)        
2025-07-15T19:13:58.4691143Z remote: Counting objects:   7% (293/4178)        
2025-07-15T19:13:58.4692392Z remote: Counting objects:   8% (335/4178)        
2025-07-15T19:13:58.4693615Z remote: Counting objects:   9% (377/4178)        
2025-07-15T19:13:58.4694827Z remote: Counting objects:  10% (418/4178)        
2025-07-15T19:13:58.4696024Z remote: Counting objects:  11% (460/4178)        
2025-07-15T19:13:58.4697226Z remote: Counting objects:  12% (502/4178)        
2025-07-15T19:13:58.4698437Z remote: Counting objects:  13% (544/4178)        
2025-07-15T19:13:58.4699626Z remote: Counting objects:  14% (585/4178)        
2025-07-15T19:13:58.4700814Z remote: Counting objects:  15% (627/4178)        
2025-07-15T19:13:58.4702171Z remote: Counting objects:  16% (669/4178)        
2025-07-15T19:13:58.4703583Z remote: Counting objects:  17% (711/4178)        
2025-07-15T19:13:58.4704781Z remote: Counting objects:  18% (753/4178)        
2025-07-15T19:13:58.4705961Z remote: Counting objects:  19% (794/4178)        
2025-07-15T19:13:58.4707151Z remote: Counting objects:  20% (836/4178)        
2025-07-15T19:13:58.4708340Z remote: Counting objects:  21% (878/4178)        
2025-07-15T19:13:58.4709540Z remote: Counting objects:  22% (920/4178)        
2025-07-15T19:13:58.4710824Z remote: Counting objects:  23% (961/4178)        
2025-07-15T19:13:58.4712243Z remote: Counting objects:  24% (1003/4178)        
2025-07-15T19:13:58.4713448Z remote: Counting objects:  25% (1045/4178)        
2025-07-15T19:13:58.4714642Z remote: Counting objects:  26% (1087/4178)        
2025-07-15T19:13:58.4715841Z remote: Counting objects:  27% (1129/4178)        
2025-07-15T19:13:58.4717066Z remote: Counting objects:  28% (1170/4178)        
2025-07-15T19:13:58.4718269Z remote: Counting objects:  29% (1212/4178)        
2025-07-15T19:13:58.4719486Z remote: Counting objects:  30% (1254/4178)        
2025-07-15T19:13:58.4720676Z remote: Counting objects:  31% (1296/4178)        
2025-07-15T19:13:58.4722087Z remote: Counting objects:  32% (1337/4178)        
2025-07-15T19:13:58.4723278Z remote: Counting objects:  33% (1379/4178)        
2025-07-15T19:13:58.4724458Z remote: Counting objects:  34% (1421/4178)        
2025-07-15T19:13:58.4725735Z remote: Counting objects:  35% (1463/4178)        
2025-07-15T19:13:58.4726927Z remote: Counting objects:  36% (1505/4178)        
2025-07-15T19:13:58.4728122Z remote: Counting objects:  37% (1546/4178)        
2025-07-15T19:13:58.4729319Z remote: Counting objects:  38% (1588/4178)        
2025-07-15T19:13:58.4730517Z remote: Counting objects:  39% (1630/4178)        
2025-07-15T19:13:58.4731941Z remote: Counting objects:  40% (1672/4178)        
2025-07-15T19:13:58.4733169Z remote: Counting objects:  41% (1713/4178)        
2025-07-15T19:13:58.4734435Z remote: Counting objects:  42% (1755/4178)        
2025-07-15T19:13:58.4735694Z remote: Counting objects:  43% (1797/4178)        
2025-07-15T19:13:58.4736896Z remote: Counting objects:  44% (1839/4178)        
2025-07-15T19:13:58.4738101Z remote: Counting objects:  45% (1881/4178)        
2025-07-15T19:13:58.4739296Z remote: Counting objects:  46% (1922/4178)        
2025-07-15T19:13:58.4740486Z remote: Counting objects:  47% (1964/4178)        
2025-07-15T19:13:58.4742016Z remote: Counting objects:  48% (2006/4178)        
2025-07-15T19:13:58.4743228Z remote: Counting objects:  49% (2048/4178)        
2025-07-15T19:13:58.4744407Z remote: Counting objects:  50% (2089/4178)        
2025-07-15T19:13:58.4745650Z remote: Counting objects:  51% (2131/4178)        
2025-07-15T19:13:58.4746858Z remote: Counting objects:  52% (2173/4178)        
2025-07-15T19:13:58.4748037Z remote: Counting objects:  53% (2215/4178)        
2025-07-15T19:13:58.4749231Z remote: Counting objects:  54% (2257/4178)        
2025-07-15T19:13:58.4750432Z remote: Counting objects:  55% (2298/4178)        
2025-07-15T19:13:58.4751840Z remote: Counting objects:  56% (2340/4178)        
2025-07-15T19:13:58.4753035Z remote: Counting objects:  57% (2382/4178)        
2025-07-15T19:13:58.4754226Z remote: Counting objects:  58% (2424/4178)        
2025-07-15T19:13:58.4755411Z remote: Counting objects:  59% (2466/4178)        
2025-07-15T19:13:58.4756596Z remote: Counting objects:  60% (2507/4178)        
2025-07-15T19:13:58.4757790Z remote: Counting objects:  61% (2549/4178)        
2025-07-15T19:13:58.4758969Z remote: Counting objects:  62% (2591/4178)        
2025-07-15T19:13:58.4760156Z remote: Counting objects:  63% (2633/4178)        
2025-07-15T19:13:58.4761557Z remote: Counting objects:  64% (2674/4178)        
2025-07-15T19:13:58.4762751Z remote: Counting objects:  65% (2716/4178)        
2025-07-15T19:13:58.4763931Z remote: Counting objects:  66% (2758/4178)        
2025-07-15T19:13:58.4765113Z remote: Counting objects:  67% (2800/4178)        
2025-07-15T19:13:58.4766457Z remote: Counting objects:  68% (2842/4178)        
2025-07-15T19:13:58.4767636Z remote: Counting objects:  69% (2883/4178)        
2025-07-15T19:13:58.4768816Z remote: Counting objects:  70% (2925/4178)        
2025-07-15T19:13:58.4770005Z remote: Counting objects:  71% (2967/4178)        
2025-07-15T19:13:58.4771381Z remote: Counting objects:  72% (3009/4178)        
2025-07-15T19:13:58.4772576Z remote: Counting objects:  73% (3050/4178)        
2025-07-15T19:13:58.4773774Z remote: Counting objects:  74% (3092/4178)        
2025-07-15T19:13:58.4774972Z remote: Counting objects:  75% (3134/4178)        
2025-07-15T19:13:58.4776151Z remote: Counting objects:  76% (3176/4178)        
2025-07-15T19:13:58.4777347Z remote: Counting objects:  77% (3218/4178)        
2025-07-15T19:13:58.4834916Z remote: Counting objects:  78% (3259/4178)        
2025-07-15T19:13:58.4837531Z remote: Counting objects:  79% (3301/4178)        
2025-07-15T19:13:58.4839838Z remote: Counting objects:  80% (3343/4178)        
2025-07-15T19:13:58.4841977Z remote: Counting objects:  81% (3385/4178)        
2025-07-15T19:13:58.4843652Z remote: Counting objects:  82% (3426/4178)        
2025-07-15T19:13:58.4845099Z remote: Counting objects:  83% (3468/4178)        
2025-07-15T19:13:58.4846667Z remote: Counting objects:  84% (3510/4178)        
2025-07-15T19:13:58.4848029Z remote: Counting objects:  85% (3552/4178)        
2025-07-15T19:13:58.4849353Z remote: Counting objects:  86% (3594/4178)        
2025-07-15T19:13:58.4850666Z remote: Counting objects:  87% (3635/4178)        
2025-07-15T19:13:58.4852856Z remote: Counting objects:  88% (3677/4178)        
2025-07-15T19:13:58.4854956Z remote: Counting objects:  89% (3719/4178)        
2025-07-15T19:13:58.4857164Z remote: Counting objects:  90% (3761/4178)        
2025-07-15T19:13:58.4859400Z remote: Counting objects:  91% (3802/4178)        
2025-07-15T19:13:58.4861843Z remote: Counting objects:  92% (3844/4178)        
2025-07-15T19:13:58.4863556Z remote: Counting objects:  93% (3886/4178)        
2025-07-15T19:13:58.4864902Z remote: Counting objects:  94% (3928/4178)        
2025-07-15T19:13:58.4866149Z remote: Counting objects:  95% (3970/4178)        
2025-07-15T19:13:58.4867571Z remote: Counting objects:  96% (4011/4178)        
2025-07-15T19:13:58.4868875Z remote: Counting objects:  97% (4053/4178)        
2025-07-15T19:13:58.4870217Z remote: Counting objects:  98% (4095/4178)        
2025-07-15T19:13:58.4871940Z remote: Counting objects:  99% (4137/4178)        
2025-07-15T19:13:58.4873265Z remote: Counting objects: 100% (4178/4178)        
2025-07-15T19:13:58.4874742Z remote: Counting objects: 100% (4178/4178), done.        
2025-07-15T19:13:58.4876127Z remote: Compressing objects:   0% (1/3557)        
2025-07-15T19:13:58.4877459Z remote: Compressing objects:   1% (36/3557)        
2025-07-15T19:13:58.4878856Z remote: Compressing objects:   2% (72/3557)        
2025-07-15T19:13:58.4880174Z remote: Compressing objects:   3% (107/3557)        
2025-07-15T19:13:58.4881730Z remote: Compressing objects:   4% (143/3557)        
2025-07-15T19:13:58.4883186Z remote: Compressing objects:   5% (178/3557)        
2025-07-15T19:13:58.4884521Z remote: Compressing objects:   6% (214/3557)        
2025-07-15T19:13:58.4885886Z remote: Compressing objects:   7% (249/3557)        
2025-07-15T19:13:58.4887381Z remote: Compressing objects:   8% (285/3557)        
2025-07-15T19:13:58.4888754Z remote: Compressing objects:   9% (321/3557)        
2025-07-15T19:13:58.4890079Z remote: Compressing objects:  10% (356/3557)        
2025-07-15T19:13:58.4891695Z remote: Compressing objects:  11% (392/3557)        
2025-07-15T19:13:58.4893066Z remote: Compressing objects:  12% (427/3557)        
2025-07-15T19:13:58.4894382Z remote: Compressing objects:  13% (463/3557)        
2025-07-15T19:13:58.4895763Z remote: Compressing objects:  14% (498/3557)        
2025-07-15T19:13:58.4897142Z remote: Compressing objects:  15% (534/3557)        
2025-07-15T19:13:58.4898491Z remote: Compressing objects:  16% (570/3557)        
2025-07-15T19:13:58.4900058Z remote: Compressing objects:  17% (605/3557)        
2025-07-15T19:13:58.4901624Z remote: Compressing objects:  18% (641/3557)        
2025-07-15T19:13:58.4902973Z remote: Compressing objects:  19% (676/3557)        
2025-07-15T19:13:58.4904333Z remote: Compressing objects:  20% (712/3557)        
2025-07-15T19:13:58.4905697Z remote: Compressing objects:  21% (747/3557)        
2025-07-15T19:13:58.4907088Z remote: Compressing objects:  22% (783/3557)        
2025-07-15T19:13:58.4908435Z remote: Compressing objects:  23% (819/3557)        
2025-07-15T19:13:58.4909799Z remote: Compressing objects:  24% (854/3557)        
2025-07-15T19:13:58.4911339Z remote: Compressing objects:  25% (890/3557)        
2025-07-15T19:13:58.4912709Z remote: Compressing objects:  26% (925/3557)        
2025-07-15T19:13:58.4914112Z remote: Compressing objects:  27% (961/3557)        
2025-07-15T19:13:58.4915449Z remote: Compressing objects:  28% (996/3557)        
2025-07-15T19:13:58.4916850Z remote: Compressing objects:  29% (1032/3557)        
2025-07-15T19:13:58.4918204Z remote: Compressing objects:  30% (1068/3557)        
2025-07-15T19:13:58.4919573Z remote: Compressing objects:  31% (1103/3557)        
2025-07-15T19:13:58.4921198Z remote: Compressing objects:  32% (1139/3557)        
2025-07-15T19:13:58.4922591Z remote: Compressing objects:  33% (1174/3557)        
2025-07-15T19:13:58.4923962Z remote: Compressing objects:  34% (1210/3557)        
2025-07-15T19:13:58.4925404Z remote: Compressing objects:  35% (1245/3557)        
2025-07-15T19:13:58.4926743Z remote: Compressing objects:  36% (1281/3557)        
2025-07-15T19:13:58.4928102Z remote: Compressing objects:  37% (1317/3557)        
2025-07-15T19:13:58.4991864Z remote: Compressing objects:  38% (1352/3557)        
2025-07-15T19:13:58.4993532Z remote: Compressing objects:  39% (1388/3557)        
2025-07-15T19:13:58.4995713Z remote: Compressing objects:  40% (1423/3557)        
2025-07-15T19:13:58.4997879Z remote: Compressing objects:  41% (1459/3557)        
2025-07-15T19:13:58.5000087Z remote: Compressing objects:  42% (1494/3557)        
2025-07-15T19:13:58.5002434Z remote: Compressing objects:  43% (1530/3557)        
2025-07-15T19:13:58.5004574Z remote: Compressing objects:  44% (1566/3557)        
2025-07-15T19:13:58.5006827Z remote: Compressing objects:  45% (1601/3557)        
2025-07-15T19:13:58.5008995Z remote: Compressing objects:  46% (1637/3557)        
2025-07-15T19:13:58.5011483Z remote: Compressing objects:  47% (1672/3557)        
2025-07-15T19:13:58.5013678Z remote: Compressing objects:  48% (1708/3557)        
2025-07-15T19:13:58.5015846Z remote: Compressing objects:  49% (1743/3557)        
2025-07-15T19:13:58.5018004Z remote: Compressing objects:  50% (1779/3557)        
2025-07-15T19:13:58.5020166Z remote: Compressing objects:  51% (1815/3557)        
2025-07-15T19:13:58.5022599Z remote: Compressing objects:  52% (1850/3557)        
2025-07-15T19:13:58.5024763Z remote: Compressing objects:  53% (1886/3557)        
2025-07-15T19:13:58.5026907Z remote: Compressing objects:  54% (1921/3557)        
2025-07-15T19:13:58.5029061Z remote: Compressing objects:  55% (1957/3557)        
2025-07-15T19:13:58.5030472Z remote: Compressing objects:  56% (1992/3557)        
2025-07-15T19:13:58.5031895Z remote: Compressing objects:  57% (2028/3557)        
2025-07-15T19:13:58.5033176Z remote: Compressing objects:  58% (2064/3557)        
2025-07-15T19:13:58.5034481Z remote: Compressing objects:  59% (2099/3557)        
2025-07-15T19:13:58.5035755Z remote: Compressing objects:  60% (2135/3557)        
2025-07-15T19:13:58.5037038Z remote: Compressing objects:  61% (2170/3557)        
2025-07-15T19:13:58.5038308Z remote: Compressing objects:  62% (2206/3557)        
2025-07-15T19:13:58.5039584Z remote: Compressing objects:  63% (2241/3557)        
2025-07-15T19:13:58.5040864Z remote: Compressing objects:  64% (2277/3557)        
2025-07-15T19:13:58.5042284Z remote: Compressing objects:  65% (2313/3557)        
2025-07-15T19:13:58.5043596Z remote: Compressing objects:  66% (2348/3557)        
2025-07-15T19:13:58.5045082Z remote: Compressing objects:  67% (2384/3557)        
2025-07-15T19:13:58.5046351Z remote: Compressing objects:  68% (2419/3557)        
2025-07-15T19:13:58.5047621Z remote: Compressing objects:  69% (2455/3557)        
2025-07-15T19:13:58.5048881Z remote: Compressing objects:  70% (2490/3557)        
2025-07-15T19:13:58.5050151Z remote: Compressing objects:  71% (2526/3557)        
2025-07-15T19:13:58.5051524Z remote: Compressing objects:  72% (2562/3557)        
2025-07-15T19:13:58.5052779Z remote: Compressing objects:  73% (2597/3557)        
2025-07-15T19:13:58.5054019Z remote: Compressing objects:  74% (2633/3557)        
2025-07-15T19:13:58.5055275Z remote: Compressing objects:  75% (2668/3557)        
2025-07-15T19:13:58.5056516Z remote: Compressing objects:  76% (2704/3557)        
2025-07-15T19:13:58.5057811Z remote: Compressing objects:  77% (2739/3557)        
2025-07-15T19:13:58.5059062Z remote: Compressing objects:  78% (2775/3557)        
2025-07-15T19:13:58.5060328Z remote: Compressing objects:  79% (2811/3557)        
2025-07-15T19:13:58.5062065Z remote: Compressing objects:  80% (2846/3557)        
2025-07-15T19:13:58.5063338Z remote: Compressing objects:  81% (2882/3557)        
2025-07-15T19:13:58.5064599Z remote: Compressing objects:  82% (2917/3557)        
2025-07-15T19:13:58.5065841Z remote: Compressing objects:  83% (2953/3557)        
2025-07-15T19:13:58.5067098Z remote: Compressing objects:  84% (2988/3557)        
2025-07-15T19:13:58.5068348Z remote: Compressing objects:  85% (3024/3557)        
2025-07-15T19:13:58.5069598Z remote: Compressing objects:  86% (3060/3557)        
2025-07-15T19:13:58.5070854Z remote: Compressing objects:  87% (3095/3557)        
2025-07-15T19:13:58.5072244Z remote: Compressing objects:  88% (3131/3557)        
2025-07-15T19:13:58.5073496Z remote: Compressing objects:  89% (3166/3557)        
2025-07-15T19:13:58.5074756Z remote: Compressing objects:  90% (3202/3557)        
2025-07-15T19:13:58.5076016Z remote: Compressing objects:  91% (3237/3557)        
2025-07-15T19:13:58.5077281Z remote: Compressing objects:  92% (3273/3557)        
2025-07-15T19:13:58.5078561Z remote: Compressing objects:  93% (3309/3557)        
2025-07-15T19:13:58.5079827Z remote: Compressing objects:  94% (3344/3557)        
2025-07-15T19:13:58.5081194Z remote: Compressing objects:  95% (3380/3557)        
2025-07-15T19:13:58.5082601Z remote: Compressing objects:  96% (3415/3557)        
2025-07-15T19:13:58.5083909Z remote: Compressing objects:  97% (3451/3557)        
2025-07-15T19:13:58.5085166Z remote: Compressing objects:  98% (3486/3557)        
2025-07-15T19:13:58.5086430Z remote: Compressing objects:  99% (3522/3557)        
2025-07-15T19:13:58.5087682Z remote: Compressing objects: 100% (3557/3557)        
2025-07-15T19:13:58.5089016Z remote: Compressing objects: 100% (3557/3557), done.        
2025-07-15T19:13:58.5090274Z Receiving objects:   0% (1/4178)
2025-07-15T19:13:58.5091331Z Receiving objects:   1% (42/4178)
2025-07-15T19:13:58.5176875Z Receiving objects:   2% (84/4178)
2025-07-15T19:13:58.5372602Z Receiving objects:   3% (126/4178)
2025-07-15T19:13:58.5522922Z Receiving objects:   4% (168/4178)
2025-07-15T19:13:58.5589280Z Receiving objects:   5% (209/4178)
2025-07-15T19:13:58.5607819Z Receiving objects:   6% (251/4178)
2025-07-15T19:13:58.5762179Z Receiving objects:   7% (293/4178)
2025-07-15T19:13:58.5806665Z Receiving objects:   8% (335/4178)
2025-07-15T19:13:58.5864536Z Receiving objects:   9% (377/4178)
2025-07-15T19:13:58.5938279Z Receiving objects:  10% (418/4178)
2025-07-15T19:13:58.6060580Z Receiving objects:  11% (460/4178)
2025-07-15T19:13:58.6095980Z Receiving objects:  12% (502/4178)
2025-07-15T19:13:58.6131169Z Receiving objects:  13% (544/4178)
2025-07-15T19:13:58.6137906Z Receiving objects:  14% (585/4178)
2025-07-15T19:13:58.6150230Z Receiving objects:  15% (627/4178)
2025-07-15T19:13:58.6158427Z Receiving objects:  16% (669/4178)
2025-07-15T19:13:58.6185949Z Receiving objects:  17% (711/4178)
2025-07-15T19:13:58.6204219Z Receiving objects:  18% (753/4178)
2025-07-15T19:13:58.6249149Z Receiving objects:  19% (794/4178)
2025-07-15T19:13:58.6286219Z Receiving objects:  20% (836/4178)
2025-07-15T19:13:58.6328694Z Receiving objects:  21% (878/4178)
2025-07-15T19:13:58.6381316Z Receiving objects:  22% (920/4178)
2025-07-15T19:13:58.6447452Z Receiving objects:  23% (961/4178)
2025-07-15T19:13:58.6485355Z Receiving objects:  24% (1003/4178)
2025-07-15T19:13:58.6500381Z Receiving objects:  25% (1045/4178)
2025-07-15T19:13:58.6516831Z Receiving objects:  26% (1087/4178)
2025-07-15T19:13:58.6528836Z Receiving objects:  27% (1129/4178)
2025-07-15T19:13:58.6542124Z Receiving objects:  28% (1170/4178)
2025-07-15T19:13:58.6585355Z Receiving objects:  29% (1212/4178)
2025-07-15T19:13:58.6627013Z Receiving objects:  30% (1254/4178)
2025-07-15T19:13:58.6687509Z Receiving objects:  31% (1296/4178)
2025-07-15T19:13:58.6735186Z Receiving objects:  32% (1337/4178)
2025-07-15T19:13:58.6772592Z Receiving objects:  33% (1379/4178)
2025-07-15T19:13:58.6809370Z Receiving objects:  34% (1421/4178)
2025-07-15T19:13:58.7004782Z Receiving objects:  35% (1463/4178)
2025-07-15T19:13:58.7040393Z Receiving objects:  36% (1505/4178)
2025-07-15T19:13:58.7110403Z Receiving objects:  37% (1546/4178)
2025-07-15T19:13:58.7149662Z Receiving objects:  38% (1588/4178)
2025-07-15T19:13:58.7212088Z Receiving objects:  39% (1630/4178)
2025-07-15T19:13:58.7244120Z Receiving objects:  40% (1672/4178)
2025-07-15T19:13:58.7304865Z Receiving objects:  41% (1713/4178)
2025-07-15T19:13:58.7342349Z Receiving objects:  42% (1755/4178)
2025-07-15T19:13:58.7397349Z Receiving objects:  43% (1797/4178)
2025-07-15T19:13:58.7466334Z Receiving objects:  44% (1839/4178)
2025-07-15T19:13:58.7515053Z Receiving objects:  45% (1881/4178)
2025-07-15T19:13:58.7548508Z Receiving objects:  46% (1922/4178)
2025-07-15T19:13:58.7584985Z Receiving objects:  47% (1964/4178)
2025-07-15T19:13:58.7676517Z Receiving objects:  48% (2006/4178)
2025-07-15T19:13:58.7709279Z Receiving objects:  49% (2048/4178)
2025-07-15T19:13:58.7739243Z Receiving objects:  50% (2089/4178)
2025-07-15T19:13:58.7779018Z Receiving objects:  51% (2131/4178)
2025-07-15T19:13:58.7834104Z Receiving objects:  52% (2173/4178)
2025-07-15T19:13:58.7881318Z Receiving objects:  53% (2215/4178)
2025-07-15T19:13:58.7907719Z Receiving objects:  54% (2257/4178)
2025-07-15T19:13:58.7942711Z Receiving objects:  55% (2298/4178)
2025-07-15T19:13:58.7972839Z Receiving objects:  56% (2340/4178)
2025-07-15T19:13:58.8018278Z Receiving objects:  57% (2382/4178)
2025-07-15T19:13:58.8042200Z Receiving objects:  58% (2424/4178)
2025-07-15T19:13:58.8065441Z Receiving objects:  59% (2466/4178)
2025-07-15T19:13:58.8082815Z Receiving objects:  60% (2507/4178)
2025-07-15T19:13:58.8144051Z Receiving objects:  61% (2549/4178)
2025-07-15T19:13:58.8186666Z Receiving objects:  62% (2591/4178)
2025-07-15T19:13:58.8228227Z Receiving objects:  63% (2633/4178)
2025-07-15T19:13:58.8458369Z Receiving objects:  64% (2674/4178)
2025-07-15T19:13:58.8526444Z Receiving objects:  65% (2716/4178)
2025-07-15T19:13:58.8603618Z Receiving objects:  66% (2758/4178)
2025-07-15T19:13:58.8711456Z Receiving objects:  67% (2800/4178)
2025-07-15T19:13:58.8783882Z Receiving objects:  68% (2842/4178)
2025-07-15T19:13:58.8843854Z Receiving objects:  69% (2883/4178)
2025-07-15T19:13:58.8954585Z Receiving objects:  70% (2925/4178)
2025-07-15T19:13:58.9021327Z Receiving objects:  71% (2967/4178)
2025-07-15T19:13:58.9078279Z Receiving objects:  72% (3009/4178)
2025-07-15T19:13:58.9111293Z Receiving objects:  73% (3050/4178)
2025-07-15T19:13:58.9135041Z Receiving objects:  74% (3092/4178)
2025-07-15T19:13:58.9152063Z Receiving objects:  75% (3134/4178)
2025-07-15T19:13:58.9188221Z Receiving objects:  76% (3176/4178)
2025-07-15T19:13:58.9271471Z Receiving objects:  77% (3218/4178)
2025-07-15T19:13:58.9435932Z Receiving objects:  78% (3259/4178)
2025-07-15T19:13:58.9478660Z Receiving objects:  79% (3301/4178)
2025-07-15T19:13:58.9535584Z Receiving objects:  80% (3343/4178)
2025-07-15T19:13:58.9557135Z Receiving objects:  81% (3385/4178)
2025-07-15T19:13:58.9580636Z Receiving objects:  82% (3426/4178)
2025-07-15T19:13:58.9587267Z Receiving objects:  83% (3468/4178)
2025-07-15T19:13:58.9596190Z Receiving objects:  84% (3510/4178)
2025-07-15T19:13:58.9604896Z Receiving objects:  85% (3552/4178)
2025-07-15T19:13:58.9611353Z Receiving objects:  86% (3594/4178)
2025-07-15T19:13:58.9617597Z Receiving objects:  87% (3635/4178)
2025-07-15T19:13:58.9625103Z Receiving objects:  88% (3677/4178)
2025-07-15T19:13:58.9629052Z Receiving objects:  89% (3719/4178)
2025-07-15T19:13:58.9635807Z Receiving objects:  90% (3761/4178)
2025-07-15T19:13:58.9654669Z Receiving objects:  91% (3802/4178)
2025-07-15T19:13:58.9662532Z Receiving objects:  92% (3844/4178)
2025-07-15T19:13:58.9687428Z Receiving objects:  93% (3886/4178)
2025-07-15T19:13:58.9691888Z Receiving objects:  94% (3928/4178)
2025-07-15T19:13:58.9734432Z Receiving objects:  95% (3970/4178)
2025-07-15T19:13:58.9757602Z Receiving objects:  96% (4011/4178)
2025-07-15T19:13:58.9814250Z Receiving objects:  97% (4053/4178)
2025-07-15T19:13:58.9849471Z Receiving objects:  98% (4095/4178)
2025-07-15T19:13:58.9887290Z Receiving objects:  99% (4137/4178)
2025-07-15T19:13:58.9891915Z remote: Total 4178 (delta 580), reused 4167 (delta 576), pack-reused 0 (from 0)        
2025-07-15T19:13:58.9909481Z Receiving objects: 100% (4178/4178), 14.01 MiB | 28.01 MiB/s
2025-07-15T19:13:58.9912420Z Receiving objects: 100% (4178/4178), 14.17 MiB | 28.12 MiB/s, done.
2025-07-15T19:13:58.9918136Z Resolving deltas:   0% (0/580)
2025-07-15T19:13:58.9920862Z Resolving deltas:   1% (7/580)
2025-07-15T19:13:58.9923222Z Resolving deltas:   2% (12/580)
2025-07-15T19:13:58.9924888Z Resolving deltas:   3% (18/580)
2025-07-15T19:13:58.9926492Z Resolving deltas:   4% (24/580)
2025-07-15T19:13:58.9928086Z Resolving deltas:   5% (29/580)
2025-07-15T19:13:58.9929800Z Resolving deltas:   6% (35/580)
2025-07-15T19:13:58.9931648Z Resolving deltas:   7% (41/580)
2025-07-15T19:13:58.9933269Z Resolving deltas:   8% (47/580)
2025-07-15T19:13:58.9934888Z Resolving deltas:   9% (53/580)
2025-07-15T19:13:58.9947137Z Resolving deltas:  10% (58/580)
2025-07-15T19:13:58.9949077Z Resolving deltas:  11% (64/580)
2025-07-15T19:13:58.9951132Z Resolving deltas:  12% (70/580)
2025-07-15T19:13:59.0048251Z Resolving deltas:  13% (76/580)
2025-07-15T19:13:59.0059100Z Resolving deltas:  14% (82/580)
2025-07-15T19:13:59.0060592Z Resolving deltas:  15% (87/580)
2025-07-15T19:13:59.0064829Z Resolving deltas:  16% (93/580)
2025-07-15T19:13:59.0066734Z Resolving deltas:  17% (99/580)
2025-07-15T19:13:59.0068538Z Resolving deltas:  18% (105/580)
2025-07-15T19:13:59.0075703Z Resolving deltas:  19% (111/580)
2025-07-15T19:13:59.0077207Z Resolving deltas:  20% (116/580)
2025-07-15T19:13:59.0078645Z Resolving deltas:  21% (122/580)
2025-07-15T19:13:59.0080118Z Resolving deltas:  22% (128/580)
2025-07-15T19:13:59.0083339Z Resolving deltas:  23% (134/580)
2025-07-15T19:13:59.0084794Z Resolving deltas:  24% (140/580)
2025-07-15T19:13:59.0086281Z Resolving deltas:  25% (145/580)
2025-07-15T19:13:59.0097914Z Resolving deltas:  26% (151/580)
2025-07-15T19:13:59.0099378Z Resolving deltas:  27% (157/580)
2025-07-15T19:13:59.0100408Z Resolving deltas:  28% (163/580)
2025-07-15T19:13:59.0101801Z Resolving deltas:  29% (169/580)
2025-07-15T19:13:59.0103275Z Resolving deltas:  30% (175/580)
2025-07-15T19:13:59.0105991Z Resolving deltas:  31% (180/580)
2025-07-15T19:13:59.0107462Z Resolving deltas:  32% (186/580)
2025-07-15T19:13:59.0109522Z Resolving deltas:  33% (192/580)
2025-07-15T19:13:59.0117312Z Resolving deltas:  34% (198/580)
2025-07-15T19:13:59.0120735Z Resolving deltas:  35% (203/580)
2025-07-15T19:13:59.0130457Z Resolving deltas:  36% (209/580)
2025-07-15T19:13:59.0136914Z Resolving deltas:  37% (215/580)
2025-07-15T19:13:59.0139042Z Resolving deltas:  38% (222/580)
2025-07-15T19:13:59.0143516Z Resolving deltas:  39% (227/580)
2025-07-15T19:13:59.0149616Z Resolving deltas:  40% (232/580)
2025-07-15T19:13:59.0158084Z Resolving deltas:  41% (238/580)
2025-07-15T19:13:59.0173781Z Resolving deltas:  42% (244/580)
2025-07-15T19:13:59.0177566Z Resolving deltas:  43% (250/580)
2025-07-15T19:13:59.0183468Z Resolving deltas:  44% (257/580)
2025-07-15T19:13:59.0185486Z Resolving deltas:  45% (261/580)
2025-07-15T19:13:59.0193935Z Resolving deltas:  46% (267/580)
2025-07-15T19:13:59.0201119Z Resolving deltas:  47% (273/580)
2025-07-15T19:13:59.0212269Z Resolving deltas:  48% (279/580)
2025-07-15T19:13:59.0222249Z Resolving deltas:  49% (285/580)
2025-07-15T19:13:59.0227036Z Resolving deltas:  50% (290/580)
2025-07-15T19:13:59.0234250Z Resolving deltas:  51% (296/580)
2025-07-15T19:13:59.0239255Z Resolving deltas:  52% (302/580)
2025-07-15T19:13:59.0249706Z Resolving deltas:  53% (308/580)
2025-07-15T19:13:59.0252952Z Resolving deltas:  54% (314/580)
2025-07-15T19:13:59.0263297Z Resolving deltas:  55% (319/580)
2025-07-15T19:13:59.0269543Z Resolving deltas:  56% (325/580)
2025-07-15T19:13:59.0273093Z Resolving deltas:  57% (331/580)
2025-07-15T19:13:59.0278195Z Resolving deltas:  58% (337/580)
2025-07-15T19:13:59.0295538Z Resolving deltas:  59% (343/580)
2025-07-15T19:13:59.0299032Z Resolving deltas:  60% (348/580)
2025-07-15T19:13:59.0311207Z Resolving deltas:  61% (354/580)
2025-07-15T19:13:59.0317442Z Resolving deltas:  62% (360/580)
2025-07-15T19:13:59.0323141Z Resolving deltas:  63% (366/580)
2025-07-15T19:13:59.0333775Z Resolving deltas:  64% (372/580)
2025-07-15T19:13:59.0337521Z Resolving deltas:  65% (377/580)
2025-07-15T19:13:59.0345788Z Resolving deltas:  66% (383/580)
2025-07-15T19:13:59.0350496Z Resolving deltas:  67% (389/580)
2025-07-15T19:13:59.0355961Z Resolving deltas:  68% (395/580)
2025-07-15T19:13:59.0356631Z Resolving deltas:  69% (401/580)
2025-07-15T19:13:59.0361122Z Resolving deltas:  70% (407/580)
2025-07-15T19:13:59.0368487Z Resolving deltas:  71% (412/580)
2025-07-15T19:13:59.0373977Z Resolving deltas:  72% (418/580)
2025-07-15T19:13:59.0386562Z Resolving deltas:  73% (424/580)
2025-07-15T19:13:59.0387195Z Resolving deltas:  74% (430/580)
2025-07-15T19:13:59.0390402Z Resolving deltas:  75% (435/580)
2025-07-15T19:13:59.0399700Z Resolving deltas:  76% (441/580)
2025-07-15T19:13:59.0410035Z Resolving deltas:  77% (448/580)
2025-07-15T19:13:59.0423550Z Resolving deltas:  78% (453/580)
2025-07-15T19:13:59.0425866Z Resolving deltas:  79% (459/580)
2025-07-15T19:13:59.0431789Z Resolving deltas:  80% (464/580)
2025-07-15T19:13:59.0436504Z Resolving deltas:  81% (471/580)
2025-07-15T19:13:59.0438008Z Resolving deltas:  82% (476/580)
2025-07-15T19:13:59.0439570Z Resolving deltas:  83% (482/580)
2025-07-15T19:13:59.0443077Z Resolving deltas:  84% (488/580)
2025-07-15T19:13:59.0474481Z Resolving deltas:  85% (493/580)
2025-07-15T19:13:59.0477902Z Resolving deltas:  86% (499/580)
2025-07-15T19:13:59.0488291Z Resolving deltas:  87% (506/580)
2025-07-15T19:13:59.0502821Z Resolving deltas:  88% (511/580)
2025-07-15T19:13:59.0509019Z Resolving deltas:  89% (517/580)
2025-07-15T19:13:59.0518377Z Resolving deltas:  90% (522/580)
2025-07-15T19:13:59.0522168Z Resolving deltas:  91% (528/580)
2025-07-15T19:13:59.0523429Z Resolving deltas:  92% (534/580)
2025-07-15T19:13:59.0525030Z Resolving deltas:  93% (540/580)
2025-07-15T19:13:59.0528834Z Resolving deltas:  94% (546/580)
2025-07-15T19:13:59.0530234Z Resolving deltas:  95% (551/580)
2025-07-15T19:13:59.0531122Z Resolving deltas:  96% (557/580)
2025-07-15T19:13:59.0531640Z Resolving deltas:  97% (563/580)
2025-07-15T19:13:59.0532113Z Resolving deltas:  98% (569/580)
2025-07-15T19:13:59.0536506Z Resolving deltas:  99% (575/580)
2025-07-15T19:13:59.0537625Z Resolving deltas: 100% (580/580)
2025-07-15T19:13:59.0538864Z Resolving deltas: 100% (580/580), done.
2025-07-15T19:13:59.0703105Z From https://github.com/Dinesh-4/Devops
2025-07-15T19:13:59.0703914Z  * [new ref]         9af2aa00bc50ea102c62729912bc44cea8e7c02b -> origin/main
2025-07-15T19:13:59.0729453Z ##[endgroup]
2025-07-15T19:13:59.0729990Z ##[group]Determining the checkout info
2025-07-15T19:13:59.0732598Z ##[endgroup]
2025-07-15T19:13:59.0733584Z ##[group]Checking out the ref
2025-07-15T19:13:59.0736709Z [command]/usr/bin/git checkout --progress --force -B main refs/remotes/origin/main
2025-07-15T19:13:59.4184518Z Switched to a new branch 'main'
2025-07-15T19:13:59.4186667Z branch 'main' set up to track 'origin/main'.
2025-07-15T19:13:59.4204026Z ##[endgroup]
2025-07-15T19:13:59.4243076Z [command]/usr/bin/git log -1 --format='%H'
2025-07-15T19:13:59.4266357Z '9af2aa00bc50ea102c62729912bc44cea8e7c02b'
2025-07-15T19:13:59.4486043Z ##[group]Run actions/setup-python@v4
2025-07-15T19:13:59.4486377Z with:
2025-07-15T19:13:59.4486620Z   python-version: 3.10
2025-07-15T19:13:59.4486895Z   check-latest: false
2025-07-15T19:13:59.4487303Z   token: ***
2025-07-15T19:13:59.4487538Z   update-environment: true
2025-07-15T19:13:59.4487814Z   allow-prereleases: false
2025-07-15T19:13:59.4488079Z ##[endgroup]
2025-07-15T19:13:59.6141916Z ##[group]Installed versions
2025-07-15T19:13:59.6229918Z Successfully set up CPython (3.10.18)
2025-07-15T19:13:59.6230823Z ##[endgroup]
2025-07-15T19:13:59.6342501Z ##[group]Run python -m pip install --upgrade pip
2025-07-15T19:13:59.6342984Z [36;1mpython -m pip install --upgrade pip[0m
2025-07-15T19:13:59.6343348Z [36;1mpip install -r requirements.txt[0m
2025-07-15T19:13:59.6384874Z shell: /usr/bin/bash -e {0}
2025-07-15T19:13:59.6385170Z env:
2025-07-15T19:13:59.6385476Z   pythonLocation: /opt/hostedtoolcache/Python/3.10.18/x64
2025-07-15T19:13:59.6385934Z   PKG_CONFIG_PATH: /opt/hostedtoolcache/Python/3.10.18/x64/lib/pkgconfig
2025-07-15T19:13:59.6386395Z   Python_ROOT_DIR: /opt/hostedtoolcache/Python/3.10.18/x64
2025-07-15T19:13:59.6386797Z   Python2_ROOT_DIR: /opt/hostedtoolcache/Python/3.10.18/x64
2025-07-15T19:13:59.6387188Z   Python3_ROOT_DIR: /opt/hostedtoolcache/Python/3.10.18/x64
2025-07-15T19:13:59.6387580Z   LD_LIBRARY_PATH: /opt/hostedtoolcache/Python/3.10.18/x64/lib
2025-07-15T19:13:59.6387907Z ##[endgroup]
2025-07-15T19:14:00.1923288Z Requirement already satisfied: pip in /opt/hostedtoolcache/Python/3.10.18/x64/lib/python3.10/site-packages (25.1.1)
2025-07-15T19:14:00.8279712Z Collecting Flask==3.1.0 (from -r requirements.txt (line 1))
2025-07-15T19:14:00.8626507Z   Downloading flask-3.1.0-py3-none-any.whl.metadata (2.7 kB)
2025-07-15T19:14:00.8783845Z Collecting Flask-PyMongo==3.0.1 (from -r requirements.txt (line 2))
2025-07-15T19:14:00.8863782Z   Downloading flask_pymongo-3.0.1-py3-none-any.whl.metadata (3.5 kB)
2025-07-15T19:14:00.9373244Z Collecting pytest==8.2.1 (from -r requirements.txt (line 3))
2025-07-15T19:14:00.9415548Z   Downloading pytest-8.2.1-py3-none-any.whl.metadata (7.6 kB)
2025-07-15T19:14:00.9549072Z Collecting blinker==1.9.0 (from -r requirements.txt (line 4))
2025-07-15T19:14:00.9588763Z   Downloading blinker-1.9.0-py3-none-any.whl.metadata (1.6 kB)
2025-07-15T19:14:00.9785438Z Collecting certifi==2025.7.14 (from -r requirements.txt (line 5))
2025-07-15T19:14:00.9821040Z   Downloading certifi-2025.7.14-py3-none-any.whl.metadata (2.4 kB)
2025-07-15T19:14:01.0718505Z Collecting charset-normalizer==3.4.2 (from -r requirements.txt (line 6))
2025-07-15T19:14:01.0756539Z   Downloading charset_normalizer-3.4.2-cp310-cp310-manylinux_2_17_x86_64.manylinux2014_x86_64.whl.metadata (35 kB)
2025-07-15T19:14:01.0981110Z Collecting click==8.2.1 (from -r requirements.txt (line 7))
2025-07-15T19:14:01.1018885Z   Downloading click-8.2.1-py3-none-any.whl.metadata (2.5 kB)
2025-07-15T19:14:01.1155098Z Collecting dnspython==2.7.0 (from -r requirements.txt (line 8))
2025-07-15T19:14:01.1194031Z   Downloading dnspython-2.7.0-py3-none-any.whl.metadata (5.8 kB)
2025-07-15T19:14:01.1389714Z Collecting idna==3.10 (from -r requirements.txt (line 9))
2025-07-15T19:14:01.1424836Z   Downloading idna-3.10-py3-none-any.whl.metadata (10 kB)
2025-07-15T19:14:01.1553495Z Collecting itsdangerous==2.2.0 (from -r requirements.txt (line 10))
2025-07-15T19:14:01.1593943Z   Downloading itsdangerous-2.2.0-py3-none-any.whl.metadata (1.9 kB)
2025-07-15T19:14:01.1753356Z Collecting Jinja2==3.1.6 (from -r requirements.txt (line 11))
2025-07-15T19:14:01.1788613Z   Downloading jinja2-3.1.6-py3-none-any.whl.metadata (2.9 kB)
2025-07-15T19:14:01.2361890Z Collecting MarkupSafe==3.0.2 (from -r requirements.txt (line 12))
2025-07-15T19:14:01.2398180Z   Downloading MarkupSafe-3.0.2-cp310-cp310-manylinux_2_17_x86_64.manylinux2014_x86_64.whl.metadata (4.0 kB)
2025-07-15T19:14:01.2513575Z Collecting paho-mqtt==2.1.0 (from -r requirements.txt (line 13))
2025-07-15T19:14:01.2594775Z   Downloading paho_mqtt-2.1.0-py3-none-any.whl.metadata (23 kB)
2025-07-15T19:14:01.5956768Z Collecting pymongo==4.13.2 (from -r requirements.txt (line 14))
2025-07-15T19:14:01.6019920Z   Downloading pymongo-4.13.2-cp310-cp310-manylinux_2_17_x86_64.manylinux2014_x86_64.whl.metadata (22 kB)
2025-07-15T19:14:01.6254830Z Collecting python-dotenv==1.1.1 (from -r requirements.txt (line 15))
2025-07-15T19:14:01.6290026Z   Downloading python_dotenv-1.1.1-py3-none-any.whl.metadata (24 kB)
2025-07-15T19:14:01.6571931Z Collecting requests==2.32.4 (from -r requirements.txt (line 16))
2025-07-15T19:14:01.6609040Z   Downloading requests-2.32.4-py3-none-any.whl.metadata (4.9 kB)
2025-07-15T19:14:01.6869047Z Collecting urllib3==2.5.0 (from -r requirements.txt (line 17))
2025-07-15T19:14:01.6904488Z   Downloading urllib3-2.5.0-py3-none-any.whl.metadata (6.5 kB)
2025-07-15T19:14:01.7144296Z Collecting Werkzeug==3.1.3 (from -r requirements.txt (line 18))
2025-07-15T19:14:01.7181989Z   Downloading werkzeug-3.1.3-py3-none-any.whl.metadata (3.7 kB)
2025-07-15T19:14:01.7294820Z Collecting autodevops-cli==0.1.1 (from -r requirements.txt (line 19))
2025-07-15T19:14:01.7342371Z   Downloading autodevops_cli-0.1.1-py3-none-any.whl.metadata (494 bytes)
2025-07-15T19:14:01.7444169Z Collecting iniconfig==2.1.0 (from -r requirements.txt (line 20))
2025-07-15T19:14:01.7479986Z   Downloading iniconfig-2.1.0-py3-none-any.whl.metadata (2.7 kB)
2025-07-15T19:14:01.7613775Z Collecting loguru==0.7.3 (from -r requirements.txt (line 21))
2025-07-15T19:14:01.7649940Z   Downloading loguru-0.7.3-py3-none-any.whl.metadata (22 kB)
2025-07-15T19:14:01.7883568Z Collecting markdown-it-py==3.0.0 (from -r requirements.txt (line 22))
2025-07-15T19:14:01.7919589Z   Downloading markdown_it_py-3.0.0-py3-none-any.whl.metadata (6.9 kB)
2025-07-15T19:14:01.8062860Z Collecting mdurl==0.1.2 (from -r requirements.txt (line 23))
2025-07-15T19:14:01.8098535Z   Downloading mdurl-0.1.2-py3-none-any.whl.metadata (1.6 kB)
2025-07-15T19:14:01.8245099Z Collecting mongomock==4.3.0 (from -r requirements.txt (line 24))
2025-07-15T19:14:01.8295841Z   Downloading mongomock-4.3.0-py2.py3-none-any.whl.metadata (12 kB)
2025-07-15T19:14:01.8468319Z Collecting packaging==25.0 (from -r requirements.txt (line 25))
2025-07-15T19:14:01.8505753Z   Downloading packaging-25.0-py3-none-any.whl.metadata (3.3 kB)
2025-07-15T19:14:01.8628480Z Collecting pluggy==1.6.0 (from -r requirements.txt (line 26))
2025-07-15T19:14:01.8663677Z   Downloading pluggy-1.6.0-py3-none-any.whl.metadata (4.8 kB)
2025-07-15T19:14:01.8866235Z Collecting Pygments==2.19.2 (from -r requirements.txt (line 27))
2025-07-15T19:14:01.8901413Z   Downloading pygments-2.19.2-py3-none-any.whl.metadata (2.5 kB)
2025-07-15T19:14:01.9294938Z Collecting pytz==2025.2 (from -r requirements.txt (line 28))
2025-07-15T19:14:01.9334808Z   Downloading pytz-2025.2-py2.py3-none-any.whl.metadata (22 kB)
2025-07-15T19:14:01.9750561Z Collecting rich==14.0.0 (from -r requirements.txt (line 29))
2025-07-15T19:14:01.9795142Z   Downloading rich-14.0.0-py3-none-any.whl.metadata (18 kB)
2025-07-15T19:14:01.9914545Z Collecting sentinels==1.0.0 (from -r requirements.txt (line 30))
2025-07-15T19:14:01.9960490Z   Downloading sentinels-1.0.0.tar.gz (4.1 kB)
2025-07-15T19:14:02.0045953Z   Installing build dependencies: started
2025-07-15T19:14:02.8722971Z   Installing build dependencies: finished with status 'done'
2025-07-15T19:14:02.8731266Z   Getting requirements to build wheel: started
2025-07-15T19:14:03.2062571Z   Getting requirements to build wheel: finished with status 'done'
2025-07-15T19:14:03.2072886Z   Preparing metadata (pyproject.toml): started
2025-07-15T19:14:03.3830582Z   Preparing metadata (pyproject.toml): finished with status 'done'
2025-07-15T19:14:03.4004144Z Collecting sh==2.2.2 (from -r requirements.txt (line 31))
2025-07-15T19:14:03.4055959Z   Downloading sh-2.2.2-py3-none-any.whl.metadata (3.7 kB)
2025-07-15T19:14:03.4499771Z Collecting exceptiongroup>=1.0.0rc8 (from pytest==8.2.1->-r requirements.txt (line 3))
2025-07-15T19:14:03.4536942Z   Downloading exceptiongroup-1.3.0-py3-none-any.whl.metadata (6.7 kB)
2025-07-15T19:14:03.4762119Z Collecting tomli>=1 (from pytest==8.2.1->-r requirements.txt (line 3))
2025-07-15T19:14:03.4800170Z   Downloading tomli-2.2.1-py3-none-any.whl.metadata (10 kB)
2025-07-15T19:14:03.5556858Z Collecting typing-extensions<5.0,>=4.0.0 (from rich==14.0.0->-r requirements.txt (line 29))
2025-07-15T19:14:03.5600777Z   Downloading typing_extensions-4.14.1-py3-none-any.whl.metadata (3.0 kB)
2025-07-15T19:14:03.5780079Z Downloading flask-3.1.0-py3-none-any.whl (102 kB)
2025-07-15T19:14:03.5860001Z Downloading flask_pymongo-3.0.1-py3-none-any.whl (11 kB)
2025-07-15T19:14:03.5920419Z Downloading pytest-8.2.1-py3-none-any.whl (339 kB)
2025-07-15T19:14:03.5998762Z Downloading pluggy-1.6.0-py3-none-any.whl (20 kB)
2025-07-15T19:14:03.6053318Z Downloading blinker-1.9.0-py3-none-any.whl (8.5 kB)
2025-07-15T19:14:03.6113405Z Downloading certifi-2025.7.14-py3-none-any.whl (162 kB)
2025-07-15T19:14:03.6177201Z Downloading charset_normalizer-3.4.2-cp310-cp310-manylinux_2_17_x86_64.manylinux2014_x86_64.whl (149 kB)
2025-07-15T19:14:03.6240586Z Downloading click-8.2.1-py3-none-any.whl (102 kB)
2025-07-15T19:14:03.6308534Z Downloading dnspython-2.7.0-py3-none-any.whl (313 kB)
2025-07-15T19:14:03.6372224Z Downloading idna-3.10-py3-none-any.whl (70 kB)
2025-07-15T19:14:03.6425643Z Downloading itsdangerous-2.2.0-py3-none-any.whl (16 kB)
2025-07-15T19:14:03.6489311Z Downloading jinja2-3.1.6-py3-none-any.whl (134 kB)
2025-07-15T19:14:03.6550275Z Downloading MarkupSafe-3.0.2-cp310-cp310-manylinux_2_17_x86_64.manylinux2014_x86_64.whl (20 kB)
2025-07-15T19:14:03.6608585Z Downloading paho_mqtt-2.1.0-py3-none-any.whl (67 kB)
2025-07-15T19:14:03.6673031Z Downloading pymongo-4.13.2-cp310-cp310-manylinux_2_17_x86_64.manylinux2014_x86_64.whl (1.2 MB)
2025-07-15T19:14:03.6778653Z    ━━━━━━━━━━━━━━━━━━━━━━━━━━━━━━━━━━━━━━━━ 1.2/1.2 MB 133.4 MB/s eta 0:00:00
2025-07-15T19:14:03.6814030Z Downloading python_dotenv-1.1.1-py3-none-any.whl (20 kB)
2025-07-15T19:14:03.6871649Z Downloading requests-2.32.4-py3-none-any.whl (64 kB)
2025-07-15T19:14:03.6929777Z Downloading urllib3-2.5.0-py3-none-any.whl (129 kB)
2025-07-15T19:14:03.6990206Z Downloading werkzeug-3.1.3-py3-none-any.whl (224 kB)
2025-07-15T19:14:03.7069768Z Downloading autodevops_cli-0.1.1-py3-none-any.whl (4.1 kB)
2025-07-15T19:14:03.7123950Z Downloading iniconfig-2.1.0-py3-none-any.whl (6.0 kB)
2025-07-15T19:14:03.7181082Z Downloading loguru-0.7.3-py3-none-any.whl (61 kB)
2025-07-15T19:14:03.7236561Z Downloading markdown_it_py-3.0.0-py3-none-any.whl (87 kB)
2025-07-15T19:14:03.7295634Z Downloading mdurl-0.1.2-py3-none-any.whl (10.0 kB)
2025-07-15T19:14:03.7387426Z Downloading mongomock-4.3.0-py2.py3-none-any.whl (64 kB)
2025-07-15T19:14:03.7445173Z Downloading packaging-25.0-py3-none-any.whl (66 kB)
2025-07-15T19:14:03.7506134Z Downloading pygments-2.19.2-py3-none-any.whl (1.2 MB)
2025-07-15T19:14:03.7600074Z    ━━━━━━━━━━━━━━━━━━━━━━━━━━━━━━━━━━━━━━━━ 1.2/1.2 MB 155.5 MB/s eta 0:00:00
2025-07-15T19:14:03.7637730Z Downloading pytz-2025.2-py2.py3-none-any.whl (509 kB)
2025-07-15T19:14:03.7714808Z Downloading rich-14.0.0-py3-none-any.whl (243 kB)
2025-07-15T19:14:03.7787008Z Downloading sh-2.2.2-py3-none-any.whl (38 kB)
2025-07-15T19:14:03.7842977Z Downloading typing_extensions-4.14.1-py3-none-any.whl (43 kB)
2025-07-15T19:14:03.7897097Z Downloading exceptiongroup-1.3.0-py3-none-any.whl (16 kB)
2025-07-15T19:14:03.7963776Z Downloading tomli-2.2.1-py3-none-any.whl (14 kB)
2025-07-15T19:14:03.8322248Z Building wheels for collected packages: sentinels
2025-07-15T19:14:03.8331972Z   Building wheel for sentinels (pyproject.toml): started
2025-07-15T19:14:04.0332504Z   Building wheel for sentinels (pyproject.toml): finished with status 'done'
2025-07-15T19:14:04.0338046Z   Created wheel for sentinels: filename=sentinels-1.0.0-py3-none-any.whl size=3229 sha256=04746337964d78d9857bb2c45fc96a7b1c3d262d6163ae422571ac33f3de19a3
2025-07-15T19:14:04.0340287Z   Stored in directory: /home/runner/.cache/pip/wheels/26/bc/eb/67e56405e0684b3d8c011cf4d18129c41be394775fd5ba2347
2025-07-15T19:14:04.0356053Z Successfully built sentinels
2025-07-15T19:14:04.1112057Z Installing collected packages: sentinels, pytz, urllib3, typing-extensions, tomli, sh, python-dotenv, Pygments, pluggy, paho-mqtt, packaging, mdurl, MarkupSafe, loguru, itsdangerous, iniconfig, idna, dnspython, click, charset-normalizer, certifi, blinker, Werkzeug, requests, pymongo, mongomock, markdown-it-py, Jinja2, exceptiongroup, rich, pytest, Flask, Flask-PyMongo, autodevops-cli
2025-07-15T19:14:06.5501334Z 
2025-07-15T19:14:06.5563293Z Successfully installed Flask-3.1.0 Flask-PyMongo-3.0.1 Jinja2-3.1.6 MarkupSafe-3.0.2 Pygments-2.19.2 Werkzeug-3.1.3 autodevops-cli-0.1.1 blinker-1.9.0 certifi-2025.7.14 charset-normalizer-3.4.2 click-8.2.1 dnspython-2.7.0 exceptiongroup-1.3.0 idna-3.10 iniconfig-2.1.0 itsdangerous-2.2.0 loguru-0.7.3 markdown-it-py-3.0.0 mdurl-0.1.2 mongomock-4.3.0 packaging-25.0 paho-mqtt-2.1.0 pluggy-1.6.0 pymongo-4.13.2 pytest-8.2.1 python-dotenv-1.1.1 pytz-2025.2 requests-2.32.4 rich-14.0.0 sentinels-1.0.0 sh-2.2.2 tomli-2.2.1 typing-extensions-4.14.1 urllib3-2.5.0
2025-07-15T19:14:06.6881090Z ##[group]Run export PYTHONPATH=.
2025-07-15T19:14:06.6881415Z [36;1mexport PYTHONPATH=.[0m
2025-07-15T19:14:06.6881655Z [36;1mpytest test_main.py -v[0m
2025-07-15T19:14:06.6909871Z shell: /usr/bin/bash -e {0}
2025-07-15T19:14:06.6910091Z env:
2025-07-15T19:14:06.6910324Z   pythonLocation: /opt/hostedtoolcache/Python/3.10.18/x64
2025-07-15T19:14:06.6910714Z   PKG_CONFIG_PATH: /opt/hostedtoolcache/Python/3.10.18/x64/lib/pkgconfig
2025-07-15T19:14:06.6911329Z   Python_ROOT_DIR: /opt/hostedtoolcache/Python/3.10.18/x64
2025-07-15T19:14:06.6911675Z   Python2_ROOT_DIR: /opt/hostedtoolcache/Python/3.10.18/x64
2025-07-15T19:14:06.6912018Z   Python3_ROOT_DIR: /opt/hostedtoolcache/Python/3.10.18/x64
2025-07-15T19:14:06.6912361Z   LD_LIBRARY_PATH: /opt/hostedtoolcache/Python/3.10.18/x64/lib
2025-07-15T19:14:06.6912647Z ##[endgroup]
2025-07-15T19:14:07.0048198Z ============================= test session starts ==============================
2025-07-15T19:14:07.0049444Z platform linux -- Python 3.10.18, pytest-8.2.1, pluggy-1.6.0 -- /opt/hostedtoolcache/Python/3.10.18/x64/bin/python
2025-07-15T19:14:07.0050091Z cachedir: .pytest_cache
2025-07-15T19:14:07.0050383Z rootdir: /home/runner/work/Devops/Devops
2025-07-15T19:14:07.2255366Z collecting ... collected 7 items
2025-07-15T19:14:07.2255724Z 
2025-07-15T19:14:07.2396825Z test_main.py::test_home_page PASSED                                      [ 14%]
2025-07-15T19:14:07.2476675Z test_main.py::test_admin_dashboard PASSED                                [ 28%]
2025-07-15T19:14:07.2542970Z test_main.py::test_student_dashboard PASSED                              [ 42%]
2025-07-15T19:14:07.2586799Z test_main.py::test_generate_attendance_no_input PASSED                   [ 57%]
2025-07-15T19:14:07.2630838Z test_main.py::test_student_generate_attendance_invalid PASSED            [ 71%]
2025-07-15T19:14:07.2692288Z test_main.py::test_register_user_get PASSED                              [ 85%]
2025-07-15T19:14:07.2751469Z test_main.py::test_receive_rfid_missing PASSED                           [100%]
2025-07-15T19:14:07.2752019Z 
2025-07-15T19:14:07.2752243Z ============================== 7 passed in 0.27s ===============================
2025-07-15T19:14:07.3243476Z ##[group]Run docker/login-action@v3
2025-07-15T19:14:07.3243735Z with:
2025-07-15T19:14:07.3244039Z   username: ***
2025-07-15T19:14:07.3244283Z   password: ***
2025-07-15T19:14:07.3244458Z   ecr: auto
2025-07-15T19:14:07.3244616Z   logout: true
2025-07-15T19:14:07.3244945Z env:
2025-07-15T19:14:07.3245180Z   pythonLocation: /opt/hostedtoolcache/Python/3.10.18/x64
2025-07-15T19:14:07.3245562Z   PKG_CONFIG_PATH: /opt/hostedtoolcache/Python/3.10.18/x64/lib/pkgconfig
2025-07-15T19:14:07.3245943Z   Python_ROOT_DIR: /opt/hostedtoolcache/Python/3.10.18/x64
2025-07-15T19:14:07.3246282Z   Python2_ROOT_DIR: /opt/hostedtoolcache/Python/3.10.18/x64
2025-07-15T19:14:07.3246627Z   Python3_ROOT_DIR: /opt/hostedtoolcache/Python/3.10.18/x64
2025-07-15T19:14:07.3246966Z   LD_LIBRARY_PATH: /opt/hostedtoolcache/Python/3.10.18/x64/lib
2025-07-15T19:14:07.3247251Z ##[endgroup]
2025-07-15T19:14:07.6068602Z Logging into Docker Hub...
2025-07-15T19:14:07.8420772Z Login Succeeded!
2025-07-15T19:14:07.8560611Z ##[group]Run docker build -t ***/flask-ci-cd-demo .
2025-07-15T19:14:07.8561334Z [36;1mdocker build -t ***/flask-ci-cd-demo .[0m
2025-07-15T19:14:07.8589535Z shell: /usr/bin/bash -e {0}
2025-07-15T19:14:07.8589761Z env:
2025-07-15T19:14:07.8590002Z   pythonLocation: /opt/hostedtoolcache/Python/3.10.18/x64
2025-07-15T19:14:07.8590423Z   PKG_CONFIG_PATH: /opt/hostedtoolcache/Python/3.10.18/x64/lib/pkgconfig
2025-07-15T19:14:07.8590810Z   Python_ROOT_DIR: /opt/hostedtoolcache/Python/3.10.18/x64
2025-07-15T19:14:07.8591309Z   Python2_ROOT_DIR: /opt/hostedtoolcache/Python/3.10.18/x64
2025-07-15T19:14:07.8591648Z   Python3_ROOT_DIR: /opt/hostedtoolcache/Python/3.10.18/x64
2025-07-15T19:14:07.8591994Z   LD_LIBRARY_PATH: /opt/hostedtoolcache/Python/3.10.18/x64/lib
2025-07-15T19:14:07.8592286Z ##[endgroup]
2025-07-15T19:14:07.9468811Z #0 building with "default" instance using docker driver
2025-07-15T19:14:07.9469100Z 
2025-07-15T19:14:07.9469304Z #1 [internal] load build definition from Dockerfile
2025-07-15T19:14:08.1761317Z #1 transferring dockerfile: 798B done
2025-07-15T19:14:08.1761663Z #1 DONE 0.0s
2025-07-15T19:14:08.1761796Z 
2025-07-15T19:14:08.1762004Z #2 [auth] library/python:pull token for registry-1.docker.io
2025-07-15T19:14:08.1762394Z #2 DONE 0.0s
2025-07-15T19:14:08.1762544Z 
2025-07-15T19:14:08.1762750Z #3 [internal] load metadata for docker.io/library/python:3.10-slim
2025-07-15T19:14:08.3776263Z #3 DONE 0.4s
2025-07-15T19:14:08.4932670Z 
2025-07-15T19:14:08.4938933Z #4 [internal] load .dockerignore
2025-07-15T19:14:08.4939424Z #4 transferring context: 2B done
2025-07-15T19:14:08.4940235Z #4 DONE 0.0s
2025-07-15T19:14:08.4940392Z 
2025-07-15T19:14:08.4941091Z #5 [1/6] FROM docker.io/library/python:3.10-slim@sha256:9dd6774a1276178f94b0cc1fb1f0edd980825d0ea7634847af9940b1b6273c13
2025-07-15T19:14:08.4942302Z #5 resolve docker.io/library/python:3.10-slim@sha256:9dd6774a1276178f94b0cc1fb1f0edd980825d0ea7634847af9940b1b6273c13 done
2025-07-15T19:14:08.4943437Z #5 sha256:563dffbdc42507a70677ee28b4bb678ad9074e3c9f75e3043523a38dcdf4f553 5.37kB / 5.37kB done
2025-07-15T19:14:08.4944398Z #5 sha256:3da95a905ed546f99c4564407923a681757d89651a388ec3f1f5e9bf5ed0b39d 0B / 28.23MB 0.1s
2025-07-15T19:14:08.4945392Z #5 sha256:0ebcc011f0ec7a9a900f7366b104730396a59032e64f04f3867a75f25ed48280 3.51MB / 3.51MB 0.1s
2025-07-15T19:14:08.4946407Z #5 sha256:92d63ec5cbeb1348bad42929919fd8e78f38d96e388b5509d2929d76ddafb48e 0B / 15.65MB 0.1s
2025-07-15T19:14:08.4947422Z #5 sha256:9dd6774a1276178f94b0cc1fb1f0edd980825d0ea7634847af9940b1b6273c13 9.13kB / 9.13kB done
2025-07-15T19:14:08.4948392Z #5 sha256:c5dbd5ba857839a0aa9db765ea519c1514a40da811b4cf08c852b72fab4379d5 1.75kB / 1.75kB done
2025-07-15T19:14:08.5938090Z #5 sha256:3da95a905ed546f99c4564407923a681757d89651a388ec3f1f5e9bf5ed0b39d 9.44MB / 28.23MB 0.2s
2025-07-15T19:14:08.5944857Z #5 sha256:0ebcc011f0ec7a9a900f7366b104730396a59032e64f04f3867a75f25ed48280 3.51MB / 3.51MB 0.1s done
2025-07-15T19:14:08.5946339Z #5 sha256:92d63ec5cbeb1348bad42929919fd8e78f38d96e388b5509d2929d76ddafb48e 3.97MB / 15.65MB 0.2s
2025-07-15T19:14:08.5955548Z #5 sha256:64b78282ca88b226c404cb8dfdee72b75eea52c9ac7380c0439b6e03992e483f 248B / 248B 0.2s done
2025-07-15T19:14:08.6961551Z #5 sha256:3da95a905ed546f99c4564407923a681757d89651a388ec3f1f5e9bf5ed0b39d 28.23MB / 28.23MB 0.3s
2025-07-15T19:14:08.6996636Z #5 sha256:92d63ec5cbeb1348bad42929919fd8e78f38d96e388b5509d2929d76ddafb48e 13.63MB / 15.65MB 0.3s
2025-07-15T19:14:08.7970249Z #5 sha256:3da95a905ed546f99c4564407923a681757d89651a388ec3f1f5e9bf5ed0b39d 28.23MB / 28.23MB 0.3s done
2025-07-15T19:14:08.7972369Z #5 sha256:92d63ec5cbeb1348bad42929919fd8e78f38d96e388b5509d2929d76ddafb48e 15.65MB / 15.65MB 0.3s done
2025-07-15T19:14:08.7975132Z #5 extracting sha256:3da95a905ed546f99c4564407923a681757d89651a388ec3f1f5e9bf5ed0b39d
2025-07-15T19:14:09.1034124Z #5 ...
2025-07-15T19:14:09.1036819Z 
2025-07-15T19:14:09.1036991Z #6 [internal] load build context
2025-07-15T19:14:09.1037811Z #6 transferring context: 64.81MB 0.6s done
2025-07-15T19:14:09.1038511Z #6 DONE 0.6s
2025-07-15T19:14:09.1038630Z 
2025-07-15T19:14:09.1039069Z #5 [1/6] FROM docker.io/library/python:3.10-slim@sha256:9dd6774a1276178f94b0cc1fb1f0edd980825d0ea7634847af9940b1b6273c13
2025-07-15T19:14:09.9083361Z #5 extracting sha256:3da95a905ed546f99c4564407923a681757d89651a388ec3f1f5e9bf5ed0b39d 1.1s done
2025-07-15T19:14:10.0565282Z #5 extracting sha256:0ebcc011f0ec7a9a900f7366b104730396a59032e64f04f3867a75f25ed48280 0.1s
2025-07-15T19:14:10.2119057Z #5 extracting sha256:0ebcc011f0ec7a9a900f7366b104730396a59032e64f04f3867a75f25ed48280 0.1s done
2025-07-15T19:14:10.4960475Z #5 extracting sha256:92d63ec5cbeb1348bad42929919fd8e78f38d96e388b5509d2929d76ddafb48e
2025-07-15T19:14:11.1698996Z #5 extracting sha256:92d63ec5cbeb1348bad42929919fd8e78f38d96e388b5509d2929d76ddafb48e 0.6s done
2025-07-15T19:14:11.1699795Z #5 extracting sha256:64b78282ca88b226c404cb8dfdee72b75eea52c9ac7380c0439b6e03992e483f
2025-07-15T19:14:11.3269595Z #5 extracting sha256:64b78282ca88b226c404cb8dfdee72b75eea52c9ac7380c0439b6e03992e483f done
2025-07-15T19:14:11.3270347Z #5 DONE 2.8s
2025-07-15T19:14:11.3270529Z 
2025-07-15T19:14:11.3271358Z #7 [2/6] RUN apt-get update &&     apt-get install -y --no-install-recommends     build-essential     curl     nano     git     && rm -rf /var/lib/apt/lists/*
2025-07-15T19:14:11.3272424Z #7 0.136 Get:1 http://deb.debian.org/debian bookworm InRelease [151 kB]
2025-07-15T19:14:11.4424330Z #7 0.144 Get:2 http://deb.debian.org/debian bookworm-updates InRelease [55.4 kB]
2025-07-15T19:14:11.4425274Z #7 0.147 Get:3 http://deb.debian.org/debian-security bookworm-security InRelease [48.0 kB]
2025-07-15T19:14:11.4426126Z #7 0.202 Get:4 http://deb.debian.org/debian bookworm/main amd64 Packages [8793 kB]
2025-07-15T19:14:11.4426967Z #7 0.251 Get:5 http://deb.debian.org/debian bookworm-updates/main amd64 Packages [756 B]
2025-07-15T19:14:11.6368936Z #7 0.295 Get:6 http://deb.debian.org/debian-security bookworm-security/main amd64 Packages [272 kB]
2025-07-15T19:14:12.1768925Z #7 0.986 Fetched 9320 kB in 1s (10.9 MB/s)
2025-07-15T19:14:12.5470503Z #7 0.986 Reading package lists...
2025-07-15T19:14:12.9301483Z #7 1.372 Reading package lists...
2025-07-15T19:14:13.1091667Z #7 1.748 Building dependency tree...
2025-07-15T19:14:13.1092514Z #7 1.828 Reading state information...
2025-07-15T19:14:13.1093132Z #7 1.918 The following additional packages will be installed:
2025-07-15T19:14:13.1094028Z #7 1.918   binutils binutils-common binutils-x86-64-linux-gnu bzip2 cpp cpp-12 dpkg-dev
2025-07-15T19:14:13.2606929Z #7 1.918   g++ g++-12 gcc gcc-12 git-man libasan8 libatomic1 libbinutils libbrotli1
2025-07-15T19:14:13.2607779Z #7 1.918   libc-dev-bin libc6-dev libcc1-0 libcrypt-dev libctf-nobfd0 libctf0
2025-07-15T19:14:13.2608634Z #7 1.918   libcurl3-gnutls libcurl4 libdpkg-perl liberror-perl libexpat1 libgcc-12-dev
2025-07-15T19:14:13.2609501Z #7 1.918   libgdbm-compat4 libgomp1 libgprofng0 libisl23 libitm1 libjansson4
2025-07-15T19:14:13.2610366Z #7 1.918   libldap-2.5-0 liblsan0 libmpc3 libmpfr6 libnghttp2-14 libnsl-dev libperl5.36
2025-07-15T19:14:13.2611408Z #7 1.918   libpsl5 libquadmath0 librtmp1 libsasl2-2 libsasl2-modules-db libssh2-1
2025-07-15T19:14:13.2612260Z #7 1.918   libstdc++-12-dev libtirpc-dev libtsan2 libubsan1 linux-libc-dev make patch
2025-07-15T19:14:13.2612984Z #7 1.918   perl perl-modules-5.36 rpcsvc-proto xz-utils
2025-07-15T19:14:13.2613875Z #7 1.919 Suggested packages:
2025-07-15T19:14:13.2614452Z #7 1.919   binutils-doc bzip2-doc cpp-doc gcc-12-locales cpp-12-doc debian-keyring
2025-07-15T19:14:13.2615280Z #7 1.919   g++-multilib g++-12-multilib gcc-12-doc gcc-multilib manpages-dev autoconf
2025-07-15T19:14:13.2616081Z #7 1.919   automake libtool flex bison gdb gcc-doc gcc-12-multilib gettext-base
2025-07-15T19:14:13.2616890Z #7 1.919   git-daemon-run | git-daemon-sysvinit git-doc git-email git-gui gitk gitweb
2025-07-15T19:14:13.2617743Z #7 1.919   git-cvs git-mediawiki git-svn glibc-doc gnupg | sq | sqop | pgpainless-cli
2025-07-15T19:14:13.2618790Z #7 1.919   sensible-utils bzr libstdc++-12-doc make-doc hunspell ed diffutils-doc
2025-07-15T19:14:13.2619606Z #7 1.919   perl-doc libterm-readline-gnu-perl | libterm-readline-perl-perl
2025-07-15T19:14:13.2620240Z #7 1.919   libtap-harness-archive-perl
2025-07-15T19:14:13.2620685Z #7 1.919 Recommended packages:
2025-07-15T19:14:13.2621432Z #7 1.919   fakeroot gnupg | sq | sqop | pgpainless-cli libalgorithm-merge-perl less
2025-07-15T19:14:13.2622258Z #7 1.919   ssh-client manpages manpages-dev libc-devtools libfile-fcntllock-perl
2025-07-15T19:14:13.2623107Z #7 1.919   liblocale-gettext-perl libldap-common publicsuffix libsasl2-modules
2025-07-15T19:14:13.3505690Z #7 2.159 The following NEW packages will be installed:
2025-07-15T19:14:13.3506944Z #7 2.159   binutils binutils-common binutils-x86-64-linux-gnu build-essential bzip2 cpp
2025-07-15T19:14:13.4509359Z #7 2.159   cpp-12 curl dpkg-dev g++ g++-12 gcc gcc-12 git git-man libasan8 libatomic1
2025-07-15T19:14:13.4510442Z #7 2.159   libbinutils libbrotli1 libc-dev-bin libc6-dev libcc1-0 libcrypt-dev
2025-07-15T19:14:13.4511651Z #7 2.159   libctf-nobfd0 libctf0 libcurl3-gnutls libcurl4 libdpkg-perl liberror-perl
2025-07-15T19:14:13.4512500Z #7 2.159   libexpat1 libgcc-12-dev libgdbm-compat4 libgomp1 libgprofng0 libisl23
2025-07-15T19:14:13.4513301Z #7 2.160   libitm1 libjansson4 libldap-2.5-0 liblsan0 libmpc3 libmpfr6 libnghttp2-14
2025-07-15T19:14:13.4516165Z #7 2.160   libnsl-dev libperl5.36 libpsl5 libquadmath0 librtmp1 libsasl2-2
2025-07-15T19:14:13.4516963Z #7 2.160   libsasl2-modules-db libssh2-1 libstdc++-12-dev libtirpc-dev libtsan2
2025-07-15T19:14:13.4517515Z #7 2.160   libubsan1 linux-libc-dev make nano patch perl perl-modules-5.36 rpcsvc-proto
2025-07-15T19:14:13.4517981Z #7 2.160   xz-utils
2025-07-15T19:14:13.4518311Z #7 2.186 0 upgraded, 62 newly installed, 0 to remove and 0 not upgraded.
2025-07-15T19:14:13.4518650Z #7 2.186 Need to get 85.7 MB of archives.
2025-07-15T19:14:13.4518989Z #7 2.186 After this operation, 370 MB of additional disk space will be used.
2025-07-15T19:14:13.4519531Z #7 2.186 Get:1 http://deb.debian.org/debian bookworm/main amd64 perl-modules-5.36 all 5.36.0-7+deb12u2 [2815 kB]
2025-07-15T19:14:13.4520147Z #7 2.207 Get:2 http://deb.debian.org/debian bookworm/main amd64 libgdbm-compat4 amd64 1.23-3 [48.2 kB]
2025-07-15T19:14:13.4520717Z #7 2.208 Get:3 http://deb.debian.org/debian bookworm/main amd64 libperl5.36 amd64 5.36.0-7+deb12u2 [4207 kB]
2025-07-15T19:14:13.4523098Z #7 2.222 Get:4 http://deb.debian.org/debian bookworm/main amd64 perl amd64 5.36.0-7+deb12u2 [239 kB]
2025-07-15T19:14:13.4523674Z #7 2.224 Get:5 http://deb.debian.org/debian bookworm/main amd64 nano amd64 7.2-1+deb12u1 [690 kB]
2025-07-15T19:14:13.4524192Z #7 2.226 Get:6 http://deb.debian.org/debian bookworm/main amd64 bzip2 amd64 1.0.8-5+b1 [49.8 kB]
2025-07-15T19:14:13.4524699Z #7 2.227 Get:7 http://deb.debian.org/debian bookworm/main amd64 xz-utils amd64 5.4.1-1 [471 kB]
2025-07-15T19:14:13.4525298Z #7 2.229 Get:8 http://deb.debian.org/debian bookworm/main amd64 binutils-common amd64 2.40-2 [2487 kB]
2025-07-15T19:14:13.4525834Z #7 2.237 Get:9 http://deb.debian.org/debian bookworm/main amd64 libbinutils amd64 2.40-2 [572 kB]
2025-07-15T19:14:13.4526365Z #7 2.240 Get:10 http://deb.debian.org/debian bookworm/main amd64 libctf-nobfd0 amd64 2.40-2 [153 kB]
2025-07-15T19:14:13.4526877Z #7 2.240 Get:11 http://deb.debian.org/debian bookworm/main amd64 libctf0 amd64 2.40-2 [89.8 kB]
2025-07-15T19:14:13.4527643Z #7 2.241 Get:12 http://deb.debian.org/debian bookworm/main amd64 libgprofng0 amd64 2.40-2 [812 kB]
2025-07-15T19:14:13.4528162Z #7 2.244 Get:13 http://deb.debian.org/debian bookworm/main amd64 libjansson4 amd64 2.14-2 [40.8 kB]
2025-07-15T19:14:13.4528738Z #7 2.245 Get:14 http://deb.debian.org/debian bookworm/main amd64 binutils-x86-64-linux-gnu amd64 2.40-2 [2246 kB]
2025-07-15T19:14:13.4530761Z #7 2.253 Get:15 http://deb.debian.org/debian bookworm/main amd64 binutils amd64 2.40-2 [65.0 kB]
2025-07-15T19:14:13.4531819Z #7 2.253 Get:16 http://deb.debian.org/debian bookworm/main amd64 libc-dev-bin amd64 2.36-9+deb12u10 [47.1 kB]
2025-07-15T19:14:13.4532583Z #7 2.254 Get:17 http://deb.debian.org/debian-security bookworm-security/main amd64 linux-libc-dev amd64 6.1.140-1 [2145 kB]
2025-07-15T19:14:13.4533243Z #7 2.258 Get:18 http://deb.debian.org/debian bookworm/main amd64 libcrypt-dev amd64 1:4.4.33-2 [118 kB]
2025-07-15T19:14:13.4533811Z #7 2.258 Get:19 http://deb.debian.org/debian bookworm/main amd64 libtirpc-dev amd64 1.3.3+ds-1 [191 kB]
2025-07-15T19:14:13.4534348Z #7 2.259 Get:20 http://deb.debian.org/debian bookworm/main amd64 libnsl-dev amd64 1.3.0-2 [66.4 kB]
2025-07-15T19:14:13.5971162Z #7 2.260 Get:21 http://deb.debian.org/debian bookworm/main amd64 rpcsvc-proto amd64 1.4.3-1 [63.3 kB]
2025-07-15T19:14:13.5972338Z #7 2.260 Get:22 http://deb.debian.org/debian bookworm/main amd64 libc6-dev amd64 2.36-9+deb12u10 [1903 kB]
2025-07-15T19:14:13.5973299Z #7 2.267 Get:23 http://deb.debian.org/debian bookworm/main amd64 libisl23 amd64 0.25-1.1 [683 kB]
2025-07-15T19:14:13.5974252Z #7 2.270 Get:24 http://deb.debian.org/debian bookworm/main amd64 libmpfr6 amd64 4.2.0-1 [701 kB]
2025-07-15T19:14:13.5975107Z #7 2.273 Get:25 http://deb.debian.org/debian bookworm/main amd64 libmpc3 amd64 1.3.1-1 [51.5 kB]
2025-07-15T19:14:13.5976122Z #7 2.273 Get:26 http://deb.debian.org/debian bookworm/main amd64 cpp-12 amd64 12.2.0-14+deb12u1 [9768 kB]
2025-07-15T19:14:13.5977100Z #7 2.306 Get:27 http://deb.debian.org/debian bookworm/main amd64 cpp amd64 4:12.2.0-3 [6836 B]
2025-07-15T19:14:13.5977983Z #7 2.307 Get:28 http://deb.debian.org/debian bookworm/main amd64 libcc1-0 amd64 12.2.0-14+deb12u1 [41.7 kB]
2025-07-15T19:14:13.5978946Z #7 2.307 Get:29 http://deb.debian.org/debian bookworm/main amd64 libgomp1 amd64 12.2.0-14+deb12u1 [116 kB]
2025-07-15T19:14:13.5979937Z #7 2.308 Get:30 http://deb.debian.org/debian bookworm/main amd64 libitm1 amd64 12.2.0-14+deb12u1 [26.1 kB]
2025-07-15T19:14:13.5981179Z #7 2.308 Get:31 http://deb.debian.org/debian bookworm/main amd64 libatomic1 amd64 12.2.0-14+deb12u1 [9376 B]
2025-07-15T19:14:13.5982210Z #7 2.309 Get:32 http://deb.debian.org/debian bookworm/main amd64 libasan8 amd64 12.2.0-14+deb12u1 [2193 kB]
2025-07-15T19:14:13.5983132Z #7 2.316 Get:33 http://deb.debian.org/debian bookworm/main amd64 liblsan0 amd64 12.2.0-14+deb12u1 [969 kB]
2025-07-15T19:14:13.5984217Z #7 2.320 Get:34 http://deb.debian.org/debian bookworm/main amd64 libtsan2 amd64 12.2.0-14+deb12u1 [2197 kB]
2025-07-15T19:14:13.5985185Z #7 2.328 Get:35 http://deb.debian.org/debian bookworm/main amd64 libubsan1 amd64 12.2.0-14+deb12u1 [883 kB]
2025-07-15T19:14:13.5986151Z #7 2.331 Get:36 http://deb.debian.org/debian bookworm/main amd64 libquadmath0 amd64 12.2.0-14+deb12u1 [145 kB]
2025-07-15T19:14:13.5987179Z #7 2.332 Get:37 http://deb.debian.org/debian bookworm/main amd64 libgcc-12-dev amd64 12.2.0-14+deb12u1 [2437 kB]
2025-07-15T19:14:13.5988330Z #7 2.340 Get:38 http://deb.debian.org/debian bookworm/main amd64 gcc-12 amd64 12.2.0-14+deb12u1 [19.3 MB]
2025-07-15T19:14:13.5989270Z #7 2.406 Get:39 http://deb.debian.org/debian bookworm/main amd64 gcc amd64 4:12.2.0-3 [5216 B]
2025-07-15T19:14:13.7909193Z #7 2.406 Get:40 http://deb.debian.org/debian bookworm/main amd64 libstdc++-12-dev amd64 12.2.0-14+deb12u1 [2047 kB]
2025-07-15T19:14:13.7910580Z #7 2.413 Get:41 http://deb.debian.org/debian bookworm/main amd64 g++-12 amd64 12.2.0-14+deb12u1 [10.7 MB]
2025-07-15T19:14:13.7912301Z #7 2.450 Get:42 http://deb.debian.org/debian bookworm/main amd64 g++ amd64 4:12.2.0-3 [1356 B]
2025-07-15T19:14:13.7912935Z #7 2.450 Get:43 http://deb.debian.org/debian bookworm/main amd64 make amd64 4.3-4.1 [396 kB]
2025-07-15T19:14:13.7913623Z #7 2.452 Get:44 http://deb.debian.org/debian bookworm/main amd64 libdpkg-perl all 1.21.22 [603 kB]
2025-07-15T19:14:13.7914298Z #7 2.454 Get:45 http://deb.debian.org/debian bookworm/main amd64 patch amd64 2.7.6-7 [128 kB]
2025-07-15T19:14:13.7914950Z #7 2.455 Get:46 http://deb.debian.org/debian bookworm/main amd64 dpkg-dev all 1.21.22 [1353 kB]
2025-07-15T19:14:13.7915817Z #7 2.460 Get:47 http://deb.debian.org/debian bookworm/main amd64 build-essential amd64 12.9 [7704 B]
2025-07-15T19:14:13.7916488Z #7 2.460 Get:48 http://deb.debian.org/debian bookworm/main amd64 libbrotli1 amd64 1.0.9-2+b6 [275 kB]
2025-07-15T19:14:13.7917213Z #7 2.461 Get:49 http://deb.debian.org/debian bookworm/main amd64 libsasl2-modules-db amd64 2.1.28+dfsg-10 [20.3 kB]
2025-07-15T19:14:13.7918297Z #7 2.461 Get:50 http://deb.debian.org/debian bookworm/main amd64 libsasl2-2 amd64 2.1.28+dfsg-10 [59.7 kB]
2025-07-15T19:14:13.7919393Z #7 2.462 Get:51 http://deb.debian.org/debian bookworm/main amd64 libldap-2.5-0 amd64 2.5.13+dfsg-5 [183 kB]
2025-07-15T19:14:13.7920124Z #7 2.463 Get:52 http://deb.debian.org/debian bookworm/main amd64 libnghttp2-14 amd64 1.52.0-1+deb12u2 [73.0 kB]
2025-07-15T19:14:13.7920811Z #7 2.463 Get:53 http://deb.debian.org/debian bookworm/main amd64 libpsl5 amd64 0.21.2-1 [58.7 kB]
2025-07-15T19:14:13.7921769Z #7 2.464 Get:54 http://deb.debian.org/debian bookworm/main amd64 librtmp1 amd64 2.4+20151223.gitfa8646d.1-2+b2 [60.8 kB]
2025-07-15T19:14:13.7922516Z #7 2.464 Get:55 http://deb.debian.org/debian bookworm/main amd64 libssh2-1 amd64 1.10.0-3+b1 [179 kB]
2025-07-15T19:14:13.7923191Z #7 2.465 Get:56 http://deb.debian.org/debian bookworm/main amd64 libcurl4 amd64 7.88.1-10+deb12u12 [391 kB]
2025-07-15T19:14:13.7923875Z #7 2.467 Get:57 http://deb.debian.org/debian bookworm/main amd64 curl amd64 7.88.1-10+deb12u12 [315 kB]
2025-07-15T19:14:13.7924594Z #7 2.468 Get:58 http://deb.debian.org/debian bookworm/main amd64 libcurl3-gnutls amd64 7.88.1-10+deb12u12 [386 kB]
2025-07-15T19:14:13.7925317Z #7 2.470 Get:59 http://deb.debian.org/debian bookworm/main amd64 libexpat1 amd64 2.5.0-1+deb12u1 [98.9 kB]
2025-07-15T19:14:13.7926013Z #7 2.470 Get:60 http://deb.debian.org/debian bookworm/main amd64 liberror-perl all 0.17029-2 [29.0 kB]
2025-07-15T19:14:13.7926658Z #7 2.471 Get:61 http://deb.debian.org/debian bookworm/main amd64 git-man all 1:2.39.5-0+deb12u2 [2053 kB]
2025-07-15T19:14:13.7927217Z #7 2.478 Get:62 http://deb.debian.org/debian bookworm/main amd64 git amd64 1:2.39.5-0+deb12u2 [7260 kB]
2025-07-15T19:14:13.7927729Z #7 2.599 debconf: delaying package configuration, since apt-utils is not installed
2025-07-15T19:14:13.9815499Z #7 2.619 Fetched 85.7 MB in 0s (255 MB/s)
2025-07-15T19:14:13.9816341Z #7 2.632 Selecting previously unselected package perl-modules-5.36.
2025-07-15T19:14:13.9817020Z #7 2.632 (Reading database ... 
2025-07-15T19:14:13.9817368Z (Reading database ... 5%
2025-07-15T19:14:13.9817622Z (Reading database ... 10%
2025-07-15T19:14:13.9817865Z (Reading database ... 15%
2025-07-15T19:14:13.9818105Z (Reading database ... 20%
2025-07-15T19:14:13.9818352Z (Reading database ... 25%
2025-07-15T19:14:13.9818586Z (Reading database ... 30%
2025-07-15T19:14:13.9818820Z (Reading database ... 35%
2025-07-15T19:14:13.9819061Z (Reading database ... 40%
2025-07-15T19:14:13.9819294Z (Reading database ... 45%
2025-07-15T19:14:13.9819529Z (Reading database ... 50%
2025-07-15T19:14:13.9819763Z (Reading database ... 55%
2025-07-15T19:14:13.9820008Z (Reading database ... 60%
2025-07-15T19:14:13.9820244Z (Reading database ... 65%
2025-07-15T19:14:13.9820482Z (Reading database ... 70%
2025-07-15T19:14:13.9820709Z (Reading database ... 75%
2025-07-15T19:14:13.9821156Z (Reading database ... 80%
2025-07-15T19:14:13.9821497Z (Reading database ... 85%
2025-07-15T19:14:13.9821978Z (Reading database ... 90%
2025-07-15T19:14:13.9822277Z (Reading database ... 95%
2025-07-15T19:14:13.9822619Z (Reading database ... 100%
2025-07-15T19:14:13.9823000Z (Reading database ... 6688 files and directories currently installed.)
2025-07-15T19:14:13.9823535Z #7 2.639 Preparing to unpack .../00-perl-modules-5.36_5.36.0-7+deb12u2_all.deb ...
2025-07-15T19:14:13.9824112Z #7 2.640 Unpacking perl-modules-5.36 (5.36.0-7+deb12u2) ...
2025-07-15T19:14:14.1279058Z #7 2.937 Selecting previously unselected package libgdbm-compat4:amd64.
2025-07-15T19:14:14.3088826Z #7 2.938 Preparing to unpack .../01-libgdbm-compat4_1.23-3_amd64.deb ...
2025-07-15T19:14:14.3089660Z #7 2.940 Unpacking libgdbm-compat4:amd64 (1.23-3) ...
2025-07-15T19:14:14.3090096Z #7 2.965 Selecting previously unselected package libperl5.36:amd64.
2025-07-15T19:14:14.3090572Z #7 2.966 Preparing to unpack .../02-libperl5.36_5.36.0-7+deb12u2_amd64.deb ...
2025-07-15T19:14:14.3091152Z #7 2.967 Unpacking libperl5.36:amd64 (5.36.0-7+deb12u2) ...
2025-07-15T19:14:14.4407708Z #7 3.249 Selecting previously unselected package perl.
2025-07-15T19:14:14.5416967Z #7 3.251 Preparing to unpack .../03-perl_5.36.0-7+deb12u2_amd64.deb ...
2025-07-15T19:14:14.5417640Z #7 3.256 Unpacking perl (5.36.0-7+deb12u2) ...
2025-07-15T19:14:14.5418152Z #7 3.285 Selecting previously unselected package nano.
2025-07-15T19:14:14.5418766Z #7 3.286 Preparing to unpack .../04-nano_7.2-1+deb12u1_amd64.deb ...
2025-07-15T19:14:14.5419324Z #7 3.287 Unpacking nano (7.2-1+deb12u1) ...
2025-07-15T19:14:14.5419954Z #7 3.348 Selecting previously unselected package bzip2.
2025-07-15T19:14:14.5420585Z #7 3.349 Preparing to unpack .../05-bzip2_1.0.8-5+b1_amd64.deb ...
2025-07-15T19:14:14.5421337Z #7 3.350 Unpacking bzip2 (1.0.8-5+b1) ...
2025-07-15T19:14:14.7630425Z #7 3.369 Selecting previously unselected package xz-utils.
2025-07-15T19:14:14.7631783Z #7 3.371 Preparing to unpack .../06-xz-utils_5.4.1-1_amd64.deb ...
2025-07-15T19:14:14.7632193Z #7 3.371 Unpacking xz-utils (5.4.1-1) ...
2025-07-15T19:14:14.7632594Z #7 3.419 Selecting previously unselected package binutils-common:amd64.
2025-07-15T19:14:14.7633028Z #7 3.420 Preparing to unpack .../07-binutils-common_2.40-2_amd64.deb ...
2025-07-15T19:14:14.7633404Z #7 3.421 Unpacking binutils-common:amd64 (2.40-2) ...
2025-07-15T19:14:14.7743054Z #7 3.583 Selecting previously unselected package libbinutils:amd64.
2025-07-15T19:14:14.8746214Z #7 3.585 Preparing to unpack .../08-libbinutils_2.40-2_amd64.deb ...
2025-07-15T19:14:14.8746896Z #7 3.586 Unpacking libbinutils:amd64 (2.40-2) ...
2025-07-15T19:14:14.8747516Z #7 3.637 Selecting previously unselected package libctf-nobfd0:amd64.
2025-07-15T19:14:14.8748140Z #7 3.638 Preparing to unpack .../09-libctf-nobfd0_2.40-2_amd64.deb ...
2025-07-15T19:14:14.8748497Z #7 3.639 Unpacking libctf-nobfd0:amd64 (2.40-2) ...
2025-07-15T19:14:14.8748829Z #7 3.662 Selecting previously unselected package libctf0:amd64.
2025-07-15T19:14:14.8749181Z #7 3.663 Preparing to unpack .../10-libctf0_2.40-2_amd64.deb ...
2025-07-15T19:14:14.8749513Z #7 3.664 Unpacking libctf0:amd64 (2.40-2) ...
2025-07-15T19:14:14.8749846Z #7 3.683 Selecting previously unselected package libgprofng0:amd64.
2025-07-15T19:14:15.1109410Z #7 3.684 Preparing to unpack .../11-libgprofng0_2.40-2_amd64.deb ...
2025-07-15T19:14:15.1109888Z #7 3.685 Unpacking libgprofng0:amd64 (2.40-2) ...
2025-07-15T19:14:15.1110318Z #7 3.749 Selecting previously unselected package libjansson4:amd64.
2025-07-15T19:14:15.1111113Z #7 3.750 Preparing to unpack .../12-libjansson4_2.14-2_amd64.deb ...
2025-07-15T19:14:15.1111619Z #7 3.751 Unpacking libjansson4:amd64 (2.14-2) ...
2025-07-15T19:14:15.1112085Z #7 3.767 Selecting previously unselected package binutils-x86-64-linux-gnu.
2025-07-15T19:14:15.1112829Z #7 3.768 Preparing to unpack .../13-binutils-x86-64-linux-gnu_2.40-2_amd64.deb ...
2025-07-15T19:14:15.1357223Z #7 3.769 Unpacking binutils-x86-64-linux-gnu (2.40-2) ...
2025-07-15T19:14:15.1357938Z #7 3.944 Selecting previously unselected package binutils.
2025-07-15T19:14:15.3331261Z #7 3.946 Preparing to unpack .../14-binutils_2.40-2_amd64.deb ...
2025-07-15T19:14:15.3331901Z #7 3.947 Unpacking binutils (2.40-2) ...
2025-07-15T19:14:15.3332462Z #7 3.967 Selecting previously unselected package libc-dev-bin.
2025-07-15T19:14:15.3333171Z #7 3.969 Preparing to unpack .../15-libc-dev-bin_2.36-9+deb12u10_amd64.deb ...
2025-07-15T19:14:15.3333821Z #7 3.973 Unpacking libc-dev-bin (2.36-9+deb12u10) ...
2025-07-15T19:14:15.3334455Z #7 3.989 Selecting previously unselected package linux-libc-dev:amd64.
2025-07-15T19:14:15.3335178Z #7 3.991 Preparing to unpack .../16-linux-libc-dev_6.1.140-1_amd64.deb ...
2025-07-15T19:14:15.3336069Z #7 3.991 Unpacking linux-libc-dev:amd64 (6.1.140-1) ...
2025-07-15T19:14:15.3769396Z #7 4.186 Selecting previously unselected package libcrypt-dev:amd64.
2025-07-15T19:14:15.4796458Z #7 4.187 Preparing to unpack .../17-libcrypt-dev_1%3a4.4.33-2_amd64.deb ...
2025-07-15T19:14:15.4797169Z #7 4.193 Unpacking libcrypt-dev:amd64 (1:4.4.33-2) ...
2025-07-15T19:14:15.4797829Z #7 4.214 Selecting previously unselected package libtirpc-dev:amd64.
2025-07-15T19:14:15.4798387Z #7 4.215 Preparing to unpack .../18-libtirpc-dev_1.3.3+ds-1_amd64.deb ...
2025-07-15T19:14:15.4798768Z #7 4.221 Unpacking libtirpc-dev:amd64 (1.3.3+ds-1) ...
2025-07-15T19:14:15.4799130Z #7 4.245 Selecting previously unselected package libnsl-dev:amd64.
2025-07-15T19:14:15.4799556Z #7 4.247 Preparing to unpack .../19-libnsl-dev_1.3.0-2_amd64.deb ...
2025-07-15T19:14:15.4799881Z #7 4.248 Unpacking libnsl-dev:amd64 (1.3.0-2) ...
2025-07-15T19:14:15.4800206Z #7 4.266 Selecting previously unselected package rpcsvc-proto.
2025-07-15T19:14:15.4800598Z #7 4.268 Preparing to unpack .../20-rpcsvc-proto_1.4.3-1_amd64.deb ...
2025-07-15T19:14:15.4801168Z #7 4.268 Unpacking rpcsvc-proto (1.4.3-1) ...
2025-07-15T19:14:15.4801740Z #7 4.288 Selecting previously unselected package libc6-dev:amd64.
2025-07-15T19:14:15.6312232Z #7 4.290 Preparing to unpack .../21-libc6-dev_2.36-9+deb12u10_amd64.deb ...
2025-07-15T19:14:15.6312713Z #7 4.292 Unpacking libc6-dev:amd64 (2.36-9+deb12u10) ...
2025-07-15T19:14:15.6313071Z #7 4.440 Selecting previously unselected package libisl23:amd64.
2025-07-15T19:14:15.7316072Z #7 4.442 Preparing to unpack .../22-libisl23_0.25-1.1_amd64.deb ...
2025-07-15T19:14:15.7316769Z #7 4.443 Unpacking libisl23:amd64 (0.25-1.1) ...
2025-07-15T19:14:15.7317317Z #7 4.497 Selecting previously unselected package libmpfr6:amd64.
2025-07-15T19:14:15.7317783Z #7 4.499 Preparing to unpack .../23-libmpfr6_4.2.0-1_amd64.deb ...
2025-07-15T19:14:15.7318170Z #7 4.500 Unpacking libmpfr6:amd64 (4.2.0-1) ...
2025-07-15T19:14:15.7318582Z #7 4.538 Selecting previously unselected package libmpc3:amd64.
2025-07-15T19:14:15.7319021Z #7 4.540 Preparing to unpack .../24-libmpc3_1.3.1-1_amd64.deb ...
2025-07-15T19:14:15.7319405Z #7 4.540 Unpacking libmpc3:amd64 (1.3.1-1) ...
2025-07-15T19:14:15.9003899Z #7 4.557 Selecting previously unselected package cpp-12.
2025-07-15T19:14:15.9004647Z #7 4.558 Preparing to unpack .../25-cpp-12_12.2.0-14+deb12u1_amd64.deb ...
2025-07-15T19:14:15.9005040Z #7 4.559 Unpacking cpp-12 (12.2.0-14+deb12u1) ...
2025-07-15T19:14:16.2384058Z #7 5.047 Selecting previously unselected package cpp.
2025-07-15T19:14:16.4828170Z #7 5.049 Preparing to unpack .../26-cpp_4%3a12.2.0-3_amd64.deb ...
2025-07-15T19:14:16.4828555Z #7 5.050 Unpacking cpp (4:12.2.0-3) ...
2025-07-15T19:14:16.4828885Z #7 5.065 Selecting previously unselected package libcc1-0:amd64.
2025-07-15T19:14:16.4829290Z #7 5.067 Preparing to unpack .../27-libcc1-0_12.2.0-14+deb12u1_amd64.deb ...
2025-07-15T19:14:16.4829659Z #7 5.068 Unpacking libcc1-0:amd64 (12.2.0-14+deb12u1) ...
2025-07-15T19:14:16.4830020Z #7 5.085 Selecting previously unselected package libgomp1:amd64.
2025-07-15T19:14:16.4830422Z #7 5.086 Preparing to unpack .../28-libgomp1_12.2.0-14+deb12u1_amd64.deb ...
2025-07-15T19:14:16.4830777Z #7 5.087 Unpacking libgomp1:amd64 (12.2.0-14+deb12u1) ...
2025-07-15T19:14:16.4831395Z #7 5.108 Selecting previously unselected package libitm1:amd64.
2025-07-15T19:14:16.4832023Z #7 5.109 Preparing to unpack .../29-libitm1_12.2.0-14+deb12u1_amd64.deb ...
2025-07-15T19:14:16.4832388Z #7 5.110 Unpacking libitm1:amd64 (12.2.0-14+deb12u1) ...
2025-07-15T19:14:16.4832735Z #7 5.126 Selecting previously unselected package libatomic1:amd64.
2025-07-15T19:14:16.4833139Z #7 5.127 Preparing to unpack .../30-libatomic1_12.2.0-14+deb12u1_amd64.deb ...
2025-07-15T19:14:16.4833512Z #7 5.128 Unpacking libatomic1:amd64 (12.2.0-14+deb12u1) ...
2025-07-15T19:14:16.4833851Z #7 5.143 Selecting previously unselected package libasan8:amd64.
2025-07-15T19:14:16.4834372Z #7 5.144 Preparing to unpack .../31-libasan8_12.2.0-14+deb12u1_amd64.deb ...
2025-07-15T19:14:16.4834738Z #7 5.145 Unpacking libasan8:amd64 (12.2.0-14+deb12u1) ...
2025-07-15T19:14:16.4835067Z #7 5.291 Selecting previously unselected package liblsan0:amd64.
2025-07-15T19:14:16.7125202Z #7 5.293 Preparing to unpack .../32-liblsan0_12.2.0-14+deb12u1_amd64.deb ...
2025-07-15T19:14:16.7125890Z #7 5.294 Unpacking liblsan0:amd64 (12.2.0-14+deb12u1) ...
2025-07-15T19:14:16.7126253Z #7 5.368 Selecting previously unselected package libtsan2:amd64.
2025-07-15T19:14:16.7126683Z #7 5.370 Preparing to unpack .../33-libtsan2_12.2.0-14+deb12u1_amd64.deb ...
2025-07-15T19:14:16.7127189Z #7 5.371 Unpacking libtsan2:amd64 (12.2.0-14+deb12u1) ...
2025-07-15T19:14:16.7138090Z #7 5.523 Selecting previously unselected package libubsan1:amd64.
2025-07-15T19:14:16.9541559Z #7 5.524 Preparing to unpack .../34-libubsan1_12.2.0-14+deb12u1_amd64.deb ...
2025-07-15T19:14:16.9542172Z #7 5.525 Unpacking libubsan1:amd64 (12.2.0-14+deb12u1) ...
2025-07-15T19:14:16.9542600Z #7 5.593 Selecting previously unselected package libquadmath0:amd64.
2025-07-15T19:14:16.9543064Z #7 5.595 Preparing to unpack .../35-libquadmath0_12.2.0-14+deb12u1_amd64.deb ...
2025-07-15T19:14:16.9543472Z #7 5.596 Unpacking libquadmath0:amd64 (12.2.0-14+deb12u1) ...
2025-07-15T19:14:16.9543865Z #7 5.617 Selecting previously unselected package libgcc-12-dev:amd64.
2025-07-15T19:14:16.9544314Z #7 5.618 Preparing to unpack .../36-libgcc-12-dev_12.2.0-14+deb12u1_amd64.deb ...
2025-07-15T19:14:16.9544734Z #7 5.619 Unpacking libgcc-12-dev:amd64 (12.2.0-14+deb12u1) ...
2025-07-15T19:14:16.9545091Z #7 5.763 Selecting previously unselected package gcc-12.
2025-07-15T19:14:17.1073341Z #7 5.764 Preparing to unpack .../37-gcc-12_12.2.0-14+deb12u1_amd64.deb ...
2025-07-15T19:14:17.1078633Z #7 5.765 Unpacking gcc-12 (12.2.0-14+deb12u1) ...
2025-07-15T19:14:17.6007500Z #7 6.409 Selecting previously unselected package gcc.
2025-07-15T19:14:17.7729300Z #7 6.411 Preparing to unpack .../38-gcc_4%3a12.2.0-3_amd64.deb ...
2025-07-15T19:14:17.7729969Z #7 6.412 Unpacking gcc (4:12.2.0-3) ...
2025-07-15T19:14:17.7730575Z #7 6.429 Selecting previously unselected package libstdc++-12-dev:amd64.
2025-07-15T19:14:17.7731572Z #7 6.430 Preparing to unpack .../39-libstdc++-12-dev_12.2.0-14+deb12u1_amd64.deb ...
2025-07-15T19:14:17.7732322Z #7 6.431 Unpacking libstdc++-12-dev:amd64 (12.2.0-14+deb12u1) ...
2025-07-15T19:14:17.8281610Z #7 6.637 Selecting previously unselected package g++-12.
2025-07-15T19:14:17.9811996Z #7 6.639 Preparing to unpack .../40-g++-12_12.2.0-14+deb12u1_amd64.deb ...
2025-07-15T19:14:17.9812619Z #7 6.640 Unpacking g++-12 (12.2.0-14+deb12u1) ...
2025-07-15T19:14:18.3329945Z #7 7.142 Selecting previously unselected package g++.
2025-07-15T19:14:18.4449933Z #7 7.143 Preparing to unpack .../41-g++_4%3a12.2.0-3_amd64.deb ...
2025-07-15T19:14:18.4450352Z #7 7.144 Unpacking g++ (4:12.2.0-3) ...
2025-07-15T19:14:18.4450653Z #7 7.157 Selecting previously unselected package make.
2025-07-15T19:14:18.4451240Z #7 7.158 Preparing to unpack .../42-make_4.3-4.1_amd64.deb ...
2025-07-15T19:14:18.4451551Z #7 7.159 Unpacking make (4.3-4.1) ...
2025-07-15T19:14:18.4451860Z #7 7.197 Selecting previously unselected package libdpkg-perl.
2025-07-15T19:14:18.4452246Z #7 7.198 Preparing to unpack .../43-libdpkg-perl_1.21.22_all.deb ...
2025-07-15T19:14:18.4452582Z #7 7.199 Unpacking libdpkg-perl (1.21.22) ...
2025-07-15T19:14:18.4453139Z #7 7.254 Selecting previously unselected package patch.
2025-07-15T19:14:18.5548119Z #7 7.255 Preparing to unpack .../44-patch_2.7.6-7_amd64.deb ...
2025-07-15T19:14:18.5548504Z #7 7.256 Unpacking patch (2.7.6-7) ...
2025-07-15T19:14:18.5548820Z #7 7.277 Selecting previously unselected package dpkg-dev.
2025-07-15T19:14:18.5549187Z #7 7.279 Preparing to unpack .../45-dpkg-dev_1.21.22_all.deb ...
2025-07-15T19:14:18.5549503Z #7 7.280 Unpacking dpkg-dev (1.21.22) ...
2025-07-15T19:14:18.5549834Z #7 7.364 Selecting previously unselected package build-essential.
2025-07-15T19:14:18.6749308Z #7 7.365 Preparing to unpack .../46-build-essential_12.9_amd64.deb ...
2025-07-15T19:14:18.6750608Z #7 7.366 Unpacking build-essential (12.9) ...
2025-07-15T19:14:18.6751545Z #7 7.381 Selecting previously unselected package libbrotli1:amd64.
2025-07-15T19:14:18.6752191Z #7 7.382 Preparing to unpack .../47-libbrotli1_1.0.9-2+b6_amd64.deb ...
2025-07-15T19:14:18.6752774Z #7 7.383 Unpacking libbrotli1:amd64 (1.0.9-2+b6) ...
2025-07-15T19:14:18.6753388Z #7 7.414 Selecting previously unselected package libsasl2-modules-db:amd64.
2025-07-15T19:14:18.6754142Z #7 7.415 Preparing to unpack .../48-libsasl2-modules-db_2.1.28+dfsg-10_amd64.deb ...
2025-07-15T19:14:18.6754838Z #7 7.416 Unpacking libsasl2-modules-db:amd64 (2.1.28+dfsg-10) ...
2025-07-15T19:14:18.6755460Z #7 7.432 Selecting previously unselected package libsasl2-2:amd64.
2025-07-15T19:14:18.6756112Z #7 7.433 Preparing to unpack .../49-libsasl2-2_2.1.28+dfsg-10_amd64.deb ...
2025-07-15T19:14:18.6756706Z #7 7.434 Unpacking libsasl2-2:amd64 (2.1.28+dfsg-10) ...
2025-07-15T19:14:18.6757312Z #7 7.452 Selecting previously unselected package libldap-2.5-0:amd64.
2025-07-15T19:14:18.6757984Z #7 7.454 Preparing to unpack .../50-libldap-2.5-0_2.5.13+dfsg-5_amd64.deb ...
2025-07-15T19:14:18.6758598Z #7 7.457 Unpacking libldap-2.5-0:amd64 (2.5.13+dfsg-5) ...
2025-07-15T19:14:18.6759191Z #7 7.484 Selecting previously unselected package libnghttp2-14:amd64.
2025-07-15T19:14:18.8015434Z #7 7.485 Preparing to unpack .../51-libnghttp2-14_1.52.0-1+deb12u2_amd64.deb ...
2025-07-15T19:14:18.8016055Z #7 7.486 Unpacking libnghttp2-14:amd64 (1.52.0-1+deb12u2) ...
2025-07-15T19:14:18.8016467Z #7 7.506 Selecting previously unselected package libpsl5:amd64.
2025-07-15T19:14:18.8016847Z #7 7.507 Preparing to unpack .../52-libpsl5_0.21.2-1_amd64.deb ...
2025-07-15T19:14:18.8017164Z #7 7.508 Unpacking libpsl5:amd64 (0.21.2-1) ...
2025-07-15T19:14:18.8017492Z #7 7.526 Selecting previously unselected package librtmp1:amd64.
2025-07-15T19:14:18.8017913Z #7 7.528 Preparing to unpack .../53-librtmp1_2.4+20151223.gitfa8646d.1-2+b2_amd64.deb ...
2025-07-15T19:14:18.8018363Z #7 7.529 Unpacking librtmp1:amd64 (2.4+20151223.gitfa8646d.1-2+b2) ...
2025-07-15T19:14:18.8018744Z #7 7.547 Selecting previously unselected package libssh2-1:amd64.
2025-07-15T19:14:18.8019125Z #7 7.548 Preparing to unpack .../54-libssh2-1_1.10.0-3+b1_amd64.deb ...
2025-07-15T19:14:18.8019470Z #7 7.549 Unpacking libssh2-1:amd64 (1.10.0-3+b1) ...
2025-07-15T19:14:18.8019796Z #7 7.574 Selecting previously unselected package libcurl4:amd64.
2025-07-15T19:14:18.8020181Z #7 7.576 Preparing to unpack .../55-libcurl4_7.88.1-10+deb12u12_amd64.deb ...
2025-07-15T19:14:18.8020554Z #7 7.577 Unpacking libcurl4:amd64 (7.88.1-10+deb12u12) ...
2025-07-15T19:14:18.8020858Z #7 7.610 Selecting previously unselected package curl.
2025-07-15T19:14:18.9122417Z #7 7.611 Preparing to unpack .../56-curl_7.88.1-10+deb12u12_amd64.deb ...
2025-07-15T19:14:18.9123076Z #7 7.612 Unpacking curl (7.88.1-10+deb12u12) ...
2025-07-15T19:14:18.9123665Z #7 7.643 Selecting previously unselected package libcurl3-gnutls:amd64.
2025-07-15T19:14:18.9124151Z #7 7.644 Preparing to unpack .../57-libcurl3-gnutls_7.88.1-10+deb12u12_amd64.deb ...
2025-07-15T19:14:18.9124574Z #7 7.645 Unpacking libcurl3-gnutls:amd64 (7.88.1-10+deb12u12) ...
2025-07-15T19:14:18.9124947Z #7 7.680 Selecting previously unselected package libexpat1:amd64.
2025-07-15T19:14:18.9125603Z #7 7.681 Preparing to unpack .../58-libexpat1_2.5.0-1+deb12u1_amd64.deb ...
2025-07-15T19:14:18.9125978Z #7 7.682 Unpacking libexpat1:amd64 (2.5.0-1+deb12u1) ...
2025-07-15T19:14:18.9126317Z #7 7.702 Selecting previously unselected package liberror-perl.
2025-07-15T19:14:18.9126700Z #7 7.703 Preparing to unpack .../59-liberror-perl_0.17029-2_all.deb ...
2025-07-15T19:14:18.9127041Z #7 7.705 Unpacking liberror-perl (0.17029-2) ...
2025-07-15T19:14:18.9127341Z #7 7.721 Selecting previously unselected package git-man.
2025-07-15T19:14:19.1519652Z #7 7.722 Preparing to unpack .../60-git-man_1%3a2.39.5-0+deb12u2_all.deb ...
2025-07-15T19:14:19.1520639Z #7 7.723 Unpacking git-man (1:2.39.5-0+deb12u2) ...
2025-07-15T19:14:19.1521425Z #7 7.804 Selecting previously unselected package git.
2025-07-15T19:14:19.1522057Z #7 7.805 Preparing to unpack .../61-git_1%3a2.39.5-0+deb12u2_amd64.deb ...
2025-07-15T19:14:19.1522640Z #7 7.810 Unpacking git (1:2.39.5-0+deb12u2) ...
2025-07-15T19:14:19.3146162Z #7 8.123 Setting up libexpat1:amd64 (2.5.0-1+deb12u1) ...
2025-07-15T19:14:19.4150034Z #7 8.126 Setting up libpsl5:amd64 (0.21.2-1) ...
2025-07-15T19:14:19.4150762Z #7 8.128 Setting up libbrotli1:amd64 (1.0.9-2+b6) ...
2025-07-15T19:14:19.4151586Z #7 8.130 Setting up binutils-common:amd64 (2.40-2) ...
2025-07-15T19:14:19.4152220Z #7 8.133 Setting up libnghttp2-14:amd64 (1.52.0-1+deb12u2) ...
2025-07-15T19:14:19.4152692Z #7 8.136 Setting up linux-libc-dev:amd64 (6.1.140-1) ...
2025-07-15T19:14:19.4153065Z #7 8.139 Setting up libctf-nobfd0:amd64 (2.40-2) ...
2025-07-15T19:14:19.4153435Z #7 8.141 Setting up libgomp1:amd64 (12.2.0-14+deb12u1) ...
2025-07-15T19:14:19.4153794Z #7 8.143 Setting up bzip2 (1.0.8-5+b1) ...
2025-07-15T19:14:19.4154112Z #7 8.145 Setting up libjansson4:amd64 (2.14-2) ...
2025-07-15T19:14:19.4154505Z #7 8.148 Setting up libsasl2-modules-db:amd64 (2.1.28+dfsg-10) ...
2025-07-15T19:14:19.4154927Z #7 8.150 Setting up perl-modules-5.36 (5.36.0-7+deb12u2) ...
2025-07-15T19:14:19.4155312Z #7 8.153 Setting up libtirpc-dev:amd64 (1.3.3+ds-1) ...
2025-07-15T19:14:19.4155790Z #7 8.155 Setting up rpcsvc-proto (1.4.3-1) ...
2025-07-15T19:14:19.4156107Z #7 8.158 Setting up make (4.3-4.1) ...
2025-07-15T19:14:19.4156506Z #7 8.160 Setting up libmpfr6:amd64 (4.2.0-1) ...
2025-07-15T19:14:19.4157122Z #7 8.162 Setting up librtmp1:amd64 (2.4+20151223.gitfa8646d.1-2+b2) ...
2025-07-15T19:14:19.4157773Z #7 8.164 Setting up xz-utils (5.4.1-1) ...
2025-07-15T19:14:19.4158487Z #7 8.168 update-alternatives: using /usr/bin/xz to provide /usr/bin/lzma (lzma) in auto mode
2025-07-15T19:14:19.4159680Z #7 8.169 update-alternatives: warning: skip creation of /usr/share/man/man1/lzma.1.gz because associated file /usr/share/man/man1/xz.1.gz (of link group lzma) doesn't exist
2025-07-15T19:14:19.4161190Z #7 8.169 update-alternatives: warning: skip creation of /usr/share/man/man1/unlzma.1.gz because associated file /usr/share/man/man1/unxz.1.gz (of link group lzma) doesn't exist
2025-07-15T19:14:19.4162485Z #7 8.169 update-alternatives: warning: skip creation of /usr/share/man/man1/lzcat.1.gz because associated file /usr/share/man/man1/xzcat.1.gz (of link group lzma) doesn't exist
2025-07-15T19:14:19.4163721Z #7 8.170 update-alternatives: warning: skip creation of /usr/share/man/man1/lzmore.1.gz because associated file /usr/share/man/man1/xzmore.1.gz (of link group lzma) doesn't exist
2025-07-15T19:14:19.4165262Z #7 8.170 update-alternatives: warning: skip creation of /usr/share/man/man1/lzless.1.gz because associated file /usr/share/man/man1/xzless.1.gz (of link group lzma) doesn't exist
2025-07-15T19:14:19.4166808Z #7 8.170 update-alternatives: warning: skip creation of /usr/share/man/man1/lzdiff.1.gz because associated file /usr/share/man/man1/xzdiff.1.gz (of link group lzma) doesn't exist
2025-07-15T19:14:19.4168450Z #7 8.170 update-alternatives: warning: skip creation of /usr/share/man/man1/lzcmp.1.gz because associated file /usr/share/man/man1/xzcmp.1.gz (of link group lzma) doesn't exist
2025-07-15T19:14:19.4169949Z #7 8.170 update-alternatives: warning: skip creation of /usr/share/man/man1/lzgrep.1.gz because associated file /usr/share/man/man1/xzgrep.1.gz (of link group lzma) doesn't exist
2025-07-15T19:14:19.4171497Z #7 8.170 update-alternatives: warning: skip creation of /usr/share/man/man1/lzegrep.1.gz because associated file /usr/share/man/man1/xzegrep.1.gz (of link group lzma) doesn't exist
2025-07-15T19:14:19.4172949Z #7 8.171 update-alternatives: warning: skip creation of /usr/share/man/man1/lzfgrep.1.gz because associated file /usr/share/man/man1/xzfgrep.1.gz (of link group lzma) doesn't exist
2025-07-15T19:14:19.4173664Z #7 8.173 Setting up libquadmath0:amd64 (12.2.0-14+deb12u1) ...
2025-07-15T19:14:19.4174149Z #7 8.176 Setting up libmpc3:amd64 (1.3.1-1) ...
2025-07-15T19:14:19.4174457Z #7 8.178 Setting up libatomic1:amd64 (12.2.0-14+deb12u1) ...
2025-07-15T19:14:19.4174744Z #7 8.180 Setting up patch (2.7.6-7) ...
2025-07-15T19:14:19.4175018Z #7 8.182 Setting up libgdbm-compat4:amd64 (1.23-3) ...
2025-07-15T19:14:19.4175457Z #7 8.185 Setting up libsasl2-2:amd64 (2.1.28+dfsg-10) ...
2025-07-15T19:14:19.4175777Z #7 8.188 Setting up libubsan1:amd64 (12.2.0-14+deb12u1) ...
2025-07-15T19:14:19.4176148Z #7 8.190 Setting up nano (7.2-1+deb12u1) ...
2025-07-15T19:14:19.4176781Z #7 8.194 update-alternatives: using /bin/nano to provide /usr/bin/editor (editor) in auto mode
2025-07-15T19:14:19.4178254Z #7 8.194 update-alternatives: warning: skip creation of /usr/share/man/man1/editor.1.gz because associated file /usr/share/man/man1/nano.1.gz (of link group editor) doesn't exist
2025-07-15T19:14:19.4179788Z #7 8.196 update-alternatives: using /bin/nano to provide /usr/bin/pico (pico) in auto mode
2025-07-15T19:14:19.4181297Z #7 8.196 update-alternatives: warning: skip creation of /usr/share/man/man1/pico.1.gz because associated file /usr/share/man/man1/nano.1.gz (of link group pico) doesn't exist
2025-07-15T19:14:19.4182104Z #7 8.197 Setting up libnsl-dev:amd64 (1.3.0-2) ...
2025-07-15T19:14:19.4182414Z #7 8.200 Setting up libcrypt-dev:amd64 (1:4.4.33-2) ...
2025-07-15T19:14:19.4182732Z #7 8.206 Setting up libasan8:amd64 (12.2.0-14+deb12u1) ...
2025-07-15T19:14:19.4183158Z #7 8.209 Setting up git-man (1:2.39.5-0+deb12u2) ...
2025-07-15T19:14:19.4183443Z #7 8.212 Setting up libssh2-1:amd64 (1.10.0-3+b1) ...
2025-07-15T19:14:19.4183891Z #7 8.214 Setting up libtsan2:amd64 (12.2.0-14+deb12u1) ...
2025-07-15T19:14:19.4184422Z #7 8.216 Setting up libbinutils:amd64 (2.40-2) ...
2025-07-15T19:14:19.4184915Z #7 8.219 Setting up libisl23:amd64 (0.25-1.1) ...
2025-07-15T19:14:19.4185214Z #7 8.221 Setting up libc-dev-bin (2.36-9+deb12u10) ...
2025-07-15T19:14:19.4185625Z #7 8.224 Setting up libcc1-0:amd64 (12.2.0-14+deb12u1) ...
2025-07-15T19:14:19.6651620Z #7 8.227 Setting up libperl5.36:amd64 (5.36.0-7+deb12u2) ...
2025-07-15T19:14:19.6652338Z #7 8.229 Setting up liblsan0:amd64 (12.2.0-14+deb12u1) ...
2025-07-15T19:14:19.6652895Z #7 8.232 Setting up libitm1:amd64 (12.2.0-14+deb12u1) ...
2025-07-15T19:14:19.6653418Z #7 8.234 Setting up libctf0:amd64 (2.40-2) ...
2025-07-15T19:14:19.6653914Z #7 8.237 Setting up cpp-12 (12.2.0-14+deb12u1) ...
2025-07-15T19:14:19.6654446Z #7 8.239 Setting up libldap-2.5-0:amd64 (2.5.13+dfsg-5) ...
2025-07-15T19:14:19.6654961Z #7 8.242 Setting up perl (5.36.0-7+deb12u2) ...
2025-07-15T19:14:19.6655453Z #7 8.251 Setting up libgprofng0:amd64 (2.40-2) ...
2025-07-15T19:14:19.6656054Z #7 8.254 Setting up libgcc-12-dev:amd64 (12.2.0-14+deb12u1) ...
2025-07-15T19:14:19.6656585Z #7 8.256 Setting up libdpkg-perl (1.21.22) ...
2025-07-15T19:14:19.6657027Z #7 8.259 Setting up cpp (4:12.2.0-3) ...
2025-07-15T19:14:19.6657512Z #7 8.264 Setting up libcurl4:amd64 (7.88.1-10+deb12u12) ...
2025-07-15T19:14:19.6658053Z #7 8.267 Setting up libc6-dev:amd64 (2.36-9+deb12u10) ...
2025-07-15T19:14:19.6658557Z #7 8.269 Setting up curl (7.88.1-10+deb12u12) ...
2025-07-15T19:14:19.6659076Z #7 8.271 Setting up binutils-x86-64-linux-gnu (2.40-2) ...
2025-07-15T19:14:19.6659660Z #7 8.274 Setting up libstdc++-12-dev:amd64 (12.2.0-14+deb12u1) ...
2025-07-15T19:14:19.6660759Z #7 8.277 Setting up libcurl3-gnutls:amd64 (7.88.1-10+deb12u12) ...
2025-07-15T19:14:19.6661497Z #7 8.279 Setting up binutils (2.40-2) ...
2025-07-15T19:14:19.6661937Z #7 8.282 Setting up dpkg-dev (1.21.22) ...
2025-07-15T19:14:19.6662389Z #7 8.287 Setting up liberror-perl (0.17029-2) ...
2025-07-15T19:14:19.6662878Z #7 8.290 Setting up gcc-12 (12.2.0-14+deb12u1) ...
2025-07-15T19:14:19.6663346Z #7 8.293 Setting up git (1:2.39.5-0+deb12u2) ...
2025-07-15T19:14:19.6663795Z #7 8.301 Setting up g++-12 (12.2.0-14+deb12u1) ...
2025-07-15T19:14:19.6664226Z #7 8.304 Setting up gcc (4:12.2.0-3) ...
2025-07-15T19:14:19.6664624Z #7 8.314 Setting up g++ (4:12.2.0-3) ...
2025-07-15T19:14:19.6665454Z #7 8.318 update-alternatives: using /usr/bin/g++ to provide /usr/bin/c++ (c++) in auto mode
2025-07-15T19:14:19.6666170Z #7 8.321 Setting up build-essential (12.9) ...
2025-07-15T19:14:19.6666704Z #7 8.324 Processing triggers for libc-bin (2.36-9+deb12u10) ...
2025-07-15T19:14:20.1355584Z #7 DONE 8.9s
2025-07-15T19:14:20.2952990Z 
2025-07-15T19:14:20.2953442Z #8 [3/6] WORKDIR /app
2025-07-15T19:14:20.2953869Z #8 DONE 0.0s
2025-07-15T19:14:20.2954073Z 
2025-07-15T19:14:20.2954199Z #9 [4/6] COPY . .
2025-07-15T19:14:20.7224194Z #9 DONE 0.6s
2025-07-15T19:14:20.8745919Z 
2025-07-15T19:14:21.9568874Z #10 [5/6] RUN pip install --upgrade pip
2025-07-15T19:14:21.9569621Z #10 1.233 Requirement already satisfied: pip in /usr/local/lib/python3.10/site-packages (23.0.1)
2025-07-15T19:14:22.0649818Z #10 1.341 Collecting pip
2025-07-15T19:14:22.1708890Z #10 1.374   Downloading pip-25.1.1-py3-none-any.whl (1.8 MB)
2025-07-15T19:14:22.1710547Z #10 1.403      ━━━━━━━━━━━━━━━━━━━━━━━━━━━━━━━━━━━━━━━━ 1.8/1.8 MB 67.0 MB/s eta 0:00:00
2025-07-15T19:14:22.1713963Z #10 1.447 Installing collected packages: pip
2025-07-15T19:14:22.3224130Z #10 1.447   Attempting uninstall: pip
2025-07-15T19:14:22.3224567Z #10 1.448     Found existing installation: pip 23.0.1
2025-07-15T19:14:22.3500206Z #10 1.626     Uninstalling pip-23.0.1:
2025-07-15T19:14:22.5122053Z #10 1.638       Successfully uninstalled pip-23.0.1
2025-07-15T19:14:23.1437172Z #10 2.420 Successfully installed pip-25.1.1
2025-07-15T19:14:23.2944529Z #10 2.420 WARNING: Running pip as the 'root' user can result in broken permissions and conflicting behaviour with the system package manager. It is recommended to use a virtual environment instead: https://pip.pypa.io/warnings/venv
2025-07-15T19:14:23.3216172Z #10 DONE 2.6s
2025-07-15T19:14:23.4733129Z 
2025-07-15T19:14:23.4733661Z #11 [6/6] RUN pip install --no-cache-dir -r requirements.txt
2025-07-15T19:14:24.1578504Z #11 0.835 Collecting Flask==3.1.0 (from -r requirements.txt (line 1))
2025-07-15T19:14:24.2611836Z #11 0.872   Downloading flask-3.1.0-py3-none-any.whl.metadata (2.7 kB)
2025-07-15T19:14:24.2612689Z #11 0.884 Collecting Flask-PyMongo==3.0.1 (from -r requirements.txt (line 2))
2025-07-15T19:14:24.2613533Z #11 0.890   Downloading flask_pymongo-3.0.1-py3-none-any.whl.metadata (3.5 kB)
2025-07-15T19:14:24.2614347Z #11 0.935 Collecting pytest==8.2.1 (from -r requirements.txt (line 3))
2025-07-15T19:14:24.2615097Z #11 0.939   Downloading pytest-8.2.1-py3-none-any.whl.metadata (7.6 kB)
2025-07-15T19:14:24.3703123Z #11 0.948 Collecting blinker==1.9.0 (from -r requirements.txt (line 4))
2025-07-15T19:14:24.3703951Z #11 0.951   Downloading blinker-1.9.0-py3-none-any.whl.metadata (1.6 kB)
2025-07-15T19:14:24.3704769Z #11 0.965 Collecting certifi==2025.7.14 (from -r requirements.txt (line 5))
2025-07-15T19:14:24.3705604Z #11 0.969   Downloading certifi-2025.7.14-py3-none-any.whl.metadata (2.4 kB)
2025-07-15T19:14:24.3706490Z #11 1.048 Collecting charset-normalizer==3.4.2 (from -r requirements.txt (line 6))
2025-07-15T19:14:24.5023406Z #11 1.052   Downloading charset_normalizer-3.4.2-cp310-cp310-manylinux_2_17_x86_64.manylinux2014_x86_64.whl.metadata (35 kB)
2025-07-15T19:14:24.5024514Z #11 1.070 Collecting click==8.2.1 (from -r requirements.txt (line 7))
2025-07-15T19:14:24.5025340Z #11 1.074   Downloading click-8.2.1-py3-none-any.whl.metadata (2.5 kB)
2025-07-15T19:14:24.5026493Z #11 1.083 Collecting dnspython==2.7.0 (from -r requirements.txt (line 8))
2025-07-15T19:14:24.5027327Z #11 1.087   Downloading dnspython-2.7.0-py3-none-any.whl.metadata (5.8 kB)
2025-07-15T19:14:24.5028119Z #11 1.100 Collecting idna==3.10 (from -r requirements.txt (line 9))
2025-07-15T19:14:24.5028821Z #11 1.104   Downloading idna-3.10-py3-none-any.whl.metadata (10 kB)
2025-07-15T19:14:24.5029608Z #11 1.112 Collecting itsdangerous==2.2.0 (from -r requirements.txt (line 10))
2025-07-15T19:14:24.5030489Z #11 1.116   Downloading itsdangerous-2.2.0-py3-none-any.whl.metadata (1.9 kB)
2025-07-15T19:14:24.5031678Z #11 1.127 Collecting Jinja2==3.1.6 (from -r requirements.txt (line 11))
2025-07-15T19:14:24.5032151Z #11 1.131   Downloading jinja2-3.1.6-py3-none-any.whl.metadata (2.9 kB)
2025-07-15T19:14:24.5032601Z #11 1.180 Collecting MarkupSafe==3.0.2 (from -r requirements.txt (line 12))
2025-07-15T19:14:24.6681797Z #11 1.183   Downloading MarkupSafe-3.0.2-cp310-cp310-manylinux_2_17_x86_64.manylinux2014_x86_64.whl.metadata (4.0 kB)
2025-07-15T19:14:24.6682922Z #11 1.192 Collecting paho-mqtt==2.1.0 (from -r requirements.txt (line 13))
2025-07-15T19:14:24.6683735Z #11 1.195   Downloading paho_mqtt-2.1.0-py3-none-any.whl.metadata (23 kB)
2025-07-15T19:14:24.8292190Z #11 1.507 Collecting pymongo==4.13.2 (from -r requirements.txt (line 14))
2025-07-15T19:14:24.9349322Z #11 1.510   Downloading pymongo-4.13.2-cp310-cp310-manylinux_2_17_x86_64.manylinux2014_x86_64.whl.metadata (22 kB)
2025-07-15T19:14:24.9350336Z #11 1.528 Collecting python-dotenv==1.1.1 (from -r requirements.txt (line 15))
2025-07-15T19:14:24.9351174Z #11 1.532   Downloading python_dotenv-1.1.1-py3-none-any.whl.metadata (24 kB)
2025-07-15T19:14:24.9351760Z #11 1.555 Collecting requests==2.32.4 (from -r requirements.txt (line 16))
2025-07-15T19:14:24.9352284Z #11 1.558   Downloading requests-2.32.4-py3-none-any.whl.metadata (4.9 kB)
2025-07-15T19:14:24.9352787Z #11 1.579 Collecting urllib3==2.5.0 (from -r requirements.txt (line 17))
2025-07-15T19:14:24.9353296Z #11 1.582   Downloading urllib3-2.5.0-py3-none-any.whl.metadata (6.5 kB)
2025-07-15T19:14:24.9353795Z #11 1.602 Collecting Werkzeug==3.1.3 (from -r requirements.txt (line 18))
2025-07-15T19:14:24.9354290Z #11 1.605   Downloading werkzeug-3.1.3-py3-none-any.whl.metadata (3.7 kB)
2025-07-15T19:14:24.9354823Z #11 1.613 Collecting autodevops-cli==0.1.1 (from -r requirements.txt (line 19))
2025-07-15T19:14:25.0355522Z #11 1.618   Downloading autodevops_cli-0.1.1-py3-none-any.whl.metadata (494 bytes)
2025-07-15T19:14:25.0357165Z #11 1.623 Collecting iniconfig==2.1.0 (from -r requirements.txt (line 20))
2025-07-15T19:14:25.0358066Z #11 1.627   Downloading iniconfig-2.1.0-py3-none-any.whl.metadata (2.7 kB)
2025-07-15T19:14:25.0358893Z #11 1.637 Collecting loguru==0.7.3 (from -r requirements.txt (line 21))
2025-07-15T19:14:25.0359908Z #11 1.640   Downloading loguru-0.7.3-py3-none-any.whl.metadata (22 kB)
2025-07-15T19:14:25.0360863Z #11 1.658 Collecting markdown-it-py==3.0.0 (from -r requirements.txt (line 22))
2025-07-15T19:14:25.0362091Z #11 1.662   Downloading markdown_it_py-3.0.0-py3-none-any.whl.metadata (6.9 kB)
2025-07-15T19:14:25.0363254Z #11 1.671 Collecting mdurl==0.1.2 (from -r requirements.txt (line 23))
2025-07-15T19:14:25.0363982Z #11 1.675   Downloading mdurl-0.1.2-py3-none-any.whl.metadata (1.6 kB)
2025-07-15T19:14:25.0364475Z #11 1.685 Collecting mongomock==4.3.0 (from -r requirements.txt (line 24))
2025-07-15T19:14:25.0365159Z #11 1.688   Downloading mongomock-4.3.0-py2.py3-none-any.whl.metadata (12 kB)
2025-07-15T19:14:25.0365719Z #11 1.702 Collecting packaging==25.0 (from -r requirements.txt (line 25))
2025-07-15T19:14:25.0366200Z #11 1.705   Downloading packaging-25.0-py3-none-any.whl.metadata (3.3 kB)
2025-07-15T19:14:25.0426756Z #11 1.713 Collecting pluggy==1.6.0 (from -r requirements.txt (line 26))
2025-07-15T19:14:25.1433600Z #11 1.717   Downloading pluggy-1.6.0-py3-none-any.whl.metadata (4.8 kB)
2025-07-15T19:14:25.1434481Z #11 1.734 Collecting Pygments==2.19.2 (from -r requirements.txt (line 27))
2025-07-15T19:14:25.1435588Z #11 1.738   Downloading pygments-2.19.2-py3-none-any.whl.metadata (2.5 kB)
2025-07-15T19:14:25.1436407Z #11 1.770 Collecting pytz==2025.2 (from -r requirements.txt (line 28))
2025-07-15T19:14:25.1437199Z #11 1.774   Downloading pytz-2025.2-py2.py3-none-any.whl.metadata (22 kB)
2025-07-15T19:14:25.1437982Z #11 1.809 Collecting rich==14.0.0 (from -r requirements.txt (line 29))
2025-07-15T19:14:25.1438740Z #11 1.813   Downloading rich-14.0.0-py3-none-any.whl.metadata (18 kB)
2025-07-15T19:14:25.1439508Z #11 1.821 Collecting sentinels==1.0.0 (from -r requirements.txt (line 30))
2025-07-15T19:14:25.3040050Z #11 1.825   Downloading sentinels-1.0.0.tar.gz (4.1 kB)
2025-07-15T19:14:25.3040685Z #11 1.831   Preparing metadata (setup.py): started
2025-07-15T19:14:25.7772993Z #11 2.455   Preparing metadata (setup.py): finished with status 'done'
2025-07-15T19:14:25.9114225Z #11 2.469 Collecting sh==2.2.2 (from -r requirements.txt (line 31))
2025-07-15T19:14:25.9115326Z #11 2.472   Downloading sh-2.2.2-py3-none-any.whl.metadata (3.7 kB)
2025-07-15T19:14:25.9116432Z #11 2.510 Collecting exceptiongroup>=1.0.0rc8 (from pytest==8.2.1->-r requirements.txt (line 3))
2025-07-15T19:14:25.9117416Z #11 2.513   Downloading exceptiongroup-1.3.0-py3-none-any.whl.metadata (6.7 kB)
2025-07-15T19:14:25.9118310Z #11 2.527 Collecting tomli>=1 (from pytest==8.2.1->-r requirements.txt (line 3))
2025-07-15T19:14:25.9119140Z #11 2.530   Downloading tomli-2.2.1-py3-none-any.whl.metadata (10 kB)
2025-07-15T19:14:25.9120059Z #11 2.589 Collecting typing-extensions<5.0,>=4.0.0 (from rich==14.0.0->-r requirements.txt (line 29))
2025-07-15T19:14:26.0142033Z #11 2.597   Downloading typing_extensions-4.14.1-py3-none-any.whl.metadata (3.0 kB)
2025-07-15T19:14:26.0142897Z #11 2.611 Downloading flask-3.1.0-py3-none-any.whl (102 kB)
2025-07-15T19:14:26.0143609Z #11 2.618 Downloading flask_pymongo-3.0.1-py3-none-any.whl (11 kB)
2025-07-15T19:14:26.0144299Z #11 2.623 Downloading pytest-8.2.1-py3-none-any.whl (339 kB)
2025-07-15T19:14:26.0144945Z #11 2.632 Downloading pluggy-1.6.0-py3-none-any.whl (20 kB)
2025-07-15T19:14:26.0145576Z #11 2.636 Downloading blinker-1.9.0-py3-none-any.whl (8.5 kB)
2025-07-15T19:14:26.0146242Z #11 2.639 Downloading certifi-2025.7.14-py3-none-any.whl (162 kB)
2025-07-15T19:14:26.0147016Z #11 2.644 Downloading charset_normalizer-3.4.2-cp310-cp310-manylinux_2_17_x86_64.manylinux2014_x86_64.whl (149 kB)
2025-07-15T19:14:26.0147650Z #11 2.649 Downloading click-8.2.1-py3-none-any.whl (102 kB)
2025-07-15T19:14:26.0148080Z #11 2.654 Downloading dnspython-2.7.0-py3-none-any.whl (313 kB)
2025-07-15T19:14:26.0148511Z #11 2.660 Downloading idna-3.10-py3-none-any.whl (70 kB)
2025-07-15T19:14:26.0148933Z #11 2.663 Downloading itsdangerous-2.2.0-py3-none-any.whl (16 kB)
2025-07-15T19:14:26.0149367Z #11 2.667 Downloading jinja2-3.1.6-py3-none-any.whl (134 kB)
2025-07-15T19:14:26.0149938Z #11 2.671 Downloading MarkupSafe-3.0.2-cp310-cp310-manylinux_2_17_x86_64.manylinux2014_x86_64.whl (20 kB)
2025-07-15T19:14:26.0150554Z #11 2.674 Downloading paho_mqtt-2.1.0-py3-none-any.whl (67 kB)
2025-07-15T19:14:26.0151386Z #11 2.678 Downloading pymongo-4.13.2-cp310-cp310-manylinux_2_17_x86_64.manylinux2014_x86_64.whl (1.2 MB)
2025-07-15T19:14:26.1285343Z #11 2.692    ━━━━━━━━━━━━━━━━━━━━━━━━━━━━━━━━━━━━━━━━ 1.2/1.2 MB 106.9 MB/s eta 0:00:00
2025-07-15T19:14:26.1286562Z #11 2.696 Downloading python_dotenv-1.1.1-py3-none-any.whl (20 kB)
2025-07-15T19:14:26.1287476Z #11 2.699 Downloading requests-2.32.4-py3-none-any.whl (64 kB)
2025-07-15T19:14:26.1288175Z #11 2.703 Downloading urllib3-2.5.0-py3-none-any.whl (129 kB)
2025-07-15T19:14:26.1288638Z #11 2.708 Downloading werkzeug-3.1.3-py3-none-any.whl (224 kB)
2025-07-15T19:14:26.1289097Z #11 2.714 Downloading autodevops_cli-0.1.1-py3-none-any.whl (4.1 kB)
2025-07-15T19:14:26.1289580Z #11 2.718 Downloading iniconfig-2.1.0-py3-none-any.whl (6.0 kB)
2025-07-15T19:14:26.1290012Z #11 2.721 Downloading loguru-0.7.3-py3-none-any.whl (61 kB)
2025-07-15T19:14:26.1290670Z #11 2.725 Downloading markdown_it_py-3.0.0-py3-none-any.whl (87 kB)
2025-07-15T19:14:26.1291416Z #11 2.728 Downloading mdurl-0.1.2-py3-none-any.whl (10.0 kB)
2025-07-15T19:14:26.1291867Z #11 2.732 Downloading mongomock-4.3.0-py2.py3-none-any.whl (64 kB)
2025-07-15T19:14:26.1292557Z #11 2.735 Downloading packaging-25.0-py3-none-any.whl (66 kB)
2025-07-15T19:14:26.1293269Z #11 2.738 Downloading pygments-2.19.2-py3-none-any.whl (1.2 MB)
2025-07-15T19:14:26.1294184Z #11 2.750    ━━━━━━━━━━━━━━━━━━━━━━━━━━━━━━━━━━━━━━━━ 1.2/1.2 MB 118.2 MB/s eta 0:00:00
2025-07-15T19:14:26.1294896Z #11 2.754 Downloading pytz-2025.2-py2.py3-none-any.whl (509 kB)
2025-07-15T19:14:26.1295585Z #11 2.760 Downloading rich-14.0.0-py3-none-any.whl (243 kB)
2025-07-15T19:14:26.1296107Z #11 2.763 Downloading sh-2.2.2-py3-none-any.whl (38 kB)
2025-07-15T19:14:26.1296844Z #11 2.767 Downloading typing_extensions-4.14.1-py3-none-any.whl (43 kB)
2025-07-15T19:14:26.1297526Z #11 2.770 Downloading exceptiongroup-1.3.0-py3-none-any.whl (16 kB)
2025-07-15T19:14:26.1298268Z #11 2.773 Downloading tomli-2.2.1-py3-none-any.whl (14 kB)
2025-07-15T19:14:26.1298787Z #11 2.806 Building wheels for collected packages: sentinels
2025-07-15T19:14:26.2806576Z #11 2.807   DEPRECATION: Building 'sentinels' using the legacy setup.py bdist_wheel mechanism, which will be removed in a future version. pip 25.3 will enforce this behaviour change. A possible replacement is to use the standardized build interface by setting the `--use-pep517` option, (possibly combined with `--no-build-isolation`), or adding a `pyproject.toml` file to the source tree of 'sentinels'. Discussion can be found at https://github.com/pypa/pip/issues/6334
2025-07-15T19:14:26.2808555Z #11 2.808   Building wheel for sentinels (setup.py): started
2025-07-15T19:14:26.9164488Z #11 3.594   Building wheel for sentinels (setup.py): finished with status 'done'
2025-07-15T19:14:27.1389989Z #11 3.594   Created wheel for sentinels: filename=sentinels-1.0.0-py3-none-any.whl size=3175 sha256=590405005d73089627c20bf8bc39871cec1fc44ce00260cfc10f6b848355794b
2025-07-15T19:14:27.1391313Z #11 3.595   Stored in directory: /tmp/pip-ephem-wheel-cache-p7nyf7oy/wheels/26/bc/eb/67e56405e0684b3d8c011cf4d18129c41be394775fd5ba2347
2025-07-15T19:14:27.1391990Z #11 3.596 Successfully built sentinels
2025-07-15T19:14:27.1393624Z #11 3.666 Installing collected packages: sentinels, pytz, urllib3, typing-extensions, tomli, sh, python-dotenv, Pygments, pluggy, paho-mqtt, packaging, mdurl, MarkupSafe, loguru, itsdangerous, iniconfig, idna, dnspython, click, charset-normalizer, certifi, blinker, Werkzeug, requests, pymongo, mongomock, markdown-it-py, Jinja2, exceptiongroup, rich, pytest, Flask, Flask-PyMongo, autodevops-cli
2025-07-15T19:14:29.2184894Z #11 5.896 
2025-07-15T19:14:29.3763196Z #11 5.903 Successfully installed Flask-3.1.0 Flask-PyMongo-3.0.1 Jinja2-3.1.6 MarkupSafe-3.0.2 Pygments-2.19.2 Werkzeug-3.1.3 autodevops-cli-0.1.1 blinker-1.9.0 certifi-2025.7.14 charset-normalizer-3.4.2 click-8.2.1 dnspython-2.7.0 exceptiongroup-1.3.0 idna-3.10 iniconfig-2.1.0 itsdangerous-2.2.0 loguru-0.7.3 markdown-it-py-3.0.0 mdurl-0.1.2 mongomock-4.3.0 packaging-25.0 paho-mqtt-2.1.0 pluggy-1.6.0 pymongo-4.13.2 pytest-8.2.1 python-dotenv-1.1.1 pytz-2025.2 requests-2.32.4 rich-14.0.0 sentinels-1.0.0 sh-2.2.2 tomli-2.2.1 typing-extensions-4.14.1 urllib3-2.5.0
2025-07-15T19:14:29.3767537Z #11 5.903 WARNING: Running pip as the 'root' user can result in broken permissions and conflicting behaviour with the system package manager, possibly rendering your system unusable. It is recommended to use a virtual environment instead: https://pip.pypa.io/warnings/venv. Use the --root-user-action option if you know what you are doing and want to suppress this warning.
2025-07-15T19:14:29.4426800Z #11 DONE 6.1s
2025-07-15T19:14:29.5943191Z 
2025-07-15T19:14:29.5951515Z #12 exporting to image
2025-07-15T19:14:29.5952154Z #12 exporting layers
2025-07-15T19:14:31.2135961Z #12 exporting layers 1.8s done
2025-07-15T19:14:31.2305457Z #12 writing image sha256:af9a97e65d4236f54ff12f92852f7c4e9753f21f651f762b801bc65d64ddbed7 done
2025-07-15T19:14:31.2306911Z #12 naming to docker.io/***/flask-ci-cd-demo done
2025-07-15T19:14:31.2307427Z #12 DONE 1.8s
2025-07-15T19:14:31.2377266Z ##[group]Run docker push ***/flask-ci-cd-demo
2025-07-15T19:14:31.2377641Z [36;1mdocker push ***/flask-ci-cd-demo[0m
2025-07-15T19:14:31.2405481Z shell: /usr/bin/bash -e {0}
2025-07-15T19:14:31.2405752Z env:
2025-07-15T19:14:31.2406003Z   pythonLocation: /opt/hostedtoolcache/Python/3.10.18/x64
2025-07-15T19:14:31.2406406Z   PKG_CONFIG_PATH: /opt/hostedtoolcache/Python/3.10.18/x64/lib/pkgconfig
2025-07-15T19:14:31.2406796Z   Python_ROOT_DIR: /opt/hostedtoolcache/Python/3.10.18/x64
2025-07-15T19:14:31.2407148Z   Python2_ROOT_DIR: /opt/hostedtoolcache/Python/3.10.18/x64
2025-07-15T19:14:31.2407488Z   Python3_ROOT_DIR: /opt/hostedtoolcache/Python/3.10.18/x64
2025-07-15T19:14:31.2407836Z   LD_LIBRARY_PATH: /opt/hostedtoolcache/Python/3.10.18/x64/lib
2025-07-15T19:14:31.2408127Z ##[endgroup]
2025-07-15T19:14:31.2550617Z Using default tag: latest
2025-07-15T19:14:31.2564300Z The push refers to repository [docker.io/***/flask-ci-cd-demo]
2025-07-15T19:14:31.3299319Z 41379009bfc8: Preparing
2025-07-15T19:14:31.3299928Z d5e359723a1a: Preparing
2025-07-15T19:14:31.3300366Z 8144a14e978d: Preparing
2025-07-15T19:14:31.3300686Z 7c051d0de793: Preparing
2025-07-15T19:14:31.3301152Z 79fd2fa66fa3: Preparing
2025-07-15T19:14:31.3301355Z 31abbb538de0: Preparing
2025-07-15T19:14:31.3301560Z a2ccf7527b3c: Preparing
2025-07-15T19:14:31.3301749Z abd92ba2021e: Preparing
2025-07-15T19:14:31.3302009Z 1bb35e8b4de1: Preparing
2025-07-15T19:14:31.3302205Z 31abbb538de0: Waiting
2025-07-15T19:14:31.3302395Z a2ccf7527b3c: Waiting
2025-07-15T19:14:31.3302572Z abd92ba2021e: Waiting
2025-07-15T19:14:31.3302751Z 1bb35e8b4de1: Waiting
2025-07-15T19:14:32.8751312Z 7c051d0de793: Pushed
2025-07-15T19:14:33.4472105Z 31abbb538de0: Mounted from library/python
2025-07-15T19:14:33.6173176Z d5e359723a1a: Pushed
2025-07-15T19:14:33.9730085Z a2ccf7527b3c: Mounted from library/python
2025-07-15T19:14:34.1124677Z abd92ba2021e: Mounted from library/python
2025-07-15T19:14:34.4822465Z 1bb35e8b4de1: Mounted from library/python
2025-07-15T19:14:34.5594044Z 41379009bfc8: Pushed
2025-07-15T19:14:36.2273044Z 8144a14e978d: Pushed
2025-07-15T19:14:46.7584539Z 79fd2fa66fa3: Pushed
2025-07-15T19:14:49.2597666Z latest: digest: sha256:ea47b89b6081293913098af9a23b13af46e606820f10b729e0a8519de770ee54 size: 2212
2025-07-15T19:14:49.2700506Z ##[group]Run appleboy/ssh-action@v1.0.0
2025-07-15T19:14:49.2700789Z with:
2025-07-15T19:14:49.2702215Z   script: docker pull ***/flask-ci-cd-demo

docker stop flask-app || true
docker rm flask-app || true

docker run -d \
  --name flask-app \
  -p 4567:4567 \
  ***/flask-ci-cd-demo

2025-07-15T19:14:49.2702833Z   port: 22
2025-07-15T19:14:49.2702999Z   timeout: 30s
2025-07-15T19:14:49.2703180Z   command_timeout: 10m
2025-07-15T19:14:49.2703377Z   proxy_port: 22
2025-07-15T19:14:49.2703554Z   proxy_timeout: 30s
2025-07-15T19:14:49.2703752Z env:
2025-07-15T19:14:49.2703987Z   pythonLocation: /opt/hostedtoolcache/Python/3.10.18/x64
2025-07-15T19:14:49.2704390Z   PKG_CONFIG_PATH: /opt/hostedtoolcache/Python/3.10.18/x64/lib/pkgconfig
2025-07-15T19:14:49.2704772Z   Python_ROOT_DIR: /opt/hostedtoolcache/Python/3.10.18/x64
2025-07-15T19:14:49.2705113Z   Python2_ROOT_DIR: /opt/hostedtoolcache/Python/3.10.18/x64
2025-07-15T19:14:49.2705494Z   Python3_ROOT_DIR: /opt/hostedtoolcache/Python/3.10.18/x64
2025-07-15T19:14:49.2705836Z   LD_LIBRARY_PATH: /opt/hostedtoolcache/Python/3.10.18/x64/lib
2025-07-15T19:14:49.2706119Z ##[endgroup]
2025-07-15T19:14:49.2799071Z ##[command]/usr/bin/docker run --name efd4f471be20e9e4bf40248e5616b3652e2d9d_65499d --label efd4f4 --workdir /github/workspace --rm -e "pythonLocation" -e "PKG_CONFIG_PATH" -e "Python_ROOT_DIR" -e "Python2_ROOT_DIR" -e "Python3_ROOT_DIR" -e "LD_LIBRARY_PATH" -e "INPUT_HOST" -e "INPUT_USERNAME" -e "INPUT_KEY" -e "INPUT_SCRIPT" -e "INPUT_PORT" -e "INPUT_PASSPHRASE" -e "INPUT_PASSWORD" -e "INPUT_SYNC" -e "INPUT_USE_INSECURE_CIPHER" -e "INPUT_CIPHER" -e "INPUT_TIMEOUT" -e "INPUT_COMMAND_TIMEOUT" -e "INPUT_KEY_PATH" -e "INPUT_FINGERPRINT" -e "INPUT_PROXY_HOST" -e "INPUT_PROXY_PORT" -e "INPUT_PROXY_USERNAME" -e "INPUT_PROXY_PASSWORD" -e "INPUT_PROXY_PASSPHRASE" -e "INPUT_PROXY_TIMEOUT" -e "INPUT_PROXY_KEY" -e "INPUT_PROXY_KEY_PATH" -e "INPUT_PROXY_FINGERPRINT" -e "INPUT_PROXY_CIPHER" -e "INPUT_PROXY_USE_INSECURE_CIPHER" -e "INPUT_SCRIPT_STOP" -e "INPUT_ENVS" -e "INPUT_ENVS_FORMAT" -e "INPUT_DEBUG" -e "INPUT_ALLENVS" -e "HOME" -e "GITHUB_JOB" -e "GITHUB_REF" -e "GITHUB_SHA" -e "GITHUB_REPOSITORY" -e "GITHUB_REPOSITORY_OWNER" -e "GITHUB_REPOSITORY_OWNER_ID" -e "GITHUB_RUN_ID" -e "GITHUB_RUN_NUMBER" -e "GITHUB_RETENTION_DAYS" -e "GITHUB_RUN_ATTEMPT" -e "GITHUB_ACTOR_ID" -e "GITHUB_ACTOR" -e "GITHUB_WORKFLOW" -e "GITHUB_HEAD_REF" -e "GITHUB_BASE_REF" -e "GITHUB_EVENT_NAME" -e "GITHUB_SERVER_URL" -e "GITHUB_API_URL" -e "GITHUB_GRAPHQL_URL" -e "GITHUB_REF_NAME" -e "GITHUB_REF_PROTECTED" -e "GITHUB_REF_TYPE" -e "GITHUB_WORKFLOW_REF" -e "GITHUB_WORKFLOW_SHA" -e "GITHUB_REPOSITORY_ID" -e "GITHUB_TRIGGERING_ACTOR" -e "GITHUB_WORKSPACE" -e "GITHUB_ACTION" -e "GITHUB_EVENT_PATH" -e "GITHUB_ACTION_REPOSITORY" -e "GITHUB_ACTION_REF" -e "GITHUB_PATH" -e "GITHUB_ENV" -e "GITHUB_STEP_SUMMARY" -e "GITHUB_STATE" -e "GITHUB_OUTPUT" -e "RUNNER_OS" -e "RUNNER_ARCH" -e "RUNNER_NAME" -e "RUNNER_ENVIRONMENT" -e "RUNNER_TOOL_CACHE" -e "RUNNER_TEMP" -e "RUNNER_WORKSPACE" -e "ACTIONS_RUNTIME_URL" -e "ACTIONS_RUNTIME_TOKEN" -e "ACTIONS_CACHE_URL" -e "ACTIONS_RESULTS_URL" -e GITHUB_ACTIONS=true -e CI=true -v "/var/run/docker.sock":"/var/run/docker.sock" -v "/home/runner/work/_temp/_github_home":"/github/home" -v "/home/runner/work/_temp/_github_workflow":"/github/workflow" -v "/home/runner/work/_temp/_runner_file_commands":"/github/file_commands" -v "/home/runner/work/Devops/Devops":"/github/workspace" efd4f4:71be20e9e4bf40248e5616b3652e2d9d
2025-07-15T19:14:49.4218109Z 2025/07/15 19:14:49 Error: missing server host
2025-07-15T19:14:49.4909515Z Post job cleanup.
2025-07-15T19:14:49.7894402Z [command]/usr/bin/docker logout 
2025-07-15T19:14:49.8025645Z Removing login credentials for https://index.docker.io/v1/
2025-07-15T19:14:49.8058664Z ##[group]Post cache
2025-07-15T19:14:49.8060375Z State not set
2025-07-15T19:14:49.8061878Z ##[endgroup]
2025-07-15T19:14:49.8194159Z Post job cleanup.
2025-07-15T19:14:49.8906311Z [command]/usr/bin/git version
2025-07-15T19:14:49.8939711Z git version 2.50.1
2025-07-15T19:14:49.8982104Z Temporarily overriding HOME='/home/runner/work/_temp/a7b8ea8c-cbb9-4e25-b1cf-3977ee6bcd64' before making global git config changes
2025-07-15T19:14:49.8983129Z Adding repository directory to the temporary git global config as a safe directory
2025-07-15T19:14:49.8986009Z [command]/usr/bin/git config --global --add safe.directory /home/runner/work/Devops/Devops
2025-07-15T19:14:49.9015783Z [command]/usr/bin/git config --local --name-only --get-regexp core\.sshCommand
2025-07-15T19:14:49.9043770Z [command]/usr/bin/git submodule foreach --recursive sh -c "git config --local --name-only --get-regexp 'core\.sshCommand' && git config --local --unset-all 'core.sshCommand' || :"
2025-07-15T19:14:49.9271778Z [command]/usr/bin/git config --local --name-only --get-regexp http\.https\:\/\/github\.com\/\.extraheader
2025-07-15T19:14:49.9291480Z http.https://github.com/.extraheader
2025-07-15T19:14:49.9305181Z [command]/usr/bin/git config --local --unset-all http.https://github.com/.extraheader
2025-07-15T19:14:49.9333186Z [command]/usr/bin/git submodule foreach --recursive sh -c "git config --local --name-only --get-regexp 'http\.https\:\/\/github\.com\/\.extraheader' && git config --local --unset-all 'http.https://github.com/.extraheader' || :"
2025-07-15T19:14:49.9661821Z Cleaning up orphan processes
