2025-07-15T18:04:05.6956452Z Current runner version: '2.326.0'
2025-07-15T18:04:05.6983045Z ##[group]Runner Image Provisioner
2025-07-15T18:04:05.6983978Z Hosted Compute Agent
2025-07-15T18:04:05.6984565Z Version: 20250711.363
2025-07-15T18:04:05.6985177Z Commit: 6785254374ce925a23743850c1cb91912ce5c14c
2025-07-15T18:04:05.6985895Z Build Date: 2025-07-11T20:04:25Z
2025-07-15T18:04:05.6986495Z ##[endgroup]
2025-07-15T18:04:05.6987265Z ##[group]Operating System
2025-07-15T18:04:05.6987838Z Ubuntu
2025-07-15T18:04:05.6988293Z 24.04.2
2025-07-15T18:04:05.6988796Z LTS
2025-07-15T18:04:05.6989257Z ##[endgroup]
2025-07-15T18:04:05.6989773Z ##[group]Runner Image
2025-07-15T18:04:05.6990351Z Image: ubuntu-24.04
2025-07-15T18:04:05.6990877Z Version: 20250710.1.0
2025-07-15T18:04:05.6991918Z Included Software: https://github.com/actions/runner-images/blob/ubuntu24/20250710.1/images/ubuntu/Ubuntu2404-Readme.md
2025-07-15T18:04:05.6993516Z Image Release: https://github.com/actions/runner-images/releases/tag/ubuntu24%2F20250710.1
2025-07-15T18:04:05.6994625Z ##[endgroup]
2025-07-15T18:04:05.6995733Z ##[group]GITHUB_TOKEN Permissions
2025-07-15T18:04:05.6998006Z Contents: read
2025-07-15T18:04:05.6998561Z Metadata: read
2025-07-15T18:04:05.6999081Z Packages: read
2025-07-15T18:04:05.6999671Z ##[endgroup]
2025-07-15T18:04:05.7001779Z Secret source: Actions
2025-07-15T18:04:05.7002504Z Prepare workflow directory
2025-07-15T18:04:05.7334254Z Prepare all required actions
2025-07-15T18:04:05.7372794Z Getting action download info
2025-07-15T18:04:06.0653765Z ##[group]Download immutable action package 'actions/checkout@v3'
2025-07-15T18:04:06.0655015Z Version: 3.6.0
2025-07-15T18:04:06.0656263Z Digest: sha256:942562b9c7d4b1f2557f1da21f4d3eb4eb4fd01f2ad78b2a6e187d1b193e0a0f
2025-07-15T18:04:06.0657826Z Source commit SHA: f43a0e5ff2bd294095638e18286ca9a3d1956744
2025-07-15T18:04:06.0658646Z ##[endgroup]
2025-07-15T18:04:06.2135233Z ##[group]Download immutable action package 'actions/setup-python@v4'
2025-07-15T18:04:06.2136139Z Version: 4.9.1
2025-07-15T18:04:06.2137189Z Digest: sha256:f03e505388af670b5a108629e0ba26befc08d5c62b41f46146a45fe29ae509a5
2025-07-15T18:04:06.2138306Z Source commit SHA: 7f4fc3e22c37d6ff65e88745f38bd3157c663f7c
2025-07-15T18:04:06.2138973Z ##[endgroup]
2025-07-15T18:04:06.4597202Z ##[group]Download immutable action package 'docker/login-action@v3'
2025-07-15T18:04:06.4598211Z Version: 3.4.0
2025-07-15T18:04:06.4598978Z Digest: sha256:864ebd28db095e1602e6ef999f46a4f575083ea874918fbccf0994c2a7680450
2025-07-15T18:04:06.4599950Z Source commit SHA: 74a5d142397b4f367a81961eba4e8cd7edddf772
2025-07-15T18:04:06.4600714Z ##[endgroup]
2025-07-15T18:04:06.7901672Z Complete job name: build-test-deploy
2025-07-15T18:04:06.8618272Z ##[group]Run actions/checkout@v3
2025-07-15T18:04:06.8619404Z with:
2025-07-15T18:04:06.8620057Z   repository: ***/testing-CI-CD
2025-07-15T18:04:06.8620748Z   token: ***
2025-07-15T18:04:06.8621180Z   ssh-strict: true
2025-07-15T18:04:06.8621647Z   persist-credentials: true
2025-07-15T18:04:06.8622141Z   clean: true
2025-07-15T18:04:06.8622624Z   sparse-checkout-cone-mode: true
2025-07-15T18:04:06.8623149Z   fetch-depth: 1
2025-07-15T18:04:06.8623594Z   fetch-tags: false
2025-07-15T18:04:06.8624026Z   lfs: false
2025-07-15T18:04:06.8624429Z   submodules: false
2025-07-15T18:04:06.8624883Z   set-safe-directory: true
2025-07-15T18:04:06.8625704Z ##[endgroup]
2025-07-15T18:04:06.9563574Z Syncing repository: ***/testing-CI-CD
2025-07-15T18:04:06.9567262Z ##[group]Getting Git version info
2025-07-15T18:04:06.9568783Z Working directory is '/home/runner/work/testing-CI-CD/testing-CI-CD'
2025-07-15T18:04:06.9569957Z [command]/usr/bin/git version
2025-07-15T18:04:06.9629135Z git version 2.50.1
2025-07-15T18:04:06.9657448Z ##[endgroup]
2025-07-15T18:04:06.9674316Z Temporarily overriding HOME='/home/runner/work/_temp/1684f297-1b51-4b28-b2a9-334d14f9e996' before making global git config changes
2025-07-15T18:04:06.9677193Z Adding repository directory to the temporary git global config as a safe directory
2025-07-15T18:04:06.9679584Z [command]/usr/bin/git config --global --add safe.directory /home/runner/work/testing-CI-CD/testing-CI-CD
2025-07-15T18:04:06.9715915Z Deleting the contents of '/home/runner/work/testing-CI-CD/testing-CI-CD'
2025-07-15T18:04:06.9720254Z ##[group]Initializing the repository
2025-07-15T18:04:06.9723951Z [command]/usr/bin/git init /home/runner/work/testing-CI-CD/testing-CI-CD
2025-07-15T18:04:06.9816505Z hint: Using 'master' as the name for the initial branch. This default branch name
2025-07-15T18:04:06.9817975Z hint: is subject to change. To configure the initial branch name to use in all
2025-07-15T18:04:06.9819849Z hint: of your new repositories, which will suppress this warning, call:
2025-07-15T18:04:06.9820742Z hint:
2025-07-15T18:04:06.9821784Z hint: 	git config --global init.defaultBranch <name>
2025-07-15T18:04:06.9822995Z hint:
2025-07-15T18:04:06.9824220Z hint: Names commonly chosen instead of 'master' are 'main', 'trunk' and
2025-07-15T18:04:06.9826072Z hint: 'development'. The just-created branch can be renamed via this command:
2025-07-15T18:04:06.9827829Z hint:
2025-07-15T18:04:06.9828625Z hint: 	git branch -m <name>
2025-07-15T18:04:06.9829485Z hint:
2025-07-15T18:04:06.9830588Z hint: Disable this message with "git config set advice.defaultBranchName false"
2025-07-15T18:04:06.9832622Z Initialized empty Git repository in /home/runner/work/testing-CI-CD/testing-CI-CD/.git/
2025-07-15T18:04:06.9836156Z [command]/usr/bin/git remote add origin https://github.com/***/testing-CI-CD
2025-07-15T18:04:06.9869856Z ##[endgroup]
2025-07-15T18:04:06.9871233Z ##[group]Disabling automatic garbage collection
2025-07-15T18:04:06.9872741Z [command]/usr/bin/git config --local gc.auto 0
2025-07-15T18:04:06.9901689Z ##[endgroup]
2025-07-15T18:04:06.9903141Z ##[group]Setting up auth
2025-07-15T18:04:06.9908251Z [command]/usr/bin/git config --local --name-only --get-regexp core\.sshCommand
2025-07-15T18:04:06.9938212Z [command]/usr/bin/git submodule foreach --recursive sh -c "git config --local --name-only --get-regexp 'core\.sshCommand' && git config --local --unset-all 'core.sshCommand' || :"
2025-07-15T18:04:07.0287467Z [command]/usr/bin/git config --local --name-only --get-regexp http\.https\:\/\/github\.com\/\.extraheader
2025-07-15T18:04:07.0316840Z [command]/usr/bin/git submodule foreach --recursive sh -c "git config --local --name-only --get-regexp 'http\.https\:\/\/github\.com\/\.extraheader' && git config --local --unset-all 'http.https://github.com/.extraheader' || :"
2025-07-15T18:04:07.0544318Z [command]/usr/bin/git config --local http.https://github.com/.extraheader AUTHORIZATION: basic ***
2025-07-15T18:04:07.0578429Z ##[endgroup]
2025-07-15T18:04:07.0579622Z ##[group]Fetching the repository
2025-07-15T18:04:07.0587197Z [command]/usr/bin/git -c protocol.version=2 fetch --no-tags --prune --progress --no-recurse-submodules --depth=1 origin +42ea4522f75e6472ca5c9c423ee7ffa85b685de1:refs/remotes/origin/main
2025-07-15T18:04:07.2098069Z remote: Enumerating objects: 4167, done.        
2025-07-15T18:04:07.2099354Z remote: Counting objects:   0% (1/4167)        
2025-07-15T18:04:07.2100312Z remote: Counting objects:   1% (42/4167)        
2025-07-15T18:04:07.2101204Z remote: Counting objects:   2% (84/4167)        
2025-07-15T18:04:07.2102095Z remote: Counting objects:   3% (126/4167)        
2025-07-15T18:04:07.2102989Z remote: Counting objects:   4% (167/4167)        
2025-07-15T18:04:07.2103881Z remote: Counting objects:   5% (209/4167)        
2025-07-15T18:04:07.2105225Z remote: Counting objects:   6% (251/4167)        
2025-07-15T18:04:07.2106847Z remote: Counting objects:   7% (292/4167)        
2025-07-15T18:04:07.2109627Z remote: Counting objects:   8% (334/4167)        
2025-07-15T18:04:07.2110879Z remote: Counting objects:   9% (376/4167)        
2025-07-15T18:04:07.2111783Z remote: Counting objects:  10% (417/4167)        
2025-07-15T18:04:07.2112483Z remote: Counting objects:  11% (459/4167)        
2025-07-15T18:04:07.2113203Z remote: Counting objects:  12% (501/4167)        
2025-07-15T18:04:07.2113890Z remote: Counting objects:  13% (542/4167)        
2025-07-15T18:04:07.2115648Z remote: Counting objects:  14% (584/4167)        
2025-07-15T18:04:07.2116462Z remote: Counting objects:  15% (626/4167)        
2025-07-15T18:04:07.2117710Z remote: Counting objects:  16% (667/4167)        
2025-07-15T18:04:07.2118759Z remote: Counting objects:  17% (709/4167)        
2025-07-15T18:04:07.2119546Z remote: Counting objects:  18% (751/4167)        
2025-07-15T18:04:07.2120291Z remote: Counting objects:  19% (792/4167)        
2025-07-15T18:04:07.2121072Z remote: Counting objects:  20% (834/4167)        
2025-07-15T18:04:07.2121960Z remote: Counting objects:  21% (876/4167)        
2025-07-15T18:04:07.2122695Z remote: Counting objects:  22% (917/4167)        
2025-07-15T18:04:07.2123412Z remote: Counting objects:  23% (959/4167)        
2025-07-15T18:04:07.2124141Z remote: Counting objects:  24% (1001/4167)        
2025-07-15T18:04:07.2124878Z remote: Counting objects:  25% (1042/4167)        
2025-07-15T18:04:07.2125610Z remote: Counting objects:  26% (1084/4167)        
2025-07-15T18:04:07.2126356Z remote: Counting objects:  27% (1126/4167)        
2025-07-15T18:04:07.2127438Z remote: Counting objects:  28% (1167/4167)        
2025-07-15T18:04:07.2128187Z remote: Counting objects:  29% (1209/4167)        
2025-07-15T18:04:07.2128891Z remote: Counting objects:  30% (1251/4167)        
2025-07-15T18:04:07.2129593Z remote: Counting objects:  31% (1292/4167)        
2025-07-15T18:04:07.2130283Z remote: Counting objects:  32% (1334/4167)        
2025-07-15T18:04:07.2130993Z remote: Counting objects:  33% (1376/4167)        
2025-07-15T18:04:07.2131697Z remote: Counting objects:  34% (1417/4167)        
2025-07-15T18:04:07.2132393Z remote: Counting objects:  35% (1459/4167)        
2025-07-15T18:04:07.2133087Z remote: Counting objects:  36% (1501/4167)        
2025-07-15T18:04:07.2133792Z remote: Counting objects:  37% (1542/4167)        
2025-07-15T18:04:07.2134513Z remote: Counting objects:  38% (1584/4167)        
2025-07-15T18:04:07.2135233Z remote: Counting objects:  39% (1626/4167)        
2025-07-15T18:04:07.2135944Z remote: Counting objects:  40% (1667/4167)        
2025-07-15T18:04:07.2136659Z remote: Counting objects:  41% (1709/4167)        
2025-07-15T18:04:07.2137619Z remote: Counting objects:  42% (1751/4167)        
2025-07-15T18:04:07.2138341Z remote: Counting objects:  43% (1792/4167)        
2025-07-15T18:04:07.2139356Z remote: Counting objects:  44% (1834/4167)        
2025-07-15T18:04:07.2140306Z remote: Counting objects:  45% (1876/4167)        
2025-07-15T18:04:07.2141181Z remote: Counting objects:  46% (1917/4167)        
2025-07-15T18:04:07.2142131Z remote: Counting objects:  47% (1959/4167)        
2025-07-15T18:04:07.2142871Z remote: Counting objects:  48% (2001/4167)        
2025-07-15T18:04:07.2143588Z remote: Counting objects:  49% (2042/4167)        
2025-07-15T18:04:07.2144305Z remote: Counting objects:  50% (2084/4167)        
2025-07-15T18:04:07.2145013Z remote: Counting objects:  51% (2126/4167)        
2025-07-15T18:04:07.2145731Z remote: Counting objects:  52% (2167/4167)        
2025-07-15T18:04:07.2146438Z remote: Counting objects:  53% (2209/4167)        
2025-07-15T18:04:07.2147465Z remote: Counting objects:  54% (2251/4167)        
2025-07-15T18:04:07.2148190Z remote: Counting objects:  55% (2292/4167)        
2025-07-15T18:04:07.2148916Z remote: Counting objects:  56% (2334/4167)        
2025-07-15T18:04:07.2149616Z remote: Counting objects:  57% (2376/4167)        
2025-07-15T18:04:07.2150429Z remote: Counting objects:  58% (2417/4167)        
2025-07-15T18:04:07.2151139Z remote: Counting objects:  59% (2459/4167)        
2025-07-15T18:04:07.2151857Z remote: Counting objects:  60% (2501/4167)        
2025-07-15T18:04:07.2152540Z remote: Counting objects:  61% (2542/4167)        
2025-07-15T18:04:07.2153230Z remote: Counting objects:  62% (2584/4167)        
2025-07-15T18:04:07.2153908Z remote: Counting objects:  63% (2626/4167)        
2025-07-15T18:04:07.2154601Z remote: Counting objects:  64% (2667/4167)        
2025-07-15T18:04:07.2155437Z remote: Counting objects:  65% (2709/4167)        
2025-07-15T18:04:07.2156120Z remote: Counting objects:  66% (2751/4167)        
2025-07-15T18:04:07.2156801Z remote: Counting objects:  67% (2792/4167)        
2025-07-15T18:04:07.2157714Z remote: Counting objects:  68% (2834/4167)        
2025-07-15T18:04:07.2158419Z remote: Counting objects:  69% (2876/4167)        
2025-07-15T18:04:07.2159129Z remote: Counting objects:  70% (2917/4167)        
2025-07-15T18:04:07.2159842Z remote: Counting objects:  71% (2959/4167)        
2025-07-15T18:04:07.2160543Z remote: Counting objects:  72% (3001/4167)        
2025-07-15T18:04:07.2161262Z remote: Counting objects:  73% (3042/4167)        
2025-07-15T18:04:07.2161975Z remote: Counting objects:  74% (3084/4167)        
2025-07-15T18:04:07.2162672Z remote: Counting objects:  75% (3126/4167)        
2025-07-15T18:04:07.2163369Z remote: Counting objects:  76% (3167/4167)        
2025-07-15T18:04:07.2164073Z remote: Counting objects:  77% (3209/4167)        
2025-07-15T18:04:07.2164772Z remote: Counting objects:  78% (3251/4167)        
2025-07-15T18:04:07.2165518Z remote: Counting objects:  79% (3292/4167)        
2025-07-15T18:04:07.2166217Z remote: Counting objects:  80% (3334/4167)        
2025-07-15T18:04:07.2167075Z remote: Counting objects:  81% (3376/4167)        
2025-07-15T18:04:07.2167818Z remote: Counting objects:  82% (3417/4167)        
2025-07-15T18:04:07.2168524Z remote: Counting objects:  83% (3459/4167)        
2025-07-15T18:04:07.2169230Z remote: Counting objects:  84% (3501/4167)        
2025-07-15T18:04:07.2169935Z remote: Counting objects:  85% (3542/4167)        
2025-07-15T18:04:07.2170652Z remote: Counting objects:  86% (3584/4167)        
2025-07-15T18:04:07.2171371Z remote: Counting objects:  87% (3626/4167)        
2025-07-15T18:04:07.2172083Z remote: Counting objects:  88% (3667/4167)        
2025-07-15T18:04:07.2172797Z remote: Counting objects:  89% (3709/4167)        
2025-07-15T18:04:07.2173514Z remote: Counting objects:  90% (3751/4167)        
2025-07-15T18:04:07.2174230Z remote: Counting objects:  91% (3792/4167)        
2025-07-15T18:04:07.2174942Z remote: Counting objects:  92% (3834/4167)        
2025-07-15T18:04:07.2175654Z remote: Counting objects:  93% (3876/4167)        
2025-07-15T18:04:07.2176363Z remote: Counting objects:  94% (3917/4167)        
2025-07-15T18:04:07.2177313Z remote: Counting objects:  95% (3959/4167)        
2025-07-15T18:04:07.2178050Z remote: Counting objects:  96% (4001/4167)        
2025-07-15T18:04:07.2178781Z remote: Counting objects:  97% (4042/4167)        
2025-07-15T18:04:07.2179658Z remote: Counting objects:  98% (4084/4167)        
2025-07-15T18:04:07.2180400Z remote: Counting objects:  99% (4126/4167)        
2025-07-15T18:04:07.2181129Z remote: Counting objects: 100% (4167/4167)        
2025-07-15T18:04:07.2181906Z remote: Counting objects: 100% (4167/4167), done.        
2025-07-15T18:04:07.2182745Z remote: Compressing objects:   0% (1/3728)        
2025-07-15T18:04:07.2219220Z remote: Compressing objects:   1% (38/3728)        
2025-07-15T18:04:07.2317987Z remote: Compressing objects:   2% (75/3728)        
2025-07-15T18:04:07.2391052Z remote: Compressing objects:   3% (112/3728)        
2025-07-15T18:04:07.2458004Z remote: Compressing objects:   4% (150/3728)        
2025-07-15T18:04:07.2543321Z remote: Compressing objects:   5% (187/3728)        
2025-07-15T18:04:07.2643337Z remote: Compressing objects:   6% (224/3728)        
2025-07-15T18:04:07.2802294Z remote: Compressing objects:   7% (261/3728)        
2025-07-15T18:04:07.2875173Z remote: Compressing objects:   8% (299/3728)        
2025-07-15T18:04:07.3029417Z remote: Compressing objects:   9% (336/3728)        
2025-07-15T18:04:07.3125635Z remote: Compressing objects:  10% (373/3728)        
2025-07-15T18:04:07.3196199Z remote: Compressing objects:  11% (411/3728)        
2025-07-15T18:04:07.3247924Z remote: Compressing objects:  12% (448/3728)        
2025-07-15T18:04:07.3358727Z remote: Compressing objects:  13% (485/3728)        
2025-07-15T18:04:07.3465990Z remote: Compressing objects:  14% (522/3728)        
2025-07-15T18:04:07.3556578Z remote: Compressing objects:  15% (560/3728)        
2025-07-15T18:04:07.3629729Z remote: Compressing objects:  16% (597/3728)        
2025-07-15T18:04:07.3697694Z remote: Compressing objects:  17% (634/3728)        
2025-07-15T18:04:07.3801020Z remote: Compressing objects:  18% (672/3728)        
2025-07-15T18:04:07.3928559Z remote: Compressing objects:  19% (709/3728)        
2025-07-15T18:04:07.4013288Z remote: Compressing objects:  20% (746/3728)        
2025-07-15T18:04:07.4138846Z remote: Compressing objects:  21% (783/3728)        
2025-07-15T18:04:07.4269636Z remote: Compressing objects:  22% (821/3728)        
2025-07-15T18:04:07.4370292Z remote: Compressing objects:  23% (858/3728)        
2025-07-15T18:04:07.4451136Z remote: Compressing objects:  24% (895/3728)        
2025-07-15T18:04:07.4525052Z remote: Compressing objects:  25% (932/3728)        
2025-07-15T18:04:07.4678984Z remote: Compressing objects:  26% (970/3728)        
2025-07-15T18:04:07.4771416Z remote: Compressing objects:  27% (1007/3728)        
2025-07-15T18:04:07.4900759Z remote: Compressing objects:  28% (1044/3728)        
2025-07-15T18:04:07.5016102Z remote: Compressing objects:  29% (1082/3728)        
2025-07-15T18:04:07.5083478Z remote: Compressing objects:  30% (1119/3728)        
2025-07-15T18:04:07.5187421Z remote: Compressing objects:  31% (1156/3728)        
2025-07-15T18:04:07.5270600Z remote: Compressing objects:  32% (1193/3728)        
2025-07-15T18:04:07.5328075Z remote: Compressing objects:  33% (1231/3728)        
2025-07-15T18:04:07.5511124Z remote: Compressing objects:  34% (1268/3728)        
2025-07-15T18:04:07.5578822Z remote: Compressing objects:  35% (1305/3728)        
2025-07-15T18:04:07.5611061Z remote: Compressing objects:  36% (1343/3728)        
2025-07-15T18:04:07.5626296Z remote: Compressing objects:  37% (1380/3728)        
2025-07-15T18:04:07.5682314Z remote: Compressing objects:  38% (1417/3728)        
2025-07-15T18:04:07.5688613Z remote: Compressing objects:  39% (1454/3728)        
2025-07-15T18:04:07.5692509Z remote: Compressing objects:  40% (1492/3728)        
2025-07-15T18:04:07.5702985Z remote: Compressing objects:  41% (1529/3728)        
2025-07-15T18:04:07.5855685Z remote: Compressing objects:  42% (1566/3728)        
2025-07-15T18:04:07.5892854Z remote: Compressing objects:  43% (1604/3728)        
2025-07-15T18:04:07.5898950Z remote: Compressing objects:  44% (1641/3728)        
2025-07-15T18:04:07.6165657Z remote: Compressing objects:  45% (1678/3728)        
2025-07-15T18:04:07.8387676Z remote: Compressing objects:  46% (1715/3728)        
2025-07-15T18:04:07.9929942Z remote: Compressing objects:  47% (1753/3728)        
2025-07-15T18:04:08.0980219Z remote: Compressing objects:  48% (1790/3728)        
2025-07-15T18:04:08.1705027Z remote: Compressing objects:  49% (1827/3728)        
2025-07-15T18:04:08.2130563Z remote: Compressing objects:  50% (1864/3728)        
2025-07-15T18:04:08.2540828Z remote: Compressing objects:  50% (1882/3728)        
2025-07-15T18:04:08.3267224Z remote: Compressing objects:  51% (1902/3728)        
2025-07-15T18:04:08.3859859Z remote: Compressing objects:  52% (1939/3728)        
2025-07-15T18:04:08.4296269Z remote: Compressing objects:  53% (1976/3728)        
2025-07-15T18:04:08.4743158Z remote: Compressing objects:  54% (2014/3728)        
2025-07-15T18:04:08.5147676Z remote: Compressing objects:  55% (2051/3728)        
2025-07-15T18:04:08.5517323Z remote: Compressing objects:  56% (2088/3728)        
2025-07-15T18:04:08.5843625Z remote: Compressing objects:  57% (2125/3728)        
2025-07-15T18:04:08.6140740Z remote: Compressing objects:  58% (2163/3728)        
2025-07-15T18:04:08.6373751Z remote: Compressing objects:  59% (2200/3728)        
2025-07-15T18:04:08.6616405Z remote: Compressing objects:  60% (2237/3728)        
2025-07-15T18:04:08.6782258Z remote: Compressing objects:  61% (2275/3728)        
2025-07-15T18:04:08.6957879Z remote: Compressing objects:  62% (2312/3728)        
2025-07-15T18:04:08.7110427Z remote: Compressing objects:  63% (2349/3728)        
2025-07-15T18:04:08.7281001Z remote: Compressing objects:  64% (2386/3728)        
2025-07-15T18:04:08.7416767Z remote: Compressing objects:  65% (2424/3728)        
2025-07-15T18:04:08.7530140Z remote: Compressing objects:  66% (2461/3728)        
2025-07-15T18:04:08.7653766Z remote: Compressing objects:  67% (2498/3728)        
2025-07-15T18:04:08.7765092Z remote: Compressing objects:  68% (2536/3728)        
2025-07-15T18:04:08.7853065Z remote: Compressing objects:  69% (2573/3728)        
2025-07-15T18:04:08.7938736Z remote: Compressing objects:  70% (2610/3728)        
2025-07-15T18:04:08.8016861Z remote: Compressing objects:  71% (2647/3728)        
2025-07-15T18:04:08.8091090Z remote: Compressing objects:  72% (2685/3728)        
2025-07-15T18:04:08.8153862Z remote: Compressing objects:  73% (2722/3728)        
2025-07-15T18:04:08.8209466Z remote: Compressing objects:  74% (2759/3728)        
2025-07-15T18:04:08.8258160Z remote: Compressing objects:  75% (2796/3728)        
2025-07-15T18:04:08.8306322Z remote: Compressing objects:  76% (2834/3728)        
2025-07-15T18:04:08.8344241Z remote: Compressing objects:  77% (2871/3728)        
2025-07-15T18:04:08.8386065Z remote: Compressing objects:  78% (2908/3728)        
2025-07-15T18:04:08.8416165Z remote: Compressing objects:  79% (2946/3728)        
2025-07-15T18:04:08.8445174Z remote: Compressing objects:  80% (2983/3728)        
2025-07-15T18:04:08.8468045Z remote: Compressing objects:  81% (3020/3728)        
2025-07-15T18:04:08.8488419Z remote: Compressing objects:  82% (3057/3728)        
2025-07-15T18:04:08.8502150Z remote: Compressing objects:  83% (3095/3728)        
2025-07-15T18:04:08.8510322Z remote: Compressing objects:  84% (3132/3728)        
2025-07-15T18:04:08.8515176Z remote: Compressing objects:  85% (3169/3728)        
2025-07-15T18:04:08.8518156Z remote: Compressing objects:  86% (3207/3728)        
2025-07-15T18:04:08.8520720Z remote: Compressing objects:  87% (3244/3728)        
2025-07-15T18:04:08.8541208Z remote: Compressing objects:  88% (3281/3728)        
2025-07-15T18:04:08.8625664Z remote: Compressing objects:  89% (3318/3728)        
2025-07-15T18:04:08.8720928Z remote: Compressing objects:  90% (3356/3728)        
2025-07-15T18:04:08.8723956Z remote: Compressing objects:  91% (3393/3728)        
2025-07-15T18:04:08.8728354Z remote: Compressing objects:  92% (3430/3728)        
2025-07-15T18:04:08.8731985Z remote: Compressing objects:  93% (3468/3728)        
2025-07-15T18:04:08.8737671Z remote: Compressing objects:  94% (3505/3728)        
2025-07-15T18:04:08.8742224Z remote: Compressing objects:  95% (3542/3728)        
2025-07-15T18:04:08.8749616Z remote: Compressing objects:  96% (3579/3728)        
2025-07-15T18:04:08.8753845Z remote: Compressing objects:  97% (3617/3728)        
2025-07-15T18:04:08.8759648Z remote: Compressing objects:  98% (3654/3728)        
2025-07-15T18:04:08.8765504Z remote: Compressing objects:  99% (3691/3728)        
2025-07-15T18:04:08.8768095Z remote: Compressing objects: 100% (3728/3728)        
2025-07-15T18:04:08.8769870Z remote: Compressing objects: 100% (3728/3728), done.        
2025-07-15T18:04:08.8827212Z Receiving objects:   0% (1/4167)
2025-07-15T18:04:08.8837582Z Receiving objects:   1% (42/4167)
2025-07-15T18:04:08.8905362Z Receiving objects:   2% (84/4167)
2025-07-15T18:04:08.8977624Z Receiving objects:   3% (126/4167)
2025-07-15T18:04:08.9043635Z Receiving objects:   4% (167/4167)
2025-07-15T18:04:08.9110794Z Receiving objects:   5% (209/4167)
2025-07-15T18:04:08.9139408Z Receiving objects:   6% (251/4167)
2025-07-15T18:04:08.9305348Z Receiving objects:   7% (292/4167)
2025-07-15T18:04:08.9349169Z Receiving objects:   8% (334/4167)
2025-07-15T18:04:08.9420138Z Receiving objects:   9% (376/4167)
2025-07-15T18:04:08.9497568Z Receiving objects:  10% (417/4167)
2025-07-15T18:04:08.9574915Z Receiving objects:  11% (459/4167)
2025-07-15T18:04:08.9605526Z Receiving objects:  12% (501/4167)
2025-07-15T18:04:08.9634046Z Receiving objects:  13% (542/4167)
2025-07-15T18:04:08.9642469Z Receiving objects:  14% (584/4167)
2025-07-15T18:04:08.9655254Z Receiving objects:  15% (626/4167)
2025-07-15T18:04:08.9664872Z Receiving objects:  16% (667/4167)
2025-07-15T18:04:08.9705967Z Receiving objects:  17% (709/4167)
2025-07-15T18:04:08.9731817Z Receiving objects:  18% (751/4167)
2025-07-15T18:04:08.9784893Z Receiving objects:  19% (792/4167)
2025-07-15T18:04:08.9830569Z Receiving objects:  20% (834/4167)
2025-07-15T18:04:08.9863434Z Receiving objects:  21% (876/4167)
2025-07-15T18:04:08.9932423Z Receiving objects:  22% (917/4167)
2025-07-15T18:04:08.9983734Z Receiving objects:  23% (959/4167)
2025-07-15T18:04:09.0022965Z Receiving objects:  24% (1001/4167)
2025-07-15T18:04:09.0037079Z Receiving objects:  25% (1042/4167)
2025-07-15T18:04:09.0062843Z Receiving objects:  26% (1084/4167)
2025-07-15T18:04:09.0084263Z Receiving objects:  27% (1126/4167)
2025-07-15T18:04:09.0115104Z Receiving objects:  28% (1167/4167)
2025-07-15T18:04:09.0194526Z Receiving objects:  29% (1209/4167)
2025-07-15T18:04:09.0235262Z Receiving objects:  30% (1251/4167)
2025-07-15T18:04:09.0306682Z Receiving objects:  31% (1292/4167)
2025-07-15T18:04:09.0360623Z Receiving objects:  32% (1334/4167)
2025-07-15T18:04:09.0401922Z Receiving objects:  33% (1376/4167)
2025-07-15T18:04:09.0452960Z Receiving objects:  34% (1417/4167)
2025-07-15T18:04:09.0497567Z Receiving objects:  35% (1459/4167)
2025-07-15T18:04:09.0556533Z Receiving objects:  36% (1501/4167)
2025-07-15T18:04:09.0607710Z Receiving objects:  37% (1542/4167)
2025-07-15T18:04:09.0648315Z Receiving objects:  38% (1584/4167)
2025-07-15T18:04:09.0714168Z Receiving objects:  39% (1626/4167)
2025-07-15T18:04:09.0755283Z Receiving objects:  40% (1667/4167)
2025-07-15T18:04:09.0793722Z Receiving objects:  41% (1709/4167)
2025-07-15T18:04:09.0833401Z Receiving objects:  42% (1751/4167)
2025-07-15T18:04:09.0902621Z Receiving objects:  43% (1792/4167)
2025-07-15T18:04:09.0957281Z Receiving objects:  44% (1834/4167)
2025-07-15T18:04:09.1005859Z Receiving objects:  45% (1876/4167)
2025-07-15T18:04:09.1038424Z Receiving objects:  46% (1917/4167)
2025-07-15T18:04:09.1085147Z Receiving objects:  47% (1959/4167)
2025-07-15T18:04:09.1168287Z Receiving objects:  48% (2001/4167)
2025-07-15T18:04:09.1204697Z Receiving objects:  49% (2042/4167)
2025-07-15T18:04:09.1231085Z Receiving objects:  50% (2084/4167)
2025-07-15T18:04:09.1275588Z Receiving objects:  51% (2126/4167)
2025-07-15T18:04:09.1576081Z Receiving objects:  52% (2167/4167)
2025-07-15T18:04:09.1621566Z Receiving objects:  53% (2209/4167)
2025-07-15T18:04:09.1647808Z Receiving objects:  54% (2251/4167)
2025-07-15T18:04:09.1682001Z Receiving objects:  55% (2292/4167)
2025-07-15T18:04:09.1713253Z Receiving objects:  56% (2334/4167)
2025-07-15T18:04:09.1758852Z Receiving objects:  57% (2376/4167)
2025-07-15T18:04:09.1781764Z Receiving objects:  58% (2417/4167)
2025-07-15T18:04:09.1804422Z Receiving objects:  59% (2459/4167)
2025-07-15T18:04:09.1818973Z Receiving objects:  60% (2501/4167)
2025-07-15T18:04:09.1882333Z Receiving objects:  61% (2542/4167)
2025-07-15T18:04:09.1921884Z Receiving objects:  62% (2584/4167)
2025-07-15T18:04:09.1962940Z Receiving objects:  63% (2626/4167)
2025-07-15T18:04:09.2034023Z Receiving objects:  64% (2667/4167)
2025-07-15T18:04:09.2074410Z Receiving objects:  65% (2709/4167)
2025-07-15T18:04:09.2124170Z Receiving objects:  66% (2751/4167)
2025-07-15T18:04:09.2191891Z Receiving objects:  67% (2792/4167)
2025-07-15T18:04:09.2240959Z Receiving objects:  68% (2834/4167)
2025-07-15T18:04:09.2274983Z Receiving objects:  69% (2876/4167)
2025-07-15T18:04:09.2343078Z Receiving objects:  70% (2917/4167)
2025-07-15T18:04:09.2380705Z Receiving objects:  71% (2959/4167)
2025-07-15T18:04:09.2414780Z Receiving objects:  72% (3001/4167)
2025-07-15T18:04:09.2436601Z Receiving objects:  73% (3042/4167)
2025-07-15T18:04:09.2451642Z Receiving objects:  74% (3084/4167)
2025-07-15T18:04:09.2462130Z Receiving objects:  75% (3126/4167)
2025-07-15T18:04:09.2484510Z Receiving objects:  76% (3167/4167)
2025-07-15T18:04:09.2538625Z Receiving objects:  77% (3209/4167)
2025-07-15T18:04:09.2644174Z Receiving objects:  78% (3251/4167)
2025-07-15T18:04:09.2691271Z Receiving objects:  79% (3292/4167)
2025-07-15T18:04:09.2725191Z Receiving objects:  80% (3334/4167)
2025-07-15T18:04:09.2747841Z Receiving objects:  81% (3376/4167)
2025-07-15T18:04:09.2772183Z Receiving objects:  82% (3417/4167)
2025-07-15T18:04:09.2778640Z Receiving objects:  83% (3459/4167)
2025-07-15T18:04:09.2786075Z Receiving objects:  84% (3501/4167)
2025-07-15T18:04:09.2794368Z Receiving objects:  85% (3542/4167)
2025-07-15T18:04:09.2800956Z Receiving objects:  86% (3584/4167)
2025-07-15T18:04:09.2806405Z Receiving objects:  87% (3626/4167)
2025-07-15T18:04:09.2812449Z Receiving objects:  88% (3667/4167)
2025-07-15T18:04:09.2815839Z Receiving objects:  89% (3709/4167)
2025-07-15T18:04:09.2823418Z Receiving objects:  90% (3751/4167)
2025-07-15T18:04:09.2839923Z Receiving objects:  91% (3792/4167)
2025-07-15T18:04:09.2846896Z Receiving objects:  92% (3834/4167)
2025-07-15T18:04:09.2855281Z Receiving objects:  93% (3876/4167)
2025-07-15T18:04:09.2862184Z Receiving objects:  94% (3917/4167)
2025-07-15T18:04:09.2908645Z Receiving objects:  95% (3959/4167)
2025-07-15T18:04:09.2932423Z Receiving objects:  96% (4001/4167)
2025-07-15T18:04:09.2994362Z Receiving objects:  97% (4042/4167)
2025-07-15T18:04:09.3031061Z Receiving objects:  98% (4084/4167)
2025-07-15T18:04:09.3070751Z Receiving objects:  99% (4126/4167)
2025-07-15T18:04:09.3072844Z remote: Total 4167 (delta 627), reused 3835 (delta 394), pack-reused 0 (from 0)        
2025-07-15T18:04:09.3089360Z Receiving objects: 100% (4167/4167)
2025-07-15T18:04:09.3090121Z Receiving objects: 100% (4167/4167), 13.99 MiB | 32.71 MiB/s, done.
2025-07-15T18:04:09.3094731Z Resolving deltas:   0% (0/627)
2025-07-15T18:04:09.3095247Z Resolving deltas:   1% (7/627)
2025-07-15T18:04:09.3095738Z Resolving deltas:   2% (13/627)
2025-07-15T18:04:09.3096312Z Resolving deltas:   3% (19/627)
2025-07-15T18:04:09.3096864Z Resolving deltas:   4% (27/627)
2025-07-15T18:04:09.3097905Z Resolving deltas:   5% (32/627)
2025-07-15T18:04:09.3098902Z Resolving deltas:   6% (38/627)
2025-07-15T18:04:09.3100738Z Resolving deltas:   7% (45/627)
2025-07-15T18:04:09.3101234Z Resolving deltas:   8% (52/627)
2025-07-15T18:04:09.3101669Z Resolving deltas:   9% (57/627)
2025-07-15T18:04:09.3103962Z Resolving deltas:  10% (63/627)
2025-07-15T18:04:09.3106454Z Resolving deltas:  11% (69/627)
2025-07-15T18:04:09.3188722Z Resolving deltas:  12% (76/627)
2025-07-15T18:04:09.3213298Z Resolving deltas:  13% (82/627)
2025-07-15T18:04:09.3223975Z Resolving deltas:  14% (88/627)
2025-07-15T18:04:09.3226501Z Resolving deltas:  15% (95/627)
2025-07-15T18:04:09.3227444Z Resolving deltas:  16% (101/627)
2025-07-15T18:04:09.3314115Z Resolving deltas:  17% (107/627)
2025-07-15T18:04:09.3315459Z Resolving deltas:  18% (113/627)
2025-07-15T18:04:09.3317466Z Resolving deltas:  19% (120/627)
2025-07-15T18:04:09.3318370Z Resolving deltas:  20% (126/627)
2025-07-15T18:04:09.3319720Z Resolving deltas:  21% (132/627)
2025-07-15T18:04:09.3320334Z Resolving deltas:  22% (138/627)
2025-07-15T18:04:09.3321091Z Resolving deltas:  23% (145/627)
2025-07-15T18:04:09.3321677Z Resolving deltas:  24% (152/627)
2025-07-15T18:04:09.3323207Z Resolving deltas:  25% (157/627)
2025-07-15T18:04:09.3323686Z Resolving deltas:  26% (164/627)
2025-07-15T18:04:09.3324236Z Resolving deltas:  27% (170/627)
2025-07-15T18:04:09.3324726Z Resolving deltas:  28% (176/627)
2025-07-15T18:04:09.3325200Z Resolving deltas:  29% (182/627)
2025-07-15T18:04:09.3325710Z Resolving deltas:  30% (189/627)
2025-07-15T18:04:09.3326223Z Resolving deltas:  31% (195/627)
2025-07-15T18:04:09.3326732Z Resolving deltas:  32% (201/627)
2025-07-15T18:04:09.3328998Z Resolving deltas:  33% (207/627)
2025-07-15T18:04:09.3329529Z Resolving deltas:  34% (214/627)
2025-07-15T18:04:09.3330018Z Resolving deltas:  35% (220/627)
2025-07-15T18:04:09.3330945Z Resolving deltas:  36% (226/627)
2025-07-15T18:04:09.3331438Z Resolving deltas:  37% (233/627)
2025-07-15T18:04:09.3331918Z Resolving deltas:  38% (239/627)
2025-07-15T18:04:09.3333535Z Resolving deltas:  39% (245/627)
2025-07-15T18:04:09.3334078Z Resolving deltas:  40% (251/627)
2025-07-15T18:04:09.3334616Z Resolving deltas:  41% (258/627)
2025-07-15T18:04:09.3335152Z Resolving deltas:  42% (264/627)
2025-07-15T18:04:09.3340366Z Resolving deltas:  43% (270/627)
2025-07-15T18:04:09.3345300Z Resolving deltas:  44% (276/627)
2025-07-15T18:04:09.3350570Z Resolving deltas:  45% (283/627)
2025-07-15T18:04:09.3357554Z Resolving deltas:  46% (289/627)
2025-07-15T18:04:09.3370683Z Resolving deltas:  47% (295/627)
2025-07-15T18:04:09.3374408Z Resolving deltas:  48% (301/627)
2025-07-15T18:04:09.3379874Z Resolving deltas:  49% (308/627)
2025-07-15T18:04:09.3386394Z Resolving deltas:  50% (314/627)
2025-07-15T18:04:09.3393225Z Resolving deltas:  51% (320/627)
2025-07-15T18:04:09.3398287Z Resolving deltas:  52% (327/627)
2025-07-15T18:04:09.3403482Z Resolving deltas:  53% (334/627)
2025-07-15T18:04:09.3406897Z Resolving deltas:  54% (339/627)
2025-07-15T18:04:09.3410752Z Resolving deltas:  55% (346/627)
2025-07-15T18:04:09.3422567Z Resolving deltas:  56% (352/627)
2025-07-15T18:04:09.3427617Z Resolving deltas:  57% (358/627)
2025-07-15T18:04:09.3433440Z Resolving deltas:  58% (364/627)
2025-07-15T18:04:09.3442048Z Resolving deltas:  59% (370/627)
2025-07-15T18:04:09.3448932Z Resolving deltas:  60% (377/627)
2025-07-15T18:04:09.3452391Z Resolving deltas:  61% (383/627)
2025-07-15T18:04:09.3461399Z Resolving deltas:  62% (389/627)
2025-07-15T18:04:09.3466291Z Resolving deltas:  63% (396/627)
2025-07-15T18:04:09.3474849Z Resolving deltas:  64% (402/627)
2025-07-15T18:04:09.3481259Z Resolving deltas:  65% (408/627)
2025-07-15T18:04:09.3485518Z Resolving deltas:  66% (414/627)
2025-07-15T18:04:09.3488920Z Resolving deltas:  67% (421/627)
2025-07-15T18:04:09.3495486Z Resolving deltas:  68% (427/627)
2025-07-15T18:04:09.3499233Z Resolving deltas:  69% (434/627)
2025-07-15T18:04:09.3503946Z Resolving deltas:  70% (439/627)
2025-07-15T18:04:09.3510279Z Resolving deltas:  71% (446/627)
2025-07-15T18:04:09.3513406Z Resolving deltas:  72% (452/627)
2025-07-15T18:04:09.3521632Z Resolving deltas:  73% (458/627)
2025-07-15T18:04:09.3532413Z Resolving deltas:  74% (464/627)
2025-07-15T18:04:09.3536093Z Resolving deltas:  75% (471/627)
2025-07-15T18:04:09.3539930Z Resolving deltas:  76% (477/627)
2025-07-15T18:04:09.3545677Z Resolving deltas:  77% (483/627)
2025-07-15T18:04:09.3551027Z Resolving deltas:  78% (490/627)
2025-07-15T18:04:09.3558887Z Resolving deltas:  79% (496/627)
2025-07-15T18:04:09.3560362Z Resolving deltas:  80% (502/627)
2025-07-15T18:04:09.3562111Z Resolving deltas:  81% (508/627)
2025-07-15T18:04:09.3566099Z Resolving deltas:  82% (515/627)
2025-07-15T18:04:09.3573547Z Resolving deltas:  83% (522/627)
2025-07-15T18:04:09.3595908Z Resolving deltas:  84% (527/627)
2025-07-15T18:04:09.3609896Z Resolving deltas:  85% (533/627)
2025-07-15T18:04:09.3612437Z Resolving deltas:  86% (540/627)
2025-07-15T18:04:09.3622271Z Resolving deltas:  87% (546/627)
2025-07-15T18:04:09.3630372Z Resolving deltas:  88% (552/627)
2025-07-15T18:04:09.3643337Z Resolving deltas:  89% (559/627)
2025-07-15T18:04:09.3646159Z Resolving deltas:  90% (565/627)
2025-07-15T18:04:09.3650658Z Resolving deltas:  91% (571/627)
2025-07-15T18:04:09.3651531Z Resolving deltas:  92% (577/627)
2025-07-15T18:04:09.3654268Z Resolving deltas:  93% (584/627)
2025-07-15T18:04:09.3656132Z Resolving deltas:  94% (590/627)
2025-07-15T18:04:09.3657620Z Resolving deltas:  95% (596/627)
2025-07-15T18:04:09.3658165Z Resolving deltas:  96% (602/627)
2025-07-15T18:04:09.3658650Z Resolving deltas:  97% (609/627)
2025-07-15T18:04:09.3659144Z Resolving deltas:  98% (615/627)
2025-07-15T18:04:09.3663056Z Resolving deltas:  99% (621/627)
2025-07-15T18:04:09.3664335Z Resolving deltas: 100% (627/627)
2025-07-15T18:04:09.3664841Z Resolving deltas: 100% (627/627), done.
2025-07-15T18:04:09.3835879Z From https://github.com/***/testing-CI-CD
2025-07-15T18:04:09.3836726Z  * [new ref]         42ea4522f75e6472ca5c9c423ee7ffa85b685de1 -> origin/main
2025-07-15T18:04:09.3862334Z ##[endgroup]
2025-07-15T18:04:09.3862821Z ##[group]Determining the checkout info
2025-07-15T18:04:09.3864996Z ##[endgroup]
2025-07-15T18:04:09.3865454Z ##[group]Checking out the ref
2025-07-15T18:04:09.3869992Z [command]/usr/bin/git checkout --progress --force -B main refs/remotes/origin/main
2025-07-15T18:04:09.7569800Z Switched to a new branch 'main'
2025-07-15T18:04:09.7571260Z branch 'main' set up to track 'origin/main'.
2025-07-15T18:04:09.7590112Z ##[endgroup]
2025-07-15T18:04:09.7628934Z [command]/usr/bin/git log -1 --format='%H'
2025-07-15T18:04:09.7651952Z '42ea4522f75e6472ca5c9c423ee7ffa85b685de1'
2025-07-15T18:04:09.7879650Z ##[group]Run actions/setup-python@v4
2025-07-15T18:04:09.7879937Z with:
2025-07-15T18:04:09.7880127Z   python-version: 3.10
2025-07-15T18:04:09.7880359Z   check-latest: false
2025-07-15T18:04:09.7880772Z   token: ***
2025-07-15T18:04:09.7880957Z   update-environment: true
2025-07-15T18:04:09.7881183Z   allow-prereleases: false
2025-07-15T18:04:09.7881390Z ##[endgroup]
2025-07-15T18:04:09.9609856Z ##[group]Installed versions
2025-07-15T18:04:09.9757240Z Successfully set up CPython (3.10.18)
2025-07-15T18:04:09.9758468Z ##[endgroup]
2025-07-15T18:04:09.9878181Z ##[group]Run python -m pip install --upgrade pip
2025-07-15T18:04:09.9878600Z [36;1mpython -m pip install --upgrade pip[0m
2025-07-15T18:04:09.9878911Z [36;1mpip install -r requirements.txt[0m
2025-07-15T18:04:09.9920255Z shell: /usr/bin/bash -e {0}
2025-07-15T18:04:09.9920522Z env:
2025-07-15T18:04:09.9920778Z   pythonLocation: /opt/hostedtoolcache/Python/3.10.18/x64
2025-07-15T18:04:09.9921207Z   PKG_CONFIG_PATH: /opt/hostedtoolcache/Python/3.10.18/x64/lib/pkgconfig
2025-07-15T18:04:09.9921621Z   Python_ROOT_DIR: /opt/hostedtoolcache/Python/3.10.18/x64
2025-07-15T18:04:09.9921973Z   Python2_ROOT_DIR: /opt/hostedtoolcache/Python/3.10.18/x64
2025-07-15T18:04:09.9922368Z   Python3_ROOT_DIR: /opt/hostedtoolcache/Python/3.10.18/x64
2025-07-15T18:04:09.9922724Z   LD_LIBRARY_PATH: /opt/hostedtoolcache/Python/3.10.18/x64/lib
2025-07-15T18:04:09.9923021Z ##[endgroup]
2025-07-15T18:04:12.3022864Z Requirement already satisfied: pip in /opt/hostedtoolcache/Python/3.10.18/x64/lib/python3.10/site-packages (25.1.1)
2025-07-15T18:04:13.0303645Z Collecting Flask==3.1.0 (from -r requirements.txt (line 1))
2025-07-15T18:04:13.0682231Z   Downloading flask-3.1.0-py3-none-any.whl.metadata (2.7 kB)
2025-07-15T18:04:13.0879881Z Collecting Flask-PyMongo==3.0.1 (from -r requirements.txt (line 2))
2025-07-15T18:04:13.0932929Z   Downloading flask_pymongo-3.0.1-py3-none-any.whl.metadata (3.5 kB)
2025-07-15T18:04:13.1558497Z Collecting pytest==8.2.1 (from -r requirements.txt (line 3))
2025-07-15T18:04:13.1595894Z   Downloading pytest-8.2.1-py3-none-any.whl.metadata (7.6 kB)
2025-07-15T18:04:13.1747848Z Collecting blinker==1.9.0 (from -r requirements.txt (line 4))
2025-07-15T18:04:13.1789911Z   Downloading blinker-1.9.0-py3-none-any.whl.metadata (1.6 kB)
2025-07-15T18:04:13.1999233Z Collecting certifi==2025.7.14 (from -r requirements.txt (line 5))
2025-07-15T18:04:13.2037581Z   Downloading certifi-2025.7.14-py3-none-any.whl.metadata (2.4 kB)
2025-07-15T18:04:13.2941632Z Collecting charset-normalizer==3.4.2 (from -r requirements.txt (line 6))
2025-07-15T18:04:13.2978150Z   Downloading charset_normalizer-3.4.2-cp310-cp310-manylinux_2_17_x86_64.manylinux2014_x86_64.whl.metadata (35 kB)
2025-07-15T18:04:13.3196721Z Collecting click==8.2.1 (from -r requirements.txt (line 7))
2025-07-15T18:04:13.3236163Z   Downloading click-8.2.1-py3-none-any.whl.metadata (2.5 kB)
2025-07-15T18:04:13.3387504Z Collecting dnspython==2.7.0 (from -r requirements.txt (line 8))
2025-07-15T18:04:13.3424846Z   Downloading dnspython-2.7.0-py3-none-any.whl.metadata (5.8 kB)
2025-07-15T18:04:13.3620055Z Collecting idna==3.10 (from -r requirements.txt (line 9))
2025-07-15T18:04:13.3656552Z   Downloading idna-3.10-py3-none-any.whl.metadata (10 kB)
2025-07-15T18:04:13.3794882Z Collecting itsdangerous==2.2.0 (from -r requirements.txt (line 10))
2025-07-15T18:04:13.3833657Z   Downloading itsdangerous-2.2.0-py3-none-any.whl.metadata (1.9 kB)
2025-07-15T18:04:13.4011376Z Collecting Jinja2==3.1.6 (from -r requirements.txt (line 11))
2025-07-15T18:04:13.4048193Z   Downloading jinja2-3.1.6-py3-none-any.whl.metadata (2.9 kB)
2025-07-15T18:04:13.4661677Z Collecting MarkupSafe==3.0.2 (from -r requirements.txt (line 12))
2025-07-15T18:04:13.4700278Z   Downloading MarkupSafe-3.0.2-cp310-cp310-manylinux_2_17_x86_64.manylinux2014_x86_64.whl.metadata (4.0 kB)
2025-07-15T18:04:13.4818847Z Collecting paho-mqtt==2.1.0 (from -r requirements.txt (line 13))
2025-07-15T18:04:13.4863319Z   Downloading paho_mqtt-2.1.0-py3-none-any.whl.metadata (23 kB)
2025-07-15T18:04:13.8488954Z Collecting pymongo==4.13.2 (from -r requirements.txt (line 14))
2025-07-15T18:04:13.8634987Z   Downloading pymongo-4.13.2-cp310-cp310-manylinux_2_17_x86_64.manylinux2014_x86_64.whl.metadata (22 kB)
2025-07-15T18:04:13.8887522Z Collecting python-dotenv==1.1.1 (from -r requirements.txt (line 15))
2025-07-15T18:04:13.8927199Z   Downloading python_dotenv-1.1.1-py3-none-any.whl.metadata (24 kB)
2025-07-15T18:04:13.9229035Z Collecting requests==2.32.4 (from -r requirements.txt (line 16))
2025-07-15T18:04:13.9268243Z   Downloading requests-2.32.4-py3-none-any.whl.metadata (4.9 kB)
2025-07-15T18:04:13.9596868Z Collecting urllib3==2.5.0 (from -r requirements.txt (line 17))
2025-07-15T18:04:13.9634413Z   Downloading urllib3-2.5.0-py3-none-any.whl.metadata (6.5 kB)
2025-07-15T18:04:13.9899581Z Collecting Werkzeug==3.1.3 (from -r requirements.txt (line 18))
2025-07-15T18:04:13.9950200Z   Downloading werkzeug-3.1.3-py3-none-any.whl.metadata (3.7 kB)
2025-07-15T18:04:14.0078723Z Collecting autodevops-cli==0.1.1 (from -r requirements.txt (line 19))
2025-07-15T18:04:14.0154065Z   Downloading autodevops_cli-0.1.1-py3-none-any.whl.metadata (494 bytes)
2025-07-15T18:04:14.0271266Z Collecting iniconfig==2.1.0 (from -r requirements.txt (line 20))
2025-07-15T18:04:14.0307996Z   Downloading iniconfig-2.1.0-py3-none-any.whl.metadata (2.7 kB)
2025-07-15T18:04:14.0504531Z Collecting loguru==0.7.3 (from -r requirements.txt (line 21))
2025-07-15T18:04:14.0542874Z   Downloading loguru-0.7.3-py3-none-any.whl.metadata (22 kB)
2025-07-15T18:04:14.0830494Z Collecting markdown-it-py==3.0.0 (from -r requirements.txt (line 22))
2025-07-15T18:04:14.0870043Z   Downloading markdown_it_py-3.0.0-py3-none-any.whl.metadata (6.9 kB)
2025-07-15T18:04:14.1044231Z Collecting mdurl==0.1.2 (from -r requirements.txt (line 23))
2025-07-15T18:04:14.1081601Z   Downloading mdurl-0.1.2-py3-none-any.whl.metadata (1.6 kB)
2025-07-15T18:04:14.1233542Z Collecting mongomock==4.3.0 (from -r requirements.txt (line 24))
2025-07-15T18:04:14.1275941Z   Downloading mongomock-4.3.0-py2.py3-none-any.whl.metadata (12 kB)
2025-07-15T18:04:14.1478174Z Collecting packaging==25.0 (from -r requirements.txt (line 25))
2025-07-15T18:04:14.1520609Z   Downloading packaging-25.0-py3-none-any.whl.metadata (3.3 kB)
2025-07-15T18:04:14.1682369Z Collecting pluggy==1.6.0 (from -r requirements.txt (line 26))
2025-07-15T18:04:14.1733657Z   Downloading pluggy-1.6.0-py3-none-any.whl.metadata (4.8 kB)
2025-07-15T18:04:14.1966186Z Collecting Pygments==2.19.2 (from -r requirements.txt (line 27))
2025-07-15T18:04:14.2007676Z   Downloading pygments-2.19.2-py3-none-any.whl.metadata (2.5 kB)
2025-07-15T18:04:14.2442847Z Collecting pytz==2025.2 (from -r requirements.txt (line 28))
2025-07-15T18:04:14.2485112Z   Downloading pytz-2025.2-py2.py3-none-any.whl.metadata (22 kB)
2025-07-15T18:04:14.2947590Z Collecting rich==14.0.0 (from -r requirements.txt (line 29))
2025-07-15T18:04:14.2987946Z   Downloading rich-14.0.0-py3-none-any.whl.metadata (18 kB)
2025-07-15T18:04:14.3110988Z Collecting sentinels==1.0.0 (from -r requirements.txt (line 30))
2025-07-15T18:04:14.3147744Z   Downloading sentinels-1.0.0.tar.gz (4.1 kB)
2025-07-15T18:04:14.3247758Z   Installing build dependencies: started
2025-07-15T18:04:15.2367740Z   Installing build dependencies: finished with status 'done'
2025-07-15T18:04:15.2377869Z   Getting requirements to build wheel: started
2025-07-15T18:04:15.6477686Z   Getting requirements to build wheel: finished with status 'done'
2025-07-15T18:04:15.6488901Z   Preparing metadata (pyproject.toml): started
2025-07-15T18:04:15.8493580Z   Preparing metadata (pyproject.toml): finished with status 'done'
2025-07-15T18:04:15.8646327Z Collecting sh==2.2.2 (from -r requirements.txt (line 31))
2025-07-15T18:04:15.8707579Z   Downloading sh-2.2.2-py3-none-any.whl.metadata (3.7 kB)
2025-07-15T18:04:15.9151976Z Collecting exceptiongroup>=1.0.0rc8 (from pytest==8.2.1->-r requirements.txt (line 3))
2025-07-15T18:04:15.9186629Z   Downloading exceptiongroup-1.3.0-py3-none-any.whl.metadata (6.7 kB)
2025-07-15T18:04:15.9359770Z Collecting tomli>=1 (from pytest==8.2.1->-r requirements.txt (line 3))
2025-07-15T18:04:15.9395548Z   Downloading tomli-2.2.1-py3-none-any.whl.metadata (10 kB)
2025-07-15T18:04:16.0503996Z Collecting typing-extensions<5.0,>=4.0.0 (from rich==14.0.0->-r requirements.txt (line 29))
2025-07-15T18:04:16.0615915Z   Downloading typing_extensions-4.14.1-py3-none-any.whl.metadata (3.0 kB)
2025-07-15T18:04:16.0886241Z Downloading flask-3.1.0-py3-none-any.whl (102 kB)
2025-07-15T18:04:16.1048171Z Downloading flask_pymongo-3.0.1-py3-none-any.whl (11 kB)
2025-07-15T18:04:16.1139235Z Downloading pytest-8.2.1-py3-none-any.whl (339 kB)
2025-07-15T18:04:16.1307909Z Downloading pluggy-1.6.0-py3-none-any.whl (20 kB)
2025-07-15T18:04:16.1375151Z Downloading blinker-1.9.0-py3-none-any.whl (8.5 kB)
2025-07-15T18:04:16.1430716Z Downloading certifi-2025.7.14-py3-none-any.whl (162 kB)
2025-07-15T18:04:16.1508709Z Downloading charset_normalizer-3.4.2-cp310-cp310-manylinux_2_17_x86_64.manylinux2014_x86_64.whl (149 kB)
2025-07-15T18:04:16.1599311Z Downloading click-8.2.1-py3-none-any.whl (102 kB)
2025-07-15T18:04:16.1800631Z Downloading dnspython-2.7.0-py3-none-any.whl (313 kB)
2025-07-15T18:04:16.2013325Z Downloading idna-3.10-py3-none-any.whl (70 kB)
2025-07-15T18:04:16.2127478Z Downloading itsdangerous-2.2.0-py3-none-any.whl (16 kB)
2025-07-15T18:04:16.2227948Z Downloading jinja2-3.1.6-py3-none-any.whl (134 kB)
2025-07-15T18:04:16.2333014Z Downloading MarkupSafe-3.0.2-cp310-cp310-manylinux_2_17_x86_64.manylinux2014_x86_64.whl (20 kB)
2025-07-15T18:04:16.2537967Z Downloading paho_mqtt-2.1.0-py3-none-any.whl (67 kB)
2025-07-15T18:04:16.2718545Z Downloading pymongo-4.13.2-cp310-cp310-manylinux_2_17_x86_64.manylinux2014_x86_64.whl (1.2 MB)
2025-07-15T18:04:16.2964572Z    ━━━━━━━━━━━━━━━━━━━━━━━━━━━━━━━━━━━━━━━━ 1.2/1.2 MB 65.9 MB/s eta 0:00:00
2025-07-15T18:04:16.3018874Z Downloading python_dotenv-1.1.1-py3-none-any.whl (20 kB)
2025-07-15T18:04:16.3115316Z Downloading requests-2.32.4-py3-none-any.whl (64 kB)
2025-07-15T18:04:16.3201898Z Downloading urllib3-2.5.0-py3-none-any.whl (129 kB)
2025-07-15T18:04:16.3300860Z Downloading werkzeug-3.1.3-py3-none-any.whl (224 kB)
2025-07-15T18:04:16.3472828Z Downloading autodevops_cli-0.1.1-py3-none-any.whl (4.1 kB)
2025-07-15T18:04:16.3568184Z Downloading iniconfig-2.1.0-py3-none-any.whl (6.0 kB)
2025-07-15T18:04:16.3663811Z Downloading loguru-0.7.3-py3-none-any.whl (61 kB)
2025-07-15T18:04:16.3767358Z Downloading markdown_it_py-3.0.0-py3-none-any.whl (87 kB)
2025-07-15T18:04:16.3867969Z Downloading mdurl-0.1.2-py3-none-any.whl (10.0 kB)
2025-07-15T18:04:16.3953793Z Downloading mongomock-4.3.0-py2.py3-none-any.whl (64 kB)
2025-07-15T18:04:16.4013676Z Downloading packaging-25.0-py3-none-any.whl (66 kB)
2025-07-15T18:04:16.4077649Z Downloading pygments-2.19.2-py3-none-any.whl (1.2 MB)
2025-07-15T18:04:16.4298628Z    ━━━━━━━━━━━━━━━━━━━━━━━━━━━━━━━━━━━━━━━━ 1.2/1.2 MB 55.2 MB/s eta 0:00:00
2025-07-15T18:04:16.4332848Z Downloading pytz-2025.2-py2.py3-none-any.whl (509 kB)
2025-07-15T18:04:16.4424519Z Downloading rich-14.0.0-py3-none-any.whl (243 kB)
2025-07-15T18:04:16.4485165Z Downloading sh-2.2.2-py3-none-any.whl (38 kB)
2025-07-15T18:04:16.4549529Z Downloading typing_extensions-4.14.1-py3-none-any.whl (43 kB)
2025-07-15T18:04:16.4614667Z Downloading exceptiongroup-1.3.0-py3-none-any.whl (16 kB)
2025-07-15T18:04:16.4664387Z Downloading tomli-2.2.1-py3-none-any.whl (14 kB)
2025-07-15T18:04:16.5040196Z Building wheels for collected packages: sentinels
2025-07-15T18:04:16.5052041Z   Building wheel for sentinels (pyproject.toml): started
2025-07-15T18:04:16.7312703Z   Building wheel for sentinels (pyproject.toml): finished with status 'done'
2025-07-15T18:04:16.7320904Z   Created wheel for sentinels: filename=sentinels-1.0.0-py3-none-any.whl size=3229 sha256=50d12cba73f7a5463898ac359273c3285b07af641662832b942312dd9f216fa0
2025-07-15T18:04:16.7323693Z   Stored in directory: /home/runner/.cache/pip/wheels/26/bc/eb/67e56405e0684b3d8c011cf4d18129c41be394775fd5ba2347
2025-07-15T18:04:16.7342459Z Successfully built sentinels
2025-07-15T18:04:16.8161368Z Installing collected packages: sentinels, pytz, urllib3, typing-extensions, tomli, sh, python-dotenv, Pygments, pluggy, paho-mqtt, packaging, mdurl, MarkupSafe, loguru, itsdangerous, iniconfig, idna, dnspython, click, charset-normalizer, certifi, blinker, Werkzeug, requests, pymongo, mongomock, markdown-it-py, Jinja2, exceptiongroup, rich, pytest, Flask, Flask-PyMongo, autodevops-cli
2025-07-15T18:04:19.6243395Z 
2025-07-15T18:04:19.6315023Z Successfully installed Flask-3.1.0 Flask-PyMongo-3.0.1 Jinja2-3.1.6 MarkupSafe-3.0.2 Pygments-2.19.2 Werkzeug-3.1.3 autodevops-cli-0.1.1 blinker-1.9.0 certifi-2025.7.14 charset-normalizer-3.4.2 click-8.2.1 dnspython-2.7.0 exceptiongroup-1.3.0 idna-3.10 iniconfig-2.1.0 itsdangerous-2.2.0 loguru-0.7.3 markdown-it-py-3.0.0 mdurl-0.1.2 mongomock-4.3.0 packaging-25.0 paho-mqtt-2.1.0 pluggy-1.6.0 pymongo-4.13.2 pytest-8.2.1 python-dotenv-1.1.1 pytz-2025.2 requests-2.32.4 rich-14.0.0 sentinels-1.0.0 sh-2.2.2 tomli-2.2.1 typing-extensions-4.14.1 urllib3-2.5.0
2025-07-15T18:04:19.9201305Z ##[group]Run export PYTHONPATH=.
2025-07-15T18:04:19.9201633Z [36;1mexport PYTHONPATH=.[0m
2025-07-15T18:04:19.9201897Z [36;1mpytest test_main.py -v[0m
2025-07-15T18:04:19.9230693Z shell: /usr/bin/bash -e {0}
2025-07-15T18:04:19.9230926Z env:
2025-07-15T18:04:19.9231175Z   pythonLocation: /opt/hostedtoolcache/Python/3.10.18/x64
2025-07-15T18:04:19.9231592Z   PKG_CONFIG_PATH: /opt/hostedtoolcache/Python/3.10.18/x64/lib/pkgconfig
2025-07-15T18:04:19.9232001Z   Python_ROOT_DIR: /opt/hostedtoolcache/Python/3.10.18/x64
2025-07-15T18:04:19.9232353Z   Python2_ROOT_DIR: /opt/hostedtoolcache/Python/3.10.18/x64
2025-07-15T18:04:19.9232701Z   Python3_ROOT_DIR: /opt/hostedtoolcache/Python/3.10.18/x64
2025-07-15T18:04:19.9233054Z   LD_LIBRARY_PATH: /opt/hostedtoolcache/Python/3.10.18/x64/lib
2025-07-15T18:04:19.9233349Z ##[endgroup]
2025-07-15T18:04:20.3468171Z ============================= test session starts ==============================
2025-07-15T18:04:20.3469563Z platform linux -- Python 3.10.18, pytest-8.2.1, pluggy-1.6.0 -- /opt/hostedtoolcache/Python/3.10.18/x64/bin/python
2025-07-15T18:04:20.3470653Z cachedir: .pytest_cache
2025-07-15T18:04:20.3471309Z rootdir: /home/runner/work/testing-CI-CD/testing-CI-CD
2025-07-15T18:04:20.6071845Z collecting ... collected 7 items
2025-07-15T18:04:20.6072232Z 
2025-07-15T18:04:20.6228446Z test_main.py::test_home_page PASSED                                      [ 14%]
2025-07-15T18:04:20.6399394Z test_main.py::test_admin_dashboard PASSED                                [ 28%]
2025-07-15T18:04:20.6479477Z test_main.py::test_student_dashboard PASSED                              [ 42%]
2025-07-15T18:04:20.6531724Z test_main.py::test_generate_attendance_no_input PASSED                   [ 57%]
2025-07-15T18:04:20.6582201Z test_main.py::test_student_generate_attendance_invalid PASSED            [ 71%]
2025-07-15T18:04:20.6653306Z test_main.py::test_register_user_get PASSED                              [ 85%]
2025-07-15T18:04:20.6722810Z test_main.py::test_receive_rfid_missing PASSED                           [100%]
2025-07-15T18:04:20.6723412Z 
2025-07-15T18:04:20.6723619Z ============================== 7 passed in 0.33s ===============================
2025-07-15T18:04:20.7608629Z ##[group]Run docker/login-action@v3
2025-07-15T18:04:20.7608917Z with:
2025-07-15T18:04:20.7609234Z   username: ***
2025-07-15T18:04:20.7609496Z   password: ***
2025-07-15T18:04:20.7609669Z   ecr: auto
2025-07-15T18:04:20.7609836Z   logout: true
2025-07-15T18:04:20.7610004Z env:
2025-07-15T18:04:20.7610240Z   pythonLocation: /opt/hostedtoolcache/Python/3.10.18/x64
2025-07-15T18:04:20.7610647Z   PKG_CONFIG_PATH: /opt/hostedtoolcache/Python/3.10.18/x64/lib/pkgconfig
2025-07-15T18:04:20.7611040Z   Python_ROOT_DIR: /opt/hostedtoolcache/Python/3.10.18/x64
2025-07-15T18:04:20.7611392Z   Python2_ROOT_DIR: /opt/hostedtoolcache/Python/3.10.18/x64
2025-07-15T18:04:20.7611737Z   Python3_ROOT_DIR: /opt/hostedtoolcache/Python/3.10.18/x64
2025-07-15T18:04:20.7612090Z   LD_LIBRARY_PATH: /opt/hostedtoolcache/Python/3.10.18/x64/lib
2025-07-15T18:04:20.7612382Z ##[endgroup]
2025-07-15T18:04:21.0686836Z Logging into Docker Hub...
2025-07-15T18:04:21.2319382Z Login Succeeded!
2025-07-15T18:04:21.2465393Z ##[group]Run docker build -t ***/flask-ci-cd-demo .
2025-07-15T18:04:21.2465855Z [36;1mdocker build -t ***/flask-ci-cd-demo .[0m
2025-07-15T18:04:21.2494659Z shell: /usr/bin/bash -e {0}
2025-07-15T18:04:21.2494894Z env:
2025-07-15T18:04:21.2495146Z   pythonLocation: /opt/hostedtoolcache/Python/3.10.18/x64
2025-07-15T18:04:21.2495570Z   PKG_CONFIG_PATH: /opt/hostedtoolcache/Python/3.10.18/x64/lib/pkgconfig
2025-07-15T18:04:21.2495968Z   Python_ROOT_DIR: /opt/hostedtoolcache/Python/3.10.18/x64
2025-07-15T18:04:21.2496315Z   Python2_ROOT_DIR: /opt/hostedtoolcache/Python/3.10.18/x64
2025-07-15T18:04:21.2496669Z   Python3_ROOT_DIR: /opt/hostedtoolcache/Python/3.10.18/x64
2025-07-15T18:04:21.2497248Z   LD_LIBRARY_PATH: /opt/hostedtoolcache/Python/3.10.18/x64/lib
2025-07-15T18:04:21.2497546Z ##[endgroup]
2025-07-15T18:04:21.7857200Z #0 building with "default" instance using docker driver
2025-07-15T18:04:21.7857928Z 
2025-07-15T18:04:21.7858321Z #1 [internal] load build definition from Dockerfile
2025-07-15T18:04:21.7858881Z #1 transferring dockerfile: 798B done
2025-07-15T18:04:21.7859309Z #1 DONE 0.0s
2025-07-15T18:04:21.7859491Z 
2025-07-15T18:04:21.7859762Z #2 [auth] library/python:pull token for registry-1.docker.io
2025-07-15T18:04:21.7860290Z #2 DONE 0.0s
2025-07-15T18:04:21.7860463Z 
2025-07-15T18:04:21.7860748Z #3 [internal] load metadata for docker.io/library/python:3.10-slim
2025-07-15T18:04:21.9104527Z #3 DONE 0.3s
2025-07-15T18:04:22.0286323Z 
2025-07-15T18:04:22.0290963Z #4 [internal] load .dockerignore
2025-07-15T18:04:22.0291481Z #4 transferring context: 2B done
2025-07-15T18:04:22.0291935Z #4 DONE 0.0s
2025-07-15T18:04:22.0292135Z 
2025-07-15T18:04:22.0292741Z #5 [1/6] FROM docker.io/library/python:3.10-slim@sha256:9dd6774a1276178f94b0cc1fb1f0edd980825d0ea7634847af9940b1b6273c13
2025-07-15T18:04:22.0294072Z #5 resolve docker.io/library/python:3.10-slim@sha256:9dd6774a1276178f94b0cc1fb1f0edd980825d0ea7634847af9940b1b6273c13 done
2025-07-15T18:04:22.0295344Z #5 sha256:0ebcc011f0ec7a9a900f7366b104730396a59032e64f04f3867a75f25ed48280 2.10MB / 3.51MB 0.1s
2025-07-15T18:04:22.0296400Z #5 sha256:92d63ec5cbeb1348bad42929919fd8e78f38d96e388b5509d2929d76ddafb48e 2.10MB / 15.65MB 0.1s
2025-07-15T18:04:22.0297662Z #5 sha256:9dd6774a1276178f94b0cc1fb1f0edd980825d0ea7634847af9940b1b6273c13 9.13kB / 9.13kB done
2025-07-15T18:04:22.0298735Z #5 sha256:c5dbd5ba857839a0aa9db765ea519c1514a40da811b4cf08c852b72fab4379d5 1.75kB / 1.75kB done
2025-07-15T18:04:22.0299805Z #5 sha256:563dffbdc42507a70677ee28b4bb678ad9074e3c9f75e3043523a38dcdf4f553 5.37kB / 5.37kB done
2025-07-15T18:04:22.0300849Z #5 sha256:3da95a905ed546f99c4564407923a681757d89651a388ec3f1f5e9bf5ed0b39d 8.39MB / 28.23MB 0.1s
2025-07-15T18:04:22.1369728Z #5 sha256:0ebcc011f0ec7a9a900f7366b104730396a59032e64f04f3867a75f25ed48280 3.51MB / 3.51MB 0.1s done
2025-07-15T18:04:22.1370908Z #5 sha256:92d63ec5cbeb1348bad42929919fd8e78f38d96e388b5509d2929d76ddafb48e 12.58MB / 15.65MB 0.2s
2025-07-15T18:04:22.1373334Z #5 sha256:3da95a905ed546f99c4564407923a681757d89651a388ec3f1f5e9bf5ed0b39d 15.73MB / 28.23MB 0.2s
2025-07-15T18:04:22.1374409Z #5 sha256:64b78282ca88b226c404cb8dfdee72b75eea52c9ac7380c0439b6e03992e483f 248B / 248B 0.2s done
2025-07-15T18:04:22.2356357Z #5 sha256:92d63ec5cbeb1348bad42929919fd8e78f38d96e388b5509d2929d76ddafb48e 15.65MB / 15.65MB 0.2s done
2025-07-15T18:04:22.2357714Z #5 sha256:3da95a905ed546f99c4564407923a681757d89651a388ec3f1f5e9bf5ed0b39d 20.97MB / 28.23MB 0.3s
2025-07-15T18:04:22.4293486Z #5 sha256:3da95a905ed546f99c4564407923a681757d89651a388ec3f1f5e9bf5ed0b39d 23.07MB / 28.23MB 0.5s
2025-07-15T18:04:22.5501673Z #5 ...
2025-07-15T18:04:22.5502676Z 
2025-07-15T18:04:22.5504084Z #6 [internal] load build context
2025-07-15T18:04:22.5504578Z #6 transferring context: 64.53MB 0.6s done
2025-07-15T18:04:22.5505442Z #6 DONE 0.6s
2025-07-15T18:04:22.5505637Z 
2025-07-15T18:04:22.5506222Z #5 [1/6] FROM docker.io/library/python:3.10-slim@sha256:9dd6774a1276178f94b0cc1fb1f0edd980825d0ea7634847af9940b1b6273c13
2025-07-15T18:04:22.5507651Z #5 sha256:3da95a905ed546f99c4564407923a681757d89651a388ec3f1f5e9bf5ed0b39d 28.23MB / 28.23MB 0.6s done
2025-07-15T18:04:22.5508477Z #5 extracting sha256:3da95a905ed546f99c4564407923a681757d89651a388ec3f1f5e9bf5ed0b39d
2025-07-15T18:04:23.5606015Z #5 extracting sha256:3da95a905ed546f99c4564407923a681757d89651a388ec3f1f5e9bf5ed0b39d 1.0s done
2025-07-15T18:04:23.7065051Z #5 extracting sha256:0ebcc011f0ec7a9a900f7366b104730396a59032e64f04f3867a75f25ed48280 0.1s
2025-07-15T18:04:23.8622884Z #5 extracting sha256:0ebcc011f0ec7a9a900f7366b104730396a59032e64f04f3867a75f25ed48280 0.1s done
2025-07-15T18:04:24.1552807Z #5 extracting sha256:92d63ec5cbeb1348bad42929919fd8e78f38d96e388b5509d2929d76ddafb48e
2025-07-15T18:04:24.8874137Z #5 extracting sha256:92d63ec5cbeb1348bad42929919fd8e78f38d96e388b5509d2929d76ddafb48e 0.6s done
2025-07-15T18:04:24.8875494Z #5 extracting sha256:64b78282ca88b226c404cb8dfdee72b75eea52c9ac7380c0439b6e03992e483f done
2025-07-15T18:04:24.8876414Z #5 DONE 3.0s
2025-07-15T18:04:25.0420889Z 
2025-07-15T18:04:25.0421660Z #7 [2/6] RUN apt-get update &&     apt-get install -y --no-install-recommends     build-essential     curl     nano     git     && rm -rf /var/lib/apt/lists/*
2025-07-15T18:04:25.0588311Z #7 0.170 Get:1 http://deb.debian.org/debian bookworm InRelease [151 kB]
2025-07-15T18:04:25.1769492Z #7 0.180 Get:2 http://deb.debian.org/debian bookworm-updates InRelease [55.4 kB]
2025-07-15T18:04:25.1770443Z #7 0.180 Get:3 http://deb.debian.org/debian-security bookworm-security InRelease [48.0 kB]
2025-07-15T18:04:25.1771307Z #7 0.238 Get:4 http://deb.debian.org/debian bookworm/main amd64 Packages [8793 kB]
2025-07-15T18:04:25.1772156Z #7 0.288 Get:5 http://deb.debian.org/debian bookworm-updates/main amd64 Packages [756 B]
2025-07-15T18:04:25.3756194Z #7 0.336 Get:6 http://deb.debian.org/debian-security bookworm-security/main amd64 Packages [272 kB]
2025-07-15T18:04:25.9481954Z #7 1.060 Fetched 9320 kB in 1s (10.3 MB/s)
2025-07-15T18:04:26.3967801Z #7 1.060 Reading package lists...
2025-07-15T18:04:26.8493235Z #7 1.526 Reading package lists...
2025-07-15T18:04:26.9944413Z #7 1.970 Building dependency tree...
2025-07-15T18:04:27.1449409Z #7 2.106 Reading state information...
2025-07-15T18:04:27.1632822Z #7 2.274 The following additional packages will be installed:
2025-07-15T18:04:27.3162554Z #7 2.275   binutils binutils-common binutils-x86-64-linux-gnu bzip2 cpp cpp-12 dpkg-dev
2025-07-15T18:04:27.3163455Z #7 2.275   g++ g++-12 gcc gcc-12 git-man libasan8 libatomic1 libbinutils libbrotli1
2025-07-15T18:04:27.3164254Z #7 2.275   libc-dev-bin libc6-dev libcc1-0 libcrypt-dev libctf-nobfd0 libctf0
2025-07-15T18:04:27.3165137Z #7 2.275   libcurl3-gnutls libcurl4 libdpkg-perl liberror-perl libexpat1 libgcc-12-dev
2025-07-15T18:04:27.3165999Z #7 2.275   libgdbm-compat4 libgomp1 libgprofng0 libisl23 libitm1 libjansson4
2025-07-15T18:04:27.3166832Z #7 2.275   libldap-2.5-0 liblsan0 libmpc3 libmpfr6 libnghttp2-14 libnsl-dev libperl5.36
2025-07-15T18:04:27.3168598Z #7 2.275   libpsl5 libquadmath0 librtmp1 libsasl2-2 libsasl2-modules-db libssh2-1
2025-07-15T18:04:27.3169444Z #7 2.276   libstdc++-12-dev libtirpc-dev libtsan2 libubsan1 linux-libc-dev make patch
2025-07-15T18:04:27.3170189Z #7 2.276   perl perl-modules-5.36 rpcsvc-proto xz-utils
2025-07-15T18:04:27.3170693Z #7 2.277 Suggested packages:
2025-07-15T18:04:27.3171285Z #7 2.277   binutils-doc bzip2-doc cpp-doc gcc-12-locales cpp-12-doc debian-keyring
2025-07-15T18:04:27.3172101Z #7 2.277   g++-multilib g++-12-multilib gcc-12-doc gcc-multilib manpages-dev autoconf
2025-07-15T18:04:27.3172903Z #7 2.277   automake libtool flex bison gdb gcc-doc gcc-12-multilib gettext-base
2025-07-15T18:04:27.3173722Z #7 2.277   git-daemon-run | git-daemon-sysvinit git-doc git-email git-gui gitk gitweb
2025-07-15T18:04:27.3174570Z #7 2.277   git-cvs git-mediawiki git-svn glibc-doc gnupg | sq | sqop | pgpainless-cli
2025-07-15T18:04:27.3175405Z #7 2.277   sensible-utils bzr libstdc++-12-doc make-doc hunspell ed diffutils-doc
2025-07-15T18:04:27.3176457Z #7 2.277   perl-doc libterm-readline-gnu-perl | libterm-readline-perl-perl
2025-07-15T18:04:27.3177323Z #7 2.277   libtap-harness-archive-perl
2025-07-15T18:04:27.3177773Z #7 2.277 Recommended packages:
2025-07-15T18:04:27.3178360Z #7 2.277   fakeroot gnupg | sq | sqop | pgpainless-cli libalgorithm-merge-perl less
2025-07-15T18:04:27.3179183Z #7 2.277   ssh-client manpages manpages-dev libc-devtools libfile-fcntllock-perl
2025-07-15T18:04:27.3180024Z #7 2.277   liblocale-gettext-perl libldap-common publicsuffix libsasl2-modules
2025-07-15T18:04:27.4193810Z #7 2.531 The following NEW packages will be installed:
2025-07-15T18:04:27.4194551Z #7 2.531   binutils binutils-common binutils-x86-64-linux-gnu build-essential bzip2 cpp
2025-07-15T18:04:27.5218468Z #7 2.531   cpp-12 curl dpkg-dev g++ g++-12 gcc gcc-12 git git-man libasan8 libatomic1
2025-07-15T18:04:27.5219400Z #7 2.531   libbinutils libbrotli1 libc-dev-bin libc6-dev libcc1-0 libcrypt-dev
2025-07-15T18:04:27.5220280Z #7 2.531   libctf-nobfd0 libctf0 libcurl3-gnutls libcurl4 libdpkg-perl liberror-perl
2025-07-15T18:04:27.5221237Z #7 2.531   libexpat1 libgcc-12-dev libgdbm-compat4 libgomp1 libgprofng0 libisl23
2025-07-15T18:04:27.5222126Z #7 2.531   libitm1 libjansson4 libldap-2.5-0 liblsan0 libmpc3 libmpfr6 libnghttp2-14
2025-07-15T18:04:27.5222899Z #7 2.532   libnsl-dev libperl5.36 libpsl5 libquadmath0 librtmp1 libsasl2-2
2025-07-15T18:04:27.5223684Z #7 2.532   libsasl2-modules-db libssh2-1 libstdc++-12-dev libtirpc-dev libtsan2
2025-07-15T18:04:27.5224552Z #7 2.532   libubsan1 linux-libc-dev make nano patch perl perl-modules-5.36 rpcsvc-proto
2025-07-15T18:04:27.5225186Z #7 2.532   xz-utils
2025-07-15T18:04:27.5225649Z #7 2.568 0 upgraded, 62 newly installed, 0 to remove and 0 not upgraded.
2025-07-15T18:04:27.5226183Z #7 2.568 Need to get 85.7 MB of archives.
2025-07-15T18:04:27.5226767Z #7 2.568 After this operation, 370 MB of additional disk space will be used.
2025-07-15T18:04:27.5227928Z #7 2.568 Get:1 http://deb.debian.org/debian bookworm/main amd64 perl-modules-5.36 all 5.36.0-7+deb12u2 [2815 kB]
2025-07-15T18:04:27.5228984Z #7 2.590 Get:2 http://deb.debian.org/debian bookworm/main amd64 libgdbm-compat4 amd64 1.23-3 [48.2 kB]
2025-07-15T18:04:27.5230007Z #7 2.591 Get:3 http://deb.debian.org/debian bookworm/main amd64 libperl5.36 amd64 5.36.0-7+deb12u2 [4207 kB]
2025-07-15T18:04:27.5230984Z #7 2.613 Get:4 http://deb.debian.org/debian bookworm/main amd64 perl amd64 5.36.0-7+deb12u2 [239 kB]
2025-07-15T18:04:27.5231927Z #7 2.615 Get:5 http://deb.debian.org/debian bookworm/main amd64 nano amd64 7.2-1+deb12u1 [690 kB]
2025-07-15T18:04:27.5232842Z #7 2.617 Get:6 http://deb.debian.org/debian bookworm/main amd64 bzip2 amd64 1.0.8-5+b1 [49.8 kB]
2025-07-15T18:04:27.5233743Z #7 2.618 Get:7 http://deb.debian.org/debian bookworm/main amd64 xz-utils amd64 5.4.1-1 [471 kB]
2025-07-15T18:04:27.5234698Z #7 2.621 Get:8 http://deb.debian.org/debian bookworm/main amd64 binutils-common amd64 2.40-2 [2487 kB]
2025-07-15T18:04:27.5235640Z #7 2.633 Get:9 http://deb.debian.org/debian bookworm/main amd64 libbinutils amd64 2.40-2 [572 kB]
2025-07-15T18:04:27.6295328Z #7 2.637 Get:10 http://deb.debian.org/debian bookworm/main amd64 libctf-nobfd0 amd64 2.40-2 [153 kB]
2025-07-15T18:04:27.6296801Z #7 2.638 Get:11 http://deb.debian.org/debian bookworm/main amd64 libctf0 amd64 2.40-2 [89.8 kB]
2025-07-15T18:04:27.6297981Z #7 2.639 Get:12 http://deb.debian.org/debian bookworm/main amd64 libgprofng0 amd64 2.40-2 [812 kB]
2025-07-15T18:04:27.6298793Z #7 2.643 Get:13 http://deb.debian.org/debian bookworm/main amd64 libjansson4 amd64 2.14-2 [40.8 kB]
2025-07-15T18:04:27.6299670Z #7 2.644 Get:14 http://deb.debian.org/debian bookworm/main amd64 binutils-x86-64-linux-gnu amd64 2.40-2 [2246 kB]
2025-07-15T18:04:27.6300521Z #7 2.655 Get:15 http://deb.debian.org/debian bookworm/main amd64 binutils amd64 2.40-2 [65.0 kB]
2025-07-15T18:04:27.6301343Z #7 2.655 Get:16 http://deb.debian.org/debian bookworm/main amd64 libc-dev-bin amd64 2.36-9+deb12u10 [47.1 kB]
2025-07-15T18:04:27.6302595Z #7 2.656 Get:17 http://deb.debian.org/debian-security bookworm-security/main amd64 linux-libc-dev amd64 6.1.140-1 [2145 kB]
2025-07-15T18:04:27.6303536Z #7 2.661 Get:18 http://deb.debian.org/debian bookworm/main amd64 libcrypt-dev amd64 1:4.4.33-2 [118 kB]
2025-07-15T18:04:27.6304354Z #7 2.661 Get:19 http://deb.debian.org/debian bookworm/main amd64 libtirpc-dev amd64 1.3.3+ds-1 [191 kB]
2025-07-15T18:04:27.6305159Z #7 2.663 Get:20 http://deb.debian.org/debian bookworm/main amd64 libnsl-dev amd64 1.3.0-2 [66.4 kB]
2025-07-15T18:04:27.6305971Z #7 2.664 Get:21 http://deb.debian.org/debian bookworm/main amd64 rpcsvc-proto amd64 1.4.3-1 [63.3 kB]
2025-07-15T18:04:27.6306816Z #7 2.664 Get:22 http://deb.debian.org/debian bookworm/main amd64 libc6-dev amd64 2.36-9+deb12u10 [1903 kB]
2025-07-15T18:04:27.6307895Z #7 2.674 Get:23 http://deb.debian.org/debian bookworm/main amd64 libisl23 amd64 0.25-1.1 [683 kB]
2025-07-15T18:04:27.6308654Z #7 2.677 Get:24 http://deb.debian.org/debian bookworm/main amd64 libmpfr6 amd64 4.2.0-1 [701 kB]
2025-07-15T18:04:27.6309421Z #7 2.680 Get:25 http://deb.debian.org/debian bookworm/main amd64 libmpc3 amd64 1.3.1-1 [51.5 kB]
2025-07-15T18:04:27.6310217Z #7 2.680 Get:26 http://deb.debian.org/debian bookworm/main amd64 cpp-12 amd64 12.2.0-14+deb12u1 [9768 kB]
2025-07-15T18:04:27.6311021Z #7 2.727 Get:27 http://deb.debian.org/debian bookworm/main amd64 cpp amd64 4:12.2.0-3 [6836 B]
2025-07-15T18:04:27.6311725Z #7 2.728 Get:28 http://deb.debian.org/debian bookworm/main amd64 libcc1-0 amd64 12.2.0-14+deb12u1 [41.7 kB]
2025-07-15T18:04:27.6312375Z #7 2.728 Get:29 http://deb.debian.org/debian bookworm/main amd64 libgomp1 amd64 12.2.0-14+deb12u1 [116 kB]
2025-07-15T18:04:27.6313013Z #7 2.729 Get:30 http://deb.debian.org/debian bookworm/main amd64 libitm1 amd64 12.2.0-14+deb12u1 [26.1 kB]
2025-07-15T18:04:27.6313697Z #7 2.729 Get:31 http://deb.debian.org/debian bookworm/main amd64 libatomic1 amd64 12.2.0-14+deb12u1 [9376 B]
2025-07-15T18:04:27.6314433Z #7 2.730 Get:32 http://deb.debian.org/debian bookworm/main amd64 libasan8 amd64 12.2.0-14+deb12u1 [2193 kB]
2025-07-15T18:04:27.6315063Z #7 2.741 Get:33 http://deb.debian.org/debian bookworm/main amd64 liblsan0 amd64 12.2.0-14+deb12u1 [969 kB]
2025-07-15T18:04:27.7544518Z #7 2.746 Get:34 http://deb.debian.org/debian bookworm/main amd64 libtsan2 amd64 12.2.0-14+deb12u1 [2197 kB]
2025-07-15T18:04:27.7546202Z #7 2.758 Get:35 http://deb.debian.org/debian bookworm/main amd64 libubsan1 amd64 12.2.0-14+deb12u1 [883 kB]
2025-07-15T18:04:27.7547820Z #7 2.762 Get:36 http://deb.debian.org/debian bookworm/main amd64 libquadmath0 amd64 12.2.0-14+deb12u1 [145 kB]
2025-07-15T18:04:27.7548751Z #7 2.763 Get:37 http://deb.debian.org/debian bookworm/main amd64 libgcc-12-dev amd64 12.2.0-14+deb12u1 [2437 kB]
2025-07-15T18:04:27.7549641Z #7 2.776 Get:38 http://deb.debian.org/debian bookworm/main amd64 gcc-12 amd64 12.2.0-14+deb12u1 [19.3 MB]
2025-07-15T18:04:27.7550434Z #7 2.866 Get:39 http://deb.debian.org/debian bookworm/main amd64 gcc amd64 4:12.2.0-3 [5216 B]
2025-07-15T18:04:27.9852546Z #7 2.866 Get:40 http://deb.debian.org/debian bookworm/main amd64 libstdc++-12-dev amd64 12.2.0-14+deb12u1 [2047 kB]
2025-07-15T18:04:27.9853764Z #7 2.876 Get:41 http://deb.debian.org/debian bookworm/main amd64 g++-12 amd64 12.2.0-14+deb12u1 [10.7 MB]
2025-07-15T18:04:27.9854889Z #7 2.927 Get:42 http://deb.debian.org/debian bookworm/main amd64 g++ amd64 4:12.2.0-3 [1356 B]
2025-07-15T18:04:27.9855884Z #7 2.927 Get:43 http://deb.debian.org/debian bookworm/main amd64 make amd64 4.3-4.1 [396 kB]
2025-07-15T18:04:27.9856801Z #7 2.930 Get:44 http://deb.debian.org/debian bookworm/main amd64 libdpkg-perl all 1.21.22 [603 kB]
2025-07-15T18:04:27.9857839Z #7 2.933 Get:45 http://deb.debian.org/debian bookworm/main amd64 patch amd64 2.7.6-7 [128 kB]
2025-07-15T18:04:27.9858526Z #7 2.934 Get:46 http://deb.debian.org/debian bookworm/main amd64 dpkg-dev all 1.21.22 [1353 kB]
2025-07-15T18:04:27.9859233Z #7 2.939 Get:47 http://deb.debian.org/debian bookworm/main amd64 build-essential amd64 12.9 [7704 B]
2025-07-15T18:04:27.9860245Z #7 2.939 Get:48 http://deb.debian.org/debian bookworm/main amd64 libbrotli1 amd64 1.0.9-2+b6 [275 kB]
2025-07-15T18:04:27.9861054Z #7 2.941 Get:49 http://deb.debian.org/debian bookworm/main amd64 libsasl2-modules-db amd64 2.1.28+dfsg-10 [20.3 kB]
2025-07-15T18:04:27.9861882Z #7 2.941 Get:50 http://deb.debian.org/debian bookworm/main amd64 libsasl2-2 amd64 2.1.28+dfsg-10 [59.7 kB]
2025-07-15T18:04:27.9862532Z #7 2.941 Get:51 http://deb.debian.org/debian bookworm/main amd64 libldap-2.5-0 amd64 2.5.13+dfsg-5 [183 kB]
2025-07-15T18:04:27.9863170Z #7 2.942 Get:52 http://deb.debian.org/debian bookworm/main amd64 libnghttp2-14 amd64 1.52.0-1+deb12u2 [73.0 kB]
2025-07-15T18:04:27.9863757Z #7 2.943 Get:53 http://deb.debian.org/debian bookworm/main amd64 libpsl5 amd64 0.21.2-1 [58.7 kB]
2025-07-15T18:04:27.9864355Z #7 2.944 Get:54 http://deb.debian.org/debian bookworm/main amd64 librtmp1 amd64 2.4+20151223.gitfa8646d.1-2+b2 [60.8 kB]
2025-07-15T18:04:27.9864961Z #7 2.944 Get:55 http://deb.debian.org/debian bookworm/main amd64 libssh2-1 amd64 1.10.0-3+b1 [179 kB]
2025-07-15T18:04:27.9865540Z #7 2.946 Get:56 http://deb.debian.org/debian bookworm/main amd64 libcurl4 amd64 7.88.1-10+deb12u12 [391 kB]
2025-07-15T18:04:27.9866109Z #7 2.948 Get:57 http://deb.debian.org/debian bookworm/main amd64 curl amd64 7.88.1-10+deb12u12 [315 kB]
2025-07-15T18:04:27.9866709Z #7 2.951 Get:58 http://deb.debian.org/debian bookworm/main amd64 libcurl3-gnutls amd64 7.88.1-10+deb12u12 [386 kB]
2025-07-15T18:04:27.9867530Z #7 2.953 Get:59 http://deb.debian.org/debian bookworm/main amd64 libexpat1 amd64 2.5.0-1+deb12u1 [98.9 kB]
2025-07-15T18:04:27.9868102Z #7 2.953 Get:60 http://deb.debian.org/debian bookworm/main amd64 liberror-perl all 0.17029-2 [29.0 kB]
2025-07-15T18:04:27.9869045Z #7 2.954 Get:61 http://deb.debian.org/debian bookworm/main amd64 git-man all 1:2.39.5-0+deb12u2 [2053 kB]
2025-07-15T18:04:27.9869997Z #7 2.964 Get:62 http://deb.debian.org/debian bookworm/main amd64 git amd64 1:2.39.5-0+deb12u2 [7260 kB]
2025-07-15T18:04:27.9870905Z #7 3.097 debconf: delaying package configuration, since apt-utils is not installed
2025-07-15T18:04:28.1817950Z #7 3.121 Fetched 85.7 MB in 0s (188 MB/s)
2025-07-15T18:04:28.1818595Z #7 3.135 Selecting previously unselected package perl-modules-5.36.
2025-07-15T18:04:28.1819149Z #7 3.135 (Reading database ... 
2025-07-15T18:04:28.1819400Z (Reading database ... 5%
2025-07-15T18:04:28.1819624Z (Reading database ... 10%
2025-07-15T18:04:28.1819834Z (Reading database ... 15%
2025-07-15T18:04:28.1820042Z (Reading database ... 20%
2025-07-15T18:04:28.1820243Z (Reading database ... 25%
2025-07-15T18:04:28.1820438Z (Reading database ... 30%
2025-07-15T18:04:28.1820636Z (Reading database ... 35%
2025-07-15T18:04:28.1820837Z (Reading database ... 40%
2025-07-15T18:04:28.1821031Z (Reading database ... 45%
2025-07-15T18:04:28.1821233Z (Reading database ... 50%
2025-07-15T18:04:28.1821435Z (Reading database ... 55%
2025-07-15T18:04:28.1821629Z (Reading database ... 60%
2025-07-15T18:04:28.1822145Z (Reading database ... 65%
2025-07-15T18:04:28.1822358Z (Reading database ... 70%
2025-07-15T18:04:28.1822553Z (Reading database ... 75%
2025-07-15T18:04:28.1822756Z (Reading database ... 80%
2025-07-15T18:04:28.1822954Z (Reading database ... 85%
2025-07-15T18:04:28.1823149Z (Reading database ... 90%
2025-07-15T18:04:28.1823357Z (Reading database ... 95%
2025-07-15T18:04:28.1823573Z (Reading database ... 100%
2025-07-15T18:04:28.1823886Z (Reading database ... 6688 files and directories currently installed.)
2025-07-15T18:04:28.1824517Z #7 3.142 Preparing to unpack .../00-perl-modules-5.36_5.36.0-7+deb12u2_all.deb ...
2025-07-15T18:04:28.1825232Z #7 3.143 Unpacking perl-modules-5.36 (5.36.0-7+deb12u2) ...
2025-07-15T18:04:28.3197719Z #7 3.431 Selecting previously unselected package libgdbm-compat4:amd64.
2025-07-15T18:04:28.4966363Z #7 3.433 Preparing to unpack .../01-libgdbm-compat4_1.23-3_amd64.deb ...
2025-07-15T18:04:28.4968555Z #7 3.435 Unpacking libgdbm-compat4:amd64 (1.23-3) ...
2025-07-15T18:04:28.4969547Z #7 3.455 Selecting previously unselected package libperl5.36:amd64.
2025-07-15T18:04:28.4970295Z #7 3.457 Preparing to unpack .../02-libperl5.36_5.36.0-7+deb12u2_amd64.deb ...
2025-07-15T18:04:28.4970968Z #7 3.458 Unpacking libperl5.36:amd64 (5.36.0-7+deb12u2) ...
2025-07-15T18:04:28.6422938Z #7 3.754 Selecting previously unselected package perl.
2025-07-15T18:04:28.7465696Z #7 3.755 Preparing to unpack .../03-perl_5.36.0-7+deb12u2_amd64.deb ...
2025-07-15T18:04:28.7466343Z #7 3.762 Unpacking perl (5.36.0-7+deb12u2) ...
2025-07-15T18:04:28.7466826Z #7 3.793 Selecting previously unselected package nano.
2025-07-15T18:04:28.7467601Z #7 3.794 Preparing to unpack .../04-nano_7.2-1+deb12u1_amd64.deb ...
2025-07-15T18:04:28.7468105Z #7 3.795 Unpacking nano (7.2-1+deb12u1) ...
2025-07-15T18:04:28.7468546Z #7 3.858 Selecting previously unselected package bzip2.
2025-07-15T18:04:28.9741226Z #7 3.860 Preparing to unpack .../05-bzip2_1.0.8-5+b1_amd64.deb ...
2025-07-15T18:04:28.9741842Z #7 3.861 Unpacking bzip2 (1.0.8-5+b1) ...
2025-07-15T18:04:28.9742405Z #7 3.882 Selecting previously unselected package xz-utils.
2025-07-15T18:04:28.9743015Z #7 3.884 Preparing to unpack .../06-xz-utils_5.4.1-1_amd64.deb ...
2025-07-15T18:04:28.9743551Z #7 3.884 Unpacking xz-utils (5.4.1-1) ...
2025-07-15T18:04:28.9744134Z #7 3.933 Selecting previously unselected package binutils-common:amd64.
2025-07-15T18:04:28.9744839Z #7 3.934 Preparing to unpack .../07-binutils-common_2.40-2_amd64.deb ...
2025-07-15T18:04:28.9745455Z #7 3.935 Unpacking binutils-common:amd64 (2.40-2) ...
2025-07-15T18:04:28.9944027Z #7 4.106 Selecting previously unselected package libbinutils:amd64.
2025-07-15T18:04:29.1077206Z #7 4.108 Preparing to unpack .../08-libbinutils_2.40-2_amd64.deb ...
2025-07-15T18:04:29.1077717Z #7 4.109 Unpacking libbinutils:amd64 (2.40-2) ...
2025-07-15T18:04:29.1078134Z #7 4.161 Selecting previously unselected package libctf-nobfd0:amd64.
2025-07-15T18:04:29.1078579Z #7 4.162 Preparing to unpack .../09-libctf-nobfd0_2.40-2_amd64.deb ...
2025-07-15T18:04:29.1078991Z #7 4.163 Unpacking libctf-nobfd0:amd64 (2.40-2) ...
2025-07-15T18:04:29.1079345Z #7 4.193 Selecting previously unselected package libctf0:amd64.
2025-07-15T18:04:29.1079724Z #7 4.195 Preparing to unpack .../10-libctf0_2.40-2_amd64.deb ...
2025-07-15T18:04:29.1080054Z #7 4.196 Unpacking libctf0:amd64 (2.40-2) ...
2025-07-15T18:04:29.1080396Z #7 4.219 Selecting previously unselected package libgprofng0:amd64.
2025-07-15T18:04:29.3576825Z #7 4.221 Preparing to unpack .../11-libgprofng0_2.40-2_amd64.deb ...
2025-07-15T18:04:29.3577874Z #7 4.222 Unpacking libgprofng0:amd64 (2.40-2) ...
2025-07-15T18:04:29.3578413Z #7 4.292 Selecting previously unselected package libjansson4:amd64.
2025-07-15T18:04:29.3578992Z #7 4.294 Preparing to unpack .../12-libjansson4_2.14-2_amd64.deb ...
2025-07-15T18:04:29.3579485Z #7 4.295 Unpacking libjansson4:amd64 (2.14-2) ...
2025-07-15T18:04:29.3580023Z #7 4.316 Selecting previously unselected package binutils-x86-64-linux-gnu.
2025-07-15T18:04:29.3581022Z #7 4.318 Preparing to unpack .../13-binutils-x86-64-linux-gnu_2.40-2_amd64.deb ...
2025-07-15T18:04:29.3581608Z #7 4.319 Unpacking binutils-x86-64-linux-gnu (2.40-2) ...
2025-07-15T18:04:29.3832743Z #7 4.495 Selecting previously unselected package binutils.
2025-07-15T18:04:29.5841016Z #7 4.496 Preparing to unpack .../14-binutils_2.40-2_amd64.deb ...
2025-07-15T18:04:29.5841735Z #7 4.498 Unpacking binutils (2.40-2) ...
2025-07-15T18:04:29.5842377Z #7 4.520 Selecting previously unselected package libc-dev-bin.
2025-07-15T18:04:29.5843201Z #7 4.521 Preparing to unpack .../15-libc-dev-bin_2.36-9+deb12u10_amd64.deb ...
2025-07-15T18:04:29.5843960Z #7 4.522 Unpacking libc-dev-bin (2.36-9+deb12u10) ...
2025-07-15T18:04:29.5844490Z #7 4.543 Selecting previously unselected package linux-libc-dev:amd64.
2025-07-15T18:04:29.5845049Z #7 4.544 Preparing to unpack .../16-linux-libc-dev_6.1.140-1_amd64.deb ...
2025-07-15T18:04:29.5845541Z #7 4.545 Unpacking linux-libc-dev:amd64 (6.1.140-1) ...
2025-07-15T18:04:29.6434904Z #7 4.755 Selecting previously unselected package libcrypt-dev:amd64.
2025-07-15T18:04:29.7604473Z #7 4.757 Preparing to unpack .../17-libcrypt-dev_1%3a4.4.33-2_amd64.deb ...
2025-07-15T18:04:29.7605217Z #7 4.763 Unpacking libcrypt-dev:amd64 (1:4.4.33-2) ...
2025-07-15T18:04:29.7605712Z #7 4.788 Selecting previously unselected package libtirpc-dev:amd64.
2025-07-15T18:04:29.7606201Z #7 4.789 Preparing to unpack .../18-libtirpc-dev_1.3.3+ds-1_amd64.deb ...
2025-07-15T18:04:29.7606607Z #7 4.790 Unpacking libtirpc-dev:amd64 (1.3.3+ds-1) ...
2025-07-15T18:04:29.7607217Z #7 4.821 Selecting previously unselected package libnsl-dev:amd64.
2025-07-15T18:04:29.7607674Z #7 4.822 Preparing to unpack .../19-libnsl-dev_1.3.0-2_amd64.deb ...
2025-07-15T18:04:29.7608049Z #7 4.824 Unpacking libnsl-dev:amd64 (1.3.0-2) ...
2025-07-15T18:04:29.7608422Z #7 4.846 Selecting previously unselected package rpcsvc-proto.
2025-07-15T18:04:29.7608858Z #7 4.848 Preparing to unpack .../20-rpcsvc-proto_1.4.3-1_amd64.deb ...
2025-07-15T18:04:29.7609277Z #7 4.849 Unpacking rpcsvc-proto (1.4.3-1) ...
2025-07-15T18:04:29.7609639Z #7 4.872 Selecting previously unselected package libc6-dev:amd64.
2025-07-15T18:04:29.9139303Z #7 4.874 Preparing to unpack .../21-libc6-dev_2.36-9+deb12u10_amd64.deb ...
2025-07-15T18:04:29.9139979Z #7 4.875 Unpacking libc6-dev:amd64 (2.36-9+deb12u10) ...
2025-07-15T18:04:29.9140387Z #7 5.025 Selecting previously unselected package libisl23:amd64.
2025-07-15T18:04:30.0180384Z #7 5.027 Preparing to unpack .../22-libisl23_0.25-1.1_amd64.deb ...
2025-07-15T18:04:30.0180975Z #7 5.028 Unpacking libisl23:amd64 (0.25-1.1) ...
2025-07-15T18:04:30.0181507Z #7 5.086 Selecting previously unselected package libmpfr6:amd64.
2025-07-15T18:04:30.0182107Z #7 5.088 Preparing to unpack .../23-libmpfr6_4.2.0-1_amd64.deb ...
2025-07-15T18:04:30.0182608Z #7 5.089 Unpacking libmpfr6:amd64 (4.2.0-1) ...
2025-07-15T18:04:30.0183091Z #7 5.129 Selecting previously unselected package libmpc3:amd64.
2025-07-15T18:04:30.1949758Z #7 5.131 Preparing to unpack .../24-libmpc3_1.3.1-1_amd64.deb ...
2025-07-15T18:04:30.1950231Z #7 5.133 Unpacking libmpc3:amd64 (1.3.1-1) ...
2025-07-15T18:04:30.1950608Z #7 5.153 Selecting previously unselected package cpp-12.
2025-07-15T18:04:30.1951062Z #7 5.155 Preparing to unpack .../25-cpp-12_12.2.0-14+deb12u1_amd64.deb ...
2025-07-15T18:04:30.1951484Z #7 5.156 Unpacking cpp-12 (12.2.0-14+deb12u1) ...
2025-07-15T18:04:30.5429457Z #7 5.654 Selecting previously unselected package cpp.
2025-07-15T18:04:30.6552270Z #7 5.656 Preparing to unpack .../26-cpp_4%3a12.2.0-3_amd64.deb ...
2025-07-15T18:04:30.6552911Z #7 5.657 Unpacking cpp (4:12.2.0-3) ...
2025-07-15T18:04:30.6553493Z #7 5.675 Selecting previously unselected package libcc1-0:amd64.
2025-07-15T18:04:30.6554200Z #7 5.676 Preparing to unpack .../27-libcc1-0_12.2.0-14+deb12u1_amd64.deb ...
2025-07-15T18:04:30.6554850Z #7 5.678 Unpacking libcc1-0:amd64 (12.2.0-14+deb12u1) ...
2025-07-15T18:04:30.6555467Z #7 5.698 Selecting previously unselected package libgomp1:amd64.
2025-07-15T18:04:30.6556471Z #7 5.700 Preparing to unpack .../28-libgomp1_12.2.0-14+deb12u1_amd64.deb ...
2025-07-15T18:04:30.6557610Z #7 5.701 Unpacking libgomp1:amd64 (12.2.0-14+deb12u1) ...
2025-07-15T18:04:30.6558188Z #7 5.726 Selecting previously unselected package libitm1:amd64.
2025-07-15T18:04:30.6558844Z #7 5.727 Preparing to unpack .../29-libitm1_12.2.0-14+deb12u1_amd64.deb ...
2025-07-15T18:04:30.6559439Z #7 5.729 Unpacking libitm1:amd64 (12.2.0-14+deb12u1) ...
2025-07-15T18:04:30.6560015Z #7 5.747 Selecting previously unselected package libatomic1:amd64.
2025-07-15T18:04:30.6560712Z #7 5.749 Preparing to unpack .../30-libatomic1_12.2.0-14+deb12u1_amd64.deb ...
2025-07-15T18:04:30.6561352Z #7 5.750 Unpacking libatomic1:amd64 (12.2.0-14+deb12u1) ...
2025-07-15T18:04:30.6561939Z #7 5.767 Selecting previously unselected package libasan8:amd64.
2025-07-15T18:04:30.8087872Z #7 5.769 Preparing to unpack .../31-libasan8_12.2.0-14+deb12u1_amd64.deb ...
2025-07-15T18:04:30.8089018Z #7 5.770 Unpacking libasan8:amd64 (12.2.0-14+deb12u1) ...
2025-07-15T18:04:30.8138102Z #7 5.925 Selecting previously unselected package liblsan0:amd64.
2025-07-15T18:04:31.0459394Z #7 5.927 Preparing to unpack .../32-liblsan0_12.2.0-14+deb12u1_amd64.deb ...
2025-07-15T18:04:31.0460124Z #7 5.928 Unpacking liblsan0:amd64 (12.2.0-14+deb12u1) ...
2025-07-15T18:04:31.0460774Z #7 6.004 Selecting previously unselected package libtsan2:amd64.
2025-07-15T18:04:31.0461524Z #7 6.006 Preparing to unpack .../33-libtsan2_12.2.0-14+deb12u1_amd64.deb ...
2025-07-15T18:04:31.0462189Z #7 6.007 Unpacking libtsan2:amd64 (12.2.0-14+deb12u1) ...
2025-07-15T18:04:31.0465021Z #7 6.158 Selecting previously unselected package libubsan1:amd64.
2025-07-15T18:04:31.1485706Z #7 6.160 Preparing to unpack .../34-libubsan1_12.2.0-14+deb12u1_amd64.deb ...
2025-07-15T18:04:31.1486381Z #7 6.161 Unpacking libubsan1:amd64 (12.2.0-14+deb12u1) ...
2025-07-15T18:04:31.1487170Z #7 6.233 Selecting previously unselected package libquadmath0:amd64.
2025-07-15T18:04:31.1487937Z #7 6.234 Preparing to unpack .../35-libquadmath0_12.2.0-14+deb12u1_amd64.deb ...
2025-07-15T18:04:31.1488551Z #7 6.235 Unpacking libquadmath0:amd64 (12.2.0-14+deb12u1) ...
2025-07-15T18:04:31.1489120Z #7 6.260 Selecting previously unselected package libgcc-12-dev:amd64.
2025-07-15T18:04:31.3018239Z #7 6.262 Preparing to unpack .../36-libgcc-12-dev_12.2.0-14+deb12u1_amd64.deb ...
2025-07-15T18:04:31.3019202Z #7 6.263 Unpacking libgcc-12-dev:amd64 (12.2.0-14+deb12u1) ...
2025-07-15T18:04:31.3057773Z #7 6.417 Selecting previously unselected package gcc-12.
2025-07-15T18:04:31.4592339Z #7 6.419 Preparing to unpack .../37-gcc-12_12.2.0-14+deb12u1_amd64.deb ...
2025-07-15T18:04:31.4592992Z #7 6.420 Unpacking gcc-12 (12.2.0-14+deb12u1) ...
2025-07-15T18:04:31.9254514Z #7 7.037 Selecting previously unselected package gcc.
2025-07-15T18:04:32.1010104Z #7 7.039 Preparing to unpack .../38-gcc_4%3a12.2.0-3_amd64.deb ...
2025-07-15T18:04:32.1010751Z #7 7.040 Unpacking gcc (4:12.2.0-3) ...
2025-07-15T18:04:32.1011432Z #7 7.059 Selecting previously unselected package libstdc++-12-dev:amd64.
2025-07-15T18:04:32.1012247Z #7 7.061 Preparing to unpack .../39-libstdc++-12-dev_12.2.0-14+deb12u1_amd64.deb ...
2025-07-15T18:04:32.1013003Z #7 7.062 Unpacking libstdc++-12-dev:amd64 (12.2.0-14+deb12u1) ...
2025-07-15T18:04:32.1567867Z #7 7.268 Selecting previously unselected package g++-12.
2025-07-15T18:04:32.3101363Z #7 7.270 Preparing to unpack .../40-g++-12_12.2.0-14+deb12u1_amd64.deb ...
2025-07-15T18:04:32.3101819Z #7 7.271 Unpacking g++-12 (12.2.0-14+deb12u1) ...
2025-07-15T18:04:32.7019678Z #7 7.813 Selecting previously unselected package g++.
2025-07-15T18:04:32.8220007Z #7 7.815 Preparing to unpack .../41-g++_4%3a12.2.0-3_amd64.deb ...
2025-07-15T18:04:32.8220631Z #7 7.816 Unpacking g++ (4:12.2.0-3) ...
2025-07-15T18:04:32.8220953Z #7 7.831 Selecting previously unselected package make.
2025-07-15T18:04:32.8221340Z #7 7.833 Preparing to unpack .../42-make_4.3-4.1_amd64.deb ...
2025-07-15T18:04:32.8221665Z #7 7.834 Unpacking make (4.3-4.1) ...
2025-07-15T18:04:32.8222279Z #7 7.874 Selecting previously unselected package libdpkg-perl.
2025-07-15T18:04:32.8222707Z #7 7.876 Preparing to unpack .../43-libdpkg-perl_1.21.22_all.deb ...
2025-07-15T18:04:32.8223089Z #7 7.877 Unpacking libdpkg-perl (1.21.22) ...
2025-07-15T18:04:32.8223423Z #7 7.933 Selecting previously unselected package patch.
2025-07-15T18:04:32.9373958Z #7 7.935 Preparing to unpack .../44-patch_2.7.6-7_amd64.deb ...
2025-07-15T18:04:32.9374555Z #7 7.936 Unpacking patch (2.7.6-7) ...
2025-07-15T18:04:32.9374909Z #7 7.960 Selecting previously unselected package dpkg-dev.
2025-07-15T18:04:32.9375328Z #7 7.962 Preparing to unpack .../45-dpkg-dev_1.21.22_all.deb ...
2025-07-15T18:04:32.9375684Z #7 7.964 Unpacking dpkg-dev (1.21.22) ...
2025-07-15T18:04:32.9376054Z #7 8.049 Selecting previously unselected package build-essential.
2025-07-15T18:04:33.0415530Z #7 8.051 Preparing to unpack .../46-build-essential_12.9_amd64.deb ...
2025-07-15T18:04:33.0416155Z #7 8.052 Unpacking build-essential (12.9) ...
2025-07-15T18:04:33.0417218Z #7 8.069 Selecting previously unselected package libbrotli1:amd64.
2025-07-15T18:04:33.0417907Z #7 8.071 Preparing to unpack .../47-libbrotli1_1.0.9-2+b6_amd64.deb ...
2025-07-15T18:04:33.0418481Z #7 8.072 Unpacking libbrotli1:amd64 (1.0.9-2+b6) ...
2025-07-15T18:04:33.0419090Z #7 8.106 Selecting previously unselected package libsasl2-modules-db:amd64.
2025-07-15T18:04:33.0419823Z #7 8.107 Preparing to unpack .../48-libsasl2-modules-db_2.1.28+dfsg-10_amd64.deb ...
2025-07-15T18:04:33.0420483Z #7 8.108 Unpacking libsasl2-modules-db:amd64 (2.1.28+dfsg-10) ...
2025-07-15T18:04:33.0421086Z #7 8.129 Selecting previously unselected package libsasl2-2:amd64.
2025-07-15T18:04:33.0421693Z #7 8.131 Preparing to unpack .../49-libsasl2-2_2.1.28+dfsg-10_amd64.deb ...
2025-07-15T18:04:33.0422247Z #7 8.132 Unpacking libsasl2-2:amd64 (2.1.28+dfsg-10) ...
2025-07-15T18:04:33.0422803Z #7 8.153 Selecting previously unselected package libldap-2.5-0:amd64.
2025-07-15T18:04:33.1495391Z #7 8.155 Preparing to unpack .../50-libldap-2.5-0_2.5.13+dfsg-5_amd64.deb ...
2025-07-15T18:04:33.1495903Z #7 8.156 Unpacking libldap-2.5-0:amd64 (2.5.13+dfsg-5) ...
2025-07-15T18:04:33.1496344Z #7 8.185 Selecting previously unselected package libnghttp2-14:amd64.
2025-07-15T18:04:33.1496840Z #7 8.186 Preparing to unpack .../51-libnghttp2-14_1.52.0-1+deb12u2_amd64.deb ...
2025-07-15T18:04:33.1497533Z #7 8.188 Unpacking libnghttp2-14:amd64 (1.52.0-1+deb12u2) ...
2025-07-15T18:04:33.1497942Z #7 8.212 Selecting previously unselected package libpsl5:amd64.
2025-07-15T18:04:33.1498358Z #7 8.213 Preparing to unpack .../52-libpsl5_0.21.2-1_amd64.deb ...
2025-07-15T18:04:33.1498716Z #7 8.215 Unpacking libpsl5:amd64 (0.21.2-1) ...
2025-07-15T18:04:33.1499079Z #7 8.237 Selecting previously unselected package librtmp1:amd64.
2025-07-15T18:04:33.1499553Z #7 8.239 Preparing to unpack .../53-librtmp1_2.4+20151223.gitfa8646d.1-2+b2_amd64.deb ...
2025-07-15T18:04:33.1500043Z #7 8.240 Unpacking librtmp1:amd64 (2.4+20151223.gitfa8646d.1-2+b2) ...
2025-07-15T18:04:33.1500500Z #7 8.261 Selecting previously unselected package libssh2-1:amd64.
2025-07-15T18:04:33.2557399Z #7 8.263 Preparing to unpack .../54-libssh2-1_1.10.0-3+b1_amd64.deb ...
2025-07-15T18:04:33.2558081Z #7 8.264 Unpacking libssh2-1:amd64 (1.10.0-3+b1) ...
2025-07-15T18:04:33.2558705Z #7 8.291 Selecting previously unselected package libcurl4:amd64.
2025-07-15T18:04:33.2559359Z #7 8.293 Preparing to unpack .../55-libcurl4_7.88.1-10+deb12u12_amd64.deb ...
2025-07-15T18:04:33.2559761Z #7 8.294 Unpacking libcurl4:amd64 (7.88.1-10+deb12u12) ...
2025-07-15T18:04:33.2560226Z #7 8.330 Selecting previously unselected package curl.
2025-07-15T18:04:33.2560636Z #7 8.332 Preparing to unpack .../56-curl_7.88.1-10+deb12u12_amd64.deb ...
2025-07-15T18:04:33.2561115Z #7 8.333 Unpacking curl (7.88.1-10+deb12u12) ...
2025-07-15T18:04:33.2561553Z #7 8.367 Selecting previously unselected package libcurl3-gnutls:amd64.
2025-07-15T18:04:33.4276123Z #7 8.369 Preparing to unpack .../57-libcurl3-gnutls_7.88.1-10+deb12u12_amd64.deb ...
2025-07-15T18:04:33.4277969Z #7 8.370 Unpacking libcurl3-gnutls:amd64 (7.88.1-10+deb12u12) ...
2025-07-15T18:04:33.4278931Z #7 8.406 Selecting previously unselected package libexpat1:amd64.
2025-07-15T18:04:33.4280344Z #7 8.408 Preparing to unpack .../58-libexpat1_2.5.0-1+deb12u1_amd64.deb ...
2025-07-15T18:04:33.4281099Z #7 8.409 Unpacking libexpat1:amd64 (2.5.0-1+deb12u1) ...
2025-07-15T18:04:33.4281772Z #7 8.430 Selecting previously unselected package liberror-perl.
2025-07-15T18:04:33.4282501Z #7 8.432 Preparing to unpack .../59-liberror-perl_0.17029-2_all.deb ...
2025-07-15T18:04:33.4283145Z #7 8.433 Unpacking liberror-perl (0.17029-2) ...
2025-07-15T18:04:33.4283733Z #7 8.453 Selecting previously unselected package git-man.
2025-07-15T18:04:33.4284443Z #7 8.455 Preparing to unpack .../60-git-man_1%3a2.39.5-0+deb12u2_all.deb ...
2025-07-15T18:04:33.4284945Z #7 8.456 Unpacking git-man (1:2.39.5-0+deb12u2) ...
2025-07-15T18:04:33.4285590Z #7 8.539 Selecting previously unselected package git.
2025-07-15T18:04:33.5867496Z #7 8.541 Preparing to unpack .../61-git_1%3a2.39.5-0+deb12u2_amd64.deb ...
2025-07-15T18:04:33.5868554Z #7 8.548 Unpacking git (1:2.39.5-0+deb12u2) ...
2025-07-15T18:04:33.7613778Z #7 8.873 Setting up libexpat1:amd64 (2.5.0-1+deb12u1) ...
2025-07-15T18:04:33.8615873Z #7 8.876 Setting up libpsl5:amd64 (0.21.2-1) ...
2025-07-15T18:04:33.8616523Z #7 8.879 Setting up libbrotli1:amd64 (1.0.9-2+b6) ...
2025-07-15T18:04:33.8617321Z #7 8.882 Setting up binutils-common:amd64 (2.40-2) ...
2025-07-15T18:04:33.8617990Z #7 8.886 Setting up libnghttp2-14:amd64 (1.52.0-1+deb12u2) ...
2025-07-15T18:04:33.8618660Z #7 8.889 Setting up linux-libc-dev:amd64 (6.1.140-1) ...
2025-07-15T18:04:33.8619283Z #7 8.895 Setting up libctf-nobfd0:amd64 (2.40-2) ...
2025-07-15T18:04:33.8619737Z #7 8.897 Setting up libgomp1:amd64 (12.2.0-14+deb12u1) ...
2025-07-15T18:04:33.8620122Z #7 8.904 Setting up bzip2 (1.0.8-5+b1) ...
2025-07-15T18:04:33.8620495Z #7 8.907 Setting up libjansson4:amd64 (2.14-2) ...
2025-07-15T18:04:33.8621151Z #7 8.910 Setting up libsasl2-modules-db:amd64 (2.1.28+dfsg-10) ...
2025-07-15T18:04:33.8621925Z #7 8.912 Setting up perl-modules-5.36 (5.36.0-7+deb12u2) ...
2025-07-15T18:04:33.8622631Z #7 8.916 Setting up libtirpc-dev:amd64 (1.3.3+ds-1) ...
2025-07-15T18:04:33.8623081Z #7 8.918 Setting up rpcsvc-proto (1.4.3-1) ...
2025-07-15T18:04:33.8623429Z #7 8.921 Setting up make (4.3-4.1) ...
2025-07-15T18:04:33.8623731Z #7 8.923 Setting up libmpfr6:amd64 (4.2.0-1) ...
2025-07-15T18:04:33.8624240Z #7 8.926 Setting up librtmp1:amd64 (2.4+20151223.gitfa8646d.1-2+b2) ...
2025-07-15T18:04:33.8624642Z #7 8.929 Setting up xz-utils (5.4.1-1) ...
2025-07-15T18:04:33.8625134Z #7 8.934 update-alternatives: using /usr/bin/xz to provide /usr/bin/lzma (lzma) in auto mode
2025-07-15T18:04:33.8626116Z #7 8.934 update-alternatives: warning: skip creation of /usr/share/man/man1/lzma.1.gz because associated file /usr/share/man/man1/xz.1.gz (of link group lzma) doesn't exist
2025-07-15T18:04:33.8628030Z #7 8.935 update-alternatives: warning: skip creation of /usr/share/man/man1/unlzma.1.gz because associated file /usr/share/man/man1/unxz.1.gz (of link group lzma) doesn't exist
2025-07-15T18:04:33.8629353Z #7 8.935 update-alternatives: warning: skip creation of /usr/share/man/man1/lzcat.1.gz because associated file /usr/share/man/man1/xzcat.1.gz (of link group lzma) doesn't exist
2025-07-15T18:04:33.8630837Z #7 8.935 update-alternatives: warning: skip creation of /usr/share/man/man1/lzmore.1.gz because associated file /usr/share/man/man1/xzmore.1.gz (of link group lzma) doesn't exist
2025-07-15T18:04:33.8632853Z #7 8.935 update-alternatives: warning: skip creation of /usr/share/man/man1/lzless.1.gz because associated file /usr/share/man/man1/xzless.1.gz (of link group lzma) doesn't exist
2025-07-15T18:04:33.8634322Z #7 8.936 update-alternatives: warning: skip creation of /usr/share/man/man1/lzdiff.1.gz because associated file /usr/share/man/man1/xzdiff.1.gz (of link group lzma) doesn't exist
2025-07-15T18:04:33.8635654Z #7 8.936 update-alternatives: warning: skip creation of /usr/share/man/man1/lzcmp.1.gz because associated file /usr/share/man/man1/xzcmp.1.gz (of link group lzma) doesn't exist
2025-07-15T18:04:33.8637240Z #7 8.936 update-alternatives: warning: skip creation of /usr/share/man/man1/lzgrep.1.gz because associated file /usr/share/man/man1/xzgrep.1.gz (of link group lzma) doesn't exist
2025-07-15T18:04:33.8638381Z #7 8.936 update-alternatives: warning: skip creation of /usr/share/man/man1/lzegrep.1.gz because associated file /usr/share/man/man1/xzegrep.1.gz (of link group lzma) doesn't exist
2025-07-15T18:04:33.8639466Z #7 8.936 update-alternatives: warning: skip creation of /usr/share/man/man1/lzfgrep.1.gz because associated file /usr/share/man/man1/xzfgrep.1.gz (of link group lzma) doesn't exist
2025-07-15T18:04:33.8640205Z #7 8.939 Setting up libquadmath0:amd64 (12.2.0-14+deb12u1) ...
2025-07-15T18:04:33.8640524Z #7 8.942 Setting up libmpc3:amd64 (1.3.1-1) ...
2025-07-15T18:04:33.8641017Z #7 8.945 Setting up libatomic1:amd64 (12.2.0-14+deb12u1) ...
2025-07-15T18:04:33.8641337Z #7 8.948 Setting up patch (2.7.6-7) ...
2025-07-15T18:04:33.8641620Z #7 8.951 Setting up libgdbm-compat4:amd64 (1.23-3) ...
2025-07-15T18:04:33.8641931Z #7 8.954 Setting up libsasl2-2:amd64 (2.1.28+dfsg-10) ...
2025-07-15T18:04:33.8642247Z #7 8.957 Setting up libubsan1:amd64 (12.2.0-14+deb12u1) ...
2025-07-15T18:04:33.8642547Z #7 8.960 Setting up nano (7.2-1+deb12u1) ...
2025-07-15T18:04:33.8642957Z #7 8.966 update-alternatives: using /bin/nano to provide /usr/bin/editor (editor) in auto mode
2025-07-15T18:04:33.8643775Z #7 8.966 update-alternatives: warning: skip creation of /usr/share/man/man1/editor.1.gz because associated file /usr/share/man/man1/nano.1.gz (of link group editor) doesn't exist
2025-07-15T18:04:33.8644790Z #7 8.968 update-alternatives: using /bin/nano to provide /usr/bin/pico (pico) in auto mode
2025-07-15T18:04:33.8645587Z #7 8.968 update-alternatives: warning: skip creation of /usr/share/man/man1/pico.1.gz because associated file /usr/share/man/man1/nano.1.gz (of link group pico) doesn't exist
2025-07-15T18:04:33.8646256Z #7 8.970 Setting up libnsl-dev:amd64 (1.3.0-2) ...
2025-07-15T18:04:33.8646553Z #7 8.973 Setting up libcrypt-dev:amd64 (1:4.4.33-2) ...
2025-07-15T18:04:33.9620876Z #7 8.981 Setting up libasan8:amd64 (12.2.0-14+deb12u1) ...
2025-07-15T18:04:33.9621577Z #7 8.984 Setting up git-man (1:2.39.5-0+deb12u2) ...
2025-07-15T18:04:33.9622178Z #7 8.987 Setting up libssh2-1:amd64 (1.10.0-3+b1) ...
2025-07-15T18:04:33.9622676Z #7 8.990 Setting up libtsan2:amd64 (12.2.0-14+deb12u1) ...
2025-07-15T18:04:33.9623090Z #7 8.993 Setting up libbinutils:amd64 (2.40-2) ...
2025-07-15T18:04:33.9623526Z #7 8.996 Setting up libisl23:amd64 (0.25-1.1) ...
2025-07-15T18:04:33.9623921Z #7 8.999 Setting up libc-dev-bin (2.36-9+deb12u10) ...
2025-07-15T18:04:33.9624327Z #7 9.002 Setting up libcc1-0:amd64 (12.2.0-14+deb12u1) ...
2025-07-15T18:04:33.9624805Z #7 9.005 Setting up libperl5.36:amd64 (5.36.0-7+deb12u2) ...
2025-07-15T18:04:33.9625424Z #7 9.008 Setting up liblsan0:amd64 (12.2.0-14+deb12u1) ...
2025-07-15T18:04:33.9625833Z #7 9.013 Setting up libitm1:amd64 (12.2.0-14+deb12u1) ...
2025-07-15T18:04:33.9626213Z #7 9.016 Setting up libctf0:amd64 (2.40-2) ...
2025-07-15T18:04:33.9626565Z #7 9.019 Setting up cpp-12 (12.2.0-14+deb12u1) ...
2025-07-15T18:04:33.9627201Z #7 9.022 Setting up libldap-2.5-0:amd64 (2.5.13+dfsg-5) ...
2025-07-15T18:04:33.9627606Z #7 9.025 Setting up perl (5.36.0-7+deb12u2) ...
2025-07-15T18:04:33.9627970Z #7 9.034 Setting up libgprofng0:amd64 (2.40-2) ...
2025-07-15T18:04:33.9628370Z #7 9.037 Setting up libgcc-12-dev:amd64 (12.2.0-14+deb12u1) ...
2025-07-15T18:04:33.9628775Z #7 9.039 Setting up libdpkg-perl (1.21.22) ...
2025-07-15T18:04:33.9629114Z #7 9.042 Setting up cpp (4:12.2.0-3) ...
2025-07-15T18:04:33.9629546Z #7 9.049 Setting up libcurl4:amd64 (7.88.1-10+deb12u12) ...
2025-07-15T18:04:33.9629955Z #7 9.052 Setting up libc6-dev:amd64 (2.36-9+deb12u10) ...
2025-07-15T18:04:33.9645298Z #7 9.055 Setting up curl (7.88.1-10+deb12u12) ...
2025-07-15T18:04:33.9645616Z #7 9.058 Setting up binutils-x86-64-linux-gnu (2.40-2) ...
2025-07-15T18:04:33.9645979Z #7 9.064 Setting up libstdc++-12-dev:amd64 (12.2.0-14+deb12u1) ...
2025-07-15T18:04:33.9646347Z #7 9.068 Setting up libcurl3-gnutls:amd64 (7.88.1-10+deb12u12) ...
2025-07-15T18:04:33.9646651Z #7 9.074 Setting up binutils (2.40-2) ...
2025-07-15T18:04:34.1657393Z #7 9.079 Setting up dpkg-dev (1.21.22) ...
2025-07-15T18:04:34.1658061Z #7 9.084 Setting up liberror-perl (0.17029-2) ...
2025-07-15T18:04:34.1658550Z #7 9.088 Setting up gcc-12 (12.2.0-14+deb12u1) ...
2025-07-15T18:04:34.1659016Z #7 9.091 Setting up git (1:2.39.5-0+deb12u2) ...
2025-07-15T18:04:34.1659453Z #7 9.100 Setting up g++-12 (12.2.0-14+deb12u1) ...
2025-07-15T18:04:34.1659872Z #7 9.103 Setting up gcc (4:12.2.0-3) ...
2025-07-15T18:04:34.1660259Z #7 9.113 Setting up g++ (4:12.2.0-3) ...
2025-07-15T18:04:34.1661218Z #7 9.117 update-alternatives: using /usr/bin/g++ to provide /usr/bin/c++ (c++) in auto mode
2025-07-15T18:04:34.1661912Z #7 9.121 Setting up build-essential (12.9) ...
2025-07-15T18:04:34.1662441Z #7 9.127 Processing triggers for libc-bin (2.36-9+deb12u10) ...
2025-07-15T18:04:34.6406230Z #7 DONE 9.8s
2025-07-15T18:04:34.8015173Z 
2025-07-15T18:04:34.8015664Z #8 [3/6] WORKDIR /app
2025-07-15T18:04:34.8016028Z #8 DONE 0.0s
2025-07-15T18:04:34.8016198Z 
2025-07-15T18:04:34.8016314Z #9 [4/6] COPY . .
2025-07-15T18:04:35.2498142Z #9 DONE 0.6s
2025-07-15T18:04:35.4013387Z 
2025-07-15T18:04:35.4013972Z #10 [5/6] RUN pip install --upgrade pip
2025-07-15T18:04:36.5777450Z #10 1.327 Requirement already satisfied: pip in /usr/local/lib/python3.10/site-packages (23.0.1)
2025-07-15T18:04:36.6845862Z #10 1.434 Collecting pip
2025-07-15T18:04:36.8051715Z #10 1.473   Downloading pip-25.1.1-py3-none-any.whl (1.8 MB)
2025-07-15T18:04:36.8052673Z #10 1.508      ━━━━━━━━━━━━━━━━━━━━━━━━━━━━━━━━━━━━━━━━ 1.8/1.8 MB 57.0 MB/s eta 0:00:00
2025-07-15T18:04:36.8053172Z #10 1.554 Installing collected packages: pip
2025-07-15T18:04:36.9568198Z #10 1.554   Attempting uninstall: pip
2025-07-15T18:04:36.9569061Z #10 1.555     Found existing installation: pip 23.0.1
2025-07-15T18:04:36.9872412Z #10 1.736     Uninstalling pip-23.0.1:
2025-07-15T18:04:37.1497472Z #10 1.748       Successfully uninstalled pip-23.0.1
2025-07-15T18:04:37.8089776Z #10 2.558 Successfully installed pip-25.1.1
2025-07-15T18:04:37.9598148Z #10 2.558 WARNING: Running pip as the 'root' user can result in broken permissions and conflicting behaviour with the system package manager. It is recommended to use a virtual environment instead: https://pip.pypa.io/warnings/venv
2025-07-15T18:04:38.0278131Z #10 DONE 2.8s
2025-07-15T18:04:38.1792150Z 
2025-07-15T18:04:38.1792791Z #11 [6/6] RUN pip install --no-cache-dir -r requirements.txt
2025-07-15T18:04:38.9669965Z #11 0.938 Collecting Flask==3.1.0 (from -r requirements.txt (line 1))
2025-07-15T18:04:39.0715764Z #11 0.974   Downloading flask-3.1.0-py3-none-any.whl.metadata (2.7 kB)
2025-07-15T18:04:39.0716699Z #11 0.987 Collecting Flask-PyMongo==3.0.1 (from -r requirements.txt (line 2))
2025-07-15T18:04:39.0717792Z #11 0.990   Downloading flask_pymongo-3.0.1-py3-none-any.whl.metadata (3.5 kB)
2025-07-15T18:04:39.0718574Z #11 1.043 Collecting pytest==8.2.1 (from -r requirements.txt (line 3))
2025-07-15T18:04:39.1860003Z #11 1.047   Downloading pytest-8.2.1-py3-none-any.whl.metadata (7.6 kB)
2025-07-15T18:04:39.1860811Z #11 1.056 Collecting blinker==1.9.0 (from -r requirements.txt (line 4))
2025-07-15T18:04:39.1861578Z #11 1.059   Downloading blinker-1.9.0-py3-none-any.whl.metadata (1.6 kB)
2025-07-15T18:04:39.1862371Z #11 1.074 Collecting certifi==2025.7.14 (from -r requirements.txt (line 5))
2025-07-15T18:04:39.1863162Z #11 1.077   Downloading certifi-2025.7.14-py3-none-any.whl.metadata (2.4 kB)
2025-07-15T18:04:39.1864004Z #11 1.157 Collecting charset-normalizer==3.4.2 (from -r requirements.txt (line 6))
2025-07-15T18:04:39.3165779Z #11 1.161   Downloading charset_normalizer-3.4.2-cp310-cp310-manylinux_2_17_x86_64.manylinux2014_x86_64.whl.metadata (35 kB)
2025-07-15T18:04:39.3167818Z #11 1.177 Collecting click==8.2.1 (from -r requirements.txt (line 7))
2025-07-15T18:04:39.3168555Z #11 1.180   Downloading click-8.2.1-py3-none-any.whl.metadata (2.5 kB)
2025-07-15T18:04:39.3169182Z #11 1.189 Collecting dnspython==2.7.0 (from -r requirements.txt (line 8))
2025-07-15T18:04:39.3169827Z #11 1.192   Downloading dnspython-2.7.0-py3-none-any.whl.metadata (5.8 kB)
2025-07-15T18:04:39.3170434Z #11 1.207 Collecting idna==3.10 (from -r requirements.txt (line 9))
2025-07-15T18:04:39.3170988Z #11 1.210   Downloading idna-3.10-py3-none-any.whl.metadata (10 kB)
2025-07-15T18:04:39.3171589Z #11 1.218 Collecting itsdangerous==2.2.0 (from -r requirements.txt (line 10))
2025-07-15T18:04:39.3172251Z #11 1.223   Downloading itsdangerous-2.2.0-py3-none-any.whl.metadata (1.9 kB)
2025-07-15T18:04:39.3172884Z #11 1.233 Collecting Jinja2==3.1.6 (from -r requirements.txt (line 11))
2025-07-15T18:04:39.3173656Z #11 1.236   Downloading jinja2-3.1.6-py3-none-any.whl.metadata (2.9 kB)
2025-07-15T18:04:39.3174359Z #11 1.288 Collecting MarkupSafe==3.0.2 (from -r requirements.txt (line 12))
2025-07-15T18:04:39.4803331Z #11 1.291   Downloading MarkupSafe-3.0.2-cp310-cp310-manylinux_2_17_x86_64.manylinux2014_x86_64.whl.metadata (4.0 kB)
2025-07-15T18:04:39.4804266Z #11 1.298 Collecting paho-mqtt==2.1.0 (from -r requirements.txt (line 13))
2025-07-15T18:04:39.4804984Z #11 1.301   Downloading paho_mqtt-2.1.0-py3-none-any.whl.metadata (23 kB)
2025-07-15T18:04:39.6443876Z #11 1.616 Collecting pymongo==4.13.2 (from -r requirements.txt (line 14))
2025-07-15T18:04:39.7472382Z #11 1.619   Downloading pymongo-4.13.2-cp310-cp310-manylinux_2_17_x86_64.manylinux2014_x86_64.whl.metadata (22 kB)
2025-07-15T18:04:39.7473537Z #11 1.637 Collecting python-dotenv==1.1.1 (from -r requirements.txt (line 15))
2025-07-15T18:04:39.7474233Z #11 1.641   Downloading python_dotenv-1.1.1-py3-none-any.whl.metadata (24 kB)
2025-07-15T18:04:39.7474911Z #11 1.665 Collecting requests==2.32.4 (from -r requirements.txt (line 16))
2025-07-15T18:04:39.7475547Z #11 1.668   Downloading requests-2.32.4-py3-none-any.whl.metadata (4.9 kB)
2025-07-15T18:04:39.7476150Z #11 1.688 Collecting urllib3==2.5.0 (from -r requirements.txt (line 17))
2025-07-15T18:04:39.7476742Z #11 1.692   Downloading urllib3-2.5.0-py3-none-any.whl.metadata (6.5 kB)
2025-07-15T18:04:39.7477577Z #11 1.710 Collecting Werkzeug==3.1.3 (from -r requirements.txt (line 18))
2025-07-15T18:04:39.7478182Z #11 1.713   Downloading werkzeug-3.1.3-py3-none-any.whl.metadata (3.7 kB)
2025-07-15T18:04:39.7478828Z #11 1.719 Collecting autodevops-cli==0.1.1 (from -r requirements.txt (line 19))
2025-07-15T18:04:39.8510840Z #11 1.722   Downloading autodevops_cli-0.1.1-py3-none-any.whl.metadata (494 bytes)
2025-07-15T18:04:39.8511789Z #11 1.727 Collecting iniconfig==2.1.0 (from -r requirements.txt (line 20))
2025-07-15T18:04:39.8512618Z #11 1.730   Downloading iniconfig-2.1.0-py3-none-any.whl.metadata (2.7 kB)
2025-07-15T18:04:39.8513483Z #11 1.737 Collecting loguru==0.7.3 (from -r requirements.txt (line 21))
2025-07-15T18:04:39.8514280Z #11 1.743   Downloading loguru-0.7.3-py3-none-any.whl.metadata (22 kB)
2025-07-15T18:04:39.8515043Z #11 1.760 Collecting markdown-it-py==3.0.0 (from -r requirements.txt (line 22))
2025-07-15T18:04:39.8515858Z #11 1.763   Downloading markdown_it_py-3.0.0-py3-none-any.whl.metadata (6.9 kB)
2025-07-15T18:04:39.8516605Z #11 1.773 Collecting mdurl==0.1.2 (from -r requirements.txt (line 23))
2025-07-15T18:04:39.8517660Z #11 1.777   Downloading mdurl-0.1.2-py3-none-any.whl.metadata (1.6 kB)
2025-07-15T18:04:39.8518390Z #11 1.788 Collecting mongomock==4.3.0 (from -r requirements.txt (line 24))
2025-07-15T18:04:39.8519143Z #11 1.792   Downloading mongomock-4.3.0-py2.py3-none-any.whl.metadata (12 kB)
2025-07-15T18:04:39.8519909Z #11 1.809 Collecting packaging==25.0 (from -r requirements.txt (line 25))
2025-07-15T18:04:39.8520598Z #11 1.813   Downloading packaging-25.0-py3-none-any.whl.metadata (3.3 kB)
2025-07-15T18:04:39.8521751Z #11 1.822 Collecting pluggy==1.6.0 (from -r requirements.txt (line 26))
2025-07-15T18:04:39.9522591Z #11 1.826   Downloading pluggy-1.6.0-py3-none-any.whl.metadata (4.8 kB)
2025-07-15T18:04:39.9523479Z #11 1.844 Collecting Pygments==2.19.2 (from -r requirements.txt (line 27))
2025-07-15T18:04:39.9524260Z #11 1.848   Downloading pygments-2.19.2-py3-none-any.whl.metadata (2.5 kB)
2025-07-15T18:04:39.9525010Z #11 1.883 Collecting pytz==2025.2 (from -r requirements.txt (line 28))
2025-07-15T18:04:39.9525780Z #11 1.887   Downloading pytz-2025.2-py2.py3-none-any.whl.metadata (22 kB)
2025-07-15T18:04:39.9526515Z #11 1.924 Collecting rich==14.0.0 (from -r requirements.txt (line 29))
2025-07-15T18:04:40.1249715Z #11 1.927   Downloading rich-14.0.0-py3-none-any.whl.metadata (18 kB)
2025-07-15T18:04:40.1250615Z #11 1.935 Collecting sentinels==1.0.0 (from -r requirements.txt (line 30))
2025-07-15T18:04:40.1251334Z #11 1.939   Downloading sentinels-1.0.0.tar.gz (4.1 kB)
2025-07-15T18:04:40.7010973Z #11 1.946   Preparing metadata (setup.py): started
2025-07-15T18:04:40.7011793Z #11 2.672   Preparing metadata (setup.py): finished with status 'done'
2025-07-15T18:04:40.8348863Z #11 2.684 Collecting sh==2.2.2 (from -r requirements.txt (line 31))
2025-07-15T18:04:40.8349773Z #11 2.687   Downloading sh-2.2.2-py3-none-any.whl.metadata (3.7 kB)
2025-07-15T18:04:40.8350657Z #11 2.722 Collecting exceptiongroup>=1.0.0rc8 (from pytest==8.2.1->-r requirements.txt (line 3))
2025-07-15T18:04:40.8351656Z #11 2.725   Downloading exceptiongroup-1.3.0-py3-none-any.whl.metadata (6.7 kB)
2025-07-15T18:04:40.8352528Z #11 2.738 Collecting tomli>=1 (from pytest==8.2.1->-r requirements.txt (line 3))
2025-07-15T18:04:40.8353296Z #11 2.742   Downloading tomli-2.2.1-py3-none-any.whl.metadata (10 kB)
2025-07-15T18:04:40.8354169Z #11 2.806 Collecting typing-extensions<5.0,>=4.0.0 (from rich==14.0.0->-r requirements.txt (line 29))
2025-07-15T18:04:40.9367413Z #11 2.810   Downloading typing_extensions-4.14.1-py3-none-any.whl.metadata (3.0 kB)
2025-07-15T18:04:40.9368187Z #11 2.827 Downloading flask-3.1.0-py3-none-any.whl (102 kB)
2025-07-15T18:04:40.9368729Z #11 2.831 Downloading flask_pymongo-3.0.1-py3-none-any.whl (11 kB)
2025-07-15T18:04:40.9369275Z #11 2.835 Downloading pytest-8.2.1-py3-none-any.whl (339 kB)
2025-07-15T18:04:40.9369773Z #11 2.839 Downloading pluggy-1.6.0-py3-none-any.whl (20 kB)
2025-07-15T18:04:40.9370262Z #11 2.842 Downloading blinker-1.9.0-py3-none-any.whl (8.5 kB)
2025-07-15T18:04:40.9370789Z #11 2.846 Downloading certifi-2025.7.14-py3-none-any.whl (162 kB)
2025-07-15T18:04:40.9371569Z #11 2.850 Downloading charset_normalizer-3.4.2-cp310-cp310-manylinux_2_17_x86_64.manylinux2014_x86_64.whl (149 kB)
2025-07-15T18:04:40.9372347Z #11 2.853 Downloading click-8.2.1-py3-none-any.whl (102 kB)
2025-07-15T18:04:40.9372877Z #11 2.857 Downloading dnspython-2.7.0-py3-none-any.whl (313 kB)
2025-07-15T18:04:40.9373385Z #11 2.861 Downloading idna-3.10-py3-none-any.whl (70 kB)
2025-07-15T18:04:40.9373910Z #11 2.865 Downloading itsdangerous-2.2.0-py3-none-any.whl (16 kB)
2025-07-15T18:04:40.9374445Z #11 2.868 Downloading jinja2-3.1.6-py3-none-any.whl (134 kB)
2025-07-15T18:04:40.9375152Z #11 2.872 Downloading MarkupSafe-3.0.2-cp310-cp310-manylinux_2_17_x86_64.manylinux2014_x86_64.whl (20 kB)
2025-07-15T18:04:40.9375881Z #11 2.875 Downloading paho_mqtt-2.1.0-py3-none-any.whl (67 kB)
2025-07-15T18:04:40.9376574Z #11 2.879 Downloading pymongo-4.13.2-cp310-cp310-manylinux_2_17_x86_64.manylinux2014_x86_64.whl (1.2 MB)
2025-07-15T18:04:40.9377626Z #11 2.884    ━━━━━━━━━━━━━━━━━━━━━━━━━━━━━━━━━━━━━━━━ 1.2/1.2 MB 482.4 MB/s eta 0:00:00
2025-07-15T18:04:40.9378062Z #11 2.888 Downloading python_dotenv-1.1.1-py3-none-any.whl (20 kB)
2025-07-15T18:04:40.9378487Z #11 2.891 Downloading requests-2.32.4-py3-none-any.whl (64 kB)
2025-07-15T18:04:40.9378882Z #11 2.895 Downloading urllib3-2.5.0-py3-none-any.whl (129 kB)
2025-07-15T18:04:40.9379277Z #11 2.898 Downloading werkzeug-3.1.3-py3-none-any.whl (224 kB)
2025-07-15T18:04:40.9379710Z #11 2.902 Downloading autodevops_cli-0.1.1-py3-none-any.whl (4.1 kB)
2025-07-15T18:04:40.9380433Z #11 2.905 Downloading iniconfig-2.1.0-py3-none-any.whl (6.0 kB)
2025-07-15T18:04:40.9380833Z #11 2.908 Downloading loguru-0.7.3-py3-none-any.whl (61 kB)
2025-07-15T18:04:41.1744318Z #11 2.911 Downloading markdown_it_py-3.0.0-py3-none-any.whl (87 kB)
2025-07-15T18:04:41.1745121Z #11 2.915 Downloading mdurl-0.1.2-py3-none-any.whl (10.0 kB)
2025-07-15T18:04:41.1745704Z #11 2.923 Downloading mongomock-4.3.0-py2.py3-none-any.whl (64 kB)
2025-07-15T18:04:41.1746258Z #11 2.926 Downloading packaging-25.0-py3-none-any.whl (66 kB)
2025-07-15T18:04:41.1746784Z #11 2.930 Downloading pygments-2.19.2-py3-none-any.whl (1.2 MB)
2025-07-15T18:04:41.1747889Z #11 2.935    ━━━━━━━━━━━━━━━━━━━━━━━━━━━━━━━━━━━━━━━━ 1.2/1.2 MB 346.7 MB/s eta 0:00:00
2025-07-15T18:04:41.1748424Z #11 2.940 Downloading pytz-2025.2-py2.py3-none-any.whl (509 kB)
2025-07-15T18:04:41.1748939Z #11 2.946 Downloading rich-14.0.0-py3-none-any.whl (243 kB)
2025-07-15T18:04:41.1749823Z #11 2.949 Downloading sh-2.2.2-py3-none-any.whl (38 kB)
2025-07-15T18:04:41.1750375Z #11 2.953 Downloading typing_extensions-4.14.1-py3-none-any.whl (43 kB)
2025-07-15T18:04:41.1750987Z #11 2.956 Downloading exceptiongroup-1.3.0-py3-none-any.whl (16 kB)
2025-07-15T18:04:41.1751525Z #11 2.959 Downloading tomli-2.2.1-py3-none-any.whl (14 kB)
2025-07-15T18:04:41.1752007Z #11 2.994 Building wheels for collected packages: sentinels
2025-07-15T18:04:41.1754364Z #11 2.995   DEPRECATION: Building 'sentinels' using the legacy setup.py bdist_wheel mechanism, which will be removed in a future version. pip 25.3 will enforce this behaviour change. A possible replacement is to use the standardized build interface by setting the `--use-pep517` option, (possibly combined with `--no-build-isolation`), or adding a `pyproject.toml` file to the source tree of 'sentinels'. Discussion can be found at https://github.com/pypa/pip/issues/6334
2025-07-15T18:04:41.1756674Z #11 2.995   Building wheel for sentinels (setup.py): started
2025-07-15T18:04:41.8756271Z #11 3.847   Building wheel for sentinels (setup.py): finished with status 'done'
2025-07-15T18:04:42.0999200Z #11 3.848   Created wheel for sentinels: filename=sentinels-1.0.0-py3-none-any.whl size=3175 sha256=f644d41e9ca06d78000356ecf824d97c2fabd090cd67e81b14ce5bc0bb6abbce
2025-07-15T18:04:42.1000933Z #11 3.848   Stored in directory: /tmp/pip-ephem-wheel-cache-chhala55/wheels/26/bc/eb/67e56405e0684b3d8c011cf4d18129c41be394775fd5ba2347
2025-07-15T18:04:42.1001901Z #11 3.850 Successfully built sentinels
2025-07-15T18:04:42.1004198Z #11 3.921 Installing collected packages: sentinels, pytz, urllib3, typing-extensions, tomli, sh, python-dotenv, Pygments, pluggy, paho-mqtt, packaging, mdurl, MarkupSafe, loguru, itsdangerous, iniconfig, idna, dnspython, click, charset-normalizer, certifi, blinker, Werkzeug, requests, pymongo, mongomock, markdown-it-py, Jinja2, exceptiongroup, rich, pytest, Flask, Flask-PyMongo, autodevops-cli
2025-07-15T18:04:44.3814905Z #11 6.353 
2025-07-15T18:04:44.5400334Z #11 6.360 Successfully installed Flask-3.1.0 Flask-PyMongo-3.0.1 Jinja2-3.1.6 MarkupSafe-3.0.2 Pygments-2.19.2 Werkzeug-3.1.3 autodevops-cli-0.1.1 blinker-1.9.0 certifi-2025.7.14 charset-normalizer-3.4.2 click-8.2.1 dnspython-2.7.0 exceptiongroup-1.3.0 idna-3.10 iniconfig-2.1.0 itsdangerous-2.2.0 loguru-0.7.3 markdown-it-py-3.0.0 mdurl-0.1.2 mongomock-4.3.0 packaging-25.0 paho-mqtt-2.1.0 pluggy-1.6.0 pymongo-4.13.2 pytest-8.2.1 python-dotenv-1.1.1 pytz-2025.2 requests-2.32.4 rich-14.0.0 sentinels-1.0.0 sh-2.2.2 tomli-2.2.1 typing-extensions-4.14.1 urllib3-2.5.0
2025-07-15T18:04:44.5404009Z #11 6.361 WARNING: Running pip as the 'root' user can result in broken permissions and conflicting behaviour with the system package manager, possibly rendering your system unusable. It is recommended to use a virtual environment instead: https://pip.pypa.io/warnings/venv. Use the --root-user-action option if you know what you are doing and want to suppress this warning.
2025-07-15T18:04:44.6934581Z #11 DONE 6.7s
2025-07-15T18:04:44.8456825Z 
2025-07-15T18:04:44.8458439Z #12 exporting to image
2025-07-15T18:04:44.8459072Z #12 exporting layers
2025-07-15T18:04:46.5383668Z #12 exporting layers 1.8s done
2025-07-15T18:04:46.5637449Z #12 writing image sha256:45d641a897a48e6820c49f576d2530626a38919015b9bdc465a76d0826f432e8 done
2025-07-15T18:04:46.5640825Z #12 naming to docker.io/***/flask-ci-cd-demo done
2025-07-15T18:04:46.5641471Z #12 DONE 1.9s
2025-07-15T18:04:46.5730738Z ##[group]Run docker push ***/flask-ci-cd-demo
2025-07-15T18:04:46.5731481Z [36;1mdocker push ***/flask-ci-cd-demo[0m
2025-07-15T18:04:46.5772737Z shell: /usr/bin/bash -e {0}
2025-07-15T18:04:46.5773139Z env:
2025-07-15T18:04:46.5773567Z   pythonLocation: /opt/hostedtoolcache/Python/3.10.18/x64
2025-07-15T18:04:46.5774290Z   PKG_CONFIG_PATH: /opt/hostedtoolcache/Python/3.10.18/x64/lib/pkgconfig
2025-07-15T18:04:46.5774946Z   Python_ROOT_DIR: /opt/hostedtoolcache/Python/3.10.18/x64
2025-07-15T18:04:46.5775583Z   Python2_ROOT_DIR: /opt/hostedtoolcache/Python/3.10.18/x64
2025-07-15T18:04:46.5776295Z   Python3_ROOT_DIR: /opt/hostedtoolcache/Python/3.10.18/x64
2025-07-15T18:04:46.5777158Z   LD_LIBRARY_PATH: /opt/hostedtoolcache/Python/3.10.18/x64/lib
2025-07-15T18:04:46.5777709Z ##[endgroup]
2025-07-15T18:04:46.5943612Z Using default tag: latest
2025-07-15T18:04:46.5959675Z The push refers to repository [docker.io/***/flask-ci-cd-demo]
2025-07-15T18:04:46.6093857Z 07929261a931: Preparing
2025-07-15T18:04:46.6094135Z 2f6ea18c94d6: Preparing
2025-07-15T18:04:46.6094449Z c7c98b8ec4f8: Preparing
2025-07-15T18:04:46.6094714Z 54d75772c38f: Preparing
2025-07-15T18:04:46.6094904Z 84547bdf651e: Preparing
2025-07-15T18:04:46.6095096Z 31abbb538de0: Preparing
2025-07-15T18:04:46.6095287Z a2ccf7527b3c: Preparing
2025-07-15T18:04:46.6095471Z abd92ba2021e: Preparing
2025-07-15T18:04:46.6095663Z 1bb35e8b4de1: Preparing
2025-07-15T18:04:46.6095851Z 31abbb538de0: Waiting
2025-07-15T18:04:46.6096033Z a2ccf7527b3c: Waiting
2025-07-15T18:04:46.6096212Z abd92ba2021e: Waiting
2025-07-15T18:04:46.6096407Z 1bb35e8b4de1: Waiting
2025-07-15T18:04:47.7636385Z 54d75772c38f: Pushed
2025-07-15T18:04:47.8730032Z 31abbb538de0: Layer already exists
2025-07-15T18:04:47.9539020Z a2ccf7527b3c: Layer already exists
2025-07-15T18:04:48.0304771Z abd92ba2021e: Layer already exists
2025-07-15T18:04:48.1164717Z 1bb35e8b4de1: Layer already exists
2025-07-15T18:04:48.2896809Z 2f6ea18c94d6: Pushed
2025-07-15T18:04:50.8238706Z 07929261a931: Pushed
2025-07-15T18:04:50.9716257Z c7c98b8ec4f8: Pushed
2025-07-15T18:05:01.3394279Z 84547bdf651e: Pushed
2025-07-15T18:05:03.7452893Z latest: digest: sha256:92ec885566fc104af81f2926c84e5ff44887b047963dc892dc45286b013a731f size: 2212
2025-07-15T18:05:03.7521598Z Post job cleanup.
2025-07-15T18:05:04.0603592Z [command]/usr/bin/docker logout 
2025-07-15T18:05:04.0740993Z Removing login credentials for https://index.docker.io/v1/
2025-07-15T18:05:04.0776350Z ##[group]Post cache
2025-07-15T18:05:04.0778654Z State not set
2025-07-15T18:05:04.0779822Z ##[endgroup]
2025-07-15T18:05:04.0910977Z Post job cleanup.
2025-07-15T18:05:04.2631715Z Post job cleanup.
2025-07-15T18:05:04.3420760Z [command]/usr/bin/git version
2025-07-15T18:05:04.3457303Z git version 2.50.1
2025-07-15T18:05:04.3504837Z Temporarily overriding HOME='/home/runner/work/_temp/d05a0d50-2ed4-4bc4-a97b-fbec9c253d29' before making global git config changes
2025-07-15T18:05:04.3505672Z Adding repository directory to the temporary git global config as a safe directory
2025-07-15T18:05:04.3508112Z [command]/usr/bin/git config --global --add safe.directory /home/runner/work/testing-CI-CD/testing-CI-CD
2025-07-15T18:05:04.3542205Z [command]/usr/bin/git config --local --name-only --get-regexp core\.sshCommand
2025-07-15T18:05:04.3573165Z [command]/usr/bin/git submodule foreach --recursive sh -c "git config --local --name-only --get-regexp 'core\.sshCommand' && git config --local --unset-all 'core.sshCommand' || :"
2025-07-15T18:05:04.3820761Z [command]/usr/bin/git config --local --name-only --get-regexp http\.https\:\/\/github\.com\/\.extraheader
2025-07-15T18:05:04.3843758Z http.https://github.com/.extraheader
2025-07-15T18:05:04.3856273Z [command]/usr/bin/git config --local --unset-all http.https://github.com/.extraheader
2025-07-15T18:05:04.3888460Z [command]/usr/bin/git submodule foreach --recursive sh -c "git config --local --name-only --get-regexp 'http\.https\:\/\/github\.com\/\.extraheader' && git config --local --unset-all 'http.https://github.com/.extraheader' || :"
2025-07-15T18:05:04.4230584Z Cleaning up orphan processes
