2025-07-16T05:21:21.5660003Z Current runner version: '2.326.0'
2025-07-16T05:21:21.5692992Z ##[group]Runner Image Provisioner
2025-07-16T05:21:21.5694191Z Hosted Compute Agent
2025-07-16T05:21:21.5695346Z Version: 20250711.363
2025-07-16T05:21:21.5696384Z Commit: 6785254374ce925a23743850c1cb91912ce5c14c
2025-07-16T05:21:21.5697460Z Build Date: 2025-07-11T20:04:25Z
2025-07-16T05:21:21.5698477Z ##[endgroup]
2025-07-16T05:21:21.5699418Z ##[group]Operating System
2025-07-16T05:21:21.5700290Z Ubuntu
2025-07-16T05:21:21.5701057Z 24.04.2
2025-07-16T05:21:21.5701784Z LTS
2025-07-16T05:21:21.5702593Z ##[endgroup]
2025-07-16T05:21:21.5703372Z ##[group]Runner Image
2025-07-16T05:21:21.5704262Z Image: ubuntu-24.04
2025-07-16T05:21:21.5705544Z Version: 20250710.1.0
2025-07-16T05:21:21.5707246Z Included Software: https://github.com/actions/runner-images/blob/ubuntu24/20250710.1/images/ubuntu/Ubuntu2404-Readme.md
2025-07-16T05:21:21.5709861Z Image Release: https://github.com/actions/runner-images/releases/tag/ubuntu24%2F20250710.1
2025-07-16T05:21:21.5711696Z ##[endgroup]
2025-07-16T05:21:21.5713557Z ##[group]GITHUB_TOKEN Permissions
2025-07-16T05:21:21.5716416Z Contents: read
2025-07-16T05:21:21.5717223Z Metadata: read
2025-07-16T05:21:21.5718090Z Packages: read
2025-07-16T05:21:21.5718987Z ##[endgroup]
2025-07-16T05:21:21.5721774Z Secret source: Actions
2025-07-16T05:21:21.5723031Z Prepare workflow directory
2025-07-16T05:21:21.6184007Z Prepare all required actions
2025-07-16T05:21:21.6240261Z Getting action download info
2025-07-16T05:21:21.9115868Z ##[group]Download immutable action package 'actions/checkout@v3'
2025-07-16T05:21:21.9116886Z Version: 3.6.0
2025-07-16T05:21:21.9117932Z Digest: sha256:942562b9c7d4b1f2557f1da21f4d3eb4eb4fd01f2ad78b2a6e187d1b193e0a0f
2025-07-16T05:21:21.9119138Z Source commit SHA: f43a0e5ff2bd294095638e18286ca9a3d1956744
2025-07-16T05:21:21.9119827Z ##[endgroup]
2025-07-16T05:21:22.0189835Z ##[group]Download immutable action package 'actions/setup-python@v4'
2025-07-16T05:21:22.0190640Z Version: 4.9.1
2025-07-16T05:21:22.0191480Z Digest: sha256:f03e505388af670b5a108629e0ba26befc08d5c62b41f46146a45fe29ae509a5
2025-07-16T05:21:22.0192438Z Source commit SHA: 7f4fc3e22c37d6ff65e88745f38bd3157c663f7c
2025-07-16T05:21:22.0193090Z ##[endgroup]
2025-07-16T05:21:22.2403728Z ##[group]Download immutable action package 'docker/login-action@v3'
2025-07-16T05:21:22.2404696Z Version: 3.4.0
2025-07-16T05:21:22.2405490Z Digest: sha256:864ebd28db095e1602e6ef999f46a4f575083ea874918fbccf0994c2a7680450
2025-07-16T05:21:22.2406562Z Source commit SHA: 74a5d142397b4f367a81961eba4e8cd7edddf772
2025-07-16T05:21:22.2407239Z ##[endgroup]
2025-07-16T05:21:22.5516324Z Complete job name: build-test-deploy
2025-07-16T05:21:22.6239928Z ##[group]Run actions/checkout@v3
2025-07-16T05:21:22.6240934Z with:
2025-07-16T05:21:22.6241399Z   repository: Dinesh-4/Devops
2025-07-16T05:21:22.6242265Z   token: ***
2025-07-16T05:21:22.6242713Z   ssh-strict: true
2025-07-16T05:21:22.6243239Z   persist-credentials: true
2025-07-16T05:21:22.6243825Z   clean: true
2025-07-16T05:21:22.6244350Z   sparse-checkout-cone-mode: true
2025-07-16T05:21:22.6245170Z   fetch-depth: 1
2025-07-16T05:21:22.6245650Z   fetch-tags: false
2025-07-16T05:21:22.6246118Z   lfs: false
2025-07-16T05:21:22.6246556Z   submodules: false
2025-07-16T05:21:22.6247068Z   set-safe-directory: true
2025-07-16T05:21:22.6247978Z ##[endgroup]
2025-07-16T05:21:22.7082595Z Syncing repository: Dinesh-4/Devops
2025-07-16T05:21:22.7084940Z ##[group]Getting Git version info
2025-07-16T05:21:22.7085915Z Working directory is '/home/runner/work/Devops/Devops'
2025-07-16T05:21:22.7087226Z [command]/usr/bin/git version
2025-07-16T05:21:22.7135591Z git version 2.50.1
2025-07-16T05:21:22.7162443Z ##[endgroup]
2025-07-16T05:21:22.7178846Z Temporarily overriding HOME='/home/runner/work/_temp/0c8078ed-4bf6-41a7-a6eb-3a35f2f31474' before making global git config changes
2025-07-16T05:21:22.7182888Z Adding repository directory to the temporary git global config as a safe directory
2025-07-16T05:21:22.7185971Z [command]/usr/bin/git config --global --add safe.directory /home/runner/work/Devops/Devops
2025-07-16T05:21:22.7214627Z Deleting the contents of '/home/runner/work/Devops/Devops'
2025-07-16T05:21:22.7218306Z ##[group]Initializing the repository
2025-07-16T05:21:22.7222018Z [command]/usr/bin/git init /home/runner/work/Devops/Devops
2025-07-16T05:21:22.7306379Z hint: Using 'master' as the name for the initial branch. This default branch name
2025-07-16T05:21:22.7308226Z hint: is subject to change. To configure the initial branch name to use in all
2025-07-16T05:21:22.7310321Z hint: of your new repositories, which will suppress this warning, call:
2025-07-16T05:21:22.7311985Z hint:
2025-07-16T05:21:22.7313110Z hint: 	git config --global init.defaultBranch <name>
2025-07-16T05:21:22.7314788Z hint:
2025-07-16T05:21:22.7316390Z hint: Names commonly chosen instead of 'master' are 'main', 'trunk' and
2025-07-16T05:21:22.7318902Z hint: 'development'. The just-created branch can be renamed via this command:
2025-07-16T05:21:22.7320771Z hint:
2025-07-16T05:21:22.7321600Z hint: 	git branch -m <name>
2025-07-16T05:21:22.7322562Z hint:
2025-07-16T05:21:22.7323947Z hint: Disable this message with "git config set advice.defaultBranchName false"
2025-07-16T05:21:22.7326484Z Initialized empty Git repository in /home/runner/work/Devops/Devops/.git/
2025-07-16T05:21:22.7328757Z [command]/usr/bin/git remote add origin https://github.com/Dinesh-4/Devops
2025-07-16T05:21:22.7353026Z ##[endgroup]
2025-07-16T05:21:22.7353953Z ##[group]Disabling automatic garbage collection
2025-07-16T05:21:22.7355401Z [command]/usr/bin/git config --local gc.auto 0
2025-07-16T05:21:22.7380844Z ##[endgroup]
2025-07-16T05:21:22.7381683Z ##[group]Setting up auth
2025-07-16T05:21:22.7386009Z [command]/usr/bin/git config --local --name-only --get-regexp core\.sshCommand
2025-07-16T05:21:22.7411420Z [command]/usr/bin/git submodule foreach --recursive sh -c "git config --local --name-only --get-regexp 'core\.sshCommand' && git config --local --unset-all 'core.sshCommand' || :"
2025-07-16T05:21:22.7696945Z [command]/usr/bin/git config --local --name-only --get-regexp http\.https\:\/\/github\.com\/\.extraheader
2025-07-16T05:21:22.7722810Z [command]/usr/bin/git submodule foreach --recursive sh -c "git config --local --name-only --get-regexp 'http\.https\:\/\/github\.com\/\.extraheader' && git config --local --unset-all 'http.https://github.com/.extraheader' || :"
2025-07-16T05:21:22.7941703Z [command]/usr/bin/git config --local http.https://github.com/.extraheader AUTHORIZATION: basic ***
2025-07-16T05:21:22.7974801Z ##[endgroup]
2025-07-16T05:21:22.7976471Z ##[group]Fetching the repository
2025-07-16T05:21:22.7986057Z [command]/usr/bin/git -c protocol.version=2 fetch --no-tags --prune --progress --no-recurse-submodules --depth=1 origin +5215a6cbd4e6126e76febfa67961faa5777cd081:refs/remotes/origin/main
2025-07-16T05:21:22.9482236Z remote: Enumerating objects: 4182, done.        
2025-07-16T05:21:22.9484055Z remote: Counting objects:   0% (1/4182)        
2025-07-16T05:21:22.9485302Z remote: Counting objects:   1% (42/4182)        
2025-07-16T05:21:22.9486216Z remote: Counting objects:   2% (84/4182)        
2025-07-16T05:21:22.9487066Z remote: Counting objects:   3% (126/4182)        
2025-07-16T05:21:22.9487909Z remote: Counting objects:   4% (168/4182)        
2025-07-16T05:21:22.9488754Z remote: Counting objects:   5% (210/4182)        
2025-07-16T05:21:22.9489608Z remote: Counting objects:   6% (251/4182)        
2025-07-16T05:21:22.9490449Z remote: Counting objects:   7% (293/4182)        
2025-07-16T05:21:22.9491287Z remote: Counting objects:   8% (335/4182)        
2025-07-16T05:21:22.9492144Z remote: Counting objects:   9% (377/4182)        
2025-07-16T05:21:22.9492963Z remote: Counting objects:  10% (419/4182)        
2025-07-16T05:21:22.9493765Z remote: Counting objects:  11% (461/4182)        
2025-07-16T05:21:22.9494812Z remote: Counting objects:  12% (502/4182)        
2025-07-16T05:21:22.9495680Z remote: Counting objects:  13% (544/4182)        
2025-07-16T05:21:22.9496494Z remote: Counting objects:  14% (586/4182)        
2025-07-16T05:21:22.9497602Z remote: Counting objects:  15% (628/4182)        
2025-07-16T05:21:22.9498423Z remote: Counting objects:  16% (670/4182)        
2025-07-16T05:21:22.9499229Z remote: Counting objects:  17% (711/4182)        
2025-07-16T05:21:22.9500492Z remote: Counting objects:  18% (753/4182)        
2025-07-16T05:21:22.9502066Z remote: Counting objects:  19% (795/4182)        
2025-07-16T05:21:22.9503628Z remote: Counting objects:  20% (837/4182)        
2025-07-16T05:21:22.9505333Z remote: Counting objects:  21% (879/4182)        
2025-07-16T05:21:22.9506763Z remote: Counting objects:  22% (921/4182)        
2025-07-16T05:21:22.9507751Z remote: Counting objects:  23% (962/4182)        
2025-07-16T05:21:22.9508580Z remote: Counting objects:  24% (1004/4182)        
2025-07-16T05:21:22.9509411Z remote: Counting objects:  25% (1046/4182)        
2025-07-16T05:21:22.9510238Z remote: Counting objects:  26% (1088/4182)        
2025-07-16T05:21:22.9511060Z remote: Counting objects:  27% (1130/4182)        
2025-07-16T05:21:22.9511893Z remote: Counting objects:  28% (1171/4182)        
2025-07-16T05:21:22.9512727Z remote: Counting objects:  29% (1213/4182)        
2025-07-16T05:21:22.9513635Z remote: Counting objects:  30% (1255/4182)        
2025-07-16T05:21:22.9515338Z remote: Counting objects:  31% (1297/4182)        
2025-07-16T05:21:22.9516260Z remote: Counting objects:  32% (1339/4182)        
2025-07-16T05:21:22.9517102Z remote: Counting objects:  33% (1381/4182)        
2025-07-16T05:21:22.9517926Z remote: Counting objects:  34% (1422/4182)        
2025-07-16T05:21:22.9518763Z remote: Counting objects:  35% (1464/4182)        
2025-07-16T05:21:22.9519599Z remote: Counting objects:  36% (1506/4182)        
2025-07-16T05:21:22.9520416Z remote: Counting objects:  37% (1548/4182)        
2025-07-16T05:21:22.9521243Z remote: Counting objects:  38% (1590/4182)        
2025-07-16T05:21:22.9522075Z remote: Counting objects:  39% (1631/4182)        
2025-07-16T05:21:22.9522895Z remote: Counting objects:  40% (1673/4182)        
2025-07-16T05:21:22.9523717Z remote: Counting objects:  41% (1715/4182)        
2025-07-16T05:21:22.9524808Z remote: Counting objects:  42% (1757/4182)        
2025-07-16T05:21:22.9525663Z remote: Counting objects:  43% (1799/4182)        
2025-07-16T05:21:22.9526487Z remote: Counting objects:  44% (1841/4182)        
2025-07-16T05:21:22.9527303Z remote: Counting objects:  45% (1882/4182)        
2025-07-16T05:21:22.9528133Z remote: Counting objects:  46% (1924/4182)        
2025-07-16T05:21:22.9528970Z remote: Counting objects:  47% (1966/4182)        
2025-07-16T05:21:22.9529981Z remote: Counting objects:  48% (2008/4182)        
2025-07-16T05:21:22.9530831Z remote: Counting objects:  49% (2050/4182)        
2025-07-16T05:21:22.9531641Z remote: Counting objects:  50% (2091/4182)        
2025-07-16T05:21:22.9532809Z remote: Counting objects:  51% (2133/4182)        
2025-07-16T05:21:22.9534279Z remote: Counting objects:  52% (2175/4182)        
2025-07-16T05:21:22.9535398Z remote: Counting objects:  53% (2217/4182)        
2025-07-16T05:21:22.9536282Z remote: Counting objects:  54% (2259/4182)        
2025-07-16T05:21:22.9537100Z remote: Counting objects:  55% (2301/4182)        
2025-07-16T05:21:22.9537911Z remote: Counting objects:  56% (2342/4182)        
2025-07-16T05:21:22.9538722Z remote: Counting objects:  57% (2384/4182)        
2025-07-16T05:21:22.9539536Z remote: Counting objects:  58% (2426/4182)        
2025-07-16T05:21:22.9540340Z remote: Counting objects:  59% (2468/4182)        
2025-07-16T05:21:22.9541187Z remote: Counting objects:  60% (2510/4182)        
2025-07-16T05:21:22.9542057Z remote: Counting objects:  61% (2552/4182)        
2025-07-16T05:21:22.9542952Z remote: Counting objects:  62% (2593/4182)        
2025-07-16T05:21:22.9543961Z remote: Counting objects:  63% (2635/4182)        
2025-07-16T05:21:22.9545740Z remote: Counting objects:  64% (2677/4182)        
2025-07-16T05:21:22.9547187Z remote: Counting objects:  65% (2719/4182)        
2025-07-16T05:21:22.9548264Z remote: Counting objects:  66% (2761/4182)        
2025-07-16T05:21:22.9549095Z remote: Counting objects:  67% (2802/4182)        
2025-07-16T05:21:22.9549921Z remote: Counting objects:  68% (2844/4182)        
2025-07-16T05:21:22.9550733Z remote: Counting objects:  69% (2886/4182)        
2025-07-16T05:21:22.9551543Z remote: Counting objects:  70% (2928/4182)        
2025-07-16T05:21:22.9552411Z remote: Counting objects:  71% (2970/4182)        
2025-07-16T05:21:22.9553278Z remote: Counting objects:  72% (3012/4182)        
2025-07-16T05:21:22.9554133Z remote: Counting objects:  73% (3053/4182)        
2025-07-16T05:21:22.9555199Z remote: Counting objects:  74% (3095/4182)        
2025-07-16T05:21:22.9556012Z remote: Counting objects:  75% (3137/4182)        
2025-07-16T05:21:22.9556816Z remote: Counting objects:  76% (3179/4182)        
2025-07-16T05:21:22.9557609Z remote: Counting objects:  77% (3221/4182)        
2025-07-16T05:21:22.9558412Z remote: Counting objects:  78% (3262/4182)        
2025-07-16T05:21:22.9559211Z remote: Counting objects:  79% (3304/4182)        
2025-07-16T05:21:22.9560000Z remote: Counting objects:  80% (3346/4182)        
2025-07-16T05:21:22.9560801Z remote: Counting objects:  81% (3388/4182)        
2025-07-16T05:21:22.9561605Z remote: Counting objects:  82% (3430/4182)        
2025-07-16T05:21:22.9562505Z remote: Counting objects:  83% (3472/4182)        
2025-07-16T05:21:22.9563709Z remote: Counting objects:  84% (3513/4182)        
2025-07-16T05:21:22.9565296Z remote: Counting objects:  85% (3555/4182)        
2025-07-16T05:21:22.9566160Z remote: Counting objects:  86% (3597/4182)        
2025-07-16T05:21:22.9567028Z remote: Counting objects:  87% (3639/4182)        
2025-07-16T05:21:22.9567897Z remote: Counting objects:  88% (3681/4182)        
2025-07-16T05:21:22.9568769Z remote: Counting objects:  89% (3722/4182)        
2025-07-16T05:21:22.9569569Z remote: Counting objects:  90% (3764/4182)        
2025-07-16T05:21:22.9570373Z remote: Counting objects:  91% (3806/4182)        
2025-07-16T05:21:22.9571396Z remote: Counting objects:  92% (3848/4182)        
2025-07-16T05:21:22.9572778Z remote: Counting objects:  93% (3890/4182)        
2025-07-16T05:21:22.9573781Z remote: Counting objects:  94% (3932/4182)        
2025-07-16T05:21:22.9575219Z remote: Counting objects:  95% (3973/4182)        
2025-07-16T05:21:22.9576617Z remote: Counting objects:  96% (4015/4182)        
2025-07-16T05:21:22.9577454Z remote: Counting objects:  97% (4057/4182)        
2025-07-16T05:21:22.9578275Z remote: Counting objects:  98% (4099/4182)        
2025-07-16T05:21:22.9579422Z remote: Counting objects:  99% (4141/4182)        
2025-07-16T05:21:22.9580612Z remote: Counting objects: 100% (4182/4182)        
2025-07-16T05:21:22.9582363Z remote: Counting objects: 100% (4182/4182), done.        
2025-07-16T05:21:22.9584102Z remote: Compressing objects:   0% (1/3567)        
2025-07-16T05:21:22.9585587Z remote: Compressing objects:   1% (36/3567)        
2025-07-16T05:21:22.9586935Z remote: Compressing objects:   2% (72/3567)        
2025-07-16T05:21:22.9587986Z remote: Compressing objects:   3% (108/3567)        
2025-07-16T05:21:22.9588924Z remote: Compressing objects:   4% (143/3567)        
2025-07-16T05:21:22.9590077Z remote: Compressing objects:   5% (179/3567)        
2025-07-16T05:21:22.9591644Z remote: Compressing objects:   6% (215/3567)        
2025-07-16T05:21:22.9593109Z remote: Compressing objects:   7% (250/3567)        
2025-07-16T05:21:22.9594777Z remote: Compressing objects:   8% (286/3567)        
2025-07-16T05:21:22.9595858Z remote: Compressing objects:   9% (322/3567)        
2025-07-16T05:21:22.9596805Z remote: Compressing objects:  10% (357/3567)        
2025-07-16T05:21:22.9597833Z remote: Compressing objects:  11% (393/3567)        
2025-07-16T05:21:22.9598713Z remote: Compressing objects:  12% (429/3567)        
2025-07-16T05:21:22.9599585Z remote: Compressing objects:  13% (464/3567)        
2025-07-16T05:21:22.9600686Z remote: Compressing objects:  14% (500/3567)        
2025-07-16T05:21:22.9601869Z remote: Compressing objects:  15% (536/3567)        
2025-07-16T05:21:22.9602730Z remote: Compressing objects:  16% (571/3567)        
2025-07-16T05:21:22.9603578Z remote: Compressing objects:  17% (607/3567)        
2025-07-16T05:21:22.9604692Z remote: Compressing objects:  18% (643/3567)        
2025-07-16T05:21:22.9605668Z remote: Compressing objects:  19% (678/3567)        
2025-07-16T05:21:22.9606538Z remote: Compressing objects:  20% (714/3567)        
2025-07-16T05:21:22.9607386Z remote: Compressing objects:  21% (750/3567)        
2025-07-16T05:21:22.9608386Z remote: Compressing objects:  22% (785/3567)        
2025-07-16T05:21:22.9609243Z remote: Compressing objects:  23% (821/3567)        
2025-07-16T05:21:22.9610079Z remote: Compressing objects:  24% (857/3567)        
2025-07-16T05:21:22.9610930Z remote: Compressing objects:  25% (892/3567)        
2025-07-16T05:21:22.9611786Z remote: Compressing objects:  26% (928/3567)        
2025-07-16T05:21:22.9612636Z remote: Compressing objects:  27% (964/3567)        
2025-07-16T05:21:22.9613509Z remote: Compressing objects:  28% (999/3567)        
2025-07-16T05:21:22.9614672Z remote: Compressing objects:  29% (1035/3567)        
2025-07-16T05:21:22.9616194Z remote: Compressing objects:  30% (1071/3567)        
2025-07-16T05:21:22.9617320Z remote: Compressing objects:  31% (1106/3567)        
2025-07-16T05:21:22.9618335Z remote: Compressing objects:  32% (1142/3567)        
2025-07-16T05:21:22.9619228Z remote: Compressing objects:  33% (1178/3567)        
2025-07-16T05:21:22.9620115Z remote: Compressing objects:  34% (1213/3567)        
2025-07-16T05:21:22.9621004Z remote: Compressing objects:  35% (1249/3567)        
2025-07-16T05:21:22.9621887Z remote: Compressing objects:  36% (1285/3567)        
2025-07-16T05:21:22.9622766Z remote: Compressing objects:  37% (1320/3567)        
2025-07-16T05:21:22.9623742Z remote: Compressing objects:  38% (1356/3567)        
2025-07-16T05:21:22.9625218Z remote: Compressing objects:  39% (1392/3567)        
2025-07-16T05:21:22.9626372Z remote: Compressing objects:  40% (1427/3567)        
2025-07-16T05:21:22.9627324Z remote: Compressing objects:  41% (1463/3567)        
2025-07-16T05:21:22.9628193Z remote: Compressing objects:  42% (1499/3567)        
2025-07-16T05:21:22.9629085Z remote: Compressing objects:  43% (1534/3567)        
2025-07-16T05:21:22.9629953Z remote: Compressing objects:  44% (1570/3567)        
2025-07-16T05:21:22.9630813Z remote: Compressing objects:  45% (1606/3567)        
2025-07-16T05:21:22.9631673Z remote: Compressing objects:  46% (1641/3567)        
2025-07-16T05:21:22.9633048Z remote: Compressing objects:  47% (1677/3567)        
2025-07-16T05:21:22.9634078Z remote: Compressing objects:  48% (1713/3567)        
2025-07-16T05:21:22.9635568Z remote: Compressing objects:  49% (1748/3567)        
2025-07-16T05:21:22.9636473Z remote: Compressing objects:  50% (1784/3567)        
2025-07-16T05:21:22.9637353Z remote: Compressing objects:  51% (1820/3567)        
2025-07-16T05:21:22.9638288Z remote: Compressing objects:  52% (1855/3567)        
2025-07-16T05:21:22.9639202Z remote: Compressing objects:  53% (1891/3567)        
2025-07-16T05:21:22.9640116Z remote: Compressing objects:  54% (1927/3567)        
2025-07-16T05:21:22.9641237Z remote: Compressing objects:  55% (1962/3567)        
2025-07-16T05:21:22.9642333Z remote: Compressing objects:  56% (1998/3567)        
2025-07-16T05:21:22.9643255Z remote: Compressing objects:  57% (2034/3567)        
2025-07-16T05:21:22.9644252Z remote: Compressing objects:  58% (2069/3567)        
2025-07-16T05:21:22.9645934Z remote: Compressing objects:  59% (2105/3567)        
2025-07-16T05:21:22.9647585Z remote: Compressing objects:  60% (2141/3567)        
2025-07-16T05:21:22.9649155Z remote: Compressing objects:  61% (2176/3567)        
2025-07-16T05:21:22.9650828Z remote: Compressing objects:  62% (2212/3567)        
2025-07-16T05:21:22.9652331Z remote: Compressing objects:  63% (2248/3567)        
2025-07-16T05:21:22.9654225Z remote: Compressing objects:  64% (2283/3567)        
2025-07-16T05:21:22.9655936Z remote: Compressing objects:  65% (2319/3567)        
2025-07-16T05:21:22.9657461Z remote: Compressing objects:  66% (2355/3567)        
2025-07-16T05:21:22.9658972Z remote: Compressing objects:  67% (2390/3567)        
2025-07-16T05:21:22.9660595Z remote: Compressing objects:  68% (2426/3567)        
2025-07-16T05:21:22.9662178Z remote: Compressing objects:  69% (2462/3567)        
2025-07-16T05:21:22.9663725Z remote: Compressing objects:  70% (2497/3567)        
2025-07-16T05:21:22.9665435Z remote: Compressing objects:  71% (2533/3567)        
2025-07-16T05:21:22.9667102Z remote: Compressing objects:  72% (2569/3567)        
2025-07-16T05:21:22.9668644Z remote: Compressing objects:  73% (2604/3567)        
2025-07-16T05:21:22.9670346Z remote: Compressing objects:  74% (2640/3567)        
2025-07-16T05:21:22.9671889Z remote: Compressing objects:  75% (2676/3567)        
2025-07-16T05:21:22.9673458Z remote: Compressing objects:  76% (2711/3567)        
2025-07-16T05:21:22.9675295Z remote: Compressing objects:  77% (2747/3567)        
2025-07-16T05:21:22.9676862Z remote: Compressing objects:  78% (2783/3567)        
2025-07-16T05:21:22.9678387Z remote: Compressing objects:  79% (2818/3567)        
2025-07-16T05:21:22.9679921Z remote: Compressing objects:  80% (2854/3567)        
2025-07-16T05:21:22.9681456Z remote: Compressing objects:  81% (2890/3567)        
2025-07-16T05:21:22.9682995Z remote: Compressing objects:  82% (2925/3567)        
2025-07-16T05:21:22.9684702Z remote: Compressing objects:  83% (2961/3567)        
2025-07-16T05:21:22.9686276Z remote: Compressing objects:  84% (2997/3567)        
2025-07-16T05:21:22.9687841Z remote: Compressing objects:  85% (3032/3567)        
2025-07-16T05:21:22.9689410Z remote: Compressing objects:  86% (3068/3567)        
2025-07-16T05:21:22.9690986Z remote: Compressing objects:  87% (3104/3567)        
2025-07-16T05:21:22.9692491Z remote: Compressing objects:  88% (3139/3567)        
2025-07-16T05:21:22.9694069Z remote: Compressing objects:  89% (3175/3567)        
2025-07-16T05:21:22.9695775Z remote: Compressing objects:  90% (3211/3567)        
2025-07-16T05:21:22.9697275Z remote: Compressing objects:  91% (3246/3567)        
2025-07-16T05:21:22.9698901Z remote: Compressing objects:  92% (3282/3567)        
2025-07-16T05:21:22.9700438Z remote: Compressing objects:  93% (3318/3567)        
2025-07-16T05:21:22.9701959Z remote: Compressing objects:  94% (3353/3567)        
2025-07-16T05:21:22.9703471Z remote: Compressing objects:  95% (3389/3567)        
2025-07-16T05:21:22.9705368Z remote: Compressing objects:  96% (3425/3567)        
2025-07-16T05:21:22.9706928Z remote: Compressing objects:  97% (3460/3567)        
2025-07-16T05:21:22.9708438Z remote: Compressing objects:  98% (3496/3567)        
2025-07-16T05:21:22.9709923Z remote: Compressing objects:  99% (3532/3567)        
2025-07-16T05:21:22.9711478Z remote: Compressing objects: 100% (3567/3567)        
2025-07-16T05:21:22.9713108Z remote: Compressing objects: 100% (3567/3567), done.        
2025-07-16T05:21:22.9714744Z Receiving objects:   0% (1/4182)
2025-07-16T05:21:22.9715852Z Receiving objects:   1% (42/4182)
2025-07-16T05:21:22.9716946Z Receiving objects:   2% (84/4182)
2025-07-16T05:21:22.9855575Z Receiving objects:   3% (126/4182)
2025-07-16T05:21:22.9923883Z Receiving objects:   4% (168/4182)
2025-07-16T05:21:22.9994668Z Receiving objects:   5% (210/4182)
2025-07-16T05:21:23.0017105Z Receiving objects:   6% (251/4182)
2025-07-16T05:21:23.0175186Z Receiving objects:   7% (293/4182)
2025-07-16T05:21:23.0196030Z Receiving objects:   8% (335/4182)
2025-07-16T05:21:23.0289433Z Receiving objects:   9% (377/4182)
2025-07-16T05:21:23.0370891Z Receiving objects:  10% (419/4182)
2025-07-16T05:21:23.0435087Z Receiving objects:  11% (461/4182)
2025-07-16T05:21:23.0474650Z Receiving objects:  12% (502/4182)
2025-07-16T05:21:23.0514827Z Receiving objects:  13% (544/4182)
2025-07-16T05:21:23.0521122Z Receiving objects:  14% (586/4182)
2025-07-16T05:21:23.0533916Z Receiving objects:  15% (628/4182)
2025-07-16T05:21:23.0542750Z Receiving objects:  16% (670/4182)
2025-07-16T05:21:23.0571200Z Receiving objects:  17% (711/4182)
2025-07-16T05:21:23.0595191Z Receiving objects:  18% (753/4182)
2025-07-16T05:21:23.0644247Z Receiving objects:  19% (795/4182)
2025-07-16T05:21:23.0684864Z Receiving objects:  20% (837/4182)
2025-07-16T05:21:23.0732457Z Receiving objects:  21% (879/4182)
2025-07-16T05:21:23.0781689Z Receiving objects:  22% (921/4182)
2025-07-16T05:21:23.0852621Z Receiving objects:  23% (962/4182)
2025-07-16T05:21:23.0891463Z Receiving objects:  24% (1004/4182)
2025-07-16T05:21:23.0910307Z Receiving objects:  25% (1046/4182)
2025-07-16T05:21:23.0925589Z Receiving objects:  26% (1088/4182)
2025-07-16T05:21:23.0938514Z Receiving objects:  27% (1130/4182)
2025-07-16T05:21:23.0951891Z Receiving objects:  28% (1171/4182)
2025-07-16T05:21:23.0998836Z Receiving objects:  29% (1213/4182)
2025-07-16T05:21:23.1030615Z Receiving objects:  30% (1255/4182)
2025-07-16T05:21:23.1065915Z Receiving objects:  31% (1297/4182)
2025-07-16T05:21:23.1098013Z Receiving objects:  32% (1339/4182)
2025-07-16T05:21:23.1123903Z Receiving objects:  33% (1381/4182)
2025-07-16T05:21:23.1161504Z Receiving objects:  34% (1422/4182)
2025-07-16T05:21:23.1185891Z Receiving objects:  35% (1464/4182)
2025-07-16T05:21:23.1209033Z Receiving objects:  36% (1506/4182)
2025-07-16T05:21:23.1259435Z Receiving objects:  37% (1548/4182)
2025-07-16T05:21:23.1280037Z Receiving objects:  38% (1590/4182)
2025-07-16T05:21:23.1323588Z Receiving objects:  39% (1631/4182)
2025-07-16T05:21:23.1344905Z Receiving objects:  40% (1673/4182)
2025-07-16T05:21:23.1396826Z Receiving objects:  41% (1715/4182)
2025-07-16T05:21:23.1435481Z Receiving objects:  42% (1757/4182)
2025-07-16T05:21:23.1480590Z Receiving objects:  43% (1799/4182)
2025-07-16T05:21:23.1559263Z Receiving objects:  44% (1841/4182)
2025-07-16T05:21:23.1609702Z Receiving objects:  45% (1882/4182)
2025-07-16T05:21:23.1642458Z Receiving objects:  46% (1924/4182)
2025-07-16T05:21:23.1676834Z Receiving objects:  47% (1966/4182)
2025-07-16T05:21:23.1757996Z Receiving objects:  48% (2008/4182)
2025-07-16T05:21:23.1801868Z Receiving objects:  49% (2050/4182)
2025-07-16T05:21:23.1842402Z Receiving objects:  50% (2091/4182)
2025-07-16T05:21:23.1881454Z Receiving objects:  51% (2133/4182)
2025-07-16T05:21:23.1937214Z Receiving objects:  52% (2175/4182)
2025-07-16T05:21:23.1984746Z Receiving objects:  53% (2217/4182)
2025-07-16T05:21:23.2007212Z Receiving objects:  54% (2259/4182)
2025-07-16T05:21:23.2040775Z Receiving objects:  55% (2301/4182)
2025-07-16T05:21:23.2072159Z Receiving objects:  56% (2342/4182)
2025-07-16T05:21:23.2126258Z Receiving objects:  57% (2384/4182)
2025-07-16T05:21:23.2149806Z Receiving objects:  58% (2426/4182)
2025-07-16T05:21:23.2173087Z Receiving objects:  59% (2468/4182)
2025-07-16T05:21:23.2192142Z Receiving objects:  60% (2510/4182)
2025-07-16T05:21:23.2253935Z Receiving objects:  61% (2552/4182)
2025-07-16T05:21:23.2295297Z Receiving objects:  62% (2593/4182)
2025-07-16T05:21:23.2341338Z Receiving objects:  63% (2635/4182)
2025-07-16T05:21:23.2414168Z Receiving objects:  64% (2677/4182)
2025-07-16T05:21:23.2456902Z Receiving objects:  65% (2719/4182)
2025-07-16T05:21:23.2507767Z Receiving objects:  66% (2761/4182)
2025-07-16T05:21:23.2566911Z Receiving objects:  67% (2802/4182)
2025-07-16T05:21:23.2643744Z Receiving objects:  68% (2844/4182)
2025-07-16T05:21:23.2670361Z Receiving objects:  69% (2886/4182)
2025-07-16T05:21:23.2732124Z Receiving objects:  70% (2928/4182)
2025-07-16T05:21:23.2779808Z Receiving objects:  71% (2970/4182)
2025-07-16T05:21:23.2815560Z Receiving objects:  72% (3012/4182)
2025-07-16T05:21:23.2837966Z Receiving objects:  73% (3053/4182)
2025-07-16T05:21:23.2854372Z Receiving objects:  74% (3095/4182)
2025-07-16T05:21:23.2866754Z Receiving objects:  75% (3137/4182)
2025-07-16T05:21:23.2898729Z Receiving objects:  76% (3179/4182)
2025-07-16T05:21:23.3003068Z Receiving objects:  77% (3221/4182)
2025-07-16T05:21:23.3101174Z Receiving objects:  78% (3262/4182)
2025-07-16T05:21:23.3144001Z Receiving objects:  79% (3304/4182)
2025-07-16T05:21:23.3199473Z Receiving objects:  80% (3346/4182)
2025-07-16T05:21:23.3222312Z Receiving objects:  81% (3388/4182)
2025-07-16T05:21:23.3246973Z Receiving objects:  82% (3430/4182)
2025-07-16T05:21:23.3252883Z Receiving objects:  83% (3472/4182)
2025-07-16T05:21:23.3260612Z Receiving objects:  84% (3513/4182)
2025-07-16T05:21:23.3268779Z Receiving objects:  85% (3555/4182)
2025-07-16T05:21:23.3274926Z Receiving objects:  86% (3597/4182)
2025-07-16T05:21:23.3280747Z Receiving objects:  87% (3639/4182)
2025-07-16T05:21:23.3287358Z Receiving objects:  88% (3681/4182)
2025-07-16T05:21:23.3290944Z Receiving objects:  89% (3722/4182)
2025-07-16T05:21:23.3297139Z Receiving objects:  90% (3764/4182)
2025-07-16T05:21:23.3315855Z Receiving objects:  91% (3806/4182)
2025-07-16T05:21:23.3323724Z Receiving objects:  92% (3848/4182)
2025-07-16T05:21:23.3348351Z Receiving objects:  93% (3890/4182)
2025-07-16T05:21:23.3351913Z Receiving objects:  94% (3932/4182)
2025-07-16T05:21:23.3394202Z Receiving objects:  95% (3973/4182)
2025-07-16T05:21:23.3417245Z Receiving objects:  96% (4015/4182)
2025-07-16T05:21:23.3473438Z Receiving objects:  97% (4057/4182)
2025-07-16T05:21:23.3508148Z Receiving objects:  98% (4099/4182)
2025-07-16T05:21:23.3544259Z Receiving objects:  99% (4141/4182)
2025-07-16T05:21:23.3546603Z remote: Total 4182 (delta 578), reused 4157 (delta 570), pack-reused 0 (from 0)        
2025-07-16T05:21:23.3562695Z Receiving objects: 100% (4182/4182)
2025-07-16T05:21:23.3564952Z Receiving objects: 100% (4182/4182), 14.19 MiB | 35.97 MiB/s, done.
2025-07-16T05:21:23.3567129Z Resolving deltas:   0% (0/578)
2025-07-16T05:21:23.3568621Z Resolving deltas:   1% (6/578)
2025-07-16T05:21:23.3570125Z Resolving deltas:   2% (13/578)
2025-07-16T05:21:23.3571697Z Resolving deltas:   3% (18/578)
2025-07-16T05:21:23.3573229Z Resolving deltas:   4% (24/578)
2025-07-16T05:21:23.3574855Z Resolving deltas:   5% (29/578)
2025-07-16T05:21:23.3579667Z Resolving deltas:   6% (35/578)
2025-07-16T05:21:23.3581219Z Resolving deltas:   7% (41/578)
2025-07-16T05:21:23.3582773Z Resolving deltas:   8% (47/578)
2025-07-16T05:21:23.3584251Z Resolving deltas:   9% (54/578)
2025-07-16T05:21:23.3586084Z Resolving deltas:  10% (58/578)
2025-07-16T05:21:23.3598806Z Resolving deltas:  11% (64/578)
2025-07-16T05:21:23.3604034Z Resolving deltas:  12% (70/578)
2025-07-16T05:21:23.3660070Z Resolving deltas:  13% (76/578)
2025-07-16T05:21:23.3663752Z Resolving deltas:  14% (81/578)
2025-07-16T05:21:23.3676916Z Resolving deltas:  15% (87/578)
2025-07-16T05:21:23.3682467Z Resolving deltas:  16% (93/578)
2025-07-16T05:21:23.3685916Z Resolving deltas:  17% (99/578)
2025-07-16T05:21:23.3689368Z Resolving deltas:  18% (105/578)
2025-07-16T05:21:23.3690869Z Resolving deltas:  19% (110/578)
2025-07-16T05:21:23.3696740Z Resolving deltas:  20% (116/578)
2025-07-16T05:21:23.3697834Z Resolving deltas:  21% (122/578)
2025-07-16T05:21:23.3699176Z Resolving deltas:  22% (128/578)
2025-07-16T05:21:23.3700600Z Resolving deltas:  23% (133/578)
2025-07-16T05:21:23.3702061Z Resolving deltas:  24% (139/578)
2025-07-16T05:21:23.3703478Z Resolving deltas:  25% (145/578)
2025-07-16T05:21:23.3705072Z Resolving deltas:  26% (151/578)
2025-07-16T05:21:23.3706558Z Resolving deltas:  27% (157/578)
2025-07-16T05:21:23.3708058Z Resolving deltas:  28% (162/578)
2025-07-16T05:21:23.3709477Z Resolving deltas:  29% (168/578)
2025-07-16T05:21:23.3721445Z Resolving deltas:  30% (174/578)
2025-07-16T05:21:23.3722957Z Resolving deltas:  31% (180/578)
2025-07-16T05:21:23.3727023Z Resolving deltas:  32% (185/578)
2025-07-16T05:21:23.3731779Z Resolving deltas:  33% (191/578)
2025-07-16T05:21:23.3737641Z Resolving deltas:  34% (197/578)
2025-07-16T05:21:23.3743597Z Resolving deltas:  35% (203/578)
2025-07-16T05:21:23.3746270Z Resolving deltas:  36% (209/578)
2025-07-16T05:21:23.3752263Z Resolving deltas:  37% (214/578)
2025-07-16T05:21:23.3754730Z Resolving deltas:  38% (220/578)
2025-07-16T05:21:23.3761139Z Resolving deltas:  39% (226/578)
2025-07-16T05:21:23.3770552Z Resolving deltas:  40% (232/578)
2025-07-16T05:21:23.3775330Z Resolving deltas:  41% (237/578)
2025-07-16T05:21:23.3780993Z Resolving deltas:  42% (243/578)
2025-07-16T05:21:23.3855916Z Resolving deltas:  43% (249/578)
2025-07-16T05:21:23.3858225Z Resolving deltas:  44% (256/578)
2025-07-16T05:21:23.3859706Z Resolving deltas:  45% (261/578)
2025-07-16T05:21:23.3860840Z Resolving deltas:  46% (266/578)
2025-07-16T05:21:23.3862329Z Resolving deltas:  47% (272/578)
2025-07-16T05:21:23.3863766Z Resolving deltas:  48% (278/578)
2025-07-16T05:21:23.3865981Z Resolving deltas:  49% (284/578)
2025-07-16T05:21:23.3867487Z Resolving deltas:  50% (289/578)
2025-07-16T05:21:23.3868986Z Resolving deltas:  51% (295/578)
2025-07-16T05:21:23.3870473Z Resolving deltas:  52% (301/578)
2025-07-16T05:21:23.3871999Z Resolving deltas:  53% (307/578)
2025-07-16T05:21:23.3873487Z Resolving deltas:  54% (313/578)
2025-07-16T05:21:23.3875173Z Resolving deltas:  55% (319/578)
2025-07-16T05:21:23.3876613Z Resolving deltas:  56% (324/578)
2025-07-16T05:21:23.3878050Z Resolving deltas:  57% (330/578)
2025-07-16T05:21:23.3879496Z Resolving deltas:  58% (336/578)
2025-07-16T05:21:23.3888392Z Resolving deltas:  59% (342/578)
2025-07-16T05:21:23.3893638Z Resolving deltas:  60% (347/578)
2025-07-16T05:21:23.3903841Z Resolving deltas:  61% (353/578)
2025-07-16T05:21:23.3906576Z Resolving deltas:  62% (359/578)
2025-07-16T05:21:23.3911123Z Resolving deltas:  63% (365/578)
2025-07-16T05:21:23.3919803Z Resolving deltas:  64% (370/578)
2025-07-16T05:21:23.3923583Z Resolving deltas:  65% (376/578)
2025-07-16T05:21:23.3931576Z Resolving deltas:  66% (382/578)
2025-07-16T05:21:23.3934166Z Resolving deltas:  67% (388/578)
2025-07-16T05:21:23.3937389Z Resolving deltas:  68% (394/578)
2025-07-16T05:21:23.3940546Z Resolving deltas:  69% (399/578)
2025-07-16T05:21:23.3949907Z Resolving deltas:  70% (405/578)
2025-07-16T05:21:23.3953930Z Resolving deltas:  71% (411/578)
2025-07-16T05:21:23.3956173Z Resolving deltas:  72% (418/578)
2025-07-16T05:21:23.3963496Z Resolving deltas:  73% (422/578)
2025-07-16T05:21:23.3966577Z Resolving deltas:  74% (428/578)
2025-07-16T05:21:23.3969724Z Resolving deltas:  75% (434/578)
2025-07-16T05:21:23.3979231Z Resolving deltas:  76% (440/578)
2025-07-16T05:21:23.3985819Z Resolving deltas:  77% (446/578)
2025-07-16T05:21:23.3991910Z Resolving deltas:  78% (451/578)
2025-07-16T05:21:23.3996853Z Resolving deltas:  79% (457/578)
2025-07-16T05:21:23.4002640Z Resolving deltas:  80% (463/578)
2025-07-16T05:21:23.4006419Z Resolving deltas:  81% (469/578)
2025-07-16T05:21:23.4009597Z Resolving deltas:  82% (474/578)
2025-07-16T05:21:23.4011121Z Resolving deltas:  83% (481/578)
2025-07-16T05:21:23.4024568Z Resolving deltas:  84% (486/578)
2025-07-16T05:21:23.4041560Z Resolving deltas:  85% (492/578)
2025-07-16T05:21:23.4043082Z Resolving deltas:  86% (498/578)
2025-07-16T05:21:23.4053516Z Resolving deltas:  87% (503/578)
2025-07-16T05:21:23.4062490Z Resolving deltas:  88% (510/578)
2025-07-16T05:21:23.4074874Z Resolving deltas:  89% (515/578)
2025-07-16T05:21:23.4078040Z Resolving deltas:  90% (521/578)
2025-07-16T05:21:23.4080794Z Resolving deltas:  91% (526/578)
2025-07-16T05:21:23.4082992Z Resolving deltas:  92% (533/578)
2025-07-16T05:21:23.4084676Z Resolving deltas:  93% (538/578)
2025-07-16T05:21:23.4089064Z Resolving deltas:  94% (544/578)
2025-07-16T05:21:23.4090533Z Resolving deltas:  95% (550/578)
2025-07-16T05:21:23.4092004Z Resolving deltas:  96% (555/578)
2025-07-16T05:21:23.4093418Z Resolving deltas:  97% (561/578)
2025-07-16T05:21:23.4095034Z Resolving deltas:  98% (567/578)
2025-07-16T05:21:23.4096395Z Resolving deltas:  99% (573/578)
2025-07-16T05:21:23.4097315Z Resolving deltas: 100% (578/578)
2025-07-16T05:21:23.4098251Z Resolving deltas: 100% (578/578), done.
2025-07-16T05:21:23.4290323Z From https://github.com/Dinesh-4/Devops
2025-07-16T05:21:23.4292279Z  * [new ref]         5215a6cbd4e6126e76febfa67961faa5777cd081 -> origin/main
2025-07-16T05:21:23.4319415Z ##[endgroup]
2025-07-16T05:21:23.4321317Z ##[group]Determining the checkout info
2025-07-16T05:21:23.4323384Z ##[endgroup]
2025-07-16T05:21:23.4325097Z ##[group]Checking out the ref
2025-07-16T05:21:23.4327302Z [command]/usr/bin/git checkout --progress --force -B main refs/remotes/origin/main
2025-07-16T05:21:23.8057002Z Switched to a new branch 'main'
2025-07-16T05:21:23.8058626Z branch 'main' set up to track 'origin/main'.
2025-07-16T05:21:23.8077038Z ##[endgroup]
2025-07-16T05:21:23.8111765Z [command]/usr/bin/git log -1 --format='%H'
2025-07-16T05:21:23.8132071Z '5215a6cbd4e6126e76febfa67961faa5777cd081'
2025-07-16T05:21:23.8385350Z ##[group]Run actions/setup-python@v4
2025-07-16T05:21:23.8386204Z with:
2025-07-16T05:21:23.8386828Z   python-version: 3.10
2025-07-16T05:21:23.8387526Z   check-latest: false
2025-07-16T05:21:23.8388441Z   token: ***
2025-07-16T05:21:23.8389106Z   update-environment: true
2025-07-16T05:21:23.8389886Z   allow-prereleases: false
2025-07-16T05:21:23.8390635Z ##[endgroup]
2025-07-16T05:21:24.0053567Z ##[group]Installed versions
2025-07-16T05:21:24.0140813Z Successfully set up CPython (3.10.18)
2025-07-16T05:21:24.0142877Z ##[endgroup]
2025-07-16T05:21:24.0269530Z ##[group]Run python -m pip install --upgrade pip
2025-07-16T05:21:24.0270665Z [36;1mpython -m pip install --upgrade pip[0m
2025-07-16T05:21:24.0271646Z [36;1mpip install -r requirements.txt[0m
2025-07-16T05:21:24.0547630Z shell: /usr/bin/bash -e {0}
2025-07-16T05:21:24.0548405Z env:
2025-07-16T05:21:24.0549212Z   pythonLocation: /opt/hostedtoolcache/Python/3.10.18/x64
2025-07-16T05:21:24.0550523Z   PKG_CONFIG_PATH: /opt/hostedtoolcache/Python/3.10.18/x64/lib/pkgconfig
2025-07-16T05:21:24.0551813Z   Python_ROOT_DIR: /opt/hostedtoolcache/Python/3.10.18/x64
2025-07-16T05:21:24.0552980Z   Python2_ROOT_DIR: /opt/hostedtoolcache/Python/3.10.18/x64
2025-07-16T05:21:24.0554145Z   Python3_ROOT_DIR: /opt/hostedtoolcache/Python/3.10.18/x64
2025-07-16T05:21:24.0555519Z   LD_LIBRARY_PATH: /opt/hostedtoolcache/Python/3.10.18/x64/lib
2025-07-16T05:21:24.0556621Z ##[endgroup]
2025-07-16T05:21:29.1311455Z Requirement already satisfied: pip in /opt/hostedtoolcache/Python/3.10.18/x64/lib/python3.10/site-packages (25.1.1)
2025-07-16T05:21:30.2408544Z Collecting Flask==3.1.0 (from -r requirements.txt (line 1))
2025-07-16T05:21:30.2792156Z   Downloading flask-3.1.0-py3-none-any.whl.metadata (2.7 kB)
2025-07-16T05:21:30.2960220Z Collecting Flask-PyMongo==3.0.1 (from -r requirements.txt (line 2))
2025-07-16T05:21:30.3017745Z   Downloading flask_pymongo-3.0.1-py3-none-any.whl.metadata (3.5 kB)
2025-07-16T05:21:30.3564270Z Collecting pytest==8.2.1 (from -r requirements.txt (line 3))
2025-07-16T05:21:30.3608175Z   Downloading pytest-8.2.1-py3-none-any.whl.metadata (7.6 kB)
2025-07-16T05:21:30.3762201Z Collecting blinker==1.9.0 (from -r requirements.txt (line 4))
2025-07-16T05:21:30.3803455Z   Downloading blinker-1.9.0-py3-none-any.whl.metadata (1.6 kB)
2025-07-16T05:21:30.4030396Z Collecting certifi==2025.7.14 (from -r requirements.txt (line 5))
2025-07-16T05:21:30.4076604Z   Downloading certifi-2025.7.14-py3-none-any.whl.metadata (2.4 kB)
2025-07-16T05:21:30.4991690Z Collecting charset-normalizer==3.4.2 (from -r requirements.txt (line 6))
2025-07-16T05:21:30.5038697Z   Downloading charset_normalizer-3.4.2-cp310-cp310-manylinux_2_17_x86_64.manylinux2014_x86_64.whl.metadata (35 kB)
2025-07-16T05:21:30.5280336Z Collecting click==8.2.1 (from -r requirements.txt (line 7))
2025-07-16T05:21:30.5336283Z   Downloading click-8.2.1-py3-none-any.whl.metadata (2.5 kB)
2025-07-16T05:21:30.5489775Z Collecting dnspython==2.7.0 (from -r requirements.txt (line 8))
2025-07-16T05:21:30.5532366Z   Downloading dnspython-2.7.0-py3-none-any.whl.metadata (5.8 kB)
2025-07-16T05:21:30.5728966Z Collecting idna==3.10 (from -r requirements.txt (line 9))
2025-07-16T05:21:30.5771485Z   Downloading idna-3.10-py3-none-any.whl.metadata (10 kB)
2025-07-16T05:21:30.5942988Z Collecting itsdangerous==2.2.0 (from -r requirements.txt (line 10))
2025-07-16T05:21:30.5984357Z   Downloading itsdangerous-2.2.0-py3-none-any.whl.metadata (1.9 kB)
2025-07-16T05:21:30.6153530Z Collecting Jinja2==3.1.6 (from -r requirements.txt (line 11))
2025-07-16T05:21:30.6197046Z   Downloading jinja2-3.1.6-py3-none-any.whl.metadata (2.9 kB)
2025-07-16T05:21:30.6804334Z Collecting MarkupSafe==3.0.2 (from -r requirements.txt (line 12))
2025-07-16T05:21:30.6849780Z   Downloading MarkupSafe-3.0.2-cp310-cp310-manylinux_2_17_x86_64.manylinux2014_x86_64.whl.metadata (4.0 kB)
2025-07-16T05:21:30.6984922Z Collecting paho-mqtt==2.1.0 (from -r requirements.txt (line 13))
2025-07-16T05:21:30.7038063Z   Downloading paho_mqtt-2.1.0-py3-none-any.whl.metadata (23 kB)
2025-07-16T05:21:31.0574291Z Collecting pymongo==4.13.2 (from -r requirements.txt (line 14))
2025-07-16T05:21:31.0621234Z   Downloading pymongo-4.13.2-cp310-cp310-manylinux_2_17_x86_64.manylinux2014_x86_64.whl.metadata (22 kB)
2025-07-16T05:21:31.0871577Z Collecting python-dotenv==1.1.1 (from -r requirements.txt (line 15))
2025-07-16T05:21:31.0925805Z   Downloading python_dotenv-1.1.1-py3-none-any.whl.metadata (24 kB)
2025-07-16T05:21:31.1399697Z Collecting requests==2.32.4 (from -r requirements.txt (line 16))
2025-07-16T05:21:31.1444095Z   Downloading requests-2.32.4-py3-none-any.whl.metadata (4.9 kB)
2025-07-16T05:21:31.1727144Z Collecting urllib3==2.5.0 (from -r requirements.txt (line 17))
2025-07-16T05:21:31.1770846Z   Downloading urllib3-2.5.0-py3-none-any.whl.metadata (6.5 kB)
2025-07-16T05:21:31.2029844Z Collecting Werkzeug==3.1.3 (from -r requirements.txt (line 18))
2025-07-16T05:21:31.2076007Z   Downloading werkzeug-3.1.3-py3-none-any.whl.metadata (3.7 kB)
2025-07-16T05:21:31.2285119Z Collecting autodevops-cli==0.1.1 (from -r requirements.txt (line 19))
2025-07-16T05:21:31.2336915Z   Downloading autodevops_cli-0.1.1-py3-none-any.whl.metadata (494 bytes)
2025-07-16T05:21:31.2449497Z Collecting iniconfig==2.1.0 (from -r requirements.txt (line 20))
2025-07-16T05:21:31.2489549Z   Downloading iniconfig-2.1.0-py3-none-any.whl.metadata (2.7 kB)
2025-07-16T05:21:31.2642527Z Collecting loguru==0.7.3 (from -r requirements.txt (line 21))
2025-07-16T05:21:31.2683958Z   Downloading loguru-0.7.3-py3-none-any.whl.metadata (22 kB)
2025-07-16T05:21:31.2942835Z Collecting markdown-it-py==3.0.0 (from -r requirements.txt (line 22))
2025-07-16T05:21:31.2983246Z   Downloading markdown_it_py-3.0.0-py3-none-any.whl.metadata (6.9 kB)
2025-07-16T05:21:31.3143666Z Collecting mdurl==0.1.2 (from -r requirements.txt (line 23))
2025-07-16T05:21:31.3189745Z   Downloading mdurl-0.1.2-py3-none-any.whl.metadata (1.6 kB)
2025-07-16T05:21:31.3350439Z Collecting mongomock==4.3.0 (from -r requirements.txt (line 24))
2025-07-16T05:21:31.3397684Z   Downloading mongomock-4.3.0-py2.py3-none-any.whl.metadata (12 kB)
2025-07-16T05:21:31.3601712Z Collecting packaging==25.0 (from -r requirements.txt (line 25))
2025-07-16T05:21:31.3643099Z   Downloading packaging-25.0-py3-none-any.whl.metadata (3.3 kB)
2025-07-16T05:21:31.3786718Z Collecting pluggy==1.6.0 (from -r requirements.txt (line 26))
2025-07-16T05:21:31.3829026Z   Downloading pluggy-1.6.0-py3-none-any.whl.metadata (4.8 kB)
2025-07-16T05:21:31.4075091Z Collecting Pygments==2.19.2 (from -r requirements.txt (line 27))
2025-07-16T05:21:31.4119119Z   Downloading pygments-2.19.2-py3-none-any.whl.metadata (2.5 kB)
2025-07-16T05:21:31.4535017Z Collecting pytz==2025.2 (from -r requirements.txt (line 28))
2025-07-16T05:21:31.4582582Z   Downloading pytz-2025.2-py2.py3-none-any.whl.metadata (22 kB)
2025-07-16T05:21:31.5031580Z Collecting rich==14.0.0 (from -r requirements.txt (line 29))
2025-07-16T05:21:31.5077515Z   Downloading rich-14.0.0-py3-none-any.whl.metadata (18 kB)
2025-07-16T05:21:31.5201778Z Collecting sentinels==1.0.0 (from -r requirements.txt (line 30))
2025-07-16T05:21:31.5244378Z   Downloading sentinels-1.0.0.tar.gz (4.1 kB)
2025-07-16T05:21:31.5706596Z   Installing build dependencies: started
2025-07-16T05:21:32.8892945Z   Installing build dependencies: finished with status 'done'
2025-07-16T05:21:32.8901580Z   Getting requirements to build wheel: started
2025-07-16T05:21:33.5045113Z   Getting requirements to build wheel: finished with status 'done'
2025-07-16T05:21:33.5055606Z   Preparing metadata (pyproject.toml): started
2025-07-16T05:21:33.7612627Z   Preparing metadata (pyproject.toml): finished with status 'done'
2025-07-16T05:21:33.7773157Z Collecting sh==2.2.2 (from -r requirements.txt (line 31))
2025-07-16T05:21:33.7819502Z   Downloading sh-2.2.2-py3-none-any.whl.metadata (3.7 kB)
2025-07-16T05:21:33.8289102Z Collecting exceptiongroup>=1.0.0rc8 (from pytest==8.2.1->-r requirements.txt (line 3))
2025-07-16T05:21:33.8331048Z   Downloading exceptiongroup-1.3.0-py3-none-any.whl.metadata (6.7 kB)
2025-07-16T05:21:33.8533332Z Collecting tomli>=1 (from pytest==8.2.1->-r requirements.txt (line 3))
2025-07-16T05:21:33.8575813Z   Downloading tomli-2.2.1-py3-none-any.whl.metadata (10 kB)
2025-07-16T05:21:33.9373642Z Collecting typing-extensions<5.0,>=4.0.0 (from rich==14.0.0->-r requirements.txt (line 29))
2025-07-16T05:21:33.9415891Z   Downloading typing_extensions-4.14.1-py3-none-any.whl.metadata (3.0 kB)
2025-07-16T05:21:33.9608071Z Downloading flask-3.1.0-py3-none-any.whl (102 kB)
2025-07-16T05:21:33.9700418Z Downloading flask_pymongo-3.0.1-py3-none-any.whl (11 kB)
2025-07-16T05:21:33.9787325Z Downloading pytest-8.2.1-py3-none-any.whl (339 kB)
2025-07-16T05:21:33.9885752Z Downloading pluggy-1.6.0-py3-none-any.whl (20 kB)
2025-07-16T05:21:33.9959469Z Downloading blinker-1.9.0-py3-none-any.whl (8.5 kB)
2025-07-16T05:21:34.0043872Z Downloading certifi-2025.7.14-py3-none-any.whl (162 kB)
2025-07-16T05:21:34.0120302Z Downloading charset_normalizer-3.4.2-cp310-cp310-manylinux_2_17_x86_64.manylinux2014_x86_64.whl (149 kB)
2025-07-16T05:21:34.0193117Z Downloading click-8.2.1-py3-none-any.whl (102 kB)
2025-07-16T05:21:34.0262902Z Downloading dnspython-2.7.0-py3-none-any.whl (313 kB)
2025-07-16T05:21:34.0345121Z Downloading idna-3.10-py3-none-any.whl (70 kB)
2025-07-16T05:21:34.0416172Z Downloading itsdangerous-2.2.0-py3-none-any.whl (16 kB)
2025-07-16T05:21:34.0483856Z Downloading jinja2-3.1.6-py3-none-any.whl (134 kB)
2025-07-16T05:21:34.0554019Z Downloading MarkupSafe-3.0.2-cp310-cp310-manylinux_2_17_x86_64.manylinux2014_x86_64.whl (20 kB)
2025-07-16T05:21:34.0626357Z Downloading paho_mqtt-2.1.0-py3-none-any.whl (67 kB)
2025-07-16T05:21:34.0700530Z Downloading pymongo-4.13.2-cp310-cp310-manylinux_2_17_x86_64.manylinux2014_x86_64.whl (1.2 MB)
2025-07-16T05:21:34.0803470Z    ━━━━━━━━━━━━━━━━━━━━━━━━━━━━━━━━━━━━━━━━ 1.2/1.2 MB 127.8 MB/s eta 0:00:00
2025-07-16T05:21:34.0844718Z Downloading python_dotenv-1.1.1-py3-none-any.whl (20 kB)
2025-07-16T05:21:34.0927137Z Downloading requests-2.32.4-py3-none-any.whl (64 kB)
2025-07-16T05:21:34.1001052Z Downloading urllib3-2.5.0-py3-none-any.whl (129 kB)
2025-07-16T05:21:34.1089409Z Downloading werkzeug-3.1.3-py3-none-any.whl (224 kB)
2025-07-16T05:21:34.1200745Z Downloading autodevops_cli-0.1.1-py3-none-any.whl (4.1 kB)
2025-07-16T05:21:34.1268157Z Downloading iniconfig-2.1.0-py3-none-any.whl (6.0 kB)
2025-07-16T05:21:34.1332110Z Downloading loguru-0.7.3-py3-none-any.whl (61 kB)
2025-07-16T05:21:34.1410581Z Downloading markdown_it_py-3.0.0-py3-none-any.whl (87 kB)
2025-07-16T05:21:34.1475932Z Downloading mdurl-0.1.2-py3-none-any.whl (10.0 kB)
2025-07-16T05:21:34.1541999Z Downloading mongomock-4.3.0-py2.py3-none-any.whl (64 kB)
2025-07-16T05:21:34.1610046Z Downloading packaging-25.0-py3-none-any.whl (66 kB)
2025-07-16T05:21:34.1686669Z Downloading pygments-2.19.2-py3-none-any.whl (1.2 MB)
2025-07-16T05:21:34.1796349Z    ━━━━━━━━━━━━━━━━━━━━━━━━━━━━━━━━━━━━━━━━ 1.2/1.2 MB 118.9 MB/s eta 0:00:00
2025-07-16T05:21:34.1840248Z Downloading pytz-2025.2-py2.py3-none-any.whl (509 kB)
2025-07-16T05:21:34.1934036Z Downloading rich-14.0.0-py3-none-any.whl (243 kB)
2025-07-16T05:21:34.2020931Z Downloading sh-2.2.2-py3-none-any.whl (38 kB)
2025-07-16T05:21:34.2084634Z Downloading typing_extensions-4.14.1-py3-none-any.whl (43 kB)
2025-07-16T05:21:34.2151918Z Downloading exceptiongroup-1.3.0-py3-none-any.whl (16 kB)
2025-07-16T05:21:34.2212173Z Downloading tomli-2.2.1-py3-none-any.whl (14 kB)
2025-07-16T05:21:34.2615749Z Building wheels for collected packages: sentinels
2025-07-16T05:21:34.2625654Z   Building wheel for sentinels (pyproject.toml): started
2025-07-16T05:21:34.4695152Z   Building wheel for sentinels (pyproject.toml): finished with status 'done'
2025-07-16T05:21:34.4701172Z   Created wheel for sentinels: filename=sentinels-1.0.0-py3-none-any.whl size=3229 sha256=3084b08e0f6211b0aed0b6df880b1c9a01fb0194eb9a206e20d16032d12c19c3
2025-07-16T05:21:34.4703389Z   Stored in directory: /home/runner/.cache/pip/wheels/26/bc/eb/67e56405e0684b3d8c011cf4d18129c41be394775fd5ba2347
2025-07-16T05:21:34.4719226Z Successfully built sentinels
2025-07-16T05:21:34.5461914Z Installing collected packages: sentinels, pytz, urllib3, typing-extensions, tomli, sh, python-dotenv, Pygments, pluggy, paho-mqtt, packaging, mdurl, MarkupSafe, loguru, itsdangerous, iniconfig, idna, dnspython, click, charset-normalizer, certifi, blinker, Werkzeug, requests, pymongo, mongomock, markdown-it-py, Jinja2, exceptiongroup, rich, pytest, Flask, Flask-PyMongo, autodevops-cli
2025-07-16T05:21:37.1207611Z 
2025-07-16T05:21:37.1267517Z Successfully installed Flask-3.1.0 Flask-PyMongo-3.0.1 Jinja2-3.1.6 MarkupSafe-3.0.2 Pygments-2.19.2 Werkzeug-3.1.3 autodevops-cli-0.1.1 blinker-1.9.0 certifi-2025.7.14 charset-normalizer-3.4.2 click-8.2.1 dnspython-2.7.0 exceptiongroup-1.3.0 idna-3.10 iniconfig-2.1.0 itsdangerous-2.2.0 loguru-0.7.3 markdown-it-py-3.0.0 mdurl-0.1.2 mongomock-4.3.0 packaging-25.0 paho-mqtt-2.1.0 pluggy-1.6.0 pymongo-4.13.2 pytest-8.2.1 python-dotenv-1.1.1 pytz-2025.2 requests-2.32.4 rich-14.0.0 sentinels-1.0.0 sh-2.2.2 tomli-2.2.1 typing-extensions-4.14.1 urllib3-2.5.0
2025-07-16T05:21:37.2738134Z ##[group]Run export PYTHONPATH=.
2025-07-16T05:21:37.2738466Z [36;1mexport PYTHONPATH=.[0m
2025-07-16T05:21:37.2738713Z [36;1mpytest test_main.py -v[0m
2025-07-16T05:21:37.2767712Z shell: /usr/bin/bash -e {0}
2025-07-16T05:21:37.2767943Z env:
2025-07-16T05:21:37.2768207Z   pythonLocation: /opt/hostedtoolcache/Python/3.10.18/x64
2025-07-16T05:21:37.2768629Z   PKG_CONFIG_PATH: /opt/hostedtoolcache/Python/3.10.18/x64/lib/pkgconfig
2025-07-16T05:21:37.2769021Z   Python_ROOT_DIR: /opt/hostedtoolcache/Python/3.10.18/x64
2025-07-16T05:21:37.2769358Z   Python2_ROOT_DIR: /opt/hostedtoolcache/Python/3.10.18/x64
2025-07-16T05:21:37.2769709Z   Python3_ROOT_DIR: /opt/hostedtoolcache/Python/3.10.18/x64
2025-07-16T05:21:37.2770057Z   LD_LIBRARY_PATH: /opt/hostedtoolcache/Python/3.10.18/x64/lib
2025-07-16T05:21:37.2770347Z ##[endgroup]
2025-07-16T05:21:38.1146876Z ============================= test session starts ==============================
2025-07-16T05:21:38.1148205Z platform linux -- Python 3.10.18, pytest-8.2.1, pluggy-1.6.0 -- /opt/hostedtoolcache/Python/3.10.18/x64/bin/python
2025-07-16T05:21:38.1149936Z cachedir: .pytest_cache
2025-07-16T05:21:38.1150321Z rootdir: /home/runner/work/Devops/Devops
2025-07-16T05:21:38.8162584Z collecting ... collected 7 items
2025-07-16T05:21:38.8163004Z 
2025-07-16T05:21:38.8305468Z test_main.py::test_home_page PASSED                                      [ 14%]
2025-07-16T05:21:38.8496273Z test_main.py::test_admin_dashboard PASSED                                [ 28%]
2025-07-16T05:21:38.8559351Z test_main.py::test_student_dashboard PASSED                              [ 42%]
2025-07-16T05:21:38.8601983Z test_main.py::test_generate_attendance_no_input PASSED                   [ 57%]
2025-07-16T05:21:38.8645457Z test_main.py::test_student_generate_attendance_invalid PASSED            [ 71%]
2025-07-16T05:21:38.8706199Z test_main.py::test_register_user_get PASSED                              [ 85%]
2025-07-16T05:21:38.8763832Z test_main.py::test_receive_rfid_missing PASSED                           [100%]
2025-07-16T05:21:38.8764812Z 
2025-07-16T05:21:38.8765038Z ============================== 7 passed in 0.76s ===============================
2025-07-16T05:21:38.9223367Z ##[group]Run docker/login-action@v3
2025-07-16T05:21:38.9223624Z with:
2025-07-16T05:21:38.9224100Z   username: ***
2025-07-16T05:21:38.9224352Z   password: ***
2025-07-16T05:21:38.9224808Z   ecr: auto
2025-07-16T05:21:38.9224994Z   logout: true
2025-07-16T05:21:38.9225166Z env:
2025-07-16T05:21:38.9225396Z   pythonLocation: /opt/hostedtoolcache/Python/3.10.18/x64
2025-07-16T05:21:38.9225791Z   PKG_CONFIG_PATH: /opt/hostedtoolcache/Python/3.10.18/x64/lib/pkgconfig
2025-07-16T05:21:38.9226176Z   Python_ROOT_DIR: /opt/hostedtoolcache/Python/3.10.18/x64
2025-07-16T05:21:38.9226515Z   Python2_ROOT_DIR: /opt/hostedtoolcache/Python/3.10.18/x64
2025-07-16T05:21:38.9226856Z   Python3_ROOT_DIR: /opt/hostedtoolcache/Python/3.10.18/x64
2025-07-16T05:21:38.9227197Z   LD_LIBRARY_PATH: /opt/hostedtoolcache/Python/3.10.18/x64/lib
2025-07-16T05:21:38.9227482Z ##[endgroup]
2025-07-16T05:21:39.2102306Z Logging into Docker Hub...
2025-07-16T05:21:39.4289686Z Login Succeeded!
2025-07-16T05:21:39.4418559Z ##[group]Run docker build -t ***/flask-ci-cd-demo .
2025-07-16T05:21:39.4418989Z [36;1mdocker build -t ***/flask-ci-cd-demo .[0m
2025-07-16T05:21:39.4446838Z shell: /usr/bin/bash -e {0}
2025-07-16T05:21:39.4447071Z env:
2025-07-16T05:21:39.4447317Z   pythonLocation: /opt/hostedtoolcache/Python/3.10.18/x64
2025-07-16T05:21:39.4447735Z   PKG_CONFIG_PATH: /opt/hostedtoolcache/Python/3.10.18/x64/lib/pkgconfig
2025-07-16T05:21:39.4448128Z   Python_ROOT_DIR: /opt/hostedtoolcache/Python/3.10.18/x64
2025-07-16T05:21:39.4448475Z   Python2_ROOT_DIR: /opt/hostedtoolcache/Python/3.10.18/x64
2025-07-16T05:21:39.4448819Z   Python3_ROOT_DIR: /opt/hostedtoolcache/Python/3.10.18/x64
2025-07-16T05:21:39.4449165Z   LD_LIBRARY_PATH: /opt/hostedtoolcache/Python/3.10.18/x64/lib
2025-07-16T05:21:39.4449464Z ##[endgroup]
2025-07-16T05:21:45.9129728Z #0 building with "default" instance using docker driver
2025-07-16T05:21:45.9130028Z 
2025-07-16T05:21:45.9130248Z #1 [internal] load build definition from Dockerfile
2025-07-16T05:21:45.9130595Z #1 transferring dockerfile: 798B done
2025-07-16T05:21:45.9130871Z #1 DONE 0.0s
2025-07-16T05:21:45.9131000Z 
2025-07-16T05:21:45.9131177Z #2 [auth] library/python:pull token for registry-1.docker.io
2025-07-16T05:21:46.0634967Z #2 DONE 0.0s
2025-07-16T05:21:46.0635117Z 
2025-07-16T05:21:46.0635325Z #3 [internal] load metadata for docker.io/library/python:3.10-slim
2025-07-16T05:21:46.2508344Z #3 DONE 0.5s
2025-07-16T05:21:46.4181965Z 
2025-07-16T05:21:46.4182795Z #4 [internal] load .dockerignore
2025-07-16T05:21:46.4183789Z #4 transferring context: 2B done
2025-07-16T05:21:46.4184401Z #4 DONE 0.0s
2025-07-16T05:21:46.4191237Z 
2025-07-16T05:21:46.4191874Z #5 [1/6] FROM docker.io/library/python:3.10-slim@sha256:9dd6774a1276178f94b0cc1fb1f0edd980825d0ea7634847af9940b1b6273c13
2025-07-16T05:21:46.4193232Z #5 resolve docker.io/library/python:3.10-slim@sha256:9dd6774a1276178f94b0cc1fb1f0edd980825d0ea7634847af9940b1b6273c13 done
2025-07-16T05:21:46.4194653Z #5 sha256:9dd6774a1276178f94b0cc1fb1f0edd980825d0ea7634847af9940b1b6273c13 9.13kB / 9.13kB done
2025-07-16T05:21:46.4195784Z #5 sha256:c5dbd5ba857839a0aa9db765ea519c1514a40da811b4cf08c852b72fab4379d5 1.75kB / 1.75kB done
2025-07-16T05:21:46.4230849Z #5 sha256:563dffbdc42507a70677ee28b4bb678ad9074e3c9f75e3043523a38dcdf4f553 5.37kB / 5.37kB done
2025-07-16T05:21:46.4232014Z #5 sha256:3da95a905ed546f99c4564407923a681757d89651a388ec3f1f5e9bf5ed0b39d 9.44MB / 28.23MB 0.1s
2025-07-16T05:21:46.4233097Z #5 sha256:0ebcc011f0ec7a9a900f7366b104730396a59032e64f04f3867a75f25ed48280 3.51MB / 3.51MB 0.1s
2025-07-16T05:21:46.4236949Z #5 sha256:92d63ec5cbeb1348bad42929919fd8e78f38d96e388b5509d2929d76ddafb48e 7.71MB / 15.65MB 0.1s
2025-07-16T05:21:46.5202430Z #5 sha256:3da95a905ed546f99c4564407923a681757d89651a388ec3f1f5e9bf5ed0b39d 23.07MB / 28.23MB 0.2s
2025-07-16T05:21:46.5204023Z #5 sha256:0ebcc011f0ec7a9a900f7366b104730396a59032e64f04f3867a75f25ed48280 3.51MB / 3.51MB 0.1s done
2025-07-16T05:21:46.5208214Z #5 sha256:92d63ec5cbeb1348bad42929919fd8e78f38d96e388b5509d2929d76ddafb48e 15.65MB / 15.65MB 0.1s done
2025-07-16T05:21:46.5210440Z #5 sha256:64b78282ca88b226c404cb8dfdee72b75eea52c9ac7380c0439b6e03992e483f 248B / 248B 0.1s done
2025-07-16T05:21:46.8293656Z #5 sha256:3da95a905ed546f99c4564407923a681757d89651a388ec3f1f5e9bf5ed0b39d 28.23MB / 28.23MB 0.2s done
2025-07-16T05:21:46.9298638Z #5 extracting sha256:3da95a905ed546f99c4564407923a681757d89651a388ec3f1f5e9bf5ed0b39d
2025-07-16T05:21:47.2852562Z #5 ...
2025-07-16T05:21:47.2852819Z 
2025-07-16T05:21:47.2853269Z #6 [internal] load build context
2025-07-16T05:21:47.2853732Z #6 transferring context: 64.96MB 0.8s done
2025-07-16T05:21:47.2854150Z #6 DONE 0.9s
2025-07-16T05:21:47.2854352Z 
2025-07-16T05:21:47.2855198Z #5 [1/6] FROM docker.io/library/python:3.10-slim@sha256:9dd6774a1276178f94b0cc1fb1f0edd980825d0ea7634847af9940b1b6273c13
2025-07-16T05:21:48.0275793Z #5 extracting sha256:3da95a905ed546f99c4564407923a681757d89651a388ec3f1f5e9bf5ed0b39d 1.2s done
2025-07-16T05:21:48.1641912Z #5 extracting sha256:0ebcc011f0ec7a9a900f7366b104730396a59032e64f04f3867a75f25ed48280 0.1s
2025-07-16T05:21:48.3481441Z #5 extracting sha256:0ebcc011f0ec7a9a900f7366b104730396a59032e64f04f3867a75f25ed48280 0.1s done
2025-07-16T05:21:48.6485155Z #5 extracting sha256:92d63ec5cbeb1348bad42929919fd8e78f38d96e388b5509d2929d76ddafb48e
2025-07-16T05:21:49.3340070Z #5 extracting sha256:92d63ec5cbeb1348bad42929919fd8e78f38d96e388b5509d2929d76ddafb48e 0.6s done
2025-07-16T05:21:49.3341129Z #5 extracting sha256:64b78282ca88b226c404cb8dfdee72b75eea52c9ac7380c0439b6e03992e483f
2025-07-16T05:21:49.5223026Z #5 extracting sha256:64b78282ca88b226c404cb8dfdee72b75eea52c9ac7380c0439b6e03992e483f done
2025-07-16T05:21:49.5223496Z #5 DONE 3.1s
2025-07-16T05:21:49.5223608Z 
2025-07-16T05:21:49.5224033Z #7 [2/6] RUN apt-get update &&     apt-get install -y --no-install-recommends     build-essential     curl     nano     git     && rm -rf /var/lib/apt/lists/*
2025-07-16T05:21:49.5346613Z #7 0.163 Get:1 http://deb.debian.org/debian bookworm InRelease [151 kB]
2025-07-16T05:21:49.6845574Z #7 0.186 Get:2 http://deb.debian.org/debian bookworm-updates InRelease [55.4 kB]
2025-07-16T05:21:49.6846642Z #7 0.196 Get:3 http://deb.debian.org/debian-security bookworm-security InRelease [48.0 kB]
2025-07-16T05:21:49.6847610Z #7 0.248 Get:4 http://deb.debian.org/debian bookworm/main amd64 Packages [8793 kB]
2025-07-16T05:21:49.8668588Z #7 0.313 Get:5 http://deb.debian.org/debian bookworm-updates/main amd64 Packages [756 B]
2025-07-16T05:21:49.8669329Z #7 0.345 Get:6 http://deb.debian.org/debian-security bookworm-security/main amd64 Packages [272 kB]
2025-07-16T05:21:50.4298665Z #7 1.059 Fetched 9320 kB in 1s (10.2 MB/s)
2025-07-16T05:21:50.8086027Z #7 1.059 Reading package lists...
2025-07-16T05:21:51.2173794Z #7 1.457 Reading package lists...
2025-07-16T05:21:51.3180893Z #7 1.855 Building dependency tree...
2025-07-16T05:21:51.5665308Z #7 1.947 Reading state information...
2025-07-16T05:21:51.5665920Z #7 2.043 The following additional packages will be installed:
2025-07-16T05:21:51.5666461Z #7 2.043   binutils binutils-common binutils-x86-64-linux-gnu bzip2 cpp cpp-12 dpkg-dev
2025-07-16T05:21:51.5666986Z #7 2.044   g++ g++-12 gcc gcc-12 git-man libasan8 libatomic1 libbinutils libbrotli1
2025-07-16T05:21:51.5667444Z #7 2.044   libc-dev-bin libc6-dev libcc1-0 libcrypt-dev libctf-nobfd0 libctf0
2025-07-16T05:21:51.5667976Z #7 2.044   libcurl3-gnutls libcurl4 libdpkg-perl liberror-perl libexpat1 libgcc-12-dev
2025-07-16T05:21:51.5668531Z #7 2.044   libgdbm-compat4 libgomp1 libgprofng0 libisl23 libitm1 libjansson4
2025-07-16T05:21:51.5669053Z #7 2.044   libldap-2.5-0 liblsan0 libmpc3 libmpfr6 libnghttp2-14 libnsl-dev libperl5.36
2025-07-16T05:21:51.5669611Z #7 2.044   libpsl5 libquadmath0 librtmp1 libsasl2-2 libsasl2-modules-db libssh2-1
2025-07-16T05:21:51.5670145Z #7 2.044   libstdc++-12-dev libtirpc-dev libtsan2 libubsan1 linux-libc-dev make patch
2025-07-16T05:21:51.5670604Z #7 2.044   perl perl-modules-5.36 rpcsvc-proto xz-utils
2025-07-16T05:21:51.5670922Z #7 2.045 Suggested packages:
2025-07-16T05:21:51.5671287Z #7 2.045   binutils-doc bzip2-doc cpp-doc gcc-12-locales cpp-12-doc debian-keyring
2025-07-16T05:21:51.5672159Z #7 2.045   g++-multilib g++-12-multilib gcc-12-doc gcc-multilib manpages-dev autoconf
2025-07-16T05:21:51.5672669Z #7 2.045   automake libtool flex bison gdb gcc-doc gcc-12-multilib gettext-base
2025-07-16T05:21:51.5673193Z #7 2.045   git-daemon-run | git-daemon-sysvinit git-doc git-email git-gui gitk gitweb
2025-07-16T05:21:51.5673726Z #7 2.045   git-cvs git-mediawiki git-svn glibc-doc gnupg | sq | sqop | pgpainless-cli
2025-07-16T05:21:51.5674254Z #7 2.045   sensible-utils bzr libstdc++-12-doc make-doc hunspell ed diffutils-doc
2025-07-16T05:21:51.5674919Z #7 2.045   perl-doc libterm-readline-gnu-perl | libterm-readline-perl-perl
2025-07-16T05:21:51.5675314Z #7 2.045   libtap-harness-archive-perl
2025-07-16T05:21:51.5675592Z #7 2.045 Recommended packages:
2025-07-16T05:21:51.5676125Z #7 2.045   fakeroot gnupg | sq | sqop | pgpainless-cli libalgorithm-merge-perl less
2025-07-16T05:21:51.5676840Z #7 2.045   ssh-client manpages manpages-dev libc-devtools libfile-fcntllock-perl
2025-07-16T05:21:51.5677579Z #7 2.045   liblocale-gettext-perl libldap-common publicsuffix libsasl2-modules
2025-07-16T05:21:51.6589935Z #7 2.287 The following NEW packages will be installed:
2025-07-16T05:21:51.6590825Z #7 2.287   binutils binutils-common binutils-x86-64-linux-gnu build-essential bzip2 cpp
2025-07-16T05:21:51.7593052Z #7 2.288   cpp-12 curl dpkg-dev g++ g++-12 gcc gcc-12 git git-man libasan8 libatomic1
2025-07-16T05:21:51.7593644Z #7 2.288   libbinutils libbrotli1 libc-dev-bin libc6-dev libcc1-0 libcrypt-dev
2025-07-16T05:21:51.7594214Z #7 2.288   libctf-nobfd0 libctf0 libcurl3-gnutls libcurl4 libdpkg-perl liberror-perl
2025-07-16T05:21:51.7594962Z #7 2.288   libexpat1 libgcc-12-dev libgdbm-compat4 libgomp1 libgprofng0 libisl23
2025-07-16T05:21:51.7595492Z #7 2.288   libitm1 libjansson4 libldap-2.5-0 liblsan0 libmpc3 libmpfr6 libnghttp2-14
2025-07-16T05:21:51.7596030Z #7 2.288   libnsl-dev libperl5.36 libpsl5 libquadmath0 librtmp1 libsasl2-2
2025-07-16T05:21:51.7596518Z #7 2.288   libsasl2-modules-db libssh2-1 libstdc++-12-dev libtirpc-dev libtsan2
2025-07-16T05:21:51.7597064Z #7 2.288   libubsan1 linux-libc-dev make nano patch perl perl-modules-5.36 rpcsvc-proto
2025-07-16T05:21:51.7597477Z #7 2.288   xz-utils
2025-07-16T05:21:51.7597769Z #7 2.322 0 upgraded, 62 newly installed, 0 to remove and 0 not upgraded.
2025-07-16T05:21:51.7598139Z #7 2.322 Need to get 85.7 MB of archives.
2025-07-16T05:21:51.7598518Z #7 2.322 After this operation, 370 MB of additional disk space will be used.
2025-07-16T05:21:51.7599127Z #7 2.322 Get:1 http://deb.debian.org/debian bookworm/main amd64 perl-modules-5.36 all 5.36.0-7+deb12u2 [2815 kB]
2025-07-16T05:21:51.7599792Z #7 2.343 Get:2 http://deb.debian.org/debian bookworm/main amd64 libgdbm-compat4 amd64 1.23-3 [48.2 kB]
2025-07-16T05:21:51.7600448Z #7 2.344 Get:3 http://deb.debian.org/debian bookworm/main amd64 libperl5.36 amd64 5.36.0-7+deb12u2 [4207 kB]
2025-07-16T05:21:51.7601085Z #7 2.364 Get:4 http://deb.debian.org/debian bookworm/main amd64 perl amd64 5.36.0-7+deb12u2 [239 kB]
2025-07-16T05:21:51.7601690Z #7 2.366 Get:5 http://deb.debian.org/debian bookworm/main amd64 nano amd64 7.2-1+deb12u1 [690 kB]
2025-07-16T05:21:51.7602286Z #7 2.369 Get:6 http://deb.debian.org/debian bookworm/main amd64 bzip2 amd64 1.0.8-5+b1 [49.8 kB]
2025-07-16T05:21:51.7602834Z #7 2.370 Get:7 http://deb.debian.org/debian bookworm/main amd64 xz-utils amd64 5.4.1-1 [471 kB]
2025-07-16T05:21:51.7603382Z #7 2.372 Get:8 http://deb.debian.org/debian bookworm/main amd64 binutils-common amd64 2.40-2 [2487 kB]
2025-07-16T05:21:51.7603922Z #7 2.383 Get:9 http://deb.debian.org/debian bookworm/main amd64 libbinutils amd64 2.40-2 [572 kB]
2025-07-16T05:21:51.7604625Z #7 2.386 Get:10 http://deb.debian.org/debian bookworm/main amd64 libctf-nobfd0 amd64 2.40-2 [153 kB]
2025-07-16T05:21:51.7605202Z #7 2.387 Get:11 http://deb.debian.org/debian bookworm/main amd64 libctf0 amd64 2.40-2 [89.8 kB]
2025-07-16T05:21:51.7605735Z #7 2.388 Get:12 http://deb.debian.org/debian bookworm/main amd64 libgprofng0 amd64 2.40-2 [812 kB]
2025-07-16T05:21:51.8678251Z #7 2.392 Get:13 http://deb.debian.org/debian bookworm/main amd64 libjansson4 amd64 2.14-2 [40.8 kB]
2025-07-16T05:21:51.8681076Z #7 2.392 Get:14 http://deb.debian.org/debian bookworm/main amd64 binutils-x86-64-linux-gnu amd64 2.40-2 [2246 kB]
2025-07-16T05:21:51.8682192Z #7 2.403 Get:15 http://deb.debian.org/debian bookworm/main amd64 binutils amd64 2.40-2 [65.0 kB]
2025-07-16T05:21:51.8683200Z #7 2.404 Get:16 http://deb.debian.org/debian bookworm/main amd64 libc-dev-bin amd64 2.36-9+deb12u10 [47.1 kB]
2025-07-16T05:21:51.8684403Z #7 2.404 Get:17 http://deb.debian.org/debian-security bookworm-security/main amd64 linux-libc-dev amd64 6.1.140-1 [2145 kB]
2025-07-16T05:21:51.8686125Z #7 2.409 Get:18 http://deb.debian.org/debian bookworm/main amd64 libcrypt-dev amd64 1:4.4.33-2 [118 kB]
2025-07-16T05:21:51.8687699Z #7 2.409 Get:19 http://deb.debian.org/debian bookworm/main amd64 libtirpc-dev amd64 1.3.3+ds-1 [191 kB]
2025-07-16T05:21:51.8689447Z #7 2.410 Get:20 http://deb.debian.org/debian bookworm/main amd64 libnsl-dev amd64 1.3.0-2 [66.4 kB]
2025-07-16T05:21:51.8690431Z #7 2.411 Get:21 http://deb.debian.org/debian bookworm/main amd64 rpcsvc-proto amd64 1.4.3-1 [63.3 kB]
2025-07-16T05:21:51.8691367Z #7 2.411 Get:22 http://deb.debian.org/debian bookworm/main amd64 libc6-dev amd64 2.36-9+deb12u10 [1903 kB]
2025-07-16T05:21:51.8693881Z #7 2.419 Get:23 http://deb.debian.org/debian bookworm/main amd64 libisl23 amd64 0.25-1.1 [683 kB]
2025-07-16T05:21:51.8694968Z #7 2.421 Get:24 http://deb.debian.org/debian bookworm/main amd64 libmpfr6 amd64 4.2.0-1 [701 kB]
2025-07-16T05:21:51.8696990Z #7 2.424 Get:25 http://deb.debian.org/debian bookworm/main amd64 libmpc3 amd64 1.3.1-1 [51.5 kB]
2025-07-16T05:21:51.8698463Z #7 2.425 Get:26 http://deb.debian.org/debian bookworm/main amd64 cpp-12 amd64 12.2.0-14+deb12u1 [9768 kB]
2025-07-16T05:21:51.8699767Z #7 2.461 Get:27 http://deb.debian.org/debian bookworm/main amd64 cpp amd64 4:12.2.0-3 [6836 B]
2025-07-16T05:21:51.8700736Z #7 2.461 Get:28 http://deb.debian.org/debian bookworm/main amd64 libcc1-0 amd64 12.2.0-14+deb12u1 [41.7 kB]
2025-07-16T05:21:51.8702679Z #7 2.461 Get:29 http://deb.debian.org/debian bookworm/main amd64 libgomp1 amd64 12.2.0-14+deb12u1 [116 kB]
2025-07-16T05:21:51.8703725Z #7 2.462 Get:30 http://deb.debian.org/debian bookworm/main amd64 libitm1 amd64 12.2.0-14+deb12u1 [26.1 kB]
2025-07-16T05:21:51.8704871Z #7 2.462 Get:31 http://deb.debian.org/debian bookworm/main amd64 libatomic1 amd64 12.2.0-14+deb12u1 [9376 B]
2025-07-16T05:21:51.8705873Z #7 2.463 Get:32 http://deb.debian.org/debian bookworm/main amd64 libasan8 amd64 12.2.0-14+deb12u1 [2193 kB]
2025-07-16T05:21:51.8706833Z #7 2.471 Get:33 http://deb.debian.org/debian bookworm/main amd64 liblsan0 amd64 12.2.0-14+deb12u1 [969 kB]
2025-07-16T05:21:51.8708565Z #7 2.475 Get:34 http://deb.debian.org/debian bookworm/main amd64 libtsan2 amd64 12.2.0-14+deb12u1 [2197 kB]
2025-07-16T05:21:51.8710342Z #7 2.483 Get:35 http://deb.debian.org/debian bookworm/main amd64 libubsan1 amd64 12.2.0-14+deb12u1 [883 kB]
2025-07-16T05:21:51.8712106Z #7 2.487 Get:36 http://deb.debian.org/debian bookworm/main amd64 libquadmath0 amd64 12.2.0-14+deb12u1 [145 kB]
2025-07-16T05:21:51.8713124Z #7 2.487 Get:37 http://deb.debian.org/debian bookworm/main amd64 libgcc-12-dev amd64 12.2.0-14+deb12u1 [2437 kB]
2025-07-16T05:21:51.8714123Z #7 2.497 Get:38 http://deb.debian.org/debian bookworm/main amd64 gcc-12 amd64 12.2.0-14+deb12u1 [19.3 MB]
2025-07-16T05:21:51.9849091Z #7 2.566 Get:39 http://deb.debian.org/debian bookworm/main amd64 gcc amd64 4:12.2.0-3 [5216 B]
2025-07-16T05:21:51.9850065Z #7 2.566 Get:40 http://deb.debian.org/debian bookworm/main amd64 libstdc++-12-dev amd64 12.2.0-14+deb12u1 [2047 kB]
2025-07-16T05:21:51.9850770Z #7 2.574 Get:41 http://deb.debian.org/debian bookworm/main amd64 g++-12 amd64 12.2.0-14+deb12u1 [10.7 MB]
2025-07-16T05:21:51.9851419Z #7 2.614 Get:42 http://deb.debian.org/debian bookworm/main amd64 g++ amd64 4:12.2.0-3 [1356 B]
2025-07-16T05:21:52.1462982Z #7 2.614 Get:43 http://deb.debian.org/debian bookworm/main amd64 make amd64 4.3-4.1 [396 kB]
2025-07-16T05:21:52.1464816Z #7 2.615 Get:44 http://deb.debian.org/debian bookworm/main amd64 libdpkg-perl all 1.21.22 [603 kB]
2025-07-16T05:21:52.1465968Z #7 2.618 Get:45 http://deb.debian.org/debian bookworm/main amd64 patch amd64 2.7.6-7 [128 kB]
2025-07-16T05:21:52.1466802Z #7 2.618 Get:46 http://deb.debian.org/debian bookworm/main amd64 dpkg-dev all 1.21.22 [1353 kB]
2025-07-16T05:21:52.1467496Z #7 2.623 Get:47 http://deb.debian.org/debian bookworm/main amd64 build-essential amd64 12.9 [7704 B]
2025-07-16T05:21:52.1468211Z #7 2.624 Get:48 http://deb.debian.org/debian bookworm/main amd64 libbrotli1 amd64 1.0.9-2+b6 [275 kB]
2025-07-16T05:21:52.1468997Z #7 2.625 Get:49 http://deb.debian.org/debian bookworm/main amd64 libsasl2-modules-db amd64 2.1.28+dfsg-10 [20.3 kB]
2025-07-16T05:21:52.1469836Z #7 2.625 Get:50 http://deb.debian.org/debian bookworm/main amd64 libsasl2-2 amd64 2.1.28+dfsg-10 [59.7 kB]
2025-07-16T05:21:52.1470500Z #7 2.626 Get:51 http://deb.debian.org/debian bookworm/main amd64 libldap-2.5-0 amd64 2.5.13+dfsg-5 [183 kB]
2025-07-16T05:21:52.1471174Z #7 2.627 Get:52 http://deb.debian.org/debian bookworm/main amd64 libnghttp2-14 amd64 1.52.0-1+deb12u2 [73.0 kB]
2025-07-16T05:21:52.1471803Z #7 2.627 Get:53 http://deb.debian.org/debian bookworm/main amd64 libpsl5 amd64 0.21.2-1 [58.7 kB]
2025-07-16T05:21:52.1472468Z #7 2.628 Get:54 http://deb.debian.org/debian bookworm/main amd64 librtmp1 amd64 2.4+20151223.gitfa8646d.1-2+b2 [60.8 kB]
2025-07-16T05:21:52.1473256Z #7 2.628 Get:55 http://deb.debian.org/debian bookworm/main amd64 libssh2-1 amd64 1.10.0-3+b1 [179 kB]
2025-07-16T05:21:52.1474269Z #7 2.629 Get:56 http://deb.debian.org/debian bookworm/main amd64 libcurl4 amd64 7.88.1-10+deb12u12 [391 kB]
2025-07-16T05:21:52.1475302Z #7 2.632 Get:57 http://deb.debian.org/debian bookworm/main amd64 curl amd64 7.88.1-10+deb12u12 [315 kB]
2025-07-16T05:21:52.1475979Z #7 2.634 Get:58 http://deb.debian.org/debian bookworm/main amd64 libcurl3-gnutls amd64 7.88.1-10+deb12u12 [386 kB]
2025-07-16T05:21:52.1476661Z #7 2.636 Get:59 http://deb.debian.org/debian bookworm/main amd64 libexpat1 amd64 2.5.0-1+deb12u1 [98.9 kB]
2025-07-16T05:21:52.1477306Z #7 2.637 Get:60 http://deb.debian.org/debian bookworm/main amd64 liberror-perl all 0.17029-2 [29.0 kB]
2025-07-16T05:21:52.1477963Z #7 2.637 Get:61 http://deb.debian.org/debian bookworm/main amd64 git-man all 1:2.39.5-0+deb12u2 [2053 kB]
2025-07-16T05:21:52.1478598Z #7 2.647 Get:62 http://deb.debian.org/debian bookworm/main amd64 git amd64 1:2.39.5-0+deb12u2 [7260 kB]
2025-07-16T05:21:52.1479187Z #7 2.775 debconf: delaying package configuration, since apt-utils is not installed
2025-07-16T05:21:52.3427920Z #7 2.799 Fetched 85.7 MB in 0s (225 MB/s)
2025-07-16T05:21:52.3428570Z #7 2.814 Selecting previously unselected package perl-modules-5.36.
2025-07-16T05:21:52.3429183Z #7 2.814 (Reading database ... 
2025-07-16T05:21:52.3429570Z (Reading database ... 5%
2025-07-16T05:21:52.3429936Z (Reading database ... 10%
2025-07-16T05:21:52.3430308Z (Reading database ... 15%
2025-07-16T05:21:52.3430652Z (Reading database ... 20%
2025-07-16T05:21:52.3431003Z (Reading database ... 25%
2025-07-16T05:21:52.3431355Z (Reading database ... 30%
2025-07-16T05:21:52.3431700Z (Reading database ... 35%
2025-07-16T05:21:52.3432050Z (Reading database ... 40%
2025-07-16T05:21:52.3432402Z (Reading database ... 45%
2025-07-16T05:21:52.3432742Z (Reading database ... 50%
2025-07-16T05:21:52.3433090Z (Reading database ... 55%
2025-07-16T05:21:52.3433438Z (Reading database ... 60%
2025-07-16T05:21:52.3433776Z (Reading database ... 65%
2025-07-16T05:21:52.3434118Z (Reading database ... 70%
2025-07-16T05:21:52.3434649Z (Reading database ... 75%
2025-07-16T05:21:52.3434995Z (Reading database ... 80%
2025-07-16T05:21:52.3435340Z (Reading database ... 85%
2025-07-16T05:21:52.3435689Z (Reading database ... 90%
2025-07-16T05:21:52.3436025Z (Reading database ... 95%
2025-07-16T05:21:52.3436370Z (Reading database ... 100%
2025-07-16T05:21:52.3437148Z (Reading database ... 6688 files and directories currently installed.)
2025-07-16T05:21:52.3437925Z #7 2.820 Preparing to unpack .../00-perl-modules-5.36_5.36.0-7+deb12u2_all.deb ...
2025-07-16T05:21:52.3438611Z #7 2.821 Unpacking perl-modules-5.36 (5.36.0-7+deb12u2) ...
2025-07-16T05:21:52.4935703Z #7 3.122 Selecting previously unselected package libgdbm-compat4:amd64.
2025-07-16T05:21:52.6732975Z #7 3.124 Preparing to unpack .../01-libgdbm-compat4_1.23-3_amd64.deb ...
2025-07-16T05:21:52.6733667Z #7 3.128 Unpacking libgdbm-compat4:amd64 (1.23-3) ...
2025-07-16T05:21:52.6734295Z #7 3.149 Selecting previously unselected package libperl5.36:amd64.
2025-07-16T05:21:52.6735198Z #7 3.150 Preparing to unpack .../02-libperl5.36_5.36.0-7+deb12u2_amd64.deb ...
2025-07-16T05:21:52.6735863Z #7 3.152 Unpacking libperl5.36:amd64 (5.36.0-7+deb12u2) ...
2025-07-16T05:21:52.8242211Z #7 3.453 Selecting previously unselected package perl.
2025-07-16T05:21:52.9244731Z #7 3.454 Preparing to unpack .../03-perl_5.36.0-7+deb12u2_amd64.deb ...
2025-07-16T05:21:52.9245411Z #7 3.460 Unpacking perl (5.36.0-7+deb12u2) ...
2025-07-16T05:21:52.9245911Z #7 3.492 Selecting previously unselected package nano.
2025-07-16T05:21:52.9246503Z #7 3.494 Preparing to unpack .../04-nano_7.2-1+deb12u1_amd64.deb ...
2025-07-16T05:21:52.9247088Z #7 3.495 Unpacking nano (7.2-1+deb12u1) ...
2025-07-16T05:21:52.9247403Z #7 3.553 Selecting previously unselected package bzip2.
2025-07-16T05:21:53.1503401Z #7 3.555 Preparing to unpack .../05-bzip2_1.0.8-5+b1_amd64.deb ...
2025-07-16T05:21:53.1504033Z #7 3.556 Unpacking bzip2 (1.0.8-5+b1) ...
2025-07-16T05:21:53.1504629Z #7 3.575 Selecting previously unselected package xz-utils.
2025-07-16T05:21:53.1505077Z #7 3.577 Preparing to unpack .../06-xz-utils_5.4.1-1_amd64.deb ...
2025-07-16T05:21:53.1505433Z #7 3.578 Unpacking xz-utils (5.4.1-1) ...
2025-07-16T05:21:53.1505845Z #7 3.626 Selecting previously unselected package binutils-common:amd64.
2025-07-16T05:21:53.1506312Z #7 3.627 Preparing to unpack .../07-binutils-common_2.40-2_amd64.deb ...
2025-07-16T05:21:53.1506716Z #7 3.629 Unpacking binutils-common:amd64 (2.40-2) ...
2025-07-16T05:21:53.1701283Z #7 3.799 Selecting previously unselected package libbinutils:amd64.
2025-07-16T05:21:53.2833471Z #7 3.800 Preparing to unpack .../08-libbinutils_2.40-2_amd64.deb ...
2025-07-16T05:21:53.2834070Z #7 3.802 Unpacking libbinutils:amd64 (2.40-2) ...
2025-07-16T05:21:53.2834720Z #7 3.854 Selecting previously unselected package libctf-nobfd0:amd64.
2025-07-16T05:21:53.2835242Z #7 3.856 Preparing to unpack .../09-libctf-nobfd0_2.40-2_amd64.deb ...
2025-07-16T05:21:53.2835661Z #7 3.856 Unpacking libctf-nobfd0:amd64 (2.40-2) ...
2025-07-16T05:21:53.2836054Z #7 3.885 Selecting previously unselected package libctf0:amd64.
2025-07-16T05:21:53.2836486Z #7 3.886 Preparing to unpack .../10-libctf0_2.40-2_amd64.deb ...
2025-07-16T05:21:53.2836887Z #7 3.888 Unpacking libctf0:amd64 (2.40-2) ...
2025-07-16T05:21:53.2837277Z #7 3.912 Selecting previously unselected package libgprofng0:amd64.
2025-07-16T05:21:53.5324752Z #7 3.913 Preparing to unpack .../11-libgprofng0_2.40-2_amd64.deb ...
2025-07-16T05:21:53.5325331Z #7 3.915 Unpacking libgprofng0:amd64 (2.40-2) ...
2025-07-16T05:21:53.5325907Z #7 3.986 Selecting previously unselected package libjansson4:amd64.
2025-07-16T05:21:53.5326700Z #7 3.987 Preparing to unpack .../12-libjansson4_2.14-2_amd64.deb ...
2025-07-16T05:21:53.5327306Z #7 3.989 Unpacking libjansson4:amd64 (2.14-2) ...
2025-07-16T05:21:53.5328038Z #7 4.008 Selecting previously unselected package binutils-x86-64-linux-gnu.
2025-07-16T05:21:53.5328893Z #7 4.009 Preparing to unpack .../13-binutils-x86-64-linux-gnu_2.40-2_amd64.deb ...
2025-07-16T05:21:53.5329610Z #7 4.011 Unpacking binutils-x86-64-linux-gnu (2.40-2) ...
2025-07-16T05:21:53.5627188Z #7 4.191 Selecting previously unselected package binutils.
2025-07-16T05:21:53.7699045Z #7 4.193 Preparing to unpack .../14-binutils_2.40-2_amd64.deb ...
2025-07-16T05:21:53.7699660Z #7 4.194 Unpacking binutils (2.40-2) ...
2025-07-16T05:21:53.7700450Z #7 4.218 Selecting previously unselected package libc-dev-bin.
2025-07-16T05:21:53.7701139Z #7 4.219 Preparing to unpack .../15-libc-dev-bin_2.36-9+deb12u10_amd64.deb ...
2025-07-16T05:21:53.7701761Z #7 4.221 Unpacking libc-dev-bin (2.36-9+deb12u10) ...
2025-07-16T05:21:53.7702375Z #7 4.239 Selecting previously unselected package linux-libc-dev:amd64.
2025-07-16T05:21:53.7703068Z #7 4.241 Preparing to unpack .../16-linux-libc-dev_6.1.140-1_amd64.deb ...
2025-07-16T05:21:53.7703688Z #7 4.248 Unpacking linux-libc-dev:amd64 (6.1.140-1) ...
2025-07-16T05:21:53.8070015Z #7 4.436 Selecting previously unselected package libcrypt-dev:amd64.
2025-07-16T05:21:53.9195609Z #7 4.437 Preparing to unpack .../17-libcrypt-dev_1%3a4.4.33-2_amd64.deb ...
2025-07-16T05:21:53.9196323Z #7 4.444 Unpacking libcrypt-dev:amd64 (1:4.4.33-2) ...
2025-07-16T05:21:53.9196998Z #7 4.469 Selecting previously unselected package libtirpc-dev:amd64.
2025-07-16T05:21:53.9197453Z #7 4.471 Preparing to unpack .../18-libtirpc-dev_1.3.3+ds-1_amd64.deb ...
2025-07-16T05:21:53.9197835Z #7 4.472 Unpacking libtirpc-dev:amd64 (1.3.3+ds-1) ...
2025-07-16T05:21:53.9198181Z #7 4.502 Selecting previously unselected package libnsl-dev:amd64.
2025-07-16T05:21:53.9198571Z #7 4.504 Preparing to unpack .../19-libnsl-dev_1.3.0-2_amd64.deb ...
2025-07-16T05:21:53.9198902Z #7 4.505 Unpacking libnsl-dev:amd64 (1.3.0-2) ...
2025-07-16T05:21:53.9199224Z #7 4.523 Selecting previously unselected package rpcsvc-proto.
2025-07-16T05:21:53.9199605Z #7 4.525 Preparing to unpack .../20-rpcsvc-proto_1.4.3-1_amd64.deb ...
2025-07-16T05:21:53.9199943Z #7 4.526 Unpacking rpcsvc-proto (1.4.3-1) ...
2025-07-16T05:21:53.9200269Z #7 4.548 Selecting previously unselected package libc6-dev:amd64.
2025-07-16T05:21:54.0730041Z #7 4.550 Preparing to unpack .../21-libc6-dev_2.36-9+deb12u10_amd64.deb ...
2025-07-16T05:21:54.0731469Z #7 4.551 Unpacking libc6-dev:amd64 (2.36-9+deb12u10) ...
2025-07-16T05:21:54.0807205Z #7 4.709 Selecting previously unselected package libisl23:amd64.
2025-07-16T05:21:54.1887864Z #7 4.711 Preparing to unpack .../22-libisl23_0.25-1.1_amd64.deb ...
2025-07-16T05:21:54.1888448Z #7 4.713 Unpacking libisl23:amd64 (0.25-1.1) ...
2025-07-16T05:21:54.1888828Z #7 4.771 Selecting previously unselected package libmpfr6:amd64.
2025-07-16T05:21:54.1889229Z #7 4.772 Preparing to unpack .../23-libmpfr6_4.2.0-1_amd64.deb ...
2025-07-16T05:21:54.1889572Z #7 4.775 Unpacking libmpfr6:amd64 (4.2.0-1) ...
2025-07-16T05:21:54.1889913Z #7 4.817 Selecting previously unselected package libmpc3:amd64.
2025-07-16T05:21:54.3634195Z #7 4.819 Preparing to unpack .../24-libmpc3_1.3.1-1_amd64.deb ...
2025-07-16T05:21:54.3634859Z #7 4.820 Unpacking libmpc3:amd64 (1.3.1-1) ...
2025-07-16T05:21:54.3635237Z #7 4.839 Selecting previously unselected package cpp-12.
2025-07-16T05:21:54.3635712Z #7 4.840 Preparing to unpack .../25-cpp-12_12.2.0-14+deb12u1_amd64.deb ...
2025-07-16T05:21:54.3636131Z #7 4.842 Unpacking cpp-12 (12.2.0-14+deb12u1) ...
2025-07-16T05:21:54.7086010Z #7 5.337 Selecting previously unselected package cpp.
2025-07-16T05:21:54.8235422Z #7 5.339 Preparing to unpack .../26-cpp_4%3a12.2.0-3_amd64.deb ...
2025-07-16T05:21:54.8236796Z #7 5.340 Unpacking cpp (4:12.2.0-3) ...
2025-07-16T05:21:54.8237334Z #7 5.359 Selecting previously unselected package libcc1-0:amd64.
2025-07-16T05:21:54.8237821Z #7 5.360 Preparing to unpack .../27-libcc1-0_12.2.0-14+deb12u1_amd64.deb ...
2025-07-16T05:21:54.8238220Z #7 5.361 Unpacking libcc1-0:amd64 (12.2.0-14+deb12u1) ...
2025-07-16T05:21:54.8238580Z #7 5.383 Selecting previously unselected package libgomp1:amd64.
2025-07-16T05:21:54.8238984Z #7 5.384 Preparing to unpack .../28-libgomp1_12.2.0-14+deb12u1_amd64.deb ...
2025-07-16T05:21:54.8239374Z #7 5.386 Unpacking libgomp1:amd64 (12.2.0-14+deb12u1) ...
2025-07-16T05:21:54.8239724Z #7 5.410 Selecting previously unselected package libitm1:amd64.
2025-07-16T05:21:54.8240149Z #7 5.412 Preparing to unpack .../29-libitm1_12.2.0-14+deb12u1_amd64.deb ...
2025-07-16T05:21:54.8240520Z #7 5.414 Unpacking libitm1:amd64 (12.2.0-14+deb12u1) ...
2025-07-16T05:21:54.8241087Z #7 5.431 Selecting previously unselected package libatomic1:amd64.
2025-07-16T05:21:54.8241508Z #7 5.433 Preparing to unpack .../30-libatomic1_12.2.0-14+deb12u1_amd64.deb ...
2025-07-16T05:21:54.8241892Z #7 5.434 Unpacking libatomic1:amd64 (12.2.0-14+deb12u1) ...
2025-07-16T05:21:54.8242242Z #7 5.452 Selecting previously unselected package libasan8:amd64.
2025-07-16T05:21:54.9767439Z #7 5.454 Preparing to unpack .../31-libasan8_12.2.0-14+deb12u1_amd64.deb ...
2025-07-16T05:21:54.9768235Z #7 5.455 Unpacking libasan8:amd64 (12.2.0-14+deb12u1) ...
2025-07-16T05:21:54.9818841Z #7 5.611 Selecting previously unselected package liblsan0:amd64.
2025-07-16T05:21:55.2135534Z #7 5.612 Preparing to unpack .../32-liblsan0_12.2.0-14+deb12u1_amd64.deb ...
2025-07-16T05:21:55.2136470Z #7 5.613 Unpacking liblsan0:amd64 (12.2.0-14+deb12u1) ...
2025-07-16T05:21:55.2137024Z #7 5.692 Selecting previously unselected package libtsan2:amd64.
2025-07-16T05:21:55.2137655Z #7 5.693 Preparing to unpack .../33-libtsan2_12.2.0-14+deb12u1_amd64.deb ...
2025-07-16T05:21:55.2138244Z #7 5.694 Unpacking libtsan2:amd64 (12.2.0-14+deb12u1) ...
2025-07-16T05:21:55.2138763Z #7 5.842 Selecting previously unselected package libubsan1:amd64.
2025-07-16T05:21:55.3147301Z #7 5.844 Preparing to unpack .../34-libubsan1_12.2.0-14+deb12u1_amd64.deb ...
2025-07-16T05:21:55.3147858Z #7 5.845 Unpacking libubsan1:amd64 (12.2.0-14+deb12u1) ...
2025-07-16T05:21:55.3148249Z #7 5.917 Selecting previously unselected package libquadmath0:amd64.
2025-07-16T05:21:55.3148691Z #7 5.918 Preparing to unpack .../35-libquadmath0_12.2.0-14+deb12u1_amd64.deb ...
2025-07-16T05:21:55.3149193Z #7 5.920 Unpacking libquadmath0:amd64 (12.2.0-14+deb12u1) ...
2025-07-16T05:21:55.3149639Z #7 5.942 Selecting previously unselected package libgcc-12-dev:amd64.
2025-07-16T05:21:55.3150385Z #7 5.944 Preparing to unpack .../36-libgcc-12-dev_12.2.0-14+deb12u1_amd64.deb ...
2025-07-16T05:21:55.4662666Z #7 5.945 Unpacking libgcc-12-dev:amd64 (12.2.0-14+deb12u1) ...
2025-07-16T05:21:55.4718255Z #7 6.101 Selecting previously unselected package gcc-12.
2025-07-16T05:21:55.6257690Z #7 6.102 Preparing to unpack .../37-gcc-12_12.2.0-14+deb12u1_amd64.deb ...
2025-07-16T05:21:55.6260002Z #7 6.104 Unpacking gcc-12 (12.2.0-14+deb12u1) ...
2025-07-16T05:21:56.1151440Z #7 6.744 Selecting previously unselected package gcc.
2025-07-16T05:21:56.2909390Z #7 6.745 Preparing to unpack .../38-gcc_4%3a12.2.0-3_amd64.deb ...
2025-07-16T05:21:56.2909982Z #7 6.746 Unpacking gcc (4:12.2.0-3) ...
2025-07-16T05:21:56.2910570Z #7 6.766 Selecting previously unselected package libstdc++-12-dev:amd64.
2025-07-16T05:21:56.2911334Z #7 6.767 Preparing to unpack .../39-libstdc++-12-dev_12.2.0-14+deb12u1_amd64.deb ...
2025-07-16T05:21:56.2912040Z #7 6.769 Unpacking libstdc++-12-dev:amd64 (12.2.0-14+deb12u1) ...
2025-07-16T05:21:56.3479725Z #7 6.977 Selecting previously unselected package g++-12.
2025-07-16T05:21:56.5013921Z #7 6.978 Preparing to unpack .../40-g++-12_12.2.0-14+deb12u1_amd64.deb ...
2025-07-16T05:21:56.5014376Z #7 6.980 Unpacking g++-12 (12.2.0-14+deb12u1) ...
2025-07-16T05:21:56.8688848Z #7 7.498 Selecting previously unselected package g++.
2025-07-16T05:21:56.9895933Z #7 7.499 Preparing to unpack .../41-g++_4%3a12.2.0-3_amd64.deb ...
2025-07-16T05:21:56.9896493Z #7 7.501 Unpacking g++ (4:12.2.0-3) ...
2025-07-16T05:21:56.9896812Z #7 7.515 Selecting previously unselected package make.
2025-07-16T05:21:56.9897176Z #7 7.516 Preparing to unpack .../42-make_4.3-4.1_amd64.deb ...
2025-07-16T05:21:56.9897489Z #7 7.517 Unpacking make (4.3-4.1) ...
2025-07-16T05:21:56.9897809Z #7 7.556 Selecting previously unselected package libdpkg-perl.
2025-07-16T05:21:56.9898190Z #7 7.558 Preparing to unpack .../43-libdpkg-perl_1.21.22_all.deb ...
2025-07-16T05:21:56.9898518Z #7 7.559 Unpacking libdpkg-perl (1.21.22) ...
2025-07-16T05:21:56.9898846Z #7 7.618 Selecting previously unselected package patch.
2025-07-16T05:21:57.1087627Z #7 7.620 Preparing to unpack .../44-patch_2.7.6-7_amd64.deb ...
2025-07-16T05:21:57.1088485Z #7 7.621 Unpacking patch (2.7.6-7) ...
2025-07-16T05:21:57.1088957Z #7 7.644 Selecting previously unselected package dpkg-dev.
2025-07-16T05:21:57.1089529Z #7 7.646 Preparing to unpack .../45-dpkg-dev_1.21.22_all.deb ...
2025-07-16T05:21:57.1090017Z #7 7.647 Unpacking dpkg-dev (1.21.22) ...
2025-07-16T05:21:57.1090512Z #7 7.737 Selecting previously unselected package build-essential.
2025-07-16T05:21:57.2096509Z #7 7.739 Preparing to unpack .../46-build-essential_12.9_amd64.deb ...
2025-07-16T05:21:57.2097084Z #7 7.741 Unpacking build-essential (12.9) ...
2025-07-16T05:21:57.2097581Z #7 7.758 Selecting previously unselected package libbrotli1:amd64.
2025-07-16T05:21:57.2098015Z #7 7.760 Preparing to unpack .../47-libbrotli1_1.0.9-2+b6_amd64.deb ...
2025-07-16T05:21:57.2098624Z #7 7.761 Unpacking libbrotli1:amd64 (1.0.9-2+b6) ...
2025-07-16T05:21:57.2099028Z #7 7.793 Selecting previously unselected package libsasl2-modules-db:amd64.
2025-07-16T05:21:57.2099517Z #7 7.795 Preparing to unpack .../48-libsasl2-modules-db_2.1.28+dfsg-10_amd64.deb ...
2025-07-16T05:21:57.2100033Z #7 7.796 Unpacking libsasl2-modules-db:amd64 (2.1.28+dfsg-10) ...
2025-07-16T05:21:57.2100429Z #7 7.814 Selecting previously unselected package libsasl2-2:amd64.
2025-07-16T05:21:57.2100843Z #7 7.815 Preparing to unpack .../49-libsasl2-2_2.1.28+dfsg-10_amd64.deb ...
2025-07-16T05:21:57.2101221Z #7 7.817 Unpacking libsasl2-2:amd64 (2.1.28+dfsg-10) ...
2025-07-16T05:21:57.2101592Z #7 7.837 Selecting previously unselected package libldap-2.5-0:amd64.
2025-07-16T05:21:57.2102017Z #7 7.838 Preparing to unpack .../50-libldap-2.5-0_2.5.13+dfsg-5_amd64.deb ...
2025-07-16T05:21:57.3110518Z #7 7.840 Unpacking libldap-2.5-0:amd64 (2.5.13+dfsg-5) ...
2025-07-16T05:21:57.3111012Z #7 7.868 Selecting previously unselected package libnghttp2-14:amd64.
2025-07-16T05:21:57.3111534Z #7 7.869 Preparing to unpack .../51-libnghttp2-14_1.52.0-1+deb12u2_amd64.deb ...
2025-07-16T05:21:57.3111969Z #7 7.870 Unpacking libnghttp2-14:amd64 (1.52.0-1+deb12u2) ...
2025-07-16T05:21:57.3112398Z #7 7.891 Selecting previously unselected package libpsl5:amd64.
2025-07-16T05:21:57.3112823Z #7 7.892 Preparing to unpack .../52-libpsl5_0.21.2-1_amd64.deb ...
2025-07-16T05:21:57.3113176Z #7 7.894 Unpacking libpsl5:amd64 (0.21.2-1) ...
2025-07-16T05:21:57.3113535Z #7 7.913 Selecting previously unselected package librtmp1:amd64.
2025-07-16T05:21:57.3113998Z #7 7.915 Preparing to unpack .../53-librtmp1_2.4+20151223.gitfa8646d.1-2+b2_amd64.deb ...
2025-07-16T05:21:57.3114667Z #7 7.916 Unpacking librtmp1:amd64 (2.4+20151223.gitfa8646d.1-2+b2) ...
2025-07-16T05:21:57.3115090Z #7 7.937 Selecting previously unselected package libssh2-1:amd64.
2025-07-16T05:21:57.3115519Z #7 7.938 Preparing to unpack .../54-libssh2-1_1.10.0-3+b1_amd64.deb ...
2025-07-16T05:21:57.3115901Z #7 7.940 Unpacking libssh2-1:amd64 (1.10.0-3+b1) ...
2025-07-16T05:21:57.4117770Z #7 7.968 Selecting previously unselected package libcurl4:amd64.
2025-07-16T05:21:57.4118550Z #7 7.969 Preparing to unpack .../55-libcurl4_7.88.1-10+deb12u12_amd64.deb ...
2025-07-16T05:21:57.4119053Z #7 7.971 Unpacking libcurl4:amd64 (7.88.1-10+deb12u12) ...
2025-07-16T05:21:57.4119392Z #7 8.005 Selecting previously unselected package curl.
2025-07-16T05:21:57.4119900Z #7 8.006 Preparing to unpack .../56-curl_7.88.1-10+deb12u12_amd64.deb ...
2025-07-16T05:21:57.4120269Z #7 8.007 Unpacking curl (7.88.1-10+deb12u12) ...
2025-07-16T05:21:57.4120785Z #7 8.039 Selecting previously unselected package libcurl3-gnutls:amd64.
2025-07-16T05:21:57.4121562Z #7 8.041 Preparing to unpack .../57-libcurl3-gnutls_7.88.1-10+deb12u12_amd64.deb ...
2025-07-16T05:21:57.5797668Z #7 8.042 Unpacking libcurl3-gnutls:amd64 (7.88.1-10+deb12u12) ...
2025-07-16T05:21:57.5798216Z #7 8.077 Selecting previously unselected package libexpat1:amd64.
2025-07-16T05:21:57.5798658Z #7 8.079 Preparing to unpack .../58-libexpat1_2.5.0-1+deb12u1_amd64.deb ...
2025-07-16T05:21:57.5799138Z #7 8.080 Unpacking libexpat1:amd64 (2.5.0-1+deb12u1) ...
2025-07-16T05:21:57.5799843Z #7 8.101 Selecting previously unselected package liberror-perl.
2025-07-16T05:21:57.5800239Z #7 8.103 Preparing to unpack .../59-liberror-perl_0.17029-2_all.deb ...
2025-07-16T05:21:57.5800675Z #7 8.104 Unpacking liberror-perl (0.17029-2) ...
2025-07-16T05:21:57.5800991Z #7 8.122 Selecting previously unselected package git-man.
2025-07-16T05:21:57.5801446Z #7 8.123 Preparing to unpack .../60-git-man_1%3a2.39.5-0+deb12u2_all.deb ...
2025-07-16T05:21:57.5801804Z #7 8.124 Unpacking git-man (1:2.39.5-0+deb12u2) ...
2025-07-16T05:21:57.5802165Z #7 8.208 Selecting previously unselected package git.
2025-07-16T05:21:57.7374163Z #7 8.210 Preparing to unpack .../61-git_1%3a2.39.5-0+deb12u2_amd64.deb ...
2025-07-16T05:21:57.7375011Z #7 8.216 Unpacking git (1:2.39.5-0+deb12u2) ...
2025-07-16T05:21:57.9106849Z #7 8.539 Setting up libexpat1:amd64 (2.5.0-1+deb12u1) ...
2025-07-16T05:21:58.0123348Z #7 8.550 Setting up libpsl5:amd64 (0.21.2-1) ...
2025-07-16T05:21:58.0124603Z #7 8.554 Setting up libbrotli1:amd64 (1.0.9-2+b6) ...
2025-07-16T05:21:58.0125188Z #7 8.558 Setting up binutils-common:amd64 (2.40-2) ...
2025-07-16T05:21:58.0125749Z #7 8.562 Setting up libnghttp2-14:amd64 (1.52.0-1+deb12u2) ...
2025-07-16T05:21:58.0126314Z #7 8.564 Setting up linux-libc-dev:amd64 (6.1.140-1) ...
2025-07-16T05:21:58.0126669Z #7 8.567 Setting up libctf-nobfd0:amd64 (2.40-2) ...
2025-07-16T05:21:58.0127116Z #7 8.571 Setting up libgomp1:amd64 (12.2.0-14+deb12u1) ...
2025-07-16T05:21:58.0127505Z #7 8.574 Setting up bzip2 (1.0.8-5+b1) ...
2025-07-16T05:21:58.0127806Z #7 8.577 Setting up libjansson4:amd64 (2.14-2) ...
2025-07-16T05:21:58.0128173Z #7 8.580 Setting up libsasl2-modules-db:amd64 (2.1.28+dfsg-10) ...
2025-07-16T05:21:58.0128565Z #7 8.583 Setting up perl-modules-5.36 (5.36.0-7+deb12u2) ...
2025-07-16T05:21:58.0128928Z #7 8.588 Setting up libtirpc-dev:amd64 (1.3.3+ds-1) ...
2025-07-16T05:21:58.0129266Z #7 8.591 Setting up rpcsvc-proto (1.4.3-1) ...
2025-07-16T05:21:58.0129655Z #7 8.594 Setting up make (4.3-4.1) ...
2025-07-16T05:21:58.0129942Z #7 8.597 Setting up libmpfr6:amd64 (4.2.0-1) ...
2025-07-16T05:21:58.0130304Z #7 8.600 Setting up librtmp1:amd64 (2.4+20151223.gitfa8646d.1-2+b2) ...
2025-07-16T05:21:58.0130660Z #7 8.603 Setting up xz-utils (5.4.1-1) ...
2025-07-16T05:21:58.0131088Z #7 8.608 update-alternatives: using /usr/bin/xz to provide /usr/bin/lzma (lzma) in auto mode
2025-07-16T05:21:58.0131981Z #7 8.608 update-alternatives: warning: skip creation of /usr/share/man/man1/lzma.1.gz because associated file /usr/share/man/man1/xz.1.gz (of link group lzma) doesn't exist
2025-07-16T05:21:58.0133273Z #7 8.608 update-alternatives: warning: skip creation of /usr/share/man/man1/unlzma.1.gz because associated file /usr/share/man/man1/unxz.1.gz (of link group lzma) doesn't exist
2025-07-16T05:21:58.0134679Z #7 8.609 update-alternatives: warning: skip creation of /usr/share/man/man1/lzcat.1.gz because associated file /usr/share/man/man1/xzcat.1.gz (of link group lzma) doesn't exist
2025-07-16T05:21:58.0136009Z #7 8.609 update-alternatives: warning: skip creation of /usr/share/man/man1/lzmore.1.gz because associated file /usr/share/man/man1/xzmore.1.gz (of link group lzma) doesn't exist
2025-07-16T05:21:58.0137293Z #7 8.609 update-alternatives: warning: skip creation of /usr/share/man/man1/lzless.1.gz because associated file /usr/share/man/man1/xzless.1.gz (of link group lzma) doesn't exist
2025-07-16T05:21:58.0138495Z #7 8.609 update-alternatives: warning: skip creation of /usr/share/man/man1/lzdiff.1.gz because associated file /usr/share/man/man1/xzdiff.1.gz (of link group lzma) doesn't exist
2025-07-16T05:21:58.0139796Z #7 8.609 update-alternatives: warning: skip creation of /usr/share/man/man1/lzcmp.1.gz because associated file /usr/share/man/man1/xzcmp.1.gz (of link group lzma) doesn't exist
2025-07-16T05:21:58.0140998Z #7 8.610 update-alternatives: warning: skip creation of /usr/share/man/man1/lzgrep.1.gz because associated file /usr/share/man/man1/xzgrep.1.gz (of link group lzma) doesn't exist
2025-07-16T05:21:58.0142703Z #7 8.610 update-alternatives: warning: skip creation of /usr/share/man/man1/lzegrep.1.gz because associated file /usr/share/man/man1/xzegrep.1.gz (of link group lzma) doesn't exist
2025-07-16T05:21:58.0144042Z #7 8.610 update-alternatives: warning: skip creation of /usr/share/man/man1/lzfgrep.1.gz because associated file /usr/share/man/man1/xzfgrep.1.gz (of link group lzma) doesn't exist
2025-07-16T05:21:58.0145117Z #7 8.613 Setting up libquadmath0:amd64 (12.2.0-14+deb12u1) ...
2025-07-16T05:21:58.0145461Z #7 8.621 Setting up libmpc3:amd64 (1.3.1-1) ...
2025-07-16T05:21:58.0145949Z #7 8.625 Setting up libatomic1:amd64 (12.2.0-14+deb12u1) ...
2025-07-16T05:21:58.0146280Z #7 8.627 Setting up patch (2.7.6-7) ...
2025-07-16T05:21:58.0146564Z #7 8.631 Setting up libgdbm-compat4:amd64 (1.23-3) ...
2025-07-16T05:21:58.0147049Z #7 8.634 Setting up libsasl2-2:amd64 (2.1.28+dfsg-10) ...
2025-07-16T05:21:58.0147376Z #7 8.637 Setting up libubsan1:amd64 (12.2.0-14+deb12u1) ...
2025-07-16T05:21:58.0147672Z #7 8.641 Setting up nano (7.2-1+deb12u1) ...
2025-07-16T05:21:58.1131175Z #7 8.647 update-alternatives: using /bin/nano to provide /usr/bin/editor (editor) in auto mode
2025-07-16T05:21:58.1132175Z #7 8.647 update-alternatives: warning: skip creation of /usr/share/man/man1/editor.1.gz because associated file /usr/share/man/man1/nano.1.gz (of link group editor) doesn't exist
2025-07-16T05:21:58.1133183Z #7 8.649 update-alternatives: using /bin/nano to provide /usr/bin/pico (pico) in auto mode
2025-07-16T05:21:58.1134666Z #7 8.649 update-alternatives: warning: skip creation of /usr/share/man/man1/pico.1.gz because associated file /usr/share/man/man1/nano.1.gz (of link group pico) doesn't exist
2025-07-16T05:21:58.1135450Z #7 8.651 Setting up libnsl-dev:amd64 (1.3.0-2) ...
2025-07-16T05:21:58.1135785Z #7 8.653 Setting up libcrypt-dev:amd64 (1:4.4.33-2) ...
2025-07-16T05:21:58.1136154Z #7 8.660 Setting up libasan8:amd64 (12.2.0-14+deb12u1) ...
2025-07-16T05:21:58.1136490Z #7 8.663 Setting up git-man (1:2.39.5-0+deb12u2) ...
2025-07-16T05:21:58.1136817Z #7 8.666 Setting up libssh2-1:amd64 (1.10.0-3+b1) ...
2025-07-16T05:21:58.1137140Z #7 8.669 Setting up libtsan2:amd64 (12.2.0-14+deb12u1) ...
2025-07-16T05:21:58.1137520Z #7 8.672 Setting up libbinutils:amd64 (2.40-2) ...
2025-07-16T05:21:58.1138024Z #7 8.674 Setting up libisl23:amd64 (0.25-1.1) ...
2025-07-16T05:21:58.1138594Z #7 8.677 Setting up libc-dev-bin (2.36-9+deb12u10) ...
2025-07-16T05:21:58.1139170Z #7 8.680 Setting up libcc1-0:amd64 (12.2.0-14+deb12u1) ...
2025-07-16T05:21:58.1139612Z #7 8.683 Setting up libperl5.36:amd64 (5.36.0-7+deb12u2) ...
2025-07-16T05:21:58.1139958Z #7 8.686 Setting up liblsan0:amd64 (12.2.0-14+deb12u1) ...
2025-07-16T05:21:58.1140289Z #7 8.689 Setting up libitm1:amd64 (12.2.0-14+deb12u1) ...
2025-07-16T05:21:58.1140605Z #7 8.692 Setting up libctf0:amd64 (2.40-2) ...
2025-07-16T05:21:58.1140924Z #7 8.695 Setting up cpp-12 (12.2.0-14+deb12u1) ...
2025-07-16T05:21:58.1141256Z #7 8.699 Setting up libldap-2.5-0:amd64 (2.5.13+dfsg-5) ...
2025-07-16T05:21:58.1141583Z #7 8.702 Setting up perl (5.36.0-7+deb12u2) ...
2025-07-16T05:21:58.1141876Z #7 8.713 Setting up libgprofng0:amd64 (2.40-2) ...
2025-07-16T05:21:58.1142302Z #7 8.716 Setting up libgcc-12-dev:amd64 (12.2.0-14+deb12u1) ...
2025-07-16T05:21:58.1142620Z #7 8.719 Setting up libdpkg-perl (1.21.22) ...
2025-07-16T05:21:58.1142878Z #7 8.722 Setting up cpp (4:12.2.0-3) ...
2025-07-16T05:21:58.1143159Z #7 8.728 Setting up libcurl4:amd64 (7.88.1-10+deb12u12) ...
2025-07-16T05:21:58.1143466Z #7 8.733 Setting up libc6-dev:amd64 (2.36-9+deb12u10) ...
2025-07-16T05:21:58.1143751Z #7 8.736 Setting up curl (7.88.1-10+deb12u12) ...
2025-07-16T05:21:58.1144052Z #7 8.739 Setting up binutils-x86-64-linux-gnu (2.40-2) ...
2025-07-16T05:21:58.1144384Z #7 8.742 Setting up libstdc++-12-dev:amd64 (12.2.0-14+deb12u1) ...
2025-07-16T05:21:58.3213274Z #7 8.745 Setting up libcurl3-gnutls:amd64 (7.88.1-10+deb12u12) ...
2025-07-16T05:21:58.3213874Z #7 8.748 Setting up binutils (2.40-2) ...
2025-07-16T05:21:58.3214706Z #7 8.750 Setting up dpkg-dev (1.21.22) ...
2025-07-16T05:21:58.3215024Z #7 8.756 Setting up liberror-perl (0.17029-2) ...
2025-07-16T05:21:58.3215347Z #7 8.759 Setting up gcc-12 (12.2.0-14+deb12u1) ...
2025-07-16T05:21:58.3215649Z #7 8.763 Setting up git (1:2.39.5-0+deb12u2) ...
2025-07-16T05:21:58.3215943Z #7 8.773 Setting up g++-12 (12.2.0-14+deb12u1) ...
2025-07-16T05:21:58.3216230Z #7 8.777 Setting up gcc (4:12.2.0-3) ...
2025-07-16T05:21:58.3216496Z #7 8.788 Setting up g++ (4:12.2.0-3) ...
2025-07-16T05:21:58.3216915Z #7 8.792 update-alternatives: using /usr/bin/g++ to provide /usr/bin/c++ (c++) in auto mode
2025-07-16T05:21:58.3217370Z #7 8.795 Setting up build-essential (12.9) ...
2025-07-16T05:21:58.3217719Z #7 8.799 Processing triggers for libc-bin (2.36-9+deb12u10) ...
2025-07-16T05:21:58.7840805Z #7 DONE 9.4s
2025-07-16T05:21:58.9526891Z 
2025-07-16T05:21:58.9527794Z #8 [3/6] WORKDIR /app
2025-07-16T05:21:58.9528186Z #8 DONE 0.0s
2025-07-16T05:21:58.9528372Z 
2025-07-16T05:21:58.9528498Z #9 [4/6] COPY . .
2025-07-16T05:21:59.3876124Z #9 DONE 0.6s
2025-07-16T05:21:59.5387276Z 
2025-07-16T05:21:59.5387797Z #10 [5/6] RUN pip install --upgrade pip
2025-07-16T05:22:00.6392134Z #10 1.251 Requirement already satisfied: pip in /usr/local/lib/python3.10/site-packages (23.0.1)
2025-07-16T05:22:00.7486773Z #10 1.360 Collecting pip
2025-07-16T05:22:00.8819329Z #10 1.396   Downloading pip-25.1.1-py3-none-any.whl (1.8 MB)
2025-07-16T05:22:00.8820288Z #10 1.448      ━━━━━━━━━━━━━━━━━━━━━━━━━━━━━━━━━━━━━━━━ 1.8/1.8 MB 36.2 MB/s eta 0:00:00
2025-07-16T05:22:00.8820740Z #10 1.493 Installing collected packages: pip
2025-07-16T05:22:01.0332352Z #10 1.494   Attempting uninstall: pip
2025-07-16T05:22:01.0332755Z #10 1.494     Found existing installation: pip 23.0.1
2025-07-16T05:22:01.0586241Z #10 1.670     Uninstalling pip-23.0.1:
2025-07-16T05:22:01.2222998Z #10 1.683       Successfully uninstalled pip-23.0.1
2025-07-16T05:22:01.8730864Z #10 2.485 Successfully installed pip-25.1.1
2025-07-16T05:22:02.0242500Z #10 2.485 WARNING: Running pip as the 'root' user can result in broken permissions and conflicting behaviour with the system package manager. It is recommended to use a virtual environment instead: https://pip.pypa.io/warnings/venv
2025-07-16T05:22:02.0623061Z #10 DONE 2.7s
2025-07-16T05:22:02.2135091Z 
2025-07-16T05:22:02.2135530Z #11 [6/6] RUN pip install --no-cache-dir -r requirements.txt
2025-07-16T05:22:02.9290718Z #11 0.866 Collecting Flask==3.1.0 (from -r requirements.txt (line 1))
2025-07-16T05:22:03.0301510Z #11 0.901   Downloading flask-3.1.0-py3-none-any.whl.metadata (2.7 kB)
2025-07-16T05:22:03.0302378Z #11 0.913 Collecting Flask-PyMongo==3.0.1 (from -r requirements.txt (line 2))
2025-07-16T05:22:03.0303213Z #11 0.918   Downloading flask_pymongo-3.0.1-py3-none-any.whl.metadata (3.5 kB)
2025-07-16T05:22:03.0304039Z #11 0.962 Collecting pytest==8.2.1 (from -r requirements.txt (line 3))
2025-07-16T05:22:03.0305081Z #11 0.967   Downloading pytest-8.2.1-py3-none-any.whl.metadata (7.6 kB)
2025-07-16T05:22:03.1411220Z #11 0.976 Collecting blinker==1.9.0 (from -r requirements.txt (line 4))
2025-07-16T05:22:03.1412127Z #11 0.980   Downloading blinker-1.9.0-py3-none-any.whl.metadata (1.6 kB)
2025-07-16T05:22:03.1412742Z #11 0.995 Collecting certifi==2025.7.14 (from -r requirements.txt (line 5))
2025-07-16T05:22:03.1413360Z #11 0.999   Downloading certifi-2025.7.14-py3-none-any.whl.metadata (2.4 kB)
2025-07-16T05:22:03.1414021Z #11 1.078 Collecting charset-normalizer==3.4.2 (from -r requirements.txt (line 6))
2025-07-16T05:22:03.2758097Z #11 1.082   Downloading charset_normalizer-3.4.2-cp310-cp310-manylinux_2_17_x86_64.manylinux2014_x86_64.whl.metadata (35 kB)
2025-07-16T05:22:03.2759913Z #11 1.098 Collecting click==8.2.1 (from -r requirements.txt (line 7))
2025-07-16T05:22:03.2760680Z #11 1.104   Downloading click-8.2.1-py3-none-any.whl.metadata (2.5 kB)
2025-07-16T05:22:03.2761475Z #11 1.115 Collecting dnspython==2.7.0 (from -r requirements.txt (line 8))
2025-07-16T05:22:03.2762258Z #11 1.118   Downloading dnspython-2.7.0-py3-none-any.whl.metadata (5.8 kB)
2025-07-16T05:22:03.2763378Z #11 1.131 Collecting idna==3.10 (from -r requirements.txt (line 9))
2025-07-16T05:22:03.2764065Z #11 1.135   Downloading idna-3.10-py3-none-any.whl.metadata (10 kB)
2025-07-16T05:22:03.2764991Z #11 1.144 Collecting itsdangerous==2.2.0 (from -r requirements.txt (line 10))
2025-07-16T05:22:03.2765785Z #11 1.148   Downloading itsdangerous-2.2.0-py3-none-any.whl.metadata (1.9 kB)
2025-07-16T05:22:03.2766495Z #11 1.159 Collecting Jinja2==3.1.6 (from -r requirements.txt (line 11))
2025-07-16T05:22:03.2767155Z #11 1.162   Downloading jinja2-3.1.6-py3-none-any.whl.metadata (2.9 kB)
2025-07-16T05:22:03.2767770Z #11 1.213 Collecting MarkupSafe==3.0.2 (from -r requirements.txt (line 12))
2025-07-16T05:22:03.4430998Z #11 1.217   Downloading MarkupSafe-3.0.2-cp310-cp310-manylinux_2_17_x86_64.manylinux2014_x86_64.whl.metadata (4.0 kB)
2025-07-16T05:22:03.4431923Z #11 1.224 Collecting paho-mqtt==2.1.0 (from -r requirements.txt (line 13))
2025-07-16T05:22:03.4432616Z #11 1.229   Downloading paho_mqtt-2.1.0-py3-none-any.whl.metadata (23 kB)
2025-07-16T05:22:03.5976009Z #11 1.534 Collecting pymongo==4.13.2 (from -r requirements.txt (line 14))
2025-07-16T05:22:03.6997728Z #11 1.539   Downloading pymongo-4.13.2-cp310-cp310-manylinux_2_17_x86_64.manylinux2014_x86_64.whl.metadata (22 kB)
2025-07-16T05:22:03.6998768Z #11 1.557 Collecting python-dotenv==1.1.1 (from -r requirements.txt (line 15))
2025-07-16T05:22:03.6999557Z #11 1.562   Downloading python_dotenv-1.1.1-py3-none-any.whl.metadata (24 kB)
2025-07-16T05:22:03.7000323Z #11 1.585 Collecting requests==2.32.4 (from -r requirements.txt (line 16))
2025-07-16T05:22:03.7000824Z #11 1.589   Downloading requests-2.32.4-py3-none-any.whl.metadata (4.9 kB)
2025-07-16T05:22:03.7001301Z #11 1.609 Collecting urllib3==2.5.0 (from -r requirements.txt (line 17))
2025-07-16T05:22:03.7001789Z #11 1.614   Downloading urllib3-2.5.0-py3-none-any.whl.metadata (6.5 kB)
2025-07-16T05:22:03.7002274Z #11 1.633 Collecting Werkzeug==3.1.3 (from -r requirements.txt (line 18))
2025-07-16T05:22:03.7002775Z #11 1.637   Downloading werkzeug-3.1.3-py3-none-any.whl.metadata (3.7 kB)
2025-07-16T05:22:03.8041062Z #11 1.649 Collecting autodevops-cli==0.1.1 (from -r requirements.txt (line 19))
2025-07-16T05:22:03.8042004Z #11 1.654   Downloading autodevops_cli-0.1.1-py3-none-any.whl.metadata (494 bytes)
2025-07-16T05:22:03.8042856Z #11 1.662 Collecting iniconfig==2.1.0 (from -r requirements.txt (line 20))
2025-07-16T05:22:03.8043683Z #11 1.666   Downloading iniconfig-2.1.0-py3-none-any.whl.metadata (2.7 kB)
2025-07-16T05:22:03.8044703Z #11 1.674 Collecting loguru==0.7.3 (from -r requirements.txt (line 21))
2025-07-16T05:22:03.9135485Z #11 1.678   Downloading loguru-0.7.3-py3-none-any.whl.metadata (22 kB)
2025-07-16T05:22:03.9136353Z #11 1.695 Collecting markdown-it-py==3.0.0 (from -r requirements.txt (line 22))
2025-07-16T05:22:03.9137204Z #11 1.699   Downloading markdown_it_py-3.0.0-py3-none-any.whl.metadata (6.9 kB)
2025-07-16T05:22:03.9138002Z #11 1.711 Collecting mdurl==0.1.2 (from -r requirements.txt (line 23))
2025-07-16T05:22:03.9138756Z #11 1.715   Downloading mdurl-0.1.2-py3-none-any.whl.metadata (1.6 kB)
2025-07-16T05:22:03.9139503Z #11 1.724 Collecting mongomock==4.3.0 (from -r requirements.txt (line 24))
2025-07-16T05:22:03.9140317Z #11 1.729   Downloading mongomock-4.3.0-py2.py3-none-any.whl.metadata (12 kB)
2025-07-16T05:22:03.9141098Z #11 1.741 Collecting packaging==25.0 (from -r requirements.txt (line 25))
2025-07-16T05:22:03.9141815Z #11 1.745   Downloading packaging-25.0-py3-none-any.whl.metadata (3.3 kB)
2025-07-16T05:22:03.9142546Z #11 1.754 Collecting pluggy==1.6.0 (from -r requirements.txt (line 26))
2025-07-16T05:22:03.9143175Z #11 1.758   Downloading pluggy-1.6.0-py3-none-any.whl.metadata (4.8 kB)
2025-07-16T05:22:03.9143866Z #11 1.775 Collecting Pygments==2.19.2 (from -r requirements.txt (line 27))
2025-07-16T05:22:03.9144754Z #11 1.779   Downloading pygments-2.19.2-py3-none-any.whl.metadata (2.5 kB)
2025-07-16T05:22:03.9145212Z #11 1.812 Collecting pytz==2025.2 (from -r requirements.txt (line 28))
2025-07-16T05:22:03.9145907Z #11 1.816   Downloading pytz-2025.2-py2.py3-none-any.whl.metadata (22 kB)
2025-07-16T05:22:03.9146314Z #11 1.850 Collecting rich==14.0.0 (from -r requirements.txt (line 29))
2025-07-16T05:22:04.0856324Z #11 1.855   Downloading rich-14.0.0-py3-none-any.whl.metadata (18 kB)
2025-07-16T05:22:04.0857008Z #11 1.862 Collecting sentinels==1.0.0 (from -r requirements.txt (line 30))
2025-07-16T05:22:04.0857628Z #11 1.866   Downloading sentinels-1.0.0.tar.gz (4.1 kB)
2025-07-16T05:22:04.0858332Z #11 1.872   Preparing metadata (setup.py): started
2025-07-16T05:22:04.5734692Z #11 2.510   Preparing metadata (setup.py): finished with status 'done'
2025-07-16T05:22:04.7137361Z #11 2.522 Collecting sh==2.2.2 (from -r requirements.txt (line 31))
2025-07-16T05:22:04.7139266Z #11 2.526   Downloading sh-2.2.2-py3-none-any.whl.metadata (3.7 kB)
2025-07-16T05:22:04.7140176Z #11 2.564 Collecting exceptiongroup>=1.0.0rc8 (from pytest==8.2.1->-r requirements.txt (line 3))
2025-07-16T05:22:04.7141113Z #11 2.568   Downloading exceptiongroup-1.3.0-py3-none-any.whl.metadata (6.7 kB)
2025-07-16T05:22:04.7141963Z #11 2.580 Collecting tomli>=1 (from pytest==8.2.1->-r requirements.txt (line 3))
2025-07-16T05:22:04.7142722Z #11 2.584   Downloading tomli-2.2.1-py3-none-any.whl.metadata (10 kB)
2025-07-16T05:22:04.7143542Z #11 2.651 Collecting typing-extensions<5.0,>=4.0.0 (from rich==14.0.0->-r requirements.txt (line 29))
2025-07-16T05:22:04.8176759Z #11 2.655   Downloading typing_extensions-4.14.1-py3-none-any.whl.metadata (3.0 kB)
2025-07-16T05:22:04.8177606Z #11 2.671 Downloading flask-3.1.0-py3-none-any.whl (102 kB)
2025-07-16T05:22:04.8178044Z #11 2.677 Downloading flask_pymongo-3.0.1-py3-none-any.whl (11 kB)
2025-07-16T05:22:04.8178472Z #11 2.682 Downloading pytest-8.2.1-py3-none-any.whl (339 kB)
2025-07-16T05:22:04.8178888Z #11 2.689 Downloading pluggy-1.6.0-py3-none-any.whl (20 kB)
2025-07-16T05:22:04.8179284Z #11 2.692 Downloading blinker-1.9.0-py3-none-any.whl (8.5 kB)
2025-07-16T05:22:04.8179691Z #11 2.696 Downloading certifi-2025.7.14-py3-none-any.whl (162 kB)
2025-07-16T05:22:04.8180274Z #11 2.701 Downloading charset_normalizer-3.4.2-cp310-cp310-manylinux_2_17_x86_64.manylinux2014_x86_64.whl (149 kB)
2025-07-16T05:22:04.8180866Z #11 2.705 Downloading click-8.2.1-py3-none-any.whl (102 kB)
2025-07-16T05:22:04.8181257Z #11 2.709 Downloading dnspython-2.7.0-py3-none-any.whl (313 kB)
2025-07-16T05:22:04.8181630Z #11 2.713 Downloading idna-3.10-py3-none-any.whl (70 kB)
2025-07-16T05:22:04.8182015Z #11 2.717 Downloading itsdangerous-2.2.0-py3-none-any.whl (16 kB)
2025-07-16T05:22:04.8182411Z #11 2.720 Downloading jinja2-3.1.6-py3-none-any.whl (134 kB)
2025-07-16T05:22:04.8182943Z #11 2.724 Downloading MarkupSafe-3.0.2-cp310-cp310-manylinux_2_17_x86_64.manylinux2014_x86_64.whl (20 kB)
2025-07-16T05:22:04.8183484Z #11 2.728 Downloading paho_mqtt-2.1.0-py3-none-any.whl (67 kB)
2025-07-16T05:22:04.8184016Z #11 2.732 Downloading pymongo-4.13.2-cp310-cp310-manylinux_2_17_x86_64.manylinux2014_x86_64.whl (1.2 MB)
2025-07-16T05:22:04.8185006Z #11 2.739    ━━━━━━━━━━━━━━━━━━━━━━━━━━━━━━━━━━━━━━━━ 1.2/1.2 MB 269.1 MB/s eta 0:00:00
2025-07-16T05:22:04.8185416Z #11 2.743 Downloading python_dotenv-1.1.1-py3-none-any.whl (20 kB)
2025-07-16T05:22:04.8185827Z #11 2.747 Downloading requests-2.32.4-py3-none-any.whl (64 kB)
2025-07-16T05:22:04.8186213Z #11 2.751 Downloading urllib3-2.5.0-py3-none-any.whl (129 kB)
2025-07-16T05:22:04.8186596Z #11 2.754 Downloading werkzeug-3.1.3-py3-none-any.whl (224 kB)
2025-07-16T05:22:04.9199933Z #11 2.760 Downloading autodevops_cli-0.1.1-py3-none-any.whl (4.1 kB)
2025-07-16T05:22:04.9200879Z #11 2.765 Downloading iniconfig-2.1.0-py3-none-any.whl (6.0 kB)
2025-07-16T05:22:04.9201655Z #11 2.774 Downloading loguru-0.7.3-py3-none-any.whl (61 kB)
2025-07-16T05:22:04.9202469Z #11 2.778 Downloading markdown_it_py-3.0.0-py3-none-any.whl (87 kB)
2025-07-16T05:22:04.9203258Z #11 2.782 Downloading mdurl-0.1.2-py3-none-any.whl (10.0 kB)
2025-07-16T05:22:04.9204322Z #11 2.786 Downloading mongomock-4.3.0-py2.py3-none-any.whl (64 kB)
2025-07-16T05:22:04.9205169Z #11 2.790 Downloading packaging-25.0-py3-none-any.whl (66 kB)
2025-07-16T05:22:04.9205880Z #11 2.794 Downloading pygments-2.19.2-py3-none-any.whl (1.2 MB)
2025-07-16T05:22:04.9207097Z #11 2.799    ━━━━━━━━━━━━━━━━━━━━━━━━━━━━━━━━━━━━━━━━ 1.2/1.2 MB 447.5 MB/s eta 0:00:00
2025-07-16T05:22:04.9207926Z #11 2.803 Downloading pytz-2025.2-py2.py3-none-any.whl (509 kB)
2025-07-16T05:22:04.9208672Z #11 2.808 Downloading rich-14.0.0-py3-none-any.whl (243 kB)
2025-07-16T05:22:04.9209402Z #11 2.813 Downloading sh-2.2.2-py3-none-any.whl (38 kB)
2025-07-16T05:22:04.9210224Z #11 2.817 Downloading typing_extensions-4.14.1-py3-none-any.whl (43 kB)
2025-07-16T05:22:04.9210981Z #11 2.821 Downloading exceptiongroup-1.3.0-py3-none-any.whl (16 kB)
2025-07-16T05:22:04.9211701Z #11 2.825 Downloading tomli-2.2.1-py3-none-any.whl (14 kB)
2025-07-16T05:22:04.9212088Z #11 2.857 Building wheels for collected packages: sentinels
2025-07-16T05:22:05.0719784Z #11 2.858   DEPRECATION: Building 'sentinels' using the legacy setup.py bdist_wheel mechanism, which will be removed in a future version. pip 25.3 will enforce this behaviour change. A possible replacement is to use the standardized build interface by setting the `--use-pep517` option, (possibly combined with `--no-build-isolation`), or adding a `pyproject.toml` file to the source tree of 'sentinels'. Discussion can be found at https://github.com/pypa/pip/issues/6334
2025-07-16T05:22:05.0721728Z #11 2.858   Building wheel for sentinels (setup.py): started
2025-07-16T05:22:05.7162446Z #11 3.653   Building wheel for sentinels (setup.py): finished with status 'done'
2025-07-16T05:22:05.9380450Z #11 3.654   Created wheel for sentinels: filename=sentinels-1.0.0-py3-none-any.whl size=3175 sha256=a0b4c1ab4458da8055fd79269e1d0cf915c5f56a7e3c49983a8bd73cfc818ac4
2025-07-16T05:22:05.9381560Z #11 3.654   Stored in directory: /tmp/pip-ephem-wheel-cache-hdqg63qe/wheels/26/bc/eb/67e56405e0684b3d8c011cf4d18129c41be394775fd5ba2347
2025-07-16T05:22:05.9382199Z #11 3.655 Successfully built sentinels
2025-07-16T05:22:05.9383700Z #11 3.724 Installing collected packages: sentinels, pytz, urllib3, typing-extensions, tomli, sh, python-dotenv, Pygments, pluggy, paho-mqtt, packaging, mdurl, MarkupSafe, loguru, itsdangerous, iniconfig, idna, dnspython, click, charset-normalizer, certifi, blinker, Werkzeug, requests, pymongo, mongomock, markdown-it-py, Jinja2, exceptiongroup, rich, pytest, Flask, Flask-PyMongo, autodevops-cli
2025-07-16T05:22:08.0871609Z #11 6.024 
2025-07-16T05:22:08.2453233Z #11 6.031 Successfully installed Flask-3.1.0 Flask-PyMongo-3.0.1 Jinja2-3.1.6 MarkupSafe-3.0.2 Pygments-2.19.2 Werkzeug-3.1.3 autodevops-cli-0.1.1 blinker-1.9.0 certifi-2025.7.14 charset-normalizer-3.4.2 click-8.2.1 dnspython-2.7.0 exceptiongroup-1.3.0 idna-3.10 iniconfig-2.1.0 itsdangerous-2.2.0 loguru-0.7.3 markdown-it-py-3.0.0 mdurl-0.1.2 mongomock-4.3.0 packaging-25.0 paho-mqtt-2.1.0 pluggy-1.6.0 pymongo-4.13.2 pytest-8.2.1 python-dotenv-1.1.1 pytz-2025.2 requests-2.32.4 rich-14.0.0 sentinels-1.0.0 sh-2.2.2 tomli-2.2.1 typing-extensions-4.14.1 urllib3-2.5.0
2025-07-16T05:22:08.2456755Z #11 6.031 WARNING: Running pip as the 'root' user can result in broken permissions and conflicting behaviour with the system package manager, possibly rendering your system unusable. It is recommended to use a virtual environment instead: https://pip.pypa.io/warnings/venv. Use the --root-user-action option if you know what you are doing and want to suppress this warning.
2025-07-16T05:22:08.3515466Z #11 DONE 6.3s
2025-07-16T05:22:08.5037720Z 
2025-07-16T05:22:08.5038199Z #12 exporting to image
2025-07-16T05:22:08.5038716Z #12 exporting layers
2025-07-16T05:22:10.1261130Z #12 exporting layers 1.8s done
2025-07-16T05:22:10.1540143Z #12 writing image sha256:2057a9c130e090eb7b2620fe364a071fc593ec20dcaa0eb9599afcf2a00790a4 done
2025-07-16T05:22:10.1541735Z #12 naming to docker.io/***/flask-ci-cd-demo done
2025-07-16T05:22:10.1542332Z #12 DONE 1.8s
2025-07-16T05:22:10.1636228Z ##[group]Run docker push ***/flask-ci-cd-demo
2025-07-16T05:22:10.1636877Z [36;1mdocker push ***/flask-ci-cd-demo[0m
2025-07-16T05:22:10.1677999Z shell: /usr/bin/bash -e {0}
2025-07-16T05:22:10.1678395Z env:
2025-07-16T05:22:10.1678814Z   pythonLocation: /opt/hostedtoolcache/Python/3.10.18/x64
2025-07-16T05:22:10.1679548Z   PKG_CONFIG_PATH: /opt/hostedtoolcache/Python/3.10.18/x64/lib/pkgconfig
2025-07-16T05:22:10.1680247Z   Python_ROOT_DIR: /opt/hostedtoolcache/Python/3.10.18/x64
2025-07-16T05:22:10.1680881Z   Python2_ROOT_DIR: /opt/hostedtoolcache/Python/3.10.18/x64
2025-07-16T05:22:10.1681518Z   Python3_ROOT_DIR: /opt/hostedtoolcache/Python/3.10.18/x64
2025-07-16T05:22:10.1682144Z   LD_LIBRARY_PATH: /opt/hostedtoolcache/Python/3.10.18/x64/lib
2025-07-16T05:22:10.1682679Z ##[endgroup]
2025-07-16T05:22:10.1847399Z Using default tag: latest
2025-07-16T05:22:10.1862533Z The push refers to repository [docker.io/***/flask-ci-cd-demo]
2025-07-16T05:22:10.2026426Z fa9cc7fefeae: Preparing
2025-07-16T05:22:10.2026893Z edf34ff3fa0e: Preparing
2025-07-16T05:22:10.2027258Z 421b4a67133a: Preparing
2025-07-16T05:22:10.2027604Z c66055ed8ad7: Preparing
2025-07-16T05:22:10.2027952Z 768506b74868: Preparing
2025-07-16T05:22:10.2028197Z 31abbb538de0: Preparing
2025-07-16T05:22:10.2028419Z a2ccf7527b3c: Preparing
2025-07-16T05:22:10.2028735Z abd92ba2021e: Preparing
2025-07-16T05:22:10.2028949Z 1bb35e8b4de1: Preparing
2025-07-16T05:22:10.2029165Z a2ccf7527b3c: Waiting
2025-07-16T05:22:10.2029456Z abd92ba2021e: Waiting
2025-07-16T05:22:10.2029692Z 31abbb538de0: Waiting
2025-07-16T05:22:10.2029913Z 1bb35e8b4de1: Waiting
2025-07-16T05:22:11.2852167Z c66055ed8ad7: Pushed
2025-07-16T05:22:11.3705665Z 31abbb538de0: Layer already exists
2025-07-16T05:22:11.4531343Z a2ccf7527b3c: Layer already exists
2025-07-16T05:22:11.5410169Z abd92ba2021e: Layer already exists
2025-07-16T05:22:11.6279283Z 1bb35e8b4de1: Layer already exists
2025-07-16T05:22:12.0197920Z edf34ff3fa0e: Pushed
2025-07-16T05:22:12.8248672Z fa9cc7fefeae: Pushed
2025-07-16T05:22:14.3734314Z 421b4a67133a: Pushed
2025-07-16T05:22:24.6499461Z 768506b74868: Pushed
2025-07-16T05:22:26.4109454Z latest: digest: sha256:51a127d500b3ea5ef6b09231e6c5fbae0e17b5343820e945e688de6f6a29c782 size: 2212
2025-07-16T05:22:26.4245591Z Post job cleanup.
2025-07-16T05:22:26.7109221Z [command]/usr/bin/docker logout 
2025-07-16T05:22:26.7236962Z Removing login credentials for https://index.docker.io/v1/
2025-07-16T05:22:26.7269863Z ##[group]Post cache
2025-07-16T05:22:26.7271156Z State not set
2025-07-16T05:22:26.7272291Z ##[endgroup]
2025-07-16T05:22:26.7393444Z Post job cleanup.
2025-07-16T05:22:26.8992648Z Post job cleanup.
2025-07-16T05:22:26.9762522Z [command]/usr/bin/git version
2025-07-16T05:22:26.9800987Z git version 2.50.1
2025-07-16T05:22:26.9844832Z Temporarily overriding HOME='/home/runner/work/_temp/ed619c59-7c69-4b35-8a17-d9bdb69b70b5' before making global git config changes
2025-07-16T05:22:26.9846788Z Adding repository directory to the temporary git global config as a safe directory
2025-07-16T05:22:26.9848338Z [command]/usr/bin/git config --global --add safe.directory /home/runner/work/Devops/Devops
2025-07-16T05:22:26.9880411Z [command]/usr/bin/git config --local --name-only --get-regexp core\.sshCommand
2025-07-16T05:22:26.9910169Z [command]/usr/bin/git submodule foreach --recursive sh -c "git config --local --name-only --get-regexp 'core\.sshCommand' && git config --local --unset-all 'core.sshCommand' || :"
2025-07-16T05:22:27.0141629Z [command]/usr/bin/git config --local --name-only --get-regexp http\.https\:\/\/github\.com\/\.extraheader
2025-07-16T05:22:27.0161943Z http.https://github.com/.extraheader
2025-07-16T05:22:27.0173550Z [command]/usr/bin/git config --local --unset-all http.https://github.com/.extraheader
2025-07-16T05:22:27.0202078Z [command]/usr/bin/git submodule foreach --recursive sh -c "git config --local --name-only --get-regexp 'http\.https\:\/\/github\.com\/\.extraheader' && git config --local --unset-all 'http.https://github.com/.extraheader' || :"
2025-07-16T05:22:27.0525051Z Cleaning up orphan processes
