2025-07-15T22:14:28.5248936Z Current runner version: '2.326.0'
2025-07-15T22:14:28.5273416Z ##[group]Runner Image Provisioner
2025-07-15T22:14:28.5274272Z Hosted Compute Agent
2025-07-15T22:14:28.5274908Z Version: 20250711.363
2025-07-15T22:14:28.5275499Z Commit: 6785254374ce925a23743850c1cb91912ce5c14c
2025-07-15T22:14:28.5276186Z Build Date: 2025-07-11T20:04:25Z
2025-07-15T22:14:28.5276832Z ##[endgroup]
2025-07-15T22:14:28.5277377Z ##[group]Operating System
2025-07-15T22:14:28.5277930Z Ubuntu
2025-07-15T22:14:28.5278442Z 24.04.2
2025-07-15T22:14:28.5278937Z LTS
2025-07-15T22:14:28.5279452Z ##[endgroup]
2025-07-15T22:14:28.5279982Z ##[group]Runner Image
2025-07-15T22:14:28.5280758Z Image: ubuntu-24.04
2025-07-15T22:14:28.5281295Z Version: 20250710.1.0
2025-07-15T22:14:28.5282345Z Included Software: https://github.com/actions/runner-images/blob/ubuntu24/20250710.1/images/ubuntu/Ubuntu2404-Readme.md
2025-07-15T22:14:28.5283906Z Image Release: https://github.com/actions/runner-images/releases/tag/ubuntu24%2F20250710.1
2025-07-15T22:14:28.5284981Z ##[endgroup]
2025-07-15T22:14:28.5286057Z ##[group]GITHUB_TOKEN Permissions
2025-07-15T22:14:28.5288153Z Contents: read
2025-07-15T22:14:28.5288721Z Metadata: read
2025-07-15T22:14:28.5289249Z Packages: read
2025-07-15T22:14:28.5289796Z ##[endgroup]
2025-07-15T22:14:28.5292028Z Secret source: Actions
2025-07-15T22:14:28.5292752Z Prepare workflow directory
2025-07-15T22:14:28.5624822Z Prepare all required actions
2025-07-15T22:14:28.5662805Z Getting action download info
2025-07-15T22:14:28.9131201Z ##[group]Download immutable action package 'actions/checkout@v3'
2025-07-15T22:14:28.9132359Z Version: 3.6.0
2025-07-15T22:14:28.9133389Z Digest: sha256:942562b9c7d4b1f2557f1da21f4d3eb4eb4fd01f2ad78b2a6e187d1b193e0a0f
2025-07-15T22:14:28.9134492Z Source commit SHA: f43a0e5ff2bd294095638e18286ca9a3d1956744
2025-07-15T22:14:28.9135307Z ##[endgroup]
2025-07-15T22:14:29.0220075Z ##[group]Download immutable action package 'actions/setup-python@v4'
2025-07-15T22:14:29.0221245Z Version: 4.9.1
2025-07-15T22:14:29.0221973Z Digest: sha256:f03e505388af670b5a108629e0ba26befc08d5c62b41f46146a45fe29ae509a5
2025-07-15T22:14:29.0222953Z Source commit SHA: 7f4fc3e22c37d6ff65e88745f38bd3157c663f7c
2025-07-15T22:14:29.0223698Z ##[endgroup]
2025-07-15T22:14:29.2641257Z ##[group]Download immutable action package 'docker/login-action@v3'
2025-07-15T22:14:29.2642045Z Version: 3.4.0
2025-07-15T22:14:29.2642831Z Digest: sha256:864ebd28db095e1602e6ef999f46a4f575083ea874918fbccf0994c2a7680450
2025-07-15T22:14:29.2643832Z Source commit SHA: 74a5d142397b4f367a81961eba4e8cd7edddf772
2025-07-15T22:14:29.2644520Z ##[endgroup]
2025-07-15T22:14:29.6077283Z Complete job name: build-test-deploy
2025-07-15T22:14:29.6758291Z ##[group]Run actions/checkout@v3
2025-07-15T22:14:29.6759199Z with:
2025-07-15T22:14:29.6759714Z   repository: Dinesh-4/Devops
2025-07-15T22:14:29.6760564Z   token: ***
2025-07-15T22:14:29.6761001Z   ssh-strict: true
2025-07-15T22:14:29.6761467Z   persist-credentials: true
2025-07-15T22:14:29.6761944Z   clean: true
2025-07-15T22:14:29.6762402Z   sparse-checkout-cone-mode: true
2025-07-15T22:14:29.6762918Z   fetch-depth: 1
2025-07-15T22:14:29.6763344Z   fetch-tags: false
2025-07-15T22:14:29.6763764Z   lfs: false
2025-07-15T22:14:29.6764182Z   submodules: false
2025-07-15T22:14:29.6764623Z   set-safe-directory: true
2025-07-15T22:14:29.6765377Z ##[endgroup]
2025-07-15T22:14:29.7607760Z Syncing repository: Dinesh-4/Devops
2025-07-15T22:14:29.7609958Z ##[group]Getting Git version info
2025-07-15T22:14:29.7611089Z Working directory is '/home/runner/work/Devops/Devops'
2025-07-15T22:14:29.7612403Z [command]/usr/bin/git version
2025-07-15T22:14:29.7669205Z git version 2.50.1
2025-07-15T22:14:29.7695167Z ##[endgroup]
2025-07-15T22:14:29.7708905Z Temporarily overriding HOME='/home/runner/work/_temp/e24178fb-7789-429b-ba00-ab81ced8f2db' before making global git config changes
2025-07-15T22:14:29.7711571Z Adding repository directory to the temporary git global config as a safe directory
2025-07-15T22:14:29.7713595Z [command]/usr/bin/git config --global --add safe.directory /home/runner/work/Devops/Devops
2025-07-15T22:14:29.7744316Z Deleting the contents of '/home/runner/work/Devops/Devops'
2025-07-15T22:14:29.7748191Z ##[group]Initializing the repository
2025-07-15T22:14:29.7750941Z [command]/usr/bin/git init /home/runner/work/Devops/Devops
2025-07-15T22:14:29.7834526Z hint: Using 'master' as the name for the initial branch. This default branch name
2025-07-15T22:14:29.7835721Z hint: is subject to change. To configure the initial branch name to use in all
2025-07-15T22:14:29.7837506Z hint: of your new repositories, which will suppress this warning, call:
2025-07-15T22:14:29.7838902Z hint:
2025-07-15T22:14:29.7839835Z hint: 	git config --global init.defaultBranch <name>
2025-07-15T22:14:29.7841111Z hint:
2025-07-15T22:14:29.7842196Z hint: Names commonly chosen instead of 'master' are 'main', 'trunk' and
2025-07-15T22:14:29.7843382Z hint: 'development'. The just-created branch can be renamed via this command:
2025-07-15T22:14:29.7844132Z hint:
2025-07-15T22:14:29.7844568Z hint: 	git branch -m <name>
2025-07-15T22:14:29.7845148Z hint:
2025-07-15T22:14:29.7846073Z hint: Disable this message with "git config set advice.defaultBranchName false"
2025-07-15T22:14:29.7847174Z Initialized empty Git repository in /home/runner/work/Devops/Devops/.git/
2025-07-15T22:14:29.7849270Z [command]/usr/bin/git remote add origin https://github.com/Dinesh-4/Devops
2025-07-15T22:14:29.7879089Z ##[endgroup]
2025-07-15T22:14:29.7879957Z ##[group]Disabling automatic garbage collection
2025-07-15T22:14:29.7881485Z [command]/usr/bin/git config --local gc.auto 0
2025-07-15T22:14:29.7911477Z ##[endgroup]
2025-07-15T22:14:29.7912240Z ##[group]Setting up auth
2025-07-15T22:14:29.7912977Z [command]/usr/bin/git config --local --name-only --get-regexp core\.sshCommand
2025-07-15T22:14:29.7936877Z [command]/usr/bin/git submodule foreach --recursive sh -c "git config --local --name-only --get-regexp 'core\.sshCommand' && git config --local --unset-all 'core.sshCommand' || :"
2025-07-15T22:14:29.8229067Z [command]/usr/bin/git config --local --name-only --get-regexp http\.https\:\/\/github\.com\/\.extraheader
2025-07-15T22:14:29.8254102Z [command]/usr/bin/git submodule foreach --recursive sh -c "git config --local --name-only --get-regexp 'http\.https\:\/\/github\.com\/\.extraheader' && git config --local --unset-all 'http.https://github.com/.extraheader' || :"
2025-07-15T22:14:29.8467066Z [command]/usr/bin/git config --local http.https://github.com/.extraheader AUTHORIZATION: basic ***
2025-07-15T22:14:29.8498259Z ##[endgroup]
2025-07-15T22:14:29.8499788Z ##[group]Fetching the repository
2025-07-15T22:14:29.8508297Z [command]/usr/bin/git -c protocol.version=2 fetch --no-tags --prune --progress --no-recurse-submodules --depth=1 origin +0d4a6a1282ff5d4db0ba85a693e848475b96299d:refs/remotes/origin/main
2025-07-15T22:14:30.0653887Z remote: Enumerating objects: 4181, done.        
2025-07-15T22:14:30.0655385Z remote: Counting objects:   0% (1/4181)        
2025-07-15T22:14:30.0656922Z remote: Counting objects:   1% (42/4181)        
2025-07-15T22:14:30.0662185Z remote: Counting objects:   2% (84/4181)        
2025-07-15T22:14:30.0663422Z remote: Counting objects:   3% (126/4181)        
2025-07-15T22:14:30.0665418Z remote: Counting objects:   4% (168/4181)        
2025-07-15T22:14:30.0666492Z remote: Counting objects:   5% (210/4181)        
2025-07-15T22:14:30.0667727Z remote: Counting objects:   6% (251/4181)        
2025-07-15T22:14:30.0668754Z remote: Counting objects:   7% (293/4181)        
2025-07-15T22:14:30.0670829Z remote: Counting objects:   8% (335/4181)        
2025-07-15T22:14:30.0671876Z remote: Counting objects:   9% (377/4181)        
2025-07-15T22:14:30.0672851Z remote: Counting objects:  10% (419/4181)        
2025-07-15T22:14:30.0673955Z remote: Counting objects:  11% (460/4181)        
2025-07-15T22:14:30.0674914Z remote: Counting objects:  12% (502/4181)        
2025-07-15T22:14:30.0675871Z remote: Counting objects:  13% (544/4181)        
2025-07-15T22:14:30.0676818Z remote: Counting objects:  14% (586/4181)        
2025-07-15T22:14:30.0678062Z remote: Counting objects:  15% (628/4181)        
2025-07-15T22:14:30.0679030Z remote: Counting objects:  16% (669/4181)        
2025-07-15T22:14:30.0679910Z remote: Counting objects:  17% (711/4181)        
2025-07-15T22:14:30.0681128Z remote: Counting objects:  18% (753/4181)        
2025-07-15T22:14:30.0682204Z remote: Counting objects:  19% (795/4181)        
2025-07-15T22:14:30.0683160Z remote: Counting objects:  20% (837/4181)        
2025-07-15T22:14:30.0684117Z remote: Counting objects:  21% (879/4181)        
2025-07-15T22:14:30.0685099Z remote: Counting objects:  22% (920/4181)        
2025-07-15T22:14:30.0686055Z remote: Counting objects:  23% (962/4181)        
2025-07-15T22:14:30.0687003Z remote: Counting objects:  24% (1004/4181)        
2025-07-15T22:14:30.0687971Z remote: Counting objects:  25% (1046/4181)        
2025-07-15T22:14:30.0688929Z remote: Counting objects:  26% (1088/4181)        
2025-07-15T22:14:30.0689881Z remote: Counting objects:  27% (1129/4181)        
2025-07-15T22:14:30.0691094Z remote: Counting objects:  28% (1171/4181)        
2025-07-15T22:14:30.0692068Z remote: Counting objects:  29% (1213/4181)        
2025-07-15T22:14:30.0693148Z remote: Counting objects:  30% (1255/4181)        
2025-07-15T22:14:30.0694121Z remote: Counting objects:  31% (1297/4181)        
2025-07-15T22:14:30.0695278Z remote: Counting objects:  32% (1338/4181)        
2025-07-15T22:14:30.0696233Z remote: Counting objects:  33% (1380/4181)        
2025-07-15T22:14:30.0697135Z remote: Counting objects:  34% (1422/4181)        
2025-07-15T22:14:30.0698117Z remote: Counting objects:  35% (1464/4181)        
2025-07-15T22:14:30.0699035Z remote: Counting objects:  36% (1506/4181)        
2025-07-15T22:14:30.0700108Z remote: Counting objects:  37% (1547/4181)        
2025-07-15T22:14:30.0701193Z remote: Counting objects:  38% (1589/4181)        
2025-07-15T22:14:30.0702158Z remote: Counting objects:  39% (1631/4181)        
2025-07-15T22:14:30.0703121Z remote: Counting objects:  40% (1673/4181)        
2025-07-15T22:14:30.0704077Z remote: Counting objects:  41% (1715/4181)        
2025-07-15T22:14:30.0705036Z remote: Counting objects:  42% (1757/4181)        
2025-07-15T22:14:30.0706044Z remote: Counting objects:  43% (1798/4181)        
2025-07-15T22:14:30.0707011Z remote: Counting objects:  44% (1840/4181)        
2025-07-15T22:14:30.0707970Z remote: Counting objects:  45% (1882/4181)        
2025-07-15T22:14:30.0708917Z remote: Counting objects:  46% (1924/4181)        
2025-07-15T22:14:30.0709873Z remote: Counting objects:  47% (1966/4181)        
2025-07-15T22:14:30.0813057Z remote: Counting objects:  48% (2007/4181)        
2025-07-15T22:14:30.0814628Z remote: Counting objects:  49% (2049/4181)        
2025-07-15T22:14:30.0818092Z remote: Counting objects:  50% (2091/4181)        
2025-07-15T22:14:30.0819234Z remote: Counting objects:  51% (2133/4181)        
2025-07-15T22:14:30.0820237Z remote: Counting objects:  52% (2175/4181)        
2025-07-15T22:14:30.0821446Z remote: Counting objects:  53% (2216/4181)        
2025-07-15T22:14:30.0822431Z remote: Counting objects:  54% (2258/4181)        
2025-07-15T22:14:30.0823410Z remote: Counting objects:  55% (2300/4181)        
2025-07-15T22:14:30.0824219Z remote: Counting objects:  56% (2342/4181)        
2025-07-15T22:14:30.0825173Z remote: Counting objects:  57% (2384/4181)        
2025-07-15T22:14:30.0826145Z remote: Counting objects:  58% (2425/4181)        
2025-07-15T22:14:30.0827231Z remote: Counting objects:  59% (2467/4181)        
2025-07-15T22:14:30.0828243Z remote: Counting objects:  60% (2509/4181)        
2025-07-15T22:14:30.0829263Z remote: Counting objects:  61% (2551/4181)        
2025-07-15T22:14:30.0830280Z remote: Counting objects:  62% (2593/4181)        
2025-07-15T22:14:30.0831448Z remote: Counting objects:  63% (2635/4181)        
2025-07-15T22:14:30.0832417Z remote: Counting objects:  64% (2676/4181)        
2025-07-15T22:14:30.0833385Z remote: Counting objects:  65% (2718/4181)        
2025-07-15T22:14:30.0834670Z remote: Counting objects:  66% (2760/4181)        
2025-07-15T22:14:30.0835667Z remote: Counting objects:  67% (2802/4181)        
2025-07-15T22:14:30.0836652Z remote: Counting objects:  68% (2844/4181)        
2025-07-15T22:14:30.0837652Z remote: Counting objects:  69% (2885/4181)        
2025-07-15T22:14:30.0838661Z remote: Counting objects:  70% (2927/4181)        
2025-07-15T22:14:30.0839321Z remote: Counting objects:  71% (2969/4181)        
2025-07-15T22:14:30.0839891Z remote: Counting objects:  72% (3011/4181)        
2025-07-15T22:14:30.0840702Z remote: Counting objects:  73% (3053/4181)        
2025-07-15T22:14:30.0841329Z remote: Counting objects:  74% (3094/4181)        
2025-07-15T22:14:30.0841919Z remote: Counting objects:  75% (3136/4181)        
2025-07-15T22:14:30.0842509Z remote: Counting objects:  76% (3178/4181)        
2025-07-15T22:14:30.0843097Z remote: Counting objects:  77% (3220/4181)        
2025-07-15T22:14:30.0843675Z remote: Counting objects:  78% (3262/4181)        
2025-07-15T22:14:30.0844251Z remote: Counting objects:  79% (3303/4181)        
2025-07-15T22:14:30.0844816Z remote: Counting objects:  80% (3345/4181)        
2025-07-15T22:14:30.0845392Z remote: Counting objects:  81% (3387/4181)        
2025-07-15T22:14:30.0845970Z remote: Counting objects:  82% (3429/4181)        
2025-07-15T22:14:30.0846536Z remote: Counting objects:  83% (3471/4181)        
2025-07-15T22:14:30.0847117Z remote: Counting objects:  84% (3513/4181)        
2025-07-15T22:14:30.0847691Z remote: Counting objects:  85% (3554/4181)        
2025-07-15T22:14:30.0848260Z remote: Counting objects:  86% (3596/4181)        
2025-07-15T22:14:30.0848830Z remote: Counting objects:  87% (3638/4181)        
2025-07-15T22:14:30.0849415Z remote: Counting objects:  88% (3680/4181)        
2025-07-15T22:14:30.0849977Z remote: Counting objects:  89% (3722/4181)        
2025-07-15T22:14:30.0850804Z remote: Counting objects:  90% (3763/4181)        
2025-07-15T22:14:30.0851392Z remote: Counting objects:  91% (3805/4181)        
2025-07-15T22:14:30.0851973Z remote: Counting objects:  92% (3847/4181)        
2025-07-15T22:14:30.0852536Z remote: Counting objects:  93% (3889/4181)        
2025-07-15T22:14:30.0853106Z remote: Counting objects:  94% (3931/4181)        
2025-07-15T22:14:30.0853677Z remote: Counting objects:  95% (3972/4181)        
2025-07-15T22:14:30.0854240Z remote: Counting objects:  96% (4014/4181)        
2025-07-15T22:14:30.0854807Z remote: Counting objects:  97% (4056/4181)        
2025-07-15T22:14:30.0855373Z remote: Counting objects:  98% (4098/4181)        
2025-07-15T22:14:30.0856091Z remote: Counting objects:  99% (4140/4181)        
2025-07-15T22:14:30.0856674Z remote: Counting objects: 100% (4181/4181)        
2025-07-15T22:14:30.0857290Z remote: Counting objects: 100% (4181/4181), done.        
2025-07-15T22:14:30.0857908Z remote: Compressing objects:   0% (1/3566)        
2025-07-15T22:14:30.0858495Z remote: Compressing objects:   1% (36/3566)        
2025-07-15T22:14:30.0859086Z remote: Compressing objects:   2% (72/3566)        
2025-07-15T22:14:30.0859674Z remote: Compressing objects:   3% (107/3566)        
2025-07-15T22:14:30.0860283Z remote: Compressing objects:   4% (143/3566)        
2025-07-15T22:14:30.0861108Z remote: Compressing objects:   5% (179/3566)        
2025-07-15T22:14:30.0861713Z remote: Compressing objects:   6% (214/3566)        
2025-07-15T22:14:30.0862309Z remote: Compressing objects:   7% (250/3566)        
2025-07-15T22:14:30.0862908Z remote: Compressing objects:   8% (286/3566)        
2025-07-15T22:14:30.0863497Z remote: Compressing objects:   9% (321/3566)        
2025-07-15T22:14:30.0864093Z remote: Compressing objects:  10% (357/3566)        
2025-07-15T22:14:30.0864690Z remote: Compressing objects:  11% (393/3566)        
2025-07-15T22:14:30.0865276Z remote: Compressing objects:  12% (428/3566)        
2025-07-15T22:14:30.0865869Z remote: Compressing objects:  13% (464/3566)        
2025-07-15T22:14:30.0866461Z remote: Compressing objects:  14% (500/3566)        
2025-07-15T22:14:30.0867193Z remote: Compressing objects:  15% (535/3566)        
2025-07-15T22:14:30.0867784Z remote: Compressing objects:  16% (571/3566)        
2025-07-15T22:14:30.0868388Z remote: Compressing objects:  17% (607/3566)        
2025-07-15T22:14:30.0868984Z remote: Compressing objects:  18% (642/3566)        
2025-07-15T22:14:30.0869568Z remote: Compressing objects:  19% (678/3566)        
2025-07-15T22:14:30.0870158Z remote: Compressing objects:  20% (714/3566)        
2025-07-15T22:14:30.0870945Z remote: Compressing objects:  21% (749/3566)        
2025-07-15T22:14:30.0871552Z remote: Compressing objects:  22% (785/3566)        
2025-07-15T22:14:30.0872141Z remote: Compressing objects:  23% (821/3566)        
2025-07-15T22:14:30.0872741Z remote: Compressing objects:  24% (856/3566)        
2025-07-15T22:14:30.0873331Z remote: Compressing objects:  25% (892/3566)        
2025-07-15T22:14:30.0873918Z remote: Compressing objects:  26% (928/3566)        
2025-07-15T22:14:30.0874523Z remote: Compressing objects:  27% (963/3566)        
2025-07-15T22:14:30.0875149Z remote: Compressing objects:  28% (999/3566)        
2025-07-15T22:14:30.0875761Z remote: Compressing objects:  29% (1035/3566)        
2025-07-15T22:14:30.0876380Z remote: Compressing objects:  30% (1070/3566)        
2025-07-15T22:14:30.0877001Z remote: Compressing objects:  31% (1106/3566)        
2025-07-15T22:14:30.0877605Z remote: Compressing objects:  32% (1142/3566)        
2025-07-15T22:14:30.0878309Z remote: Compressing objects:  33% (1177/3566)        
2025-07-15T22:14:30.0878923Z remote: Compressing objects:  34% (1213/3566)        
2025-07-15T22:14:30.0879534Z remote: Compressing objects:  35% (1249/3566)        
2025-07-15T22:14:30.0880141Z remote: Compressing objects:  36% (1284/3566)        
2025-07-15T22:14:30.0880946Z remote: Compressing objects:  37% (1320/3566)        
2025-07-15T22:14:30.0881563Z remote: Compressing objects:  38% (1356/3566)        
2025-07-15T22:14:30.0882167Z remote: Compressing objects:  39% (1391/3566)        
2025-07-15T22:14:30.0882781Z remote: Compressing objects:  40% (1427/3566)        
2025-07-15T22:14:30.0883387Z remote: Compressing objects:  41% (1463/3566)        
2025-07-15T22:14:30.0883983Z remote: Compressing objects:  42% (1498/3566)        
2025-07-15T22:14:30.0884609Z remote: Compressing objects:  43% (1534/3566)        
2025-07-15T22:14:30.0885216Z remote: Compressing objects:  44% (1570/3566)        
2025-07-15T22:14:30.0885818Z remote: Compressing objects:  45% (1605/3566)        
2025-07-15T22:14:30.0886416Z remote: Compressing objects:  46% (1641/3566)        
2025-07-15T22:14:30.0887144Z remote: Compressing objects:  47% (1677/3566)        
2025-07-15T22:14:30.0887753Z remote: Compressing objects:  48% (1712/3566)        
2025-07-15T22:14:30.0888361Z remote: Compressing objects:  49% (1748/3566)        
2025-07-15T22:14:30.0888971Z remote: Compressing objects:  50% (1783/3566)        
2025-07-15T22:14:30.0889581Z remote: Compressing objects:  51% (1819/3566)        
2025-07-15T22:14:30.0890237Z remote: Compressing objects:  52% (1855/3566)        
2025-07-15T22:14:30.0891048Z remote: Compressing objects:  53% (1890/3566)        
2025-07-15T22:14:30.0891656Z remote: Compressing objects:  54% (1926/3566)        
2025-07-15T22:14:30.0892251Z remote: Compressing objects:  55% (1962/3566)        
2025-07-15T22:14:30.0892852Z remote: Compressing objects:  56% (1997/3566)        
2025-07-15T22:14:30.0893451Z remote: Compressing objects:  57% (2033/3566)        
2025-07-15T22:14:30.0894050Z remote: Compressing objects:  58% (2069/3566)        
2025-07-15T22:14:30.0894691Z remote: Compressing objects:  59% (2104/3566)        
2025-07-15T22:14:30.0895293Z remote: Compressing objects:  60% (2140/3566)        
2025-07-15T22:14:30.0895890Z remote: Compressing objects:  61% (2176/3566)        
2025-07-15T22:14:30.0896489Z remote: Compressing objects:  62% (2211/3566)        
2025-07-15T22:14:30.0897095Z remote: Compressing objects:  63% (2247/3566)        
2025-07-15T22:14:30.0897889Z remote: Compressing objects:  64% (2283/3566)        
2025-07-15T22:14:30.0898499Z remote: Compressing objects:  65% (2318/3566)        
2025-07-15T22:14:30.0899116Z remote: Compressing objects:  66% (2354/3566)        
2025-07-15T22:14:30.0899723Z remote: Compressing objects:  67% (2390/3566)        
2025-07-15T22:14:30.0900321Z remote: Compressing objects:  68% (2425/3566)        
2025-07-15T22:14:30.0901241Z remote: Compressing objects:  69% (2461/3566)        
2025-07-15T22:14:30.0901842Z remote: Compressing objects:  70% (2497/3566)        
2025-07-15T22:14:30.0902443Z remote: Compressing objects:  71% (2532/3566)        
2025-07-15T22:14:30.0903046Z remote: Compressing objects:  72% (2568/3566)        
2025-07-15T22:14:30.0903651Z remote: Compressing objects:  73% (2604/3566)        
2025-07-15T22:14:30.0904252Z remote: Compressing objects:  74% (2639/3566)        
2025-07-15T22:14:30.0904864Z remote: Compressing objects:  75% (2675/3566)        
2025-07-15T22:14:30.0905474Z remote: Compressing objects:  76% (2711/3566)        
2025-07-15T22:14:30.0906089Z remote: Compressing objects:  77% (2746/3566)        
2025-07-15T22:14:30.0906691Z remote: Compressing objects:  78% (2782/3566)        
2025-07-15T22:14:30.0907293Z remote: Compressing objects:  79% (2818/3566)        
2025-07-15T22:14:30.0907921Z remote: Compressing objects:  80% (2853/3566)        
2025-07-15T22:14:30.0908511Z remote: Compressing objects:  81% (2889/3566)        
2025-07-15T22:14:30.0909113Z remote: Compressing objects:  82% (2925/3566)        
2025-07-15T22:14:30.0909771Z remote: Compressing objects:  83% (2960/3566)        
2025-07-15T22:14:30.0910718Z remote: Compressing objects:  84% (2996/3566)        
2025-07-15T22:14:30.0911338Z remote: Compressing objects:  85% (3032/3566)        
2025-07-15T22:14:30.0911950Z remote: Compressing objects:  86% (3067/3566)        
2025-07-15T22:14:30.0912552Z remote: Compressing objects:  87% (3103/3566)        
2025-07-15T22:14:30.0913145Z remote: Compressing objects:  88% (3139/3566)        
2025-07-15T22:14:30.0913753Z remote: Compressing objects:  89% (3174/3566)        
2025-07-15T22:14:30.0914365Z remote: Compressing objects:  90% (3210/3566)        
2025-07-15T22:14:30.0914992Z remote: Compressing objects:  91% (3246/3566)        
2025-07-15T22:14:30.0915596Z remote: Compressing objects:  92% (3281/3566)        
2025-07-15T22:14:30.0916194Z remote: Compressing objects:  93% (3317/3566)        
2025-07-15T22:14:30.0916809Z remote: Compressing objects:  94% (3353/3566)        
2025-07-15T22:14:30.0917404Z remote: Compressing objects:  95% (3388/3566)        
2025-07-15T22:14:30.0918140Z remote: Compressing objects:  96% (3424/3566)        
2025-07-15T22:14:30.0918812Z remote: Compressing objects:  97% (3460/3566)        
2025-07-15T22:14:30.0919413Z remote: Compressing objects:  98% (3495/3566)        
2025-07-15T22:14:30.0920011Z remote: Compressing objects:  99% (3531/3566)        
2025-07-15T22:14:30.0920809Z remote: Compressing objects: 100% (3566/3566)        
2025-07-15T22:14:30.0921466Z remote: Compressing objects: 100% (3566/3566), done.        
2025-07-15T22:14:30.1728645Z Receiving objects:   0% (1/4181)
2025-07-15T22:14:30.1747365Z Receiving objects:   1% (42/4181)
2025-07-15T22:14:30.1771125Z Receiving objects:   2% (84/4181)
2025-07-15T22:14:30.1868343Z Receiving objects:   3% (126/4181)
2025-07-15T22:14:30.1918998Z Receiving objects:   4% (168/4181)
2025-07-15T22:14:30.1999990Z Receiving objects:   5% (210/4181)
2025-07-15T22:14:30.2022559Z Receiving objects:   6% (251/4181)
2025-07-15T22:14:30.2199949Z Receiving objects:   7% (293/4181)
2025-07-15T22:14:30.2246355Z Receiving objects:   8% (335/4181)
2025-07-15T22:14:30.2302343Z Receiving objects:   9% (377/4181)
2025-07-15T22:14:30.2375881Z Receiving objects:  10% (419/4181)
2025-07-15T22:14:30.2442234Z Receiving objects:  11% (460/4181)
2025-07-15T22:14:30.2569839Z Receiving objects:  12% (502/4181)
2025-07-15T22:14:30.2608101Z Receiving objects:  13% (544/4181)
2025-07-15T22:14:30.2613642Z Receiving objects:  14% (586/4181)
2025-07-15T22:14:30.2626565Z Receiving objects:  15% (628/4181)
2025-07-15T22:14:30.2634895Z Receiving objects:  16% (669/4181)
2025-07-15T22:14:30.2664478Z Receiving objects:  17% (711/4181)
2025-07-15T22:14:30.2682783Z Receiving objects:  18% (753/4181)
2025-07-15T22:14:30.2727260Z Receiving objects:  19% (795/4181)
2025-07-15T22:14:30.2766926Z Receiving objects:  20% (837/4181)
2025-07-15T22:14:30.2813284Z Receiving objects:  21% (879/4181)
2025-07-15T22:14:30.2863302Z Receiving objects:  22% (920/4181)
2025-07-15T22:14:30.2928290Z Receiving objects:  23% (962/4181)
2025-07-15T22:14:30.2966708Z Receiving objects:  24% (1004/4181)
2025-07-15T22:14:30.2983926Z Receiving objects:  25% (1046/4181)
2025-07-15T22:14:30.2998724Z Receiving objects:  26% (1088/4181)
2025-07-15T22:14:30.3012017Z Receiving objects:  27% (1129/4181)
2025-07-15T22:14:30.3025945Z Receiving objects:  28% (1171/4181)
2025-07-15T22:14:30.3064341Z Receiving objects:  29% (1213/4181)
2025-07-15T22:14:30.3095851Z Receiving objects:  30% (1255/4181)
2025-07-15T22:14:30.3130095Z Receiving objects:  31% (1297/4181)
2025-07-15T22:14:30.3161960Z Receiving objects:  32% (1338/4181)
2025-07-15T22:14:30.3186308Z Receiving objects:  33% (1380/4181)
2025-07-15T22:14:30.3220819Z Receiving objects:  34% (1422/4181)
2025-07-15T22:14:30.3246252Z Receiving objects:  35% (1464/4181)
2025-07-15T22:14:30.3269241Z Receiving objects:  36% (1506/4181)
2025-07-15T22:14:30.3316563Z Receiving objects:  37% (1547/4181)
2025-07-15T22:14:30.3339429Z Receiving objects:  38% (1589/4181)
2025-07-15T22:14:30.3382485Z Receiving objects:  39% (1631/4181)
2025-07-15T22:14:30.3403428Z Receiving objects:  40% (1673/4181)
2025-07-15T22:14:30.3451972Z Receiving objects:  41% (1715/4181)
2025-07-15T22:14:30.3488283Z Receiving objects:  42% (1757/4181)
2025-07-15T22:14:30.3530707Z Receiving objects:  43% (1798/4181)
2025-07-15T22:14:30.3695005Z Receiving objects:  44% (1840/4181)
2025-07-15T22:14:30.3745893Z Receiving objects:  45% (1882/4181)
2025-07-15T22:14:30.3777294Z Receiving objects:  46% (1924/4181)
2025-07-15T22:14:30.3809455Z Receiving objects:  47% (1966/4181)
2025-07-15T22:14:30.3886678Z Receiving objects:  48% (2007/4181)
2025-07-15T22:14:30.3930530Z Receiving objects:  49% (2049/4181)
2025-07-15T22:14:30.3961266Z Receiving objects:  50% (2091/4181)
2025-07-15T22:14:30.3999515Z Receiving objects:  51% (2133/4181)
2025-07-15T22:14:30.4054339Z Receiving objects:  52% (2175/4181)
2025-07-15T22:14:30.4100861Z Receiving objects:  53% (2216/4181)
2025-07-15T22:14:30.4124854Z Receiving objects:  54% (2258/4181)
2025-07-15T22:14:30.4161073Z Receiving objects:  55% (2300/4181)
2025-07-15T22:14:30.4192011Z Receiving objects:  56% (2342/4181)
2025-07-15T22:14:30.4241147Z Receiving objects:  57% (2384/4181)
2025-07-15T22:14:30.4265244Z Receiving objects:  58% (2425/4181)
2025-07-15T22:14:30.4289242Z Receiving objects:  59% (2467/4181)
2025-07-15T22:14:30.4307707Z Receiving objects:  60% (2509/4181)
2025-07-15T22:14:30.4370753Z Receiving objects:  61% (2551/4181)
2025-07-15T22:14:30.4416057Z Receiving objects:  62% (2593/4181)
2025-07-15T22:14:30.4456740Z Receiving objects:  63% (2635/4181)
2025-07-15T22:14:30.4531215Z Receiving objects:  64% (2676/4181)
2025-07-15T22:14:30.4578579Z Receiving objects:  65% (2718/4181)
2025-07-15T22:14:30.4627646Z Receiving objects:  66% (2760/4181)
2025-07-15T22:14:30.4692777Z Receiving objects:  67% (2802/4181)
2025-07-15T22:14:30.4738847Z Receiving objects:  68% (2844/4181)
2025-07-15T22:14:30.4776094Z Receiving objects:  69% (2885/4181)
2025-07-15T22:14:30.4892998Z Receiving objects:  70% (2927/4181)
2025-07-15T22:14:30.4941259Z Receiving objects:  71% (2969/4181)
2025-07-15T22:14:30.4976387Z Receiving objects:  72% (3011/4181)
2025-07-15T22:14:30.4997117Z Receiving objects:  73% (3053/4181)
2025-07-15T22:14:30.5014687Z Receiving objects:  74% (3094/4181)
2025-07-15T22:14:30.5026227Z Receiving objects:  75% (3136/4181)
2025-07-15T22:14:30.5049884Z Receiving objects:  76% (3178/4181)
2025-07-15T22:14:30.5102247Z Receiving objects:  77% (3220/4181)
2025-07-15T22:14:30.5200500Z Receiving objects:  78% (3262/4181)
2025-07-15T22:14:30.5245204Z Receiving objects:  79% (3303/4181)
2025-07-15T22:14:30.5332072Z Receiving objects:  80% (3345/4181)
2025-07-15T22:14:30.5366853Z Receiving objects:  81% (3387/4181)
2025-07-15T22:14:30.5404914Z Receiving objects:  82% (3429/4181)
2025-07-15T22:14:30.5413721Z Receiving objects:  83% (3471/4181)
2025-07-15T22:14:30.5425511Z Receiving objects:  84% (3513/4181)
2025-07-15T22:14:30.5437890Z Receiving objects:  85% (3554/4181)
2025-07-15T22:14:30.5446764Z Receiving objects:  86% (3596/4181)
2025-07-15T22:14:30.5455158Z Receiving objects:  87% (3638/4181)
2025-07-15T22:14:30.5465080Z Receiving objects:  88% (3680/4181)
2025-07-15T22:14:30.5469761Z Receiving objects:  89% (3722/4181)
2025-07-15T22:14:30.5479180Z Receiving objects:  90% (3763/4181)
2025-07-15T22:14:30.5507698Z Receiving objects:  91% (3805/4181)
2025-07-15T22:14:30.5518566Z Receiving objects:  92% (3847/4181)
2025-07-15T22:14:30.5559009Z Receiving objects:  93% (3889/4181)
2025-07-15T22:14:30.5563465Z Receiving objects:  94% (3931/4181)
2025-07-15T22:14:30.5633750Z Receiving objects:  95% (3972/4181)
2025-07-15T22:14:30.5669826Z Receiving objects:  96% (4014/4181)
2025-07-15T22:14:30.5764256Z Receiving objects:  97% (4056/4181)
2025-07-15T22:14:30.5806483Z Receiving objects:  98% (4098/4181)
2025-07-15T22:14:30.5852126Z Receiving objects:  99% (4140/4181)
2025-07-15T22:14:30.5857090Z remote: Total 4181 (delta 578), reused 4157 (delta 570), pack-reused 0 (from 0)        
2025-07-15T22:14:30.5871779Z Receiving objects: 100% (4181/4181)
2025-07-15T22:14:30.5874589Z Receiving objects: 100% (4181/4181), 14.19 MiB | 34.04 MiB/s, done.
2025-07-15T22:14:30.5877626Z Resolving deltas:   0% (0/578)
2025-07-15T22:14:30.5879442Z Resolving deltas:   1% (6/578)
2025-07-15T22:14:30.5881536Z Resolving deltas:   2% (12/578)
2025-07-15T22:14:30.5883228Z Resolving deltas:   3% (18/578)
2025-07-15T22:14:30.5884919Z Resolving deltas:   4% (24/578)
2025-07-15T22:14:30.5886601Z Resolving deltas:   5% (29/578)
2025-07-15T22:14:30.5888275Z Resolving deltas:   6% (35/578)
2025-07-15T22:14:30.5894447Z Resolving deltas:   7% (41/578)
2025-07-15T22:14:30.5911557Z Resolving deltas:   8% (47/578)
2025-07-15T22:14:30.5917007Z Resolving deltas:   9% (53/578)
2025-07-15T22:14:30.5919673Z Resolving deltas:  10% (58/578)
2025-07-15T22:14:30.5922605Z Resolving deltas:  11% (64/578)
2025-07-15T22:14:30.5924396Z Resolving deltas:  12% (70/578)
2025-07-15T22:14:30.5992836Z Resolving deltas:  13% (76/578)
2025-07-15T22:14:30.5997524Z Resolving deltas:  14% (81/578)
2025-07-15T22:14:30.6014083Z Resolving deltas:  15% (87/578)
2025-07-15T22:14:30.6018114Z Resolving deltas:  16% (93/578)
2025-07-15T22:14:30.6021699Z Resolving deltas:  17% (99/578)
2025-07-15T22:14:30.6024443Z Resolving deltas:  18% (105/578)
2025-07-15T22:14:30.6026220Z Resolving deltas:  19% (110/578)
2025-07-15T22:14:30.6028534Z Resolving deltas:  20% (116/578)
2025-07-15T22:14:30.6032043Z Resolving deltas:  21% (122/578)
2025-07-15T22:14:30.6033787Z Resolving deltas:  22% (128/578)
2025-07-15T22:14:30.6035317Z Resolving deltas:  23% (133/578)
2025-07-15T22:14:30.6036549Z Resolving deltas:  24% (139/578)
2025-07-15T22:14:30.6037669Z Resolving deltas:  25% (145/578)
2025-07-15T22:14:30.6038786Z Resolving deltas:  26% (151/578)
2025-07-15T22:14:30.6040097Z Resolving deltas:  27% (157/578)
2025-07-15T22:14:30.6041952Z Resolving deltas:  28% (162/578)
2025-07-15T22:14:30.6043668Z Resolving deltas:  29% (168/578)
2025-07-15T22:14:30.6119172Z Resolving deltas:  30% (174/578)
2025-07-15T22:14:30.6121757Z Resolving deltas:  31% (180/578)
2025-07-15T22:14:30.6124990Z Resolving deltas:  32% (185/578)
2025-07-15T22:14:30.6126598Z Resolving deltas:  33% (191/578)
2025-07-15T22:14:30.6128045Z Resolving deltas:  34% (197/578)
2025-07-15T22:14:30.6129708Z Resolving deltas:  35% (203/578)
2025-07-15T22:14:30.6131700Z Resolving deltas:  36% (209/578)
2025-07-15T22:14:30.6133205Z Resolving deltas:  37% (214/578)
2025-07-15T22:14:30.6134949Z Resolving deltas:  38% (220/578)
2025-07-15T22:14:30.6136952Z Resolving deltas:  39% (226/578)
2025-07-15T22:14:30.6138684Z Resolving deltas:  40% (232/578)
2025-07-15T22:14:30.6140530Z Resolving deltas:  41% (237/578)
2025-07-15T22:14:30.6142228Z Resolving deltas:  42% (243/578)
2025-07-15T22:14:30.6143899Z Resolving deltas:  43% (249/578)
2025-07-15T22:14:30.6145586Z Resolving deltas:  44% (255/578)
2025-07-15T22:14:30.6147291Z Resolving deltas:  45% (261/578)
2025-07-15T22:14:30.6149110Z Resolving deltas:  46% (266/578)
2025-07-15T22:14:30.6151320Z Resolving deltas:  47% (272/578)
2025-07-15T22:14:30.6153065Z Resolving deltas:  48% (278/578)
2025-07-15T22:14:30.6154876Z Resolving deltas:  49% (284/578)
2025-07-15T22:14:30.6159044Z Resolving deltas:  50% (289/578)
2025-07-15T22:14:30.6164821Z Resolving deltas:  51% (295/578)
2025-07-15T22:14:30.6168583Z Resolving deltas:  52% (301/578)
2025-07-15T22:14:30.6178350Z Resolving deltas:  53% (307/578)
2025-07-15T22:14:30.6183542Z Resolving deltas:  54% (313/578)
2025-07-15T22:14:30.6187139Z Resolving deltas:  55% (318/578)
2025-07-15T22:14:30.6192623Z Resolving deltas:  56% (324/578)
2025-07-15T22:14:30.6196995Z Resolving deltas:  57% (330/578)
2025-07-15T22:14:30.6199381Z Resolving deltas:  58% (336/578)
2025-07-15T22:14:30.6211644Z Resolving deltas:  59% (342/578)
2025-07-15T22:14:30.6220041Z Resolving deltas:  60% (347/578)
2025-07-15T22:14:30.6222863Z Resolving deltas:  61% (354/578)
2025-07-15T22:14:30.6231303Z Resolving deltas:  62% (359/578)
2025-07-15T22:14:30.6236386Z Resolving deltas:  63% (365/578)
2025-07-15T22:14:30.6245975Z Resolving deltas:  64% (370/578)
2025-07-15T22:14:30.6249464Z Resolving deltas:  65% (376/578)
2025-07-15T22:14:30.6253081Z Resolving deltas:  66% (382/578)
2025-07-15T22:14:30.6256847Z Resolving deltas:  67% (388/578)
2025-07-15T22:14:30.6261213Z Resolving deltas:  68% (394/578)
2025-07-15T22:14:30.6264542Z Resolving deltas:  69% (399/578)
2025-07-15T22:14:30.6269439Z Resolving deltas:  70% (405/578)
2025-07-15T22:14:30.6275834Z Resolving deltas:  71% (411/578)
2025-07-15T22:14:30.6278378Z Resolving deltas:  72% (417/578)
2025-07-15T22:14:30.6285422Z Resolving deltas:  73% (422/578)
2025-07-15T22:14:30.6288085Z Resolving deltas:  74% (428/578)
2025-07-15T22:14:30.6293932Z Resolving deltas:  75% (434/578)
2025-07-15T22:14:30.6303992Z Resolving deltas:  76% (440/578)
2025-07-15T22:14:30.6312455Z Resolving deltas:  77% (446/578)
2025-07-15T22:14:30.6319866Z Resolving deltas:  78% (451/578)
2025-07-15T22:14:30.6323117Z Resolving deltas:  79% (458/578)
2025-07-15T22:14:30.6327735Z Resolving deltas:  80% (464/578)
2025-07-15T22:14:30.6331031Z Resolving deltas:  81% (469/578)
2025-07-15T22:14:30.6334243Z Resolving deltas:  82% (474/578)
2025-07-15T22:14:30.6336001Z Resolving deltas:  83% (480/578)
2025-07-15T22:14:30.6347646Z Resolving deltas:  84% (486/578)
2025-07-15T22:14:30.6361860Z Resolving deltas:  85% (492/578)
2025-07-15T22:14:30.6365635Z Resolving deltas:  86% (499/578)
2025-07-15T22:14:30.6372665Z Resolving deltas:  87% (503/578)
2025-07-15T22:14:30.6383740Z Resolving deltas:  88% (509/578)
2025-07-15T22:14:30.6395489Z Resolving deltas:  89% (515/578)
2025-07-15T22:14:30.6398562Z Resolving deltas:  90% (521/578)
2025-07-15T22:14:30.6402717Z Resolving deltas:  91% (526/578)
2025-07-15T22:14:30.6404629Z Resolving deltas:  92% (532/578)
2025-07-15T22:14:30.6409222Z Resolving deltas:  93% (538/578)
2025-07-15T22:14:30.6412732Z Resolving deltas:  94% (544/578)
2025-07-15T22:14:30.6414018Z Resolving deltas:  95% (550/578)
2025-07-15T22:14:30.6415075Z Resolving deltas:  96% (555/578)
2025-07-15T22:14:30.6416119Z Resolving deltas:  97% (561/578)
2025-07-15T22:14:30.6417163Z Resolving deltas:  98% (567/578)
2025-07-15T22:14:30.6418256Z Resolving deltas:  99% (573/578)
2025-07-15T22:14:30.6419297Z Resolving deltas: 100% (578/578)
2025-07-15T22:14:30.6420602Z Resolving deltas: 100% (578/578), done.
2025-07-15T22:14:30.6604825Z From https://github.com/Dinesh-4/Devops
2025-07-15T22:14:30.6607095Z  * [new ref]         0d4a6a1282ff5d4db0ba85a693e848475b96299d -> origin/main
2025-07-15T22:14:30.6633709Z ##[endgroup]
2025-07-15T22:14:30.6635572Z ##[group]Determining the checkout info
2025-07-15T22:14:30.6637267Z ##[endgroup]
2025-07-15T22:14:30.6638859Z ##[group]Checking out the ref
2025-07-15T22:14:30.6640836Z [command]/usr/bin/git checkout --progress --force -B main refs/remotes/origin/main
2025-07-15T22:14:31.0135246Z Switched to a new branch 'main'
2025-07-15T22:14:31.0137169Z branch 'main' set up to track 'origin/main'.
2025-07-15T22:14:31.0155955Z ##[endgroup]
2025-07-15T22:14:31.0191202Z [command]/usr/bin/git log -1 --format='%H'
2025-07-15T22:14:31.0213526Z '0d4a6a1282ff5d4db0ba85a693e848475b96299d'
2025-07-15T22:14:31.0485313Z ##[group]Run actions/setup-python@v4
2025-07-15T22:14:31.0486361Z with:
2025-07-15T22:14:31.0487088Z   python-version: 3.10
2025-07-15T22:14:31.0487938Z   check-latest: false
2025-07-15T22:14:31.0489033Z   token: ***
2025-07-15T22:14:31.0489815Z   update-environment: true
2025-07-15T22:14:31.0490910Z   allow-prereleases: false
2025-07-15T22:14:31.0491845Z ##[endgroup]
2025-07-15T22:14:31.2221521Z ##[group]Installed versions
2025-07-15T22:14:31.2318874Z Successfully set up CPython (3.10.18)
2025-07-15T22:14:31.2321765Z ##[endgroup]
2025-07-15T22:14:31.2467763Z ##[group]Run python -m pip install --upgrade pip
2025-07-15T22:14:31.2469117Z [36;1mpython -m pip install --upgrade pip[0m
2025-07-15T22:14:31.2470320Z [36;1mpip install -r requirements.txt[0m
2025-07-15T22:14:31.2585843Z shell: /usr/bin/bash -e {0}
2025-07-15T22:14:31.2586753Z env:
2025-07-15T22:14:31.2587706Z   pythonLocation: /opt/hostedtoolcache/Python/3.10.18/x64
2025-07-15T22:14:31.2589333Z   PKG_CONFIG_PATH: /opt/hostedtoolcache/Python/3.10.18/x64/lib/pkgconfig
2025-07-15T22:14:31.2591187Z   Python_ROOT_DIR: /opt/hostedtoolcache/Python/3.10.18/x64
2025-07-15T22:14:31.2592619Z   Python2_ROOT_DIR: /opt/hostedtoolcache/Python/3.10.18/x64
2025-07-15T22:14:31.2594073Z   Python3_ROOT_DIR: /opt/hostedtoolcache/Python/3.10.18/x64
2025-07-15T22:14:31.2595537Z   LD_LIBRARY_PATH: /opt/hostedtoolcache/Python/3.10.18/x64/lib
2025-07-15T22:14:31.2596777Z ##[endgroup]
2025-07-15T22:14:33.6896645Z Requirement already satisfied: pip in /opt/hostedtoolcache/Python/3.10.18/x64/lib/python3.10/site-packages (25.1.1)
2025-07-15T22:14:34.3344967Z Collecting Flask==3.1.0 (from -r requirements.txt (line 1))
2025-07-15T22:14:34.3728546Z   Downloading flask-3.1.0-py3-none-any.whl.metadata (2.7 kB)
2025-07-15T22:14:34.3939446Z Collecting Flask-PyMongo==3.0.1 (from -r requirements.txt (line 2))
2025-07-15T22:14:34.3998386Z   Downloading flask_pymongo-3.0.1-py3-none-any.whl.metadata (3.5 kB)
2025-07-15T22:14:34.4565901Z Collecting pytest==8.2.1 (from -r requirements.txt (line 3))
2025-07-15T22:14:34.4669743Z   Downloading pytest-8.2.1-py3-none-any.whl.metadata (7.6 kB)
2025-07-15T22:14:34.4851787Z Collecting blinker==1.9.0 (from -r requirements.txt (line 4))
2025-07-15T22:14:34.4929846Z   Downloading blinker-1.9.0-py3-none-any.whl.metadata (1.6 kB)
2025-07-15T22:14:34.5193838Z Collecting certifi==2025.7.14 (from -r requirements.txt (line 5))
2025-07-15T22:14:34.5281198Z   Downloading certifi-2025.7.14-py3-none-any.whl.metadata (2.4 kB)
2025-07-15T22:14:34.6173018Z Collecting charset-normalizer==3.4.2 (from -r requirements.txt (line 6))
2025-07-15T22:14:34.6230610Z   Downloading charset_normalizer-3.4.2-cp310-cp310-manylinux_2_17_x86_64.manylinux2014_x86_64.whl.metadata (35 kB)
2025-07-15T22:14:34.6461581Z Collecting click==8.2.1 (from -r requirements.txt (line 7))
2025-07-15T22:14:34.6511317Z   Downloading click-8.2.1-py3-none-any.whl.metadata (2.5 kB)
2025-07-15T22:14:34.6688186Z Collecting dnspython==2.7.0 (from -r requirements.txt (line 8))
2025-07-15T22:14:34.6728802Z   Downloading dnspython-2.7.0-py3-none-any.whl.metadata (5.8 kB)
2025-07-15T22:14:34.6942394Z Collecting idna==3.10 (from -r requirements.txt (line 9))
2025-07-15T22:14:34.6991156Z   Downloading idna-3.10-py3-none-any.whl.metadata (10 kB)
2025-07-15T22:14:34.7141945Z Collecting itsdangerous==2.2.0 (from -r requirements.txt (line 10))
2025-07-15T22:14:34.7203778Z   Downloading itsdangerous-2.2.0-py3-none-any.whl.metadata (1.9 kB)
2025-07-15T22:14:34.7384163Z Collecting Jinja2==3.1.6 (from -r requirements.txt (line 11))
2025-07-15T22:14:34.7442029Z   Downloading jinja2-3.1.6-py3-none-any.whl.metadata (2.9 kB)
2025-07-15T22:14:34.8040544Z Collecting MarkupSafe==3.0.2 (from -r requirements.txt (line 12))
2025-07-15T22:14:34.8090264Z   Downloading MarkupSafe-3.0.2-cp310-cp310-manylinux_2_17_x86_64.manylinux2014_x86_64.whl.metadata (4.0 kB)
2025-07-15T22:14:34.8247999Z Collecting paho-mqtt==2.1.0 (from -r requirements.txt (line 13))
2025-07-15T22:14:34.8286494Z   Downloading paho_mqtt-2.1.0-py3-none-any.whl.metadata (23 kB)
2025-07-15T22:14:35.1651358Z Collecting pymongo==4.13.2 (from -r requirements.txt (line 14))
2025-07-15T22:14:35.1700079Z   Downloading pymongo-4.13.2-cp310-cp310-manylinux_2_17_x86_64.manylinux2014_x86_64.whl.metadata (22 kB)
2025-07-15T22:14:35.1985981Z Collecting python-dotenv==1.1.1 (from -r requirements.txt (line 15))
2025-07-15T22:14:35.2033684Z   Downloading python_dotenv-1.1.1-py3-none-any.whl.metadata (24 kB)
2025-07-15T22:14:35.2343646Z Collecting requests==2.32.4 (from -r requirements.txt (line 16))
2025-07-15T22:14:35.2443371Z   Downloading requests-2.32.4-py3-none-any.whl.metadata (4.9 kB)
2025-07-15T22:14:35.2746675Z Collecting urllib3==2.5.0 (from -r requirements.txt (line 17))
2025-07-15T22:14:35.2787858Z   Downloading urllib3-2.5.0-py3-none-any.whl.metadata (6.5 kB)
2025-07-15T22:14:35.3102502Z Collecting Werkzeug==3.1.3 (from -r requirements.txt (line 18))
2025-07-15T22:14:35.3141687Z   Downloading werkzeug-3.1.3-py3-none-any.whl.metadata (3.7 kB)
2025-07-15T22:14:35.3279053Z Collecting autodevops-cli==0.1.1 (from -r requirements.txt (line 19))
2025-07-15T22:14:35.3335317Z   Downloading autodevops_cli-0.1.1-py3-none-any.whl.metadata (494 bytes)
2025-07-15T22:14:35.3493978Z Collecting iniconfig==2.1.0 (from -r requirements.txt (line 20))
2025-07-15T22:14:35.3549216Z   Downloading iniconfig-2.1.0-py3-none-any.whl.metadata (2.7 kB)
2025-07-15T22:14:35.3734618Z Collecting loguru==0.7.3 (from -r requirements.txt (line 21))
2025-07-15T22:14:35.3778998Z   Downloading loguru-0.7.3-py3-none-any.whl.metadata (22 kB)
2025-07-15T22:14:35.4099229Z Collecting markdown-it-py==3.0.0 (from -r requirements.txt (line 22))
2025-07-15T22:14:35.4138671Z   Downloading markdown_it_py-3.0.0-py3-none-any.whl.metadata (6.9 kB)
2025-07-15T22:14:35.4352776Z Collecting mdurl==0.1.2 (from -r requirements.txt (line 23))
2025-07-15T22:14:35.4390005Z   Downloading mdurl-0.1.2-py3-none-any.whl.metadata (1.6 kB)
2025-07-15T22:14:35.4607285Z Collecting mongomock==4.3.0 (from -r requirements.txt (line 24))
2025-07-15T22:14:35.4648197Z   Downloading mongomock-4.3.0-py2.py3-none-any.whl.metadata (12 kB)
2025-07-15T22:14:35.4885133Z Collecting packaging==25.0 (from -r requirements.txt (line 25))
2025-07-15T22:14:35.4930777Z   Downloading packaging-25.0-py3-none-any.whl.metadata (3.3 kB)
2025-07-15T22:14:35.5092973Z Collecting pluggy==1.6.0 (from -r requirements.txt (line 26))
2025-07-15T22:14:35.5131830Z   Downloading pluggy-1.6.0-py3-none-any.whl.metadata (4.8 kB)
2025-07-15T22:14:35.5358883Z Collecting Pygments==2.19.2 (from -r requirements.txt (line 27))
2025-07-15T22:14:35.5396589Z   Downloading pygments-2.19.2-py3-none-any.whl.metadata (2.5 kB)
2025-07-15T22:14:35.5819680Z Collecting pytz==2025.2 (from -r requirements.txt (line 28))
2025-07-15T22:14:35.5873665Z   Downloading pytz-2025.2-py2.py3-none-any.whl.metadata (22 kB)
2025-07-15T22:14:35.6322131Z Collecting rich==14.0.0 (from -r requirements.txt (line 29))
2025-07-15T22:14:35.6366463Z   Downloading rich-14.0.0-py3-none-any.whl.metadata (18 kB)
2025-07-15T22:14:35.6700615Z Collecting sentinels==1.0.0 (from -r requirements.txt (line 30))
2025-07-15T22:14:35.6740841Z   Downloading sentinels-1.0.0.tar.gz (4.1 kB)
2025-07-15T22:14:35.7889159Z   Installing build dependencies: started
2025-07-15T22:14:36.6457278Z   Installing build dependencies: finished with status 'done'
2025-07-15T22:14:36.6465579Z   Getting requirements to build wheel: started
2025-07-15T22:14:37.0266006Z   Getting requirements to build wheel: finished with status 'done'
2025-07-15T22:14:37.0275683Z   Preparing metadata (pyproject.toml): started
2025-07-15T22:14:37.2048598Z   Preparing metadata (pyproject.toml): finished with status 'done'
2025-07-15T22:14:37.2237217Z Collecting sh==2.2.2 (from -r requirements.txt (line 31))
2025-07-15T22:14:37.2291241Z   Downloading sh-2.2.2-py3-none-any.whl.metadata (3.7 kB)
2025-07-15T22:14:37.2794064Z Collecting exceptiongroup>=1.0.0rc8 (from pytest==8.2.1->-r requirements.txt (line 3))
2025-07-15T22:14:37.2900790Z   Downloading exceptiongroup-1.3.0-py3-none-any.whl.metadata (6.7 kB)
2025-07-15T22:14:37.3099524Z Collecting tomli>=1 (from pytest==8.2.1->-r requirements.txt (line 3))
2025-07-15T22:14:37.3138433Z   Downloading tomli-2.2.1-py3-none-any.whl.metadata (10 kB)
2025-07-15T22:14:37.3902270Z Collecting typing-extensions<5.0,>=4.0.0 (from rich==14.0.0->-r requirements.txt (line 29))
2025-07-15T22:14:37.3943523Z   Downloading typing_extensions-4.14.1-py3-none-any.whl.metadata (3.0 kB)
2025-07-15T22:14:37.4149177Z Downloading flask-3.1.0-py3-none-any.whl (102 kB)
2025-07-15T22:14:37.4257501Z Downloading flask_pymongo-3.0.1-py3-none-any.whl (11 kB)
2025-07-15T22:14:37.4333804Z Downloading pytest-8.2.1-py3-none-any.whl (339 kB)
2025-07-15T22:14:37.4481806Z Downloading pluggy-1.6.0-py3-none-any.whl (20 kB)
2025-07-15T22:14:37.4547102Z Downloading blinker-1.9.0-py3-none-any.whl (8.5 kB)
2025-07-15T22:14:37.4608834Z Downloading certifi-2025.7.14-py3-none-any.whl (162 kB)
2025-07-15T22:14:37.4766809Z Downloading charset_normalizer-3.4.2-cp310-cp310-manylinux_2_17_x86_64.manylinux2014_x86_64.whl (149 kB)
2025-07-15T22:14:37.4854509Z Downloading click-8.2.1-py3-none-any.whl (102 kB)
2025-07-15T22:14:37.4919002Z Downloading dnspython-2.7.0-py3-none-any.whl (313 kB)
2025-07-15T22:14:37.5038316Z Downloading idna-3.10-py3-none-any.whl (70 kB)
2025-07-15T22:14:37.5106985Z Downloading itsdangerous-2.2.0-py3-none-any.whl (16 kB)
2025-07-15T22:14:37.5172641Z Downloading jinja2-3.1.6-py3-none-any.whl (134 kB)
2025-07-15T22:14:37.5256852Z Downloading MarkupSafe-3.0.2-cp310-cp310-manylinux_2_17_x86_64.manylinux2014_x86_64.whl (20 kB)
2025-07-15T22:14:37.5320124Z Downloading paho_mqtt-2.1.0-py3-none-any.whl (67 kB)
2025-07-15T22:14:37.5395734Z Downloading pymongo-4.13.2-cp310-cp310-manylinux_2_17_x86_64.manylinux2014_x86_64.whl (1.2 MB)
2025-07-15T22:14:37.5636427Z    ━━━━━━━━━━━━━━━━━━━━━━━━━━━━━━━━━━━━━━━━ 1.2/1.2 MB 53.0 MB/s eta 0:00:00
2025-07-15T22:14:37.5679502Z Downloading python_dotenv-1.1.1-py3-none-any.whl (20 kB)
2025-07-15T22:14:37.5745823Z Downloading requests-2.32.4-py3-none-any.whl (64 kB)
2025-07-15T22:14:37.5813748Z Downloading urllib3-2.5.0-py3-none-any.whl (129 kB)
2025-07-15T22:14:37.5896969Z Downloading werkzeug-3.1.3-py3-none-any.whl (224 kB)
2025-07-15T22:14:37.6004289Z Downloading autodevops_cli-0.1.1-py3-none-any.whl (4.1 kB)
2025-07-15T22:14:37.6065393Z Downloading iniconfig-2.1.0-py3-none-any.whl (6.0 kB)
2025-07-15T22:14:37.6127821Z Downloading loguru-0.7.3-py3-none-any.whl (61 kB)
2025-07-15T22:14:37.6207631Z Downloading markdown_it_py-3.0.0-py3-none-any.whl (87 kB)
2025-07-15T22:14:37.6272395Z Downloading mdurl-0.1.2-py3-none-any.whl (10.0 kB)
2025-07-15T22:14:37.6337380Z Downloading mongomock-4.3.0-py2.py3-none-any.whl (64 kB)
2025-07-15T22:14:37.6400687Z Downloading packaging-25.0-py3-none-any.whl (66 kB)
2025-07-15T22:14:37.6469380Z Downloading pygments-2.19.2-py3-none-any.whl (1.2 MB)
2025-07-15T22:14:37.6655979Z    ━━━━━━━━━━━━━━━━━━━━━━━━━━━━━━━━━━━━━━━━ 1.2/1.2 MB 68.9 MB/s eta 0:00:00
2025-07-15T22:14:37.6700644Z Downloading pytz-2025.2-py2.py3-none-any.whl (509 kB)
2025-07-15T22:14:37.6807842Z Downloading rich-14.0.0-py3-none-any.whl (243 kB)
2025-07-15T22:14:37.6880747Z Downloading sh-2.2.2-py3-none-any.whl (38 kB)
2025-07-15T22:14:37.6952523Z Downloading typing_extensions-4.14.1-py3-none-any.whl (43 kB)
2025-07-15T22:14:37.7034391Z Downloading exceptiongroup-1.3.0-py3-none-any.whl (16 kB)
2025-07-15T22:14:37.7099701Z Downloading tomli-2.2.1-py3-none-any.whl (14 kB)
2025-07-15T22:14:37.7462008Z Building wheels for collected packages: sentinels
2025-07-15T22:14:37.7471434Z   Building wheel for sentinels (pyproject.toml): started
2025-07-15T22:14:37.9474412Z   Building wheel for sentinels (pyproject.toml): finished with status 'done'
2025-07-15T22:14:37.9480065Z   Created wheel for sentinels: filename=sentinels-1.0.0-py3-none-any.whl size=3229 sha256=408d6ed234012bb05ceddc80b6ededbf354e082a1f6287553ba60adf8d855ed5
2025-07-15T22:14:37.9482019Z   Stored in directory: /home/runner/.cache/pip/wheels/26/bc/eb/67e56405e0684b3d8c011cf4d18129c41be394775fd5ba2347
2025-07-15T22:14:37.9497402Z Successfully built sentinels
2025-07-15T22:14:38.0254959Z Installing collected packages: sentinels, pytz, urllib3, typing-extensions, tomli, sh, python-dotenv, Pygments, pluggy, paho-mqtt, packaging, mdurl, MarkupSafe, loguru, itsdangerous, iniconfig, idna, dnspython, click, charset-normalizer, certifi, blinker, Werkzeug, requests, pymongo, mongomock, markdown-it-py, Jinja2, exceptiongroup, rich, pytest, Flask, Flask-PyMongo, autodevops-cli
2025-07-15T22:14:40.5265157Z 
2025-07-15T22:14:40.5324877Z Successfully installed Flask-3.1.0 Flask-PyMongo-3.0.1 Jinja2-3.1.6 MarkupSafe-3.0.2 Pygments-2.19.2 Werkzeug-3.1.3 autodevops-cli-0.1.1 blinker-1.9.0 certifi-2025.7.14 charset-normalizer-3.4.2 click-8.2.1 dnspython-2.7.0 exceptiongroup-1.3.0 idna-3.10 iniconfig-2.1.0 itsdangerous-2.2.0 loguru-0.7.3 markdown-it-py-3.0.0 mdurl-0.1.2 mongomock-4.3.0 packaging-25.0 paho-mqtt-2.1.0 pluggy-1.6.0 pymongo-4.13.2 pytest-8.2.1 python-dotenv-1.1.1 pytz-2025.2 requests-2.32.4 rich-14.0.0 sentinels-1.0.0 sh-2.2.2 tomli-2.2.1 typing-extensions-4.14.1 urllib3-2.5.0
2025-07-15T22:14:40.6606788Z ##[group]Run export PYTHONPATH=.
2025-07-15T22:14:40.6607120Z [36;1mexport PYTHONPATH=.[0m
2025-07-15T22:14:40.6607359Z [36;1mpytest test_main.py -v[0m
2025-07-15T22:14:40.6635228Z shell: /usr/bin/bash -e {0}
2025-07-15T22:14:40.6635450Z env:
2025-07-15T22:14:40.6635711Z   pythonLocation: /opt/hostedtoolcache/Python/3.10.18/x64
2025-07-15T22:14:40.6636121Z   PKG_CONFIG_PATH: /opt/hostedtoolcache/Python/3.10.18/x64/lib/pkgconfig
2025-07-15T22:14:40.6636505Z   Python_ROOT_DIR: /opt/hostedtoolcache/Python/3.10.18/x64
2025-07-15T22:14:40.6636851Z   Python2_ROOT_DIR: /opt/hostedtoolcache/Python/3.10.18/x64
2025-07-15T22:14:40.6637228Z   Python3_ROOT_DIR: /opt/hostedtoolcache/Python/3.10.18/x64
2025-07-15T22:14:40.6637579Z   LD_LIBRARY_PATH: /opt/hostedtoolcache/Python/3.10.18/x64/lib
2025-07-15T22:14:40.6637870Z ##[endgroup]
2025-07-15T22:14:41.0384468Z ============================= test session starts ==============================
2025-07-15T22:14:41.0385724Z platform linux -- Python 3.10.18, pytest-8.2.1, pluggy-1.6.0 -- /opt/hostedtoolcache/Python/3.10.18/x64/bin/python
2025-07-15T22:14:41.0386549Z cachedir: .pytest_cache
2025-07-15T22:14:41.0386962Z rootdir: /home/runner/work/Devops/Devops
2025-07-15T22:14:41.3429678Z collecting ... collected 7 items
2025-07-15T22:14:41.3430053Z 
2025-07-15T22:14:41.3561496Z test_main.py::test_home_page PASSED                                      [ 14%]
2025-07-15T22:14:41.3711157Z test_main.py::test_admin_dashboard PASSED                                [ 28%]
2025-07-15T22:14:41.3774204Z test_main.py::test_student_dashboard PASSED                              [ 42%]
2025-07-15T22:14:41.3816822Z test_main.py::test_generate_attendance_no_input PASSED                   [ 57%]
2025-07-15T22:14:41.3859571Z test_main.py::test_student_generate_attendance_invalid PASSED            [ 71%]
2025-07-15T22:14:41.3919751Z test_main.py::test_register_user_get PASSED                              [ 85%]
2025-07-15T22:14:41.3978113Z test_main.py::test_receive_rfid_missing PASSED                           [100%]
2025-07-15T22:14:41.3978431Z 
2025-07-15T22:14:41.3978569Z ============================== 7 passed in 0.36s ===============================
2025-07-15T22:14:41.4411754Z ##[group]Run docker/login-action@v3
2025-07-15T22:14:41.4412012Z with:
2025-07-15T22:14:41.4412488Z   username: ***
2025-07-15T22:14:41.4412731Z   password: ***
2025-07-15T22:14:41.4412905Z   ecr: auto
2025-07-15T22:14:41.4413069Z   logout: true
2025-07-15T22:14:41.4413232Z env:
2025-07-15T22:14:41.4413461Z   pythonLocation: /opt/hostedtoolcache/Python/3.10.18/x64
2025-07-15T22:14:41.4413870Z   PKG_CONFIG_PATH: /opt/hostedtoolcache/Python/3.10.18/x64/lib/pkgconfig
2025-07-15T22:14:41.4414269Z   Python_ROOT_DIR: /opt/hostedtoolcache/Python/3.10.18/x64
2025-07-15T22:14:41.4414612Z   Python2_ROOT_DIR: /opt/hostedtoolcache/Python/3.10.18/x64
2025-07-15T22:14:41.4414962Z   Python3_ROOT_DIR: /opt/hostedtoolcache/Python/3.10.18/x64
2025-07-15T22:14:41.4415310Z   LD_LIBRARY_PATH: /opt/hostedtoolcache/Python/3.10.18/x64/lib
2025-07-15T22:14:41.4415600Z ##[endgroup]
2025-07-15T22:14:41.7256312Z Logging into Docker Hub...
2025-07-15T22:14:42.0832946Z Login Succeeded!
2025-07-15T22:14:42.0951511Z ##[group]Run docker build -t ***/flask-ci-cd-demo .
2025-07-15T22:14:42.0951981Z [36;1mdocker build -t ***/flask-ci-cd-demo .[0m
2025-07-15T22:14:42.0979670Z shell: /usr/bin/bash -e {0}
2025-07-15T22:14:42.0979901Z env:
2025-07-15T22:14:42.0980146Z   pythonLocation: /opt/hostedtoolcache/Python/3.10.18/x64
2025-07-15T22:14:42.0980768Z   PKG_CONFIG_PATH: /opt/hostedtoolcache/Python/3.10.18/x64/lib/pkgconfig
2025-07-15T22:14:42.0981187Z   Python_ROOT_DIR: /opt/hostedtoolcache/Python/3.10.18/x64
2025-07-15T22:14:42.0981537Z   Python2_ROOT_DIR: /opt/hostedtoolcache/Python/3.10.18/x64
2025-07-15T22:14:42.0981879Z   Python3_ROOT_DIR: /opt/hostedtoolcache/Python/3.10.18/x64
2025-07-15T22:14:42.0982229Z   LD_LIBRARY_PATH: /opt/hostedtoolcache/Python/3.10.18/x64/lib
2025-07-15T22:14:42.0982521Z ##[endgroup]
2025-07-15T22:14:42.7033297Z #0 building with "default" instance using docker driver
2025-07-15T22:14:42.7033868Z 
2025-07-15T22:14:42.7034290Z #1 [internal] load build definition from Dockerfile
2025-07-15T22:14:42.7035051Z #1 transferring dockerfile: 798B done
2025-07-15T22:14:42.7035570Z #1 DONE 0.0s
2025-07-15T22:14:42.7035832Z 
2025-07-15T22:14:42.7036185Z #2 [auth] library/python:pull token for registry-1.docker.io
2025-07-15T22:14:42.7036889Z #2 DONE 0.0s
2025-07-15T22:14:42.7037101Z 
2025-07-15T22:14:42.7037495Z #3 [internal] load metadata for docker.io/library/python:3.10-slim
2025-07-15T22:14:42.9216091Z #3 DONE 0.4s
2025-07-15T22:14:43.0479832Z 
2025-07-15T22:14:43.0481767Z #4 [internal] load .dockerignore
2025-07-15T22:14:43.0485265Z #4 transferring context: 2B done
2025-07-15T22:14:43.0485815Z #4 DONE 0.0s
2025-07-15T22:14:43.0486005Z 
2025-07-15T22:14:43.0486616Z #5 [1/6] FROM docker.io/library/python:3.10-slim@sha256:9dd6774a1276178f94b0cc1fb1f0edd980825d0ea7634847af9940b1b6273c13
2025-07-15T22:14:43.0488147Z #5 resolve docker.io/library/python:3.10-slim@sha256:9dd6774a1276178f94b0cc1fb1f0edd980825d0ea7634847af9940b1b6273c13 done
2025-07-15T22:14:43.0490087Z #5 sha256:563dffbdc42507a70677ee28b4bb678ad9074e3c9f75e3043523a38dcdf4f553 5.37kB / 5.37kB done
2025-07-15T22:14:43.0491340Z #5 sha256:3da95a905ed546f99c4564407923a681757d89651a388ec3f1f5e9bf5ed0b39d 0B / 28.23MB 0.1s
2025-07-15T22:14:43.0492322Z #5 sha256:0ebcc011f0ec7a9a900f7366b104730396a59032e64f04f3867a75f25ed48280 0B / 3.51MB 0.1s
2025-07-15T22:14:43.0493050Z #5 sha256:92d63ec5cbeb1348bad42929919fd8e78f38d96e388b5509d2929d76ddafb48e 0B / 15.65MB 0.1s
2025-07-15T22:14:43.0519198Z #5 sha256:9dd6774a1276178f94b0cc1fb1f0edd980825d0ea7634847af9940b1b6273c13 9.13kB / 9.13kB done
2025-07-15T22:14:43.0520638Z #5 sha256:c5dbd5ba857839a0aa9db765ea519c1514a40da811b4cf08c852b72fab4379d5 1.75kB / 1.75kB done
2025-07-15T22:14:43.1502037Z #5 sha256:3da95a905ed546f99c4564407923a681757d89651a388ec3f1f5e9bf5ed0b39d 2.10MB / 28.23MB 0.2s
2025-07-15T22:14:43.1506611Z #5 sha256:0ebcc011f0ec7a9a900f7366b104730396a59032e64f04f3867a75f25ed48280 3.51MB / 3.51MB 0.2s done
2025-07-15T22:14:43.1508058Z #5 sha256:92d63ec5cbeb1348bad42929919fd8e78f38d96e388b5509d2929d76ddafb48e 14.68MB / 15.65MB 0.2s
2025-07-15T22:14:43.1510539Z #5 sha256:64b78282ca88b226c404cb8dfdee72b75eea52c9ac7380c0439b6e03992e483f 0B / 248B 0.2s
2025-07-15T22:14:43.2503715Z #5 sha256:3da95a905ed546f99c4564407923a681757d89651a388ec3f1f5e9bf5ed0b39d 8.39MB / 28.23MB 0.3s
2025-07-15T22:14:43.2506980Z #5 sha256:92d63ec5cbeb1348bad42929919fd8e78f38d96e388b5509d2929d76ddafb48e 15.65MB / 15.65MB 0.2s done
2025-07-15T22:14:43.2509126Z #5 sha256:64b78282ca88b226c404cb8dfdee72b75eea52c9ac7380c0439b6e03992e483f 248B / 248B 0.2s done
2025-07-15T22:14:43.3994054Z #5 sha256:3da95a905ed546f99c4564407923a681757d89651a388ec3f1f5e9bf5ed0b39d 28.23MB / 28.23MB 0.4s
2025-07-15T22:14:43.3995444Z #5 extracting sha256:3da95a905ed546f99c4564407923a681757d89651a388ec3f1f5e9bf5ed0b39d
2025-07-15T22:14:43.5005329Z #5 sha256:3da95a905ed546f99c4564407923a681757d89651a388ec3f1f5e9bf5ed0b39d 28.23MB / 28.23MB 0.4s done
2025-07-15T22:14:43.6024251Z #5 ...
2025-07-15T22:14:43.6024489Z 
2025-07-15T22:14:43.6024975Z #6 [internal] load build context
2025-07-15T22:14:43.6025453Z #6 transferring context: 64.96MB 0.6s done
2025-07-15T22:14:43.6026091Z #6 DONE 0.6s
2025-07-15T22:14:43.6026317Z 
2025-07-15T22:14:43.6026901Z #5 [1/6] FROM docker.io/library/python:3.10-slim@sha256:9dd6774a1276178f94b0cc1fb1f0edd980825d0ea7634847af9940b1b6273c13
2025-07-15T22:14:44.4728047Z #5 extracting sha256:3da95a905ed546f99c4564407923a681757d89651a388ec3f1f5e9bf5ed0b39d 1.1s done
2025-07-15T22:14:44.6184432Z #5 extracting sha256:0ebcc011f0ec7a9a900f7366b104730396a59032e64f04f3867a75f25ed48280 0.1s
2025-07-15T22:14:44.7741202Z #5 extracting sha256:0ebcc011f0ec7a9a900f7366b104730396a59032e64f04f3867a75f25ed48280 0.1s done
2025-07-15T22:14:45.0955007Z #5 extracting sha256:92d63ec5cbeb1348bad42929919fd8e78f38d96e388b5509d2929d76ddafb48e
2025-07-15T22:14:45.7979753Z #5 extracting sha256:92d63ec5cbeb1348bad42929919fd8e78f38d96e388b5509d2929d76ddafb48e 0.6s done
2025-07-15T22:14:45.7982391Z #5 extracting sha256:64b78282ca88b226c404cb8dfdee72b75eea52c9ac7380c0439b6e03992e483f
2025-07-15T22:14:45.9776610Z #5 extracting sha256:64b78282ca88b226c404cb8dfdee72b75eea52c9ac7380c0439b6e03992e483f done
2025-07-15T22:14:45.9777190Z #5 DONE 2.9s
2025-07-15T22:14:45.9777313Z 
2025-07-15T22:14:45.9777778Z #7 [2/6] RUN apt-get update &&     apt-get install -y --no-install-recommends     build-essential     curl     nano     git     && rm -rf /var/lib/apt/lists/*
2025-07-15T22:14:45.9935174Z #7 0.166 Get:1 http://deb.debian.org/debian bookworm InRelease [151 kB]
2025-07-15T22:14:46.1056130Z #7 0.176 Get:2 http://deb.debian.org/debian bookworm-updates InRelease [55.4 kB]
2025-07-15T22:14:46.1057051Z #7 0.177 Get:3 http://deb.debian.org/debian-security bookworm-security InRelease [48.0 kB]
2025-07-15T22:14:46.1057916Z #7 0.231 Get:4 http://deb.debian.org/debian bookworm/main amd64 Packages [8793 kB]
2025-07-15T22:14:46.1058738Z #7 0.278 Get:5 http://deb.debian.org/debian bookworm-updates/main amd64 Packages [756 B]
2025-07-15T22:14:46.3000892Z #7 0.322 Get:6 http://deb.debian.org/debian-security bookworm-security/main amd64 Packages [272 kB]
2025-07-15T22:14:46.8477123Z #7 1.020 Fetched 9320 kB in 1s (10.7 MB/s)
2025-07-15T22:14:47.2113490Z #7 1.020 Reading package lists...
2025-07-15T22:14:47.5999550Z #7 1.402 Reading package lists...
2025-07-15T22:14:47.7739804Z #7 1.782 Building dependency tree...
2025-07-15T22:14:47.7740972Z #7 1.859 Reading state information...
2025-07-15T22:14:47.7741756Z #7 1.946 The following additional packages will be installed:
2025-07-15T22:14:47.7742880Z #7 1.946   binutils binutils-common binutils-x86-64-linux-gnu bzip2 cpp cpp-12 dpkg-dev
2025-07-15T22:14:47.7743835Z #7 1.946   g++ g++-12 gcc gcc-12 git-man libasan8 libatomic1 libbinutils libbrotli1
2025-07-15T22:14:47.9254863Z #7 1.947   libc-dev-bin libc6-dev libcc1-0 libcrypt-dev libctf-nobfd0 libctf0
2025-07-15T22:14:47.9256077Z #7 1.947   libcurl3-gnutls libcurl4 libdpkg-perl liberror-perl libexpat1 libgcc-12-dev
2025-07-15T22:14:47.9257048Z #7 1.947   libgdbm-compat4 libgomp1 libgprofng0 libisl23 libitm1 libjansson4
2025-07-15T22:14:47.9257903Z #7 1.947   libldap-2.5-0 liblsan0 libmpc3 libmpfr6 libnghttp2-14 libnsl-dev libperl5.36
2025-07-15T22:14:47.9259152Z #7 1.947   libpsl5 libquadmath0 librtmp1 libsasl2-2 libsasl2-modules-db libssh2-1
2025-07-15T22:14:47.9260024Z #7 1.947   libstdc++-12-dev libtirpc-dev libtsan2 libubsan1 linux-libc-dev make patch
2025-07-15T22:14:47.9261001Z #7 1.947   perl perl-modules-5.36 rpcsvc-proto xz-utils
2025-07-15T22:14:47.9261489Z #7 1.948 Suggested packages:
2025-07-15T22:14:47.9262082Z #7 1.948   binutils-doc bzip2-doc cpp-doc gcc-12-locales cpp-12-doc debian-keyring
2025-07-15T22:14:47.9262922Z #7 1.948   g++-multilib g++-12-multilib gcc-12-doc gcc-multilib manpages-dev autoconf
2025-07-15T22:14:47.9263754Z #7 1.948   automake libtool flex bison gdb gcc-doc gcc-12-multilib gettext-base
2025-07-15T22:14:47.9264593Z #7 1.948   git-daemon-run | git-daemon-sysvinit git-doc git-email git-gui gitk gitweb
2025-07-15T22:14:47.9265716Z #7 1.948   git-cvs git-mediawiki git-svn glibc-doc gnupg | sq | sqop | pgpainless-cli
2025-07-15T22:14:47.9266570Z #7 1.948   sensible-utils bzr libstdc++-12-doc make-doc hunspell ed diffutils-doc
2025-07-15T22:14:47.9267398Z #7 1.948   perl-doc libterm-readline-gnu-perl | libterm-readline-perl-perl
2025-07-15T22:14:47.9268030Z #7 1.948   libtap-harness-archive-perl
2025-07-15T22:14:47.9268477Z #7 1.948 Recommended packages:
2025-07-15T22:14:47.9269056Z #7 1.948   fakeroot gnupg | sq | sqop | pgpainless-cli libalgorithm-merge-perl less
2025-07-15T22:14:47.9269893Z #7 1.948   ssh-client manpages manpages-dev libc-devtools libfile-fcntllock-perl
2025-07-15T22:14:47.9270892Z #7 1.948   liblocale-gettext-perl libldap-common publicsuffix libsasl2-modules
2025-07-15T22:14:48.0166386Z #7 2.189 The following NEW packages will be installed:
2025-07-15T22:14:48.0167410Z #7 2.189   binutils binutils-common binutils-x86-64-linux-gnu build-essential bzip2 cpp
2025-07-15T22:14:48.1229589Z #7 2.190   cpp-12 curl dpkg-dev g++ g++-12 gcc gcc-12 git git-man libasan8 libatomic1
2025-07-15T22:14:48.1231091Z #7 2.190   libbinutils libbrotli1 libc-dev-bin libc6-dev libcc1-0 libcrypt-dev
2025-07-15T22:14:48.1231969Z #7 2.190   libctf-nobfd0 libctf0 libcurl3-gnutls libcurl4 libdpkg-perl liberror-perl
2025-07-15T22:14:48.1232933Z #7 2.190   libexpat1 libgcc-12-dev libgdbm-compat4 libgomp1 libgprofng0 libisl23
2025-07-15T22:14:48.1233738Z #7 2.190   libitm1 libjansson4 libldap-2.5-0 liblsan0 libmpc3 libmpfr6 libnghttp2-14
2025-07-15T22:14:48.1235749Z #7 2.190   libnsl-dev libperl5.36 libpsl5 libquadmath0 librtmp1 libsasl2-2
2025-07-15T22:14:48.1237010Z #7 2.190   libsasl2-modules-db libssh2-1 libstdc++-12-dev libtirpc-dev libtsan2
2025-07-15T22:14:48.1237531Z #7 2.190   libubsan1 linux-libc-dev make nano patch perl perl-modules-5.36 rpcsvc-proto
2025-07-15T22:14:48.1237901Z #7 2.190   xz-utils
2025-07-15T22:14:48.1238175Z #7 2.216 0 upgraded, 62 newly installed, 0 to remove and 0 not upgraded.
2025-07-15T22:14:48.1238518Z #7 2.216 Need to get 85.7 MB of archives.
2025-07-15T22:14:48.1238851Z #7 2.216 After this operation, 370 MB of additional disk space will be used.
2025-07-15T22:14:48.1239400Z #7 2.216 Get:1 http://deb.debian.org/debian bookworm/main amd64 perl-modules-5.36 all 5.36.0-7+deb12u2 [2815 kB]
2025-07-15T22:14:48.1240025Z #7 2.236 Get:2 http://deb.debian.org/debian bookworm/main amd64 libgdbm-compat4 amd64 1.23-3 [48.2 kB]
2025-07-15T22:14:48.1240926Z #7 2.236 Get:3 http://deb.debian.org/debian bookworm/main amd64 libperl5.36 amd64 5.36.0-7+deb12u2 [4207 kB]
2025-07-15T22:14:48.1241494Z #7 2.251 Get:4 http://deb.debian.org/debian bookworm/main amd64 perl amd64 5.36.0-7+deb12u2 [239 kB]
2025-07-15T22:14:48.1242032Z #7 2.252 Get:5 http://deb.debian.org/debian bookworm/main amd64 nano amd64 7.2-1+deb12u1 [690 kB]
2025-07-15T22:14:48.1242559Z #7 2.255 Get:6 http://deb.debian.org/debian bookworm/main amd64 bzip2 amd64 1.0.8-5+b1 [49.8 kB]
2025-07-15T22:14:48.1243075Z #7 2.255 Get:7 http://deb.debian.org/debian bookworm/main amd64 xz-utils amd64 5.4.1-1 [471 kB]
2025-07-15T22:14:48.1244776Z #7 2.257 Get:8 http://deb.debian.org/debian bookworm/main amd64 binutils-common amd64 2.40-2 [2487 kB]
2025-07-15T22:14:48.1245670Z #7 2.266 Get:9 http://deb.debian.org/debian bookworm/main amd64 libbinutils amd64 2.40-2 [572 kB]
2025-07-15T22:14:48.1246251Z #7 2.268 Get:10 http://deb.debian.org/debian bookworm/main amd64 libctf-nobfd0 amd64 2.40-2 [153 kB]
2025-07-15T22:14:48.1246787Z #7 2.269 Get:11 http://deb.debian.org/debian bookworm/main amd64 libctf0 amd64 2.40-2 [89.8 kB]
2025-07-15T22:14:48.1248083Z #7 2.270 Get:12 http://deb.debian.org/debian bookworm/main amd64 libgprofng0 amd64 2.40-2 [812 kB]
2025-07-15T22:14:48.1248653Z #7 2.273 Get:13 http://deb.debian.org/debian bookworm/main amd64 libjansson4 amd64 2.14-2 [40.8 kB]
2025-07-15T22:14:48.1249799Z #7 2.273 Get:14 http://deb.debian.org/debian bookworm/main amd64 binutils-x86-64-linux-gnu amd64 2.40-2 [2246 kB]
2025-07-15T22:14:48.1251663Z #7 2.281 Get:15 http://deb.debian.org/debian bookworm/main amd64 binutils amd64 2.40-2 [65.0 kB]
2025-07-15T22:14:48.1252281Z #7 2.282 Get:16 http://deb.debian.org/debian bookworm/main amd64 libc-dev-bin amd64 2.36-9+deb12u10 [47.1 kB]
2025-07-15T22:14:48.1252949Z #7 2.282 Get:17 http://deb.debian.org/debian-security bookworm-security/main amd64 linux-libc-dev amd64 6.1.140-1 [2145 kB]
2025-07-15T22:14:48.1253576Z #7 2.286 Get:18 http://deb.debian.org/debian bookworm/main amd64 libcrypt-dev amd64 1:4.4.33-2 [118 kB]
2025-07-15T22:14:48.1255972Z #7 2.287 Get:19 http://deb.debian.org/debian bookworm/main amd64 libtirpc-dev amd64 1.3.3+ds-1 [191 kB]
2025-07-15T22:14:48.1258808Z #7 2.288 Get:20 http://deb.debian.org/debian bookworm/main amd64 libnsl-dev amd64 1.3.0-2 [66.4 kB]
2025-07-15T22:14:48.1259456Z #7 2.288 Get:21 http://deb.debian.org/debian bookworm/main amd64 rpcsvc-proto amd64 1.4.3-1 [63.3 kB]
2025-07-15T22:14:48.1260110Z #7 2.289 Get:22 http://deb.debian.org/debian bookworm/main amd64 libc6-dev amd64 2.36-9+deb12u10 [1903 kB]
2025-07-15T22:14:48.1260792Z #7 2.296 Get:23 http://deb.debian.org/debian bookworm/main amd64 libisl23 amd64 0.25-1.1 [683 kB]
2025-07-15T22:14:48.2623757Z #7 2.299 Get:24 http://deb.debian.org/debian bookworm/main amd64 libmpfr6 amd64 4.2.0-1 [701 kB]
2025-07-15T22:14:48.2625570Z #7 2.301 Get:25 http://deb.debian.org/debian bookworm/main amd64 libmpc3 amd64 1.3.1-1 [51.5 kB]
2025-07-15T22:14:48.2626761Z #7 2.302 Get:26 http://deb.debian.org/debian bookworm/main amd64 cpp-12 amd64 12.2.0-14+deb12u1 [9768 kB]
2025-07-15T22:14:48.2627972Z #7 2.336 Get:27 http://deb.debian.org/debian bookworm/main amd64 cpp amd64 4:12.2.0-3 [6836 B]
2025-07-15T22:14:48.2629727Z #7 2.336 Get:28 http://deb.debian.org/debian bookworm/main amd64 libcc1-0 amd64 12.2.0-14+deb12u1 [41.7 kB]
2025-07-15T22:14:48.2631012Z #7 2.336 Get:29 http://deb.debian.org/debian bookworm/main amd64 libgomp1 amd64 12.2.0-14+deb12u1 [116 kB]
2025-07-15T22:14:48.2632042Z #7 2.337 Get:30 http://deb.debian.org/debian bookworm/main amd64 libitm1 amd64 12.2.0-14+deb12u1 [26.1 kB]
2025-07-15T22:14:48.2633086Z #7 2.337 Get:31 http://deb.debian.org/debian bookworm/main amd64 libatomic1 amd64 12.2.0-14+deb12u1 [9376 B]
2025-07-15T22:14:48.2634126Z #7 2.338 Get:32 http://deb.debian.org/debian bookworm/main amd64 libasan8 amd64 12.2.0-14+deb12u1 [2193 kB]
2025-07-15T22:14:48.2635091Z #7 2.346 Get:33 http://deb.debian.org/debian bookworm/main amd64 liblsan0 amd64 12.2.0-14+deb12u1 [969 kB]
2025-07-15T22:14:48.2636110Z #7 2.349 Get:34 http://deb.debian.org/debian bookworm/main amd64 libtsan2 amd64 12.2.0-14+deb12u1 [2197 kB]
2025-07-15T22:14:48.2637084Z #7 2.357 Get:35 http://deb.debian.org/debian bookworm/main amd64 libubsan1 amd64 12.2.0-14+deb12u1 [883 kB]
2025-07-15T22:14:48.2638104Z #7 2.360 Get:36 http://deb.debian.org/debian bookworm/main amd64 libquadmath0 amd64 12.2.0-14+deb12u1 [145 kB]
2025-07-15T22:14:48.2639139Z #7 2.361 Get:37 http://deb.debian.org/debian bookworm/main amd64 libgcc-12-dev amd64 12.2.0-14+deb12u1 [2437 kB]
2025-07-15T22:14:48.2640185Z #7 2.370 Get:38 http://deb.debian.org/debian bookworm/main amd64 gcc-12 amd64 12.2.0-14+deb12u1 [19.3 MB]
2025-07-15T22:14:48.2641343Z #7 2.435 Get:39 http://deb.debian.org/debian bookworm/main amd64 gcc amd64 4:12.2.0-3 [5216 B]
2025-07-15T22:14:48.4592879Z #7 2.435 Get:40 http://deb.debian.org/debian bookworm/main amd64 libstdc++-12-dev amd64 12.2.0-14+deb12u1 [2047 kB]
2025-07-15T22:14:48.4594029Z #7 2.443 Get:41 http://deb.debian.org/debian bookworm/main amd64 g++-12 amd64 12.2.0-14+deb12u1 [10.7 MB]
2025-07-15T22:14:48.4594987Z #7 2.479 Get:42 http://deb.debian.org/debian bookworm/main amd64 g++ amd64 4:12.2.0-3 [1356 B]
2025-07-15T22:14:48.4595781Z #7 2.479 Get:43 http://deb.debian.org/debian bookworm/main amd64 make amd64 4.3-4.1 [396 kB]
2025-07-15T22:14:48.4596377Z #7 2.481 Get:44 http://deb.debian.org/debian bookworm/main amd64 libdpkg-perl all 1.21.22 [603 kB]
2025-07-15T22:14:48.4597012Z #7 2.483 Get:45 http://deb.debian.org/debian bookworm/main amd64 patch amd64 2.7.6-7 [128 kB]
2025-07-15T22:14:48.4597846Z #7 2.484 Get:46 http://deb.debian.org/debian bookworm/main amd64 dpkg-dev all 1.21.22 [1353 kB]
2025-07-15T22:14:48.4598465Z #7 2.489 Get:47 http://deb.debian.org/debian bookworm/main amd64 build-essential amd64 12.9 [7704 B]
2025-07-15T22:14:48.4599102Z #7 2.489 Get:48 http://deb.debian.org/debian bookworm/main amd64 libbrotli1 amd64 1.0.9-2+b6 [275 kB]
2025-07-15T22:14:48.4599786Z #7 2.491 Get:49 http://deb.debian.org/debian bookworm/main amd64 libsasl2-modules-db amd64 2.1.28+dfsg-10 [20.3 kB]
2025-07-15T22:14:48.4600732Z #7 2.491 Get:50 http://deb.debian.org/debian bookworm/main amd64 libsasl2-2 amd64 2.1.28+dfsg-10 [59.7 kB]
2025-07-15T22:14:48.4601411Z #7 2.491 Get:51 http://deb.debian.org/debian bookworm/main amd64 libldap-2.5-0 amd64 2.5.13+dfsg-5 [183 kB]
2025-07-15T22:14:48.4602124Z #7 2.492 Get:52 http://deb.debian.org/debian bookworm/main amd64 libnghttp2-14 amd64 1.52.0-1+deb12u2 [73.0 kB]
2025-07-15T22:14:48.4603181Z #7 2.493 Get:53 http://deb.debian.org/debian bookworm/main amd64 libpsl5 amd64 0.21.2-1 [58.7 kB]
2025-07-15T22:14:48.4604084Z #7 2.493 Get:54 http://deb.debian.org/debian bookworm/main amd64 librtmp1 amd64 2.4+20151223.gitfa8646d.1-2+b2 [60.8 kB]
2025-07-15T22:14:48.4604720Z #7 2.494 Get:55 http://deb.debian.org/debian bookworm/main amd64 libssh2-1 amd64 1.10.0-3+b1 [179 kB]
2025-07-15T22:14:48.4605289Z #7 2.495 Get:56 http://deb.debian.org/debian bookworm/main amd64 libcurl4 amd64 7.88.1-10+deb12u12 [391 kB]
2025-07-15T22:14:48.4605848Z #7 2.496 Get:57 http://deb.debian.org/debian bookworm/main amd64 curl amd64 7.88.1-10+deb12u12 [315 kB]
2025-07-15T22:14:48.4606429Z #7 2.497 Get:58 http://deb.debian.org/debian bookworm/main amd64 libcurl3-gnutls amd64 7.88.1-10+deb12u12 [386 kB]
2025-07-15T22:14:48.4607026Z #7 2.499 Get:59 http://deb.debian.org/debian bookworm/main amd64 libexpat1 amd64 2.5.0-1+deb12u1 [98.9 kB]
2025-07-15T22:14:48.4607588Z #7 2.500 Get:60 http://deb.debian.org/debian bookworm/main amd64 liberror-perl all 0.17029-2 [29.0 kB]
2025-07-15T22:14:48.4608146Z #7 2.500 Get:61 http://deb.debian.org/debian bookworm/main amd64 git-man all 1:2.39.5-0+deb12u2 [2053 kB]
2025-07-15T22:14:48.4608695Z #7 2.513 Get:62 http://deb.debian.org/debian bookworm/main amd64 git amd64 1:2.39.5-0+deb12u2 [7260 kB]
2025-07-15T22:14:48.4609208Z #7 2.632 debconf: delaying package configuration, since apt-utils is not installed
2025-07-15T22:14:48.6538887Z #7 2.652 Fetched 85.7 MB in 0s (252 MB/s)
2025-07-15T22:14:48.6539550Z #7 2.669 Selecting previously unselected package perl-modules-5.36.
2025-07-15T22:14:48.6540143Z #7 2.669 (Reading database ... 
2025-07-15T22:14:48.6540733Z (Reading database ... 5%
2025-07-15T22:14:48.6541100Z (Reading database ... 10%
2025-07-15T22:14:48.6541470Z (Reading database ... 15%
2025-07-15T22:14:48.6541814Z (Reading database ... 20%
2025-07-15T22:14:48.6542162Z (Reading database ... 25%
2025-07-15T22:14:48.6542515Z (Reading database ... 30%
2025-07-15T22:14:48.6542857Z (Reading database ... 35%
2025-07-15T22:14:48.6543206Z (Reading database ... 40%
2025-07-15T22:14:48.6543555Z (Reading database ... 45%
2025-07-15T22:14:48.6544020Z (Reading database ... 50%
2025-07-15T22:14:48.6544373Z (Reading database ... 55%
2025-07-15T22:14:48.6544718Z (Reading database ... 60%
2025-07-15T22:14:48.6545342Z (Reading database ... 65%
2025-07-15T22:14:48.6545697Z (Reading database ... 70%
2025-07-15T22:14:48.6546047Z (Reading database ... 75%
2025-07-15T22:14:48.6546380Z (Reading database ... 80%
2025-07-15T22:14:48.6546723Z (Reading database ... 85%
2025-07-15T22:14:48.6547068Z (Reading database ... 90%
2025-07-15T22:14:48.6547409Z (Reading database ... 95%
2025-07-15T22:14:48.6547759Z (Reading database ... 100%
2025-07-15T22:14:48.6548274Z (Reading database ... 6688 files and directories currently installed.)
2025-07-15T22:14:48.6549048Z #7 2.675 Preparing to unpack .../00-perl-modules-5.36_5.36.0-7+deb12u2_all.deb ...
2025-07-15T22:14:48.6549738Z #7 2.676 Unpacking perl-modules-5.36 (5.36.0-7+deb12u2) ...
2025-07-15T22:14:48.8021144Z #7 2.975 Selecting previously unselected package libgdbm-compat4:amd64.
2025-07-15T22:14:48.9812348Z #7 2.976 Preparing to unpack .../01-libgdbm-compat4_1.23-3_amd64.deb ...
2025-07-15T22:14:48.9813080Z #7 2.979 Unpacking libgdbm-compat4:amd64 (1.23-3) ...
2025-07-15T22:14:48.9813750Z #7 3.000 Selecting previously unselected package libperl5.36:amd64.
2025-07-15T22:14:48.9814514Z #7 3.002 Preparing to unpack .../02-libperl5.36_5.36.0-7+deb12u2_amd64.deb ...
2025-07-15T22:14:48.9815205Z #7 3.003 Unpacking libperl5.36:amd64 (5.36.0-7+deb12u2) ...
2025-07-15T22:14:49.1146646Z #7 3.287 Selecting previously unselected package perl.
2025-07-15T22:14:49.2235714Z #7 3.289 Preparing to unpack .../03-perl_5.36.0-7+deb12u2_amd64.deb ...
2025-07-15T22:14:49.2236247Z #7 3.295 Unpacking perl (5.36.0-7+deb12u2) ...
2025-07-15T22:14:49.2236589Z #7 3.329 Selecting previously unselected package nano.
2025-07-15T22:14:49.2236972Z #7 3.332 Preparing to unpack .../04-nano_7.2-1+deb12u1_amd64.deb ...
2025-07-15T22:14:49.2237302Z #7 3.333 Unpacking nano (7.2-1+deb12u1) ...
2025-07-15T22:14:49.2237624Z #7 3.396 Selecting previously unselected package bzip2.
2025-07-15T22:14:49.4548140Z #7 3.398 Preparing to unpack .../05-bzip2_1.0.8-5+b1_amd64.deb ...
2025-07-15T22:14:49.4548774Z #7 3.399 Unpacking bzip2 (1.0.8-5+b1) ...
2025-07-15T22:14:49.4549108Z #7 3.420 Selecting previously unselected package xz-utils.
2025-07-15T22:14:49.4549504Z #7 3.421 Preparing to unpack .../06-xz-utils_5.4.1-1_amd64.deb ...
2025-07-15T22:14:49.4549824Z #7 3.423 Unpacking xz-utils (5.4.1-1) ...
2025-07-15T22:14:49.4550165Z #7 3.475 Selecting previously unselected package binutils-common:amd64.
2025-07-15T22:14:49.4551134Z #7 3.476 Preparing to unpack .../07-binutils-common_2.40-2_amd64.deb ...
2025-07-15T22:14:49.4551792Z #7 3.477 Unpacking binutils-common:amd64 (2.40-2) ...
2025-07-15T22:14:49.4679426Z #7 3.641 Selecting previously unselected package libbinutils:amd64.
2025-07-15T22:14:49.5856470Z #7 3.642 Preparing to unpack .../08-libbinutils_2.40-2_amd64.deb ...
2025-07-15T22:14:49.5858253Z #7 3.643 Unpacking libbinutils:amd64 (2.40-2) ...
2025-07-15T22:14:49.5858883Z #7 3.698 Selecting previously unselected package libctf-nobfd0:amd64.
2025-07-15T22:14:49.5859570Z #7 3.699 Preparing to unpack .../09-libctf-nobfd0_2.40-2_amd64.deb ...
2025-07-15T22:14:49.5860153Z #7 3.701 Unpacking libctf-nobfd0:amd64 (2.40-2) ...
2025-07-15T22:14:49.5860911Z #7 3.730 Selecting previously unselected package libctf0:amd64.
2025-07-15T22:14:49.5861509Z #7 3.731 Preparing to unpack .../10-libctf0_2.40-2_amd64.deb ...
2025-07-15T22:14:49.5862021Z #7 3.733 Unpacking libctf0:amd64 (2.40-2) ...
2025-07-15T22:14:49.5862578Z #7 3.759 Selecting previously unselected package libgprofng0:amd64.
2025-07-15T22:14:49.6876048Z #7 3.760 Preparing to unpack .../11-libgprofng0_2.40-2_amd64.deb ...
2025-07-15T22:14:49.6876718Z #7 3.761 Unpacking libgprofng0:amd64 (2.40-2) ...
2025-07-15T22:14:49.6877092Z #7 3.837 Selecting previously unselected package libjansson4:amd64.
2025-07-15T22:14:49.6877490Z #7 3.839 Preparing to unpack .../12-libjansson4_2.14-2_amd64.deb ...
2025-07-15T22:14:49.6877839Z #7 3.840 Unpacking libjansson4:amd64 (2.14-2) ...
2025-07-15T22:14:49.6878242Z #7 3.860 Selecting previously unselected package binutils-x86-64-linux-gnu.
2025-07-15T22:14:49.8407502Z #7 3.861 Preparing to unpack .../13-binutils-x86-64-linux-gnu_2.40-2_amd64.deb ...
2025-07-15T22:14:49.8407985Z #7 3.863 Unpacking binutils-x86-64-linux-gnu (2.40-2) ...
2025-07-15T22:14:49.8607106Z #7 4.034 Selecting previously unselected package binutils.
2025-07-15T22:14:50.0631702Z #7 4.035 Preparing to unpack .../14-binutils_2.40-2_amd64.deb ...
2025-07-15T22:14:50.0632321Z #7 4.036 Unpacking binutils (2.40-2) ...
2025-07-15T22:14:50.0632892Z #7 4.059 Selecting previously unselected package libc-dev-bin.
2025-07-15T22:14:50.0633672Z #7 4.060 Preparing to unpack .../15-libc-dev-bin_2.36-9+deb12u10_amd64.deb ...
2025-07-15T22:14:50.0634376Z #7 4.064 Unpacking libc-dev-bin (2.36-9+deb12u10) ...
2025-07-15T22:14:50.0635053Z #7 4.083 Selecting previously unselected package linux-libc-dev:amd64.
2025-07-15T22:14:50.0635900Z #7 4.084 Preparing to unpack .../16-linux-libc-dev_6.1.140-1_amd64.deb ...
2025-07-15T22:14:50.0636361Z #7 4.086 Unpacking linux-libc-dev:amd64 (6.1.140-1) ...
2025-07-15T22:14:50.1224171Z #7 4.295 Selecting previously unselected package libcrypt-dev:amd64.
2025-07-15T22:14:50.2344597Z #7 4.297 Preparing to unpack .../17-libcrypt-dev_1%3a4.4.33-2_amd64.deb ...
2025-07-15T22:14:50.2345196Z #7 4.302 Unpacking libcrypt-dev:amd64 (1:4.4.33-2) ...
2025-07-15T22:14:50.2345602Z #7 4.327 Selecting previously unselected package libtirpc-dev:amd64.
2025-07-15T22:14:50.2346027Z #7 4.328 Preparing to unpack .../18-libtirpc-dev_1.3.3+ds-1_amd64.deb ...
2025-07-15T22:14:50.2346390Z #7 4.329 Unpacking libtirpc-dev:amd64 (1.3.3+ds-1) ...
2025-07-15T22:14:50.2346747Z #7 4.358 Selecting previously unselected package libnsl-dev:amd64.
2025-07-15T22:14:50.2347153Z #7 4.359 Preparing to unpack .../19-libnsl-dev_1.3.0-2_amd64.deb ...
2025-07-15T22:14:50.2347481Z #7 4.361 Unpacking libnsl-dev:amd64 (1.3.0-2) ...
2025-07-15T22:14:50.2347840Z #7 4.381 Selecting previously unselected package rpcsvc-proto.
2025-07-15T22:14:50.2348239Z #7 4.382 Preparing to unpack .../20-rpcsvc-proto_1.4.3-1_amd64.deb ...
2025-07-15T22:14:50.2348593Z #7 4.384 Unpacking rpcsvc-proto (1.4.3-1) ...
2025-07-15T22:14:50.2348924Z #7 4.407 Selecting previously unselected package libc6-dev:amd64.
2025-07-15T22:14:50.3870997Z #7 4.408 Preparing to unpack .../21-libc6-dev_2.36-9+deb12u10_amd64.deb ...
2025-07-15T22:14:50.3871569Z #7 4.409 Unpacking libc6-dev:amd64 (2.36-9+deb12u10) ...
2025-07-15T22:14:50.3871928Z #7 4.560 Selecting previously unselected package libisl23:amd64.
2025-07-15T22:14:50.4959770Z #7 4.562 Preparing to unpack .../22-libisl23_0.25-1.1_amd64.deb ...
2025-07-15T22:14:50.4960562Z #7 4.562 Unpacking libisl23:amd64 (0.25-1.1) ...
2025-07-15T22:14:50.4961120Z #7 4.624 Selecting previously unselected package libmpfr6:amd64.
2025-07-15T22:14:50.4961742Z #7 4.625 Preparing to unpack .../23-libmpfr6_4.2.0-1_amd64.deb ...
2025-07-15T22:14:50.4962297Z #7 4.627 Unpacking libmpfr6:amd64 (4.2.0-1) ...
2025-07-15T22:14:50.4962821Z #7 4.669 Selecting previously unselected package libmpc3:amd64.
2025-07-15T22:14:50.6714605Z #7 4.670 Preparing to unpack .../24-libmpc3_1.3.1-1_amd64.deb ...
2025-07-15T22:14:50.6715004Z #7 4.672 Unpacking libmpc3:amd64 (1.3.1-1) ...
2025-07-15T22:14:50.6715341Z #7 4.692 Selecting previously unselected package cpp-12.
2025-07-15T22:14:50.6715731Z #7 4.693 Preparing to unpack .../25-cpp-12_12.2.0-14+deb12u1_amd64.deb ...
2025-07-15T22:14:50.6716103Z #7 4.694 Unpacking cpp-12 (12.2.0-14+deb12u1) ...
2025-07-15T22:14:51.0176474Z #7 5.190 Selecting previously unselected package cpp.
2025-07-15T22:14:51.1208774Z #7 5.192 Preparing to unpack .../26-cpp_4%3a12.2.0-3_amd64.deb ...
2025-07-15T22:14:51.1209357Z #7 5.193 Unpacking cpp (4:12.2.0-3) ...
2025-07-15T22:14:51.1209875Z #7 5.214 Selecting previously unselected package libcc1-0:amd64.
2025-07-15T22:14:51.1210704Z #7 5.216 Preparing to unpack .../27-libcc1-0_12.2.0-14+deb12u1_amd64.deb ...
2025-07-15T22:14:51.1211307Z #7 5.217 Unpacking libcc1-0:amd64 (12.2.0-14+deb12u1) ...
2025-07-15T22:14:51.1211871Z #7 5.237 Selecting previously unselected package libgomp1:amd64.
2025-07-15T22:14:51.1212799Z #7 5.238 Preparing to unpack .../28-libgomp1_12.2.0-14+deb12u1_amd64.deb ...
2025-07-15T22:14:51.1213407Z #7 5.239 Unpacking libgomp1:amd64 (12.2.0-14+deb12u1) ...
2025-07-15T22:14:51.1213976Z #7 5.268 Selecting previously unselected package libitm1:amd64.
2025-07-15T22:14:51.1214614Z #7 5.269 Preparing to unpack .../29-libitm1_12.2.0-14+deb12u1_amd64.deb ...
2025-07-15T22:14:51.1215216Z #7 5.270 Unpacking libitm1:amd64 (12.2.0-14+deb12u1) ...
2025-07-15T22:14:51.1215818Z #7 5.294 Selecting previously unselected package libatomic1:amd64.
2025-07-15T22:14:51.2974783Z #7 5.295 Preparing to unpack .../30-libatomic1_12.2.0-14+deb12u1_amd64.deb ...
2025-07-15T22:14:51.2975493Z #7 5.297 Unpacking libatomic1:amd64 (12.2.0-14+deb12u1) ...
2025-07-15T22:14:51.2976321Z #7 5.317 Selecting previously unselected package libasan8:amd64.
2025-07-15T22:14:51.2976997Z #7 5.318 Preparing to unpack .../31-libasan8_12.2.0-14+deb12u1_amd64.deb ...
2025-07-15T22:14:51.2977595Z #7 5.320 Unpacking libasan8:amd64 (12.2.0-14+deb12u1) ...
2025-07-15T22:14:51.2978129Z #7 5.470 Selecting previously unselected package liblsan0:amd64.
2025-07-15T22:14:51.5288079Z #7 5.472 Preparing to unpack .../32-liblsan0_12.2.0-14+deb12u1_amd64.deb ...
2025-07-15T22:14:51.5288517Z #7 5.473 Unpacking liblsan0:amd64 (12.2.0-14+deb12u1) ...
2025-07-15T22:14:51.5288884Z #7 5.548 Selecting previously unselected package libtsan2:amd64.
2025-07-15T22:14:51.5289288Z #7 5.550 Preparing to unpack .../33-libtsan2_12.2.0-14+deb12u1_amd64.deb ...
2025-07-15T22:14:51.5289776Z #7 5.551 Unpacking libtsan2:amd64 (12.2.0-14+deb12u1) ...
2025-07-15T22:14:51.5293400Z #7 5.702 Selecting previously unselected package libubsan1:amd64.
2025-07-15T22:14:51.6363197Z #7 5.704 Preparing to unpack .../34-libubsan1_12.2.0-14+deb12u1_amd64.deb ...
2025-07-15T22:14:51.6363930Z #7 5.705 Unpacking libubsan1:amd64 (12.2.0-14+deb12u1) ...
2025-07-15T22:14:51.6364559Z #7 5.780 Selecting previously unselected package libquadmath0:amd64.
2025-07-15T22:14:51.6365293Z #7 5.781 Preparing to unpack .../35-libquadmath0_12.2.0-14+deb12u1_amd64.deb ...
2025-07-15T22:14:51.6365947Z #7 5.782 Unpacking libquadmath0:amd64 (12.2.0-14+deb12u1) ...
2025-07-15T22:14:51.6366464Z #7 5.809 Selecting previously unselected package libgcc-12-dev:amd64.
2025-07-15T22:14:51.7895538Z #7 5.810 Preparing to unpack .../36-libgcc-12-dev_12.2.0-14+deb12u1_amd64.deb ...
2025-07-15T22:14:51.7896034Z #7 5.812 Unpacking libgcc-12-dev:amd64 (12.2.0-14+deb12u1) ...
2025-07-15T22:14:51.7985342Z #7 5.971 Selecting previously unselected package gcc-12.
2025-07-15T22:14:51.9517073Z #7 5.973 Preparing to unpack .../37-gcc-12_12.2.0-14+deb12u1_amd64.deb ...
2025-07-15T22:14:51.9520473Z #7 5.974 Unpacking gcc-12 (12.2.0-14+deb12u1) ...
2025-07-15T22:14:52.3928034Z #7 6.566 Selecting previously unselected package gcc.
2025-07-15T22:14:52.5721895Z #7 6.567 Preparing to unpack .../38-gcc_4%3a12.2.0-3_amd64.deb ...
2025-07-15T22:14:52.5722547Z #7 6.568 Unpacking gcc (4:12.2.0-3) ...
2025-07-15T22:14:52.5723166Z #7 6.591 Selecting previously unselected package libstdc++-12-dev:amd64.
2025-07-15T22:14:52.5723993Z #7 6.592 Preparing to unpack .../39-libstdc++-12-dev_12.2.0-14+deb12u1_amd64.deb ...
2025-07-15T22:14:52.5724744Z #7 6.594 Unpacking libstdc++-12-dev:amd64 (12.2.0-14+deb12u1) ...
2025-07-15T22:14:52.6364508Z #7 6.809 Selecting previously unselected package g++-12.
2025-07-15T22:14:52.7900065Z #7 6.811 Preparing to unpack .../40-g++-12_12.2.0-14+deb12u1_amd64.deb ...
2025-07-15T22:14:52.7900858Z #7 6.812 Unpacking g++-12 (12.2.0-14+deb12u1) ...
2025-07-15T22:14:53.1484867Z #7 7.321 Selecting previously unselected package g++.
2025-07-15T22:14:53.2777308Z #7 7.323 Preparing to unpack .../41-g++_4%3a12.2.0-3_amd64.deb ...
2025-07-15T22:14:53.2777894Z #7 7.324 Unpacking g++ (4:12.2.0-3) ...
2025-07-15T22:14:53.2778420Z #7 7.342 Selecting previously unselected package make.
2025-07-15T22:14:53.2778990Z #7 7.343 Preparing to unpack .../42-make_4.3-4.1_amd64.deb ...
2025-07-15T22:14:53.2779775Z #7 7.345 Unpacking make (4.3-4.1) ...
2025-07-15T22:14:53.2780231Z #7 7.387 Selecting previously unselected package libdpkg-perl.
2025-07-15T22:14:53.2780842Z #7 7.388 Preparing to unpack .../43-libdpkg-perl_1.21.22_all.deb ...
2025-07-15T22:14:53.2781189Z #7 7.389 Unpacking libdpkg-perl (1.21.22) ...
2025-07-15T22:14:53.2781502Z #7 7.450 Selecting previously unselected package patch.
2025-07-15T22:14:53.4001354Z #7 7.452 Preparing to unpack .../44-patch_2.7.6-7_amd64.deb ...
2025-07-15T22:14:53.4001860Z #7 7.453 Unpacking patch (2.7.6-7) ...
2025-07-15T22:14:53.4002206Z #7 7.481 Selecting previously unselected package dpkg-dev.
2025-07-15T22:14:53.4002567Z #7 7.483 Preparing to unpack .../45-dpkg-dev_1.21.22_all.deb ...
2025-07-15T22:14:53.4002886Z #7 7.485 Unpacking dpkg-dev (1.21.22) ...
2025-07-15T22:14:53.4003458Z #7 7.573 Selecting previously unselected package build-essential.
2025-07-15T22:14:53.5071845Z #7 7.574 Preparing to unpack .../46-build-essential_12.9_amd64.deb ...
2025-07-15T22:14:53.5072522Z #7 7.576 Unpacking build-essential (12.9) ...
2025-07-15T22:14:53.5073161Z #7 7.593 Selecting previously unselected package libbrotli1:amd64.
2025-07-15T22:14:53.5073842Z #7 7.595 Preparing to unpack .../47-libbrotli1_1.0.9-2+b6_amd64.deb ...
2025-07-15T22:14:53.5074417Z #7 7.596 Unpacking libbrotli1:amd64 (1.0.9-2+b6) ...
2025-07-15T22:14:53.5075044Z #7 7.633 Selecting previously unselected package libsasl2-modules-db:amd64.
2025-07-15T22:14:53.5075789Z #7 7.634 Preparing to unpack .../48-libsasl2-modules-db_2.1.28+dfsg-10_amd64.deb ...
2025-07-15T22:14:53.5076213Z #7 7.635 Unpacking libsasl2-modules-db:amd64 (2.1.28+dfsg-10) ...
2025-07-15T22:14:53.5076703Z #7 7.655 Selecting previously unselected package libsasl2-2:amd64.
2025-07-15T22:14:53.5077132Z #7 7.656 Preparing to unpack .../49-libsasl2-2_2.1.28+dfsg-10_amd64.deb ...
2025-07-15T22:14:53.5077523Z #7 7.658 Unpacking libsasl2-2:amd64 (2.1.28+dfsg-10) ...
2025-07-15T22:14:53.5077891Z #7 7.680 Selecting previously unselected package libldap-2.5-0:amd64.
2025-07-15T22:14:53.6208923Z #7 7.681 Preparing to unpack .../50-libldap-2.5-0_2.5.13+dfsg-5_amd64.deb ...
2025-07-15T22:14:53.6209834Z #7 7.682 Unpacking libldap-2.5-0:amd64 (2.5.13+dfsg-5) ...
2025-07-15T22:14:53.6210662Z #7 7.714 Selecting previously unselected package libnghttp2-14:amd64.
2025-07-15T22:14:53.6211439Z #7 7.715 Preparing to unpack .../51-libnghttp2-14_1.52.0-1+deb12u2_amd64.deb ...
2025-07-15T22:14:53.6211922Z #7 7.716 Unpacking libnghttp2-14:amd64 (1.52.0-1+deb12u2) ...
2025-07-15T22:14:53.6212299Z #7 7.741 Selecting previously unselected package libpsl5:amd64.
2025-07-15T22:14:53.6212675Z #7 7.743 Preparing to unpack .../52-libpsl5_0.21.2-1_amd64.deb ...
2025-07-15T22:14:53.6212998Z #7 7.744 Unpacking libpsl5:amd64 (0.21.2-1) ...
2025-07-15T22:14:53.6213316Z #7 7.768 Selecting previously unselected package librtmp1:amd64.
2025-07-15T22:14:53.6213757Z #7 7.769 Preparing to unpack .../53-librtmp1_2.4+20151223.gitfa8646d.1-2+b2_amd64.deb ...
2025-07-15T22:14:53.6214194Z #7 7.770 Unpacking librtmp1:amd64 (2.4+20151223.gitfa8646d.1-2+b2) ...
2025-07-15T22:14:53.6214572Z #7 7.794 Selecting previously unselected package libssh2-1:amd64.
2025-07-15T22:14:53.7337023Z #7 7.795 Preparing to unpack .../54-libssh2-1_1.10.0-3+b1_amd64.deb ...
2025-07-15T22:14:53.7337688Z #7 7.797 Unpacking libssh2-1:amd64 (1.10.0-3+b1) ...
2025-07-15T22:14:53.7338279Z #7 7.829 Selecting previously unselected package libcurl4:amd64.
2025-07-15T22:14:53.7338732Z #7 7.830 Preparing to unpack .../55-libcurl4_7.88.1-10+deb12u12_amd64.deb ...
2025-07-15T22:14:53.7339132Z #7 7.832 Unpacking libcurl4:amd64 (7.88.1-10+deb12u12) ...
2025-07-15T22:14:53.7339476Z #7 7.869 Selecting previously unselected package curl.
2025-07-15T22:14:53.7339833Z #7 7.870 Preparing to unpack .../56-curl_7.88.1-10+deb12u12_amd64.deb ...
2025-07-15T22:14:53.7340215Z #7 7.872 Unpacking curl (7.88.1-10+deb12u12) ...
2025-07-15T22:14:53.7340798Z #7 7.907 Selecting previously unselected package libcurl3-gnutls:amd64.
2025-07-15T22:14:53.9107881Z #7 7.908 Preparing to unpack .../57-libcurl3-gnutls_7.88.1-10+deb12u12_amd64.deb ...
2025-07-15T22:14:53.9108727Z #7 7.910 Unpacking libcurl3-gnutls:amd64 (7.88.1-10+deb12u12) ...
2025-07-15T22:14:53.9109151Z #7 7.948 Selecting previously unselected package libexpat1:amd64.
2025-07-15T22:14:53.9109577Z #7 7.949 Preparing to unpack .../58-libexpat1_2.5.0-1+deb12u1_amd64.deb ...
2025-07-15T22:14:53.9109951Z #7 7.951 Unpacking libexpat1:amd64 (2.5.0-1+deb12u1) ...
2025-07-15T22:14:53.9110297Z #7 7.975 Selecting previously unselected package liberror-perl.
2025-07-15T22:14:53.9111046Z #7 7.976 Preparing to unpack .../59-liberror-perl_0.17029-2_all.deb ...
2025-07-15T22:14:53.9111401Z #7 7.977 Unpacking liberror-perl (0.17029-2) ...
2025-07-15T22:14:53.9111724Z #7 7.998 Selecting previously unselected package git-man.
2025-07-15T22:14:53.9112312Z #7 8.000 Preparing to unpack .../60-git-man_1%3a2.39.5-0+deb12u2_all.deb ...
2025-07-15T22:14:53.9112701Z #7 8.001 Unpacking git-man (1:2.39.5-0+deb12u2) ...
2025-07-15T22:14:53.9113018Z #7 8.084 Selecting previously unselected package git.
2025-07-15T22:14:54.0685378Z #7 8.085 Preparing to unpack .../61-git_1%3a2.39.5-0+deb12u2_amd64.deb ...
2025-07-15T22:14:54.0688684Z #7 8.091 Unpacking git (1:2.39.5-0+deb12u2) ...
2025-07-15T22:14:54.2333709Z #7 8.406 Setting up libexpat1:amd64 (2.5.0-1+deb12u1) ...
2025-07-15T22:14:54.3354318Z #7 8.410 Setting up libpsl5:amd64 (0.21.2-1) ...
2025-07-15T22:14:54.3355092Z #7 8.413 Setting up libbrotli1:amd64 (1.0.9-2+b6) ...
2025-07-15T22:14:54.3355671Z #7 8.416 Setting up binutils-common:amd64 (2.40-2) ...
2025-07-15T22:14:54.3356244Z #7 8.422 Setting up libnghttp2-14:amd64 (1.52.0-1+deb12u2) ...
2025-07-15T22:14:54.3356780Z #7 8.426 Setting up linux-libc-dev:amd64 (6.1.140-1) ...
2025-07-15T22:14:54.3357134Z #7 8.430 Setting up libctf-nobfd0:amd64 (2.40-2) ...
2025-07-15T22:14:54.3357505Z #7 8.435 Setting up libgomp1:amd64 (12.2.0-14+deb12u1) ...
2025-07-15T22:14:54.3357838Z #7 8.440 Setting up bzip2 (1.0.8-5+b1) ...
2025-07-15T22:14:54.3358195Z #7 8.443 Setting up libjansson4:amd64 (2.14-2) ...
2025-07-15T22:14:54.3358665Z #7 8.446 Setting up libsasl2-modules-db:amd64 (2.1.28+dfsg-10) ...
2025-07-15T22:14:54.3359064Z #7 8.450 Setting up perl-modules-5.36 (5.36.0-7+deb12u2) ...
2025-07-15T22:14:54.3359422Z #7 8.454 Setting up libtirpc-dev:amd64 (1.3.3+ds-1) ...
2025-07-15T22:14:54.3359751Z #7 8.458 Setting up rpcsvc-proto (1.4.3-1) ...
2025-07-15T22:14:54.3360088Z #7 8.461 Setting up make (4.3-4.1) ...
2025-07-15T22:14:54.3360609Z #7 8.464 Setting up libmpfr6:amd64 (4.2.0-1) ...
2025-07-15T22:14:54.3360983Z #7 8.470 Setting up librtmp1:amd64 (2.4+20151223.gitfa8646d.1-2+b2) ...
2025-07-15T22:14:54.3361471Z #7 8.476 Setting up xz-utils (5.4.1-1) ...
2025-07-15T22:14:54.3361917Z #7 8.483 update-alternatives: using /usr/bin/xz to provide /usr/bin/lzma (lzma) in auto mode
2025-07-15T22:14:54.3362787Z #7 8.484 update-alternatives: warning: skip creation of /usr/share/man/man1/lzma.1.gz because associated file /usr/share/man/man1/xz.1.gz (of link group lzma) doesn't exist
2025-07-15T22:14:54.3363866Z #7 8.484 update-alternatives: warning: skip creation of /usr/share/man/man1/unlzma.1.gz because associated file /usr/share/man/man1/unxz.1.gz (of link group lzma) doesn't exist
2025-07-15T22:14:54.3365082Z #7 8.484 update-alternatives: warning: skip creation of /usr/share/man/man1/lzcat.1.gz because associated file /usr/share/man/man1/xzcat.1.gz (of link group lzma) doesn't exist
2025-07-15T22:14:54.3366123Z #7 8.484 update-alternatives: warning: skip creation of /usr/share/man/man1/lzmore.1.gz because associated file /usr/share/man/man1/xzmore.1.gz (of link group lzma) doesn't exist
2025-07-15T22:14:54.3367416Z #7 8.484 update-alternatives: warning: skip creation of /usr/share/man/man1/lzless.1.gz because associated file /usr/share/man/man1/xzless.1.gz (of link group lzma) doesn't exist
2025-07-15T22:14:54.3368495Z #7 8.485 update-alternatives: warning: skip creation of /usr/share/man/man1/lzdiff.1.gz because associated file /usr/share/man/man1/xzdiff.1.gz (of link group lzma) doesn't exist
2025-07-15T22:14:54.3369906Z #7 8.485 update-alternatives: warning: skip creation of /usr/share/man/man1/lzcmp.1.gz because associated file /usr/share/man/man1/xzcmp.1.gz (of link group lzma) doesn't exist
2025-07-15T22:14:54.3371162Z #7 8.485 update-alternatives: warning: skip creation of /usr/share/man/man1/lzgrep.1.gz because associated file /usr/share/man/man1/xzgrep.1.gz (of link group lzma) doesn't exist
2025-07-15T22:14:54.3372223Z #7 8.485 update-alternatives: warning: skip creation of /usr/share/man/man1/lzegrep.1.gz because associated file /usr/share/man/man1/xzegrep.1.gz (of link group lzma) doesn't exist
2025-07-15T22:14:54.3373508Z #7 8.485 update-alternatives: warning: skip creation of /usr/share/man/man1/lzfgrep.1.gz because associated file /usr/share/man/man1/xzfgrep.1.gz (of link group lzma) doesn't exist
2025-07-15T22:14:54.3374345Z #7 8.489 Setting up libquadmath0:amd64 (12.2.0-14+deb12u1) ...
2025-07-15T22:14:54.3374676Z #7 8.493 Setting up libmpc3:amd64 (1.3.1-1) ...
2025-07-15T22:14:54.3374986Z #7 8.498 Setting up libatomic1:amd64 (12.2.0-14+deb12u1) ...
2025-07-15T22:14:54.3375271Z #7 8.502 Setting up patch (2.7.6-7) ...
2025-07-15T22:14:54.3375543Z #7 8.508 Setting up libgdbm-compat4:amd64 (1.23-3) ...
2025-07-15T22:14:54.4435066Z #7 8.512 Setting up libsasl2-2:amd64 (2.1.28+dfsg-10) ...
2025-07-15T22:14:54.4435682Z #7 8.517 Setting up libubsan1:amd64 (12.2.0-14+deb12u1) ...
2025-07-15T22:14:54.4436016Z #7 8.522 Setting up nano (7.2-1+deb12u1) ...
2025-07-15T22:14:54.4436608Z #7 8.529 update-alternatives: using /bin/nano to provide /usr/bin/editor (editor) in auto mode
2025-07-15T22:14:54.4437451Z #7 8.529 update-alternatives: warning: skip creation of /usr/share/man/man1/editor.1.gz because associated file /usr/share/man/man1/nano.1.gz (of link group editor) doesn't exist
2025-07-15T22:14:54.4438391Z #7 8.531 update-alternatives: using /bin/nano to provide /usr/bin/pico (pico) in auto mode
2025-07-15T22:14:54.4439168Z #7 8.531 update-alternatives: warning: skip creation of /usr/share/man/man1/pico.1.gz because associated file /usr/share/man/man1/nano.1.gz (of link group pico) doesn't exist
2025-07-15T22:14:54.4439837Z #7 8.534 Setting up libnsl-dev:amd64 (1.3.0-2) ...
2025-07-15T22:14:54.4440142Z #7 8.538 Setting up libcrypt-dev:amd64 (1:4.4.33-2) ...
2025-07-15T22:14:54.4440796Z #7 8.545 Setting up libasan8:amd64 (12.2.0-14+deb12u1) ...
2025-07-15T22:14:54.4441114Z #7 8.549 Setting up git-man (1:2.39.5-0+deb12u2) ...
2025-07-15T22:14:54.4441411Z #7 8.553 Setting up libssh2-1:amd64 (1.10.0-3+b1) ...
2025-07-15T22:14:54.4441712Z #7 8.556 Setting up libtsan2:amd64 (12.2.0-14+deb12u1) ...
2025-07-15T22:14:54.4441999Z #7 8.561 Setting up libbinutils:amd64 (2.40-2) ...
2025-07-15T22:14:54.4442279Z #7 8.565 Setting up libisl23:amd64 (0.25-1.1) ...
2025-07-15T22:14:54.4442572Z #7 8.569 Setting up libc-dev-bin (2.36-9+deb12u10) ...
2025-07-15T22:14:54.4442870Z #7 8.572 Setting up libcc1-0:amd64 (12.2.0-14+deb12u1) ...
2025-07-15T22:14:54.4443185Z #7 8.575 Setting up libperl5.36:amd64 (5.36.0-7+deb12u2) ...
2025-07-15T22:14:54.4443497Z #7 8.579 Setting up liblsan0:amd64 (12.2.0-14+deb12u1) ...
2025-07-15T22:14:54.4443793Z #7 8.582 Setting up libitm1:amd64 (12.2.0-14+deb12u1) ...
2025-07-15T22:14:54.4444079Z #7 8.587 Setting up libctf0:amd64 (2.40-2) ...
2025-07-15T22:14:54.4444359Z #7 8.594 Setting up cpp-12 (12.2.0-14+deb12u1) ...
2025-07-15T22:14:54.4444748Z #7 8.598 Setting up libldap-2.5-0:amd64 (2.5.13+dfsg-5) ...
2025-07-15T22:14:54.4445042Z #7 8.604 Setting up perl (5.36.0-7+deb12u2) ...
2025-07-15T22:14:54.4445312Z #7 8.616 Setting up libgprofng0:amd64 (2.40-2) ...
2025-07-15T22:14:54.5435481Z #7 8.623 Setting up libgcc-12-dev:amd64 (12.2.0-14+deb12u1) ...
2025-07-15T22:14:54.5436059Z #7 8.630 Setting up libdpkg-perl (1.21.22) ...
2025-07-15T22:14:54.5436482Z #7 8.634 Setting up cpp (4:12.2.0-3) ...
2025-07-15T22:14:54.5436819Z #7 8.643 Setting up libcurl4:amd64 (7.88.1-10+deb12u12) ...
2025-07-15T22:14:54.5437164Z #7 8.648 Setting up libc6-dev:amd64 (2.36-9+deb12u10) ...
2025-07-15T22:14:54.5437760Z #7 8.652 Setting up curl (7.88.1-10+deb12u12) ...
2025-07-15T22:14:54.5438109Z #7 8.657 Setting up binutils-x86-64-linux-gnu (2.40-2) ...
2025-07-15T22:14:54.5438475Z #7 8.662 Setting up libstdc++-12-dev:amd64 (12.2.0-14+deb12u1) ...
2025-07-15T22:14:54.5438856Z #7 8.667 Setting up libcurl3-gnutls:amd64 (7.88.1-10+deb12u12) ...
2025-07-15T22:14:54.5439174Z #7 8.672 Setting up binutils (2.40-2) ...
2025-07-15T22:14:54.5439447Z #7 8.678 Setting up dpkg-dev (1.21.22) ...
2025-07-15T22:14:54.5439730Z #7 8.685 Setting up liberror-perl (0.17029-2) ...
2025-07-15T22:14:54.5440015Z #7 8.688 Setting up gcc-12 (12.2.0-14+deb12u1) ...
2025-07-15T22:14:54.5440299Z #7 8.691 Setting up git (1:2.39.5-0+deb12u2) ...
2025-07-15T22:14:54.5440794Z #7 8.700 Setting up g++-12 (12.2.0-14+deb12u1) ...
2025-07-15T22:14:54.5447214Z #7 8.703 Setting up gcc (4:12.2.0-3) ...
2025-07-15T22:14:54.5447522Z #7 8.716 Setting up g++ (4:12.2.0-3) ...
2025-07-15T22:14:54.7063769Z #7 8.721 update-alternatives: using /usr/bin/g++ to provide /usr/bin/c++ (c++) in auto mode
2025-07-15T22:14:54.7064557Z #7 8.723 Setting up build-essential (12.9) ...
2025-07-15T22:14:54.7065119Z #7 8.729 Processing triggers for libc-bin (2.36-9+deb12u10) ...
2025-07-15T22:14:55.1857157Z #7 DONE 9.4s
2025-07-15T22:14:55.3492698Z 
2025-07-15T22:14:55.3493060Z #8 [3/6] WORKDIR /app
2025-07-15T22:14:55.3493420Z #8 DONE 0.0s
2025-07-15T22:14:55.3493591Z 
2025-07-15T22:14:55.3493668Z #9 [4/6] COPY . .
2025-07-15T22:14:55.7797955Z #9 DONE 0.6s
2025-07-15T22:14:55.9314895Z 
2025-07-15T22:14:55.9315277Z #10 [5/6] RUN pip install --upgrade pip
2025-07-15T22:14:57.0157243Z #10 1.235 Requirement already satisfied: pip in /usr/local/lib/python3.10/site-packages (23.0.1)
2025-07-15T22:14:57.1273002Z #10 1.347 Collecting pip
2025-07-15T22:14:57.2389032Z #10 1.389   Downloading pip-25.1.1-py3-none-any.whl (1.8 MB)
2025-07-15T22:14:57.4345271Z #10 1.458      ━━━━━━━━━━━━━━━━━━━━━━━━━━━━━━━━━━━━━━━━ 1.8/1.8 MB 27.2 MB/s eta 0:00:00
2025-07-15T22:14:57.4345677Z #10 1.502 Installing collected packages: pip
2025-07-15T22:14:57.4345967Z #10 1.503   Attempting uninstall: pip
2025-07-15T22:14:57.4346251Z #10 1.503     Found existing installation: pip 23.0.1
2025-07-15T22:14:57.4602603Z #10 1.680     Uninstalling pip-23.0.1:
2025-07-15T22:14:57.6262242Z #10 1.695       Successfully uninstalled pip-23.0.1
2025-07-15T22:14:58.2658815Z #10 2.485 Successfully installed pip-25.1.1
2025-07-15T22:14:58.4167698Z #10 2.485 WARNING: Running pip as the 'root' user can result in broken permissions and conflicting behaviour with the system package manager. It is recommended to use a virtual environment instead: https://pip.pypa.io/warnings/venv
2025-07-15T22:14:58.4558035Z #10 DONE 2.7s
2025-07-15T22:14:58.6072250Z 
2025-07-15T22:14:58.6072732Z #11 [6/6] RUN pip install --no-cache-dir -r requirements.txt
2025-07-15T22:14:59.3134028Z #11 0.857 Collecting Flask==3.1.0 (from -r requirements.txt (line 1))
2025-07-15T22:14:59.4146056Z #11 0.892   Downloading flask-3.1.0-py3-none-any.whl.metadata (2.7 kB)
2025-07-15T22:14:59.4146971Z #11 0.904 Collecting Flask-PyMongo==3.0.1 (from -r requirements.txt (line 2))
2025-07-15T22:14:59.4147855Z #11 0.908   Downloading flask_pymongo-3.0.1-py3-none-any.whl.metadata (3.5 kB)
2025-07-15T22:14:59.4148665Z #11 0.954 Collecting pytest==8.2.1 (from -r requirements.txt (line 3))
2025-07-15T22:14:59.4149432Z #11 0.958   Downloading pytest-8.2.1-py3-none-any.whl.metadata (7.6 kB)
2025-07-15T22:14:59.5234826Z #11 0.968 Collecting blinker==1.9.0 (from -r requirements.txt (line 4))
2025-07-15T22:14:59.5235584Z #11 0.972   Downloading blinker-1.9.0-py3-none-any.whl.metadata (1.6 kB)
2025-07-15T22:14:59.5236098Z #11 0.986 Collecting certifi==2025.7.14 (from -r requirements.txt (line 5))
2025-07-15T22:14:59.5236599Z #11 0.990   Downloading certifi-2025.7.14-py3-none-any.whl.metadata (2.4 kB)
2025-07-15T22:14:59.5237154Z #11 1.067 Collecting charset-normalizer==3.4.2 (from -r requirements.txt (line 6))
2025-07-15T22:14:59.6608366Z #11 1.072   Downloading charset_normalizer-3.4.2-cp310-cp310-manylinux_2_17_x86_64.manylinux2014_x86_64.whl.metadata (35 kB)
2025-07-15T22:14:59.6609933Z #11 1.090 Collecting click==8.2.1 (from -r requirements.txt (line 7))
2025-07-15T22:14:59.6611062Z #11 1.093   Downloading click-8.2.1-py3-none-any.whl.metadata (2.5 kB)
2025-07-15T22:14:59.6611970Z #11 1.104 Collecting dnspython==2.7.0 (from -r requirements.txt (line 8))
2025-07-15T22:14:59.6612901Z #11 1.108   Downloading dnspython-2.7.0-py3-none-any.whl.metadata (5.8 kB)
2025-07-15T22:14:59.6613681Z #11 1.121 Collecting idna==3.10 (from -r requirements.txt (line 9))
2025-07-15T22:14:59.6614406Z #11 1.125   Downloading idna-3.10-py3-none-any.whl.metadata (10 kB)
2025-07-15T22:14:59.6615177Z #11 1.136 Collecting itsdangerous==2.2.0 (from -r requirements.txt (line 10))
2025-07-15T22:14:59.6616029Z #11 1.140   Downloading itsdangerous-2.2.0-py3-none-any.whl.metadata (1.9 kB)
2025-07-15T22:14:59.6616502Z #11 1.151 Collecting Jinja2==3.1.6 (from -r requirements.txt (line 11))
2025-07-15T22:14:59.6616932Z #11 1.155   Downloading jinja2-3.1.6-py3-none-any.whl.metadata (2.9 kB)
2025-07-15T22:14:59.6617351Z #11 1.204 Collecting MarkupSafe==3.0.2 (from -r requirements.txt (line 12))
2025-07-15T22:14:59.8273705Z #11 1.209   Downloading MarkupSafe-3.0.2-cp310-cp310-manylinux_2_17_x86_64.manylinux2014_x86_64.whl.metadata (4.0 kB)
2025-07-15T22:14:59.8274375Z #11 1.216 Collecting paho-mqtt==2.1.0 (from -r requirements.txt (line 13))
2025-07-15T22:14:59.8274860Z #11 1.220   Downloading paho_mqtt-2.1.0-py3-none-any.whl.metadata (23 kB)
2025-07-15T22:14:59.9802479Z #11 1.524 Collecting pymongo==4.13.2 (from -r requirements.txt (line 14))
2025-07-15T22:15:00.0804345Z #11 1.528   Downloading pymongo-4.13.2-cp310-cp310-manylinux_2_17_x86_64.manylinux2014_x86_64.whl.metadata (22 kB)
2025-07-15T22:15:00.0805698Z #11 1.546 Collecting python-dotenv==1.1.1 (from -r requirements.txt (line 15))
2025-07-15T22:15:00.0806579Z #11 1.550   Downloading python_dotenv-1.1.1-py3-none-any.whl.metadata (24 kB)
2025-07-15T22:15:00.0807230Z #11 1.575 Collecting requests==2.32.4 (from -r requirements.txt (line 16))
2025-07-15T22:15:00.0807883Z #11 1.579   Downloading requests-2.32.4-py3-none-any.whl.metadata (4.9 kB)
2025-07-15T22:15:00.0808470Z #11 1.600 Collecting urllib3==2.5.0 (from -r requirements.txt (line 17))
2025-07-15T22:15:00.0809047Z #11 1.603   Downloading urllib3-2.5.0-py3-none-any.whl.metadata (6.5 kB)
2025-07-15T22:15:00.0809649Z #11 1.624 Collecting Werkzeug==3.1.3 (from -r requirements.txt (line 18))
2025-07-15T22:15:00.1804961Z #11 1.628   Downloading werkzeug-3.1.3-py3-none-any.whl.metadata (3.7 kB)
2025-07-15T22:15:00.1805994Z #11 1.636 Collecting autodevops-cli==0.1.1 (from -r requirements.txt (line 19))
2025-07-15T22:15:00.1806616Z #11 1.640   Downloading autodevops_cli-0.1.1-py3-none-any.whl.metadata (494 bytes)
2025-07-15T22:15:00.1807136Z #11 1.647 Collecting iniconfig==2.1.0 (from -r requirements.txt (line 20))
2025-07-15T22:15:00.1807613Z #11 1.651   Downloading iniconfig-2.1.0-py3-none-any.whl.metadata (2.7 kB)
2025-07-15T22:15:00.1808071Z #11 1.663 Collecting loguru==0.7.3 (from -r requirements.txt (line 21))
2025-07-15T22:15:00.1808511Z #11 1.667   Downloading loguru-0.7.3-py3-none-any.whl.metadata (22 kB)
2025-07-15T22:15:00.1808964Z #11 1.686 Collecting markdown-it-py==3.0.0 (from -r requirements.txt (line 22))
2025-07-15T22:15:00.1809448Z #11 1.690   Downloading markdown_it_py-3.0.0-py3-none-any.whl.metadata (6.9 kB)
2025-07-15T22:15:00.1809892Z #11 1.724 Collecting mdurl==0.1.2 (from -r requirements.txt (line 23))
2025-07-15T22:15:00.2844563Z #11 1.728   Downloading mdurl-0.1.2-py3-none-any.whl.metadata (1.6 kB)
2025-07-15T22:15:00.2845167Z #11 1.740 Collecting mongomock==4.3.0 (from -r requirements.txt (line 24))
2025-07-15T22:15:00.2846074Z #11 1.745   Downloading mongomock-4.3.0-py2.py3-none-any.whl.metadata (12 kB)
2025-07-15T22:15:00.2846980Z #11 1.757 Collecting packaging==25.0 (from -r requirements.txt (line 25))
2025-07-15T22:15:00.2847845Z #11 1.761   Downloading packaging-25.0-py3-none-any.whl.metadata (3.3 kB)
2025-07-15T22:15:00.2849058Z #11 1.770 Collecting pluggy==1.6.0 (from -r requirements.txt (line 26))
2025-07-15T22:15:00.2849600Z #11 1.774   Downloading pluggy-1.6.0-py3-none-any.whl.metadata (4.8 kB)
2025-07-15T22:15:00.2850134Z #11 1.791 Collecting Pygments==2.19.2 (from -r requirements.txt (line 27))
2025-07-15T22:15:00.2851068Z #11 1.795   Downloading pygments-2.19.2-py3-none-any.whl.metadata (2.5 kB)
2025-07-15T22:15:00.2851650Z #11 1.828 Collecting pytz==2025.2 (from -r requirements.txt (line 28))
2025-07-15T22:15:00.4979119Z #11 1.833   Downloading pytz-2025.2-py2.py3-none-any.whl.metadata (22 kB)
2025-07-15T22:15:00.4979641Z #11 1.868 Collecting rich==14.0.0 (from -r requirements.txt (line 29))
2025-07-15T22:15:00.4980106Z #11 1.872   Downloading rich-14.0.0-py3-none-any.whl.metadata (18 kB)
2025-07-15T22:15:00.4980974Z #11 1.880 Collecting sentinels==1.0.0 (from -r requirements.txt (line 30))
2025-07-15T22:15:00.4981396Z #11 1.885   Downloading sentinels-1.0.0.tar.gz (4.1 kB)
2025-07-15T22:15:00.4981735Z #11 1.891   Preparing metadata (setup.py): started
2025-07-15T22:15:00.9794948Z #11 2.523   Preparing metadata (setup.py): finished with status 'done'
2025-07-15T22:15:01.1248248Z #11 2.537 Collecting sh==2.2.2 (from -r requirements.txt (line 31))
2025-07-15T22:15:01.1249047Z #11 2.543   Downloading sh-2.2.2-py3-none-any.whl.metadata (3.7 kB)
2025-07-15T22:15:01.1249926Z #11 2.579 Collecting exceptiongroup>=1.0.0rc8 (from pytest==8.2.1->-r requirements.txt (line 3))
2025-07-15T22:15:01.1251197Z #11 2.583   Downloading exceptiongroup-1.3.0-py3-none-any.whl.metadata (6.7 kB)
2025-07-15T22:15:01.1252094Z #11 2.596 Collecting tomli>=1 (from pytest==8.2.1->-r requirements.txt (line 3))
2025-07-15T22:15:01.1252890Z #11 2.600   Downloading tomli-2.2.1-py3-none-any.whl.metadata (10 kB)
2025-07-15T22:15:01.1253812Z #11 2.668 Collecting typing-extensions<5.0,>=4.0.0 (from rich==14.0.0->-r requirements.txt (line 29))
2025-07-15T22:15:01.2263547Z #11 2.674   Downloading typing_extensions-4.14.1-py3-none-any.whl.metadata (3.0 kB)
2025-07-15T22:15:01.2264473Z #11 2.689 Downloading flask-3.1.0-py3-none-any.whl (102 kB)
2025-07-15T22:15:01.2265183Z #11 2.695 Downloading flask_pymongo-3.0.1-py3-none-any.whl (11 kB)
2025-07-15T22:15:01.2265829Z #11 2.699 Downloading pytest-8.2.1-py3-none-any.whl (339 kB)
2025-07-15T22:15:01.2266445Z #11 2.705 Downloading pluggy-1.6.0-py3-none-any.whl (20 kB)
2025-07-15T22:15:01.2267093Z #11 2.708 Downloading blinker-1.9.0-py3-none-any.whl (8.5 kB)
2025-07-15T22:15:01.2267762Z #11 2.712 Downloading certifi-2025.7.14-py3-none-any.whl (162 kB)
2025-07-15T22:15:01.2268721Z #11 2.716 Downloading charset_normalizer-3.4.2-cp310-cp310-manylinux_2_17_x86_64.manylinux2014_x86_64.whl (149 kB)
2025-07-15T22:15:01.2269689Z #11 2.721 Downloading click-8.2.1-py3-none-any.whl (102 kB)
2025-07-15T22:15:01.2270617Z #11 2.725 Downloading dnspython-2.7.0-py3-none-any.whl (313 kB)
2025-07-15T22:15:01.2271300Z #11 2.729 Downloading idna-3.10-py3-none-any.whl (70 kB)
2025-07-15T22:15:01.2271960Z #11 2.733 Downloading itsdangerous-2.2.0-py3-none-any.whl (16 kB)
2025-07-15T22:15:01.2272632Z #11 2.737 Downloading jinja2-3.1.6-py3-none-any.whl (134 kB)
2025-07-15T22:15:01.2273520Z #11 2.741 Downloading MarkupSafe-3.0.2-cp310-cp310-manylinux_2_17_x86_64.manylinux2014_x86_64.whl (20 kB)
2025-07-15T22:15:01.2274437Z #11 2.745 Downloading paho_mqtt-2.1.0-py3-none-any.whl (67 kB)
2025-07-15T22:15:01.2275123Z #11 2.748 Downloading pymongo-4.13.2-cp310-cp310-manylinux_2_17_x86_64.manylinux2014_x86_64.whl (1.2 MB)
2025-07-15T22:15:01.2275984Z #11 2.753    ━━━━━━━━━━━━━━━━━━━━━━━━━━━━━━━━━━━━━━━━ 1.2/1.2 MB 467.5 MB/s eta 0:00:00
2025-07-15T22:15:01.2276363Z #11 2.757 Downloading python_dotenv-1.1.1-py3-none-any.whl (20 kB)
2025-07-15T22:15:01.2276732Z #11 2.761 Downloading requests-2.32.4-py3-none-any.whl (64 kB)
2025-07-15T22:15:01.2277094Z #11 2.766 Downloading urllib3-2.5.0-py3-none-any.whl (129 kB)
2025-07-15T22:15:01.2277439Z #11 2.770 Downloading werkzeug-3.1.3-py3-none-any.whl (224 kB)
2025-07-15T22:15:01.3274912Z #11 2.774 Downloading autodevops_cli-0.1.1-py3-none-any.whl (4.1 kB)
2025-07-15T22:15:01.3275681Z #11 2.778 Downloading iniconfig-2.1.0-py3-none-any.whl (6.0 kB)
2025-07-15T22:15:01.3276315Z #11 2.782 Downloading loguru-0.7.3-py3-none-any.whl (61 kB)
2025-07-15T22:15:01.3276750Z #11 2.785 Downloading markdown_it_py-3.0.0-py3-none-any.whl (87 kB)
2025-07-15T22:15:01.3277184Z #11 2.789 Downloading mdurl-0.1.2-py3-none-any.whl (10.0 kB)
2025-07-15T22:15:01.3277596Z #11 2.793 Downloading mongomock-4.3.0-py2.py3-none-any.whl (64 kB)
2025-07-15T22:15:01.3278015Z #11 2.797 Downloading packaging-25.0-py3-none-any.whl (66 kB)
2025-07-15T22:15:01.3278428Z #11 2.801 Downloading pygments-2.19.2-py3-none-any.whl (1.2 MB)
2025-07-15T22:15:01.3279094Z #11 2.805    ━━━━━━━━━━━━━━━━━━━━━━━━━━━━━━━━━━━━━━━━ 1.2/1.2 MB 489.4 MB/s eta 0:00:00
2025-07-15T22:15:01.3279755Z #11 2.809 Downloading pytz-2025.2-py2.py3-none-any.whl (509 kB)
2025-07-15T22:15:01.3280147Z #11 2.814 Downloading rich-14.0.0-py3-none-any.whl (243 kB)
2025-07-15T22:15:01.3280845Z #11 2.818 Downloading sh-2.2.2-py3-none-any.whl (38 kB)
2025-07-15T22:15:01.3281249Z #11 2.822 Downloading typing_extensions-4.14.1-py3-none-any.whl (43 kB)
2025-07-15T22:15:01.3281841Z #11 2.835 Downloading exceptiongroup-1.3.0-py3-none-any.whl (16 kB)
2025-07-15T22:15:01.3282504Z #11 2.838 Downloading tomli-2.2.1-py3-none-any.whl (14 kB)
2025-07-15T22:15:01.3283120Z #11 2.871 Building wheels for collected packages: sentinels
2025-07-15T22:15:01.4795245Z #11 2.872   DEPRECATION: Building 'sentinels' using the legacy setup.py bdist_wheel mechanism, which will be removed in a future version. pip 25.3 will enforce this behaviour change. A possible replacement is to use the standardized build interface by setting the `--use-pep517` option, (possibly combined with `--no-build-isolation`), or adding a `pyproject.toml` file to the source tree of 'sentinels'. Discussion can be found at https://github.com/pypa/pip/issues/6334
2025-07-15T22:15:01.4797293Z #11 2.872   Building wheel for sentinels (setup.py): started
2025-07-15T22:15:02.1280891Z #11 3.671   Building wheel for sentinels (setup.py): finished with status 'done'
2025-07-15T22:15:02.3505573Z #11 3.672   Created wheel for sentinels: filename=sentinels-1.0.0-py3-none-any.whl size=3175 sha256=c9ca0a32a3a109ae74fd1f34b856dd34e0f646e3db2f032285b886c1b35a76ba
2025-07-15T22:15:02.3506741Z #11 3.672   Stored in directory: /tmp/pip-ephem-wheel-cache-pujpth4j/wheels/26/bc/eb/67e56405e0684b3d8c011cf4d18129c41be394775fd5ba2347
2025-07-15T22:15:02.3507414Z #11 3.674 Successfully built sentinels
2025-07-15T22:15:02.3509066Z #11 3.743 Installing collected packages: sentinels, pytz, urllib3, typing-extensions, tomli, sh, python-dotenv, Pygments, pluggy, paho-mqtt, packaging, mdurl, MarkupSafe, loguru, itsdangerous, iniconfig, idna, dnspython, click, charset-normalizer, certifi, blinker, Werkzeug, requests, pymongo, mongomock, markdown-it-py, Jinja2, exceptiongroup, rich, pytest, Flask, Flask-PyMongo, autodevops-cli
2025-07-15T22:15:04.4660631Z #11 6.009 
2025-07-15T22:15:04.6236945Z #11 6.016 Successfully installed Flask-3.1.0 Flask-PyMongo-3.0.1 Jinja2-3.1.6 MarkupSafe-3.0.2 Pygments-2.19.2 Werkzeug-3.1.3 autodevops-cli-0.1.1 blinker-1.9.0 certifi-2025.7.14 charset-normalizer-3.4.2 click-8.2.1 dnspython-2.7.0 exceptiongroup-1.3.0 idna-3.10 iniconfig-2.1.0 itsdangerous-2.2.0 loguru-0.7.3 markdown-it-py-3.0.0 mdurl-0.1.2 mongomock-4.3.0 packaging-25.0 paho-mqtt-2.1.0 pluggy-1.6.0 pymongo-4.13.2 pytest-8.2.1 python-dotenv-1.1.1 pytz-2025.2 requests-2.32.4 rich-14.0.0 sentinels-1.0.0 sh-2.2.2 tomli-2.2.1 typing-extensions-4.14.1 urllib3-2.5.0
2025-07-15T22:15:04.6240299Z #11 6.016 WARNING: Running pip as the 'root' user can result in broken permissions and conflicting behaviour with the system package manager, possibly rendering your system unusable. It is recommended to use a virtual environment instead: https://pip.pypa.io/warnings/venv. Use the --root-user-action option if you know what you are doing and want to suppress this warning.
2025-07-15T22:15:04.6974695Z #11 DONE 6.2s
2025-07-15T22:15:04.8508543Z 
2025-07-15T22:15:04.8508975Z #12 exporting to image
2025-07-15T22:15:04.8509398Z #12 exporting layers
2025-07-15T22:15:06.4592871Z #12 exporting layers 1.8s done
2025-07-15T22:15:06.4923386Z #12 writing image sha256:9fe57cd2ff44eae20479a5d0aeb6c65b4b764aca656ce6473668acbc7ff937ff done
2025-07-15T22:15:06.4925018Z #12 naming to docker.io/***/flask-ci-cd-demo done
2025-07-15T22:15:06.4925395Z #12 DONE 1.8s
2025-07-15T22:15:06.5003336Z ##[group]Run docker push ***/flask-ci-cd-demo
2025-07-15T22:15:06.5003710Z [36;1mdocker push ***/flask-ci-cd-demo[0m
2025-07-15T22:15:06.5033081Z shell: /usr/bin/bash -e {0}
2025-07-15T22:15:06.5033311Z env:
2025-07-15T22:15:06.5033567Z   pythonLocation: /opt/hostedtoolcache/Python/3.10.18/x64
2025-07-15T22:15:06.5033983Z   PKG_CONFIG_PATH: /opt/hostedtoolcache/Python/3.10.18/x64/lib/pkgconfig
2025-07-15T22:15:06.5034399Z   Python_ROOT_DIR: /opt/hostedtoolcache/Python/3.10.18/x64
2025-07-15T22:15:06.5034762Z   Python2_ROOT_DIR: /opt/hostedtoolcache/Python/3.10.18/x64
2025-07-15T22:15:06.5035103Z   Python3_ROOT_DIR: /opt/hostedtoolcache/Python/3.10.18/x64
2025-07-15T22:15:06.5035442Z   LD_LIBRARY_PATH: /opt/hostedtoolcache/Python/3.10.18/x64/lib
2025-07-15T22:15:06.5035728Z ##[endgroup]
2025-07-15T22:15:06.5181154Z Using default tag: latest
2025-07-15T22:15:06.5194607Z The push refers to repository [docker.io/***/flask-ci-cd-demo]
2025-07-15T22:15:06.5869218Z 327d378bce90: Preparing
2025-07-15T22:15:06.5870302Z 288ecb49d7ec: Preparing
2025-07-15T22:15:06.5871122Z ffd4d72b9f15: Preparing
2025-07-15T22:15:06.5871517Z 05cf325ec06a: Preparing
2025-07-15T22:15:06.5872057Z 32c07f7d4425: Preparing
2025-07-15T22:15:06.5872419Z 31abbb538de0: Preparing
2025-07-15T22:15:06.5872850Z a2ccf7527b3c: Preparing
2025-07-15T22:15:06.5873063Z abd92ba2021e: Preparing
2025-07-15T22:15:06.5873273Z 1bb35e8b4de1: Preparing
2025-07-15T22:15:06.5873538Z 31abbb538de0: Waiting
2025-07-15T22:15:06.5873795Z a2ccf7527b3c: Waiting
2025-07-15T22:15:06.5874066Z abd92ba2021e: Waiting
2025-07-15T22:15:06.5874290Z 1bb35e8b4de1: Waiting
2025-07-15T22:15:08.0904172Z 05cf325ec06a: Pushed
2025-07-15T22:15:08.2415898Z 31abbb538de0: Layer already exists
2025-07-15T22:15:08.3796173Z a2ccf7527b3c: Layer already exists
2025-07-15T22:15:08.5374225Z abd92ba2021e: Layer already exists
2025-07-15T22:15:08.6847888Z 1bb35e8b4de1: Layer already exists
2025-07-15T22:15:08.6883115Z 288ecb49d7ec: Pushed
2025-07-15T22:15:09.9551320Z 327d378bce90: Pushed
2025-07-15T22:15:11.1867243Z ffd4d72b9f15: Pushed
2025-07-15T22:15:21.4818949Z 32c07f7d4425: Pushed
2025-07-15T22:15:23.7244154Z latest: digest: sha256:26b7255e3be665cddb8763bfbd531c1ef7645b5f427baf8dbd83f4ccdec0254a size: 2212
2025-07-15T22:15:23.7309227Z Post job cleanup.
2025-07-15T22:15:24.0182218Z [command]/usr/bin/docker logout 
2025-07-15T22:15:24.0307551Z Removing login credentials for https://index.docker.io/v1/
2025-07-15T22:15:24.0340713Z ##[group]Post cache
2025-07-15T22:15:24.0342384Z State not set
2025-07-15T22:15:24.0343662Z ##[endgroup]
2025-07-15T22:15:24.0469093Z Post job cleanup.
2025-07-15T22:15:24.2079858Z Post job cleanup.
2025-07-15T22:15:24.2786112Z [command]/usr/bin/git version
2025-07-15T22:15:24.2819840Z git version 2.50.1
2025-07-15T22:15:24.2863057Z Temporarily overriding HOME='/home/runner/work/_temp/8866a3c2-2341-44ce-b663-20c63c9b0fd6' before making global git config changes
2025-07-15T22:15:24.2864340Z Adding repository directory to the temporary git global config as a safe directory
2025-07-15T22:15:24.2867775Z [command]/usr/bin/git config --global --add safe.directory /home/runner/work/Devops/Devops
2025-07-15T22:15:24.2897970Z [command]/usr/bin/git config --local --name-only --get-regexp core\.sshCommand
2025-07-15T22:15:24.2927049Z [command]/usr/bin/git submodule foreach --recursive sh -c "git config --local --name-only --get-regexp 'core\.sshCommand' && git config --local --unset-all 'core.sshCommand' || :"
2025-07-15T22:15:24.3160218Z [command]/usr/bin/git config --local --name-only --get-regexp http\.https\:\/\/github\.com\/\.extraheader
2025-07-15T22:15:24.3179166Z http.https://github.com/.extraheader
2025-07-15T22:15:24.3190830Z [command]/usr/bin/git config --local --unset-all http.https://github.com/.extraheader
2025-07-15T22:15:24.3217607Z [command]/usr/bin/git submodule foreach --recursive sh -c "git config --local --name-only --get-regexp 'http\.https\:\/\/github\.com\/\.extraheader' && git config --local --unset-all 'http.https://github.com/.extraheader' || :"
2025-07-15T22:15:24.3535868Z Cleaning up orphan processes
