2025-07-16T05:39:53.6949061Z Current runner version: '2.326.0'
2025-07-16T05:39:53.6972376Z ##[group]Runner Image Provisioner
2025-07-16T05:39:53.6973666Z Hosted Compute Agent
2025-07-16T05:39:53.6974730Z Version: 20250711.363
2025-07-16T05:39:53.6975526Z Commit: 6785254374ce925a23743850c1cb91912ce5c14c
2025-07-16T05:39:53.6976284Z Build Date: 2025-07-11T20:04:25Z
2025-07-16T05:39:53.6976914Z ##[endgroup]
2025-07-16T05:39:53.6977438Z ##[group]Operating System
2025-07-16T05:39:53.6978039Z Ubuntu
2025-07-16T05:39:53.6978531Z 24.04.2
2025-07-16T05:39:53.6978971Z LTS
2025-07-16T05:39:53.6979511Z ##[endgroup]
2025-07-16T05:39:53.6980071Z ##[group]Runner Image
2025-07-16T05:39:53.6980668Z Image: ubuntu-24.04
2025-07-16T05:39:53.6981266Z Version: 20250710.1.0
2025-07-16T05:39:53.6982370Z Included Software: https://github.com/actions/runner-images/blob/ubuntu24/20250710.1/images/ubuntu/Ubuntu2404-Readme.md
2025-07-16T05:39:53.6983916Z Image Release: https://github.com/actions/runner-images/releases/tag/ubuntu24%2F20250710.1
2025-07-16T05:39:53.6985267Z ##[endgroup]
2025-07-16T05:39:53.6986442Z ##[group]GITHUB_TOKEN Permissions
2025-07-16T05:39:53.6988495Z Contents: read
2025-07-16T05:39:53.6989033Z Metadata: read
2025-07-16T05:39:53.6989690Z Packages: read
2025-07-16T05:39:53.6990215Z ##[endgroup]
2025-07-16T05:39:53.6992125Z Secret source: Actions
2025-07-16T05:39:53.6993203Z Prepare workflow directory
2025-07-16T05:39:53.7303015Z Prepare all required actions
2025-07-16T05:39:53.7340738Z Getting action download info
2025-07-16T05:39:54.0298965Z ##[group]Download immutable action package 'actions/checkout@v3'
2025-07-16T05:39:54.0299962Z Version: 3.6.0
2025-07-16T05:39:54.0300928Z Digest: sha256:942562b9c7d4b1f2557f1da21f4d3eb4eb4fd01f2ad78b2a6e187d1b193e0a0f
2025-07-16T05:39:54.0302186Z Source commit SHA: f43a0e5ff2bd294095638e18286ca9a3d1956744
2025-07-16T05:39:54.0302907Z ##[endgroup]
2025-07-16T05:39:54.1231204Z ##[group]Download immutable action package 'actions/setup-python@v4'
2025-07-16T05:39:54.1232021Z Version: 4.9.1
2025-07-16T05:39:54.1232864Z Digest: sha256:f03e505388af670b5a108629e0ba26befc08d5c62b41f46146a45fe29ae509a5
2025-07-16T05:39:54.1233781Z Source commit SHA: 7f4fc3e22c37d6ff65e88745f38bd3157c663f7c
2025-07-16T05:39:54.1234745Z ##[endgroup]
2025-07-16T05:39:54.3824618Z ##[group]Download immutable action package 'docker/login-action@v3'
2025-07-16T05:39:54.3825407Z Version: 3.4.0
2025-07-16T05:39:54.3826175Z Digest: sha256:864ebd28db095e1602e6ef999f46a4f575083ea874918fbccf0994c2a7680450
2025-07-16T05:39:54.3827176Z Source commit SHA: 74a5d142397b4f367a81961eba4e8cd7edddf772
2025-07-16T05:39:54.3827876Z ##[endgroup]
2025-07-16T05:39:54.7441474Z Complete job name: build-test-deploy
2025-07-16T05:39:54.8110763Z ##[group]Run actions/checkout@v3
2025-07-16T05:39:54.8111597Z with:
2025-07-16T05:39:54.8112007Z   repository: Dinesh-4/Devops
2025-07-16T05:39:54.8112648Z   token: ***
2025-07-16T05:39:54.8113032Z   ssh-strict: true
2025-07-16T05:39:54.8113457Z   persist-credentials: true
2025-07-16T05:39:54.8113912Z   clean: true
2025-07-16T05:39:54.8114512Z   sparse-checkout-cone-mode: true
2025-07-16T05:39:54.8115024Z   fetch-depth: 1
2025-07-16T05:39:54.8115418Z   fetch-tags: false
2025-07-16T05:39:54.8115808Z   lfs: false
2025-07-16T05:39:54.8116187Z   submodules: false
2025-07-16T05:39:54.8116605Z   set-safe-directory: true
2025-07-16T05:39:54.8117280Z ##[endgroup]
2025-07-16T05:39:54.8951615Z Syncing repository: Dinesh-4/Devops
2025-07-16T05:39:54.8953282Z ##[group]Getting Git version info
2025-07-16T05:39:54.8953961Z Working directory is '/home/runner/work/Devops/Devops'
2025-07-16T05:39:54.8955219Z [command]/usr/bin/git version
2025-07-16T05:39:54.8980906Z git version 2.50.1
2025-07-16T05:39:54.9007427Z ##[endgroup]
2025-07-16T05:39:54.9020802Z Temporarily overriding HOME='/home/runner/work/_temp/c7d16dd2-e7b5-47f5-930c-8698cb168026' before making global git config changes
2025-07-16T05:39:54.9022166Z Adding repository directory to the temporary git global config as a safe directory
2025-07-16T05:39:54.9023913Z [command]/usr/bin/git config --global --add safe.directory /home/runner/work/Devops/Devops
2025-07-16T05:39:54.9055916Z Deleting the contents of '/home/runner/work/Devops/Devops'
2025-07-16T05:39:54.9059568Z ##[group]Initializing the repository
2025-07-16T05:39:54.9062206Z [command]/usr/bin/git init /home/runner/work/Devops/Devops
2025-07-16T05:39:54.9123300Z hint: Using 'master' as the name for the initial branch. This default branch name
2025-07-16T05:39:54.9125553Z hint: is subject to change. To configure the initial branch name to use in all
2025-07-16T05:39:54.9127082Z hint: of your new repositories, which will suppress this warning, call:
2025-07-16T05:39:54.9127802Z hint:
2025-07-16T05:39:54.9128304Z hint: 	git config --global init.defaultBranch <name>
2025-07-16T05:39:54.9128866Z hint:
2025-07-16T05:39:54.9129533Z hint: Names commonly chosen instead of 'master' are 'main', 'trunk' and
2025-07-16T05:39:54.9130418Z hint: 'development'. The just-created branch can be renamed via this command:
2025-07-16T05:39:54.9131322Z hint:
2025-07-16T05:39:54.9132009Z hint: 	git branch -m <name>
2025-07-16T05:39:54.9132503Z hint:
2025-07-16T05:39:54.9133097Z hint: Disable this message with "git config set advice.defaultBranchName false"
2025-07-16T05:39:54.9134039Z Initialized empty Git repository in /home/runner/work/Devops/Devops/.git/
2025-07-16T05:39:54.9136216Z [command]/usr/bin/git remote add origin https://github.com/Dinesh-4/Devops
2025-07-16T05:39:54.9166463Z ##[endgroup]
2025-07-16T05:39:54.9167805Z ##[group]Disabling automatic garbage collection
2025-07-16T05:39:54.9170288Z [command]/usr/bin/git config --local gc.auto 0
2025-07-16T05:39:54.9196830Z ##[endgroup]
2025-07-16T05:39:54.9198118Z ##[group]Setting up auth
2025-07-16T05:39:54.9202839Z [command]/usr/bin/git config --local --name-only --get-regexp core\.sshCommand
2025-07-16T05:39:54.9230472Z [command]/usr/bin/git submodule foreach --recursive sh -c "git config --local --name-only --get-regexp 'core\.sshCommand' && git config --local --unset-all 'core.sshCommand' || :"
2025-07-16T05:39:54.9483084Z [command]/usr/bin/git config --local --name-only --get-regexp http\.https\:\/\/github\.com\/\.extraheader
2025-07-16T05:39:54.9513514Z [command]/usr/bin/git submodule foreach --recursive sh -c "git config --local --name-only --get-regexp 'http\.https\:\/\/github\.com\/\.extraheader' && git config --local --unset-all 'http.https://github.com/.extraheader' || :"
2025-07-16T05:39:54.9729989Z [command]/usr/bin/git config --local http.https://github.com/.extraheader AUTHORIZATION: basic ***
2025-07-16T05:39:54.9763644Z ##[endgroup]
2025-07-16T05:39:54.9765209Z ##[group]Fetching the repository
2025-07-16T05:39:54.9773654Z [command]/usr/bin/git -c protocol.version=2 fetch --no-tags --prune --progress --no-recurse-submodules --depth=1 origin +e618c68cb28a38acbc54bf5af7538fb9f1845691:refs/remotes/origin/main
2025-07-16T05:39:55.1454628Z remote: Enumerating objects: 4182, done.        
2025-07-16T05:39:55.1456492Z remote: Counting objects:   0% (1/4182)        
2025-07-16T05:39:55.1458080Z remote: Counting objects:   1% (42/4182)        
2025-07-16T05:39:55.1459240Z remote: Counting objects:   2% (84/4182)        
2025-07-16T05:39:55.1460144Z remote: Counting objects:   3% (126/4182)        
2025-07-16T05:39:55.1461049Z remote: Counting objects:   4% (168/4182)        
2025-07-16T05:39:55.1461957Z remote: Counting objects:   5% (210/4182)        
2025-07-16T05:39:55.1462860Z remote: Counting objects:   6% (251/4182)        
2025-07-16T05:39:55.1463748Z remote: Counting objects:   7% (293/4182)        
2025-07-16T05:39:55.1464927Z remote: Counting objects:   8% (335/4182)        
2025-07-16T05:39:55.1465837Z remote: Counting objects:   9% (377/4182)        
2025-07-16T05:39:55.1466725Z remote: Counting objects:  10% (419/4182)        
2025-07-16T05:39:55.1467685Z remote: Counting objects:  11% (461/4182)        
2025-07-16T05:39:55.1468661Z remote: Counting objects:  12% (502/4182)        
2025-07-16T05:39:55.1469664Z remote: Counting objects:  13% (544/4182)        
2025-07-16T05:39:55.1470687Z remote: Counting objects:  14% (586/4182)        
2025-07-16T05:39:55.1471996Z remote: Counting objects:  15% (628/4182)        
2025-07-16T05:39:55.1473098Z remote: Counting objects:  16% (670/4182)        
2025-07-16T05:39:55.1474418Z remote: Counting objects:  17% (711/4182)        
2025-07-16T05:39:55.1475552Z remote: Counting objects:  18% (753/4182)        
2025-07-16T05:39:55.1476681Z remote: Counting objects:  19% (795/4182)        
2025-07-16T05:39:55.1477858Z remote: Counting objects:  20% (837/4182)        
2025-07-16T05:39:55.1479089Z remote: Counting objects:  21% (879/4182)        
2025-07-16T05:39:55.1480345Z remote: Counting objects:  22% (921/4182)        
2025-07-16T05:39:55.1481597Z remote: Counting objects:  23% (962/4182)        
2025-07-16T05:39:55.1482953Z remote: Counting objects:  24% (1004/4182)        
2025-07-16T05:39:55.1484507Z remote: Counting objects:  25% (1046/4182)        
2025-07-16T05:39:55.1485922Z remote: Counting objects:  26% (1088/4182)        
2025-07-16T05:39:55.1487340Z remote: Counting objects:  27% (1130/4182)        
2025-07-16T05:39:55.1488800Z remote: Counting objects:  28% (1171/4182)        
2025-07-16T05:39:55.1490224Z remote: Counting objects:  29% (1213/4182)        
2025-07-16T05:39:55.1491649Z remote: Counting objects:  30% (1255/4182)        
2025-07-16T05:39:55.1493111Z remote: Counting objects:  31% (1297/4182)        
2025-07-16T05:39:55.1494754Z remote: Counting objects:  32% (1339/4182)        
2025-07-16T05:39:55.1496225Z remote: Counting objects:  33% (1381/4182)        
2025-07-16T05:39:55.1497681Z remote: Counting objects:  34% (1422/4182)        
2025-07-16T05:39:55.1499179Z remote: Counting objects:  35% (1464/4182)        
2025-07-16T05:39:55.1500652Z remote: Counting objects:  36% (1506/4182)        
2025-07-16T05:39:55.1502126Z remote: Counting objects:  37% (1548/4182)        
2025-07-16T05:39:55.1504528Z remote: Counting objects:  38% (1590/4182)        
2025-07-16T05:39:55.1506794Z remote: Counting objects:  39% (1631/4182)        
2025-07-16T05:39:55.1508649Z remote: Counting objects:  40% (1673/4182)        
2025-07-16T05:39:55.1510231Z remote: Counting objects:  41% (1715/4182)        
2025-07-16T05:39:55.1511811Z remote: Counting objects:  42% (1757/4182)        
2025-07-16T05:39:55.1513387Z remote: Counting objects:  43% (1799/4182)        
2025-07-16T05:39:55.1515559Z remote: Counting objects:  44% (1841/4182)        
2025-07-16T05:39:55.1517312Z remote: Counting objects:  45% (1882/4182)        
2025-07-16T05:39:55.1518833Z remote: Counting objects:  46% (1924/4182)        
2025-07-16T05:39:55.1520339Z remote: Counting objects:  47% (1966/4182)        
2025-07-16T05:39:55.1522085Z remote: Counting objects:  48% (2008/4182)        
2025-07-16T05:39:55.1523603Z remote: Counting objects:  49% (2050/4182)        
2025-07-16T05:39:55.1525297Z remote: Counting objects:  50% (2091/4182)        
2025-07-16T05:39:55.1526948Z remote: Counting objects:  51% (2133/4182)        
2025-07-16T05:39:55.1528414Z remote: Counting objects:  52% (2175/4182)        
2025-07-16T05:39:55.1529885Z remote: Counting objects:  53% (2217/4182)        
2025-07-16T05:39:55.1531345Z remote: Counting objects:  54% (2259/4182)        
2025-07-16T05:39:55.1533006Z remote: Counting objects:  55% (2301/4182)        
2025-07-16T05:39:55.1535381Z remote: Counting objects:  56% (2342/4182)        
2025-07-16T05:39:55.1537021Z remote: Counting objects:  57% (2384/4182)        
2025-07-16T05:39:55.1538467Z remote: Counting objects:  58% (2426/4182)        
2025-07-16T05:39:55.1539912Z remote: Counting objects:  59% (2468/4182)        
2025-07-16T05:39:55.1541372Z remote: Counting objects:  60% (2510/4182)        
2025-07-16T05:39:55.1543072Z remote: Counting objects:  61% (2552/4182)        
2025-07-16T05:39:55.1545090Z remote: Counting objects:  62% (2593/4182)        
2025-07-16T05:39:55.1547015Z remote: Counting objects:  63% (2635/4182)        
2025-07-16T05:39:55.1549243Z remote: Counting objects:  64% (2677/4182)        
2025-07-16T05:39:55.1551637Z remote: Counting objects:  65% (2719/4182)        
2025-07-16T05:39:55.1554282Z remote: Counting objects:  66% (2761/4182)        
2025-07-16T05:39:55.1556548Z remote: Counting objects:  67% (2802/4182)        
2025-07-16T05:39:55.1558212Z remote: Counting objects:  68% (2844/4182)        
2025-07-16T05:39:55.1559700Z remote: Counting objects:  69% (2886/4182)        
2025-07-16T05:39:55.1561266Z remote: Counting objects:  70% (2928/4182)        
2025-07-16T05:39:55.1562940Z remote: Counting objects:  71% (2970/4182)        
2025-07-16T05:39:55.1564756Z remote: Counting objects:  72% (3012/4182)        
2025-07-16T05:39:55.1566266Z remote: Counting objects:  73% (3053/4182)        
2025-07-16T05:39:55.1567768Z remote: Counting objects:  74% (3095/4182)        
2025-07-16T05:39:55.1569236Z remote: Counting objects:  75% (3137/4182)        
2025-07-16T05:39:55.1571084Z remote: Counting objects:  76% (3179/4182)        
2025-07-16T05:39:55.1572547Z remote: Counting objects:  77% (3221/4182)        
2025-07-16T05:39:55.1573993Z remote: Counting objects:  78% (3262/4182)        
2025-07-16T05:39:55.1575673Z remote: Counting objects:  79% (3304/4182)        
2025-07-16T05:39:55.1577097Z remote: Counting objects:  80% (3346/4182)        
2025-07-16T05:39:55.1578531Z remote: Counting objects:  81% (3388/4182)        
2025-07-16T05:39:55.1579969Z remote: Counting objects:  82% (3430/4182)        
2025-07-16T05:39:55.1581392Z remote: Counting objects:  83% (3472/4182)        
2025-07-16T05:39:55.1582946Z remote: Counting objects:  84% (3513/4182)        
2025-07-16T05:39:55.1584603Z remote: Counting objects:  85% (3555/4182)        
2025-07-16T05:39:55.1586073Z remote: Counting objects:  86% (3597/4182)        
2025-07-16T05:39:55.1587608Z remote: Counting objects:  87% (3639/4182)        
2025-07-16T05:39:55.1589657Z remote: Counting objects:  88% (3681/4182)        
2025-07-16T05:39:55.1591309Z remote: Counting objects:  89% (3722/4182)        
2025-07-16T05:39:55.1592727Z remote: Counting objects:  90% (3764/4182)        
2025-07-16T05:39:55.1594288Z remote: Counting objects:  91% (3806/4182)        
2025-07-16T05:39:55.1595741Z remote: Counting objects:  92% (3848/4182)        
2025-07-16T05:39:55.1597167Z remote: Counting objects:  93% (3890/4182)        
2025-07-16T05:39:55.1598585Z remote: Counting objects:  94% (3932/4182)        
2025-07-16T05:39:55.1600028Z remote: Counting objects:  95% (3973/4182)        
2025-07-16T05:39:55.1601767Z remote: Counting objects:  96% (4015/4182)        
2025-07-16T05:39:55.1603206Z remote: Counting objects:  97% (4057/4182)        
2025-07-16T05:39:55.1604960Z remote: Counting objects:  98% (4099/4182)        
2025-07-16T05:39:55.1606670Z remote: Counting objects:  99% (4141/4182)        
2025-07-16T05:39:55.1608071Z remote: Counting objects: 100% (4182/4182)        
2025-07-16T05:39:55.1609543Z remote: Counting objects: 100% (4182/4182), done.        
2025-07-16T05:39:55.1611390Z remote: Compressing objects:   0% (1/3567)        
2025-07-16T05:39:55.1612798Z remote: Compressing objects:   1% (36/3567)        
2025-07-16T05:39:55.1614427Z remote: Compressing objects:   2% (72/3567)        
2025-07-16T05:39:55.1616174Z remote: Compressing objects:   3% (108/3567)        
2025-07-16T05:39:55.1618006Z remote: Compressing objects:   4% (143/3567)        
2025-07-16T05:39:55.1619466Z remote: Compressing objects:   5% (179/3567)        
2025-07-16T05:39:55.1620921Z remote: Compressing objects:   6% (215/3567)        
2025-07-16T05:39:55.1622355Z remote: Compressing objects:   7% (250/3567)        
2025-07-16T05:39:55.1623804Z remote: Compressing objects:   8% (286/3567)        
2025-07-16T05:39:55.1625823Z remote: Compressing objects:   9% (322/3567)        
2025-07-16T05:39:55.1627728Z remote: Compressing objects:  10% (357/3567)        
2025-07-16T05:39:55.1629206Z remote: Compressing objects:  11% (393/3567)        
2025-07-16T05:39:55.1630634Z remote: Compressing objects:  12% (429/3567)        
2025-07-16T05:39:55.1632073Z remote: Compressing objects:  13% (464/3567)        
2025-07-16T05:39:55.1633495Z remote: Compressing objects:  14% (500/3567)        
2025-07-16T05:39:55.1635283Z remote: Compressing objects:  15% (536/3567)        
2025-07-16T05:39:55.1636733Z remote: Compressing objects:  16% (571/3567)        
2025-07-16T05:39:55.1638161Z remote: Compressing objects:  17% (607/3567)        
2025-07-16T05:39:55.1639591Z remote: Compressing objects:  18% (643/3567)        
2025-07-16T05:39:55.1641018Z remote: Compressing objects:  19% (678/3567)        
2025-07-16T05:39:55.1642441Z remote: Compressing objects:  20% (714/3567)        
2025-07-16T05:39:55.1644387Z remote: Compressing objects:  21% (750/3567)        
2025-07-16T05:39:55.1645864Z remote: Compressing objects:  22% (785/3567)        
2025-07-16T05:39:55.1647288Z remote: Compressing objects:  23% (821/3567)        
2025-07-16T05:39:55.1648711Z remote: Compressing objects:  24% (857/3567)        
2025-07-16T05:39:55.1650150Z remote: Compressing objects:  25% (892/3567)        
2025-07-16T05:39:55.1651571Z remote: Compressing objects:  26% (928/3567)        
2025-07-16T05:39:55.1652997Z remote: Compressing objects:  27% (964/3567)        
2025-07-16T05:39:55.1654647Z remote: Compressing objects:  28% (999/3567)        
2025-07-16T05:39:55.1656406Z remote: Compressing objects:  29% (1035/3567)        
2025-07-16T05:39:55.1657882Z remote: Compressing objects:  30% (1071/3567)        
2025-07-16T05:39:55.1659322Z remote: Compressing objects:  31% (1106/3567)        
2025-07-16T05:39:55.1660766Z remote: Compressing objects:  32% (1142/3567)        
2025-07-16T05:39:55.1662217Z remote: Compressing objects:  33% (1178/3567)        
2025-07-16T05:39:55.1663648Z remote: Compressing objects:  34% (1213/3567)        
2025-07-16T05:39:55.1666189Z remote: Compressing objects:  35% (1249/3567)        
2025-07-16T05:39:55.1668425Z remote: Compressing objects:  36% (1285/3567)        
2025-07-16T05:39:55.1670595Z remote: Compressing objects:  37% (1320/3567)        
2025-07-16T05:39:55.1672900Z remote: Compressing objects:  38% (1356/3567)        
2025-07-16T05:39:55.1675536Z remote: Compressing objects:  39% (1392/3567)        
2025-07-16T05:39:55.1677861Z remote: Compressing objects:  40% (1427/3567)        
2025-07-16T05:39:55.1679684Z remote: Compressing objects:  41% (1463/3567)        
2025-07-16T05:39:55.1681158Z remote: Compressing objects:  42% (1499/3567)        
2025-07-16T05:39:55.1682620Z remote: Compressing objects:  43% (1534/3567)        
2025-07-16T05:39:55.1684393Z remote: Compressing objects:  44% (1570/3567)        
2025-07-16T05:39:55.1685861Z remote: Compressing objects:  45% (1606/3567)        
2025-07-16T05:39:55.1687266Z remote: Compressing objects:  46% (1641/3567)        
2025-07-16T05:39:55.1689233Z remote: Compressing objects:  47% (1677/3567)        
2025-07-16T05:39:55.1691272Z remote: Compressing objects:  48% (1713/3567)        
2025-07-16T05:39:55.1693052Z remote: Compressing objects:  49% (1748/3567)        
2025-07-16T05:39:55.1695422Z remote: Compressing objects:  50% (1784/3567)        
2025-07-16T05:39:55.1697705Z remote: Compressing objects:  51% (1820/3567)        
2025-07-16T05:39:55.1700076Z remote: Compressing objects:  52% (1855/3567)        
2025-07-16T05:39:55.1702358Z remote: Compressing objects:  53% (1891/3567)        
2025-07-16T05:39:55.1704007Z remote: Compressing objects:  54% (1927/3567)        
2025-07-16T05:39:55.1705792Z remote: Compressing objects:  55% (1962/3567)        
2025-07-16T05:39:55.1707575Z remote: Compressing objects:  56% (1998/3567)        
2025-07-16T05:39:55.1709835Z remote: Compressing objects:  57% (2034/3567)        
2025-07-16T05:39:55.1712169Z remote: Compressing objects:  58% (2069/3567)        
2025-07-16T05:39:55.1714636Z remote: Compressing objects:  59% (2105/3567)        
2025-07-16T05:39:55.1716913Z remote: Compressing objects:  60% (2141/3567)        
2025-07-16T05:39:55.1719172Z remote: Compressing objects:  61% (2176/3567)        
2025-07-16T05:39:55.1721443Z remote: Compressing objects:  62% (2212/3567)        
2025-07-16T05:39:55.1724012Z remote: Compressing objects:  63% (2248/3567)        
2025-07-16T05:39:55.1727333Z remote: Compressing objects:  64% (2283/3567)        
2025-07-16T05:39:55.1729607Z remote: Compressing objects:  65% (2319/3567)        
2025-07-16T05:39:55.1731865Z remote: Compressing objects:  66% (2355/3567)        
2025-07-16T05:39:55.1734101Z remote: Compressing objects:  67% (2390/3567)        
2025-07-16T05:39:55.1736518Z remote: Compressing objects:  68% (2426/3567)        
2025-07-16T05:39:55.1738757Z remote: Compressing objects:  69% (2462/3567)        
2025-07-16T05:39:55.1740998Z remote: Compressing objects:  70% (2497/3567)        
2025-07-16T05:39:55.1743253Z remote: Compressing objects:  71% (2533/3567)        
2025-07-16T05:39:55.1745653Z remote: Compressing objects:  72% (2569/3567)        
2025-07-16T05:39:55.1747888Z remote: Compressing objects:  73% (2604/3567)        
2025-07-16T05:39:55.1750127Z remote: Compressing objects:  74% (2640/3567)        
2025-07-16T05:39:55.1752366Z remote: Compressing objects:  75% (2676/3567)        
2025-07-16T05:39:55.1754736Z remote: Compressing objects:  76% (2711/3567)        
2025-07-16T05:39:55.1756984Z remote: Compressing objects:  77% (2747/3567)        
2025-07-16T05:39:55.1759232Z remote: Compressing objects:  78% (2783/3567)        
2025-07-16T05:39:55.1761462Z remote: Compressing objects:  79% (2818/3567)        
2025-07-16T05:39:55.1763692Z remote: Compressing objects:  80% (2854/3567)        
2025-07-16T05:39:55.1766055Z remote: Compressing objects:  81% (2890/3567)        
2025-07-16T05:39:55.1768301Z remote: Compressing objects:  82% (2925/3567)        
2025-07-16T05:39:55.1770529Z remote: Compressing objects:  83% (2961/3567)        
2025-07-16T05:39:55.1772765Z remote: Compressing objects:  84% (2997/3567)        
2025-07-16T05:39:55.1775127Z remote: Compressing objects:  85% (3032/3567)        
2025-07-16T05:39:55.1777364Z remote: Compressing objects:  86% (3068/3567)        
2025-07-16T05:39:55.1779684Z remote: Compressing objects:  87% (3104/3567)        
2025-07-16T05:39:55.1781909Z remote: Compressing objects:  88% (3139/3567)        
2025-07-16T05:39:55.1784281Z remote: Compressing objects:  89% (3175/3567)        
2025-07-16T05:39:55.1786509Z remote: Compressing objects:  90% (3211/3567)        
2025-07-16T05:39:55.1788724Z remote: Compressing objects:  91% (3246/3567)        
2025-07-16T05:39:55.1790957Z remote: Compressing objects:  92% (3282/3567)        
2025-07-16T05:39:55.1793210Z remote: Compressing objects:  93% (3318/3567)        
2025-07-16T05:39:55.1795554Z remote: Compressing objects:  94% (3353/3567)        
2025-07-16T05:39:55.1797779Z remote: Compressing objects:  95% (3389/3567)        
2025-07-16T05:39:55.1800255Z remote: Compressing objects:  96% (3425/3567)        
2025-07-16T05:39:55.1802483Z remote: Compressing objects:  97% (3460/3567)        
2025-07-16T05:39:55.1804832Z remote: Compressing objects:  98% (3496/3567)        
2025-07-16T05:39:55.1807052Z remote: Compressing objects:  99% (3532/3567)        
2025-07-16T05:39:55.1809264Z remote: Compressing objects: 100% (3567/3567)        
2025-07-16T05:39:55.1811629Z remote: Compressing objects: 100% (3567/3567), done.        
2025-07-16T05:39:55.1813775Z Receiving objects:   0% (1/4182)
2025-07-16T05:39:55.1815592Z Receiving objects:   1% (42/4182)
2025-07-16T05:39:55.1817236Z Receiving objects:   2% (84/4182)
2025-07-16T05:39:55.2182991Z Receiving objects:   3% (126/4182)
2025-07-16T05:39:55.2342884Z Receiving objects:   4% (168/4182)
2025-07-16T05:39:55.2488395Z Receiving objects:   5% (210/4182)
2025-07-16T05:39:55.2537094Z Receiving objects:   6% (251/4182)
2025-07-16T05:39:55.2893869Z Receiving objects:   7% (293/4182)
2025-07-16T05:39:55.2925434Z Receiving objects:   8% (335/4182)
2025-07-16T05:39:55.3099376Z Receiving objects:   9% (377/4182)
2025-07-16T05:39:55.3201299Z Receiving objects:  10% (419/4182)
2025-07-16T05:39:55.3285928Z Receiving objects:  11% (461/4182)
2025-07-16T05:39:55.3340546Z Receiving objects:  12% (502/4182)
2025-07-16T05:39:55.3381171Z Receiving objects:  13% (544/4182)
2025-07-16T05:39:55.3386085Z Receiving objects:  14% (586/4182)
2025-07-16T05:39:55.3398437Z Receiving objects:  15% (628/4182)
2025-07-16T05:39:55.3406129Z Receiving objects:  16% (670/4182)
2025-07-16T05:39:55.3440675Z Receiving objects:  17% (711/4182)
2025-07-16T05:39:55.3462986Z Receiving objects:  18% (753/4182)
2025-07-16T05:39:55.3529276Z Receiving objects:  19% (795/4182)
2025-07-16T05:39:55.3591476Z Receiving objects:  20% (837/4182)
2025-07-16T05:39:55.3638628Z Receiving objects:  21% (879/4182)
2025-07-16T05:39:55.3689181Z Receiving objects:  22% (921/4182)
2025-07-16T05:39:55.3752448Z Receiving objects:  23% (962/4182)
2025-07-16T05:39:55.3789726Z Receiving objects:  24% (1004/4182)
2025-07-16T05:39:55.3805388Z Receiving objects:  25% (1046/4182)
2025-07-16T05:39:55.3820927Z Receiving objects:  26% (1088/4182)
2025-07-16T05:39:55.3834866Z Receiving objects:  27% (1130/4182)
2025-07-16T05:39:55.3848095Z Receiving objects:  28% (1171/4182)
2025-07-16T05:39:55.3885818Z Receiving objects:  29% (1213/4182)
2025-07-16T05:39:55.3917326Z Receiving objects:  30% (1255/4182)
2025-07-16T05:39:55.3950579Z Receiving objects:  31% (1297/4182)
2025-07-16T05:39:55.3985138Z Receiving objects:  32% (1339/4182)
2025-07-16T05:39:55.4011654Z Receiving objects:  33% (1381/4182)
2025-07-16T05:39:55.4046573Z Receiving objects:  34% (1422/4182)
2025-07-16T05:39:55.4072915Z Receiving objects:  35% (1464/4182)
2025-07-16T05:39:55.4096992Z Receiving objects:  36% (1506/4182)
2025-07-16T05:39:55.4143778Z Receiving objects:  37% (1548/4182)
2025-07-16T05:39:55.4167562Z Receiving objects:  38% (1590/4182)
2025-07-16T05:39:55.4212726Z Receiving objects:  39% (1631/4182)
2025-07-16T05:39:55.4233510Z Receiving objects:  40% (1673/4182)
2025-07-16T05:39:55.4283940Z Receiving objects:  41% (1715/4182)
2025-07-16T05:39:55.4319149Z Receiving objects:  42% (1757/4182)
2025-07-16T05:39:55.4366871Z Receiving objects:  43% (1799/4182)
2025-07-16T05:39:55.4440362Z Receiving objects:  44% (1841/4182)
2025-07-16T05:39:55.4489177Z Receiving objects:  45% (1882/4182)
2025-07-16T05:39:55.4519726Z Receiving objects:  46% (1924/4182)
2025-07-16T05:39:55.4555008Z Receiving objects:  47% (1966/4182)
2025-07-16T05:39:55.4633156Z Receiving objects:  48% (2008/4182)
2025-07-16T05:39:55.4678341Z Receiving objects:  49% (2050/4182)
2025-07-16T05:39:55.4713060Z Receiving objects:  50% (2091/4182)
2025-07-16T05:39:55.4750777Z Receiving objects:  51% (2133/4182)
2025-07-16T05:39:55.4805736Z Receiving objects:  52% (2175/4182)
2025-07-16T05:39:55.4851397Z Receiving objects:  53% (2217/4182)
2025-07-16T05:39:55.4875411Z Receiving objects:  54% (2259/4182)
2025-07-16T05:39:55.4911448Z Receiving objects:  55% (2301/4182)
2025-07-16T05:39:55.4942950Z Receiving objects:  56% (2342/4182)
2025-07-16T05:39:55.4991847Z Receiving objects:  57% (2384/4182)
2025-07-16T05:39:55.5015989Z Receiving objects:  58% (2426/4182)
2025-07-16T05:39:55.5040177Z Receiving objects:  59% (2468/4182)
2025-07-16T05:39:55.5058472Z Receiving objects:  60% (2510/4182)
2025-07-16T05:39:55.5120444Z Receiving objects:  61% (2552/4182)
2025-07-16T05:39:55.5161454Z Receiving objects:  62% (2593/4182)
2025-07-16T05:39:55.5212929Z Receiving objects:  63% (2635/4182)
2025-07-16T05:39:55.5286976Z Receiving objects:  64% (2677/4182)
2025-07-16T05:39:55.5338764Z Receiving objects:  65% (2719/4182)
2025-07-16T05:39:55.5388172Z Receiving objects:  66% (2761/4182)
2025-07-16T05:39:55.5445027Z Receiving objects:  67% (2802/4182)
2025-07-16T05:39:55.5498548Z Receiving objects:  68% (2844/4182)
2025-07-16T05:39:55.5536800Z Receiving objects:  69% (2886/4182)
2025-07-16T05:39:55.5595645Z Receiving objects:  70% (2928/4182)
2025-07-16T05:39:55.5651701Z Receiving objects:  71% (2970/4182)
2025-07-16T05:39:55.5687049Z Receiving objects:  72% (3012/4182)
2025-07-16T05:39:55.5709863Z Receiving objects:  73% (3053/4182)
2025-07-16T05:39:55.5724588Z Receiving objects:  74% (3095/4182)
2025-07-16T05:39:55.5735788Z Receiving objects:  75% (3137/4182)
2025-07-16T05:39:55.5757508Z Receiving objects:  76% (3179/4182)
2025-07-16T05:39:55.5806815Z Receiving objects:  77% (3221/4182)
2025-07-16T05:39:55.5905506Z Receiving objects:  78% (3262/4182)
2025-07-16T05:39:55.5951546Z Receiving objects:  79% (3304/4182)
2025-07-16T05:39:55.6008125Z Receiving objects:  80% (3346/4182)
2025-07-16T05:39:55.6032943Z Receiving objects:  81% (3388/4182)
2025-07-16T05:39:55.6057661Z Receiving objects:  82% (3430/4182)
2025-07-16T05:39:55.6065364Z Receiving objects:  83% (3472/4182)
2025-07-16T05:39:55.6075977Z Receiving objects:  84% (3513/4182)
2025-07-16T05:39:55.6084637Z Receiving objects:  85% (3555/4182)
2025-07-16T05:39:55.6090822Z Receiving objects:  86% (3597/4182)
2025-07-16T05:39:55.6097612Z Receiving objects:  87% (3639/4182)
2025-07-16T05:39:55.6105094Z Receiving objects:  88% (3681/4182)
2025-07-16T05:39:55.6108929Z Receiving objects:  89% (3722/4182)
2025-07-16T05:39:55.6115806Z Receiving objects:  90% (3764/4182)
2025-07-16T05:39:55.6135354Z Receiving objects:  91% (3806/4182)
2025-07-16T05:39:55.6144373Z Receiving objects:  92% (3848/4182)
2025-07-16T05:39:55.6174438Z Receiving objects:  93% (3890/4182)
2025-07-16T05:39:55.6180892Z Receiving objects:  94% (3932/4182)
2025-07-16T05:39:55.6227388Z Receiving objects:  95% (3973/4182)
2025-07-16T05:39:55.6252340Z Receiving objects:  96% (4015/4182)
2025-07-16T05:39:55.6312855Z Receiving objects:  97% (4057/4182)
2025-07-16T05:39:55.6349555Z Receiving objects:  98% (4099/4182)
2025-07-16T05:39:55.6386567Z Receiving objects:  99% (4141/4182)
2025-07-16T05:39:55.6388986Z remote: Total 4182 (delta 576), reused 4159 (delta 570), pack-reused 0 (from 0)        
2025-07-16T05:39:55.6405294Z Receiving objects: 100% (4182/4182)
2025-07-16T05:39:55.6407383Z Receiving objects: 100% (4182/4182), 14.19 MiB | 29.48 MiB/s, done.
2025-07-16T05:39:55.6409870Z Resolving deltas:   0% (0/576)
2025-07-16T05:39:55.6412235Z Resolving deltas:   1% (6/576)
2025-07-16T05:39:55.6413717Z Resolving deltas:   2% (12/576)
2025-07-16T05:39:55.6415351Z Resolving deltas:   3% (18/576)
2025-07-16T05:39:55.6416470Z Resolving deltas:   4% (24/576)
2025-07-16T05:39:55.6417371Z Resolving deltas:   5% (29/576)
2025-07-16T05:39:55.6420685Z Resolving deltas:   6% (35/576)
2025-07-16T05:39:55.6423379Z Resolving deltas:   7% (41/576)
2025-07-16T05:39:55.6424998Z Resolving deltas:   8% (47/576)
2025-07-16T05:39:55.6426560Z Resolving deltas:   9% (52/576)
2025-07-16T05:39:55.6436068Z Resolving deltas:  10% (58/576)
2025-07-16T05:39:55.6437767Z Resolving deltas:  11% (64/576)
2025-07-16T05:39:55.6489535Z Resolving deltas:  12% (70/576)
2025-07-16T05:39:55.6523953Z Resolving deltas:  13% (75/576)
2025-07-16T05:39:55.6526948Z Resolving deltas:  14% (81/576)
2025-07-16T05:39:55.6532546Z Resolving deltas:  15% (87/576)
2025-07-16T05:39:55.6536439Z Resolving deltas:  16% (93/576)
2025-07-16T05:39:55.6537961Z Resolving deltas:  17% (98/576)
2025-07-16T05:39:55.6539452Z Resolving deltas:  18% (104/576)
2025-07-16T05:39:55.6542015Z Resolving deltas:  19% (110/576)
2025-07-16T05:39:55.6543558Z Resolving deltas:  20% (116/576)
2025-07-16T05:39:55.6545276Z Resolving deltas:  21% (121/576)
2025-07-16T05:39:55.6546920Z Resolving deltas:  22% (127/576)
2025-07-16T05:39:55.6548401Z Resolving deltas:  23% (133/576)
2025-07-16T05:39:55.6549840Z Resolving deltas:  24% (139/576)
2025-07-16T05:39:55.6550766Z Resolving deltas:  25% (144/576)
2025-07-16T05:39:55.6551922Z Resolving deltas:  26% (150/576)
2025-07-16T05:39:55.6553338Z Resolving deltas:  27% (156/576)
2025-07-16T05:39:55.6554517Z Resolving deltas:  28% (162/576)
2025-07-16T05:39:55.6555459Z Resolving deltas:  29% (169/576)
2025-07-16T05:39:55.6556823Z Resolving deltas:  30% (173/576)
2025-07-16T05:39:55.6562899Z Resolving deltas:  31% (179/576)
2025-07-16T05:39:55.6563852Z Resolving deltas:  32% (185/576)
2025-07-16T05:39:55.6574722Z Resolving deltas:  33% (191/576)
2025-07-16T05:39:55.6581692Z Resolving deltas:  34% (196/576)
2025-07-16T05:39:55.6593019Z Resolving deltas:  35% (202/576)
2025-07-16T05:39:55.6600240Z Resolving deltas:  36% (208/576)
2025-07-16T05:39:55.6601819Z Resolving deltas:  37% (214/576)
2025-07-16T05:39:55.6603392Z Resolving deltas:  38% (219/576)
2025-07-16T05:39:55.6617070Z Resolving deltas:  39% (225/576)
2025-07-16T05:39:55.6631104Z Resolving deltas:  40% (231/576)
2025-07-16T05:39:55.6636306Z Resolving deltas:  41% (237/576)
2025-07-16T05:39:55.6640409Z Resolving deltas:  42% (242/576)
2025-07-16T05:39:55.6648525Z Resolving deltas:  43% (248/576)
2025-07-16T05:39:55.6652565Z Resolving deltas:  44% (254/576)
2025-07-16T05:39:55.6734503Z Resolving deltas:  45% (260/576)
2025-07-16T05:39:55.6737953Z Resolving deltas:  46% (265/576)
2025-07-16T05:39:55.6745516Z Resolving deltas:  47% (271/576)
2025-07-16T05:39:55.6747661Z Resolving deltas:  48% (277/576)
2025-07-16T05:39:55.6750864Z Resolving deltas:  49% (283/576)
2025-07-16T05:39:55.6753199Z Resolving deltas:  50% (289/576)
2025-07-16T05:39:55.6755155Z Resolving deltas:  51% (294/576)
2025-07-16T05:39:55.6757205Z Resolving deltas:  52% (300/576)
2025-07-16T05:39:55.6758784Z Resolving deltas:  53% (306/576)
2025-07-16T05:39:55.6760350Z Resolving deltas:  54% (312/576)
2025-07-16T05:39:55.6761796Z Resolving deltas:  55% (317/576)
2025-07-16T05:39:55.6763562Z Resolving deltas:  56% (323/576)
2025-07-16T05:39:55.6765213Z Resolving deltas:  57% (329/576)
2025-07-16T05:39:55.6766565Z Resolving deltas:  58% (335/576)
2025-07-16T05:39:55.6767971Z Resolving deltas:  59% (340/576)
2025-07-16T05:39:55.6769511Z Resolving deltas:  60% (346/576)
2025-07-16T05:39:55.6771597Z Resolving deltas:  61% (352/576)
2025-07-16T05:39:55.6773205Z Resolving deltas:  62% (358/576)
2025-07-16T05:39:55.6777003Z Resolving deltas:  63% (363/576)
2025-07-16T05:39:55.6788615Z Resolving deltas:  64% (369/576)
2025-07-16T05:39:55.6794367Z Resolving deltas:  65% (375/576)
2025-07-16T05:39:55.6801299Z Resolving deltas:  66% (381/576)
2025-07-16T05:39:55.6804009Z Resolving deltas:  67% (386/576)
2025-07-16T05:39:55.6810776Z Resolving deltas:  68% (392/576)
2025-07-16T05:39:55.6815911Z Resolving deltas:  69% (398/576)
2025-07-16T05:39:55.6817504Z Resolving deltas:  70% (405/576)
2025-07-16T05:39:55.6823193Z Resolving deltas:  71% (409/576)
2025-07-16T05:39:55.6827835Z Resolving deltas:  72% (415/576)
2025-07-16T05:39:55.6833410Z Resolving deltas:  73% (421/576)
2025-07-16T05:39:55.6836558Z Resolving deltas:  74% (427/576)
2025-07-16T05:39:55.6839909Z Resolving deltas:  75% (432/576)
2025-07-16T05:39:55.6848449Z Resolving deltas:  76% (438/576)
2025-07-16T05:39:55.6857935Z Resolving deltas:  77% (444/576)
2025-07-16T05:39:55.6861853Z Resolving deltas:  78% (450/576)
2025-07-16T05:39:55.6866243Z Resolving deltas:  79% (456/576)
2025-07-16T05:39:55.6870913Z Resolving deltas:  80% (461/576)
2025-07-16T05:39:55.6875399Z Resolving deltas:  81% (467/576)
2025-07-16T05:39:55.6877919Z Resolving deltas:  82% (473/576)
2025-07-16T05:39:55.6879483Z Resolving deltas:  83% (480/576)
2025-07-16T05:39:55.6902326Z Resolving deltas:  84% (484/576)
2025-07-16T05:39:55.6908168Z Resolving deltas:  85% (490/576)
2025-07-16T05:39:55.6917626Z Resolving deltas:  86% (496/576)
2025-07-16T05:39:55.6925005Z Resolving deltas:  87% (502/576)
2025-07-16T05:39:55.6935557Z Resolving deltas:  88% (507/576)
2025-07-16T05:39:55.6945968Z Resolving deltas:  89% (513/576)
2025-07-16T05:39:55.6950863Z Resolving deltas:  90% (519/576)
2025-07-16T05:39:55.6953949Z Resolving deltas:  91% (526/576)
2025-07-16T05:39:55.6957148Z Resolving deltas:  92% (530/576)
2025-07-16T05:39:55.6959425Z Resolving deltas:  93% (536/576)
2025-07-16T05:39:55.6961608Z Resolving deltas:  94% (542/576)
2025-07-16T05:39:55.6963126Z Resolving deltas:  95% (548/576)
2025-07-16T05:39:55.6964793Z Resolving deltas:  96% (553/576)
2025-07-16T05:39:55.6966309Z Resolving deltas:  97% (559/576)
2025-07-16T05:39:55.6967757Z Resolving deltas:  98% (565/576)
2025-07-16T05:39:55.6969252Z Resolving deltas:  99% (571/576)
2025-07-16T05:39:55.6970693Z Resolving deltas: 100% (576/576)
2025-07-16T05:39:55.6972157Z Resolving deltas: 100% (576/576), done.
2025-07-16T05:39:55.7140191Z From https://github.com/Dinesh-4/Devops
2025-07-16T05:39:55.7142247Z  * [new ref]         e618c68cb28a38acbc54bf5af7538fb9f1845691 -> origin/main
2025-07-16T05:39:55.7181852Z ##[endgroup]
2025-07-16T05:39:55.7183126Z ##[group]Determining the checkout info
2025-07-16T05:39:55.7185902Z ##[endgroup]
2025-07-16T05:39:55.7187163Z ##[group]Checking out the ref
2025-07-16T05:39:55.7191299Z [command]/usr/bin/git checkout --progress --force -B main refs/remotes/origin/main
2025-07-16T05:39:56.0747402Z Switched to a new branch 'main'
2025-07-16T05:39:56.0750094Z branch 'main' set up to track 'origin/main'.
2025-07-16T05:39:56.0768708Z ##[endgroup]
2025-07-16T05:39:56.0804529Z [command]/usr/bin/git log -1 --format='%H'
2025-07-16T05:39:56.0825545Z 'e618c68cb28a38acbc54bf5af7538fb9f1845691'
2025-07-16T05:39:56.1092910Z ##[group]Run actions/setup-python@v4
2025-07-16T05:39:56.1093869Z with:
2025-07-16T05:39:56.1094652Z   python-version: 3.10
2025-07-16T05:39:56.1095421Z   check-latest: false
2025-07-16T05:39:56.1096397Z   token: ***
2025-07-16T05:39:56.1097090Z   update-environment: true
2025-07-16T05:39:56.1097933Z   allow-prereleases: false
2025-07-16T05:39:56.1098780Z ##[endgroup]
2025-07-16T05:39:56.2782001Z ##[group]Installed versions
2025-07-16T05:39:56.2890584Z Successfully set up CPython (3.10.18)
2025-07-16T05:39:56.2893019Z ##[endgroup]
2025-07-16T05:39:56.3028928Z ##[group]Run python -m pip install --upgrade pip
2025-07-16T05:39:56.3030203Z [36;1mpython -m pip install --upgrade pip[0m
2025-07-16T05:39:56.3031295Z [36;1mpip install -r requirements.txt[0m
2025-07-16T05:39:56.3133165Z shell: /usr/bin/bash -e {0}
2025-07-16T05:39:56.3134007Z env:
2025-07-16T05:39:56.3135096Z   pythonLocation: /opt/hostedtoolcache/Python/3.10.18/x64
2025-07-16T05:39:56.3136599Z   PKG_CONFIG_PATH: /opt/hostedtoolcache/Python/3.10.18/x64/lib/pkgconfig
2025-07-16T05:39:56.3138091Z   Python_ROOT_DIR: /opt/hostedtoolcache/Python/3.10.18/x64
2025-07-16T05:39:56.3139436Z   Python2_ROOT_DIR: /opt/hostedtoolcache/Python/3.10.18/x64
2025-07-16T05:39:56.3140777Z   Python3_ROOT_DIR: /opt/hostedtoolcache/Python/3.10.18/x64
2025-07-16T05:39:56.3142143Z   LD_LIBRARY_PATH: /opt/hostedtoolcache/Python/3.10.18/x64/lib
2025-07-16T05:39:56.3143288Z ##[endgroup]
2025-07-16T05:39:59.0580670Z Requirement already satisfied: pip in /opt/hostedtoolcache/Python/3.10.18/x64/lib/python3.10/site-packages (25.1.1)
2025-07-16T05:39:59.7302041Z Collecting Flask==3.1.0 (from -r requirements.txt (line 1))
2025-07-16T05:39:59.7744867Z   Downloading flask-3.1.0-py3-none-any.whl.metadata (2.7 kB)
2025-07-16T05:39:59.7928668Z Collecting Flask-PyMongo==3.0.1 (from -r requirements.txt (line 2))
2025-07-16T05:39:59.8009314Z   Downloading flask_pymongo-3.0.1-py3-none-any.whl.metadata (3.5 kB)
2025-07-16T05:39:59.8565646Z Collecting pytest==8.2.1 (from -r requirements.txt (line 3))
2025-07-16T05:39:59.8653259Z   Downloading pytest-8.2.1-py3-none-any.whl.metadata (7.6 kB)
2025-07-16T05:39:59.8831227Z Collecting blinker==1.9.0 (from -r requirements.txt (line 4))
2025-07-16T05:39:59.8911337Z   Downloading blinker-1.9.0-py3-none-any.whl.metadata (1.6 kB)
2025-07-16T05:39:59.9137783Z Collecting certifi==2025.7.14 (from -r requirements.txt (line 5))
2025-07-16T05:39:59.9208138Z   Downloading certifi-2025.7.14-py3-none-any.whl.metadata (2.4 kB)
2025-07-16T05:40:00.0145368Z Collecting charset-normalizer==3.4.2 (from -r requirements.txt (line 6))
2025-07-16T05:40:00.0228221Z   Downloading charset_normalizer-3.4.2-cp310-cp310-manylinux_2_17_x86_64.manylinux2014_x86_64.whl.metadata (35 kB)
2025-07-16T05:40:00.0492625Z Collecting click==8.2.1 (from -r requirements.txt (line 7))
2025-07-16T05:40:00.0569622Z   Downloading click-8.2.1-py3-none-any.whl.metadata (2.5 kB)
2025-07-16T05:40:00.0745676Z Collecting dnspython==2.7.0 (from -r requirements.txt (line 8))
2025-07-16T05:40:00.0819477Z   Downloading dnspython-2.7.0-py3-none-any.whl.metadata (5.8 kB)
2025-07-16T05:40:00.1036813Z Collecting idna==3.10 (from -r requirements.txt (line 9))
2025-07-16T05:40:00.1108065Z   Downloading idna-3.10-py3-none-any.whl.metadata (10 kB)
2025-07-16T05:40:00.1273776Z Collecting itsdangerous==2.2.0 (from -r requirements.txt (line 10))
2025-07-16T05:40:00.1344773Z   Downloading itsdangerous-2.2.0-py3-none-any.whl.metadata (1.9 kB)
2025-07-16T05:40:00.1538520Z Collecting Jinja2==3.1.6 (from -r requirements.txt (line 11))
2025-07-16T05:40:00.1612242Z   Downloading jinja2-3.1.6-py3-none-any.whl.metadata (2.9 kB)
2025-07-16T05:40:00.2250798Z Collecting MarkupSafe==3.0.2 (from -r requirements.txt (line 12))
2025-07-16T05:40:00.2339687Z   Downloading MarkupSafe-3.0.2-cp310-cp310-manylinux_2_17_x86_64.manylinux2014_x86_64.whl.metadata (4.0 kB)
2025-07-16T05:40:00.2487959Z Collecting paho-mqtt==2.1.0 (from -r requirements.txt (line 13))
2025-07-16T05:40:00.2570277Z   Downloading paho_mqtt-2.1.0-py3-none-any.whl.metadata (23 kB)
2025-07-16T05:40:00.6014367Z Collecting pymongo==4.13.2 (from -r requirements.txt (line 14))
2025-07-16T05:40:00.6101897Z   Downloading pymongo-4.13.2-cp310-cp310-manylinux_2_17_x86_64.manylinux2014_x86_64.whl.metadata (22 kB)
2025-07-16T05:40:00.6367779Z Collecting python-dotenv==1.1.1 (from -r requirements.txt (line 15))
2025-07-16T05:40:00.6439561Z   Downloading python_dotenv-1.1.1-py3-none-any.whl.metadata (24 kB)
2025-07-16T05:40:00.6761618Z Collecting requests==2.32.4 (from -r requirements.txt (line 16))
2025-07-16T05:40:00.6835155Z   Downloading requests-2.32.4-py3-none-any.whl.metadata (4.9 kB)
2025-07-16T05:40:00.7138335Z Collecting urllib3==2.5.0 (from -r requirements.txt (line 17))
2025-07-16T05:40:00.7209935Z   Downloading urllib3-2.5.0-py3-none-any.whl.metadata (6.5 kB)
2025-07-16T05:40:00.7487929Z Collecting Werkzeug==3.1.3 (from -r requirements.txt (line 18))
2025-07-16T05:40:00.7561599Z   Downloading werkzeug-3.1.3-py3-none-any.whl.metadata (3.7 kB)
2025-07-16T05:40:00.7757301Z Collecting autodevops-cli==0.1.1 (from -r requirements.txt (line 19))
2025-07-16T05:40:00.7847039Z   Downloading autodevops_cli-0.1.1-py3-none-any.whl.metadata (494 bytes)
2025-07-16T05:40:00.7982194Z Collecting iniconfig==2.1.0 (from -r requirements.txt (line 20))
2025-07-16T05:40:00.8051949Z   Downloading iniconfig-2.1.0-py3-none-any.whl.metadata (2.7 kB)
2025-07-16T05:40:00.8211330Z Collecting loguru==0.7.3 (from -r requirements.txt (line 21))
2025-07-16T05:40:00.8284983Z   Downloading loguru-0.7.3-py3-none-any.whl.metadata (22 kB)
2025-07-16T05:40:00.8552161Z Collecting markdown-it-py==3.0.0 (from -r requirements.txt (line 22))
2025-07-16T05:40:00.8621559Z   Downloading markdown_it_py-3.0.0-py3-none-any.whl.metadata (6.9 kB)
2025-07-16T05:40:00.8799835Z Collecting mdurl==0.1.2 (from -r requirements.txt (line 23))
2025-07-16T05:40:00.8918557Z   Downloading mdurl-0.1.2-py3-none-any.whl.metadata (1.6 kB)
2025-07-16T05:40:00.9087016Z Collecting mongomock==4.3.0 (from -r requirements.txt (line 24))
2025-07-16T05:40:00.9166838Z   Downloading mongomock-4.3.0-py2.py3-none-any.whl.metadata (12 kB)
2025-07-16T05:40:00.9377278Z Collecting packaging==25.0 (from -r requirements.txt (line 25))
2025-07-16T05:40:00.9446665Z   Downloading packaging-25.0-py3-none-any.whl.metadata (3.3 kB)
2025-07-16T05:40:00.9611212Z Collecting pluggy==1.6.0 (from -r requirements.txt (line 26))
2025-07-16T05:40:00.9682117Z   Downloading pluggy-1.6.0-py3-none-any.whl.metadata (4.8 kB)
2025-07-16T05:40:00.9934826Z Collecting Pygments==2.19.2 (from -r requirements.txt (line 27))
2025-07-16T05:40:01.0007652Z   Downloading pygments-2.19.2-py3-none-any.whl.metadata (2.5 kB)
2025-07-16T05:40:01.0439239Z Collecting pytz==2025.2 (from -r requirements.txt (line 28))
2025-07-16T05:40:01.0513035Z   Downloading pytz-2025.2-py2.py3-none-any.whl.metadata (22 kB)
2025-07-16T05:40:01.0972752Z Collecting rich==14.0.0 (from -r requirements.txt (line 29))
2025-07-16T05:40:01.1044569Z   Downloading rich-14.0.0-py3-none-any.whl.metadata (18 kB)
2025-07-16T05:40:01.1184638Z Collecting sentinels==1.0.0 (from -r requirements.txt (line 30))
2025-07-16T05:40:01.1256494Z   Downloading sentinels-1.0.0.tar.gz (4.1 kB)
2025-07-16T05:40:01.1408276Z   Installing build dependencies: started
2025-07-16T05:40:02.0539932Z   Installing build dependencies: finished with status 'done'
2025-07-16T05:40:02.0547905Z   Getting requirements to build wheel: started
2025-07-16T05:40:02.4189483Z   Getting requirements to build wheel: finished with status 'done'
2025-07-16T05:40:02.4198706Z   Preparing metadata (pyproject.toml): started
2025-07-16T05:40:02.6035247Z   Preparing metadata (pyproject.toml): finished with status 'done'
2025-07-16T05:40:02.6226007Z Collecting sh==2.2.2 (from -r requirements.txt (line 31))
2025-07-16T05:40:02.6296148Z   Downloading sh-2.2.2-py3-none-any.whl.metadata (3.7 kB)
2025-07-16T05:40:02.6755924Z Collecting exceptiongroup>=1.0.0rc8 (from pytest==8.2.1->-r requirements.txt (line 3))
2025-07-16T05:40:02.6826891Z   Downloading exceptiongroup-1.3.0-py3-none-any.whl.metadata (6.7 kB)
2025-07-16T05:40:02.7043250Z Collecting tomli>=1 (from pytest==8.2.1->-r requirements.txt (line 3))
2025-07-16T05:40:02.7112616Z   Downloading tomli-2.2.1-py3-none-any.whl.metadata (10 kB)
2025-07-16T05:40:02.7912384Z Collecting typing-extensions<5.0,>=4.0.0 (from rich==14.0.0->-r requirements.txt (line 29))
2025-07-16T05:40:02.7983967Z   Downloading typing_extensions-4.14.1-py3-none-any.whl.metadata (3.0 kB)
2025-07-16T05:40:02.8199600Z Downloading flask-3.1.0-py3-none-any.whl (102 kB)
2025-07-16T05:40:02.8355091Z Downloading flask_pymongo-3.0.1-py3-none-any.whl (11 kB)
2025-07-16T05:40:02.8451875Z Downloading pytest-8.2.1-py3-none-any.whl (339 kB)
2025-07-16T05:40:02.8604479Z Downloading pluggy-1.6.0-py3-none-any.whl (20 kB)
2025-07-16T05:40:02.8692308Z Downloading blinker-1.9.0-py3-none-any.whl (8.5 kB)
2025-07-16T05:40:02.8784655Z Downloading certifi-2025.7.14-py3-none-any.whl (162 kB)
2025-07-16T05:40:02.8895623Z Downloading charset_normalizer-3.4.2-cp310-cp310-manylinux_2_17_x86_64.manylinux2014_x86_64.whl (149 kB)
2025-07-16T05:40:02.8997857Z Downloading click-8.2.1-py3-none-any.whl (102 kB)
2025-07-16T05:40:02.9093586Z Downloading dnspython-2.7.0-py3-none-any.whl (313 kB)
2025-07-16T05:40:02.9197744Z Downloading idna-3.10-py3-none-any.whl (70 kB)
2025-07-16T05:40:02.9289671Z Downloading itsdangerous-2.2.0-py3-none-any.whl (16 kB)
2025-07-16T05:40:02.9385738Z Downloading jinja2-3.1.6-py3-none-any.whl (134 kB)
2025-07-16T05:40:02.9485131Z Downloading MarkupSafe-3.0.2-cp310-cp310-manylinux_2_17_x86_64.manylinux2014_x86_64.whl (20 kB)
2025-07-16T05:40:02.9591026Z Downloading paho_mqtt-2.1.0-py3-none-any.whl (67 kB)
2025-07-16T05:40:02.9683441Z Downloading pymongo-4.13.2-cp310-cp310-manylinux_2_17_x86_64.manylinux2014_x86_64.whl (1.2 MB)
2025-07-16T05:40:02.9810560Z    ━━━━━━━━━━━━━━━━━━━━━━━━━━━━━━━━━━━━━━━━ 1.2/1.2 MB 101.2 MB/s eta 0:00:00
2025-07-16T05:40:02.9880943Z Downloading python_dotenv-1.1.1-py3-none-any.whl (20 kB)
2025-07-16T05:40:02.9976189Z Downloading requests-2.32.4-py3-none-any.whl (64 kB)
2025-07-16T05:40:03.0072966Z Downloading urllib3-2.5.0-py3-none-any.whl (129 kB)
2025-07-16T05:40:03.0168639Z Downloading werkzeug-3.1.3-py3-none-any.whl (224 kB)
2025-07-16T05:40:03.0276536Z Downloading autodevops_cli-0.1.1-py3-none-any.whl (4.1 kB)
2025-07-16T05:40:03.0368329Z Downloading iniconfig-2.1.0-py3-none-any.whl (6.0 kB)
2025-07-16T05:40:03.0457688Z Downloading loguru-0.7.3-py3-none-any.whl (61 kB)
2025-07-16T05:40:03.0549890Z Downloading markdown_it_py-3.0.0-py3-none-any.whl (87 kB)
2025-07-16T05:40:03.0641531Z Downloading mdurl-0.1.2-py3-none-any.whl (10.0 kB)
2025-07-16T05:40:03.0733567Z Downloading mongomock-4.3.0-py2.py3-none-any.whl (64 kB)
2025-07-16T05:40:03.0825006Z Downloading packaging-25.0-py3-none-any.whl (66 kB)
2025-07-16T05:40:03.0920551Z Downloading pygments-2.19.2-py3-none-any.whl (1.2 MB)
2025-07-16T05:40:03.1021411Z    ━━━━━━━━━━━━━━━━━━━━━━━━━━━━━━━━━━━━━━━━ 1.2/1.2 MB 138.0 MB/s eta 0:00:00
2025-07-16T05:40:03.1090283Z Downloading pytz-2025.2-py2.py3-none-any.whl (509 kB)
2025-07-16T05:40:03.1203800Z Downloading rich-14.0.0-py3-none-any.whl (243 kB)
2025-07-16T05:40:03.1301765Z Downloading sh-2.2.2-py3-none-any.whl (38 kB)
2025-07-16T05:40:03.1401211Z Downloading typing_extensions-4.14.1-py3-none-any.whl (43 kB)
2025-07-16T05:40:03.1492705Z Downloading exceptiongroup-1.3.0-py3-none-any.whl (16 kB)
2025-07-16T05:40:03.1583397Z Downloading tomli-2.2.1-py3-none-any.whl (14 kB)
2025-07-16T05:40:03.1946189Z Building wheels for collected packages: sentinels
2025-07-16T05:40:03.1955103Z   Building wheel for sentinels (pyproject.toml): started
2025-07-16T05:40:03.3987886Z   Building wheel for sentinels (pyproject.toml): finished with status 'done'
2025-07-16T05:40:03.3997437Z   Created wheel for sentinels: filename=sentinels-1.0.0-py3-none-any.whl size=3229 sha256=03c489ad4995611d06090e4f486a0bd0a1cd4fd22cda961a1bcd7f60ba7bed7e
2025-07-16T05:40:03.3999730Z   Stored in directory: /home/runner/.cache/pip/wheels/26/bc/eb/67e56405e0684b3d8c011cf4d18129c41be394775fd5ba2347
2025-07-16T05:40:03.4016618Z Successfully built sentinels
2025-07-16T05:40:03.4798561Z Installing collected packages: sentinels, pytz, urllib3, typing-extensions, tomli, sh, python-dotenv, Pygments, pluggy, paho-mqtt, packaging, mdurl, MarkupSafe, loguru, itsdangerous, iniconfig, idna, dnspython, click, charset-normalizer, certifi, blinker, Werkzeug, requests, pymongo, mongomock, markdown-it-py, Jinja2, exceptiongroup, rich, pytest, Flask, Flask-PyMongo, autodevops-cli
2025-07-16T05:40:05.9900754Z 
2025-07-16T05:40:05.9962382Z Successfully installed Flask-3.1.0 Flask-PyMongo-3.0.1 Jinja2-3.1.6 MarkupSafe-3.0.2 Pygments-2.19.2 Werkzeug-3.1.3 autodevops-cli-0.1.1 blinker-1.9.0 certifi-2025.7.14 charset-normalizer-3.4.2 click-8.2.1 dnspython-2.7.0 exceptiongroup-1.3.0 idna-3.10 iniconfig-2.1.0 itsdangerous-2.2.0 loguru-0.7.3 markdown-it-py-3.0.0 mdurl-0.1.2 mongomock-4.3.0 packaging-25.0 paho-mqtt-2.1.0 pluggy-1.6.0 pymongo-4.13.2 pytest-8.2.1 python-dotenv-1.1.1 pytz-2025.2 requests-2.32.4 rich-14.0.0 sentinels-1.0.0 sh-2.2.2 tomli-2.2.1 typing-extensions-4.14.1 urllib3-2.5.0
2025-07-16T05:40:06.1639226Z ##[group]Run export PYTHONPATH=.
2025-07-16T05:40:06.1639551Z [36;1mexport PYTHONPATH=.[0m
2025-07-16T05:40:06.1639794Z [36;1mpytest test_main.py -v[0m
2025-07-16T05:40:06.1667905Z shell: /usr/bin/bash -e {0}
2025-07-16T05:40:06.1668129Z env:
2025-07-16T05:40:06.1668388Z   pythonLocation: /opt/hostedtoolcache/Python/3.10.18/x64
2025-07-16T05:40:06.1668786Z   PKG_CONFIG_PATH: /opt/hostedtoolcache/Python/3.10.18/x64/lib/pkgconfig
2025-07-16T05:40:06.1669187Z   Python_ROOT_DIR: /opt/hostedtoolcache/Python/3.10.18/x64
2025-07-16T05:40:06.1669528Z   Python2_ROOT_DIR: /opt/hostedtoolcache/Python/3.10.18/x64
2025-07-16T05:40:06.1669881Z   Python3_ROOT_DIR: /opt/hostedtoolcache/Python/3.10.18/x64
2025-07-16T05:40:06.1670235Z   LD_LIBRARY_PATH: /opt/hostedtoolcache/Python/3.10.18/x64/lib
2025-07-16T05:40:06.1670528Z ##[endgroup]
2025-07-16T05:40:06.6071893Z ============================= test session starts ==============================
2025-07-16T05:40:06.6073065Z platform linux -- Python 3.10.18, pytest-8.2.1, pluggy-1.6.0 -- /opt/hostedtoolcache/Python/3.10.18/x64/bin/python
2025-07-16T05:40:06.6073902Z cachedir: .pytest_cache
2025-07-16T05:40:06.6074513Z rootdir: /home/runner/work/Devops/Devops
2025-07-16T05:40:06.9051200Z collecting ... collected 7 items
2025-07-16T05:40:06.9051552Z 
2025-07-16T05:40:06.9198360Z test_main.py::test_home_page PASSED                                      [ 14%]
2025-07-16T05:40:06.9367721Z test_main.py::test_admin_dashboard PASSED                                [ 28%]
2025-07-16T05:40:06.9432445Z test_main.py::test_student_dashboard PASSED                              [ 42%]
2025-07-16T05:40:06.9476407Z test_main.py::test_generate_attendance_no_input PASSED                   [ 57%]
2025-07-16T05:40:06.9519765Z test_main.py::test_student_generate_attendance_invalid PASSED            [ 71%]
2025-07-16T05:40:06.9580426Z test_main.py::test_register_user_get PASSED                              [ 85%]
2025-07-16T05:40:06.9639524Z test_main.py::test_receive_rfid_missing PASSED                           [100%]
2025-07-16T05:40:06.9640078Z 
2025-07-16T05:40:06.9640281Z ============================== 7 passed in 0.36s ===============================
2025-07-16T05:40:07.0119533Z ##[group]Run docker/login-action@v3
2025-07-16T05:40:07.0119798Z with:
2025-07-16T05:40:07.0120294Z   username: ***
2025-07-16T05:40:07.0120544Z   password: ***
2025-07-16T05:40:07.0120722Z   ecr: auto
2025-07-16T05:40:07.0120888Z   logout: true
2025-07-16T05:40:07.0121065Z env:
2025-07-16T05:40:07.0121293Z   pythonLocation: /opt/hostedtoolcache/Python/3.10.18/x64
2025-07-16T05:40:07.0121707Z   PKG_CONFIG_PATH: /opt/hostedtoolcache/Python/3.10.18/x64/lib/pkgconfig
2025-07-16T05:40:07.0122099Z   Python_ROOT_DIR: /opt/hostedtoolcache/Python/3.10.18/x64
2025-07-16T05:40:07.0122439Z   Python2_ROOT_DIR: /opt/hostedtoolcache/Python/3.10.18/x64
2025-07-16T05:40:07.0122793Z   Python3_ROOT_DIR: /opt/hostedtoolcache/Python/3.10.18/x64
2025-07-16T05:40:07.0123146Z   LD_LIBRARY_PATH: /opt/hostedtoolcache/Python/3.10.18/x64/lib
2025-07-16T05:40:07.0123436Z ##[endgroup]
2025-07-16T05:40:07.2963368Z Logging into Docker Hub...
2025-07-16T05:40:07.5002647Z Login Succeeded!
2025-07-16T05:40:07.5131257Z ##[group]Run docker build -t ***/flask-ci-cd-demo .
2025-07-16T05:40:07.5131713Z [36;1mdocker build -t ***/flask-ci-cd-demo .[0m
2025-07-16T05:40:07.5159631Z shell: /usr/bin/bash -e {0}
2025-07-16T05:40:07.5159862Z env:
2025-07-16T05:40:07.5160113Z   pythonLocation: /opt/hostedtoolcache/Python/3.10.18/x64
2025-07-16T05:40:07.5160531Z   PKG_CONFIG_PATH: /opt/hostedtoolcache/Python/3.10.18/x64/lib/pkgconfig
2025-07-16T05:40:07.5160941Z   Python_ROOT_DIR: /opt/hostedtoolcache/Python/3.10.18/x64
2025-07-16T05:40:07.5161300Z   Python2_ROOT_DIR: /opt/hostedtoolcache/Python/3.10.18/x64
2025-07-16T05:40:07.5161645Z   Python3_ROOT_DIR: /opt/hostedtoolcache/Python/3.10.18/x64
2025-07-16T05:40:07.5161992Z   LD_LIBRARY_PATH: /opt/hostedtoolcache/Python/3.10.18/x64/lib
2025-07-16T05:40:07.5162279Z ##[endgroup]
2025-07-16T05:40:10.7288575Z #0 building with "default" instance using docker driver
2025-07-16T05:40:10.7289051Z 
2025-07-16T05:40:10.7289377Z #1 [internal] load build definition from Dockerfile
2025-07-16T05:40:10.7289967Z #1 transferring dockerfile: 798B done
2025-07-16T05:40:10.7290461Z #1 DONE 0.0s
2025-07-16T05:40:10.7290665Z 
2025-07-16T05:40:10.7290972Z #2 [auth] library/python:pull token for registry-1.docker.io
2025-07-16T05:40:10.7291501Z #2 DONE 0.0s
2025-07-16T05:40:10.7295472Z 
2025-07-16T05:40:10.7296034Z #3 [internal] load metadata for docker.io/library/python:3.10-slim
2025-07-16T05:40:10.9118472Z #3 DONE 0.4s
2025-07-16T05:40:11.0340452Z 
2025-07-16T05:40:11.0343213Z #4 [internal] load .dockerignore
2025-07-16T05:40:11.0343752Z #4 transferring context: 2B done
2025-07-16T05:40:11.0344746Z #4 DONE 0.0s
2025-07-16T05:40:11.0344951Z 
2025-07-16T05:40:11.0346778Z #5 [1/6] FROM docker.io/library/python:3.10-slim@sha256:9dd6774a1276178f94b0cc1fb1f0edd980825d0ea7634847af9940b1b6273c13
2025-07-16T05:40:11.0348190Z #5 resolve docker.io/library/python:3.10-slim@sha256:9dd6774a1276178f94b0cc1fb1f0edd980825d0ea7634847af9940b1b6273c13 done
2025-07-16T05:40:11.0379701Z #5 sha256:c5dbd5ba857839a0aa9db765ea519c1514a40da811b4cf08c852b72fab4379d5 1.75kB / 1.75kB done
2025-07-16T05:40:11.0380841Z #5 sha256:563dffbdc42507a70677ee28b4bb678ad9074e3c9f75e3043523a38dcdf4f553 5.37kB / 5.37kB done
2025-07-16T05:40:11.0381988Z #5 sha256:3da95a905ed546f99c4564407923a681757d89651a388ec3f1f5e9bf5ed0b39d 11.53MB / 28.23MB 0.1s
2025-07-16T05:40:11.0383062Z #5 sha256:0ebcc011f0ec7a9a900f7366b104730396a59032e64f04f3867a75f25ed48280 0B / 3.51MB 0.1s
2025-07-16T05:40:11.0384118Z #5 sha256:92d63ec5cbeb1348bad42929919fd8e78f38d96e388b5509d2929d76ddafb48e 0B / 15.65MB 0.1s
2025-07-16T05:40:11.0385400Z #5 sha256:9dd6774a1276178f94b0cc1fb1f0edd980825d0ea7634847af9940b1b6273c13 9.13kB / 9.13kB done
2025-07-16T05:40:11.1377780Z #5 sha256:3da95a905ed546f99c4564407923a681757d89651a388ec3f1f5e9bf5ed0b39d 28.23MB / 28.23MB 0.2s done
2025-07-16T05:40:11.1383303Z #5 sha256:0ebcc011f0ec7a9a900f7366b104730396a59032e64f04f3867a75f25ed48280 3.51MB / 3.51MB 0.1s done
2025-07-16T05:40:11.1384724Z #5 sha256:92d63ec5cbeb1348bad42929919fd8e78f38d96e388b5509d2929d76ddafb48e 15.65MB / 15.65MB 0.2s done
2025-07-16T05:40:11.1385916Z #5 sha256:64b78282ca88b226c404cb8dfdee72b75eea52c9ac7380c0439b6e03992e483f 248B / 248B 0.2s done
2025-07-16T05:40:11.2380589Z #5 extracting sha256:3da95a905ed546f99c4564407923a681757d89651a388ec3f1f5e9bf5ed0b39d
2025-07-16T05:40:11.5810966Z #5 ...
2025-07-16T05:40:11.5811233Z 
2025-07-16T05:40:11.5815329Z #6 [internal] load build context
2025-07-16T05:40:11.5818938Z #6 transferring context: 64.97MB 0.6s done
2025-07-16T05:40:11.5821398Z #6 DONE 0.6s
2025-07-16T05:40:11.6877119Z 
2025-07-16T05:40:11.6879145Z #5 [1/6] FROM docker.io/library/python:3.10-slim@sha256:9dd6774a1276178f94b0cc1fb1f0edd980825d0ea7634847af9940b1b6273c13
2025-07-16T05:40:12.3907891Z #5 extracting sha256:3da95a905ed546f99c4564407923a681757d89651a388ec3f1f5e9bf5ed0b39d 1.2s done
2025-07-16T05:40:12.5387462Z #5 extracting sha256:0ebcc011f0ec7a9a900f7366b104730396a59032e64f04f3867a75f25ed48280 0.1s
2025-07-16T05:40:12.6941793Z #5 extracting sha256:0ebcc011f0ec7a9a900f7366b104730396a59032e64f04f3867a75f25ed48280 0.1s done
2025-07-16T05:40:13.0147871Z #5 extracting sha256:92d63ec5cbeb1348bad42929919fd8e78f38d96e388b5509d2929d76ddafb48e
2025-07-16T05:40:13.6968391Z #5 extracting sha256:92d63ec5cbeb1348bad42929919fd8e78f38d96e388b5509d2929d76ddafb48e 0.6s done
2025-07-16T05:40:13.6969204Z #5 extracting sha256:64b78282ca88b226c404cb8dfdee72b75eea52c9ac7380c0439b6e03992e483f
2025-07-16T05:40:13.8753774Z #5 extracting sha256:64b78282ca88b226c404cb8dfdee72b75eea52c9ac7380c0439b6e03992e483f done
2025-07-16T05:40:13.8754380Z #5 DONE 2.8s
2025-07-16T05:40:13.8754502Z 
2025-07-16T05:40:13.8754926Z #7 [2/6] RUN apt-get update &&     apt-get install -y --no-install-recommends     build-essential     curl     nano     git     && rm -rf /var/lib/apt/lists/*
2025-07-16T05:40:13.9227707Z #7 0.198 Get:1 http://deb.debian.org/debian bookworm InRelease [151 kB]
2025-07-16T05:40:14.0963684Z #7 0.231 Get:2 http://deb.debian.org/debian bookworm-updates InRelease [55.4 kB]
2025-07-16T05:40:14.0964868Z #7 0.244 Get:3 http://deb.debian.org/debian-security bookworm-security InRelease [48.0 kB]
2025-07-16T05:40:14.0965770Z #7 0.289 Get:4 http://deb.debian.org/debian bookworm/main amd64 Packages [8793 kB]
2025-07-16T05:40:14.0966643Z #7 0.371 Get:5 http://deb.debian.org/debian bookworm-updates/main amd64 Packages [756 B]
2025-07-16T05:40:14.2590848Z #7 0.384 Get:6 http://deb.debian.org/debian-security bookworm-security/main amd64 Packages [272 kB]
2025-07-16T05:40:14.8335274Z #7 1.109 Fetched 9320 kB in 1s (9708 kB/s)
2025-07-16T05:40:15.2081439Z #7 1.109 Reading package lists...
2025-07-16T05:40:15.6131212Z #7 1.500 Reading package lists...
2025-07-16T05:40:15.7887510Z #7 1.897 Building dependency tree...
2025-07-16T05:40:15.7888344Z #7 1.977 Reading state information...
2025-07-16T05:40:15.7889586Z #7 2.064 The following additional packages will be installed:
2025-07-16T05:40:15.7890537Z #7 2.064   binutils binutils-common binutils-x86-64-linux-gnu bzip2 cpp cpp-12 dpkg-dev
2025-07-16T05:40:15.9404790Z #7 2.064   g++ g++-12 gcc gcc-12 git-man libasan8 libatomic1 libbinutils libbrotli1
2025-07-16T05:40:15.9405341Z #7 2.064   libc-dev-bin libc6-dev libcc1-0 libcrypt-dev libctf-nobfd0 libctf0
2025-07-16T05:40:15.9405866Z #7 2.064   libcurl3-gnutls libcurl4 libdpkg-perl liberror-perl libexpat1 libgcc-12-dev
2025-07-16T05:40:15.9406377Z #7 2.064   libgdbm-compat4 libgomp1 libgprofng0 libisl23 libitm1 libjansson4
2025-07-16T05:40:15.9406873Z #7 2.064   libldap-2.5-0 liblsan0 libmpc3 libmpfr6 libnghttp2-14 libnsl-dev libperl5.36
2025-07-16T05:40:15.9407387Z #7 2.064   libpsl5 libquadmath0 librtmp1 libsasl2-2 libsasl2-modules-db libssh2-1
2025-07-16T05:40:15.9407900Z #7 2.064   libstdc++-12-dev libtirpc-dev libtsan2 libubsan1 linux-libc-dev make patch
2025-07-16T05:40:15.9408339Z #7 2.065   perl perl-modules-5.36 rpcsvc-proto xz-utils
2025-07-16T05:40:15.9408636Z #7 2.065 Suggested packages:
2025-07-16T05:40:15.9408987Z #7 2.065   binutils-doc bzip2-doc cpp-doc gcc-12-locales cpp-12-doc debian-keyring
2025-07-16T05:40:15.9409471Z #7 2.065   g++-multilib g++-12-multilib gcc-12-doc gcc-multilib manpages-dev autoconf
2025-07-16T05:40:15.9410342Z #7 2.065   automake libtool flex bison gdb gcc-doc gcc-12-multilib gettext-base
2025-07-16T05:40:15.9410828Z #7 2.065   git-daemon-run | git-daemon-sysvinit git-doc git-email git-gui gitk gitweb
2025-07-16T05:40:15.9411328Z #7 2.065   git-cvs git-mediawiki git-svn glibc-doc gnupg | sq | sqop | pgpainless-cli
2025-07-16T05:40:15.9411824Z #7 2.065   sensible-utils bzr libstdc++-12-doc make-doc hunspell ed diffutils-doc
2025-07-16T05:40:15.9412311Z #7 2.065   perl-doc libterm-readline-gnu-perl | libterm-readline-perl-perl
2025-07-16T05:40:15.9412690Z #7 2.065   libtap-harness-archive-perl
2025-07-16T05:40:15.9412948Z #7 2.065 Recommended packages:
2025-07-16T05:40:15.9413298Z #7 2.065   fakeroot gnupg | sq | sqop | pgpainless-cli libalgorithm-merge-perl less
2025-07-16T05:40:15.9414314Z #7 2.065   ssh-client manpages manpages-dev libc-devtools libfile-fcntllock-perl
2025-07-16T05:40:15.9415141Z #7 2.065   liblocale-gettext-perl libldap-common publicsuffix libsasl2-modules
2025-07-16T05:40:16.1138010Z #7 2.389 The following NEW packages will be installed:
2025-07-16T05:40:16.1139083Z #7 2.389   binutils binutils-common binutils-x86-64-linux-gnu build-essential bzip2 cpp
2025-07-16T05:40:16.2330176Z #7 2.389   cpp-12 curl dpkg-dev g++ g++-12 gcc gcc-12 git git-man libasan8 libatomic1
2025-07-16T05:40:16.2331409Z #7 2.389   libbinutils libbrotli1 libc-dev-bin libc6-dev libcc1-0 libcrypt-dev
2025-07-16T05:40:16.2332334Z #7 2.389   libctf-nobfd0 libctf0 libcurl3-gnutls libcurl4 libdpkg-perl liberror-perl
2025-07-16T05:40:16.2333411Z #7 2.389   libexpat1 libgcc-12-dev libgdbm-compat4 libgomp1 libgprofng0 libisl23
2025-07-16T05:40:16.2334745Z #7 2.389   libitm1 libjansson4 libldap-2.5-0 liblsan0 libmpc3 libmpfr6 libnghttp2-14
2025-07-16T05:40:16.2336305Z #7 2.390   libnsl-dev libperl5.36 libpsl5 libquadmath0 librtmp1 libsasl2-2
2025-07-16T05:40:16.2337656Z #7 2.390   libsasl2-modules-db libssh2-1 libstdc++-12-dev libtirpc-dev libtsan2
2025-07-16T05:40:16.2338389Z #7 2.390   libubsan1 linux-libc-dev make nano patch perl perl-modules-5.36 rpcsvc-proto
2025-07-16T05:40:16.2338907Z #7 2.390   xz-utils
2025-07-16T05:40:16.2339181Z #7 2.431 0 upgraded, 62 newly installed, 0 to remove and 0 not upgraded.
2025-07-16T05:40:16.2339524Z #7 2.431 Need to get 85.7 MB of archives.
2025-07-16T05:40:16.2339865Z #7 2.431 After this operation, 370 MB of additional disk space will be used.
2025-07-16T05:40:16.2341852Z #7 2.431 Get:1 http://deb.debian.org/debian bookworm/main amd64 perl-modules-5.36 all 5.36.0-7+deb12u2 [2815 kB]
2025-07-16T05:40:16.2342471Z #7 2.508 Get:2 http://deb.debian.org/debian bookworm/main amd64 libgdbm-compat4 amd64 1.23-3 [48.2 kB]
2025-07-16T05:40:16.3482670Z #7 2.509 Get:3 http://deb.debian.org/debian bookworm/main amd64 libperl5.36 amd64 5.36.0-7+deb12u2 [4207 kB]
2025-07-16T05:40:16.3483848Z #7 2.528 Get:4 http://deb.debian.org/debian bookworm/main amd64 perl amd64 5.36.0-7+deb12u2 [239 kB]
2025-07-16T05:40:16.3484812Z #7 2.529 Get:5 http://deb.debian.org/debian bookworm/main amd64 nano amd64 7.2-1+deb12u1 [690 kB]
2025-07-16T05:40:16.3487646Z #7 2.532 Get:6 http://deb.debian.org/debian bookworm/main amd64 bzip2 amd64 1.0.8-5+b1 [49.8 kB]
2025-07-16T05:40:16.3488699Z #7 2.532 Get:7 http://deb.debian.org/debian bookworm/main amd64 xz-utils amd64 5.4.1-1 [471 kB]
2025-07-16T05:40:16.3489332Z #7 2.534 Get:8 http://deb.debian.org/debian bookworm/main amd64 binutils-common amd64 2.40-2 [2487 kB]
2025-07-16T05:40:16.3489910Z #7 2.543 Get:9 http://deb.debian.org/debian bookworm/main amd64 libbinutils amd64 2.40-2 [572 kB]
2025-07-16T05:40:16.3490449Z #7 2.546 Get:10 http://deb.debian.org/debian bookworm/main amd64 libctf-nobfd0 amd64 2.40-2 [153 kB]
2025-07-16T05:40:16.3493569Z #7 2.546 Get:11 http://deb.debian.org/debian bookworm/main amd64 libctf0 amd64 2.40-2 [89.8 kB]
2025-07-16T05:40:16.3494592Z #7 2.547 Get:12 http://deb.debian.org/debian bookworm/main amd64 libgprofng0 amd64 2.40-2 [812 kB]
2025-07-16T05:40:16.3495168Z #7 2.550 Get:13 http://deb.debian.org/debian bookworm/main amd64 libjansson4 amd64 2.14-2 [40.8 kB]
2025-07-16T05:40:16.3496850Z #7 2.551 Get:14 http://deb.debian.org/debian bookworm/main amd64 binutils-x86-64-linux-gnu amd64 2.40-2 [2246 kB]
2025-07-16T05:40:16.3497967Z #7 2.559 Get:15 http://deb.debian.org/debian bookworm/main amd64 binutils amd64 2.40-2 [65.0 kB]
2025-07-16T05:40:16.3500695Z #7 2.560 Get:16 http://deb.debian.org/debian bookworm/main amd64 libc-dev-bin amd64 2.36-9+deb12u10 [47.1 kB]
2025-07-16T05:40:16.3503839Z #7 2.560 Get:17 http://deb.debian.org/debian-security bookworm-security/main amd64 linux-libc-dev amd64 6.1.140-1 [2145 kB]
2025-07-16T05:40:16.3505131Z #7 2.570 Get:18 http://deb.debian.org/debian bookworm/main amd64 libcrypt-dev amd64 1:4.4.33-2 [118 kB]
2025-07-16T05:40:16.3507793Z #7 2.571 Get:19 http://deb.debian.org/debian bookworm/main amd64 libtirpc-dev amd64 1.3.3+ds-1 [191 kB]
2025-07-16T05:40:16.3509116Z #7 2.572 Get:20 http://deb.debian.org/debian bookworm/main amd64 libnsl-dev amd64 1.3.0-2 [66.4 kB]
2025-07-16T05:40:16.3510214Z #7 2.572 Get:21 http://deb.debian.org/debian bookworm/main amd64 rpcsvc-proto amd64 1.4.3-1 [63.3 kB]
2025-07-16T05:40:16.3512634Z #7 2.573 Get:22 http://deb.debian.org/debian bookworm/main amd64 libc6-dev amd64 2.36-9+deb12u10 [1903 kB]
2025-07-16T05:40:16.3513241Z #7 2.580 Get:23 http://deb.debian.org/debian bookworm/main amd64 libisl23 amd64 0.25-1.1 [683 kB]
2025-07-16T05:40:16.3513772Z #7 2.583 Get:24 http://deb.debian.org/debian bookworm/main amd64 libmpfr6 amd64 4.2.0-1 [701 kB]
2025-07-16T05:40:16.3514564Z #7 2.586 Get:25 http://deb.debian.org/debian bookworm/main amd64 libmpc3 amd64 1.3.1-1 [51.5 kB]
2025-07-16T05:40:16.3515130Z #7 2.586 Get:26 http://deb.debian.org/debian bookworm/main amd64 cpp-12 amd64 12.2.0-14+deb12u1 [9768 kB]
2025-07-16T05:40:16.3515667Z #7 2.623 Get:27 http://deb.debian.org/debian bookworm/main amd64 cpp amd64 4:12.2.0-3 [6836 B]
2025-07-16T05:40:16.4500561Z #7 2.623 Get:28 http://deb.debian.org/debian bookworm/main amd64 libcc1-0 amd64 12.2.0-14+deb12u1 [41.7 kB]
2025-07-16T05:40:16.4501893Z #7 2.624 Get:29 http://deb.debian.org/debian bookworm/main amd64 libgomp1 amd64 12.2.0-14+deb12u1 [116 kB]
2025-07-16T05:40:16.4503146Z #7 2.625 Get:30 http://deb.debian.org/debian bookworm/main amd64 libitm1 amd64 12.2.0-14+deb12u1 [26.1 kB]
2025-07-16T05:40:16.4506258Z #7 2.625 Get:31 http://deb.debian.org/debian bookworm/main amd64 libatomic1 amd64 12.2.0-14+deb12u1 [9376 B]
2025-07-16T05:40:16.4507527Z #7 2.625 Get:32 http://deb.debian.org/debian bookworm/main amd64 libasan8 amd64 12.2.0-14+deb12u1 [2193 kB]
2025-07-16T05:40:16.4510531Z #7 2.633 Get:33 http://deb.debian.org/debian bookworm/main amd64 liblsan0 amd64 12.2.0-14+deb12u1 [969 kB]
2025-07-16T05:40:16.4511452Z #7 2.637 Get:34 http://deb.debian.org/debian bookworm/main amd64 libtsan2 amd64 12.2.0-14+deb12u1 [2197 kB]
2025-07-16T05:40:16.4512072Z #7 2.645 Get:35 http://deb.debian.org/debian bookworm/main amd64 libubsan1 amd64 12.2.0-14+deb12u1 [883 kB]
2025-07-16T05:40:16.4512686Z #7 2.648 Get:36 http://deb.debian.org/debian bookworm/main amd64 libquadmath0 amd64 12.2.0-14+deb12u1 [145 kB]
2025-07-16T05:40:16.4514896Z #7 2.649 Get:37 http://deb.debian.org/debian bookworm/main amd64 libgcc-12-dev amd64 12.2.0-14+deb12u1 [2437 kB]
2025-07-16T05:40:16.4515732Z #7 2.658 Get:38 http://deb.debian.org/debian bookworm/main amd64 gcc-12 amd64 12.2.0-14+deb12u1 [19.3 MB]
2025-07-16T05:40:16.4516698Z #7 2.725 Get:39 http://deb.debian.org/debian bookworm/main amd64 gcc amd64 4:12.2.0-3 [5216 B]
2025-07-16T05:40:16.6683437Z #7 2.725 Get:40 http://deb.debian.org/debian bookworm/main amd64 libstdc++-12-dev amd64 12.2.0-14+deb12u1 [2047 kB]
2025-07-16T05:40:16.6684811Z #7 2.733 Get:41 http://deb.debian.org/debian bookworm/main amd64 g++-12 amd64 12.2.0-14+deb12u1 [10.7 MB]
2025-07-16T05:40:16.6685802Z #7 2.770 Get:42 http://deb.debian.org/debian bookworm/main amd64 g++ amd64 4:12.2.0-3 [1356 B]
2025-07-16T05:40:16.6686464Z #7 2.770 Get:43 http://deb.debian.org/debian bookworm/main amd64 make amd64 4.3-4.1 [396 kB]
2025-07-16T05:40:16.6687057Z #7 2.772 Get:44 http://deb.debian.org/debian bookworm/main amd64 libdpkg-perl all 1.21.22 [603 kB]
2025-07-16T05:40:16.6687900Z #7 2.774 Get:45 http://deb.debian.org/debian bookworm/main amd64 patch amd64 2.7.6-7 [128 kB]
2025-07-16T05:40:16.6688447Z #7 2.775 Get:46 http://deb.debian.org/debian bookworm/main amd64 dpkg-dev all 1.21.22 [1353 kB]
2025-07-16T05:40:16.6689012Z #7 2.780 Get:47 http://deb.debian.org/debian bookworm/main amd64 build-essential amd64 12.9 [7704 B]
2025-07-16T05:40:16.6689599Z #7 2.780 Get:48 http://deb.debian.org/debian bookworm/main amd64 libbrotli1 amd64 1.0.9-2+b6 [275 kB]
2025-07-16T05:40:16.6690241Z #7 2.781 Get:49 http://deb.debian.org/debian bookworm/main amd64 libsasl2-modules-db amd64 2.1.28+dfsg-10 [20.3 kB]
2025-07-16T05:40:16.6690896Z #7 2.781 Get:50 http://deb.debian.org/debian bookworm/main amd64 libsasl2-2 amd64 2.1.28+dfsg-10 [59.7 kB]
2025-07-16T05:40:16.6691669Z #7 2.782 Get:51 http://deb.debian.org/debian bookworm/main amd64 libldap-2.5-0 amd64 2.5.13+dfsg-5 [183 kB]
2025-07-16T05:40:16.6692313Z #7 2.792 Get:52 http://deb.debian.org/debian bookworm/main amd64 libnghttp2-14 amd64 1.52.0-1+deb12u2 [73.0 kB]
2025-07-16T05:40:16.6692914Z #7 2.793 Get:53 http://deb.debian.org/debian bookworm/main amd64 libpsl5 amd64 0.21.2-1 [58.7 kB]
2025-07-16T05:40:16.6693776Z #7 2.793 Get:54 http://deb.debian.org/debian bookworm/main amd64 librtmp1 amd64 2.4+20151223.gitfa8646d.1-2+b2 [60.8 kB]
2025-07-16T05:40:16.6695038Z #7 2.794 Get:55 http://deb.debian.org/debian bookworm/main amd64 libssh2-1 amd64 1.10.0-3+b1 [179 kB]
2025-07-16T05:40:16.6695740Z #7 2.795 Get:56 http://deb.debian.org/debian bookworm/main amd64 libcurl4 amd64 7.88.1-10+deb12u12 [391 kB]
2025-07-16T05:40:16.6696302Z #7 2.797 Get:57 http://deb.debian.org/debian bookworm/main amd64 curl amd64 7.88.1-10+deb12u12 [315 kB]
2025-07-16T05:40:16.6696896Z #7 2.799 Get:58 http://deb.debian.org/debian bookworm/main amd64 libcurl3-gnutls amd64 7.88.1-10+deb12u12 [386 kB]
2025-07-16T05:40:16.6697494Z #7 2.803 Get:59 http://deb.debian.org/debian bookworm/main amd64 libexpat1 amd64 2.5.0-1+deb12u1 [98.9 kB]
2025-07-16T05:40:16.6698054Z #7 2.803 Get:60 http://deb.debian.org/debian bookworm/main amd64 liberror-perl all 0.17029-2 [29.0 kB]
2025-07-16T05:40:16.6698612Z #7 2.804 Get:61 http://deb.debian.org/debian bookworm/main amd64 git-man all 1:2.39.5-0+deb12u2 [2053 kB]
2025-07-16T05:40:16.6699170Z #7 2.817 Get:62 http://deb.debian.org/debian bookworm/main amd64 git amd64 1:2.39.5-0+deb12u2 [7260 kB]
2025-07-16T05:40:16.6699689Z #7 2.943 debconf: delaying package configuration, since apt-utils is not installed
2025-07-16T05:40:16.8604653Z #7 2.963 Fetched 85.7 MB in 0s (192 MB/s)
2025-07-16T05:40:16.8605367Z #7 2.979 Selecting previously unselected package perl-modules-5.36.
2025-07-16T05:40:16.8605965Z #7 2.979 (Reading database ... 
2025-07-16T05:40:16.8606356Z (Reading database ... 5%
2025-07-16T05:40:16.8606753Z (Reading database ... 10%
2025-07-16T05:40:16.8607120Z (Reading database ... 15%
2025-07-16T05:40:16.8607472Z (Reading database ... 20%
2025-07-16T05:40:16.8607830Z (Reading database ... 25%
2025-07-16T05:40:16.8608177Z (Reading database ... 30%
2025-07-16T05:40:16.8608529Z (Reading database ... 35%
2025-07-16T05:40:16.8608872Z (Reading database ... 40%
2025-07-16T05:40:16.8609216Z (Reading database ... 45%
2025-07-16T05:40:16.8609563Z (Reading database ... 50%
2025-07-16T05:40:16.8609900Z (Reading database ... 55%
2025-07-16T05:40:16.8610246Z (Reading database ... 60%
2025-07-16T05:40:16.8610595Z (Reading database ... 65%
2025-07-16T05:40:16.8610939Z (Reading database ... 70%
2025-07-16T05:40:16.8611288Z (Reading database ... 75%
2025-07-16T05:40:16.8611635Z (Reading database ... 80%
2025-07-16T05:40:16.8611978Z (Reading database ... 85%
2025-07-16T05:40:16.8612327Z (Reading database ... 90%
2025-07-16T05:40:16.8612676Z (Reading database ... 95%
2025-07-16T05:40:16.8613021Z (Reading database ... 100%
2025-07-16T05:40:16.8613556Z (Reading database ... 6688 files and directories currently installed.)
2025-07-16T05:40:16.8614491Z #7 2.984 Preparing to unpack .../00-perl-modules-5.36_5.36.0-7+deb12u2_all.deb ...
2025-07-16T05:40:16.8615476Z #7 2.985 Unpacking perl-modules-5.36 (5.36.0-7+deb12u2) ...
2025-07-16T05:40:16.9921671Z #7 3.267 Selecting previously unselected package libgdbm-compat4:amd64.
2025-07-16T05:40:17.1650877Z #7 3.269 Preparing to unpack .../01-libgdbm-compat4_1.23-3_amd64.deb ...
2025-07-16T05:40:17.1651539Z #7 3.270 Unpacking libgdbm-compat4:amd64 (1.23-3) ...
2025-07-16T05:40:17.1652132Z #7 3.288 Selecting previously unselected package libperl5.36:amd64.
2025-07-16T05:40:17.1652834Z #7 3.289 Preparing to unpack .../02-libperl5.36_5.36.0-7+deb12u2_amd64.deb ...
2025-07-16T05:40:17.1653456Z #7 3.290 Unpacking libperl5.36:amd64 (5.36.0-7+deb12u2) ...
2025-07-16T05:40:17.2967067Z #7 3.572 Selecting previously unselected package perl.
2025-07-16T05:40:17.3972197Z #7 3.573 Preparing to unpack .../03-perl_5.36.0-7+deb12u2_amd64.deb ...
2025-07-16T05:40:17.3972754Z #7 3.579 Unpacking perl (5.36.0-7+deb12u2) ...
2025-07-16T05:40:17.3973079Z #7 3.607 Selecting previously unselected package nano.
2025-07-16T05:40:17.3973471Z #7 3.608 Preparing to unpack .../04-nano_7.2-1+deb12u1_amd64.deb ...
2025-07-16T05:40:17.3973803Z #7 3.609 Unpacking nano (7.2-1+deb12u1) ...
2025-07-16T05:40:17.3974109Z #7 3.670 Selecting previously unselected package bzip2.
2025-07-16T05:40:17.3974750Z #7 3.671 Preparing to unpack .../05-bzip2_1.0.8-5+b1_amd64.deb ...
2025-07-16T05:40:17.3975061Z #7 3.672 Unpacking bzip2 (1.0.8-5+b1) ...
2025-07-16T05:40:17.6185044Z #7 3.690 Selecting previously unselected package xz-utils.
2025-07-16T05:40:17.6185754Z #7 3.692 Preparing to unpack .../06-xz-utils_5.4.1-1_amd64.deb ...
2025-07-16T05:40:17.6186325Z #7 3.693 Unpacking xz-utils (5.4.1-1) ...
2025-07-16T05:40:17.6186916Z #7 3.741 Selecting previously unselected package binutils-common:amd64.
2025-07-16T05:40:17.6187684Z #7 3.742 Preparing to unpack .../07-binutils-common_2.40-2_amd64.deb ...
2025-07-16T05:40:17.6188188Z #7 3.743 Unpacking binutils-common:amd64 (2.40-2) ...
2025-07-16T05:40:17.6306364Z #7 3.906 Selecting previously unselected package libbinutils:amd64.
2025-07-16T05:40:17.7310643Z #7 3.907 Preparing to unpack .../08-libbinutils_2.40-2_amd64.deb ...
2025-07-16T05:40:17.7311183Z #7 3.908 Unpacking libbinutils:amd64 (2.40-2) ...
2025-07-16T05:40:17.7311561Z #7 3.958 Selecting previously unselected package libctf-nobfd0:amd64.
2025-07-16T05:40:17.7311980Z #7 3.959 Preparing to unpack .../09-libctf-nobfd0_2.40-2_amd64.deb ...
2025-07-16T05:40:17.7312332Z #7 3.960 Unpacking libctf-nobfd0:amd64 (2.40-2) ...
2025-07-16T05:40:17.7312668Z #7 3.983 Selecting previously unselected package libctf0:amd64.
2025-07-16T05:40:17.7313027Z #7 3.984 Preparing to unpack .../10-libctf0_2.40-2_amd64.deb ...
2025-07-16T05:40:17.7313346Z #7 3.985 Unpacking libctf0:amd64 (2.40-2) ...
2025-07-16T05:40:17.7313701Z #7 4.004 Selecting previously unselected package libgprofng0:amd64.
2025-07-16T05:40:17.7314094Z #7 4.005 Preparing to unpack .../11-libgprofng0_2.40-2_amd64.deb ...
2025-07-16T05:40:17.7314674Z #7 4.006 Unpacking libgprofng0:amd64 (2.40-2) ...
2025-07-16T05:40:17.9653328Z #7 4.069 Selecting previously unselected package libjansson4:amd64.
2025-07-16T05:40:17.9654281Z #7 4.071 Preparing to unpack .../12-libjansson4_2.14-2_amd64.deb ...
2025-07-16T05:40:17.9654915Z #7 4.073 Unpacking libjansson4:amd64 (2.14-2) ...
2025-07-16T05:40:17.9655611Z #7 4.088 Selecting previously unselected package binutils-x86-64-linux-gnu.
2025-07-16T05:40:17.9656454Z #7 4.089 Preparing to unpack .../13-binutils-x86-64-linux-gnu_2.40-2_amd64.deb ...
2025-07-16T05:40:17.9657175Z #7 4.090 Unpacking binutils-x86-64-linux-gnu (2.40-2) ...
2025-07-16T05:40:17.9913009Z #7 4.266 Selecting previously unselected package binutils.
2025-07-16T05:40:18.1857077Z #7 4.268 Preparing to unpack .../14-binutils_2.40-2_amd64.deb ...
2025-07-16T05:40:18.1857734Z #7 4.269 Unpacking binutils (2.40-2) ...
2025-07-16T05:40:18.1858356Z #7 4.290 Selecting previously unselected package libc-dev-bin.
2025-07-16T05:40:18.1859078Z #7 4.291 Preparing to unpack .../15-libc-dev-bin_2.36-9+deb12u10_amd64.deb ...
2025-07-16T05:40:18.1860081Z #7 4.292 Unpacking libc-dev-bin (2.36-9+deb12u10) ...
2025-07-16T05:40:18.1860739Z #7 4.308 Selecting previously unselected package linux-libc-dev:amd64.
2025-07-16T05:40:18.1861496Z #7 4.309 Preparing to unpack .../16-linux-libc-dev_6.1.140-1_amd64.deb ...
2025-07-16T05:40:18.1862154Z #7 4.310 Unpacking linux-libc-dev:amd64 (6.1.140-1) ...
2025-07-16T05:40:18.2384964Z #7 4.514 Selecting previously unselected package libcrypt-dev:amd64.
2025-07-16T05:40:18.3400005Z #7 4.515 Preparing to unpack .../17-libcrypt-dev_1%3a4.4.33-2_amd64.deb ...
2025-07-16T05:40:18.3400452Z #7 4.520 Unpacking libcrypt-dev:amd64 (1:4.4.33-2) ...
2025-07-16T05:40:18.3400956Z #7 4.542 Selecting previously unselected package libtirpc-dev:amd64.
2025-07-16T05:40:18.3401672Z #7 4.543 Preparing to unpack .../18-libtirpc-dev_1.3.3+ds-1_amd64.deb ...
2025-07-16T05:40:18.3402071Z #7 4.544 Unpacking libtirpc-dev:amd64 (1.3.3+ds-1) ...
2025-07-16T05:40:18.3402434Z #7 4.569 Selecting previously unselected package libnsl-dev:amd64.
2025-07-16T05:40:18.3402902Z #7 4.571 Preparing to unpack .../19-libnsl-dev_1.3.0-2_amd64.deb ...
2025-07-16T05:40:18.3403490Z #7 4.574 Unpacking libnsl-dev:amd64 (1.3.0-2) ...
2025-07-16T05:40:18.3403972Z #7 4.591 Selecting previously unselected package rpcsvc-proto.
2025-07-16T05:40:18.3404628Z #7 4.593 Preparing to unpack .../20-rpcsvc-proto_1.4.3-1_amd64.deb ...
2025-07-16T05:40:18.3404976Z #7 4.594 Unpacking rpcsvc-proto (1.4.3-1) ...
2025-07-16T05:40:18.3405306Z #7 4.614 Selecting previously unselected package libc6-dev:amd64.
2025-07-16T05:40:18.3405751Z #7 4.615 Preparing to unpack .../21-libc6-dev_2.36-9+deb12u10_amd64.deb ...
2025-07-16T05:40:18.4904724Z #7 4.616 Unpacking libc6-dev:amd64 (2.36-9+deb12u10) ...
2025-07-16T05:40:18.4905422Z #7 4.766 Selecting previously unselected package libisl23:amd64.
2025-07-16T05:40:18.5914035Z #7 4.767 Preparing to unpack .../22-libisl23_0.25-1.1_amd64.deb ...
2025-07-16T05:40:18.5914870Z #7 4.768 Unpacking libisl23:amd64 (0.25-1.1) ...
2025-07-16T05:40:18.5915399Z #7 4.825 Selecting previously unselected package libmpfr6:amd64.
2025-07-16T05:40:18.5916093Z #7 4.826 Preparing to unpack .../23-libmpfr6_4.2.0-1_amd64.deb ...
2025-07-16T05:40:18.5916698Z #7 4.827 Unpacking libmpfr6:amd64 (4.2.0-1) ...
2025-07-16T05:40:18.5917294Z #7 4.865 Selecting previously unselected package libmpc3:amd64.
2025-07-16T05:40:18.5917941Z #7 4.867 Preparing to unpack .../24-libmpc3_1.3.1-1_amd64.deb ...
2025-07-16T05:40:18.7614814Z #7 4.868 Unpacking libmpc3:amd64 (1.3.1-1) ...
2025-07-16T05:40:18.7615263Z #7 4.884 Selecting previously unselected package cpp-12.
2025-07-16T05:40:18.7615738Z #7 4.885 Preparing to unpack .../25-cpp-12_12.2.0-14+deb12u1_amd64.deb ...
2025-07-16T05:40:18.7616178Z #7 4.886 Unpacking cpp-12 (12.2.0-14+deb12u1) ...
2025-07-16T05:40:19.1097534Z #7 5.385 Selecting previously unselected package cpp.
2025-07-16T05:40:19.2129261Z #7 5.386 Preparing to unpack .../26-cpp_4%3a12.2.0-3_amd64.deb ...
2025-07-16T05:40:19.2130326Z #7 5.387 Unpacking cpp (4:12.2.0-3) ...
2025-07-16T05:40:19.2131712Z #7 5.403 Selecting previously unselected package libcc1-0:amd64.
2025-07-16T05:40:19.2132365Z #7 5.404 Preparing to unpack .../27-libcc1-0_12.2.0-14+deb12u1_amd64.deb ...
2025-07-16T05:40:19.2132933Z #7 5.405 Unpacking libcc1-0:amd64 (12.2.0-14+deb12u1) ...
2025-07-16T05:40:19.2133455Z #7 5.421 Selecting previously unselected package libgomp1:amd64.
2025-07-16T05:40:19.2134044Z #7 5.423 Preparing to unpack .../28-libgomp1_12.2.0-14+deb12u1_amd64.deb ...
2025-07-16T05:40:19.2134748Z #7 5.423 Unpacking libgomp1:amd64 (12.2.0-14+deb12u1) ...
2025-07-16T05:40:19.2135250Z #7 5.446 Selecting previously unselected package libitm1:amd64.
2025-07-16T05:40:19.2135819Z #7 5.447 Preparing to unpack .../29-libitm1_12.2.0-14+deb12u1_amd64.deb ...
2025-07-16T05:40:19.2136378Z #7 5.448 Unpacking libitm1:amd64 (12.2.0-14+deb12u1) ...
2025-07-16T05:40:19.2136896Z #7 5.470 Selecting previously unselected package libatomic1:amd64.
2025-07-16T05:40:19.2137797Z #7 5.472 Preparing to unpack .../30-libatomic1_12.2.0-14+deb12u1_amd64.deb ...
2025-07-16T05:40:19.2138348Z #7 5.473 Unpacking libatomic1:amd64 (12.2.0-14+deb12u1) ...
2025-07-16T05:40:19.2138862Z #7 5.488 Selecting previously unselected package libasan8:amd64.
2025-07-16T05:40:19.3650811Z #7 5.490 Preparing to unpack .../31-libasan8_12.2.0-14+deb12u1_amd64.deb ...
2025-07-16T05:40:19.3651499Z #7 5.491 Unpacking libasan8:amd64 (12.2.0-14+deb12u1) ...
2025-07-16T05:40:19.3652073Z #7 5.640 Selecting previously unselected package liblsan0:amd64.
2025-07-16T05:40:19.5939703Z #7 5.642 Preparing to unpack .../32-liblsan0_12.2.0-14+deb12u1_amd64.deb ...
2025-07-16T05:40:19.5940422Z #7 5.643 Unpacking liblsan0:amd64 (12.2.0-14+deb12u1) ...
2025-07-16T05:40:19.5941021Z #7 5.719 Selecting previously unselected package libtsan2:amd64.
2025-07-16T05:40:19.5942049Z #7 5.720 Preparing to unpack .../33-libtsan2_12.2.0-14+deb12u1_amd64.deb ...
2025-07-16T05:40:19.5942515Z #7 5.721 Unpacking libtsan2:amd64 (12.2.0-14+deb12u1) ...
2025-07-16T05:40:19.5942886Z #7 5.869 Selecting previously unselected package libubsan1:amd64.
2025-07-16T05:40:19.8407821Z #7 5.871 Preparing to unpack .../34-libubsan1_12.2.0-14+deb12u1_amd64.deb ...
2025-07-16T05:40:19.8408529Z #7 5.872 Unpacking libubsan1:amd64 (12.2.0-14+deb12u1) ...
2025-07-16T05:40:19.8408928Z #7 5.939 Selecting previously unselected package libquadmath0:amd64.
2025-07-16T05:40:19.8409374Z #7 5.940 Preparing to unpack .../35-libquadmath0_12.2.0-14+deb12u1_amd64.deb ...
2025-07-16T05:40:19.8409773Z #7 5.941 Unpacking libquadmath0:amd64 (12.2.0-14+deb12u1) ...
2025-07-16T05:40:19.8410164Z #7 5.963 Selecting previously unselected package libgcc-12-dev:amd64.
2025-07-16T05:40:19.8410606Z #7 5.965 Preparing to unpack .../36-libgcc-12-dev_12.2.0-14+deb12u1_amd64.deb ...
2025-07-16T05:40:19.8411323Z #7 5.965 Unpacking libgcc-12-dev:amd64 (12.2.0-14+deb12u1) ...
2025-07-16T05:40:19.8421593Z #7 6.117 Selecting previously unselected package gcc-12.
2025-07-16T05:40:19.9952802Z #7 6.119 Preparing to unpack .../37-gcc-12_12.2.0-14+deb12u1_amd64.deb ...
2025-07-16T05:40:19.9953828Z #7 6.120 Unpacking gcc-12 (12.2.0-14+deb12u1) ...
2025-07-16T05:40:20.4747800Z #7 6.750 Selecting previously unselected package gcc.
2025-07-16T05:40:20.6469996Z #7 6.751 Preparing to unpack .../38-gcc_4%3a12.2.0-3_amd64.deb ...
2025-07-16T05:40:20.6470632Z #7 6.752 Unpacking gcc (4:12.2.0-3) ...
2025-07-16T05:40:20.6471264Z #7 6.770 Selecting previously unselected package libstdc++-12-dev:amd64.
2025-07-16T05:40:20.6472069Z #7 6.771 Preparing to unpack .../39-libstdc++-12-dev_12.2.0-14+deb12u1_amd64.deb ...
2025-07-16T05:40:20.6472840Z #7 6.772 Unpacking libstdc++-12-dev:amd64 (12.2.0-14+deb12u1) ...
2025-07-16T05:40:20.7040156Z #7 6.979 Selecting previously unselected package g++-12.
2025-07-16T05:40:20.8573099Z #7 6.981 Preparing to unpack .../40-g++-12_12.2.0-14+deb12u1_amd64.deb ...
2025-07-16T05:40:20.8574466Z #7 6.982 Unpacking g++-12 (12.2.0-14+deb12u1) ...
2025-07-16T05:40:21.2077043Z #7 7.483 Selecting previously unselected package g++.
2025-07-16T05:40:21.3210249Z #7 7.485 Preparing to unpack .../41-g++_4%3a12.2.0-3_amd64.deb ...
2025-07-16T05:40:21.3210807Z #7 7.485 Unpacking g++ (4:12.2.0-3) ...
2025-07-16T05:40:21.3211274Z #7 7.498 Selecting previously unselected package make.
2025-07-16T05:40:21.3211814Z #7 7.500 Preparing to unpack .../42-make_4.3-4.1_amd64.deb ...
2025-07-16T05:40:21.3212291Z #7 7.501 Unpacking make (4.3-4.1) ...
2025-07-16T05:40:21.3212769Z #7 7.540 Selecting previously unselected package libdpkg-perl.
2025-07-16T05:40:21.3213365Z #7 7.542 Preparing to unpack .../43-libdpkg-perl_1.21.22_all.deb ...
2025-07-16T05:40:21.3213892Z #7 7.543 Unpacking libdpkg-perl (1.21.22) ...
2025-07-16T05:40:21.3214510Z #7 7.596 Selecting previously unselected package patch.
2025-07-16T05:40:21.4350967Z #7 7.598 Preparing to unpack .../44-patch_2.7.6-7_amd64.deb ...
2025-07-16T05:40:21.4351509Z #7 7.599 Unpacking patch (2.7.6-7) ...
2025-07-16T05:40:21.4351996Z #7 7.620 Selecting previously unselected package dpkg-dev.
2025-07-16T05:40:21.4352864Z #7 7.621 Preparing to unpack .../45-dpkg-dev_1.21.22_all.deb ...
2025-07-16T05:40:21.4353360Z #7 7.623 Unpacking dpkg-dev (1.21.22) ...
2025-07-16T05:40:21.4353873Z #7 7.710 Selecting previously unselected package build-essential.
2025-07-16T05:40:21.5354721Z #7 7.712 Preparing to unpack .../46-build-essential_12.9_amd64.deb ...
2025-07-16T05:40:21.5356018Z #7 7.713 Unpacking build-essential (12.9) ...
2025-07-16T05:40:21.5356687Z #7 7.728 Selecting previously unselected package libbrotli1:amd64.
2025-07-16T05:40:21.5357578Z #7 7.730 Preparing to unpack .../47-libbrotli1_1.0.9-2+b6_amd64.deb ...
2025-07-16T05:40:21.5358223Z #7 7.731 Unpacking libbrotli1:amd64 (1.0.9-2+b6) ...
2025-07-16T05:40:21.5358909Z #7 7.763 Selecting previously unselected package libsasl2-modules-db:amd64.
2025-07-16T05:40:21.5360071Z #7 7.764 Preparing to unpack .../48-libsasl2-modules-db_2.1.28+dfsg-10_amd64.deb ...
2025-07-16T05:40:21.5360908Z #7 7.765 Unpacking libsasl2-modules-db:amd64 (2.1.28+dfsg-10) ...
2025-07-16T05:40:21.5361634Z #7 7.780 Selecting previously unselected package libsasl2-2:amd64.
2025-07-16T05:40:21.5362352Z #7 7.782 Preparing to unpack .../49-libsasl2-2_2.1.28+dfsg-10_amd64.deb ...
2025-07-16T05:40:21.5363001Z #7 7.783 Unpacking libsasl2-2:amd64 (2.1.28+dfsg-10) ...
2025-07-16T05:40:21.5363654Z #7 7.808 Selecting previously unselected package libldap-2.5-0:amd64.
2025-07-16T05:40:21.5364646Z #7 7.810 Preparing to unpack .../50-libldap-2.5-0_2.5.13+dfsg-5_amd64.deb ...
2025-07-16T05:40:21.5365341Z #7 7.811 Unpacking libldap-2.5-0:amd64 (2.5.13+dfsg-5) ...
2025-07-16T05:40:21.6498774Z #7 7.837 Selecting previously unselected package libnghttp2-14:amd64.
2025-07-16T05:40:21.6499673Z #7 7.838 Preparing to unpack .../51-libnghttp2-14_1.52.0-1+deb12u2_amd64.deb ...
2025-07-16T05:40:21.6500441Z #7 7.839 Unpacking libnghttp2-14:amd64 (1.52.0-1+deb12u2) ...
2025-07-16T05:40:21.6501090Z #7 7.858 Selecting previously unselected package libpsl5:amd64.
2025-07-16T05:40:21.6501779Z #7 7.859 Preparing to unpack .../52-libpsl5_0.21.2-1_amd64.deb ...
2025-07-16T05:40:21.6502360Z #7 7.860 Unpacking libpsl5:amd64 (0.21.2-1) ...
2025-07-16T05:40:21.6502943Z #7 7.878 Selecting previously unselected package librtmp1:amd64.
2025-07-16T05:40:21.6503701Z #7 7.879 Preparing to unpack .../53-librtmp1_2.4+20151223.gitfa8646d.1-2+b2_amd64.deb ...
2025-07-16T05:40:21.6504712Z #7 7.880 Unpacking librtmp1:amd64 (2.4+20151223.gitfa8646d.1-2+b2) ...
2025-07-16T05:40:21.6505422Z #7 7.898 Selecting previously unselected package libssh2-1:amd64.
2025-07-16T05:40:21.6506115Z #7 7.899 Preparing to unpack .../54-libssh2-1_1.10.0-3+b1_amd64.deb ...
2025-07-16T05:40:21.6506736Z #7 7.900 Unpacking libssh2-1:amd64 (1.10.0-3+b1) ...
2025-07-16T05:40:21.6507349Z #7 7.925 Selecting previously unselected package libcurl4:amd64.
2025-07-16T05:40:21.7523919Z #7 7.927 Preparing to unpack .../55-libcurl4_7.88.1-10+deb12u12_amd64.deb ...
2025-07-16T05:40:21.7524747Z #7 7.928 Unpacking libcurl4:amd64 (7.88.1-10+deb12u12) ...
2025-07-16T05:40:21.7525111Z #7 7.960 Selecting previously unselected package curl.
2025-07-16T05:40:21.7525506Z #7 7.961 Preparing to unpack .../56-curl_7.88.1-10+deb12u12_amd64.deb ...
2025-07-16T05:40:21.7525866Z #7 7.962 Unpacking curl (7.88.1-10+deb12u12) ...
2025-07-16T05:40:21.7526220Z #7 7.992 Selecting previously unselected package libcurl3-gnutls:amd64.
2025-07-16T05:40:21.7526665Z #7 7.993 Preparing to unpack .../57-libcurl3-gnutls_7.88.1-10+deb12u12_amd64.deb ...
2025-07-16T05:40:21.7527082Z #7 7.995 Unpacking libcurl3-gnutls:amd64 (7.88.1-10+deb12u12) ...
2025-07-16T05:40:21.7527462Z #7 8.028 Selecting previously unselected package libexpat1:amd64.
2025-07-16T05:40:21.8768263Z #7 8.029 Preparing to unpack .../58-libexpat1_2.5.0-1+deb12u1_amd64.deb ...
2025-07-16T05:40:21.8768951Z #7 8.030 Unpacking libexpat1:amd64 (2.5.0-1+deb12u1) ...
2025-07-16T05:40:21.8769559Z #7 8.049 Selecting previously unselected package liberror-perl.
2025-07-16T05:40:21.8770196Z #7 8.050 Preparing to unpack .../59-liberror-perl_0.17029-2_all.deb ...
2025-07-16T05:40:21.8771064Z #7 8.051 Unpacking liberror-perl (0.17029-2) ...
2025-07-16T05:40:21.8771551Z #7 8.067 Selecting previously unselected package git-man.
2025-07-16T05:40:21.8772145Z #7 8.068 Preparing to unpack .../60-git-man_1%3a2.39.5-0+deb12u2_all.deb ...
2025-07-16T05:40:21.8772697Z #7 8.069 Unpacking git-man (1:2.39.5-0+deb12u2) ...
2025-07-16T05:40:21.8773149Z #7 8.152 Selecting previously unselected package git.
2025-07-16T05:40:22.0344385Z #7 8.154 Preparing to unpack .../61-git_1%3a2.39.5-0+deb12u2_amd64.deb ...
2025-07-16T05:40:22.0346017Z #7 8.159 Unpacking git (1:2.39.5-0+deb12u2) ...
2025-07-16T05:40:22.2196940Z #7 8.495 Setting up libexpat1:amd64 (2.5.0-1+deb12u1) ...
2025-07-16T05:40:22.3199496Z #7 8.497 Setting up libpsl5:amd64 (0.21.2-1) ...
2025-07-16T05:40:22.3200624Z #7 8.500 Setting up libbrotli1:amd64 (1.0.9-2+b6) ...
2025-07-16T05:40:22.3201418Z #7 8.502 Setting up binutils-common:amd64 (2.40-2) ...
2025-07-16T05:40:22.3202160Z #7 8.505 Setting up libnghttp2-14:amd64 (1.52.0-1+deb12u2) ...
2025-07-16T05:40:22.3202859Z #7 8.507 Setting up linux-libc-dev:amd64 (6.1.140-1) ...
2025-07-16T05:40:22.3203494Z #7 8.509 Setting up libctf-nobfd0:amd64 (2.40-2) ...
2025-07-16T05:40:22.3204279Z #7 8.511 Setting up libgomp1:amd64 (12.2.0-14+deb12u1) ...
2025-07-16T05:40:22.3204890Z #7 8.514 Setting up bzip2 (1.0.8-5+b1) ...
2025-07-16T05:40:22.3205469Z #7 8.516 Setting up libjansson4:amd64 (2.14-2) ...
2025-07-16T05:40:22.3206156Z #7 8.518 Setting up libsasl2-modules-db:amd64 (2.1.28+dfsg-10) ...
2025-07-16T05:40:22.3206625Z #7 8.520 Setting up perl-modules-5.36 (5.36.0-7+deb12u2) ...
2025-07-16T05:40:22.3207156Z #7 8.522 Setting up libtirpc-dev:amd64 (1.3.3+ds-1) ...
2025-07-16T05:40:22.3207564Z #7 8.525 Setting up rpcsvc-proto (1.4.3-1) ...
2025-07-16T05:40:22.3208078Z #7 8.527 Setting up make (4.3-4.1) ...
2025-07-16T05:40:22.3208618Z #7 8.529 Setting up libmpfr6:amd64 (4.2.0-1) ...
2025-07-16T05:40:22.3209330Z #7 8.531 Setting up librtmp1:amd64 (2.4+20151223.gitfa8646d.1-2+b2) ...
2025-07-16T05:40:22.3209976Z #7 8.534 Setting up xz-utils (5.4.1-1) ...
2025-07-16T05:40:22.3210571Z #7 8.537 update-alternatives: using /usr/bin/xz to provide /usr/bin/lzma (lzma) in auto mode
2025-07-16T05:40:22.3211607Z #7 8.538 update-alternatives: warning: skip creation of /usr/share/man/man1/lzma.1.gz because associated file /usr/share/man/man1/xz.1.gz (of link group lzma) doesn't exist
2025-07-16T05:40:22.3213095Z #7 8.538 update-alternatives: warning: skip creation of /usr/share/man/man1/unlzma.1.gz because associated file /usr/share/man/man1/unxz.1.gz (of link group lzma) doesn't exist
2025-07-16T05:40:22.3214713Z #7 8.538 update-alternatives: warning: skip creation of /usr/share/man/man1/lzcat.1.gz because associated file /usr/share/man/man1/xzcat.1.gz (of link group lzma) doesn't exist
2025-07-16T05:40:22.3216370Z #7 8.539 update-alternatives: warning: skip creation of /usr/share/man/man1/lzmore.1.gz because associated file /usr/share/man/man1/xzmore.1.gz (of link group lzma) doesn't exist
2025-07-16T05:40:22.3217974Z #7 8.539 update-alternatives: warning: skip creation of /usr/share/man/man1/lzless.1.gz because associated file /usr/share/man/man1/xzless.1.gz (of link group lzma) doesn't exist
2025-07-16T05:40:22.3219249Z #7 8.539 update-alternatives: warning: skip creation of /usr/share/man/man1/lzdiff.1.gz because associated file /usr/share/man/man1/xzdiff.1.gz (of link group lzma) doesn't exist
2025-07-16T05:40:22.3220392Z #7 8.539 update-alternatives: warning: skip creation of /usr/share/man/man1/lzcmp.1.gz because associated file /usr/share/man/man1/xzcmp.1.gz (of link group lzma) doesn't exist
2025-07-16T05:40:22.3222034Z #7 8.539 update-alternatives: warning: skip creation of /usr/share/man/man1/lzgrep.1.gz because associated file /usr/share/man/man1/xzgrep.1.gz (of link group lzma) doesn't exist
2025-07-16T05:40:22.3223326Z #7 8.540 update-alternatives: warning: skip creation of /usr/share/man/man1/lzegrep.1.gz because associated file /usr/share/man/man1/xzegrep.1.gz (of link group lzma) doesn't exist
2025-07-16T05:40:22.3225974Z #7 8.540 update-alternatives: warning: skip creation of /usr/share/man/man1/lzfgrep.1.gz because associated file /usr/share/man/man1/xzfgrep.1.gz (of link group lzma) doesn't exist
2025-07-16T05:40:22.3227366Z #7 8.542 Setting up libquadmath0:amd64 (12.2.0-14+deb12u1) ...
2025-07-16T05:40:22.3227940Z #7 8.545 Setting up libmpc3:amd64 (1.3.1-1) ...
2025-07-16T05:40:22.3228483Z #7 8.547 Setting up libatomic1:amd64 (12.2.0-14+deb12u1) ...
2025-07-16T05:40:22.3228823Z #7 8.549 Setting up patch (2.7.6-7) ...
2025-07-16T05:40:22.3229288Z #7 8.551 Setting up libgdbm-compat4:amd64 (1.23-3) ...
2025-07-16T05:40:22.3229638Z #7 8.554 Setting up libsasl2-2:amd64 (2.1.28+dfsg-10) ...
2025-07-16T05:40:22.3230109Z #7 8.556 Setting up libubsan1:amd64 (12.2.0-14+deb12u1) ...
2025-07-16T05:40:22.3230597Z #7 8.558 Setting up nano (7.2-1+deb12u1) ...
2025-07-16T05:40:22.3231020Z #7 8.562 update-alternatives: using /bin/nano to provide /usr/bin/editor (editor) in auto mode
2025-07-16T05:40:22.3231954Z #7 8.562 update-alternatives: warning: skip creation of /usr/share/man/man1/editor.1.gz because associated file /usr/share/man/man1/nano.1.gz (of link group editor) doesn't exist
2025-07-16T05:40:22.3232908Z #7 8.563 update-alternatives: using /bin/nano to provide /usr/bin/pico (pico) in auto mode
2025-07-16T05:40:22.3233692Z #7 8.564 update-alternatives: warning: skip creation of /usr/share/man/man1/pico.1.gz because associated file /usr/share/man/man1/nano.1.gz (of link group pico) doesn't exist
2025-07-16T05:40:22.3234596Z #7 8.565 Setting up libnsl-dev:amd64 (1.3.0-2) ...
2025-07-16T05:40:22.3235055Z #7 8.567 Setting up libcrypt-dev:amd64 (1:4.4.33-2) ...
2025-07-16T05:40:22.3235384Z #7 8.574 Setting up libasan8:amd64 (12.2.0-14+deb12u1) ...
2025-07-16T05:40:22.3235696Z #7 8.577 Setting up git-man (1:2.39.5-0+deb12u2) ...
2025-07-16T05:40:22.3236081Z #7 8.579 Setting up libssh2-1:amd64 (1.10.0-3+b1) ...
2025-07-16T05:40:22.3236401Z #7 8.581 Setting up libtsan2:amd64 (12.2.0-14+deb12u1) ...
2025-07-16T05:40:22.3236787Z #7 8.583 Setting up libbinutils:amd64 (2.40-2) ...
2025-07-16T05:40:22.3237137Z #7 8.586 Setting up libisl23:amd64 (0.25-1.1) ...
2025-07-16T05:40:22.3237427Z #7 8.588 Setting up libc-dev-bin (2.36-9+deb12u10) ...
2025-07-16T05:40:22.3237725Z #7 8.591 Setting up libcc1-0:amd64 (12.2.0-14+deb12u1) ...
2025-07-16T05:40:22.3238039Z #7 8.593 Setting up libperl5.36:amd64 (5.36.0-7+deb12u2) ...
2025-07-16T05:40:22.3238396Z #7 8.595 Setting up liblsan0:amd64 (12.2.0-14+deb12u1) ...
2025-07-16T05:40:22.5591343Z #7 8.598 Setting up libitm1:amd64 (12.2.0-14+deb12u1) ...
2025-07-16T05:40:22.5591944Z #7 8.600 Setting up libctf0:amd64 (2.40-2) ...
2025-07-16T05:40:22.5592436Z #7 8.602 Setting up cpp-12 (12.2.0-14+deb12u1) ...
2025-07-16T05:40:22.5592977Z #7 8.605 Setting up libldap-2.5-0:amd64 (2.5.13+dfsg-5) ...
2025-07-16T05:40:22.5593543Z #7 8.607 Setting up perl (5.36.0-7+deb12u2) ...
2025-07-16T05:40:22.5594033Z #7 8.616 Setting up libgprofng0:amd64 (2.40-2) ...
2025-07-16T05:40:22.5594803Z #7 8.619 Setting up libgcc-12-dev:amd64 (12.2.0-14+deb12u1) ...
2025-07-16T05:40:22.5595354Z #7 8.621 Setting up libdpkg-perl (1.21.22) ...
2025-07-16T05:40:22.5595815Z #7 8.623 Setting up cpp (4:12.2.0-3) ...
2025-07-16T05:40:22.5596314Z #7 8.628 Setting up libcurl4:amd64 (7.88.1-10+deb12u12) ...
2025-07-16T05:40:22.5596874Z #7 8.631 Setting up libc6-dev:amd64 (2.36-9+deb12u10) ...
2025-07-16T05:40:22.5597398Z #7 8.633 Setting up curl (7.88.1-10+deb12u12) ...
2025-07-16T05:40:22.5597946Z #7 8.635 Setting up binutils-x86-64-linux-gnu (2.40-2) ...
2025-07-16T05:40:22.5598600Z #7 8.638 Setting up libstdc++-12-dev:amd64 (12.2.0-14+deb12u1) ...
2025-07-16T05:40:22.5599235Z #7 8.641 Setting up libcurl3-gnutls:amd64 (7.88.1-10+deb12u12) ...
2025-07-16T05:40:22.5599785Z #7 8.644 Setting up binutils (2.40-2) ...
2025-07-16T05:40:22.5600243Z #7 8.646 Setting up dpkg-dev (1.21.22) ...
2025-07-16T05:40:22.5600743Z #7 8.651 Setting up liberror-perl (0.17029-2) ...
2025-07-16T05:40:22.5601582Z #7 8.653 Setting up gcc-12 (12.2.0-14+deb12u1) ...
2025-07-16T05:40:22.5602059Z #7 8.656 Setting up git (1:2.39.5-0+deb12u2) ...
2025-07-16T05:40:22.5602523Z #7 8.664 Setting up g++-12 (12.2.0-14+deb12u1) ...
2025-07-16T05:40:22.5602975Z #7 8.666 Setting up gcc (4:12.2.0-3) ...
2025-07-16T05:40:22.5603408Z #7 8.675 Setting up g++ (4:12.2.0-3) ...
2025-07-16T05:40:22.5604079Z #7 8.678 update-alternatives: using /usr/bin/g++ to provide /usr/bin/c++ (c++) in auto mode
2025-07-16T05:40:22.5605021Z #7 8.681 Setting up build-essential (12.9) ...
2025-07-16T05:40:22.5605585Z #7 8.684 Processing triggers for libc-bin (2.36-9+deb12u10) ...
2025-07-16T05:40:23.0076852Z #7 DONE 9.3s
2025-07-16T05:40:23.1664637Z 
2025-07-16T05:40:23.1665145Z #8 [3/6] WORKDIR /app
2025-07-16T05:40:23.1665564Z #8 DONE 0.0s
2025-07-16T05:40:23.1665763Z 
2025-07-16T05:40:23.1666221Z #9 [4/6] COPY . .
2025-07-16T05:40:23.6067254Z #9 DONE 0.6s
2025-07-16T05:40:23.7578502Z 
2025-07-16T05:40:23.7578903Z #10 [5/6] RUN pip install --upgrade pip
2025-07-16T05:40:24.8247558Z #10 1.217 Requirement already satisfied: pip in /usr/local/lib/python3.10/site-packages (23.0.1)
2025-07-16T05:40:24.9419408Z #10 1.334 Collecting pip
2025-07-16T05:40:25.0667265Z #10 1.378   Downloading pip-25.1.1-py3-none-any.whl (1.8 MB)
2025-07-16T05:40:25.2630097Z #10 1.459      ━━━━━━━━━━━━━━━━━━━━━━━━━━━━━━━━━━━━━━━━ 1.8/1.8 MB 23.5 MB/s eta 0:00:00
2025-07-16T05:40:25.2630597Z #10 1.504 Installing collected packages: pip
2025-07-16T05:40:25.2630939Z #10 1.504   Attempting uninstall: pip
2025-07-16T05:40:25.2631270Z #10 1.505     Found existing installation: pip 23.0.1
2025-07-16T05:40:25.2880330Z #10 1.681     Uninstalling pip-23.0.1:
2025-07-16T05:40:25.4488377Z #10 1.691       Successfully uninstalled pip-23.0.1
2025-07-16T05:40:26.0729224Z #10 2.465 Successfully installed pip-25.1.1
2025-07-16T05:40:26.2236605Z #10 2.466 WARNING: Running pip as the 'root' user can result in broken permissions and conflicting behaviour with the system package manager. It is recommended to use a virtual environment instead: https://pip.pypa.io/warnings/venv
2025-07-16T05:40:26.2677822Z #10 DONE 2.7s
2025-07-16T05:40:26.4188908Z 
2025-07-16T05:40:26.4189543Z #11 [6/6] RUN pip install --no-cache-dir -r requirements.txt
2025-07-16T05:40:27.1151605Z #11 0.846 Collecting Flask==3.1.0 (from -r requirements.txt (line 1))
2025-07-16T05:40:27.2295726Z #11 0.891   Downloading flask-3.1.0-py3-none-any.whl.metadata (2.7 kB)
2025-07-16T05:40:27.2296964Z #11 0.905 Collecting Flask-PyMongo==3.0.1 (from -r requirements.txt (line 2))
2025-07-16T05:40:27.2298170Z #11 0.913   Downloading flask_pymongo-3.0.1-py3-none-any.whl.metadata (3.5 kB)
2025-07-16T05:40:27.2298817Z #11 0.961 Collecting pytest==8.2.1 (from -r requirements.txt (line 3))
2025-07-16T05:40:27.3645188Z #11 0.968   Downloading pytest-8.2.1-py3-none-any.whl.metadata (7.6 kB)
2025-07-16T05:40:27.3646060Z #11 0.981 Collecting blinker==1.9.0 (from -r requirements.txt (line 4))
2025-07-16T05:40:27.3646596Z #11 0.988   Downloading blinker-1.9.0-py3-none-any.whl.metadata (1.6 kB)
2025-07-16T05:40:27.3647133Z #11 1.006 Collecting certifi==2025.7.14 (from -r requirements.txt (line 5))
2025-07-16T05:40:27.3647671Z #11 1.013   Downloading certifi-2025.7.14-py3-none-any.whl.metadata (2.4 kB)
2025-07-16T05:40:27.3648234Z #11 1.096 Collecting charset-normalizer==3.4.2 (from -r requirements.txt (line 6))
2025-07-16T05:40:27.4775805Z #11 1.103   Downloading charset_normalizer-3.4.2-cp310-cp310-manylinux_2_17_x86_64.manylinux2014_x86_64.whl.metadata (35 kB)
2025-07-16T05:40:27.4776884Z #11 1.125 Collecting click==8.2.1 (from -r requirements.txt (line 7))
2025-07-16T05:40:27.4777386Z #11 1.132   Downloading click-8.2.1-py3-none-any.whl.metadata (2.5 kB)
2025-07-16T05:40:27.4777856Z #11 1.145 Collecting dnspython==2.7.0 (from -r requirements.txt (line 8))
2025-07-16T05:40:27.4778371Z #11 1.152   Downloading dnspython-2.7.0-py3-none-any.whl.metadata (5.8 kB)
2025-07-16T05:40:27.4778837Z #11 1.168 Collecting idna==3.10 (from -r requirements.txt (line 9))
2025-07-16T05:40:27.4779518Z #11 1.176   Downloading idna-3.10-py3-none-any.whl.metadata (10 kB)
2025-07-16T05:40:27.4779978Z #11 1.187 Collecting itsdangerous==2.2.0 (from -r requirements.txt (line 10))
2025-07-16T05:40:27.4780484Z #11 1.194   Downloading itsdangerous-2.2.0-py3-none-any.whl.metadata (1.9 kB)
2025-07-16T05:40:27.4780961Z #11 1.209 Collecting Jinja2==3.1.6 (from -r requirements.txt (line 11))
2025-07-16T05:40:27.7135916Z #11 1.216   Downloading jinja2-3.1.6-py3-none-any.whl.metadata (2.9 kB)
2025-07-16T05:40:27.7136766Z #11 1.268 Collecting MarkupSafe==3.0.2 (from -r requirements.txt (line 12))
2025-07-16T05:40:27.7137757Z #11 1.275   Downloading MarkupSafe-3.0.2-cp310-cp310-manylinux_2_17_x86_64.manylinux2014_x86_64.whl.metadata (4.0 kB)
2025-07-16T05:40:27.7138831Z #11 1.286 Collecting paho-mqtt==2.1.0 (from -r requirements.txt (line 13))
2025-07-16T05:40:27.7139988Z #11 1.295   Downloading paho_mqtt-2.1.0-py3-none-any.whl.metadata (23 kB)
2025-07-16T05:40:27.8670560Z #11 1.598 Collecting pymongo==4.13.2 (from -r requirements.txt (line 14))
2025-07-16T05:40:27.9887653Z #11 1.606   Downloading pymongo-4.13.2-cp310-cp310-manylinux_2_17_x86_64.manylinux2014_x86_64.whl.metadata (22 kB)
2025-07-16T05:40:27.9888785Z #11 1.626 Collecting python-dotenv==1.1.1 (from -r requirements.txt (line 15))
2025-07-16T05:40:27.9889672Z #11 1.633   Downloading python_dotenv-1.1.1-py3-none-any.whl.metadata (24 kB)
2025-07-16T05:40:27.9890508Z #11 1.659 Collecting requests==2.32.4 (from -r requirements.txt (line 16))
2025-07-16T05:40:27.9891307Z #11 1.666   Downloading requests-2.32.4-py3-none-any.whl.metadata (4.9 kB)
2025-07-16T05:40:27.9892086Z #11 1.690 Collecting urllib3==2.5.0 (from -r requirements.txt (line 17))
2025-07-16T05:40:27.9892874Z #11 1.697   Downloading urllib3-2.5.0-py3-none-any.whl.metadata (6.5 kB)
2025-07-16T05:40:27.9893721Z #11 1.720 Collecting Werkzeug==3.1.3 (from -r requirements.txt (line 18))
2025-07-16T05:40:28.0945087Z #11 1.727   Downloading werkzeug-3.1.3-py3-none-any.whl.metadata (3.7 kB)
2025-07-16T05:40:28.0946207Z #11 1.742 Collecting autodevops-cli==0.1.1 (from -r requirements.txt (line 19))
2025-07-16T05:40:28.0947097Z #11 1.750   Downloading autodevops_cli-0.1.1-py3-none-any.whl.metadata (494 bytes)
2025-07-16T05:40:28.0947691Z #11 1.759 Collecting iniconfig==2.1.0 (from -r requirements.txt (line 20))
2025-07-16T05:40:28.0948247Z #11 1.766   Downloading iniconfig-2.1.0-py3-none-any.whl.metadata (2.7 kB)
2025-07-16T05:40:28.0948872Z #11 1.777 Collecting loguru==0.7.3 (from -r requirements.txt (line 21))
2025-07-16T05:40:28.0949361Z #11 1.784   Downloading loguru-0.7.3-py3-none-any.whl.metadata (22 kB)
2025-07-16T05:40:28.0949878Z #11 1.806 Collecting markdown-it-py==3.0.0 (from -r requirements.txt (line 22))
2025-07-16T05:40:28.0950440Z #11 1.813   Downloading markdown_it_py-3.0.0-py3-none-any.whl.metadata (6.9 kB)
2025-07-16T05:40:28.0950973Z #11 1.826 Collecting mdurl==0.1.2 (from -r requirements.txt (line 23))
2025-07-16T05:40:28.2251142Z #11 1.833   Downloading mdurl-0.1.2-py3-none-any.whl.metadata (1.6 kB)
2025-07-16T05:40:28.2252300Z #11 1.846 Collecting mongomock==4.3.0 (from -r requirements.txt (line 24))
2025-07-16T05:40:28.2252959Z #11 1.853   Downloading mongomock-4.3.0-py2.py3-none-any.whl.metadata (12 kB)
2025-07-16T05:40:28.2253567Z #11 1.869 Collecting packaging==25.0 (from -r requirements.txt (line 25))
2025-07-16T05:40:28.2254362Z #11 1.876   Downloading packaging-25.0-py3-none-any.whl.metadata (3.3 kB)
2025-07-16T05:40:28.2254995Z #11 1.887 Collecting pluggy==1.6.0 (from -r requirements.txt (line 26))
2025-07-16T05:40:28.2255529Z #11 1.894   Downloading pluggy-1.6.0-py3-none-any.whl.metadata (4.8 kB)
2025-07-16T05:40:28.2256068Z #11 1.914 Collecting Pygments==2.19.2 (from -r requirements.txt (line 27))
2025-07-16T05:40:28.2256638Z #11 1.921   Downloading pygments-2.19.2-py3-none-any.whl.metadata (2.5 kB)
2025-07-16T05:40:28.2257194Z #11 1.957 Collecting pytz==2025.2 (from -r requirements.txt (line 28))
2025-07-16T05:40:28.4522032Z #11 1.964   Downloading pytz-2025.2-py2.py3-none-any.whl.metadata (22 kB)
2025-07-16T05:40:28.4523401Z #11 2.003 Collecting rich==14.0.0 (from -r requirements.txt (line 29))
2025-07-16T05:40:28.4524423Z #11 2.010   Downloading rich-14.0.0-py3-none-any.whl.metadata (18 kB)
2025-07-16T05:40:28.4525237Z #11 2.020 Collecting sentinels==1.0.0 (from -r requirements.txt (line 30))
2025-07-16T05:40:28.4525761Z #11 2.027   Downloading sentinels-1.0.0.tar.gz (4.1 kB)
2025-07-16T05:40:28.4526178Z #11 2.033   Preparing metadata (setup.py): started
2025-07-16T05:40:28.9315685Z #11 2.663   Preparing metadata (setup.py): finished with status 'done'
2025-07-16T05:40:29.0933207Z #11 2.678 Collecting sh==2.2.2 (from -r requirements.txt (line 31))
2025-07-16T05:40:29.0934310Z #11 2.686   Downloading sh-2.2.2-py3-none-any.whl.metadata (3.7 kB)
2025-07-16T05:40:29.0935547Z #11 2.725 Collecting exceptiongroup>=1.0.0rc8 (from pytest==8.2.1->-r requirements.txt (line 3))
2025-07-16T05:40:29.0936319Z #11 2.733   Downloading exceptiongroup-1.3.0-py3-none-any.whl.metadata (6.7 kB)
2025-07-16T05:40:29.0936983Z #11 2.748 Collecting tomli>=1 (from pytest==8.2.1->-r requirements.txt (line 3))
2025-07-16T05:40:29.0937541Z #11 2.755   Downloading tomli-2.2.1-py3-none-any.whl.metadata (10 kB)
2025-07-16T05:40:29.0938072Z #11 2.825 Collecting typing-extensions<5.0,>=4.0.0 (from rich==14.0.0->-r requirements.txt (line 29))
2025-07-16T05:40:29.1949912Z #11 2.832   Downloading typing_extensions-4.14.1-py3-none-any.whl.metadata (3.0 kB)
2025-07-16T05:40:29.1951090Z #11 2.851 Downloading flask-3.1.0-py3-none-any.whl (102 kB)
2025-07-16T05:40:29.1951695Z #11 2.863 Downloading flask_pymongo-3.0.1-py3-none-any.whl (11 kB)
2025-07-16T05:40:29.1952286Z #11 2.870 Downloading pytest-8.2.1-py3-none-any.whl (339 kB)
2025-07-16T05:40:29.1952827Z #11 2.884 Downloading pluggy-1.6.0-py3-none-any.whl (20 kB)
2025-07-16T05:40:29.1953395Z #11 2.891 Downloading blinker-1.9.0-py3-none-any.whl (8.5 kB)
2025-07-16T05:40:29.1953962Z #11 2.898 Downloading certifi-2025.7.14-py3-none-any.whl (162 kB)
2025-07-16T05:40:29.1955256Z #11 2.905 Downloading charset_normalizer-3.4.2-cp310-cp310-manylinux_2_17_x86_64.manylinux2014_x86_64.whl (149 kB)
2025-07-16T05:40:29.1956092Z #11 2.912 Downloading click-8.2.1-py3-none-any.whl (102 kB)
2025-07-16T05:40:29.1956651Z #11 2.919 Downloading dnspython-2.7.0-py3-none-any.whl (313 kB)
2025-07-16T05:40:29.1957202Z #11 2.926 Downloading idna-3.10-py3-none-any.whl (70 kB)
2025-07-16T05:40:29.2950982Z #11 2.933 Downloading itsdangerous-2.2.0-py3-none-any.whl (16 kB)
2025-07-16T05:40:29.2951672Z #11 2.940 Downloading jinja2-3.1.6-py3-none-any.whl (134 kB)
2025-07-16T05:40:29.2952475Z #11 2.947 Downloading MarkupSafe-3.0.2-cp310-cp310-manylinux_2_17_x86_64.manylinux2014_x86_64.whl (20 kB)
2025-07-16T05:40:29.2953026Z #11 2.954 Downloading paho_mqtt-2.1.0-py3-none-any.whl (67 kB)
2025-07-16T05:40:29.2953572Z #11 2.961 Downloading pymongo-4.13.2-cp310-cp310-manylinux_2_17_x86_64.manylinux2014_x86_64.whl (1.2 MB)
2025-07-16T05:40:29.2954629Z #11 2.970    ━━━━━━━━━━━━━━━━━━━━━━━━━━━━━━━━━━━━━━━━ 1.2/1.2 MB 146.0 MB/s eta 0:00:00
2025-07-16T05:40:29.2955039Z #11 2.977 Downloading python_dotenv-1.1.1-py3-none-any.whl (20 kB)
2025-07-16T05:40:29.2955435Z #11 2.984 Downloading requests-2.32.4-py3-none-any.whl (64 kB)
2025-07-16T05:40:29.2955807Z #11 2.991 Downloading urllib3-2.5.0-py3-none-any.whl (129 kB)
2025-07-16T05:40:29.2956166Z #11 2.998 Downloading werkzeug-3.1.3-py3-none-any.whl (224 kB)
2025-07-16T05:40:29.2956557Z #11 3.006 Downloading autodevops_cli-0.1.1-py3-none-any.whl (4.1 kB)
2025-07-16T05:40:29.2956951Z #11 3.013 Downloading iniconfig-2.1.0-py3-none-any.whl (6.0 kB)
2025-07-16T05:40:29.2957315Z #11 3.020 Downloading loguru-0.7.3-py3-none-any.whl (61 kB)
2025-07-16T05:40:29.2957692Z #11 3.027 Downloading markdown_it_py-3.0.0-py3-none-any.whl (87 kB)
2025-07-16T05:40:29.4047389Z #11 3.034 Downloading mdurl-0.1.2-py3-none-any.whl (10.0 kB)
2025-07-16T05:40:29.4048620Z #11 3.041 Downloading mongomock-4.3.0-py2.py3-none-any.whl (64 kB)
2025-07-16T05:40:29.4049431Z #11 3.048 Downloading packaging-25.0-py3-none-any.whl (66 kB)
2025-07-16T05:40:29.4050439Z #11 3.054 Downloading pygments-2.19.2-py3-none-any.whl (1.2 MB)
2025-07-16T05:40:29.4051208Z #11 3.059    ━━━━━━━━━━━━━━━━━━━━━━━━━━━━━━━━━━━━━━━━ 1.2/1.2 MB 394.6 MB/s eta 0:00:00
2025-07-16T05:40:29.4051719Z #11 3.066 Downloading pytz-2025.2-py2.py3-none-any.whl (509 kB)
2025-07-16T05:40:29.4052170Z #11 3.074 Downloading rich-14.0.0-py3-none-any.whl (243 kB)
2025-07-16T05:40:29.4052587Z #11 3.083 Downloading sh-2.2.2-py3-none-any.whl (38 kB)
2025-07-16T05:40:29.4053063Z #11 3.090 Downloading typing_extensions-4.14.1-py3-none-any.whl (43 kB)
2025-07-16T05:40:29.4053582Z #11 3.097 Downloading exceptiongroup-1.3.0-py3-none-any.whl (16 kB)
2025-07-16T05:40:29.4054608Z #11 3.104 Downloading tomli-2.2.1-py3-none-any.whl (14 kB)
2025-07-16T05:40:29.4055443Z #11 3.136 Building wheels for collected packages: sentinels
2025-07-16T05:40:29.5568829Z #11 3.137   DEPRECATION: Building 'sentinels' using the legacy setup.py bdist_wheel mechanism, which will be removed in a future version. pip 25.3 will enforce this behaviour change. A possible replacement is to use the standardized build interface by setting the `--use-pep517` option, (possibly combined with `--no-build-isolation`), or adding a `pyproject.toml` file to the source tree of 'sentinels'. Discussion can be found at https://github.com/pypa/pip/issues/6334
2025-07-16T05:40:29.5572127Z #11 3.137   Building wheel for sentinels (setup.py): started
2025-07-16T05:40:30.1948968Z #11 3.926   Building wheel for sentinels (setup.py): finished with status 'done'
2025-07-16T05:40:30.4163397Z #11 3.927   Created wheel for sentinels: filename=sentinels-1.0.0-py3-none-any.whl size=3175 sha256=215fe63776c49efb30760c786563add3805c4b88e33ebcc58e010978edb77c21
2025-07-16T05:40:30.4164679Z #11 3.927   Stored in directory: /tmp/pip-ephem-wheel-cache-3uguolj9/wheels/26/bc/eb/67e56405e0684b3d8c011cf4d18129c41be394775fd5ba2347
2025-07-16T05:40:30.4165291Z #11 3.929 Successfully built sentinels
2025-07-16T05:40:30.4166767Z #11 3.997 Installing collected packages: sentinels, pytz, urllib3, typing-extensions, tomli, sh, python-dotenv, Pygments, pluggy, paho-mqtt, packaging, mdurl, MarkupSafe, loguru, itsdangerous, iniconfig, idna, dnspython, click, charset-normalizer, certifi, blinker, Werkzeug, requests, pymongo, mongomock, markdown-it-py, Jinja2, exceptiongroup, rich, pytest, Flask, Flask-PyMongo, autodevops-cli
2025-07-16T05:40:32.4988888Z #11 6.230 
2025-07-16T05:40:32.6567769Z #11 6.237 Successfully installed Flask-3.1.0 Flask-PyMongo-3.0.1 Jinja2-3.1.6 MarkupSafe-3.0.2 Pygments-2.19.2 Werkzeug-3.1.3 autodevops-cli-0.1.1 blinker-1.9.0 certifi-2025.7.14 charset-normalizer-3.4.2 click-8.2.1 dnspython-2.7.0 exceptiongroup-1.3.0 idna-3.10 iniconfig-2.1.0 itsdangerous-2.2.0 loguru-0.7.3 markdown-it-py-3.0.0 mdurl-0.1.2 mongomock-4.3.0 packaging-25.0 paho-mqtt-2.1.0 pluggy-1.6.0 pymongo-4.13.2 pytest-8.2.1 python-dotenv-1.1.1 pytz-2025.2 requests-2.32.4 rich-14.0.0 sentinels-1.0.0 sh-2.2.2 tomli-2.2.1 typing-extensions-4.14.1 urllib3-2.5.0
2025-07-16T05:40:32.6571947Z #11 6.237 WARNING: Running pip as the 'root' user can result in broken permissions and conflicting behaviour with the system package manager, possibly rendering your system unusable. It is recommended to use a virtual environment instead: https://pip.pypa.io/warnings/venv. Use the --root-user-action option if you know what you are doing and want to suppress this warning.
2025-07-16T05:40:32.7372480Z #11 DONE 6.5s
2025-07-16T05:40:32.8895085Z 
2025-07-16T05:40:32.8895574Z #12 exporting to image
2025-07-16T05:40:32.8895982Z #12 exporting layers
2025-07-16T05:40:34.5117066Z #12 exporting layers 1.8s done
2025-07-16T05:40:34.5295902Z #12 writing image sha256:2eb849244151229026f0f4562c45bea6093f875fa7290c42921f78c5a1e94518 done
2025-07-16T05:40:34.5297547Z #12 naming to docker.io/***/flask-ci-cd-demo done
2025-07-16T05:40:34.5298049Z #12 DONE 1.8s
2025-07-16T05:40:34.5371486Z ##[group]Run docker push ***/flask-ci-cd-demo
2025-07-16T05:40:34.5371864Z [36;1mdocker push ***/flask-ci-cd-demo[0m
2025-07-16T05:40:34.5400913Z shell: /usr/bin/bash -e {0}
2025-07-16T05:40:34.5401134Z env:
2025-07-16T05:40:34.5401381Z   pythonLocation: /opt/hostedtoolcache/Python/3.10.18/x64
2025-07-16T05:40:34.5401792Z   PKG_CONFIG_PATH: /opt/hostedtoolcache/Python/3.10.18/x64/lib/pkgconfig
2025-07-16T05:40:34.5402178Z   Python_ROOT_DIR: /opt/hostedtoolcache/Python/3.10.18/x64
2025-07-16T05:40:34.5402525Z   Python2_ROOT_DIR: /opt/hostedtoolcache/Python/3.10.18/x64
2025-07-16T05:40:34.5402874Z   Python3_ROOT_DIR: /opt/hostedtoolcache/Python/3.10.18/x64
2025-07-16T05:40:34.5403216Z   LD_LIBRARY_PATH: /opt/hostedtoolcache/Python/3.10.18/x64/lib
2025-07-16T05:40:34.5403513Z ##[endgroup]
2025-07-16T05:40:34.5549730Z Using default tag: latest
2025-07-16T05:40:34.5563354Z The push refers to repository [docker.io/***/flask-ci-cd-demo]
2025-07-16T05:40:34.6143006Z c4cc9fab24da: Preparing
2025-07-16T05:40:34.6143674Z 48f4329f638f: Preparing
2025-07-16T05:40:34.6144034Z fbdef525f65d: Preparing
2025-07-16T05:40:34.6144577Z 2abcf4191daa: Preparing
2025-07-16T05:40:34.6147703Z ed3470ba087b: Preparing
2025-07-16T05:40:34.6148104Z 31abbb538de0: Preparing
2025-07-16T05:40:34.6148437Z a2ccf7527b3c: Preparing
2025-07-16T05:40:34.6148857Z abd92ba2021e: Preparing
2025-07-16T05:40:34.6149187Z 1bb35e8b4de1: Preparing
2025-07-16T05:40:34.6149498Z a2ccf7527b3c: Waiting
2025-07-16T05:40:34.6149810Z 31abbb538de0: Waiting
2025-07-16T05:40:34.6150115Z abd92ba2021e: Waiting
2025-07-16T05:40:34.6150412Z 1bb35e8b4de1: Waiting
2025-07-16T05:40:35.6839958Z 2abcf4191daa: Pushed
2025-07-16T05:40:35.7805071Z 31abbb538de0: Layer already exists
2025-07-16T05:40:35.8812934Z a2ccf7527b3c: Layer already exists
2025-07-16T05:40:35.9915790Z abd92ba2021e: Layer already exists
2025-07-16T05:40:36.1000297Z 1bb35e8b4de1: Layer already exists
2025-07-16T05:40:36.2761532Z 48f4329f638f: Pushed
2025-07-16T05:40:37.4234377Z c4cc9fab24da: Pushed
2025-07-16T05:40:38.8773975Z fbdef525f65d: Pushed
2025-07-16T05:40:49.0591595Z ed3470ba087b: Pushed
2025-07-16T05:40:51.0286173Z latest: digest: sha256:0edbbf59b2c40fab0f703c1a9b233f82fd53b10c83c9edba67bb011226ed4965 size: 2212
2025-07-16T05:40:51.0350257Z Post job cleanup.
2025-07-16T05:40:51.3333638Z [command]/usr/bin/docker logout 
2025-07-16T05:40:51.3462882Z Removing login credentials for https://index.docker.io/v1/
2025-07-16T05:40:51.3495414Z ##[group]Post cache
2025-07-16T05:40:51.3496670Z State not set
2025-07-16T05:40:51.3497769Z ##[endgroup]
2025-07-16T05:40:51.3620588Z Post job cleanup.
2025-07-16T05:40:51.5251008Z Post job cleanup.
2025-07-16T05:40:51.5976471Z [command]/usr/bin/git version
2025-07-16T05:40:51.6009943Z git version 2.50.1
2025-07-16T05:40:51.6051268Z Temporarily overriding HOME='/home/runner/work/_temp/592a7ad4-efe6-48d3-9388-ed7c8a80cfce' before making global git config changes
2025-07-16T05:40:51.6052230Z Adding repository directory to the temporary git global config as a safe directory
2025-07-16T05:40:51.6055143Z [command]/usr/bin/git config --global --add safe.directory /home/runner/work/Devops/Devops
2025-07-16T05:40:51.6085183Z [command]/usr/bin/git config --local --name-only --get-regexp core\.sshCommand
2025-07-16T05:40:51.6113044Z [command]/usr/bin/git submodule foreach --recursive sh -c "git config --local --name-only --get-regexp 'core\.sshCommand' && git config --local --unset-all 'core.sshCommand' || :"
2025-07-16T05:40:51.6340089Z [command]/usr/bin/git config --local --name-only --get-regexp http\.https\:\/\/github\.com\/\.extraheader
2025-07-16T05:40:51.6361565Z http.https://github.com/.extraheader
2025-07-16T05:40:51.6372445Z [command]/usr/bin/git config --local --unset-all http.https://github.com/.extraheader
2025-07-16T05:40:51.6399487Z [command]/usr/bin/git submodule foreach --recursive sh -c "git config --local --name-only --get-regexp 'http\.https\:\/\/github\.com\/\.extraheader' && git config --local --unset-all 'http.https://github.com/.extraheader' || :"
2025-07-16T05:40:51.6720816Z Cleaning up orphan processes
