2025-07-15T22:02:24.9608127Z Current runner version: '2.326.0'
2025-07-15T22:02:24.9643033Z ##[group]Runner Image Provisioner
2025-07-15T22:02:24.9644688Z Hosted Compute Agent
2025-07-15T22:02:24.9645654Z Version: 20250711.363
2025-07-15T22:02:24.9646657Z Commit: 6785254374ce925a23743850c1cb91912ce5c14c
2025-07-15T22:02:24.9648034Z Build Date: 2025-07-11T20:04:25Z
2025-07-15T22:02:24.9649061Z ##[endgroup]
2025-07-15T22:02:24.9649994Z ##[group]Operating System
2025-07-15T22:02:24.9651056Z Ubuntu
2025-07-15T22:02:24.9651888Z 24.04.2
2025-07-15T22:02:24.9652674Z LTS
2025-07-15T22:02:24.9653529Z ##[endgroup]
2025-07-15T22:02:24.9654587Z ##[group]Runner Image
2025-07-15T22:02:24.9655573Z Image: ubuntu-24.04
2025-07-15T22:02:24.9656515Z Version: 20250710.1.0
2025-07-15T22:02:24.9658328Z Included Software: https://github.com/actions/runner-images/blob/ubuntu24/20250710.1/images/ubuntu/Ubuntu2404-Readme.md
2025-07-15T22:02:24.9661028Z Image Release: https://github.com/actions/runner-images/releases/tag/ubuntu24%2F20250710.1
2025-07-15T22:02:24.9662668Z ##[endgroup]
2025-07-15T22:02:24.9664884Z ##[group]GITHUB_TOKEN Permissions
2025-07-15T22:02:24.9667709Z Contents: read
2025-07-15T22:02:24.9668815Z Metadata: read
2025-07-15T22:02:24.9669809Z Packages: read
2025-07-15T22:02:24.9670695Z ##[endgroup]
2025-07-15T22:02:24.9673709Z Secret source: Actions
2025-07-15T22:02:24.9675094Z Prepare workflow directory
2025-07-15T22:02:25.0133333Z Prepare all required actions
2025-07-15T22:02:25.0188818Z Getting action download info
2025-07-15T22:02:25.3208487Z ##[group]Download immutable action package 'actions/checkout@v3'
2025-07-15T22:02:25.3209491Z Version: 3.6.0
2025-07-15T22:02:25.3210434Z Digest: sha256:942562b9c7d4b1f2557f1da21f4d3eb4eb4fd01f2ad78b2a6e187d1b193e0a0f
2025-07-15T22:02:25.3211679Z Source commit SHA: f43a0e5ff2bd294095638e18286ca9a3d1956744
2025-07-15T22:02:25.3212401Z ##[endgroup]
2025-07-15T22:02:25.4187479Z ##[group]Download immutable action package 'actions/setup-python@v4'
2025-07-15T22:02:25.4188344Z Version: 4.9.1
2025-07-15T22:02:25.4189196Z Digest: sha256:f03e505388af670b5a108629e0ba26befc08d5c62b41f46146a45fe29ae509a5
2025-07-15T22:02:25.4190132Z Source commit SHA: 7f4fc3e22c37d6ff65e88745f38bd3157c663f7c
2025-07-15T22:02:25.4190837Z ##[endgroup]
2025-07-15T22:02:25.6539015Z ##[group]Download immutable action package 'docker/login-action@v3'
2025-07-15T22:02:25.6539846Z Version: 3.4.0
2025-07-15T22:02:25.6540556Z Digest: sha256:864ebd28db095e1602e6ef999f46a4f575083ea874918fbccf0994c2a7680450
2025-07-15T22:02:25.6541660Z Source commit SHA: 74a5d142397b4f367a81961eba4e8cd7edddf772
2025-07-15T22:02:25.6542367Z ##[endgroup]
2025-07-15T22:02:26.0160667Z Complete job name: build-test-deploy
2025-07-15T22:02:26.0859104Z ##[group]Run actions/checkout@v3
2025-07-15T22:02:26.0860068Z with:
2025-07-15T22:02:26.0860525Z   repository: Dinesh-4/Devops
2025-07-15T22:02:26.0861277Z   token: ***
2025-07-15T22:02:26.0861694Z   ssh-strict: true
2025-07-15T22:02:26.0862165Z   persist-credentials: true
2025-07-15T22:02:26.0862673Z   clean: true
2025-07-15T22:02:26.0863163Z   sparse-checkout-cone-mode: true
2025-07-15T22:02:26.0863719Z   fetch-depth: 1
2025-07-15T22:02:26.0864335Z   fetch-tags: false
2025-07-15T22:02:26.0864760Z   lfs: false
2025-07-15T22:02:26.0865183Z   submodules: false
2025-07-15T22:02:26.0865646Z   set-safe-directory: true
2025-07-15T22:02:26.0866564Z ##[endgroup]
2025-07-15T22:02:26.1763086Z Syncing repository: Dinesh-4/Devops
2025-07-15T22:02:26.1766727Z ##[group]Getting Git version info
2025-07-15T22:02:26.1767602Z Working directory is '/home/runner/work/Devops/Devops'
2025-07-15T22:02:26.1768776Z [command]/usr/bin/git version
2025-07-15T22:02:26.1796084Z git version 2.50.1
2025-07-15T22:02:26.1823154Z ##[endgroup]
2025-07-15T22:02:26.1836513Z Temporarily overriding HOME='/home/runner/work/_temp/62a6599a-d36f-45cc-a325-22bdd7fbfee6' before making global git config changes
2025-07-15T22:02:26.1839680Z Adding repository directory to the temporary git global config as a safe directory
2025-07-15T22:02:26.1841019Z [command]/usr/bin/git config --global --add safe.directory /home/runner/work/Devops/Devops
2025-07-15T22:02:26.1873621Z Deleting the contents of '/home/runner/work/Devops/Devops'
2025-07-15T22:02:26.1877924Z ##[group]Initializing the repository
2025-07-15T22:02:26.1881455Z [command]/usr/bin/git init /home/runner/work/Devops/Devops
2025-07-15T22:02:26.1942053Z hint: Using 'master' as the name for the initial branch. This default branch name
2025-07-15T22:02:26.1943552Z hint: is subject to change. To configure the initial branch name to use in all
2025-07-15T22:02:26.1944871Z hint: of your new repositories, which will suppress this warning, call:
2025-07-15T22:02:26.1946213Z hint:
2025-07-15T22:02:26.1946810Z hint: 	git config --global init.defaultBranch <name>
2025-07-15T22:02:26.1947974Z hint:
2025-07-15T22:02:26.1949182Z hint: Names commonly chosen instead of 'master' are 'main', 'trunk' and
2025-07-15T22:02:26.1951055Z hint: 'development'. The just-created branch can be renamed via this command:
2025-07-15T22:02:26.1952553Z hint:
2025-07-15T22:02:26.1953434Z hint: 	git branch -m <name>
2025-07-15T22:02:26.1954526Z hint:
2025-07-15T22:02:26.1955684Z hint: Disable this message with "git config set advice.defaultBranchName false"
2025-07-15T22:02:26.1957645Z Initialized empty Git repository in /home/runner/work/Devops/Devops/.git/
2025-07-15T22:02:26.1960532Z [command]/usr/bin/git remote add origin https://github.com/Dinesh-4/Devops
2025-07-15T22:02:26.1989085Z ##[endgroup]
2025-07-15T22:02:26.1990474Z ##[group]Disabling automatic garbage collection
2025-07-15T22:02:26.1991911Z [command]/usr/bin/git config --local gc.auto 0
2025-07-15T22:02:26.2017654Z ##[endgroup]
2025-07-15T22:02:26.2018415Z ##[group]Setting up auth
2025-07-15T22:02:26.2022652Z [command]/usr/bin/git config --local --name-only --get-regexp core\.sshCommand
2025-07-15T22:02:26.2050607Z [command]/usr/bin/git submodule foreach --recursive sh -c "git config --local --name-only --get-regexp 'core\.sshCommand' && git config --local --unset-all 'core.sshCommand' || :"
2025-07-15T22:02:26.2332508Z [command]/usr/bin/git config --local --name-only --get-regexp http\.https\:\/\/github\.com\/\.extraheader
2025-07-15T22:02:26.2359936Z [command]/usr/bin/git submodule foreach --recursive sh -c "git config --local --name-only --get-regexp 'http\.https\:\/\/github\.com\/\.extraheader' && git config --local --unset-all 'http.https://github.com/.extraheader' || :"
2025-07-15T22:02:26.2574253Z [command]/usr/bin/git config --local http.https://github.com/.extraheader AUTHORIZATION: basic ***
2025-07-15T22:02:26.2605198Z ##[endgroup]
2025-07-15T22:02:26.2606693Z ##[group]Fetching the repository
2025-07-15T22:02:26.2614870Z [command]/usr/bin/git -c protocol.version=2 fetch --no-tags --prune --progress --no-recurse-submodules --depth=1 origin +0c90c9cb092c6c23e0ec720dd53d838143e9d576:refs/remotes/origin/main
2025-07-15T22:02:26.4298939Z remote: Enumerating objects: 4181, done.        
2025-07-15T22:02:26.4300382Z remote: Counting objects:   0% (1/4181)        
2025-07-15T22:02:26.4301724Z remote: Counting objects:   1% (42/4181)        
2025-07-15T22:02:26.4303008Z remote: Counting objects:   2% (84/4181)        
2025-07-15T22:02:26.4304393Z remote: Counting objects:   3% (126/4181)        
2025-07-15T22:02:26.4305085Z remote: Counting objects:   4% (168/4181)        
2025-07-15T22:02:26.4305750Z remote: Counting objects:   5% (210/4181)        
2025-07-15T22:02:26.4306411Z remote: Counting objects:   6% (251/4181)        
2025-07-15T22:02:26.4307115Z remote: Counting objects:   7% (293/4181)        
2025-07-15T22:02:26.4307784Z remote: Counting objects:   8% (335/4181)        
2025-07-15T22:02:26.4308406Z remote: Counting objects:   9% (377/4181)        
2025-07-15T22:02:26.4309018Z remote: Counting objects:  10% (419/4181)        
2025-07-15T22:02:26.4309606Z remote: Counting objects:  11% (460/4181)        
2025-07-15T22:02:26.4310186Z remote: Counting objects:  12% (502/4181)        
2025-07-15T22:02:26.4310769Z remote: Counting objects:  13% (544/4181)        
2025-07-15T22:02:26.4311340Z remote: Counting objects:  14% (586/4181)        
2025-07-15T22:02:26.4312219Z remote: Counting objects:  15% (628/4181)        
2025-07-15T22:02:26.4312798Z remote: Counting objects:  16% (669/4181)        
2025-07-15T22:02:26.4313386Z remote: Counting objects:  17% (711/4181)        
2025-07-15T22:02:26.4314240Z remote: Counting objects:  18% (753/4181)        
2025-07-15T22:02:26.4314828Z remote: Counting objects:  19% (795/4181)        
2025-07-15T22:02:26.4315412Z remote: Counting objects:  20% (837/4181)        
2025-07-15T22:02:26.4316006Z remote: Counting objects:  21% (879/4181)        
2025-07-15T22:02:26.4316605Z remote: Counting objects:  22% (920/4181)        
2025-07-15T22:02:26.4317184Z remote: Counting objects:  23% (962/4181)        
2025-07-15T22:02:26.4317765Z remote: Counting objects:  24% (1004/4181)        
2025-07-15T22:02:26.4318348Z remote: Counting objects:  25% (1046/4181)        
2025-07-15T22:02:26.4318935Z remote: Counting objects:  26% (1088/4181)        
2025-07-15T22:02:26.4319522Z remote: Counting objects:  27% (1129/4181)        
2025-07-15T22:02:26.4320180Z remote: Counting objects:  28% (1171/4181)        
2025-07-15T22:02:26.4320770Z remote: Counting objects:  29% (1213/4181)        
2025-07-15T22:02:26.4321361Z remote: Counting objects:  30% (1255/4181)        
2025-07-15T22:02:26.4321942Z remote: Counting objects:  31% (1297/4181)        
2025-07-15T22:02:26.4322515Z remote: Counting objects:  32% (1338/4181)        
2025-07-15T22:02:26.4323092Z remote: Counting objects:  33% (1380/4181)        
2025-07-15T22:02:26.4323676Z remote: Counting objects:  34% (1422/4181)        
2025-07-15T22:02:26.4324443Z remote: Counting objects:  35% (1464/4181)        
2025-07-15T22:02:26.4325017Z remote: Counting objects:  36% (1506/4181)        
2025-07-15T22:02:26.4325588Z remote: Counting objects:  37% (1547/4181)        
2025-07-15T22:02:26.4326157Z remote: Counting objects:  38% (1589/4181)        
2025-07-15T22:02:26.4326837Z remote: Counting objects:  39% (1631/4181)        
2025-07-15T22:02:26.4327438Z remote: Counting objects:  40% (1673/4181)        
2025-07-15T22:02:26.4328015Z remote: Counting objects:  41% (1715/4181)        
2025-07-15T22:02:26.4328600Z remote: Counting objects:  42% (1757/4181)        
2025-07-15T22:02:26.4329180Z remote: Counting objects:  43% (1798/4181)        
2025-07-15T22:02:26.4329766Z remote: Counting objects:  44% (1840/4181)        
2025-07-15T22:02:26.4330335Z remote: Counting objects:  45% (1882/4181)        
2025-07-15T22:02:26.4351272Z remote: Counting objects:  46% (1924/4181)        
2025-07-15T22:02:26.4352740Z remote: Counting objects:  47% (1966/4181)        
2025-07-15T22:02:26.4354382Z remote: Counting objects:  48% (2007/4181)        
2025-07-15T22:02:26.4355529Z remote: Counting objects:  49% (2049/4181)        
2025-07-15T22:02:26.4356214Z remote: Counting objects:  50% (2091/4181)        
2025-07-15T22:02:26.4356812Z remote: Counting objects:  51% (2133/4181)        
2025-07-15T22:02:26.4357401Z remote: Counting objects:  52% (2175/4181)        
2025-07-15T22:02:26.4357986Z remote: Counting objects:  53% (2216/4181)        
2025-07-15T22:02:26.4358620Z remote: Counting objects:  54% (2258/4181)        
2025-07-15T22:02:26.4359194Z remote: Counting objects:  55% (2300/4181)        
2025-07-15T22:02:26.4359772Z remote: Counting objects:  56% (2342/4181)        
2025-07-15T22:02:26.4360378Z remote: Counting objects:  57% (2384/4181)        
2025-07-15T22:02:26.4361285Z remote: Counting objects:  58% (2425/4181)        
2025-07-15T22:02:26.4361947Z remote: Counting objects:  59% (2467/4181)        
2025-07-15T22:02:26.4362542Z remote: Counting objects:  60% (2509/4181)        
2025-07-15T22:02:26.4363134Z remote: Counting objects:  61% (2551/4181)        
2025-07-15T22:02:26.4364103Z remote: Counting objects:  62% (2593/4181)        
2025-07-15T22:02:26.4365109Z remote: Counting objects:  63% (2635/4181)        
2025-07-15T22:02:26.4365972Z remote: Counting objects:  64% (2676/4181)        
2025-07-15T22:02:26.4366581Z remote: Counting objects:  65% (2718/4181)        
2025-07-15T22:02:26.4367375Z remote: Counting objects:  66% (2760/4181)        
2025-07-15T22:02:26.4367962Z remote: Counting objects:  67% (2802/4181)        
2025-07-15T22:02:26.4368534Z remote: Counting objects:  68% (2844/4181)        
2025-07-15T22:02:26.4369112Z remote: Counting objects:  69% (2885/4181)        
2025-07-15T22:02:26.4369692Z remote: Counting objects:  70% (2927/4181)        
2025-07-15T22:02:26.4370263Z remote: Counting objects:  71% (2969/4181)        
2025-07-15T22:02:26.4370841Z remote: Counting objects:  72% (3011/4181)        
2025-07-15T22:02:26.4371420Z remote: Counting objects:  73% (3053/4181)        
2025-07-15T22:02:26.4371997Z remote: Counting objects:  74% (3094/4181)        
2025-07-15T22:02:26.4372579Z remote: Counting objects:  75% (3136/4181)        
2025-07-15T22:02:26.4373158Z remote: Counting objects:  76% (3178/4181)        
2025-07-15T22:02:26.4373726Z remote: Counting objects:  77% (3220/4181)        
2025-07-15T22:02:26.4374760Z remote: Counting objects:  78% (3262/4181)        
2025-07-15T22:02:26.4375517Z remote: Counting objects:  79% (3303/4181)        
2025-07-15T22:02:26.4376441Z remote: Counting objects:  80% (3345/4181)        
2025-07-15T22:02:26.4377428Z remote: Counting objects:  81% (3387/4181)        
2025-07-15T22:02:26.4378462Z remote: Counting objects:  82% (3429/4181)        
2025-07-15T22:02:26.4379333Z remote: Counting objects:  83% (3471/4181)        
2025-07-15T22:02:26.4380521Z remote: Counting objects:  84% (3513/4181)        
2025-07-15T22:02:26.4381670Z remote: Counting objects:  85% (3554/4181)        
2025-07-15T22:02:26.4382924Z remote: Counting objects:  86% (3596/4181)        
2025-07-15T22:02:26.4384240Z remote: Counting objects:  87% (3638/4181)        
2025-07-15T22:02:26.4385479Z remote: Counting objects:  88% (3680/4181)        
2025-07-15T22:02:26.4386628Z remote: Counting objects:  89% (3722/4181)        
2025-07-15T22:02:26.4387233Z remote: Counting objects:  90% (3763/4181)        
2025-07-15T22:02:26.4387816Z remote: Counting objects:  91% (3805/4181)        
2025-07-15T22:02:26.4388412Z remote: Counting objects:  92% (3847/4181)        
2025-07-15T22:02:26.4388993Z remote: Counting objects:  93% (3889/4181)        
2025-07-15T22:02:26.4389564Z remote: Counting objects:  94% (3931/4181)        
2025-07-15T22:02:26.4390133Z remote: Counting objects:  95% (3972/4181)        
2025-07-15T22:02:26.4390704Z remote: Counting objects:  96% (4014/4181)        
2025-07-15T22:02:26.4391275Z remote: Counting objects:  97% (4056/4181)        
2025-07-15T22:02:26.4391854Z remote: Counting objects:  98% (4098/4181)        
2025-07-15T22:02:26.4392606Z remote: Counting objects:  99% (4140/4181)        
2025-07-15T22:02:26.4393201Z remote: Counting objects: 100% (4181/4181)        
2025-07-15T22:02:26.4394102Z remote: Counting objects: 100% (4181/4181), done.        
2025-07-15T22:02:26.4394762Z remote: Compressing objects:   0% (1/3563)        
2025-07-15T22:02:26.4395349Z remote: Compressing objects:   1% (36/3563)        
2025-07-15T22:02:26.4395952Z remote: Compressing objects:   2% (72/3563)        
2025-07-15T22:02:26.4396559Z remote: Compressing objects:   3% (107/3563)        
2025-07-15T22:02:26.4397160Z remote: Compressing objects:   4% (143/3563)        
2025-07-15T22:02:26.4397768Z remote: Compressing objects:   5% (179/3563)        
2025-07-15T22:02:26.4398380Z remote: Compressing objects:   6% (214/3563)        
2025-07-15T22:02:26.4398979Z remote: Compressing objects:   7% (250/3563)        
2025-07-15T22:02:26.4399604Z remote: Compressing objects:   8% (286/3563)        
2025-07-15T22:02:26.4400230Z remote: Compressing objects:   9% (321/3563)        
2025-07-15T22:02:26.4400837Z remote: Compressing objects:  10% (357/3563)        
2025-07-15T22:02:26.4401440Z remote: Compressing objects:  11% (392/3563)        
2025-07-15T22:02:26.4402041Z remote: Compressing objects:  12% (428/3563)        
2025-07-15T22:02:26.4402638Z remote: Compressing objects:  13% (464/3563)        
2025-07-15T22:02:26.4403689Z remote: Compressing objects:  14% (499/3563)        
2025-07-15T22:02:26.4405090Z remote: Compressing objects:  15% (535/3563)        
2025-07-15T22:02:26.4406118Z remote: Compressing objects:  16% (571/3563)        
2025-07-15T22:02:26.4406834Z remote: Compressing objects:  17% (606/3563)        
2025-07-15T22:02:26.4407446Z remote: Compressing objects:  18% (642/3563)        
2025-07-15T22:02:26.4408045Z remote: Compressing objects:  19% (677/3563)        
2025-07-15T22:02:26.4408703Z remote: Compressing objects:  20% (713/3563)        
2025-07-15T22:02:26.4409302Z remote: Compressing objects:  21% (749/3563)        
2025-07-15T22:02:26.4409910Z remote: Compressing objects:  22% (784/3563)        
2025-07-15T22:02:26.4410694Z remote: Compressing objects:  23% (820/3563)        
2025-07-15T22:02:26.4411308Z remote: Compressing objects:  24% (856/3563)        
2025-07-15T22:02:26.4411911Z remote: Compressing objects:  25% (891/3563)        
2025-07-15T22:02:26.4412531Z remote: Compressing objects:  26% (927/3563)        
2025-07-15T22:02:26.4413152Z remote: Compressing objects:  27% (963/3563)        
2025-07-15T22:02:26.4413945Z remote: Compressing objects:  28% (998/3563)        
2025-07-15T22:02:26.4414626Z remote: Compressing objects:  29% (1034/3563)        
2025-07-15T22:02:26.4415242Z remote: Compressing objects:  30% (1069/3563)        
2025-07-15T22:02:26.4415853Z remote: Compressing objects:  31% (1105/3563)        
2025-07-15T22:02:26.4416468Z remote: Compressing objects:  32% (1141/3563)        
2025-07-15T22:02:26.4417087Z remote: Compressing objects:  33% (1176/3563)        
2025-07-15T22:02:26.4417942Z remote: Compressing objects:  34% (1212/3563)        
2025-07-15T22:02:26.4418584Z remote: Compressing objects:  35% (1248/3563)        
2025-07-15T22:02:26.4419210Z remote: Compressing objects:  36% (1283/3563)        
2025-07-15T22:02:26.4419824Z remote: Compressing objects:  37% (1319/3563)        
2025-07-15T22:02:26.4420440Z remote: Compressing objects:  38% (1354/3563)        
2025-07-15T22:02:26.4421057Z remote: Compressing objects:  39% (1390/3563)        
2025-07-15T22:02:26.4421675Z remote: Compressing objects:  40% (1426/3563)        
2025-07-15T22:02:26.4422421Z remote: Compressing objects:  41% (1461/3563)        
2025-07-15T22:02:26.4423038Z remote: Compressing objects:  42% (1497/3563)        
2025-07-15T22:02:26.4423653Z remote: Compressing objects:  43% (1533/3563)        
2025-07-15T22:02:26.4424461Z remote: Compressing objects:  44% (1568/3563)        
2025-07-15T22:02:26.4425074Z remote: Compressing objects:  45% (1604/3563)        
2025-07-15T22:02:26.4425799Z remote: Compressing objects:  46% (1639/3563)        
2025-07-15T22:02:26.4426671Z remote: Compressing objects:  47% (1675/3563)        
2025-07-15T22:02:26.4427663Z remote: Compressing objects:  48% (1711/3563)        
2025-07-15T22:02:26.4428680Z remote: Compressing objects:  49% (1746/3563)        
2025-07-15T22:02:26.4429307Z remote: Compressing objects:  50% (1782/3563)        
2025-07-15T22:02:26.4429919Z remote: Compressing objects:  51% (1818/3563)        
2025-07-15T22:02:26.4430594Z remote: Compressing objects:  52% (1853/3563)        
2025-07-15T22:02:26.4431354Z remote: Compressing objects:  53% (1889/3563)        
2025-07-15T22:02:26.4432043Z remote: Compressing objects:  54% (1925/3563)        
2025-07-15T22:02:26.4432755Z remote: Compressing objects:  55% (1960/3563)        
2025-07-15T22:02:26.4433369Z remote: Compressing objects:  56% (1996/3563)        
2025-07-15T22:02:26.4434207Z remote: Compressing objects:  57% (2031/3563)        
2025-07-15T22:02:26.4434828Z remote: Compressing objects:  58% (2067/3563)        
2025-07-15T22:02:26.4435451Z remote: Compressing objects:  59% (2103/3563)        
2025-07-15T22:02:26.4436072Z remote: Compressing objects:  60% (2138/3563)        
2025-07-15T22:02:26.4436857Z remote: Compressing objects:  61% (2174/3563)        
2025-07-15T22:02:26.4437486Z remote: Compressing objects:  62% (2210/3563)        
2025-07-15T22:02:26.4438099Z remote: Compressing objects:  63% (2245/3563)        
2025-07-15T22:02:26.4439057Z remote: Compressing objects:  64% (2281/3563)        
2025-07-15T22:02:26.4439841Z remote: Compressing objects:  65% (2316/3563)        
2025-07-15T22:02:26.4440461Z remote: Compressing objects:  66% (2352/3563)        
2025-07-15T22:02:26.4441071Z remote: Compressing objects:  67% (2388/3563)        
2025-07-15T22:02:26.4441681Z remote: Compressing objects:  68% (2423/3563)        
2025-07-15T22:02:26.4442292Z remote: Compressing objects:  69% (2459/3563)        
2025-07-15T22:02:26.4442901Z remote: Compressing objects:  70% (2495/3563)        
2025-07-15T22:02:26.4443507Z remote: Compressing objects:  71% (2530/3563)        
2025-07-15T22:02:26.4444294Z remote: Compressing objects:  72% (2566/3563)        
2025-07-15T22:02:26.4444906Z remote: Compressing objects:  73% (2601/3563)        
2025-07-15T22:02:26.4445514Z remote: Compressing objects:  74% (2637/3563)        
2025-07-15T22:02:26.4446123Z remote: Compressing objects:  75% (2673/3563)        
2025-07-15T22:02:26.4446731Z remote: Compressing objects:  76% (2708/3563)        
2025-07-15T22:02:26.4447345Z remote: Compressing objects:  77% (2744/3563)        
2025-07-15T22:02:26.4447950Z remote: Compressing objects:  78% (2780/3563)        
2025-07-15T22:02:26.4448559Z remote: Compressing objects:  79% (2815/3563)        
2025-07-15T22:02:26.4449186Z remote: Compressing objects:  80% (2851/3563)        
2025-07-15T22:02:26.4449795Z remote: Compressing objects:  81% (2887/3563)        
2025-07-15T22:02:26.4450413Z remote: Compressing objects:  82% (2922/3563)        
2025-07-15T22:02:26.4451023Z remote: Compressing objects:  83% (2958/3563)        
2025-07-15T22:02:26.4451640Z remote: Compressing objects:  84% (2993/3563)        
2025-07-15T22:02:26.4452252Z remote: Compressing objects:  85% (3029/3563)        
2025-07-15T22:02:26.4452860Z remote: Compressing objects:  86% (3065/3563)        
2025-07-15T22:02:26.4453465Z remote: Compressing objects:  87% (3100/3563)        
2025-07-15T22:02:26.4454432Z remote: Compressing objects:  88% (3136/3563)        
2025-07-15T22:02:26.4455059Z remote: Compressing objects:  89% (3172/3563)        
2025-07-15T22:02:26.4455684Z remote: Compressing objects:  90% (3207/3563)        
2025-07-15T22:02:26.4456293Z remote: Compressing objects:  91% (3243/3563)        
2025-07-15T22:02:26.4457118Z remote: Compressing objects:  92% (3278/3563)        
2025-07-15T22:02:26.4457742Z remote: Compressing objects:  93% (3314/3563)        
2025-07-15T22:02:26.4458349Z remote: Compressing objects:  94% (3350/3563)        
2025-07-15T22:02:26.4458961Z remote: Compressing objects:  95% (3385/3563)        
2025-07-15T22:02:26.4459718Z remote: Compressing objects:  96% (3421/3563)        
2025-07-15T22:02:26.4460346Z remote: Compressing objects:  97% (3457/3563)        
2025-07-15T22:02:26.4460959Z remote: Compressing objects:  98% (3492/3563)        
2025-07-15T22:02:26.4461567Z remote: Compressing objects:  99% (3528/3563)        
2025-07-15T22:02:26.4462178Z remote: Compressing objects: 100% (3563/3563)        
2025-07-15T22:02:26.4462845Z remote: Compressing objects: 100% (3563/3563), done.        
2025-07-15T22:02:26.4473647Z Receiving objects:   0% (1/4181)
2025-07-15T22:02:26.4512663Z Receiving objects:   1% (42/4181)
2025-07-15T22:02:26.4604150Z Receiving objects:   2% (84/4181)
2025-07-15T22:02:26.4996117Z Receiving objects:   3% (126/4181)
2025-07-15T22:02:26.5152132Z Receiving objects:   4% (168/4181)
2025-07-15T22:02:26.5336702Z Receiving objects:   5% (210/4181)
2025-07-15T22:02:26.5374057Z Receiving objects:   6% (251/4181)
2025-07-15T22:02:26.5715223Z Receiving objects:   7% (293/4181)
2025-07-15T22:02:26.5812230Z Receiving objects:   8% (335/4181)
2025-07-15T22:02:26.5893205Z Receiving objects:   9% (377/4181)
2025-07-15T22:02:26.6000990Z Receiving objects:  10% (419/4181)
2025-07-15T22:02:26.6089047Z Receiving objects:  11% (460/4181)
2025-07-15T22:02:26.6124823Z Receiving objects:  12% (502/4181)
2025-07-15T22:02:26.6173975Z Receiving objects:  13% (544/4181)
2025-07-15T22:02:26.6179441Z Receiving objects:  14% (586/4181)
2025-07-15T22:02:26.6190376Z Receiving objects:  15% (628/4181)
2025-07-15T22:02:26.6201461Z Receiving objects:  16% (669/4181)
2025-07-15T22:02:26.6227593Z Receiving objects:  17% (711/4181)
2025-07-15T22:02:26.6258852Z Receiving objects:  18% (753/4181)
2025-07-15T22:02:26.6301612Z Receiving objects:  19% (795/4181)
2025-07-15T22:02:26.6361332Z Receiving objects:  20% (837/4181)
2025-07-15T22:02:26.6437879Z Receiving objects:  21% (879/4181)
2025-07-15T22:02:26.6517150Z Receiving objects:  22% (920/4181)
2025-07-15T22:02:26.6619827Z Receiving objects:  23% (962/4181)
2025-07-15T22:02:26.6675609Z Receiving objects:  24% (1004/4181)
2025-07-15T22:02:26.6692261Z Receiving objects:  25% (1046/4181)
2025-07-15T22:02:26.6707750Z Receiving objects:  26% (1088/4181)
2025-07-15T22:02:26.6726997Z Receiving objects:  27% (1129/4181)
2025-07-15T22:02:26.6736203Z Receiving objects:  28% (1171/4181)
2025-07-15T22:02:26.6775039Z Receiving objects:  29% (1213/4181)
2025-07-15T22:02:26.6811484Z Receiving objects:  30% (1255/4181)
2025-07-15T22:02:26.6845659Z Receiving objects:  31% (1297/4181)
2025-07-15T22:02:26.6881937Z Receiving objects:  32% (1338/4181)
2025-07-15T22:02:26.6910654Z Receiving objects:  33% (1380/4181)
2025-07-15T22:02:26.6947452Z Receiving objects:  34% (1422/4181)
2025-07-15T22:02:26.6976948Z Receiving objects:  35% (1464/4181)
2025-07-15T22:02:26.7000293Z Receiving objects:  36% (1506/4181)
2025-07-15T22:02:26.7048046Z Receiving objects:  37% (1547/4181)
2025-07-15T22:02:26.7072254Z Receiving objects:  38% (1589/4181)
2025-07-15T22:02:26.7116675Z Receiving objects:  39% (1631/4181)
2025-07-15T22:02:26.7138599Z Receiving objects:  40% (1673/4181)
2025-07-15T22:02:26.7190281Z Receiving objects:  41% (1715/4181)
2025-07-15T22:02:26.7226982Z Receiving objects:  42% (1757/4181)
2025-07-15T22:02:26.7273526Z Receiving objects:  43% (1798/4181)
2025-07-15T22:02:26.7354035Z Receiving objects:  44% (1840/4181)
2025-07-15T22:02:26.7404099Z Receiving objects:  45% (1882/4181)
2025-07-15T22:02:26.7435715Z Receiving objects:  46% (1924/4181)
2025-07-15T22:02:26.7469932Z Receiving objects:  47% (1966/4181)
2025-07-15T22:02:26.7541722Z Receiving objects:  48% (2007/4181)
2025-07-15T22:02:26.7587114Z Receiving objects:  49% (2049/4181)
2025-07-15T22:02:26.7620359Z Receiving objects:  50% (2091/4181)
2025-07-15T22:02:26.7658388Z Receiving objects:  51% (2133/4181)
2025-07-15T22:02:26.7713526Z Receiving objects:  52% (2175/4181)
2025-07-15T22:02:26.7756562Z Receiving objects:  53% (2216/4181)
2025-07-15T22:02:26.7782586Z Receiving objects:  54% (2258/4181)
2025-07-15T22:02:26.7821569Z Receiving objects:  55% (2300/4181)
2025-07-15T22:02:26.7853293Z Receiving objects:  56% (2342/4181)
2025-07-15T22:02:26.7901956Z Receiving objects:  57% (2384/4181)
2025-07-15T22:02:26.7930955Z Receiving objects:  58% (2425/4181)
2025-07-15T22:02:26.7954875Z Receiving objects:  59% (2467/4181)
2025-07-15T22:02:26.7973173Z Receiving objects:  60% (2509/4181)
2025-07-15T22:02:26.8037736Z Receiving objects:  61% (2551/4181)
2025-07-15T22:02:26.8083962Z Receiving objects:  62% (2593/4181)
2025-07-15T22:02:26.8126232Z Receiving objects:  63% (2635/4181)
2025-07-15T22:02:26.8209431Z Receiving objects:  64% (2676/4181)
2025-07-15T22:02:26.8261142Z Receiving objects:  65% (2718/4181)
2025-07-15T22:02:26.8309678Z Receiving objects:  66% (2760/4181)
2025-07-15T22:02:26.8376639Z Receiving objects:  67% (2802/4181)
2025-07-15T22:02:26.8422516Z Receiving objects:  68% (2844/4181)
2025-07-15T22:02:26.8460150Z Receiving objects:  69% (2885/4181)
2025-07-15T22:02:26.8527139Z Receiving objects:  70% (2927/4181)
2025-07-15T22:02:26.8576385Z Receiving objects:  71% (2969/4181)
2025-07-15T22:02:26.8610917Z Receiving objects:  72% (3011/4181)
2025-07-15T22:02:26.8631815Z Receiving objects:  73% (3053/4181)
2025-07-15T22:02:26.8647597Z Receiving objects:  74% (3094/4181)
2025-07-15T22:02:26.8658849Z Receiving objects:  75% (3136/4181)
2025-07-15T22:02:26.8680920Z Receiving objects:  76% (3178/4181)
2025-07-15T22:02:26.8743245Z Receiving objects:  77% (3220/4181)
2025-07-15T22:02:26.8842531Z Receiving objects:  78% (3262/4181)
2025-07-15T22:02:26.8888389Z Receiving objects:  79% (3303/4181)
2025-07-15T22:02:26.8945049Z Receiving objects:  80% (3345/4181)
2025-07-15T22:02:26.8968940Z Receiving objects:  81% (3387/4181)
2025-07-15T22:02:26.8993361Z Receiving objects:  82% (3429/4181)
2025-07-15T22:02:26.8999531Z Receiving objects:  83% (3471/4181)
2025-07-15T22:02:26.9007212Z Receiving objects:  84% (3513/4181)
2025-07-15T22:02:26.9014759Z Receiving objects:  85% (3554/4181)
2025-07-15T22:02:26.9020633Z Receiving objects:  86% (3596/4181)
2025-07-15T22:02:26.9025819Z Receiving objects:  87% (3638/4181)
2025-07-15T22:02:26.9032454Z Receiving objects:  88% (3680/4181)
2025-07-15T22:02:26.9036112Z Receiving objects:  89% (3722/4181)
2025-07-15T22:02:26.9042589Z Receiving objects:  90% (3763/4181)
2025-07-15T22:02:26.9060842Z Receiving objects:  91% (3805/4181)
2025-07-15T22:02:26.9068853Z Receiving objects:  92% (3847/4181)
2025-07-15T22:02:26.9093095Z Receiving objects:  93% (3889/4181)
2025-07-15T22:02:26.9097139Z Receiving objects:  94% (3931/4181)
2025-07-15T22:02:26.9139505Z Receiving objects:  95% (3972/4181)
2025-07-15T22:02:26.9162168Z Receiving objects:  96% (4014/4181)
2025-07-15T22:02:26.9218425Z Receiving objects:  97% (4056/4181)
2025-07-15T22:02:26.9255418Z Receiving objects:  98% (4098/4181)
2025-07-15T22:02:26.9306411Z Receiving objects:  99% (4140/4181)
2025-07-15T22:02:26.9313326Z remote: Total 4181 (delta 579), reused 4164 (delta 573), pack-reused 0 (from 0)        
2025-07-15T22:02:26.9321918Z Receiving objects: 100% (4181/4181)
2025-07-15T22:02:26.9326934Z Receiving objects: 100% (4181/4181), 14.19 MiB | 29.01 MiB/s, done.
2025-07-15T22:02:26.9330643Z Resolving deltas:   0% (0/579)
2025-07-15T22:02:26.9332508Z Resolving deltas:   1% (6/579)
2025-07-15T22:02:26.9334389Z Resolving deltas:   2% (12/579)
2025-07-15T22:02:26.9336058Z Resolving deltas:   3% (18/579)
2025-07-15T22:02:26.9337680Z Resolving deltas:   4% (24/579)
2025-07-15T22:02:26.9338974Z Resolving deltas:   5% (29/579)
2025-07-15T22:02:26.9342321Z Resolving deltas:   6% (35/579)
2025-07-15T22:02:26.9346518Z Resolving deltas:   7% (41/579)
2025-07-15T22:02:26.9348494Z Resolving deltas:   8% (47/579)
2025-07-15T22:02:26.9350266Z Resolving deltas:   9% (53/579)
2025-07-15T22:02:26.9352007Z Resolving deltas:  10% (58/579)
2025-07-15T22:02:26.9353220Z Resolving deltas:  11% (65/579)
2025-07-15T22:02:26.9384910Z Resolving deltas:  12% (70/579)
2025-07-15T22:02:26.9459951Z Resolving deltas:  13% (76/579)
2025-07-15T22:02:26.9462886Z Resolving deltas:  14% (82/579)
2025-07-15T22:02:26.9468829Z Resolving deltas:  15% (87/579)
2025-07-15T22:02:26.9472695Z Resolving deltas:  16% (93/579)
2025-07-15T22:02:26.9477235Z Resolving deltas:  17% (99/579)
2025-07-15T22:02:26.9478922Z Resolving deltas:  18% (105/579)
2025-07-15T22:02:26.9480635Z Resolving deltas:  19% (111/579)
2025-07-15T22:02:26.9482312Z Resolving deltas:  20% (116/579)
2025-07-15T22:02:26.9484164Z Resolving deltas:  21% (122/579)
2025-07-15T22:02:26.9486323Z Resolving deltas:  22% (128/579)
2025-07-15T22:02:26.9487639Z Resolving deltas:  23% (134/579)
2025-07-15T22:02:26.9488729Z Resolving deltas:  24% (139/579)
2025-07-15T22:02:26.9489806Z Resolving deltas:  25% (145/579)
2025-07-15T22:02:26.9490861Z Resolving deltas:  26% (151/579)
2025-07-15T22:02:26.9492530Z Resolving deltas:  27% (157/579)
2025-07-15T22:02:26.9494378Z Resolving deltas:  28% (163/579)
2025-07-15T22:02:26.9496049Z Resolving deltas:  29% (168/579)
2025-07-15T22:02:26.9497713Z Resolving deltas:  30% (174/579)
2025-07-15T22:02:26.9499363Z Resolving deltas:  31% (180/579)
2025-07-15T22:02:26.9500987Z Resolving deltas:  32% (186/579)
2025-07-15T22:02:26.9506984Z Resolving deltas:  33% (192/579)
2025-07-15T22:02:26.9512075Z Resolving deltas:  34% (197/579)
2025-07-15T22:02:26.9519208Z Resolving deltas:  35% (203/579)
2025-07-15T22:02:26.9522896Z Resolving deltas:  36% (209/579)
2025-07-15T22:02:26.9529376Z Resolving deltas:  37% (215/579)
2025-07-15T22:02:26.9539964Z Resolving deltas:  38% (221/579)
2025-07-15T22:02:26.9618899Z Resolving deltas:  39% (226/579)
2025-07-15T22:02:26.9620898Z Resolving deltas:  40% (232/579)
2025-07-15T22:02:26.9623926Z Resolving deltas:  41% (238/579)
2025-07-15T22:02:26.9625736Z Resolving deltas:  42% (244/579)
2025-07-15T22:02:26.9627045Z Resolving deltas:  43% (249/579)
2025-07-15T22:02:26.9628129Z Resolving deltas:  44% (256/579)
2025-07-15T22:02:26.9629178Z Resolving deltas:  45% (261/579)
2025-07-15T22:02:26.9630227Z Resolving deltas:  46% (268/579)
2025-07-15T22:02:26.9631284Z Resolving deltas:  47% (273/579)
2025-07-15T22:02:26.9632336Z Resolving deltas:  48% (278/579)
2025-07-15T22:02:26.9633401Z Resolving deltas:  49% (284/579)
2025-07-15T22:02:26.9635156Z Resolving deltas:  50% (290/579)
2025-07-15T22:02:26.9636845Z Resolving deltas:  51% (296/579)
2025-07-15T22:02:26.9638564Z Resolving deltas:  52% (302/579)
2025-07-15T22:02:26.9640209Z Resolving deltas:  53% (307/579)
2025-07-15T22:02:26.9642375Z Resolving deltas:  54% (313/579)
2025-07-15T22:02:26.9650421Z Resolving deltas:  55% (319/579)
2025-07-15T22:02:26.9658072Z Resolving deltas:  56% (325/579)
2025-07-15T22:02:26.9662152Z Resolving deltas:  57% (331/579)
2025-07-15T22:02:26.9675273Z Resolving deltas:  58% (336/579)
2025-07-15T22:02:26.9681376Z Resolving deltas:  59% (342/579)
2025-07-15T22:02:26.9690246Z Resolving deltas:  60% (348/579)
2025-07-15T22:02:26.9699054Z Resolving deltas:  61% (354/579)
2025-07-15T22:02:26.9703257Z Resolving deltas:  62% (359/579)
2025-07-15T22:02:26.9713192Z Resolving deltas:  63% (365/579)
2025-07-15T22:02:26.9719417Z Resolving deltas:  64% (371/579)
2025-07-15T22:02:26.9725197Z Resolving deltas:  65% (377/579)
2025-07-15T22:02:26.9734748Z Resolving deltas:  66% (383/579)
2025-07-15T22:02:26.9736479Z Resolving deltas:  67% (388/579)
2025-07-15T22:02:26.9740989Z Resolving deltas:  68% (394/579)
2025-07-15T22:02:26.9746001Z Resolving deltas:  69% (400/579)
2025-07-15T22:02:26.9754281Z Resolving deltas:  70% (406/579)
2025-07-15T22:02:26.9759325Z Resolving deltas:  71% (412/579)
2025-07-15T22:02:26.9761299Z Resolving deltas:  72% (417/579)
2025-07-15T22:02:26.9769057Z Resolving deltas:  73% (423/579)
2025-07-15T22:02:26.9775950Z Resolving deltas:  74% (430/579)
2025-07-15T22:02:26.9782872Z Resolving deltas:  75% (435/579)
2025-07-15T22:02:26.9790016Z Resolving deltas:  76% (442/579)
2025-07-15T22:02:26.9800732Z Resolving deltas:  77% (446/579)
2025-07-15T22:02:26.9806248Z Resolving deltas:  78% (452/579)
2025-07-15T22:02:26.9811821Z Resolving deltas:  79% (458/579)
2025-07-15T22:02:26.9817494Z Resolving deltas:  80% (464/579)
2025-07-15T22:02:26.9822571Z Resolving deltas:  81% (469/579)
2025-07-15T22:02:26.9826961Z Resolving deltas:  82% (475/579)
2025-07-15T22:02:26.9829025Z Resolving deltas:  83% (481/579)
2025-07-15T22:02:26.9842349Z Resolving deltas:  84% (487/579)
2025-07-15T22:02:26.9865232Z Resolving deltas:  85% (493/579)
2025-07-15T22:02:26.9868238Z Resolving deltas:  86% (498/579)
2025-07-15T22:02:26.9871683Z Resolving deltas:  87% (504/579)
2025-07-15T22:02:26.9888091Z Resolving deltas:  88% (510/579)
2025-07-15T22:02:26.9902844Z Resolving deltas:  89% (516/579)
2025-07-15T22:02:26.9907863Z Resolving deltas:  90% (522/579)
2025-07-15T22:02:26.9911415Z Resolving deltas:  91% (527/579)
2025-07-15T22:02:26.9914429Z Resolving deltas:  92% (534/579)
2025-07-15T22:02:26.9916430Z Resolving deltas:  93% (539/579)
2025-07-15T22:02:26.9918286Z Resolving deltas:  94% (546/579)
2025-07-15T22:02:26.9919989Z Resolving deltas:  95% (551/579)
2025-07-15T22:02:26.9921649Z Resolving deltas:  96% (556/579)
2025-07-15T22:02:26.9923330Z Resolving deltas:  97% (562/579)
2025-07-15T22:02:26.9925279Z Resolving deltas:  98% (568/579)
2025-07-15T22:02:26.9927165Z Resolving deltas:  99% (574/579)
2025-07-15T22:02:26.9928417Z Resolving deltas: 100% (579/579)
2025-07-15T22:02:26.9929532Z Resolving deltas: 100% (579/579), done.
2025-07-15T22:02:27.0112882Z From https://github.com/Dinesh-4/Devops
2025-07-15T22:02:27.0115257Z  * [new ref]         0c90c9cb092c6c23e0ec720dd53d838143e9d576 -> origin/main
2025-07-15T22:02:27.0150878Z ##[endgroup]
2025-07-15T22:02:27.0153274Z ##[group]Determining the checkout info
2025-07-15T22:02:27.0156307Z ##[endgroup]
2025-07-15T22:02:27.0158608Z ##[group]Checking out the ref
2025-07-15T22:02:27.0161372Z [command]/usr/bin/git checkout --progress --force -B main refs/remotes/origin/main
2025-07-15T22:02:27.3679004Z Switched to a new branch 'main'
2025-07-15T22:02:27.3681251Z branch 'main' set up to track 'origin/main'.
2025-07-15T22:02:27.3699132Z ##[endgroup]
2025-07-15T22:02:27.3735986Z [command]/usr/bin/git log -1 --format='%H'
2025-07-15T22:02:27.3758207Z '0c90c9cb092c6c23e0ec720dd53d838143e9d576'
2025-07-15T22:02:27.4037682Z ##[group]Run actions/setup-python@v4
2025-07-15T22:02:27.4038748Z with:
2025-07-15T22:02:27.4039485Z   python-version: 3.10
2025-07-15T22:02:27.4040364Z   check-latest: false
2025-07-15T22:02:27.4041461Z   token: ***
2025-07-15T22:02:27.4042241Z   update-environment: true
2025-07-15T22:02:27.4043185Z   allow-prereleases: false
2025-07-15T22:02:27.4044488Z ##[endgroup]
2025-07-15T22:02:27.5727660Z ##[group]Installed versions
2025-07-15T22:02:27.5865219Z Successfully set up CPython (3.10.18)
2025-07-15T22:02:27.5867803Z ##[endgroup]
2025-07-15T22:02:27.6011427Z ##[group]Run python -m pip install --upgrade pip
2025-07-15T22:02:27.6012818Z [36;1mpython -m pip install --upgrade pip[0m
2025-07-15T22:02:27.6014264Z [36;1mpip install -r requirements.txt[0m
2025-07-15T22:02:27.6058447Z shell: /usr/bin/bash -e {0}
2025-07-15T22:02:27.6059402Z env:
2025-07-15T22:02:27.6060358Z   pythonLocation: /opt/hostedtoolcache/Python/3.10.18/x64
2025-07-15T22:02:27.6062004Z   PKG_CONFIG_PATH: /opt/hostedtoolcache/Python/3.10.18/x64/lib/pkgconfig
2025-07-15T22:02:27.6063644Z   Python_ROOT_DIR: /opt/hostedtoolcache/Python/3.10.18/x64
2025-07-15T22:02:27.6065381Z   Python2_ROOT_DIR: /opt/hostedtoolcache/Python/3.10.18/x64
2025-07-15T22:02:27.6066858Z   Python3_ROOT_DIR: /opt/hostedtoolcache/Python/3.10.18/x64
2025-07-15T22:02:27.6068348Z   LD_LIBRARY_PATH: /opt/hostedtoolcache/Python/3.10.18/x64/lib
2025-07-15T22:02:27.6069630Z ##[endgroup]
2025-07-15T22:02:28.1975276Z Requirement already satisfied: pip in /opt/hostedtoolcache/Python/3.10.18/x64/lib/python3.10/site-packages (25.1.1)
2025-07-15T22:02:28.8975654Z Collecting Flask==3.1.0 (from -r requirements.txt (line 1))
2025-07-15T22:02:28.9439403Z   Downloading flask-3.1.0-py3-none-any.whl.metadata (2.7 kB)
2025-07-15T22:02:28.9632744Z Collecting Flask-PyMongo==3.0.1 (from -r requirements.txt (line 2))
2025-07-15T22:02:28.9719409Z   Downloading flask_pymongo-3.0.1-py3-none-any.whl.metadata (3.5 kB)
2025-07-15T22:02:29.0298087Z Collecting pytest==8.2.1 (from -r requirements.txt (line 3))
2025-07-15T22:02:29.0375231Z   Downloading pytest-8.2.1-py3-none-any.whl.metadata (7.6 kB)
2025-07-15T22:02:29.0555829Z Collecting blinker==1.9.0 (from -r requirements.txt (line 4))
2025-07-15T22:02:29.0632222Z   Downloading blinker-1.9.0-py3-none-any.whl.metadata (1.6 kB)
2025-07-15T22:02:29.0877471Z Collecting certifi==2025.7.14 (from -r requirements.txt (line 5))
2025-07-15T22:02:29.0952868Z   Downloading certifi-2025.7.14-py3-none-any.whl.metadata (2.4 kB)
2025-07-15T22:02:29.1906952Z Collecting charset-normalizer==3.4.2 (from -r requirements.txt (line 6))
2025-07-15T22:02:29.1986378Z   Downloading charset_normalizer-3.4.2-cp310-cp310-manylinux_2_17_x86_64.manylinux2014_x86_64.whl.metadata (35 kB)
2025-07-15T22:02:29.2270947Z Collecting click==8.2.1 (from -r requirements.txt (line 7))
2025-07-15T22:02:29.2350378Z   Downloading click-8.2.1-py3-none-any.whl.metadata (2.5 kB)
2025-07-15T22:02:29.2544084Z Collecting dnspython==2.7.0 (from -r requirements.txt (line 8))
2025-07-15T22:02:29.2620952Z   Downloading dnspython-2.7.0-py3-none-any.whl.metadata (5.8 kB)
2025-07-15T22:02:29.2844188Z Collecting idna==3.10 (from -r requirements.txt (line 9))
2025-07-15T22:02:29.2919501Z   Downloading idna-3.10-py3-none-any.whl.metadata (10 kB)
2025-07-15T22:02:29.3133531Z Collecting itsdangerous==2.2.0 (from -r requirements.txt (line 10))
2025-07-15T22:02:29.3373405Z   Downloading itsdangerous-2.2.0-py3-none-any.whl.metadata (1.9 kB)
2025-07-15T22:02:29.3587136Z Collecting Jinja2==3.1.6 (from -r requirements.txt (line 11))
2025-07-15T22:02:29.3658379Z   Downloading jinja2-3.1.6-py3-none-any.whl.metadata (2.9 kB)
2025-07-15T22:02:29.4284721Z Collecting MarkupSafe==3.0.2 (from -r requirements.txt (line 12))
2025-07-15T22:02:29.4362545Z   Downloading MarkupSafe-3.0.2-cp310-cp310-manylinux_2_17_x86_64.manylinux2014_x86_64.whl.metadata (4.0 kB)
2025-07-15T22:02:29.4537108Z Collecting paho-mqtt==2.1.0 (from -r requirements.txt (line 13))
2025-07-15T22:02:29.4643498Z   Downloading paho_mqtt-2.1.0-py3-none-any.whl.metadata (23 kB)
2025-07-15T22:02:29.8154280Z Collecting pymongo==4.13.2 (from -r requirements.txt (line 14))
2025-07-15T22:02:29.8244802Z   Downloading pymongo-4.13.2-cp310-cp310-manylinux_2_17_x86_64.manylinux2014_x86_64.whl.metadata (22 kB)
2025-07-15T22:02:29.8521495Z Collecting python-dotenv==1.1.1 (from -r requirements.txt (line 15))
2025-07-15T22:02:29.8600857Z   Downloading python_dotenv-1.1.1-py3-none-any.whl.metadata (24 kB)
2025-07-15T22:02:29.9012421Z Collecting requests==2.32.4 (from -r requirements.txt (line 16))
2025-07-15T22:02:29.9090176Z   Downloading requests-2.32.4-py3-none-any.whl.metadata (4.9 kB)
2025-07-15T22:02:29.9410228Z Collecting urllib3==2.5.0 (from -r requirements.txt (line 17))
2025-07-15T22:02:29.9489202Z   Downloading urllib3-2.5.0-py3-none-any.whl.metadata (6.5 kB)
2025-07-15T22:02:29.9779081Z Collecting Werkzeug==3.1.3 (from -r requirements.txt (line 18))
2025-07-15T22:02:29.9853561Z   Downloading werkzeug-3.1.3-py3-none-any.whl.metadata (3.7 kB)
2025-07-15T22:02:30.0006924Z Collecting autodevops-cli==0.1.1 (from -r requirements.txt (line 19))
2025-07-15T22:02:30.0096136Z   Downloading autodevops_cli-0.1.1-py3-none-any.whl.metadata (494 bytes)
2025-07-15T22:02:30.0250429Z Collecting iniconfig==2.1.0 (from -r requirements.txt (line 20))
2025-07-15T22:02:30.0325611Z   Downloading iniconfig-2.1.0-py3-none-any.whl.metadata (2.7 kB)
2025-07-15T22:02:30.0492034Z Collecting loguru==0.7.3 (from -r requirements.txt (line 21))
2025-07-15T22:02:30.0568705Z   Downloading loguru-0.7.3-py3-none-any.whl.metadata (22 kB)
2025-07-15T22:02:30.0856478Z Collecting markdown-it-py==3.0.0 (from -r requirements.txt (line 22))
2025-07-15T22:02:30.0929149Z   Downloading markdown_it_py-3.0.0-py3-none-any.whl.metadata (6.9 kB)
2025-07-15T22:02:30.1120139Z Collecting mdurl==0.1.2 (from -r requirements.txt (line 23))
2025-07-15T22:02:30.1194472Z   Downloading mdurl-0.1.2-py3-none-any.whl.metadata (1.6 kB)
2025-07-15T22:02:30.1372676Z Collecting mongomock==4.3.0 (from -r requirements.txt (line 24))
2025-07-15T22:02:30.1455824Z   Downloading mongomock-4.3.0-py2.py3-none-any.whl.metadata (12 kB)
2025-07-15T22:02:30.1674703Z Collecting packaging==25.0 (from -r requirements.txt (line 25))
2025-07-15T22:02:30.1748886Z   Downloading packaging-25.0-py3-none-any.whl.metadata (3.3 kB)
2025-07-15T22:02:30.1916293Z Collecting pluggy==1.6.0 (from -r requirements.txt (line 26))
2025-07-15T22:02:30.1988922Z   Downloading pluggy-1.6.0-py3-none-any.whl.metadata (4.8 kB)
2025-07-15T22:02:30.2236002Z Collecting Pygments==2.19.2 (from -r requirements.txt (line 27))
2025-07-15T22:02:30.2311897Z   Downloading pygments-2.19.2-py3-none-any.whl.metadata (2.5 kB)
2025-07-15T22:02:30.2757663Z Collecting pytz==2025.2 (from -r requirements.txt (line 28))
2025-07-15T22:02:30.2837908Z   Downloading pytz-2025.2-py2.py3-none-any.whl.metadata (22 kB)
2025-07-15T22:02:30.3320319Z Collecting rich==14.0.0 (from -r requirements.txt (line 29))
2025-07-15T22:02:30.3402386Z   Downloading rich-14.0.0-py3-none-any.whl.metadata (18 kB)
2025-07-15T22:02:30.3574166Z Collecting sentinels==1.0.0 (from -r requirements.txt (line 30))
2025-07-15T22:02:30.3651677Z   Downloading sentinels-1.0.0.tar.gz (4.1 kB)
2025-07-15T22:02:30.3740685Z   Installing build dependencies: started
2025-07-15T22:02:31.2885547Z   Installing build dependencies: finished with status 'done'
2025-07-15T22:02:31.2894068Z   Getting requirements to build wheel: started
2025-07-15T22:02:31.6160678Z   Getting requirements to build wheel: finished with status 'done'
2025-07-15T22:02:31.6171192Z   Preparing metadata (pyproject.toml): started
2025-07-15T22:02:31.7919141Z   Preparing metadata (pyproject.toml): finished with status 'done'
2025-07-15T22:02:31.8121404Z Collecting sh==2.2.2 (from -r requirements.txt (line 31))
2025-07-15T22:02:31.8210454Z   Downloading sh-2.2.2-py3-none-any.whl.metadata (3.7 kB)
2025-07-15T22:02:31.8699851Z Collecting exceptiongroup>=1.0.0rc8 (from pytest==8.2.1->-r requirements.txt (line 3))
2025-07-15T22:02:31.8777024Z   Downloading exceptiongroup-1.3.0-py3-none-any.whl.metadata (6.7 kB)
2025-07-15T22:02:31.8996796Z Collecting tomli>=1 (from pytest==8.2.1->-r requirements.txt (line 3))
2025-07-15T22:02:31.9079401Z   Downloading tomli-2.2.1-py3-none-any.whl.metadata (10 kB)
2025-07-15T22:02:31.9905572Z Collecting typing-extensions<5.0,>=4.0.0 (from rich==14.0.0->-r requirements.txt (line 29))
2025-07-15T22:02:31.9984101Z   Downloading typing_extensions-4.14.1-py3-none-any.whl.metadata (3.0 kB)
2025-07-15T22:02:32.0231986Z Downloading flask-3.1.0-py3-none-any.whl (102 kB)
2025-07-15T22:02:32.0389958Z Downloading flask_pymongo-3.0.1-py3-none-any.whl (11 kB)
2025-07-15T22:02:32.0487205Z Downloading pytest-8.2.1-py3-none-any.whl (339 kB)
2025-07-15T22:02:32.0663532Z Downloading pluggy-1.6.0-py3-none-any.whl (20 kB)
2025-07-15T22:02:32.0756119Z Downloading blinker-1.9.0-py3-none-any.whl (8.5 kB)
2025-07-15T22:02:32.0849577Z Downloading certifi-2025.7.14-py3-none-any.whl (162 kB)
2025-07-15T22:02:32.0959994Z Downloading charset_normalizer-3.4.2-cp310-cp310-manylinux_2_17_x86_64.manylinux2014_x86_64.whl (149 kB)
2025-07-15T22:02:32.1057520Z Downloading click-8.2.1-py3-none-any.whl (102 kB)
2025-07-15T22:02:32.1159721Z Downloading dnspython-2.7.0-py3-none-any.whl (313 kB)
2025-07-15T22:02:32.1266099Z Downloading idna-3.10-py3-none-any.whl (70 kB)
2025-07-15T22:02:32.1364538Z Downloading itsdangerous-2.2.0-py3-none-any.whl (16 kB)
2025-07-15T22:02:32.1475472Z Downloading jinja2-3.1.6-py3-none-any.whl (134 kB)
2025-07-15T22:02:32.1579478Z Downloading MarkupSafe-3.0.2-cp310-cp310-manylinux_2_17_x86_64.manylinux2014_x86_64.whl (20 kB)
2025-07-15T22:02:32.1677471Z Downloading paho_mqtt-2.1.0-py3-none-any.whl (67 kB)
2025-07-15T22:02:32.1774659Z Downloading pymongo-4.13.2-cp310-cp310-manylinux_2_17_x86_64.manylinux2014_x86_64.whl (1.2 MB)
2025-07-15T22:02:32.1906861Z    ━━━━━━━━━━━━━━━━━━━━━━━━━━━━━━━━━━━━━━━━ 1.2/1.2 MB 94.8 MB/s eta 0:00:00
2025-07-15T22:02:32.1981965Z Downloading python_dotenv-1.1.1-py3-none-any.whl (20 kB)
2025-07-15T22:02:32.2078604Z Downloading requests-2.32.4-py3-none-any.whl (64 kB)
2025-07-15T22:02:32.2175358Z Downloading urllib3-2.5.0-py3-none-any.whl (129 kB)
2025-07-15T22:02:32.2275269Z Downloading werkzeug-3.1.3-py3-none-any.whl (224 kB)
2025-07-15T22:02:32.2422318Z Downloading autodevops_cli-0.1.1-py3-none-any.whl (4.1 kB)
2025-07-15T22:02:32.2516396Z Downloading iniconfig-2.1.0-py3-none-any.whl (6.0 kB)
2025-07-15T22:02:32.2623521Z Downloading loguru-0.7.3-py3-none-any.whl (61 kB)
2025-07-15T22:02:32.2721692Z Downloading markdown_it_py-3.0.0-py3-none-any.whl (87 kB)
2025-07-15T22:02:32.2817907Z Downloading mdurl-0.1.2-py3-none-any.whl (10.0 kB)
2025-07-15T22:02:32.2914710Z Downloading mongomock-4.3.0-py2.py3-none-any.whl (64 kB)
2025-07-15T22:02:32.3012130Z Downloading packaging-25.0-py3-none-any.whl (66 kB)
2025-07-15T22:02:32.3116911Z Downloading pygments-2.19.2-py3-none-any.whl (1.2 MB)
2025-07-15T22:02:32.3220479Z    ━━━━━━━━━━━━━━━━━━━━━━━━━━━━━━━━━━━━━━━━ 1.2/1.2 MB 133.3 MB/s eta 0:00:00
2025-07-15T22:02:32.3294657Z Downloading pytz-2025.2-py2.py3-none-any.whl (509 kB)
2025-07-15T22:02:32.3414175Z Downloading rich-14.0.0-py3-none-any.whl (243 kB)
2025-07-15T22:02:32.3515247Z Downloading sh-2.2.2-py3-none-any.whl (38 kB)
2025-07-15T22:02:32.3607302Z Downloading typing_extensions-4.14.1-py3-none-any.whl (43 kB)
2025-07-15T22:02:32.3701641Z Downloading exceptiongroup-1.3.0-py3-none-any.whl (16 kB)
2025-07-15T22:02:32.3801885Z Downloading tomli-2.2.1-py3-none-any.whl (14 kB)
2025-07-15T22:02:32.4169431Z Building wheels for collected packages: sentinels
2025-07-15T22:02:32.4179987Z   Building wheel for sentinels (pyproject.toml): started
2025-07-15T22:02:32.6197424Z   Building wheel for sentinels (pyproject.toml): finished with status 'done'
2025-07-15T22:02:32.6204355Z   Created wheel for sentinels: filename=sentinels-1.0.0-py3-none-any.whl size=3229 sha256=d887cd6829292389f29c057a947904fc1ecca6f7810969327de8599a01aa52c3
2025-07-15T22:02:32.6206407Z   Stored in directory: /home/runner/.cache/pip/wheels/26/bc/eb/67e56405e0684b3d8c011cf4d18129c41be394775fd5ba2347
2025-07-15T22:02:32.6222143Z Successfully built sentinels
2025-07-15T22:02:32.6965826Z Installing collected packages: sentinels, pytz, urllib3, typing-extensions, tomli, sh, python-dotenv, Pygments, pluggy, paho-mqtt, packaging, mdurl, MarkupSafe, loguru, itsdangerous, iniconfig, idna, dnspython, click, charset-normalizer, certifi, blinker, Werkzeug, requests, pymongo, mongomock, markdown-it-py, Jinja2, exceptiongroup, rich, pytest, Flask, Flask-PyMongo, autodevops-cli
2025-07-15T22:02:35.2271169Z 
2025-07-15T22:02:35.2331417Z Successfully installed Flask-3.1.0 Flask-PyMongo-3.0.1 Jinja2-3.1.6 MarkupSafe-3.0.2 Pygments-2.19.2 Werkzeug-3.1.3 autodevops-cli-0.1.1 blinker-1.9.0 certifi-2025.7.14 charset-normalizer-3.4.2 click-8.2.1 dnspython-2.7.0 exceptiongroup-1.3.0 idna-3.10 iniconfig-2.1.0 itsdangerous-2.2.0 loguru-0.7.3 markdown-it-py-3.0.0 mdurl-0.1.2 mongomock-4.3.0 packaging-25.0 paho-mqtt-2.1.0 pluggy-1.6.0 pymongo-4.13.2 pytest-8.2.1 python-dotenv-1.1.1 pytz-2025.2 requests-2.32.4 rich-14.0.0 sentinels-1.0.0 sh-2.2.2 tomli-2.2.1 typing-extensions-4.14.1 urllib3-2.5.0
2025-07-15T22:02:35.3720389Z ##[group]Run export PYTHONPATH=.
2025-07-15T22:02:35.3720703Z [36;1mexport PYTHONPATH=.[0m
2025-07-15T22:02:35.3720938Z [36;1mpytest test_main.py -v[0m
2025-07-15T22:02:35.3749233Z shell: /usr/bin/bash -e {0}
2025-07-15T22:02:35.3749457Z env:
2025-07-15T22:02:35.3749705Z   pythonLocation: /opt/hostedtoolcache/Python/3.10.18/x64
2025-07-15T22:02:35.3750103Z   PKG_CONFIG_PATH: /opt/hostedtoolcache/Python/3.10.18/x64/lib/pkgconfig
2025-07-15T22:02:35.3750487Z   Python_ROOT_DIR: /opt/hostedtoolcache/Python/3.10.18/x64
2025-07-15T22:02:35.3750818Z   Python2_ROOT_DIR: /opt/hostedtoolcache/Python/3.10.18/x64
2025-07-15T22:02:35.3751149Z   Python3_ROOT_DIR: /opt/hostedtoolcache/Python/3.10.18/x64
2025-07-15T22:02:35.3751479Z   LD_LIBRARY_PATH: /opt/hostedtoolcache/Python/3.10.18/x64/lib
2025-07-15T22:02:35.3751760Z ##[endgroup]
2025-07-15T22:02:35.6065884Z ============================= test session starts ==============================
2025-07-15T22:02:35.6066628Z platform linux -- Python 3.10.18, pytest-8.2.1, pluggy-1.6.0 -- /opt/hostedtoolcache/Python/3.10.18/x64/bin/python
2025-07-15T22:02:35.6067178Z cachedir: .pytest_cache
2025-07-15T22:02:35.6067467Z rootdir: /home/runner/work/Devops/Devops
2025-07-15T22:02:35.7977507Z collecting ... collected 7 items
2025-07-15T22:02:35.7977874Z 
2025-07-15T22:02:35.8114918Z test_main.py::test_home_page PASSED                                      [ 14%]
2025-07-15T22:02:35.8192322Z test_main.py::test_admin_dashboard PASSED                                [ 28%]
2025-07-15T22:02:35.8257199Z test_main.py::test_student_dashboard PASSED                              [ 42%]
2025-07-15T22:02:35.8300914Z test_main.py::test_generate_attendance_no_input PASSED                   [ 57%]
2025-07-15T22:02:35.8344849Z test_main.py::test_student_generate_attendance_invalid PASSED            [ 71%]
2025-07-15T22:02:35.8407448Z test_main.py::test_register_user_get PASSED                              [ 85%]
2025-07-15T22:02:35.8467249Z test_main.py::test_receive_rfid_missing PASSED                           [100%]
2025-07-15T22:02:35.8467861Z 
2025-07-15T22:02:35.8468059Z ============================== 7 passed in 0.24s ===============================
2025-07-15T22:02:35.8959192Z ##[group]Run docker/login-action@v3
2025-07-15T22:02:35.8959449Z with:
2025-07-15T22:02:35.8959919Z   username: ***
2025-07-15T22:02:35.8960152Z   password: ***
2025-07-15T22:02:35.8960325Z   ecr: auto
2025-07-15T22:02:35.8960484Z   logout: true
2025-07-15T22:02:35.8960638Z env:
2025-07-15T22:02:35.8960874Z   pythonLocation: /opt/hostedtoolcache/Python/3.10.18/x64
2025-07-15T22:02:35.8961269Z   PKG_CONFIG_PATH: /opt/hostedtoolcache/Python/3.10.18/x64/lib/pkgconfig
2025-07-15T22:02:35.8961644Z   Python_ROOT_DIR: /opt/hostedtoolcache/Python/3.10.18/x64
2025-07-15T22:02:35.8961983Z   Python2_ROOT_DIR: /opt/hostedtoolcache/Python/3.10.18/x64
2025-07-15T22:02:35.8962324Z   Python3_ROOT_DIR: /opt/hostedtoolcache/Python/3.10.18/x64
2025-07-15T22:02:35.8962665Z   LD_LIBRARY_PATH: /opt/hostedtoolcache/Python/3.10.18/x64/lib
2025-07-15T22:02:35.8962944Z ##[endgroup]
2025-07-15T22:02:36.1858504Z Logging into Docker Hub...
2025-07-15T22:02:36.3754506Z Login Succeeded!
2025-07-15T22:02:36.3883358Z ##[group]Run docker build -t ***/flask-ci-cd-demo .
2025-07-15T22:02:36.3884066Z [36;1mdocker build -t ***/flask-ci-cd-demo .[0m
2025-07-15T22:02:36.3911494Z shell: /usr/bin/bash -e {0}
2025-07-15T22:02:36.3911723Z env:
2025-07-15T22:02:36.3911970Z   pythonLocation: /opt/hostedtoolcache/Python/3.10.18/x64
2025-07-15T22:02:36.3912382Z   PKG_CONFIG_PATH: /opt/hostedtoolcache/Python/3.10.18/x64/lib/pkgconfig
2025-07-15T22:02:36.3912781Z   Python_ROOT_DIR: /opt/hostedtoolcache/Python/3.10.18/x64
2025-07-15T22:02:36.3913125Z   Python2_ROOT_DIR: /opt/hostedtoolcache/Python/3.10.18/x64
2025-07-15T22:02:36.3913475Z   Python3_ROOT_DIR: /opt/hostedtoolcache/Python/3.10.18/x64
2025-07-15T22:02:36.3913921Z   LD_LIBRARY_PATH: /opt/hostedtoolcache/Python/3.10.18/x64/lib
2025-07-15T22:02:36.3914226Z ##[endgroup]
2025-07-15T22:02:36.8297912Z #0 building with "default" instance using docker driver
2025-07-15T22:02:36.8298334Z 
2025-07-15T22:02:36.8298543Z #1 [internal] load build definition from Dockerfile
2025-07-15T22:02:36.8298873Z #1 transferring dockerfile: 798B done
2025-07-15T22:02:36.8299108Z #1 DONE 0.0s
2025-07-15T22:02:36.8299222Z 
2025-07-15T22:02:36.8299391Z #2 [auth] library/python:pull token for registry-1.docker.io
2025-07-15T22:02:36.8299695Z #2 DONE 0.0s
2025-07-15T22:02:36.8299793Z 
2025-07-15T22:02:36.8299955Z #3 [internal] load metadata for docker.io/library/python:3.10-slim
2025-07-15T22:02:36.9684687Z #3 DONE 0.3s
2025-07-15T22:02:37.0853511Z 
2025-07-15T22:02:37.0854123Z #4 [internal] load .dockerignore
2025-07-15T22:02:37.0854623Z #4 transferring context: 2B done
2025-07-15T22:02:37.0855028Z #4 DONE 0.0s
2025-07-15T22:02:37.0855220Z 
2025-07-15T22:02:37.0855824Z #5 [1/6] FROM docker.io/library/python:3.10-slim@sha256:9dd6774a1276178f94b0cc1fb1f0edd980825d0ea7634847af9940b1b6273c13
2025-07-15T22:02:37.0857176Z #5 resolve docker.io/library/python:3.10-slim@sha256:9dd6774a1276178f94b0cc1fb1f0edd980825d0ea7634847af9940b1b6273c13 done
2025-07-15T22:02:37.0858449Z #5 sha256:92d63ec5cbeb1348bad42929919fd8e78f38d96e388b5509d2929d76ddafb48e 0B / 15.65MB 0.1s
2025-07-15T22:02:37.0859531Z #5 sha256:9dd6774a1276178f94b0cc1fb1f0edd980825d0ea7634847af9940b1b6273c13 9.13kB / 9.13kB done
2025-07-15T22:02:37.0860642Z #5 sha256:c5dbd5ba857839a0aa9db765ea519c1514a40da811b4cf08c852b72fab4379d5 1.75kB / 1.75kB done
2025-07-15T22:02:37.0861757Z #5 sha256:563dffbdc42507a70677ee28b4bb678ad9074e3c9f75e3043523a38dcdf4f553 5.37kB / 5.37kB done
2025-07-15T22:02:37.0863007Z #5 sha256:3da95a905ed546f99c4564407923a681757d89651a388ec3f1f5e9bf5ed0b39d 4.96MB / 28.23MB 0.1s
2025-07-15T22:02:37.0864471Z #5 sha256:0ebcc011f0ec7a9a900f7366b104730396a59032e64f04f3867a75f25ed48280 0B / 3.51MB 0.1s
2025-07-15T22:02:37.1925674Z #5 sha256:92d63ec5cbeb1348bad42929919fd8e78f38d96e388b5509d2929d76ddafb48e 10.49MB / 15.65MB 0.2s
2025-07-15T22:02:37.1934765Z #5 sha256:3da95a905ed546f99c4564407923a681757d89651a388ec3f1f5e9bf5ed0b39d 11.53MB / 28.23MB 0.2s
2025-07-15T22:02:37.1937042Z #5 sha256:0ebcc011f0ec7a9a900f7366b104730396a59032e64f04f3867a75f25ed48280 3.51MB / 3.51MB 0.1s done
2025-07-15T22:02:37.1938205Z #5 sha256:64b78282ca88b226c404cb8dfdee72b75eea52c9ac7380c0439b6e03992e483f 248B / 248B 0.2s done
2025-07-15T22:02:37.2974050Z #5 sha256:92d63ec5cbeb1348bad42929919fd8e78f38d96e388b5509d2929d76ddafb48e 15.65MB / 15.65MB 0.2s done
2025-07-15T22:02:37.2975639Z #5 sha256:3da95a905ed546f99c4564407923a681757d89651a388ec3f1f5e9bf5ed0b39d 23.07MB / 28.23MB 0.3s
2025-07-15T22:02:37.3980299Z #5 sha256:3da95a905ed546f99c4564407923a681757d89651a388ec3f1f5e9bf5ed0b39d 28.23MB / 28.23MB 0.4s done
2025-07-15T22:02:37.4018896Z #5 extracting sha256:3da95a905ed546f99c4564407923a681757d89651a388ec3f1f5e9bf5ed0b39d
2025-07-15T22:02:37.6053621Z #5 ...
2025-07-15T22:02:37.6054213Z 
2025-07-15T22:02:37.6054386Z #6 [internal] load build context
2025-07-15T22:02:37.6054866Z #6 transferring context: 64.97MB 0.6s done
2025-07-15T22:02:37.6055312Z #6 DONE 0.6s
2025-07-15T22:02:37.6055492Z 
2025-07-15T22:02:38.5085934Z #5 [1/6] FROM docker.io/library/python:3.10-slim@sha256:9dd6774a1276178f94b0cc1fb1f0edd980825d0ea7634847af9940b1b6273c13
2025-07-15T22:02:38.5087128Z #5 extracting sha256:3da95a905ed546f99c4564407923a681757d89651a388ec3f1f5e9bf5ed0b39d 1.1s done
2025-07-15T22:02:38.6488638Z #5 extracting sha256:0ebcc011f0ec7a9a900f7366b104730396a59032e64f04f3867a75f25ed48280 0.1s
2025-07-15T22:02:38.8044432Z #5 extracting sha256:0ebcc011f0ec7a9a900f7366b104730396a59032e64f04f3867a75f25ed48280 0.1s done
2025-07-15T22:02:39.1181053Z #5 extracting sha256:92d63ec5cbeb1348bad42929919fd8e78f38d96e388b5509d2929d76ddafb48e
2025-07-15T22:02:39.7917069Z #5 extracting sha256:92d63ec5cbeb1348bad42929919fd8e78f38d96e388b5509d2929d76ddafb48e 0.6s done
2025-07-15T22:02:39.7918337Z #5 extracting sha256:64b78282ca88b226c404cb8dfdee72b75eea52c9ac7380c0439b6e03992e483f
2025-07-15T22:02:39.9649594Z #5 extracting sha256:64b78282ca88b226c404cb8dfdee72b75eea52c9ac7380c0439b6e03992e483f done
2025-07-15T22:02:39.9650270Z #5 DONE 2.8s
2025-07-15T22:02:39.9650402Z 
2025-07-15T22:02:39.9650877Z #7 [2/6] RUN apt-get update &&     apt-get install -y --no-install-recommends     build-essential     curl     nano     git     && rm -rf /var/lib/apt/lists/*
2025-07-15T22:02:39.9992775Z #7 0.185 Get:1 http://deb.debian.org/debian bookworm InRelease [151 kB]
2025-07-15T22:02:40.1341000Z #7 0.202 Get:2 http://deb.debian.org/debian bookworm-updates InRelease [55.4 kB]
2025-07-15T22:02:40.1341925Z #7 0.208 Get:3 http://deb.debian.org/debian-security bookworm-security InRelease [48.0 kB]
2025-07-15T22:02:40.1342785Z #7 0.265 Get:4 http://deb.debian.org/debian bookworm/main amd64 Packages [8793 kB]
2025-07-15T22:02:40.1343608Z #7 0.319 Get:5 http://deb.debian.org/debian bookworm-updates/main amd64 Packages [756 B]
2025-07-15T22:02:40.3195826Z #7 0.354 Get:6 http://deb.debian.org/debian-security bookworm-security/main amd64 Packages [272 kB]
2025-07-15T22:02:40.8896883Z #7 1.075 Fetched 9320 kB in 1s (9982 kB/s)
2025-07-15T22:02:41.2794583Z #7 1.075 Reading package lists...
2025-07-15T22:02:41.7060938Z #7 1.481 Reading package lists...
2025-07-15T22:02:41.8297615Z #7 1.902 Building dependency tree...
2025-07-15T22:02:42.0793603Z #7 2.015 Reading state information...
2025-07-15T22:02:42.0794707Z #7 2.113 The following additional packages will be installed:
2025-07-15T22:02:42.0795505Z #7 2.113   binutils binutils-common binutils-x86-64-linux-gnu bzip2 cpp cpp-12 dpkg-dev
2025-07-15T22:02:42.0796339Z #7 2.113   g++ g++-12 gcc gcc-12 git-man libasan8 libatomic1 libbinutils libbrotli1
2025-07-15T22:02:42.0797086Z #7 2.113   libc-dev-bin libc6-dev libcc1-0 libcrypt-dev libctf-nobfd0 libctf0
2025-07-15T22:02:42.0797925Z #7 2.113   libcurl3-gnutls libcurl4 libdpkg-perl liberror-perl libexpat1 libgcc-12-dev
2025-07-15T22:02:42.0798762Z #7 2.113   libgdbm-compat4 libgomp1 libgprofng0 libisl23 libitm1 libjansson4
2025-07-15T22:02:42.0799581Z #7 2.113   libldap-2.5-0 liblsan0 libmpc3 libmpfr6 libnghttp2-14 libnsl-dev libperl5.36
2025-07-15T22:02:42.0800455Z #7 2.113   libpsl5 libquadmath0 librtmp1 libsasl2-2 libsasl2-modules-db libssh2-1
2025-07-15T22:02:42.0801308Z #7 2.113   libstdc++-12-dev libtirpc-dev libtsan2 libubsan1 linux-libc-dev make patch
2025-07-15T22:02:42.0802451Z #7 2.114   perl perl-modules-5.36 rpcsvc-proto xz-utils
2025-07-15T22:02:42.0802946Z #7 2.114 Suggested packages:
2025-07-15T22:02:42.0803513Z #7 2.114   binutils-doc bzip2-doc cpp-doc gcc-12-locales cpp-12-doc debian-keyring
2025-07-15T22:02:42.0804514Z #7 2.114   g++-multilib g++-12-multilib gcc-12-doc gcc-multilib manpages-dev autoconf
2025-07-15T22:02:42.0805324Z #7 2.114   automake libtool flex bison gdb gcc-doc gcc-12-multilib gettext-base
2025-07-15T22:02:42.0806135Z #7 2.114   git-daemon-run | git-daemon-sysvinit git-doc git-email git-gui gitk gitweb
2025-07-15T22:02:42.0806969Z #7 2.114   git-cvs git-mediawiki git-svn glibc-doc gnupg | sq | sqop | pgpainless-cli
2025-07-15T22:02:42.0807812Z #7 2.114   sensible-utils bzr libstdc++-12-doc make-doc hunspell ed diffutils-doc
2025-07-15T22:02:42.0808843Z #7 2.114   perl-doc libterm-readline-gnu-perl | libterm-readline-perl-perl
2025-07-15T22:02:42.0809485Z #7 2.114   libtap-harness-archive-perl
2025-07-15T22:02:42.0809927Z #7 2.114 Recommended packages:
2025-07-15T22:02:42.0810515Z #7 2.114   fakeroot gnupg | sq | sqop | pgpainless-cli libalgorithm-merge-perl less
2025-07-15T22:02:42.0811329Z #7 2.114   ssh-client manpages manpages-dev libc-devtools libfile-fcntllock-perl
2025-07-15T22:02:42.0812168Z #7 2.114   liblocale-gettext-perl libldap-common publicsuffix libsasl2-modules
2025-07-15T22:02:42.1711098Z #7 2.356 The following NEW packages will be installed:
2025-07-15T22:02:42.1711870Z #7 2.356   binutils binutils-common binutils-x86-64-linux-gnu build-essential bzip2 cpp
2025-07-15T22:02:42.2715222Z #7 2.356   cpp-12 curl dpkg-dev g++ g++-12 gcc gcc-12 git git-man libasan8 libatomic1
2025-07-15T22:02:42.2716965Z #7 2.356   libbinutils libbrotli1 libc-dev-bin libc6-dev libcc1-0 libcrypt-dev
2025-07-15T22:02:42.2717835Z #7 2.356   libctf-nobfd0 libctf0 libcurl3-gnutls libcurl4 libdpkg-perl liberror-perl
2025-07-15T22:02:42.2718907Z #7 2.357   libexpat1 libgcc-12-dev libgdbm-compat4 libgomp1 libgprofng0 libisl23
2025-07-15T22:02:42.2720049Z #7 2.357   libitm1 libjansson4 libldap-2.5-0 liblsan0 libmpc3 libmpfr6 libnghttp2-14
2025-07-15T22:02:42.2721318Z #7 2.357   libnsl-dev libperl5.36 libpsl5 libquadmath0 librtmp1 libsasl2-2
2025-07-15T22:02:42.2722072Z #7 2.357   libsasl2-modules-db libssh2-1 libstdc++-12-dev libtirpc-dev libtsan2
2025-07-15T22:02:42.2722868Z #7 2.357   libubsan1 linux-libc-dev make nano patch perl perl-modules-5.36 rpcsvc-proto
2025-07-15T22:02:42.2723464Z #7 2.357   xz-utils
2025-07-15T22:02:42.2724088Z #7 2.391 0 upgraded, 62 newly installed, 0 to remove and 0 not upgraded.
2025-07-15T22:02:42.2724652Z #7 2.391 Need to get 85.7 MB of archives.
2025-07-15T22:02:42.2725212Z #7 2.391 After this operation, 370 MB of additional disk space will be used.
2025-07-15T22:02:42.2726702Z #7 2.391 Get:1 http://deb.debian.org/debian bookworm/main amd64 perl-modules-5.36 all 5.36.0-7+deb12u2 [2815 kB]
2025-07-15T22:02:42.2728258Z #7 2.430 Get:2 http://deb.debian.org/debian bookworm/main amd64 libgdbm-compat4 amd64 1.23-3 [48.2 kB]
2025-07-15T22:02:42.2729215Z #7 2.430 Get:3 http://deb.debian.org/debian bookworm/main amd64 libperl5.36 amd64 5.36.0-7+deb12u2 [4207 kB]
2025-07-15T22:02:42.2731631Z #7 2.451 Get:4 http://deb.debian.org/debian bookworm/main amd64 perl amd64 5.36.0-7+deb12u2 [239 kB]
2025-07-15T22:02:42.2733134Z #7 2.453 Get:5 http://deb.debian.org/debian bookworm/main amd64 nano amd64 7.2-1+deb12u1 [690 kB]
2025-07-15T22:02:42.2734297Z #7 2.456 Get:6 http://deb.debian.org/debian bookworm/main amd64 bzip2 amd64 1.0.8-5+b1 [49.8 kB]
2025-07-15T22:02:42.3733015Z #7 2.457 Get:7 http://deb.debian.org/debian bookworm/main amd64 xz-utils amd64 5.4.1-1 [471 kB]
2025-07-15T22:02:42.3734203Z #7 2.459 Get:8 http://deb.debian.org/debian bookworm/main amd64 binutils-common amd64 2.40-2 [2487 kB]
2025-07-15T22:02:42.3735169Z #7 2.469 Get:9 http://deb.debian.org/debian bookworm/main amd64 libbinutils amd64 2.40-2 [572 kB]
2025-07-15T22:02:42.3737061Z #7 2.471 Get:10 http://deb.debian.org/debian bookworm/main amd64 libctf-nobfd0 amd64 2.40-2 [153 kB]
2025-07-15T22:02:42.3738264Z #7 2.472 Get:11 http://deb.debian.org/debian bookworm/main amd64 libctf0 amd64 2.40-2 [89.8 kB]
2025-07-15T22:02:42.3740047Z #7 2.473 Get:12 http://deb.debian.org/debian bookworm/main amd64 libgprofng0 amd64 2.40-2 [812 kB]
2025-07-15T22:02:42.3740957Z #7 2.476 Get:13 http://deb.debian.org/debian bookworm/main amd64 libjansson4 amd64 2.14-2 [40.8 kB]
2025-07-15T22:02:42.3741934Z #7 2.477 Get:14 http://deb.debian.org/debian bookworm/main amd64 binutils-x86-64-linux-gnu amd64 2.40-2 [2246 kB]
2025-07-15T22:02:42.3742878Z #7 2.485 Get:15 http://deb.debian.org/debian bookworm/main amd64 binutils amd64 2.40-2 [65.0 kB]
2025-07-15T22:02:42.3746560Z #7 2.486 Get:16 http://deb.debian.org/debian bookworm/main amd64 libc-dev-bin amd64 2.36-9+deb12u10 [47.1 kB]
2025-07-15T22:02:42.3748666Z #7 2.486 Get:17 http://deb.debian.org/debian-security bookworm-security/main amd64 linux-libc-dev amd64 6.1.140-1 [2145 kB]
2025-07-15T22:02:42.3750775Z #7 2.491 Get:18 http://deb.debian.org/debian bookworm/main amd64 libcrypt-dev amd64 1:4.4.33-2 [118 kB]
2025-07-15T22:02:42.3751737Z #7 2.492 Get:19 http://deb.debian.org/debian bookworm/main amd64 libtirpc-dev amd64 1.3.3+ds-1 [191 kB]
2025-07-15T22:02:42.3754359Z #7 2.493 Get:20 http://deb.debian.org/debian bookworm/main amd64 libnsl-dev amd64 1.3.0-2 [66.4 kB]
2025-07-15T22:02:42.3755718Z #7 2.493 Get:21 http://deb.debian.org/debian bookworm/main amd64 rpcsvc-proto amd64 1.4.3-1 [63.3 kB]
2025-07-15T22:02:42.3757771Z #7 2.494 Get:22 http://deb.debian.org/debian bookworm/main amd64 libc6-dev amd64 2.36-9+deb12u10 [1903 kB]
2025-07-15T22:02:42.3758733Z #7 2.501 Get:23 http://deb.debian.org/debian bookworm/main amd64 libisl23 amd64 0.25-1.1 [683 kB]
2025-07-15T22:02:42.3761126Z #7 2.503 Get:24 http://deb.debian.org/debian bookworm/main amd64 libmpfr6 amd64 4.2.0-1 [701 kB]
2025-07-15T22:02:42.3762426Z #7 2.506 Get:25 http://deb.debian.org/debian bookworm/main amd64 libmpc3 amd64 1.3.1-1 [51.5 kB]
2025-07-15T22:02:42.3763338Z #7 2.507 Get:26 http://deb.debian.org/debian bookworm/main amd64 cpp-12 amd64 12.2.0-14+deb12u1 [9768 kB]
2025-07-15T22:02:42.3765873Z #7 2.544 Get:27 http://deb.debian.org/debian bookworm/main amd64 cpp amd64 4:12.2.0-3 [6836 B]
2025-07-15T22:02:42.3767427Z #7 2.544 Get:28 http://deb.debian.org/debian bookworm/main amd64 libcc1-0 amd64 12.2.0-14+deb12u1 [41.7 kB]
2025-07-15T22:02:42.3768694Z #7 2.545 Get:29 http://deb.debian.org/debian bookworm/main amd64 libgomp1 amd64 12.2.0-14+deb12u1 [116 kB]
2025-07-15T22:02:42.3770150Z #7 2.546 Get:30 http://deb.debian.org/debian bookworm/main amd64 libitm1 amd64 12.2.0-14+deb12u1 [26.1 kB]
2025-07-15T22:02:42.3771113Z #7 2.546 Get:31 http://deb.debian.org/debian bookworm/main amd64 libatomic1 amd64 12.2.0-14+deb12u1 [9376 B]
2025-07-15T22:02:42.3772607Z #7 2.547 Get:32 http://deb.debian.org/debian bookworm/main amd64 libasan8 amd64 12.2.0-14+deb12u1 [2193 kB]
2025-07-15T22:02:42.3774299Z #7 2.555 Get:33 http://deb.debian.org/debian bookworm/main amd64 liblsan0 amd64 12.2.0-14+deb12u1 [969 kB]
2025-07-15T22:02:42.3775901Z #7 2.559 Get:34 http://deb.debian.org/debian bookworm/main amd64 libtsan2 amd64 12.2.0-14+deb12u1 [2197 kB]
2025-07-15T22:02:42.4756888Z #7 2.568 Get:35 http://deb.debian.org/debian bookworm/main amd64 libubsan1 amd64 12.2.0-14+deb12u1 [883 kB]
2025-07-15T22:02:42.4757943Z #7 2.571 Get:36 http://deb.debian.org/debian bookworm/main amd64 libquadmath0 amd64 12.2.0-14+deb12u1 [145 kB]
2025-07-15T22:02:42.4758983Z #7 2.572 Get:37 http://deb.debian.org/debian bookworm/main amd64 libgcc-12-dev amd64 12.2.0-14+deb12u1 [2437 kB]
2025-07-15T22:02:42.4760026Z #7 2.582 Get:38 http://deb.debian.org/debian bookworm/main amd64 gcc-12 amd64 12.2.0-14+deb12u1 [19.3 MB]
2025-07-15T22:02:42.4760925Z #7 2.653 Get:39 http://deb.debian.org/debian bookworm/main amd64 gcc amd64 4:12.2.0-3 [5216 B]
2025-07-15T22:02:42.4761892Z #7 2.653 Get:40 http://deb.debian.org/debian bookworm/main amd64 libstdc++-12-dev amd64 12.2.0-14+deb12u1 [2047 kB]
2025-07-15T22:02:42.4764032Z #7 2.661 Get:41 http://deb.debian.org/debian bookworm/main amd64 g++-12 amd64 12.2.0-14+deb12u1 [10.7 MB]
2025-07-15T22:02:42.6728055Z #7 2.700 Get:42 http://deb.debian.org/debian bookworm/main amd64 g++ amd64 4:12.2.0-3 [1356 B]
2025-07-15T22:02:42.6729035Z #7 2.701 Get:43 http://deb.debian.org/debian bookworm/main amd64 make amd64 4.3-4.1 [396 kB]
2025-07-15T22:02:42.6729919Z #7 2.702 Get:44 http://deb.debian.org/debian bookworm/main amd64 libdpkg-perl all 1.21.22 [603 kB]
2025-07-15T22:02:42.6730852Z #7 2.704 Get:45 http://deb.debian.org/debian bookworm/main amd64 patch amd64 2.7.6-7 [128 kB]
2025-07-15T22:02:42.6731707Z #7 2.705 Get:46 http://deb.debian.org/debian bookworm/main amd64 dpkg-dev all 1.21.22 [1353 kB]
2025-07-15T22:02:42.6732610Z #7 2.710 Get:47 http://deb.debian.org/debian bookworm/main amd64 build-essential amd64 12.9 [7704 B]
2025-07-15T22:02:42.6734059Z #7 2.710 Get:48 http://deb.debian.org/debian bookworm/main amd64 libbrotli1 amd64 1.0.9-2+b6 [275 kB]
2025-07-15T22:02:42.6735133Z #7 2.712 Get:49 http://deb.debian.org/debian bookworm/main amd64 libsasl2-modules-db amd64 2.1.28+dfsg-10 [20.3 kB]
2025-07-15T22:02:42.6736203Z #7 2.712 Get:50 http://deb.debian.org/debian bookworm/main amd64 libsasl2-2 amd64 2.1.28+dfsg-10 [59.7 kB]
2025-07-15T22:02:42.6737174Z #7 2.712 Get:51 http://deb.debian.org/debian bookworm/main amd64 libldap-2.5-0 amd64 2.5.13+dfsg-5 [183 kB]
2025-07-15T22:02:42.6738185Z #7 2.713 Get:52 http://deb.debian.org/debian bookworm/main amd64 libnghttp2-14 amd64 1.52.0-1+deb12u2 [73.0 kB]
2025-07-15T22:02:42.6739182Z #7 2.714 Get:53 http://deb.debian.org/debian bookworm/main amd64 libpsl5 amd64 0.21.2-1 [58.7 kB]
2025-07-15T22:02:42.6740204Z #7 2.714 Get:54 http://deb.debian.org/debian bookworm/main amd64 librtmp1 amd64 2.4+20151223.gitfa8646d.1-2+b2 [60.8 kB]
2025-07-15T22:02:42.6741236Z #7 2.715 Get:55 http://deb.debian.org/debian bookworm/main amd64 libssh2-1 amd64 1.10.0-3+b1 [179 kB]
2025-07-15T22:02:42.6742202Z #7 2.717 Get:56 http://deb.debian.org/debian bookworm/main amd64 libcurl4 amd64 7.88.1-10+deb12u12 [391 kB]
2025-07-15T22:02:42.6743129Z #7 2.719 Get:57 http://deb.debian.org/debian bookworm/main amd64 curl amd64 7.88.1-10+deb12u12 [315 kB]
2025-07-15T22:02:42.6744101Z #7 2.723 Get:58 http://deb.debian.org/debian bookworm/main amd64 libcurl3-gnutls amd64 7.88.1-10+deb12u12 [386 kB]
2025-07-15T22:02:42.6744748Z #7 2.725 Get:59 http://deb.debian.org/debian bookworm/main amd64 libexpat1 amd64 2.5.0-1+deb12u1 [98.9 kB]
2025-07-15T22:02:42.6745320Z #7 2.725 Get:60 http://deb.debian.org/debian bookworm/main amd64 liberror-perl all 0.17029-2 [29.0 kB]
2025-07-15T22:02:42.6745885Z #7 2.726 Get:61 http://deb.debian.org/debian bookworm/main amd64 git-man all 1:2.39.5-0+deb12u2 [2053 kB]
2025-07-15T22:02:42.6746448Z #7 2.733 Get:62 http://deb.debian.org/debian bookworm/main amd64 git amd64 1:2.39.5-0+deb12u2 [7260 kB]
2025-07-15T22:02:42.6746975Z #7 2.858 debconf: delaying package configuration, since apt-utils is not installed
2025-07-15T22:02:42.8686450Z #7 2.881 Fetched 85.7 MB in 0s (217 MB/s)
2025-07-15T22:02:42.8687188Z #7 2.896 Selecting previously unselected package perl-modules-5.36.
2025-07-15T22:02:42.8687765Z #7 2.896 (Reading database ... 
2025-07-15T22:02:42.8688121Z (Reading database ... 5%
2025-07-15T22:02:42.8688477Z (Reading database ... 10%
2025-07-15T22:02:42.8688847Z (Reading database ... 15%
2025-07-15T22:02:42.8689196Z (Reading database ... 20%
2025-07-15T22:02:42.8689508Z (Reading database ... 25%
2025-07-15T22:02:42.8689856Z (Reading database ... 30%
2025-07-15T22:02:42.8690181Z (Reading database ... 35%
2025-07-15T22:02:42.8690512Z (Reading database ... 40%
2025-07-15T22:02:42.8690871Z (Reading database ... 45%
2025-07-15T22:02:42.8691195Z (Reading database ... 50%
2025-07-15T22:02:42.8691528Z (Reading database ... 55%
2025-07-15T22:02:42.8691860Z (Reading database ... 60%
2025-07-15T22:02:42.8692174Z (Reading database ... 65%
2025-07-15T22:02:42.8692525Z (Reading database ... 70%
2025-07-15T22:02:42.8692851Z (Reading database ... 75%
2025-07-15T22:02:42.8693164Z (Reading database ... 80%
2025-07-15T22:02:42.8694135Z (Reading database ... 85%
2025-07-15T22:02:42.8694550Z (Reading database ... 90%
2025-07-15T22:02:42.8694925Z (Reading database ... 95%
2025-07-15T22:02:42.8695285Z (Reading database ... 100%
2025-07-15T22:02:42.8695800Z (Reading database ... 6688 files and directories currently installed.)
2025-07-15T22:02:42.8696581Z #7 2.903 Preparing to unpack .../00-perl-modules-5.36_5.36.0-7+deb12u2_all.deb ...
2025-07-15T22:02:42.8697268Z #7 2.904 Unpacking perl-modules-5.36 (5.36.0-7+deb12u2) ...
2025-07-15T22:02:43.0129453Z #7 3.198 Selecting previously unselected package libgdbm-compat4:amd64.
2025-07-15T22:02:43.1878029Z #7 3.200 Preparing to unpack .../01-libgdbm-compat4_1.23-3_amd64.deb ...
2025-07-15T22:02:43.1878967Z #7 3.202 Unpacking libgdbm-compat4:amd64 (1.23-3) ...
2025-07-15T22:02:43.1880440Z #7 3.220 Selecting previously unselected package libperl5.36:amd64.
2025-07-15T22:02:43.1881471Z #7 3.222 Preparing to unpack .../02-libperl5.36_5.36.0-7+deb12u2_amd64.deb ...
2025-07-15T22:02:43.1882429Z #7 3.223 Unpacking libperl5.36:amd64 (5.36.0-7+deb12u2) ...
2025-07-15T22:02:43.3278548Z #7 3.513 Selecting previously unselected package perl.
2025-07-15T22:02:43.4327421Z #7 3.515 Preparing to unpack .../03-perl_5.36.0-7+deb12u2_amd64.deb ...
2025-07-15T22:02:43.4328256Z #7 3.521 Unpacking perl (5.36.0-7+deb12u2) ...
2025-07-15T22:02:43.4328965Z #7 3.553 Selecting previously unselected package nano.
2025-07-15T22:02:43.4329772Z #7 3.555 Preparing to unpack .../04-nano_7.2-1+deb12u1_amd64.deb ...
2025-07-15T22:02:43.4330527Z #7 3.556 Unpacking nano (7.2-1+deb12u1) ...
2025-07-15T22:02:43.4330958Z #7 3.618 Selecting previously unselected package bzip2.
2025-07-15T22:02:43.6607796Z #7 3.619 Preparing to unpack .../05-bzip2_1.0.8-5+b1_amd64.deb ...
2025-07-15T22:02:43.6608398Z #7 3.620 Unpacking bzip2 (1.0.8-5+b1) ...
2025-07-15T22:02:43.6608955Z #7 3.641 Selecting previously unselected package xz-utils.
2025-07-15T22:02:43.6609583Z #7 3.643 Preparing to unpack .../06-xz-utils_5.4.1-1_amd64.deb ...
2025-07-15T22:02:43.6610144Z #7 3.644 Unpacking xz-utils (5.4.1-1) ...
2025-07-15T22:02:43.6610739Z #7 3.693 Selecting previously unselected package binutils-common:amd64.
2025-07-15T22:02:43.6611480Z #7 3.695 Preparing to unpack .../07-binutils-common_2.40-2_amd64.deb ...
2025-07-15T22:02:43.6612107Z #7 3.696 Unpacking binutils-common:amd64 (2.40-2) ...
2025-07-15T22:02:43.6753278Z #7 3.861 Selecting previously unselected package libbinutils:amd64.
2025-07-15T22:02:43.7781575Z #7 3.862 Preparing to unpack .../08-libbinutils_2.40-2_amd64.deb ...
2025-07-15T22:02:43.7782150Z #7 3.863 Unpacking libbinutils:amd64 (2.40-2) ...
2025-07-15T22:02:43.7782543Z #7 3.915 Selecting previously unselected package libctf-nobfd0:amd64.
2025-07-15T22:02:43.7782986Z #7 3.916 Preparing to unpack .../09-libctf-nobfd0_2.40-2_amd64.deb ...
2025-07-15T22:02:43.7783388Z #7 3.917 Unpacking libctf-nobfd0:amd64 (2.40-2) ...
2025-07-15T22:02:43.7784002Z #7 3.941 Selecting previously unselected package libctf0:amd64.
2025-07-15T22:02:43.7784469Z #7 3.943 Preparing to unpack .../10-libctf0_2.40-2_amd64.deb ...
2025-07-15T22:02:43.7784824Z #7 3.944 Unpacking libctf0:amd64 (2.40-2) ...
2025-07-15T22:02:43.7785185Z #7 3.964 Selecting previously unselected package libgprofng0:amd64.
2025-07-15T22:02:44.0197238Z #7 3.965 Preparing to unpack .../11-libgprofng0_2.40-2_amd64.deb ...
2025-07-15T22:02:44.0197907Z #7 3.966 Unpacking libgprofng0:amd64 (2.40-2) ...
2025-07-15T22:02:44.0198542Z #7 4.034 Selecting previously unselected package libjansson4:amd64.
2025-07-15T22:02:44.0199273Z #7 4.035 Preparing to unpack .../12-libjansson4_2.14-2_amd64.deb ...
2025-07-15T22:02:44.0199870Z #7 4.037 Unpacking libjansson4:amd64 (2.14-2) ...
2025-07-15T22:02:44.0200405Z #7 4.052 Selecting previously unselected package binutils-x86-64-linux-gnu.
2025-07-15T22:02:44.0200973Z #7 4.054 Preparing to unpack .../13-binutils-x86-64-linux-gnu_2.40-2_amd64.deb ...
2025-07-15T22:02:44.0201438Z #7 4.055 Unpacking binutils-x86-64-linux-gnu (2.40-2) ...
2025-07-15T22:02:44.0471745Z #7 4.232 Selecting previously unselected package binutils.
2025-07-15T22:02:44.2432916Z #7 4.234 Preparing to unpack .../14-binutils_2.40-2_amd64.deb ...
2025-07-15T22:02:44.2433503Z #7 4.235 Unpacking binutils (2.40-2) ...
2025-07-15T22:02:44.2434070Z #7 4.257 Selecting previously unselected package libc-dev-bin.
2025-07-15T22:02:44.2434684Z #7 4.258 Preparing to unpack .../15-libc-dev-bin_2.36-9+deb12u10_amd64.deb ...
2025-07-15T22:02:44.2435119Z #7 4.259 Unpacking libc-dev-bin (2.36-9+deb12u10) ...
2025-07-15T22:02:44.2435582Z #7 4.276 Selecting previously unselected package linux-libc-dev:amd64.
2025-07-15T22:02:44.2436159Z #7 4.277 Preparing to unpack .../16-linux-libc-dev_6.1.140-1_amd64.deb ...
2025-07-15T22:02:44.2436563Z #7 4.278 Unpacking linux-libc-dev:amd64 (6.1.140-1) ...
2025-07-15T22:02:44.2860375Z #7 4.471 Selecting previously unselected package libcrypt-dev:amd64.
2025-07-15T22:02:44.3921689Z #7 4.473 Preparing to unpack .../17-libcrypt-dev_1%3a4.4.33-2_amd64.deb ...
2025-07-15T22:02:44.3922158Z #7 4.478 Unpacking libcrypt-dev:amd64 (1:4.4.33-2) ...
2025-07-15T22:02:44.3922533Z #7 4.500 Selecting previously unselected package libtirpc-dev:amd64.
2025-07-15T22:02:44.3922942Z #7 4.502 Preparing to unpack .../18-libtirpc-dev_1.3.3+ds-1_amd64.deb ...
2025-07-15T22:02:44.3923299Z #7 4.503 Unpacking libtirpc-dev:amd64 (1.3.3+ds-1) ...
2025-07-15T22:02:44.3923643Z #7 4.532 Selecting previously unselected package libnsl-dev:amd64.
2025-07-15T22:02:44.3924214Z #7 4.533 Preparing to unpack .../19-libnsl-dev_1.3.0-2_amd64.deb ...
2025-07-15T22:02:44.3924542Z #7 4.534 Unpacking libnsl-dev:amd64 (1.3.0-2) ...
2025-07-15T22:02:44.3924862Z #7 4.553 Selecting previously unselected package rpcsvc-proto.
2025-07-15T22:02:44.3925228Z #7 4.555 Preparing to unpack .../20-rpcsvc-proto_1.4.3-1_amd64.deb ...
2025-07-15T22:02:44.3925562Z #7 4.556 Unpacking rpcsvc-proto (1.4.3-1) ...
2025-07-15T22:02:44.3925882Z #7 4.578 Selecting previously unselected package libc6-dev:amd64.
2025-07-15T22:02:44.5452100Z #7 4.579 Preparing to unpack .../21-libc6-dev_2.36-9+deb12u10_amd64.deb ...
2025-07-15T22:02:44.5452973Z #7 4.580 Unpacking libc6-dev:amd64 (2.36-9+deb12u10) ...
2025-07-15T22:02:44.5544198Z #7 4.740 Selecting previously unselected package libisl23:amd64.
2025-07-15T22:02:44.6570175Z #7 4.741 Preparing to unpack .../22-libisl23_0.25-1.1_amd64.deb ...
2025-07-15T22:02:44.6570837Z #7 4.742 Unpacking libisl23:amd64 (0.25-1.1) ...
2025-07-15T22:02:44.6571409Z #7 4.798 Selecting previously unselected package libmpfr6:amd64.
2025-07-15T22:02:44.6571896Z #7 4.800 Preparing to unpack .../23-libmpfr6_4.2.0-1_amd64.deb ...
2025-07-15T22:02:44.6572249Z #7 4.801 Unpacking libmpfr6:amd64 (4.2.0-1) ...
2025-07-15T22:02:44.6572590Z #7 4.842 Selecting previously unselected package libmpc3:amd64.
2025-07-15T22:02:44.8313612Z #7 4.844 Preparing to unpack .../24-libmpc3_1.3.1-1_amd64.deb ...
2025-07-15T22:02:44.8314263Z #7 4.845 Unpacking libmpc3:amd64 (1.3.1-1) ...
2025-07-15T22:02:44.8314783Z #7 4.864 Selecting previously unselected package cpp-12.
2025-07-15T22:02:44.8315229Z #7 4.865 Preparing to unpack .../25-cpp-12_12.2.0-14+deb12u1_amd64.deb ...
2025-07-15T22:02:44.8315621Z #7 4.866 Unpacking cpp-12 (12.2.0-14+deb12u1) ...
2025-07-15T22:02:45.1831399Z #7 5.368 Selecting previously unselected package cpp.
2025-07-15T22:02:45.2961164Z #7 5.370 Preparing to unpack .../26-cpp_4%3a12.2.0-3_amd64.deb ...
2025-07-15T22:02:45.2961764Z #7 5.371 Unpacking cpp (4:12.2.0-3) ...
2025-07-15T22:02:45.2962208Z #7 5.387 Selecting previously unselected package libcc1-0:amd64.
2025-07-15T22:02:45.2962694Z #7 5.388 Preparing to unpack .../27-libcc1-0_12.2.0-14+deb12u1_amd64.deb ...
2025-07-15T22:02:45.2963162Z #7 5.389 Unpacking libcc1-0:amd64 (12.2.0-14+deb12u1) ...
2025-07-15T22:02:45.2963593Z #7 5.407 Selecting previously unselected package libgomp1:amd64.
2025-07-15T22:02:45.2964371Z #7 5.408 Preparing to unpack .../28-libgomp1_12.2.0-14+deb12u1_amd64.deb ...
2025-07-15T22:02:45.2964837Z #7 5.409 Unpacking libgomp1:amd64 (12.2.0-14+deb12u1) ...
2025-07-15T22:02:45.2965525Z #7 5.432 Selecting previously unselected package libitm1:amd64.
2025-07-15T22:02:45.2965990Z #7 5.433 Preparing to unpack .../29-libitm1_12.2.0-14+deb12u1_amd64.deb ...
2025-07-15T22:02:45.2966426Z #7 5.434 Unpacking libitm1:amd64 (12.2.0-14+deb12u1) ...
2025-07-15T22:02:45.2966844Z #7 5.451 Selecting previously unselected package libatomic1:amd64.
2025-07-15T22:02:45.2967330Z #7 5.453 Preparing to unpack .../30-libatomic1_12.2.0-14+deb12u1_amd64.deb ...
2025-07-15T22:02:45.2967776Z #7 5.454 Unpacking libatomic1:amd64 (12.2.0-14+deb12u1) ...
2025-07-15T22:02:45.2968191Z #7 5.481 Selecting previously unselected package libasan8:amd64.
2025-07-15T22:02:45.4472105Z #7 5.483 Preparing to unpack .../31-libasan8_12.2.0-14+deb12u1_amd64.deb ...
2025-07-15T22:02:45.4472586Z #7 5.484 Unpacking libasan8:amd64 (12.2.0-14+deb12u1) ...
2025-07-15T22:02:45.4473364Z #7 5.632 Selecting previously unselected package liblsan0:amd64.
2025-07-15T22:02:45.6804595Z #7 5.634 Preparing to unpack .../32-liblsan0_12.2.0-14+deb12u1_amd64.deb ...
2025-07-15T22:02:45.6805320Z #7 5.635 Unpacking liblsan0:amd64 (12.2.0-14+deb12u1) ...
2025-07-15T22:02:45.6805679Z #7 5.713 Selecting previously unselected package libtsan2:amd64.
2025-07-15T22:02:45.6806079Z #7 5.714 Preparing to unpack .../33-libtsan2_12.2.0-14+deb12u1_amd64.deb ...
2025-07-15T22:02:45.6806545Z #7 5.715 Unpacking libtsan2:amd64 (12.2.0-14+deb12u1) ...
2025-07-15T22:02:45.6830266Z #7 5.868 Selecting previously unselected package libubsan1:amd64.
2025-07-15T22:02:45.9333107Z #7 5.870 Preparing to unpack .../34-libubsan1_12.2.0-14+deb12u1_amd64.deb ...
2025-07-15T22:02:45.9333595Z #7 5.871 Unpacking libubsan1:amd64 (12.2.0-14+deb12u1) ...
2025-07-15T22:02:45.9334217Z #7 5.940 Selecting previously unselected package libquadmath0:amd64.
2025-07-15T22:02:45.9334759Z #7 5.942 Preparing to unpack .../35-libquadmath0_12.2.0-14+deb12u1_amd64.deb ...
2025-07-15T22:02:45.9335196Z #7 5.943 Unpacking libquadmath0:amd64 (12.2.0-14+deb12u1) ...
2025-07-15T22:02:45.9335606Z #7 5.966 Selecting previously unselected package libgcc-12-dev:amd64.
2025-07-15T22:02:45.9336076Z #7 5.967 Preparing to unpack .../36-libgcc-12-dev_12.2.0-14+deb12u1_amd64.deb ...
2025-07-15T22:02:45.9336501Z #7 5.968 Unpacking libgcc-12-dev:amd64 (12.2.0-14+deb12u1) ...
2025-07-15T22:02:45.9424345Z #7 6.128 Selecting previously unselected package gcc-12.
2025-07-15T22:02:46.0957944Z #7 6.129 Preparing to unpack .../37-gcc-12_12.2.0-14+deb12u1_amd64.deb ...
2025-07-15T22:02:46.0959237Z #7 6.131 Unpacking gcc-12 (12.2.0-14+deb12u1) ...
2025-07-15T22:02:46.5913677Z #7 6.777 Selecting previously unselected package gcc.
2025-07-15T22:02:46.7656303Z #7 6.778 Preparing to unpack .../38-gcc_4%3a12.2.0-3_amd64.deb ...
2025-07-15T22:02:46.7656839Z #7 6.779 Unpacking gcc (4:12.2.0-3) ...
2025-07-15T22:02:46.7657295Z #7 6.798 Selecting previously unselected package libstdc++-12-dev:amd64.
2025-07-15T22:02:46.7657840Z #7 6.800 Preparing to unpack .../39-libstdc++-12-dev_12.2.0-14+deb12u1_amd64.deb ...
2025-07-15T22:02:46.7658348Z #7 6.801 Unpacking libstdc++-12-dev:amd64 (12.2.0-14+deb12u1) ...
2025-07-15T22:02:46.8183457Z #7 7.004 Selecting previously unselected package g++-12.
2025-07-15T22:02:46.9714813Z #7 7.006 Preparing to unpack .../40-g++-12_12.2.0-14+deb12u1_amd64.deb ...
2025-07-15T22:02:46.9715490Z #7 7.006 Unpacking g++-12 (12.2.0-14+deb12u1) ...
2025-07-15T22:02:47.3471187Z #7 7.532 Selecting previously unselected package g++.
2025-07-15T22:02:47.4613683Z #7 7.534 Preparing to unpack .../41-g++_4%3a12.2.0-3_amd64.deb ...
2025-07-15T22:02:47.4614456Z #7 7.535 Unpacking g++ (4:12.2.0-3) ...
2025-07-15T22:02:47.4614914Z #7 7.549 Selecting previously unselected package make.
2025-07-15T22:02:47.4615440Z #7 7.551 Preparing to unpack .../42-make_4.3-4.1_amd64.deb ...
2025-07-15T22:02:47.4615910Z #7 7.552 Unpacking make (4.3-4.1) ...
2025-07-15T22:02:47.4616405Z #7 7.590 Selecting previously unselected package libdpkg-perl.
2025-07-15T22:02:47.4616980Z #7 7.591 Preparing to unpack .../43-libdpkg-perl_1.21.22_all.deb ...
2025-07-15T22:02:47.4617813Z #7 7.594 Unpacking libdpkg-perl (1.21.22) ...
2025-07-15T22:02:47.4618269Z #7 7.647 Selecting previously unselected package patch.
2025-07-15T22:02:47.5781977Z #7 7.649 Preparing to unpack .../44-patch_2.7.6-7_amd64.deb ...
2025-07-15T22:02:47.5782518Z #7 7.649 Unpacking patch (2.7.6-7) ...
2025-07-15T22:02:47.5782848Z #7 7.672 Selecting previously unselected package dpkg-dev.
2025-07-15T22:02:47.5783221Z #7 7.673 Preparing to unpack .../45-dpkg-dev_1.21.22_all.deb ...
2025-07-15T22:02:47.5783550Z #7 7.674 Unpacking dpkg-dev (1.21.22) ...
2025-07-15T22:02:47.5784233Z #7 7.764 Selecting previously unselected package build-essential.
2025-07-15T22:02:47.7010106Z #7 7.765 Preparing to unpack .../46-build-essential_12.9_amd64.deb ...
2025-07-15T22:02:47.7010567Z #7 7.766 Unpacking build-essential (12.9) ...
2025-07-15T22:02:47.7011206Z #7 7.782 Selecting previously unselected package libbrotli1:amd64.
2025-07-15T22:02:47.7011665Z #7 7.784 Preparing to unpack .../47-libbrotli1_1.0.9-2+b6_amd64.deb ...
2025-07-15T22:02:47.7012035Z #7 7.785 Unpacking libbrotli1:amd64 (1.0.9-2+b6) ...
2025-07-15T22:02:47.7012421Z #7 7.815 Selecting previously unselected package libsasl2-modules-db:amd64.
2025-07-15T22:02:47.7012871Z #7 7.817 Preparing to unpack .../48-libsasl2-modules-db_2.1.28+dfsg-10_amd64.deb ...
2025-07-15T22:02:47.7013293Z #7 7.818 Unpacking libsasl2-modules-db:amd64 (2.1.28+dfsg-10) ...
2025-07-15T22:02:47.7013674Z #7 7.834 Selecting previously unselected package libsasl2-2:amd64.
2025-07-15T22:02:47.7014299Z #7 7.836 Preparing to unpack .../49-libsasl2-2_2.1.28+dfsg-10_amd64.deb ...
2025-07-15T22:02:47.7014667Z #7 7.837 Unpacking libsasl2-2:amd64 (2.1.28+dfsg-10) ...
2025-07-15T22:02:47.7015022Z #7 7.857 Selecting previously unselected package libldap-2.5-0:amd64.
2025-07-15T22:02:47.7015438Z #7 7.858 Preparing to unpack .../50-libldap-2.5-0_2.5.13+dfsg-5_amd64.deb ...
2025-07-15T22:02:47.7015802Z #7 7.859 Unpacking libldap-2.5-0:amd64 (2.5.13+dfsg-5) ...
2025-07-15T22:02:47.7016175Z #7 7.886 Selecting previously unselected package libnghttp2-14:amd64.
2025-07-15T22:02:47.8341640Z #7 7.888 Preparing to unpack .../51-libnghttp2-14_1.52.0-1+deb12u2_amd64.deb ...
2025-07-15T22:02:47.8342178Z #7 7.889 Unpacking libnghttp2-14:amd64 (1.52.0-1+deb12u2) ...
2025-07-15T22:02:47.8342575Z #7 7.909 Selecting previously unselected package libpsl5:amd64.
2025-07-15T22:02:47.8342976Z #7 7.910 Preparing to unpack .../52-libpsl5_0.21.2-1_amd64.deb ...
2025-07-15T22:02:47.8343325Z #7 7.911 Unpacking libpsl5:amd64 (0.21.2-1) ...
2025-07-15T22:02:47.8343669Z #7 7.933 Selecting previously unselected package librtmp1:amd64.
2025-07-15T22:02:47.8344447Z #7 7.934 Preparing to unpack .../53-librtmp1_2.4+20151223.gitfa8646d.1-2+b2_amd64.deb ...
2025-07-15T22:02:47.8344919Z #7 7.935 Unpacking librtmp1:amd64 (2.4+20151223.gitfa8646d.1-2+b2) ...
2025-07-15T22:02:47.8345341Z #7 7.953 Selecting previously unselected package libssh2-1:amd64.
2025-07-15T22:02:47.8345751Z #7 7.955 Preparing to unpack .../54-libssh2-1_1.10.0-3+b1_amd64.deb ...
2025-07-15T22:02:47.8346121Z #7 7.956 Unpacking libssh2-1:amd64 (1.10.0-3+b1) ...
2025-07-15T22:02:47.8346469Z #7 7.981 Selecting previously unselected package libcurl4:amd64.
2025-07-15T22:02:47.8346876Z #7 7.983 Preparing to unpack .../55-libcurl4_7.88.1-10+deb12u12_amd64.deb ...
2025-07-15T22:02:47.8347266Z #7 7.984 Unpacking libcurl4:amd64 (7.88.1-10+deb12u12) ...
2025-07-15T22:02:47.8347603Z #7 8.019 Selecting previously unselected package curl.
2025-07-15T22:02:47.9483253Z #7 8.021 Preparing to unpack .../56-curl_7.88.1-10+deb12u12_amd64.deb ...
2025-07-15T22:02:47.9484024Z #7 8.022 Unpacking curl (7.88.1-10+deb12u12) ...
2025-07-15T22:02:47.9484609Z #7 8.053 Selecting previously unselected package libcurl3-gnutls:amd64.
2025-07-15T22:02:47.9485334Z #7 8.055 Preparing to unpack .../57-libcurl3-gnutls_7.88.1-10+deb12u12_amd64.deb ...
2025-07-15T22:02:47.9486023Z #7 8.056 Unpacking libcurl3-gnutls:amd64 (7.88.1-10+deb12u12) ...
2025-07-15T22:02:47.9486610Z #7 8.091 Selecting previously unselected package libexpat1:amd64.
2025-07-15T22:02:47.9487556Z #7 8.093 Preparing to unpack .../58-libexpat1_2.5.0-1+deb12u1_amd64.deb ...
2025-07-15T22:02:47.9488122Z #7 8.094 Unpacking libexpat1:amd64 (2.5.0-1+deb12u1) ...
2025-07-15T22:02:47.9488665Z #7 8.114 Selecting previously unselected package liberror-perl.
2025-07-15T22:02:47.9489245Z #7 8.115 Preparing to unpack .../59-liberror-perl_0.17029-2_all.deb ...
2025-07-15T22:02:47.9489763Z #7 8.116 Unpacking liberror-perl (0.17029-2) ...
2025-07-15T22:02:47.9490228Z #7 8.134 Selecting previously unselected package git-man.
2025-07-15T22:02:48.1904696Z #7 8.135 Preparing to unpack .../60-git-man_1%3a2.39.5-0+deb12u2_all.deb ...
2025-07-15T22:02:48.1905754Z #7 8.136 Unpacking git-man (1:2.39.5-0+deb12u2) ...
2025-07-15T22:02:48.1906632Z #7 8.218 Selecting previously unselected package git.
2025-07-15T22:02:48.1907844Z #7 8.220 Preparing to unpack .../61-git_1%3a2.39.5-0+deb12u2_amd64.deb ...
2025-07-15T22:02:48.1908970Z #7 8.225 Unpacking git (1:2.39.5-0+deb12u2) ...
2025-07-15T22:02:48.3492893Z #7 8.535 Setting up libexpat1:amd64 (2.5.0-1+deb12u1) ...
2025-07-15T22:02:48.4502103Z #7 8.537 Setting up libpsl5:amd64 (0.21.2-1) ...
2025-07-15T22:02:48.4502710Z #7 8.540 Setting up libbrotli1:amd64 (1.0.9-2+b6) ...
2025-07-15T22:02:48.4503437Z #7 8.542 Setting up binutils-common:amd64 (2.40-2) ...
2025-07-15T22:02:48.4504240Z #7 8.546 Setting up libnghttp2-14:amd64 (1.52.0-1+deb12u2) ...
2025-07-15T22:02:48.4504891Z #7 8.548 Setting up linux-libc-dev:amd64 (6.1.140-1) ...
2025-07-15T22:02:48.4505222Z #7 8.550 Setting up libctf-nobfd0:amd64 (2.40-2) ...
2025-07-15T22:02:48.4505550Z #7 8.553 Setting up libgomp1:amd64 (12.2.0-14+deb12u1) ...
2025-07-15T22:02:48.4505860Z #7 8.556 Setting up bzip2 (1.0.8-5+b1) ...
2025-07-15T22:02:48.4506143Z #7 8.558 Setting up libjansson4:amd64 (2.14-2) ...
2025-07-15T22:02:48.4506629Z #7 8.560 Setting up libsasl2-modules-db:amd64 (2.1.28+dfsg-10) ...
2025-07-15T22:02:48.4507008Z #7 8.563 Setting up perl-modules-5.36 (5.36.0-7+deb12u2) ...
2025-07-15T22:02:48.4507503Z #7 8.565 Setting up libtirpc-dev:amd64 (1.3.3+ds-1) ...
2025-07-15T22:02:48.4507822Z #7 8.568 Setting up rpcsvc-proto (1.4.3-1) ...
2025-07-15T22:02:48.4508107Z #7 8.570 Setting up make (4.3-4.1) ...
2025-07-15T22:02:48.4508373Z #7 8.573 Setting up libmpfr6:amd64 (4.2.0-1) ...
2025-07-15T22:02:48.4508727Z #7 8.575 Setting up librtmp1:amd64 (2.4+20151223.gitfa8646d.1-2+b2) ...
2025-07-15T22:02:48.4509077Z #7 8.578 Setting up xz-utils (5.4.1-1) ...
2025-07-15T22:02:48.4509493Z #7 8.582 update-alternatives: using /usr/bin/xz to provide /usr/bin/lzma (lzma) in auto mode
2025-07-15T22:02:48.4510551Z #7 8.582 update-alternatives: warning: skip creation of /usr/share/man/man1/lzma.1.gz because associated file /usr/share/man/man1/xz.1.gz (of link group lzma) doesn't exist
2025-07-15T22:02:48.4511773Z #7 8.583 update-alternatives: warning: skip creation of /usr/share/man/man1/unlzma.1.gz because associated file /usr/share/man/man1/unxz.1.gz (of link group lzma) doesn't exist
2025-07-15T22:02:48.4513066Z #7 8.583 update-alternatives: warning: skip creation of /usr/share/man/man1/lzcat.1.gz because associated file /usr/share/man/man1/xzcat.1.gz (of link group lzma) doesn't exist
2025-07-15T22:02:48.4514606Z #7 8.583 update-alternatives: warning: skip creation of /usr/share/man/man1/lzmore.1.gz because associated file /usr/share/man/man1/xzmore.1.gz (of link group lzma) doesn't exist
2025-07-15T22:02:48.4515658Z #7 8.583 update-alternatives: warning: skip creation of /usr/share/man/man1/lzless.1.gz because associated file /usr/share/man/man1/xzless.1.gz (of link group lzma) doesn't exist
2025-07-15T22:02:48.4516699Z #7 8.584 update-alternatives: warning: skip creation of /usr/share/man/man1/lzdiff.1.gz because associated file /usr/share/man/man1/xzdiff.1.gz (of link group lzma) doesn't exist
2025-07-15T22:02:48.4517948Z #7 8.584 update-alternatives: warning: skip creation of /usr/share/man/man1/lzcmp.1.gz because associated file /usr/share/man/man1/xzcmp.1.gz (of link group lzma) doesn't exist
2025-07-15T22:02:48.4519550Z #7 8.584 update-alternatives: warning: skip creation of /usr/share/man/man1/lzgrep.1.gz because associated file /usr/share/man/man1/xzgrep.1.gz (of link group lzma) doesn't exist
2025-07-15T22:02:48.4520616Z #7 8.584 update-alternatives: warning: skip creation of /usr/share/man/man1/lzegrep.1.gz because associated file /usr/share/man/man1/xzegrep.1.gz (of link group lzma) doesn't exist
2025-07-15T22:02:48.4521780Z #7 8.584 update-alternatives: warning: skip creation of /usr/share/man/man1/lzfgrep.1.gz because associated file /usr/share/man/man1/xzfgrep.1.gz (of link group lzma) doesn't exist
2025-07-15T22:02:48.4522656Z #7 8.587 Setting up libquadmath0:amd64 (12.2.0-14+deb12u1) ...
2025-07-15T22:02:48.4522973Z #7 8.590 Setting up libmpc3:amd64 (1.3.1-1) ...
2025-07-15T22:02:48.4523579Z #7 8.592 Setting up libatomic1:amd64 (12.2.0-14+deb12u1) ...
2025-07-15T22:02:48.4524249Z #7 8.595 Setting up patch (2.7.6-7) ...
2025-07-15T22:02:48.4524662Z #7 8.597 Setting up libgdbm-compat4:amd64 (1.23-3) ...
2025-07-15T22:02:48.4525583Z #7 8.601 Setting up libsasl2-2:amd64 (2.1.28+dfsg-10) ...
2025-07-15T22:02:48.4526108Z #7 8.604 Setting up libubsan1:amd64 (12.2.0-14+deb12u1) ...
2025-07-15T22:02:48.4526410Z #7 8.606 Setting up nano (7.2-1+deb12u1) ...
2025-07-15T22:02:48.4527057Z #7 8.610 update-alternatives: using /bin/nano to provide /usr/bin/editor (editor) in auto mode
2025-07-15T22:02:48.4527990Z #7 8.610 update-alternatives: warning: skip creation of /usr/share/man/man1/editor.1.gz because associated file /usr/share/man/man1/nano.1.gz (of link group editor) doesn't exist
2025-07-15T22:02:48.4528823Z #7 8.612 update-alternatives: using /bin/nano to provide /usr/bin/pico (pico) in auto mode
2025-07-15T22:02:48.4529722Z #7 8.612 update-alternatives: warning: skip creation of /usr/share/man/man1/pico.1.gz because associated file /usr/share/man/man1/nano.1.gz (of link group pico) doesn't exist
2025-07-15T22:02:48.4530470Z #7 8.614 Setting up libnsl-dev:amd64 (1.3.0-2) ...
2025-07-15T22:02:48.4530840Z #7 8.618 Setting up libcrypt-dev:amd64 (1:4.4.33-2) ...
2025-07-15T22:02:48.4531157Z #7 8.625 Setting up libasan8:amd64 (12.2.0-14+deb12u1) ...
2025-07-15T22:02:48.4531455Z #7 8.628 Setting up git-man (1:2.39.5-0+deb12u2) ...
2025-07-15T22:02:48.4531738Z #7 8.630 Setting up libssh2-1:amd64 (1.10.0-3+b1) ...
2025-07-15T22:02:48.4532035Z #7 8.633 Setting up libtsan2:amd64 (12.2.0-14+deb12u1) ...
2025-07-15T22:02:48.4532326Z #7 8.636 Setting up libbinutils:amd64 (2.40-2) ...
2025-07-15T22:02:48.5554235Z #7 8.638 Setting up libisl23:amd64 (0.25-1.1) ...
2025-07-15T22:02:48.5554849Z #7 8.641 Setting up libc-dev-bin (2.36-9+deb12u10) ...
2025-07-15T22:02:48.5555271Z #7 8.643 Setting up libcc1-0:amd64 (12.2.0-14+deb12u1) ...
2025-07-15T22:02:48.5555623Z #7 8.646 Setting up libperl5.36:amd64 (5.36.0-7+deb12u2) ...
2025-07-15T22:02:48.5555987Z #7 8.648 Setting up liblsan0:amd64 (12.2.0-14+deb12u1) ...
2025-07-15T22:02:48.5556306Z #7 8.651 Setting up libitm1:amd64 (12.2.0-14+deb12u1) ...
2025-07-15T22:02:48.5556710Z #7 8.654 Setting up libctf0:amd64 (2.40-2) ...
2025-07-15T22:02:48.5557099Z #7 8.656 Setting up cpp-12 (12.2.0-14+deb12u1) ...
2025-07-15T22:02:48.5557421Z #7 8.659 Setting up libldap-2.5-0:amd64 (2.5.13+dfsg-5) ...
2025-07-15T22:02:48.5557734Z #7 8.661 Setting up perl (5.36.0-7+deb12u2) ...
2025-07-15T22:02:48.5558028Z #7 8.670 Setting up libgprofng0:amd64 (2.40-2) ...
2025-07-15T22:02:48.5558437Z #7 8.673 Setting up libgcc-12-dev:amd64 (12.2.0-14+deb12u1) ...
2025-07-15T22:02:48.5558795Z #7 8.675 Setting up libdpkg-perl (1.21.22) ...
2025-07-15T22:02:48.5559206Z #7 8.678 Setting up cpp (4:12.2.0-3) ...
2025-07-15T22:02:48.5559509Z #7 8.683 Setting up libcurl4:amd64 (7.88.1-10+deb12u12) ...
2025-07-15T22:02:48.5560038Z #7 8.686 Setting up libc6-dev:amd64 (2.36-9+deb12u10) ...
2025-07-15T22:02:48.5560393Z #7 8.689 Setting up curl (7.88.1-10+deb12u12) ...
2025-07-15T22:02:48.5560911Z #7 8.692 Setting up binutils-x86-64-linux-gnu (2.40-2) ...
2025-07-15T22:02:48.5561270Z #7 8.695 Setting up libstdc++-12-dev:amd64 (12.2.0-14+deb12u1) ...
2025-07-15T22:02:48.5562116Z #7 8.698 Setting up libcurl3-gnutls:amd64 (7.88.1-10+deb12u12) ...
2025-07-15T22:02:48.5562447Z #7 8.701 Setting up binutils (2.40-2) ...
2025-07-15T22:02:48.5562715Z #7 8.705 Setting up dpkg-dev (1.21.22) ...
2025-07-15T22:02:48.5562992Z #7 8.712 Setting up liberror-perl (0.17029-2) ...
2025-07-15T22:02:48.5563290Z #7 8.716 Setting up gcc-12 (12.2.0-14+deb12u1) ...
2025-07-15T22:02:48.5563578Z #7 8.719 Setting up git (1:2.39.5-0+deb12u2) ...
2025-07-15T22:02:48.5564090Z #7 8.728 Setting up g++-12 (12.2.0-14+deb12u1) ...
2025-07-15T22:02:48.5564373Z #7 8.730 Setting up gcc (4:12.2.0-3) ...
2025-07-15T22:02:48.5564626Z #7 8.741 Setting up g++ (4:12.2.0-3) ...
2025-07-15T22:02:48.7164483Z #7 8.746 update-alternatives: using /usr/bin/g++ to provide /usr/bin/c++ (c++) in auto mode
2025-07-15T22:02:48.7165530Z #7 8.748 Setting up build-essential (12.9) ...
2025-07-15T22:02:48.7165894Z #7 8.751 Processing triggers for libc-bin (2.36-9+deb12u10) ...
2025-07-15T22:02:49.1719861Z #7 DONE 9.4s
2025-07-15T22:02:49.3355154Z 
2025-07-15T22:02:49.3355569Z #8 [3/6] WORKDIR /app
2025-07-15T22:02:49.3355914Z #8 DONE 0.0s
2025-07-15T22:02:49.3356110Z 
2025-07-15T22:02:49.3356218Z #9 [4/6] COPY . .
2025-07-15T22:02:49.7634564Z #9 DONE 0.6s
2025-07-15T22:02:49.9151330Z 
2025-07-15T22:02:49.9151884Z #10 [5/6] RUN pip install --upgrade pip
2025-07-15T22:02:50.9864780Z #10 1.222 Requirement already satisfied: pip in /usr/local/lib/python3.10/site-packages (23.0.1)
2025-07-15T22:02:51.1094564Z #10 1.345 Collecting pip
2025-07-15T22:02:51.2394719Z #10 1.391   Downloading pip-25.1.1-py3-none-any.whl (1.8 MB)
2025-07-15T22:02:51.4360132Z #10 1.475      ━━━━━━━━━━━━━━━━━━━━━━━━━━━━━━━━━━━━━━━━ 1.8/1.8 MB 22.4 MB/s eta 0:00:00
2025-07-15T22:02:51.4360751Z #10 1.520 Installing collected packages: pip
2025-07-15T22:02:51.4361275Z #10 1.520   Attempting uninstall: pip
2025-07-15T22:02:51.4361763Z #10 1.521     Found existing installation: pip 23.0.1
2025-07-15T22:02:51.4608062Z #10 1.696     Uninstalling pip-23.0.1:
2025-07-15T22:02:51.6212549Z #10 1.706       Successfully uninstalled pip-23.0.1
2025-07-15T22:02:52.2572200Z #10 2.493 Successfully installed pip-25.1.1
2025-07-15T22:02:52.4080868Z #10 2.493 WARNING: Running pip as the 'root' user can result in broken permissions and conflicting behaviour with the system package manager. It is recommended to use a virtual environment instead: https://pip.pypa.io/warnings/venv
2025-07-15T22:02:52.4462902Z #10 DONE 2.7s
2025-07-15T22:02:52.5972845Z 
2025-07-15T22:02:52.5973406Z #11 [6/6] RUN pip install --no-cache-dir -r requirements.txt
2025-07-15T22:02:53.3073688Z #11 0.860 Collecting Flask==3.1.0 (from -r requirements.txt (line 1))
2025-07-15T22:02:53.4251275Z #11 0.905   Downloading flask-3.1.0-py3-none-any.whl.metadata (2.7 kB)
2025-07-15T22:02:53.4252176Z #11 0.920 Collecting Flask-PyMongo==3.0.1 (from -r requirements.txt (line 2))
2025-07-15T22:02:53.4253020Z #11 0.929   Downloading flask_pymongo-3.0.1-py3-none-any.whl.metadata (3.5 kB)
2025-07-15T22:02:53.4254090Z #11 0.978 Collecting pytest==8.2.1 (from -r requirements.txt (line 3))
2025-07-15T22:02:53.5640341Z #11 0.988   Downloading pytest-8.2.1-py3-none-any.whl.metadata (7.6 kB)
2025-07-15T22:02:53.5641375Z #11 1.000 Collecting blinker==1.9.0 (from -r requirements.txt (line 4))
2025-07-15T22:02:53.5642124Z #11 1.007   Downloading blinker-1.9.0-py3-none-any.whl.metadata (1.6 kB)
2025-07-15T22:02:53.5642724Z #11 1.026 Collecting certifi==2025.7.14 (from -r requirements.txt (line 5))
2025-07-15T22:02:53.5643331Z #11 1.034   Downloading certifi-2025.7.14-py3-none-any.whl.metadata (2.4 kB)
2025-07-15T22:02:53.5644303Z #11 1.117 Collecting charset-normalizer==3.4.2 (from -r requirements.txt (line 6))
2025-07-15T22:02:53.6652625Z #11 1.125   Downloading charset_normalizer-3.4.2-cp310-cp310-manylinux_2_17_x86_64.manylinux2014_x86_64.whl.metadata (35 kB)
2025-07-15T22:02:53.6653710Z #11 1.147 Collecting click==8.2.1 (from -r requirements.txt (line 7))
2025-07-15T22:02:53.6655136Z #11 1.154   Downloading click-8.2.1-py3-none-any.whl.metadata (2.5 kB)
2025-07-15T22:02:53.6655926Z #11 1.166 Collecting dnspython==2.7.0 (from -r requirements.txt (line 8))
2025-07-15T22:02:53.6656698Z #11 1.173   Downloading dnspython-2.7.0-py3-none-any.whl.metadata (5.8 kB)
2025-07-15T22:02:53.6657433Z #11 1.190 Collecting idna==3.10 (from -r requirements.txt (line 9))
2025-07-15T22:02:53.6658118Z #11 1.197   Downloading idna-3.10-py3-none-any.whl.metadata (10 kB)
2025-07-15T22:02:53.6658857Z #11 1.209 Collecting itsdangerous==2.2.0 (from -r requirements.txt (line 10))
2025-07-15T22:02:53.6659706Z #11 1.218   Downloading itsdangerous-2.2.0-py3-none-any.whl.metadata (1.9 kB)
2025-07-15T22:02:53.7663282Z #11 1.233 Collecting Jinja2==3.1.6 (from -r requirements.txt (line 11))
2025-07-15T22:02:53.7664839Z #11 1.240   Downloading jinja2-3.1.6-py3-none-any.whl.metadata (2.9 kB)
2025-07-15T22:02:53.7665714Z #11 1.293 Collecting MarkupSafe==3.0.2 (from -r requirements.txt (line 12))
2025-07-15T22:02:53.7666804Z #11 1.309   Downloading MarkupSafe-3.0.2-cp310-cp310-manylinux_2_17_x86_64.manylinux2014_x86_64.whl.metadata (4.0 kB)
2025-07-15T22:02:53.7667828Z #11 1.319 Collecting paho-mqtt==2.1.0 (from -r requirements.txt (line 13))
2025-07-15T22:02:53.9287674Z #11 1.331   Downloading paho_mqtt-2.1.0-py3-none-any.whl.metadata (23 kB)
2025-07-15T22:02:54.0886954Z #11 1.642 Collecting pymongo==4.13.2 (from -r requirements.txt (line 14))
2025-07-15T22:02:54.1908314Z #11 1.650   Downloading pymongo-4.13.2-cp310-cp310-manylinux_2_17_x86_64.manylinux2014_x86_64.whl.metadata (22 kB)
2025-07-15T22:02:54.1909420Z #11 1.671 Collecting python-dotenv==1.1.1 (from -r requirements.txt (line 15))
2025-07-15T22:02:54.1910258Z #11 1.679   Downloading python_dotenv-1.1.1-py3-none-any.whl.metadata (24 kB)
2025-07-15T22:02:54.1911095Z #11 1.706 Collecting requests==2.32.4 (from -r requirements.txt (line 16))
2025-07-15T22:02:54.1911905Z #11 1.713   Downloading requests-2.32.4-py3-none-any.whl.metadata (4.9 kB)
2025-07-15T22:02:54.1912705Z #11 1.737 Collecting urllib3==2.5.0 (from -r requirements.txt (line 17))
2025-07-15T22:02:54.1913461Z #11 1.744   Downloading urllib3-2.5.0-py3-none-any.whl.metadata (6.5 kB)
2025-07-15T22:02:54.2986428Z #11 1.766 Collecting Werkzeug==3.1.3 (from -r requirements.txt (line 18))
2025-07-15T22:02:54.2987292Z #11 1.774   Downloading werkzeug-3.1.3-py3-none-any.whl.metadata (3.7 kB)
2025-07-15T22:02:54.2987939Z #11 1.785 Collecting autodevops-cli==0.1.1 (from -r requirements.txt (line 19))
2025-07-15T22:02:54.2988606Z #11 1.794   Downloading autodevops_cli-0.1.1-py3-none-any.whl.metadata (494 bytes)
2025-07-15T22:02:54.2989256Z #11 1.803 Collecting iniconfig==2.1.0 (from -r requirements.txt (line 20))
2025-07-15T22:02:54.2989882Z #11 1.811   Downloading iniconfig-2.1.0-py3-none-any.whl.metadata (2.7 kB)
2025-07-15T22:02:54.2990501Z #11 1.822 Collecting loguru==0.7.3 (from -r requirements.txt (line 21))
2025-07-15T22:02:54.2991072Z #11 1.830   Downloading loguru-0.7.3-py3-none-any.whl.metadata (22 kB)
2025-07-15T22:02:54.2991686Z #11 1.852 Collecting markdown-it-py==3.0.0 (from -r requirements.txt (line 22))
2025-07-15T22:02:54.4105110Z #11 1.859   Downloading markdown_it_py-3.0.0-py3-none-any.whl.metadata (6.9 kB)
2025-07-15T22:02:54.4106226Z #11 1.873 Collecting mdurl==0.1.2 (from -r requirements.txt (line 23))
2025-07-15T22:02:54.4107172Z #11 1.880   Downloading mdurl-0.1.2-py3-none-any.whl.metadata (1.6 kB)
2025-07-15T22:02:54.4108149Z #11 1.893 Collecting mongomock==4.3.0 (from -r requirements.txt (line 24))
2025-07-15T22:02:54.4109188Z #11 1.900   Downloading mongomock-4.3.0-py2.py3-none-any.whl.metadata (12 kB)
2025-07-15T22:02:54.4109939Z #11 1.917 Collecting packaging==25.0 (from -r requirements.txt (line 25))
2025-07-15T22:02:54.4110588Z #11 1.925   Downloading packaging-25.0-py3-none-any.whl.metadata (3.3 kB)
2025-07-15T22:02:54.4111241Z #11 1.937 Collecting pluggy==1.6.0 (from -r requirements.txt (line 26))
2025-07-15T22:02:54.4111852Z #11 1.944   Downloading pluggy-1.6.0-py3-none-any.whl.metadata (4.8 kB)
2025-07-15T22:02:54.4112768Z #11 1.964 Collecting Pygments==2.19.2 (from -r requirements.txt (line 27))
2025-07-15T22:02:54.5173049Z #11 1.971   Downloading pygments-2.19.2-py3-none-any.whl.metadata (2.5 kB)
2025-07-15T22:02:54.5173957Z #11 2.007 Collecting pytz==2025.2 (from -r requirements.txt (line 28))
2025-07-15T22:02:54.5174543Z #11 2.014   Downloading pytz-2025.2-py2.py3-none-any.whl.metadata (22 kB)
2025-07-15T22:02:54.5175037Z #11 2.053 Collecting rich==14.0.0 (from -r requirements.txt (line 29))
2025-07-15T22:02:54.5175495Z #11 2.060   Downloading rich-14.0.0-py3-none-any.whl.metadata (18 kB)
2025-07-15T22:02:54.5175967Z #11 2.070 Collecting sentinels==1.0.0 (from -r requirements.txt (line 30))
2025-07-15T22:02:54.6817669Z #11 2.078   Downloading sentinels-1.0.0.tar.gz (4.1 kB)
2025-07-15T22:02:54.6818324Z #11 2.084   Preparing metadata (setup.py): started
2025-07-15T22:02:55.1643046Z #11 2.717   Preparing metadata (setup.py): finished with status 'done'
2025-07-15T22:02:55.3264069Z #11 2.733 Collecting sh==2.2.2 (from -r requirements.txt (line 31))
2025-07-15T22:02:55.3265065Z #11 2.741   Downloading sh-2.2.2-py3-none-any.whl.metadata (3.7 kB)
2025-07-15T22:02:55.3265977Z #11 2.780 Collecting exceptiongroup>=1.0.0rc8 (from pytest==8.2.1->-r requirements.txt (line 3))
2025-07-15T22:02:55.3266924Z #11 2.788   Downloading exceptiongroup-1.3.0-py3-none-any.whl.metadata (6.7 kB)
2025-07-15T22:02:55.3267802Z #11 2.804 Collecting tomli>=1 (from pytest==8.2.1->-r requirements.txt (line 3))
2025-07-15T22:02:55.3268542Z #11 2.811   Downloading tomli-2.2.1-py3-none-any.whl.metadata (10 kB)
2025-07-15T22:02:55.3269410Z #11 2.879 Collecting typing-extensions<5.0,>=4.0.0 (from rich==14.0.0->-r requirements.txt (line 29))
2025-07-15T22:02:55.4288886Z #11 2.888   Downloading typing_extensions-4.14.1-py3-none-any.whl.metadata (3.0 kB)
2025-07-15T22:02:55.4289804Z #11 2.908 Downloading flask-3.1.0-py3-none-any.whl (102 kB)
2025-07-15T22:02:55.4290433Z #11 2.922 Downloading flask_pymongo-3.0.1-py3-none-any.whl (11 kB)
2025-07-15T22:02:55.4290821Z #11 2.930 Downloading pytest-8.2.1-py3-none-any.whl (339 kB)
2025-07-15T22:02:55.4291330Z #11 2.944 Downloading pluggy-1.6.0-py3-none-any.whl (20 kB)
2025-07-15T22:02:55.4291674Z #11 2.951 Downloading blinker-1.9.0-py3-none-any.whl (8.5 kB)
2025-07-15T22:02:55.4292040Z #11 2.959 Downloading certifi-2025.7.14-py3-none-any.whl (162 kB)
2025-07-15T22:02:55.4292575Z #11 2.967 Downloading charset_normalizer-3.4.2-cp310-cp310-manylinux_2_17_x86_64.manylinux2014_x86_64.whl (149 kB)
2025-07-15T22:02:55.4293082Z #11 2.974 Downloading click-8.2.1-py3-none-any.whl (102 kB)
2025-07-15T22:02:55.4293455Z #11 2.982 Downloading dnspython-2.7.0-py3-none-any.whl (313 kB)
2025-07-15T22:02:55.5334764Z #11 2.990 Downloading idna-3.10-py3-none-any.whl (70 kB)
2025-07-15T22:02:55.5335393Z #11 2.998 Downloading itsdangerous-2.2.0-py3-none-any.whl (16 kB)
2025-07-15T22:02:55.5335996Z #11 3.005 Downloading jinja2-3.1.6-py3-none-any.whl (134 kB)
2025-07-15T22:02:55.5336589Z #11 3.012 Downloading MarkupSafe-3.0.2-cp310-cp310-manylinux_2_17_x86_64.manylinux2014_x86_64.whl (20 kB)
2025-07-15T22:02:55.5337170Z #11 3.021 Downloading paho_mqtt-2.1.0-py3-none-any.whl (67 kB)
2025-07-15T22:02:55.5337730Z #11 3.030 Downloading pymongo-4.13.2-cp310-cp310-manylinux_2_17_x86_64.manylinux2014_x86_64.whl (1.2 MB)
2025-07-15T22:02:55.5338547Z #11 3.043    ━━━━━━━━━━━━━━━━━━━━━━━━━━━━━━━━━━━━━━━━ 1.2/1.2 MB 85.5 MB/s eta 0:00:00
2025-07-15T22:02:55.5338959Z #11 3.052 Downloading python_dotenv-1.1.1-py3-none-any.whl (20 kB)
2025-07-15T22:02:55.5339386Z #11 3.059 Downloading requests-2.32.4-py3-none-any.whl (64 kB)
2025-07-15T22:02:55.5339787Z #11 3.067 Downloading urllib3-2.5.0-py3-none-any.whl (129 kB)
2025-07-15T22:02:55.5340173Z #11 3.074 Downloading werkzeug-3.1.3-py3-none-any.whl (224 kB)
2025-07-15T22:02:55.5340593Z #11 3.087 Downloading autodevops_cli-0.1.1-py3-none-any.whl (4.1 kB)
2025-07-15T22:02:55.6382239Z #11 3.094 Downloading iniconfig-2.1.0-py3-none-any.whl (6.0 kB)
2025-07-15T22:02:55.6383311Z #11 3.104 Downloading loguru-0.7.3-py3-none-any.whl (61 kB)
2025-07-15T22:02:55.6385542Z #11 3.111 Downloading markdown_it_py-3.0.0-py3-none-any.whl (87 kB)
2025-07-15T22:02:55.6386275Z #11 3.121 Downloading mdurl-0.1.2-py3-none-any.whl (10.0 kB)
2025-07-15T22:02:55.6386968Z #11 3.132 Downloading mongomock-4.3.0-py2.py3-none-any.whl (64 kB)
2025-07-15T22:02:55.6387672Z #11 3.142 Downloading packaging-25.0-py3-none-any.whl (66 kB)
2025-07-15T22:02:55.6388361Z #11 3.149 Downloading pygments-2.19.2-py3-none-any.whl (1.2 MB)
2025-07-15T22:02:55.6389390Z #11 3.154    ━━━━━━━━━━━━━━━━━━━━━━━━━━━━━━━━━━━━━━━━ 1.2/1.2 MB 485.5 MB/s eta 0:00:00
2025-07-15T22:02:55.6390009Z #11 3.161 Downloading pytz-2025.2-py2.py3-none-any.whl (509 kB)
2025-07-15T22:02:55.6390490Z #11 3.170 Downloading rich-14.0.0-py3-none-any.whl (243 kB)
2025-07-15T22:02:55.6391049Z #11 3.177 Downloading sh-2.2.2-py3-none-any.whl (38 kB)
2025-07-15T22:02:55.6391436Z #11 3.184 Downloading typing_extensions-4.14.1-py3-none-any.whl (43 kB)
2025-07-15T22:02:55.6391861Z #11 3.191 Downloading exceptiongroup-1.3.0-py3-none-any.whl (16 kB)
2025-07-15T22:02:55.8315580Z #11 3.201 Downloading tomli-2.2.1-py3-none-any.whl (14 kB)
2025-07-15T22:02:55.8316243Z #11 3.233 Building wheels for collected packages: sentinels
2025-07-15T22:02:55.8319100Z #11 3.234   DEPRECATION: Building 'sentinels' using the legacy setup.py bdist_wheel mechanism, which will be removed in a future version. pip 25.3 will enforce this behaviour change. A possible replacement is to use the standardized build interface by setting the `--use-pep517` option, (possibly combined with `--no-build-isolation`), or adding a `pyproject.toml` file to the source tree of 'sentinels'. Discussion can be found at https://github.com/pypa/pip/issues/6334
2025-07-15T22:02:55.8321938Z #11 3.234   Building wheel for sentinels (setup.py): started
2025-07-15T22:02:56.4722753Z #11 4.025   Building wheel for sentinels (setup.py): finished with status 'done'
2025-07-15T22:02:56.6952671Z #11 4.026   Created wheel for sentinels: filename=sentinels-1.0.0-py3-none-any.whl size=3175 sha256=41d424c92c894170d5d35a5c04f4300724ff605427c19973a32cb9767624df03
2025-07-15T22:02:56.6954088Z #11 4.026   Stored in directory: /tmp/pip-ephem-wheel-cache-2_m103y0/wheels/26/bc/eb/67e56405e0684b3d8c011cf4d18129c41be394775fd5ba2347
2025-07-15T22:02:56.6954805Z #11 4.028 Successfully built sentinels
2025-07-15T22:02:56.6956567Z #11 4.098 Installing collected packages: sentinels, pytz, urllib3, typing-extensions, tomli, sh, python-dotenv, Pygments, pluggy, paho-mqtt, packaging, mdurl, MarkupSafe, loguru, itsdangerous, iniconfig, idna, dnspython, click, charset-normalizer, certifi, blinker, Werkzeug, requests, pymongo, mongomock, markdown-it-py, Jinja2, exceptiongroup, rich, pytest, Flask, Flask-PyMongo, autodevops-cli
2025-07-15T22:02:58.8157061Z #11 6.369 
2025-07-15T22:02:58.9734518Z #11 6.375 Successfully installed Flask-3.1.0 Flask-PyMongo-3.0.1 Jinja2-3.1.6 MarkupSafe-3.0.2 Pygments-2.19.2 Werkzeug-3.1.3 autodevops-cli-0.1.1 blinker-1.9.0 certifi-2025.7.14 charset-normalizer-3.4.2 click-8.2.1 dnspython-2.7.0 exceptiongroup-1.3.0 idna-3.10 iniconfig-2.1.0 itsdangerous-2.2.0 loguru-0.7.3 markdown-it-py-3.0.0 mdurl-0.1.2 mongomock-4.3.0 packaging-25.0 paho-mqtt-2.1.0 pluggy-1.6.0 pymongo-4.13.2 pytest-8.2.1 python-dotenv-1.1.1 pytz-2025.2 requests-2.32.4 rich-14.0.0 sentinels-1.0.0 sh-2.2.2 tomli-2.2.1 typing-extensions-4.14.1 urllib3-2.5.0
2025-07-15T22:02:58.9738906Z #11 6.376 WARNING: Running pip as the 'root' user can result in broken permissions and conflicting behaviour with the system package manager, possibly rendering your system unusable. It is recommended to use a virtual environment instead: https://pip.pypa.io/warnings/venv. Use the --root-user-action option if you know what you are doing and want to suppress this warning.
2025-07-15T22:02:59.0699232Z #11 DONE 6.6s
2025-07-15T22:02:59.2274403Z 
2025-07-15T22:02:59.2275341Z #12 exporting to image
2025-07-15T22:02:59.2276088Z #12 exporting layers
2025-07-15T22:03:00.8756376Z #12 exporting layers 1.8s done
2025-07-15T22:03:00.8939011Z #12 writing image sha256:3b569011b590648348a7b6acafd7a94579fc162fa73544f09e82bd4b4f124e2a done
2025-07-15T22:03:00.8940618Z #12 naming to docker.io/***/flask-ci-cd-demo done
2025-07-15T22:03:00.8941331Z #12 DONE 1.8s
2025-07-15T22:03:00.9019744Z ##[group]Run docker push ***/flask-ci-cd-demo
2025-07-15T22:03:00.9020122Z [36;1mdocker push ***/flask-ci-cd-demo[0m
2025-07-15T22:03:00.9055092Z shell: /usr/bin/bash -e {0}
2025-07-15T22:03:00.9055454Z env:
2025-07-15T22:03:00.9055851Z   pythonLocation: /opt/hostedtoolcache/Python/3.10.18/x64
2025-07-15T22:03:00.9056539Z   PKG_CONFIG_PATH: /opt/hostedtoolcache/Python/3.10.18/x64/lib/pkgconfig
2025-07-15T22:03:00.9057204Z   Python_ROOT_DIR: /opt/hostedtoolcache/Python/3.10.18/x64
2025-07-15T22:03:00.9057789Z   Python2_ROOT_DIR: /opt/hostedtoolcache/Python/3.10.18/x64
2025-07-15T22:03:00.9058296Z   Python3_ROOT_DIR: /opt/hostedtoolcache/Python/3.10.18/x64
2025-07-15T22:03:00.9058642Z   LD_LIBRARY_PATH: /opt/hostedtoolcache/Python/3.10.18/x64/lib
2025-07-15T22:03:00.9059122Z ##[endgroup]
2025-07-15T22:03:00.9215713Z Using default tag: latest
2025-07-15T22:03:00.9228916Z The push refers to repository [docker.io/***/flask-ci-cd-demo]
2025-07-15T22:03:00.9677373Z 0b043275be41: Preparing
2025-07-15T22:03:00.9677780Z 4563efb43fca: Preparing
2025-07-15T22:03:00.9678118Z c87744f82061: Preparing
2025-07-15T22:03:00.9678446Z a294404a5c00: Preparing
2025-07-15T22:03:00.9678787Z 3186c0c4036d: Preparing
2025-07-15T22:03:00.9679113Z 31abbb538de0: Preparing
2025-07-15T22:03:00.9679431Z a2ccf7527b3c: Preparing
2025-07-15T22:03:00.9679740Z abd92ba2021e: Preparing
2025-07-15T22:03:00.9680058Z 1bb35e8b4de1: Preparing
2025-07-15T22:03:00.9680377Z 31abbb538de0: Waiting
2025-07-15T22:03:00.9680728Z a2ccf7527b3c: Waiting
2025-07-15T22:03:00.9680911Z abd92ba2021e: Waiting
2025-07-15T22:03:00.9681087Z 1bb35e8b4de1: Waiting
2025-07-15T22:03:02.0178334Z a294404a5c00: Pushed
2025-07-15T22:03:02.1282779Z 31abbb538de0: Layer already exists
2025-07-15T22:03:02.2444864Z a2ccf7527b3c: Layer already exists
2025-07-15T22:03:02.3599095Z abd92ba2021e: Layer already exists
2025-07-15T22:03:02.4773962Z 1bb35e8b4de1: Layer already exists
2025-07-15T22:03:02.7239734Z 4563efb43fca: Pushed
2025-07-15T22:03:03.8357348Z 0b043275be41: Pushed
2025-07-15T22:03:05.4882320Z c87744f82061: Pushed
2025-07-15T22:03:15.2903139Z 3186c0c4036d: Pushed
2025-07-15T22:03:17.1638559Z latest: digest: sha256:357f921bfaf4b1f8f815b7676869d420548e9829827cbcce4e5e247450e2496f size: 2212
2025-07-15T22:03:17.1706832Z Post job cleanup.
2025-07-15T22:03:17.4554244Z [command]/usr/bin/docker logout 
2025-07-15T22:03:17.4685223Z Removing login credentials for https://index.docker.io/v1/
2025-07-15T22:03:17.4718475Z ##[group]Post cache
2025-07-15T22:03:17.4719799Z State not set
2025-07-15T22:03:17.4721284Z ##[endgroup]
2025-07-15T22:03:17.4854716Z Post job cleanup.
2025-07-15T22:03:17.6484647Z Post job cleanup.
2025-07-15T22:03:17.7211360Z [command]/usr/bin/git version
2025-07-15T22:03:17.7246989Z git version 2.50.1
2025-07-15T22:03:17.7293348Z Temporarily overriding HOME='/home/runner/work/_temp/fd7e2988-f05d-4a88-a37f-d2a589125c68' before making global git config changes
2025-07-15T22:03:17.7294811Z Adding repository directory to the temporary git global config as a safe directory
2025-07-15T22:03:17.7298246Z [command]/usr/bin/git config --global --add safe.directory /home/runner/work/Devops/Devops
2025-07-15T22:03:17.7330668Z [command]/usr/bin/git config --local --name-only --get-regexp core\.sshCommand
2025-07-15T22:03:17.7361254Z [command]/usr/bin/git submodule foreach --recursive sh -c "git config --local --name-only --get-regexp 'core\.sshCommand' && git config --local --unset-all 'core.sshCommand' || :"
2025-07-15T22:03:17.7589005Z [command]/usr/bin/git config --local --name-only --get-regexp http\.https\:\/\/github\.com\/\.extraheader
2025-07-15T22:03:17.7609470Z http.https://github.com/.extraheader
2025-07-15T22:03:17.7621023Z [command]/usr/bin/git config --local --unset-all http.https://github.com/.extraheader
2025-07-15T22:03:17.7649322Z [command]/usr/bin/git submodule foreach --recursive sh -c "git config --local --name-only --get-regexp 'http\.https\:\/\/github\.com\/\.extraheader' && git config --local --unset-all 'http.https://github.com/.extraheader' || :"
2025-07-15T22:03:17.7972147Z Cleaning up orphan processes
