2025-07-15T22:09:33.0719361Z Current runner version: '2.326.0'
2025-07-15T22:09:33.0754466Z ##[group]Runner Image Provisioner
2025-07-15T22:09:33.0755782Z Hosted Compute Agent
2025-07-15T22:09:33.0756649Z Version: 20250711.363
2025-07-15T22:09:33.0757575Z Commit: 6785254374ce925a23743850c1cb91912ce5c14c
2025-07-15T22:09:33.0758841Z Build Date: 2025-07-11T20:04:25Z
2025-07-15T22:09:33.0759832Z ##[endgroup]
2025-07-15T22:09:33.0760673Z ##[group]Operating System
2025-07-15T22:09:33.0761684Z Ubuntu
2025-07-15T22:09:33.0762440Z 24.04.2
2025-07-15T22:09:33.0763256Z LTS
2025-07-15T22:09:33.0764247Z ##[endgroup]
2025-07-15T22:09:33.0765097Z ##[group]Runner Image
2025-07-15T22:09:33.0766130Z Image: ubuntu-24.04
2025-07-15T22:09:33.0766998Z Version: 20250710.1.0
2025-07-15T22:09:33.0768653Z Included Software: https://github.com/actions/runner-images/blob/ubuntu24/20250710.1/images/ubuntu/Ubuntu2404-Readme.md
2025-07-15T22:09:33.0771526Z Image Release: https://github.com/actions/runner-images/releases/tag/ubuntu24%2F20250710.1
2025-07-15T22:09:33.0773296Z ##[endgroup]
2025-07-15T22:09:33.0775312Z ##[group]GITHUB_TOKEN Permissions
2025-07-15T22:09:33.0777752Z Contents: read
2025-07-15T22:09:33.0778735Z Metadata: read
2025-07-15T22:09:33.0779571Z Packages: read
2025-07-15T22:09:33.0780388Z ##[endgroup]
2025-07-15T22:09:33.0783210Z Secret source: Actions
2025-07-15T22:09:33.0784606Z Prepare workflow directory
2025-07-15T22:09:33.1240121Z Prepare all required actions
2025-07-15T22:09:33.1296849Z Getting action download info
2025-07-15T22:09:33.4406824Z ##[group]Download immutable action package 'actions/checkout@v3'
2025-07-15T22:09:33.4407861Z Version: 3.6.0
2025-07-15T22:09:33.4408902Z Digest: sha256:942562b9c7d4b1f2557f1da21f4d3eb4eb4fd01f2ad78b2a6e187d1b193e0a0f
2025-07-15T22:09:33.4410137Z Source commit SHA: f43a0e5ff2bd294095638e18286ca9a3d1956744
2025-07-15T22:09:33.4410879Z ##[endgroup]
2025-07-15T22:09:33.5380499Z ##[group]Download immutable action package 'actions/setup-python@v4'
2025-07-15T22:09:33.5381859Z Version: 4.9.1
2025-07-15T22:09:33.5383030Z Digest: sha256:f03e505388af670b5a108629e0ba26befc08d5c62b41f46146a45fe29ae509a5
2025-07-15T22:09:33.5384852Z Source commit SHA: 7f4fc3e22c37d6ff65e88745f38bd3157c663f7c
2025-07-15T22:09:33.5386025Z ##[endgroup]
2025-07-15T22:09:33.8424321Z ##[group]Download immutable action package 'docker/login-action@v3'
2025-07-15T22:09:33.8425175Z Version: 3.4.0
2025-07-15T22:09:33.8426062Z Digest: sha256:864ebd28db095e1602e6ef999f46a4f575083ea874918fbccf0994c2a7680450
2025-07-15T22:09:33.8426986Z Source commit SHA: 74a5d142397b4f367a81961eba4e8cd7edddf772
2025-07-15T22:09:33.8427678Z ##[endgroup]
2025-07-15T22:09:34.1960458Z Complete job name: build-test-deploy
2025-07-15T22:09:34.2635453Z ##[group]Run actions/checkout@v3
2025-07-15T22:09:34.2636323Z with:
2025-07-15T22:09:34.2636753Z   repository: Dinesh-4/Devops
2025-07-15T22:09:34.2637407Z   token: ***
2025-07-15T22:09:34.2637833Z   ssh-strict: true
2025-07-15T22:09:34.2638305Z   persist-credentials: true
2025-07-15T22:09:34.2638805Z   clean: true
2025-07-15T22:09:34.2639286Z   sparse-checkout-cone-mode: true
2025-07-15T22:09:34.2639814Z   fetch-depth: 1
2025-07-15T22:09:34.2640220Z   fetch-tags: false
2025-07-15T22:09:34.2640619Z   lfs: false
2025-07-15T22:09:34.2641007Z   submodules: false
2025-07-15T22:09:34.2641433Z   set-safe-directory: true
2025-07-15T22:09:34.2642108Z ##[endgroup]
2025-07-15T22:09:34.3520384Z Syncing repository: Dinesh-4/Devops
2025-07-15T22:09:34.3523128Z ##[group]Getting Git version info
2025-07-15T22:09:34.3524557Z Working directory is '/home/runner/work/Devops/Devops'
2025-07-15T22:09:34.3525845Z [command]/usr/bin/git version
2025-07-15T22:09:34.3549533Z git version 2.50.1
2025-07-15T22:09:34.3576918Z ##[endgroup]
2025-07-15T22:09:34.3592004Z Temporarily overriding HOME='/home/runner/work/_temp/8ff01f6e-04e5-474e-9592-4e04cb207a8b' before making global git config changes
2025-07-15T22:09:34.3594651Z Adding repository directory to the temporary git global config as a safe directory
2025-07-15T22:09:34.3596685Z [command]/usr/bin/git config --global --add safe.directory /home/runner/work/Devops/Devops
2025-07-15T22:09:34.3628105Z Deleting the contents of '/home/runner/work/Devops/Devops'
2025-07-15T22:09:34.3632191Z ##[group]Initializing the repository
2025-07-15T22:09:34.3635897Z [command]/usr/bin/git init /home/runner/work/Devops/Devops
2025-07-15T22:09:34.3707319Z hint: Using 'master' as the name for the initial branch. This default branch name
2025-07-15T22:09:34.3708979Z hint: is subject to change. To configure the initial branch name to use in all
2025-07-15T22:09:34.3710533Z hint: of your new repositories, which will suppress this warning, call:
2025-07-15T22:09:34.3711689Z hint:
2025-07-15T22:09:34.3712343Z hint: 	git config --global init.defaultBranch <name>
2025-07-15T22:09:34.3712947Z hint:
2025-07-15T22:09:34.3713543Z hint: Names commonly chosen instead of 'master' are 'main', 'trunk' and
2025-07-15T22:09:34.3714789Z hint: 'development'. The just-created branch can be renamed via this command:
2025-07-15T22:09:34.3715485Z hint:
2025-07-15T22:09:34.3715952Z hint: 	git branch -m <name>
2025-07-15T22:09:34.3716692Z hint:
2025-07-15T22:09:34.3717407Z hint: Disable this message with "git config set advice.defaultBranchName false"
2025-07-15T22:09:34.3718380Z Initialized empty Git repository in /home/runner/work/Devops/Devops/.git/
2025-07-15T22:09:34.3720406Z [command]/usr/bin/git remote add origin https://github.com/Dinesh-4/Devops
2025-07-15T22:09:34.3749977Z ##[endgroup]
2025-07-15T22:09:34.3750735Z ##[group]Disabling automatic garbage collection
2025-07-15T22:09:34.3752278Z [command]/usr/bin/git config --local gc.auto 0
2025-07-15T22:09:34.3777619Z ##[endgroup]
2025-07-15T22:09:34.3778345Z ##[group]Setting up auth
2025-07-15T22:09:34.3782481Z [command]/usr/bin/git config --local --name-only --get-regexp core\.sshCommand
2025-07-15T22:09:34.3808230Z [command]/usr/bin/git submodule foreach --recursive sh -c "git config --local --name-only --get-regexp 'core\.sshCommand' && git config --local --unset-all 'core.sshCommand' || :"
2025-07-15T22:09:34.4085289Z [command]/usr/bin/git config --local --name-only --get-regexp http\.https\:\/\/github\.com\/\.extraheader
2025-07-15T22:09:34.4112692Z [command]/usr/bin/git submodule foreach --recursive sh -c "git config --local --name-only --get-regexp 'http\.https\:\/\/github\.com\/\.extraheader' && git config --local --unset-all 'http.https://github.com/.extraheader' || :"
2025-07-15T22:09:34.4324897Z [command]/usr/bin/git config --local http.https://github.com/.extraheader AUTHORIZATION: basic ***
2025-07-15T22:09:34.4356539Z ##[endgroup]
2025-07-15T22:09:34.4357885Z ##[group]Fetching the repository
2025-07-15T22:09:34.4366501Z [command]/usr/bin/git -c protocol.version=2 fetch --no-tags --prune --progress --no-recurse-submodules --depth=1 origin +a45a69ceea154681d2511608636b7a95e7e9421a:refs/remotes/origin/main
2025-07-15T22:09:34.5976746Z remote: Enumerating objects: 4181, done.        
2025-07-15T22:09:34.5978301Z remote: Counting objects:   0% (1/4181)        
2025-07-15T22:09:34.5979827Z remote: Counting objects:   1% (42/4181)        
2025-07-15T22:09:34.5981388Z remote: Counting objects:   2% (84/4181)        
2025-07-15T22:09:34.5982973Z remote: Counting objects:   3% (126/4181)        
2025-07-15T22:09:34.5984430Z remote: Counting objects:   4% (168/4181)        
2025-07-15T22:09:34.5985776Z remote: Counting objects:   5% (210/4181)        
2025-07-15T22:09:34.5986832Z remote: Counting objects:   6% (251/4181)        
2025-07-15T22:09:34.5987911Z remote: Counting objects:   7% (293/4181)        
2025-07-15T22:09:34.5989002Z remote: Counting objects:   8% (335/4181)        
2025-07-15T22:09:34.5990186Z remote: Counting objects:   9% (377/4181)        
2025-07-15T22:09:34.5991095Z remote: Counting objects:  10% (419/4181)        
2025-07-15T22:09:34.5992414Z remote: Counting objects:  11% (460/4181)        
2025-07-15T22:09:34.5993591Z remote: Counting objects:  12% (502/4181)        
2025-07-15T22:09:34.5994780Z remote: Counting objects:  13% (544/4181)        
2025-07-15T22:09:34.5995809Z remote: Counting objects:  14% (586/4181)        
2025-07-15T22:09:34.5997192Z remote: Counting objects:  15% (628/4181)        
2025-07-15T22:09:34.5998300Z remote: Counting objects:  16% (669/4181)        
2025-07-15T22:09:34.5999398Z remote: Counting objects:  17% (711/4181)        
2025-07-15T22:09:34.6000436Z remote: Counting objects:  18% (753/4181)        
2025-07-15T22:09:34.6001409Z remote: Counting objects:  19% (795/4181)        
2025-07-15T22:09:34.6002461Z remote: Counting objects:  20% (837/4181)        
2025-07-15T22:09:34.6003544Z remote: Counting objects:  21% (879/4181)        
2025-07-15T22:09:34.6004880Z remote: Counting objects:  22% (920/4181)        
2025-07-15T22:09:34.6005964Z remote: Counting objects:  23% (962/4181)        
2025-07-15T22:09:34.6007031Z remote: Counting objects:  24% (1004/4181)        
2025-07-15T22:09:34.6008089Z remote: Counting objects:  25% (1046/4181)        
2025-07-15T22:09:34.6009153Z remote: Counting objects:  26% (1088/4181)        
2025-07-15T22:09:34.6010196Z remote: Counting objects:  27% (1129/4181)        
2025-07-15T22:09:34.6011231Z remote: Counting objects:  28% (1171/4181)        
2025-07-15T22:09:34.6011861Z remote: Counting objects:  29% (1213/4181)        
2025-07-15T22:09:34.6012469Z remote: Counting objects:  30% (1255/4181)        
2025-07-15T22:09:34.6013070Z remote: Counting objects:  31% (1297/4181)        
2025-07-15T22:09:34.6013672Z remote: Counting objects:  32% (1338/4181)        
2025-07-15T22:09:34.6014554Z remote: Counting objects:  33% (1380/4181)        
2025-07-15T22:09:34.6015152Z remote: Counting objects:  34% (1422/4181)        
2025-07-15T22:09:34.6015749Z remote: Counting objects:  35% (1464/4181)        
2025-07-15T22:09:34.6016338Z remote: Counting objects:  36% (1506/4181)        
2025-07-15T22:09:34.6016928Z remote: Counting objects:  37% (1547/4181)        
2025-07-15T22:09:34.6017515Z remote: Counting objects:  38% (1589/4181)        
2025-07-15T22:09:34.6018101Z remote: Counting objects:  39% (1631/4181)        
2025-07-15T22:09:34.6018731Z remote: Counting objects:  40% (1673/4181)        
2025-07-15T22:09:34.6019315Z remote: Counting objects:  41% (1715/4181)        
2025-07-15T22:09:34.6029788Z remote: Counting objects:  42% (1757/4181)        
2025-07-15T22:09:34.6030924Z remote: Counting objects:  43% (1798/4181)        
2025-07-15T22:09:34.6031841Z remote: Counting objects:  44% (1840/4181)        
2025-07-15T22:09:34.6032703Z remote: Counting objects:  45% (1882/4181)        
2025-07-15T22:09:34.6033316Z remote: Counting objects:  46% (1924/4181)        
2025-07-15T22:09:34.6034139Z remote: Counting objects:  47% (1966/4181)        
2025-07-15T22:09:34.6034988Z remote: Counting objects:  48% (2007/4181)        
2025-07-15T22:09:34.6035604Z remote: Counting objects:  49% (2049/4181)        
2025-07-15T22:09:34.6036209Z remote: Counting objects:  50% (2091/4181)        
2025-07-15T22:09:34.6036800Z remote: Counting objects:  51% (2133/4181)        
2025-07-15T22:09:34.6037461Z remote: Counting objects:  52% (2175/4181)        
2025-07-15T22:09:34.6038056Z remote: Counting objects:  53% (2216/4181)        
2025-07-15T22:09:34.6038641Z remote: Counting objects:  54% (2258/4181)        
2025-07-15T22:09:34.6039235Z remote: Counting objects:  55% (2300/4181)        
2025-07-15T22:09:34.6039828Z remote: Counting objects:  56% (2342/4181)        
2025-07-15T22:09:34.6040422Z remote: Counting objects:  57% (2384/4181)        
2025-07-15T22:09:34.6041027Z remote: Counting objects:  58% (2425/4181)        
2025-07-15T22:09:34.6041869Z remote: Counting objects:  59% (2467/4181)        
2025-07-15T22:09:34.6042814Z remote: Counting objects:  60% (2509/4181)        
2025-07-15T22:09:34.6043938Z remote: Counting objects:  61% (2551/4181)        
2025-07-15T22:09:34.6044636Z remote: Counting objects:  62% (2593/4181)        
2025-07-15T22:09:34.6045231Z remote: Counting objects:  63% (2635/4181)        
2025-07-15T22:09:34.6045841Z remote: Counting objects:  64% (2676/4181)        
2025-07-15T22:09:34.6046432Z remote: Counting objects:  65% (2718/4181)        
2025-07-15T22:09:34.6047221Z remote: Counting objects:  66% (2760/4181)        
2025-07-15T22:09:34.6047833Z remote: Counting objects:  67% (2802/4181)        
2025-07-15T22:09:34.6048428Z remote: Counting objects:  68% (2844/4181)        
2025-07-15T22:09:34.6049018Z remote: Counting objects:  69% (2885/4181)        
2025-07-15T22:09:34.6049601Z remote: Counting objects:  70% (2927/4181)        
2025-07-15T22:09:34.6050186Z remote: Counting objects:  71% (2969/4181)        
2025-07-15T22:09:34.6050793Z remote: Counting objects:  72% (3011/4181)        
2025-07-15T22:09:34.6051387Z remote: Counting objects:  73% (3053/4181)        
2025-07-15T22:09:34.6051975Z remote: Counting objects:  74% (3094/4181)        
2025-07-15T22:09:34.6052573Z remote: Counting objects:  75% (3136/4181)        
2025-07-15T22:09:34.6053159Z remote: Counting objects:  76% (3178/4181)        
2025-07-15T22:09:34.6053926Z remote: Counting objects:  77% (3220/4181)        
2025-07-15T22:09:34.6054558Z remote: Counting objects:  78% (3262/4181)        
2025-07-15T22:09:34.6055155Z remote: Counting objects:  79% (3303/4181)        
2025-07-15T22:09:34.6055743Z remote: Counting objects:  80% (3345/4181)        
2025-07-15T22:09:34.6056326Z remote: Counting objects:  81% (3387/4181)        
2025-07-15T22:09:34.6056915Z remote: Counting objects:  82% (3429/4181)        
2025-07-15T22:09:34.6057496Z remote: Counting objects:  83% (3471/4181)        
2025-07-15T22:09:34.6058077Z remote: Counting objects:  84% (3513/4181)        
2025-07-15T22:09:34.6058674Z remote: Counting objects:  85% (3554/4181)        
2025-07-15T22:09:34.6059260Z remote: Counting objects:  86% (3596/4181)        
2025-07-15T22:09:34.6059936Z remote: Counting objects:  87% (3638/4181)        
2025-07-15T22:09:34.6060867Z remote: Counting objects:  88% (3680/4181)        
2025-07-15T22:09:34.6061859Z remote: Counting objects:  89% (3722/4181)        
2025-07-15T22:09:34.6062648Z remote: Counting objects:  90% (3763/4181)        
2025-07-15T22:09:34.6063245Z remote: Counting objects:  91% (3805/4181)        
2025-07-15T22:09:34.6064105Z remote: Counting objects:  92% (3847/4181)        
2025-07-15T22:09:34.6064698Z remote: Counting objects:  93% (3889/4181)        
2025-07-15T22:09:34.6065286Z remote: Counting objects:  94% (3931/4181)        
2025-07-15T22:09:34.6065876Z remote: Counting objects:  95% (3972/4181)        
2025-07-15T22:09:34.6066462Z remote: Counting objects:  96% (4014/4181)        
2025-07-15T22:09:34.6067039Z remote: Counting objects:  97% (4056/4181)        
2025-07-15T22:09:34.6067616Z remote: Counting objects:  98% (4098/4181)        
2025-07-15T22:09:34.6068488Z remote: Counting objects:  99% (4140/4181)        
2025-07-15T22:09:34.6069420Z remote: Counting objects: 100% (4181/4181)        
2025-07-15T22:09:34.6070259Z remote: Counting objects: 100% (4181/4181), done.        
2025-07-15T22:09:34.6071094Z remote: Compressing objects:   0% (1/3566)        
2025-07-15T22:09:34.6071801Z remote: Compressing objects:   1% (36/3566)        
2025-07-15T22:09:34.6072950Z remote: Compressing objects:   2% (72/3566)        
2025-07-15T22:09:34.6074299Z remote: Compressing objects:   3% (107/3566)        
2025-07-15T22:09:34.6075258Z remote: Compressing objects:   4% (143/3566)        
2025-07-15T22:09:34.6076472Z remote: Compressing objects:   5% (179/3566)        
2025-07-15T22:09:34.6077548Z remote: Compressing objects:   6% (214/3566)        
2025-07-15T22:09:34.6078688Z remote: Compressing objects:   7% (250/3566)        
2025-07-15T22:09:34.6079691Z remote: Compressing objects:   8% (286/3566)        
2025-07-15T22:09:34.6080413Z remote: Compressing objects:   9% (321/3566)        
2025-07-15T22:09:34.6081470Z remote: Compressing objects:  10% (357/3566)        
2025-07-15T22:09:34.6082245Z remote: Compressing objects:  11% (393/3566)        
2025-07-15T22:09:34.6083405Z remote: Compressing objects:  12% (428/3566)        
2025-07-15T22:09:34.6084352Z remote: Compressing objects:  13% (464/3566)        
2025-07-15T22:09:34.6084972Z remote: Compressing objects:  14% (500/3566)        
2025-07-15T22:09:34.6085916Z remote: Compressing objects:  15% (535/3566)        
2025-07-15T22:09:34.6086605Z remote: Compressing objects:  16% (571/3566)        
2025-07-15T22:09:34.6087221Z remote: Compressing objects:  17% (607/3566)        
2025-07-15T22:09:34.6087833Z remote: Compressing objects:  18% (642/3566)        
2025-07-15T22:09:34.6088455Z remote: Compressing objects:  19% (678/3566)        
2025-07-15T22:09:34.6089071Z remote: Compressing objects:  20% (714/3566)        
2025-07-15T22:09:34.6089686Z remote: Compressing objects:  21% (749/3566)        
2025-07-15T22:09:34.6090307Z remote: Compressing objects:  22% (785/3566)        
2025-07-15T22:09:34.6090925Z remote: Compressing objects:  23% (821/3566)        
2025-07-15T22:09:34.6091531Z remote: Compressing objects:  24% (856/3566)        
2025-07-15T22:09:34.6092412Z remote: Compressing objects:  25% (892/3566)        
2025-07-15T22:09:34.6093026Z remote: Compressing objects:  26% (928/3566)        
2025-07-15T22:09:34.6093632Z remote: Compressing objects:  27% (963/3566)        
2025-07-15T22:09:34.6094532Z remote: Compressing objects:  28% (999/3566)        
2025-07-15T22:09:34.6095317Z remote: Compressing objects:  29% (1035/3566)        
2025-07-15T22:09:34.6095963Z remote: Compressing objects:  30% (1070/3566)        
2025-07-15T22:09:34.6096610Z remote: Compressing objects:  31% (1106/3566)        
2025-07-15T22:09:34.6097298Z remote: Compressing objects:  32% (1142/3566)        
2025-07-15T22:09:34.6097935Z remote: Compressing objects:  33% (1177/3566)        
2025-07-15T22:09:34.6098556Z remote: Compressing objects:  34% (1213/3566)        
2025-07-15T22:09:34.6099183Z remote: Compressing objects:  35% (1249/3566)        
2025-07-15T22:09:34.6099809Z remote: Compressing objects:  36% (1284/3566)        
2025-07-15T22:09:34.6100425Z remote: Compressing objects:  37% (1320/3566)        
2025-07-15T22:09:34.6101049Z remote: Compressing objects:  38% (1356/3566)        
2025-07-15T22:09:34.6101670Z remote: Compressing objects:  39% (1391/3566)        
2025-07-15T22:09:34.6102303Z remote: Compressing objects:  40% (1427/3566)        
2025-07-15T22:09:34.6102925Z remote: Compressing objects:  41% (1463/3566)        
2025-07-15T22:09:34.6103543Z remote: Compressing objects:  42% (1498/3566)        
2025-07-15T22:09:34.6104344Z remote: Compressing objects:  43% (1534/3566)        
2025-07-15T22:09:34.6104962Z remote: Compressing objects:  44% (1570/3566)        
2025-07-15T22:09:34.6105588Z remote: Compressing objects:  45% (1605/3566)        
2025-07-15T22:09:34.6106200Z remote: Compressing objects:  46% (1641/3566)        
2025-07-15T22:09:34.6106960Z remote: Compressing objects:  47% (1677/3566)        
2025-07-15T22:09:34.6107594Z remote: Compressing objects:  48% (1712/3566)        
2025-07-15T22:09:34.6108227Z remote: Compressing objects:  49% (1748/3566)        
2025-07-15T22:09:34.6108838Z remote: Compressing objects:  50% (1783/3566)        
2025-07-15T22:09:34.6109477Z remote: Compressing objects:  51% (1819/3566)        
2025-07-15T22:09:34.6110134Z remote: Compressing objects:  52% (1855/3566)        
2025-07-15T22:09:34.6110754Z remote: Compressing objects:  53% (1890/3566)        
2025-07-15T22:09:34.6111365Z remote: Compressing objects:  54% (1926/3566)        
2025-07-15T22:09:34.6112064Z remote: Compressing objects:  55% (1962/3566)        
2025-07-15T22:09:34.6113035Z remote: Compressing objects:  56% (1997/3566)        
2025-07-15T22:09:34.6113672Z remote: Compressing objects:  57% (2033/3566)        
2025-07-15T22:09:34.6114540Z remote: Compressing objects:  58% (2069/3566)        
2025-07-15T22:09:34.6115184Z remote: Compressing objects:  59% (2104/3566)        
2025-07-15T22:09:34.6115792Z remote: Compressing objects:  60% (2140/3566)        
2025-07-15T22:09:34.6116418Z remote: Compressing objects:  61% (2176/3566)        
2025-07-15T22:09:34.6117042Z remote: Compressing objects:  62% (2211/3566)        
2025-07-15T22:09:34.6118027Z remote: Compressing objects:  63% (2247/3566)        
2025-07-15T22:09:34.6119019Z remote: Compressing objects:  64% (2283/3566)        
2025-07-15T22:09:34.6119660Z remote: Compressing objects:  65% (2318/3566)        
2025-07-15T22:09:34.6120298Z remote: Compressing objects:  66% (2354/3566)        
2025-07-15T22:09:34.6120919Z remote: Compressing objects:  67% (2390/3566)        
2025-07-15T22:09:34.6121544Z remote: Compressing objects:  68% (2425/3566)        
2025-07-15T22:09:34.6122174Z remote: Compressing objects:  69% (2461/3566)        
2025-07-15T22:09:34.6122811Z remote: Compressing objects:  70% (2497/3566)        
2025-07-15T22:09:34.6123997Z remote: Compressing objects:  71% (2532/3566)        
2025-07-15T22:09:34.6124724Z remote: Compressing objects:  72% (2568/3566)        
2025-07-15T22:09:34.6125359Z remote: Compressing objects:  73% (2604/3566)        
2025-07-15T22:09:34.6125986Z remote: Compressing objects:  74% (2639/3566)        
2025-07-15T22:09:34.6126613Z remote: Compressing objects:  75% (2675/3566)        
2025-07-15T22:09:34.6127240Z remote: Compressing objects:  76% (2711/3566)        
2025-07-15T22:09:34.6127867Z remote: Compressing objects:  77% (2746/3566)        
2025-07-15T22:09:34.6128482Z remote: Compressing objects:  78% (2782/3566)        
2025-07-15T22:09:34.6129108Z remote: Compressing objects:  79% (2818/3566)        
2025-07-15T22:09:34.6130094Z remote: Compressing objects:  80% (2853/3566)        
2025-07-15T22:09:34.6130835Z remote: Compressing objects:  81% (2889/3566)        
2025-07-15T22:09:34.6131507Z remote: Compressing objects:  82% (2925/3566)        
2025-07-15T22:09:34.6132173Z remote: Compressing objects:  83% (2960/3566)        
2025-07-15T22:09:34.6132850Z remote: Compressing objects:  84% (2996/3566)        
2025-07-15T22:09:34.6133501Z remote: Compressing objects:  85% (3032/3566)        
2025-07-15T22:09:34.6134272Z remote: Compressing objects:  86% (3067/3566)        
2025-07-15T22:09:34.6134922Z remote: Compressing objects:  87% (3103/3566)        
2025-07-15T22:09:34.6135831Z remote: Compressing objects:  88% (3139/3566)        
2025-07-15T22:09:34.6136599Z remote: Compressing objects:  89% (3174/3566)        
2025-07-15T22:09:34.6137242Z remote: Compressing objects:  90% (3210/3566)        
2025-07-15T22:09:34.6137865Z remote: Compressing objects:  91% (3246/3566)        
2025-07-15T22:09:34.6138481Z remote: Compressing objects:  92% (3281/3566)        
2025-07-15T22:09:34.6139094Z remote: Compressing objects:  93% (3317/3566)        
2025-07-15T22:09:34.6139710Z remote: Compressing objects:  94% (3353/3566)        
2025-07-15T22:09:34.6140324Z remote: Compressing objects:  95% (3388/3566)        
2025-07-15T22:09:34.6141102Z remote: Compressing objects:  96% (3424/3566)        
2025-07-15T22:09:34.6141737Z remote: Compressing objects:  97% (3460/3566)        
2025-07-15T22:09:34.6142361Z remote: Compressing objects:  98% (3495/3566)        
2025-07-15T22:09:34.6142986Z remote: Compressing objects:  99% (3531/3566)        
2025-07-15T22:09:34.6143597Z remote: Compressing objects: 100% (3566/3566)        
2025-07-15T22:09:34.6144401Z remote: Compressing objects: 100% (3566/3566), done.        
2025-07-15T22:09:34.6167723Z Receiving objects:   0% (1/4181)
2025-07-15T22:09:34.6233957Z Receiving objects:   1% (42/4181)
2025-07-15T22:09:34.6337845Z Receiving objects:   2% (84/4181)
2025-07-15T22:09:34.6757873Z Receiving objects:   3% (126/4181)
2025-07-15T22:09:34.6927655Z Receiving objects:   4% (168/4181)
2025-07-15T22:09:34.7118789Z Receiving objects:   5% (210/4181)
2025-07-15T22:09:34.7164589Z Receiving objects:   6% (251/4181)
2025-07-15T22:09:34.7526293Z Receiving objects:   7% (293/4181)
2025-07-15T22:09:34.7605371Z Receiving objects:   8% (335/4181)
2025-07-15T22:09:34.7717883Z Receiving objects:   9% (377/4181)
2025-07-15T22:09:34.7822590Z Receiving objects:  10% (419/4181)
2025-07-15T22:09:34.7916212Z Receiving objects:  11% (460/4181)
2025-07-15T22:09:34.7966858Z Receiving objects:  12% (502/4181)
2025-07-15T22:09:34.8008269Z Receiving objects:  13% (544/4181)
2025-07-15T22:09:34.8014379Z Receiving objects:  14% (586/4181)
2025-07-15T22:09:34.8026175Z Receiving objects:  15% (628/4181)
2025-07-15T22:09:34.8035665Z Receiving objects:  16% (669/4181)
2025-07-15T22:09:34.8068646Z Receiving objects:  17% (711/4181)
2025-07-15T22:09:34.8089445Z Receiving objects:  18% (753/4181)
2025-07-15T22:09:34.8137191Z Receiving objects:  19% (795/4181)
2025-07-15T22:09:34.8178035Z Receiving objects:  20% (837/4181)
2025-07-15T22:09:34.8223136Z Receiving objects:  21% (879/4181)
2025-07-15T22:09:34.8278489Z Receiving objects:  22% (920/4181)
2025-07-15T22:09:34.8342970Z Receiving objects:  23% (962/4181)
2025-07-15T22:09:34.8385698Z Receiving objects:  24% (1004/4181)
2025-07-15T22:09:34.8407076Z Receiving objects:  25% (1046/4181)
2025-07-15T22:09:34.8421805Z Receiving objects:  26% (1088/4181)
2025-07-15T22:09:34.8436577Z Receiving objects:  27% (1129/4181)
2025-07-15T22:09:34.8451512Z Receiving objects:  28% (1171/4181)
2025-07-15T22:09:34.8491055Z Receiving objects:  29% (1213/4181)
2025-07-15T22:09:34.8525344Z Receiving objects:  30% (1255/4181)
2025-07-15T22:09:34.8560405Z Receiving objects:  31% (1297/4181)
2025-07-15T22:09:34.8595276Z Receiving objects:  32% (1338/4181)
2025-07-15T22:09:34.8624014Z Receiving objects:  33% (1380/4181)
2025-07-15T22:09:34.8664103Z Receiving objects:  34% (1422/4181)
2025-07-15T22:09:34.8690309Z Receiving objects:  35% (1464/4181)
2025-07-15T22:09:34.8713249Z Receiving objects:  36% (1506/4181)
2025-07-15T22:09:34.8762778Z Receiving objects:  37% (1547/4181)
2025-07-15T22:09:34.8784646Z Receiving objects:  38% (1589/4181)
2025-07-15T22:09:34.8828094Z Receiving objects:  39% (1631/4181)
2025-07-15T22:09:34.8849445Z Receiving objects:  40% (1673/4181)
2025-07-15T22:09:34.8902986Z Receiving objects:  41% (1715/4181)
2025-07-15T22:09:34.8941129Z Receiving objects:  42% (1757/4181)
2025-07-15T22:09:34.8986717Z Receiving objects:  43% (1798/4181)
2025-07-15T22:09:34.9066473Z Receiving objects:  44% (1840/4181)
2025-07-15T22:09:34.9122739Z Receiving objects:  45% (1882/4181)
2025-07-15T22:09:34.9156277Z Receiving objects:  46% (1924/4181)
2025-07-15T22:09:34.9189047Z Receiving objects:  47% (1966/4181)
2025-07-15T22:09:34.9271662Z Receiving objects:  48% (2007/4181)
2025-07-15T22:09:34.9319635Z Receiving objects:  49% (2049/4181)
2025-07-15T22:09:34.9352182Z Receiving objects:  50% (2091/4181)
2025-07-15T22:09:34.9388065Z Receiving objects:  51% (2133/4181)
2025-07-15T22:09:34.9444896Z Receiving objects:  52% (2175/4181)
2025-07-15T22:09:34.9496318Z Receiving objects:  53% (2216/4181)
2025-07-15T22:09:34.9520441Z Receiving objects:  54% (2258/4181)
2025-07-15T22:09:34.9560465Z Receiving objects:  55% (2300/4181)
2025-07-15T22:09:34.9591831Z Receiving objects:  56% (2342/4181)
2025-07-15T22:09:34.9641465Z Receiving objects:  57% (2384/4181)
2025-07-15T22:09:34.9665653Z Receiving objects:  58% (2425/4181)
2025-07-15T22:09:34.9693592Z Receiving objects:  59% (2467/4181)
2025-07-15T22:09:34.9711698Z Receiving objects:  60% (2509/4181)
2025-07-15T22:09:34.9777220Z Receiving objects:  61% (2551/4181)
2025-07-15T22:09:34.9828053Z Receiving objects:  62% (2593/4181)
2025-07-15T22:09:34.9868940Z Receiving objects:  63% (2635/4181)
2025-07-15T22:09:34.9955220Z Receiving objects:  64% (2676/4181)
2025-07-15T22:09:35.0026649Z Receiving objects:  65% (2718/4181)
2025-07-15T22:09:35.0107927Z Receiving objects:  66% (2760/4181)
2025-07-15T22:09:35.0176891Z Receiving objects:  67% (2802/4181)
2025-07-15T22:09:35.0222896Z Receiving objects:  68% (2844/4181)
2025-07-15T22:09:35.0261382Z Receiving objects:  69% (2885/4181)
2025-07-15T22:09:35.0327614Z Receiving objects:  70% (2927/4181)
2025-07-15T22:09:35.0378134Z Receiving objects:  71% (2969/4181)
2025-07-15T22:09:35.0414946Z Receiving objects:  72% (3011/4181)
2025-07-15T22:09:35.0441839Z Receiving objects:  73% (3053/4181)
2025-07-15T22:09:35.0455722Z Receiving objects:  74% (3094/4181)
2025-07-15T22:09:35.0468287Z Receiving objects:  75% (3136/4181)
2025-07-15T22:09:35.0494474Z Receiving objects:  76% (3178/4181)
2025-07-15T22:09:35.0554375Z Receiving objects:  77% (3220/4181)
2025-07-15T22:09:35.0700186Z Receiving objects:  78% (3262/4181)
2025-07-15T22:09:35.0781768Z Receiving objects:  79% (3303/4181)
2025-07-15T22:09:35.0871706Z Receiving objects:  80% (3345/4181)
2025-07-15T22:09:35.0906710Z Receiving objects:  81% (3387/4181)
2025-07-15T22:09:35.0931884Z Receiving objects:  82% (3429/4181)
2025-07-15T22:09:35.0941106Z Receiving objects:  83% (3471/4181)
2025-07-15T22:09:35.0950661Z Receiving objects:  84% (3513/4181)
2025-07-15T22:09:35.0962597Z Receiving objects:  85% (3554/4181)
2025-07-15T22:09:35.0970799Z Receiving objects:  86% (3596/4181)
2025-07-15T22:09:35.0977796Z Receiving objects:  87% (3638/4181)
2025-07-15T22:09:35.0984891Z Receiving objects:  88% (3680/4181)
2025-07-15T22:09:35.0987972Z Receiving objects:  89% (3722/4181)
2025-07-15T22:09:35.0994956Z Receiving objects:  90% (3763/4181)
2025-07-15T22:09:35.1015008Z Receiving objects:  91% (3805/4181)
2025-07-15T22:09:35.1024053Z Receiving objects:  92% (3847/4181)
2025-07-15T22:09:35.1051064Z Receiving objects:  93% (3889/4181)
2025-07-15T22:09:35.1054768Z Receiving objects:  94% (3931/4181)
2025-07-15T22:09:35.1101415Z Receiving objects:  95% (3972/4181)
2025-07-15T22:09:35.1126432Z Receiving objects:  96% (4014/4181)
2025-07-15T22:09:35.1189225Z Receiving objects:  97% (4056/4181), 13.57 MiB | 27.13 MiB/s
2025-07-15T22:09:35.1231429Z Receiving objects:  98% (4098/4181), 13.57 MiB | 27.13 MiB/s
2025-07-15T22:09:35.1279867Z Receiving objects:  99% (4140/4181), 13.57 MiB | 27.13 MiB/s
2025-07-15T22:09:35.1283471Z remote: Total 4181 (delta 578), reused 4157 (delta 570), pack-reused 0 (from 0)        
2025-07-15T22:09:35.1299350Z Receiving objects: 100% (4181/4181), 13.57 MiB | 27.13 MiB/s
2025-07-15T22:09:35.1302185Z Receiving objects: 100% (4181/4181), 14.19 MiB | 27.42 MiB/s, done.
2025-07-15T22:09:35.1304784Z Resolving deltas:   0% (0/578)
2025-07-15T22:09:35.1306411Z Resolving deltas:   1% (7/578)
2025-07-15T22:09:35.1308016Z Resolving deltas:   2% (12/578)
2025-07-15T22:09:35.1309634Z Resolving deltas:   3% (18/578)
2025-07-15T22:09:35.1311811Z Resolving deltas:   4% (24/578)
2025-07-15T22:09:35.1313413Z Resolving deltas:   5% (29/578)
2025-07-15T22:09:35.1315655Z Resolving deltas:   6% (35/578)
2025-07-15T22:09:35.1344788Z Resolving deltas:   7% (41/578)
2025-07-15T22:09:35.1347611Z Resolving deltas:   8% (47/578)
2025-07-15T22:09:35.1349238Z Resolving deltas:   9% (53/578)
2025-07-15T22:09:35.1350822Z Resolving deltas:  10% (58/578)
2025-07-15T22:09:35.1352429Z Resolving deltas:  11% (64/578)
2025-07-15T22:09:35.1354239Z Resolving deltas:  12% (70/578)
2025-07-15T22:09:35.1430140Z Resolving deltas:  13% (76/578)
2025-07-15T22:09:35.1434188Z Resolving deltas:  14% (82/578)
2025-07-15T22:09:35.1438329Z Resolving deltas:  15% (87/578)
2025-07-15T22:09:35.1440030Z Resolving deltas:  16% (93/578)
2025-07-15T22:09:35.1441676Z Resolving deltas:  17% (99/578)
2025-07-15T22:09:35.1443293Z Resolving deltas:  18% (105/578)
2025-07-15T22:09:35.1445172Z Resolving deltas:  19% (110/578)
2025-07-15T22:09:35.1446914Z Resolving deltas:  20% (116/578)
2025-07-15T22:09:35.1448628Z Resolving deltas:  21% (122/578)
2025-07-15T22:09:35.1450394Z Resolving deltas:  22% (128/578)
2025-07-15T22:09:35.1529480Z Resolving deltas:  23% (133/578)
2025-07-15T22:09:35.1531368Z Resolving deltas:  24% (139/578)
2025-07-15T22:09:35.1533020Z Resolving deltas:  25% (146/578)
2025-07-15T22:09:35.1535320Z Resolving deltas:  26% (151/578)
2025-07-15T22:09:35.1537108Z Resolving deltas:  27% (157/578)
2025-07-15T22:09:35.1538721Z Resolving deltas:  28% (162/578)
2025-07-15T22:09:35.1540521Z Resolving deltas:  29% (168/578)
2025-07-15T22:09:35.1542276Z Resolving deltas:  30% (174/578)
2025-07-15T22:09:35.1544307Z Resolving deltas:  31% (180/578)
2025-07-15T22:09:35.1545992Z Resolving deltas:  32% (185/578)
2025-07-15T22:09:35.1547608Z Resolving deltas:  33% (191/578)
2025-07-15T22:09:35.1549233Z Resolving deltas:  34% (197/578)
2025-07-15T22:09:35.1550965Z Resolving deltas:  35% (203/578)
2025-07-15T22:09:35.1552715Z Resolving deltas:  36% (209/578)
2025-07-15T22:09:35.1554996Z Resolving deltas:  37% (214/578)
2025-07-15T22:09:35.1556717Z Resolving deltas:  38% (220/578)
2025-07-15T22:09:35.1558522Z Resolving deltas:  39% (226/578)
2025-07-15T22:09:35.1560330Z Resolving deltas:  40% (232/578)
2025-07-15T22:09:35.1562075Z Resolving deltas:  41% (237/578)
2025-07-15T22:09:35.1564085Z Resolving deltas:  42% (243/578)
2025-07-15T22:09:35.1565887Z Resolving deltas:  43% (249/578)
2025-07-15T22:09:35.1567644Z Resolving deltas:  44% (255/578)
2025-07-15T22:09:35.1569346Z Resolving deltas:  45% (261/578)
2025-07-15T22:09:35.1571090Z Resolving deltas:  46% (266/578)
2025-07-15T22:09:35.1572912Z Resolving deltas:  47% (272/578)
2025-07-15T22:09:35.1576974Z Resolving deltas:  48% (278/578)
2025-07-15T22:09:35.1594893Z Resolving deltas:  49% (284/578)
2025-07-15T22:09:35.1597439Z Resolving deltas:  50% (289/578)
2025-07-15T22:09:35.1603640Z Resolving deltas:  51% (295/578)
2025-07-15T22:09:35.1610121Z Resolving deltas:  52% (301/578)
2025-07-15T22:09:35.1624796Z Resolving deltas:  53% (307/578)
2025-07-15T22:09:35.1628338Z Resolving deltas:  54% (313/578)
2025-07-15T22:09:35.1632997Z Resolving deltas:  55% (318/578)
2025-07-15T22:09:35.1639008Z Resolving deltas:  56% (324/578)
2025-07-15T22:09:35.1646465Z Resolving deltas:  57% (330/578)
2025-07-15T22:09:35.1659479Z Resolving deltas:  58% (336/578)
2025-07-15T22:09:35.1662092Z Resolving deltas:  59% (342/578)
2025-07-15T22:09:35.1672688Z Resolving deltas:  60% (347/578)
2025-07-15T22:09:35.1674806Z Resolving deltas:  61% (353/578)
2025-07-15T22:09:35.1681021Z Resolving deltas:  62% (359/578)
2025-07-15T22:09:35.1685850Z Resolving deltas:  63% (365/578)
2025-07-15T22:09:35.1700083Z Resolving deltas:  64% (370/578)
2025-07-15T22:09:35.1708413Z Resolving deltas:  65% (376/578)
2025-07-15T22:09:35.1710943Z Resolving deltas:  66% (382/578)
2025-07-15T22:09:35.1718803Z Resolving deltas:  67% (388/578)
2025-07-15T22:09:35.1720583Z Resolving deltas:  68% (394/578)
2025-07-15T22:09:35.1723061Z Resolving deltas:  69% (399/578)
2025-07-15T22:09:35.1726255Z Resolving deltas:  70% (405/578)
2025-07-15T22:09:35.1733569Z Resolving deltas:  71% (411/578)
2025-07-15T22:09:35.1737662Z Resolving deltas:  72% (418/578)
2025-07-15T22:09:35.1742072Z Resolving deltas:  73% (422/578)
2025-07-15T22:09:35.1748707Z Resolving deltas:  74% (428/578)
2025-07-15T22:09:35.1751286Z Resolving deltas:  75% (434/578)
2025-07-15T22:09:35.1762286Z Resolving deltas:  76% (440/578)
2025-07-15T22:09:35.1769705Z Resolving deltas:  77% (447/578)
2025-07-15T22:09:35.1774263Z Resolving deltas:  78% (451/578)
2025-07-15T22:09:35.1779224Z Resolving deltas:  79% (457/578)
2025-07-15T22:09:35.1786024Z Resolving deltas:  80% (463/578)
2025-07-15T22:09:35.1788518Z Resolving deltas:  81% (469/578)
2025-07-15T22:09:35.1790941Z Resolving deltas:  82% (474/578)
2025-07-15T22:09:35.1792739Z Resolving deltas:  83% (481/578)
2025-07-15T22:09:35.1805803Z Resolving deltas:  84% (486/578)
2025-07-15T22:09:35.1820681Z Resolving deltas:  85% (492/578)
2025-07-15T22:09:35.1823092Z Resolving deltas:  86% (498/578)
2025-07-15T22:09:35.1831947Z Resolving deltas:  87% (503/578)
2025-07-15T22:09:35.1847894Z Resolving deltas:  88% (509/578)
2025-07-15T22:09:35.1855799Z Resolving deltas:  89% (515/578)
2025-07-15T22:09:35.1858424Z Resolving deltas:  90% (521/578)
2025-07-15T22:09:35.1860508Z Resolving deltas:  91% (526/578)
2025-07-15T22:09:35.1862947Z Resolving deltas:  92% (532/578)
2025-07-15T22:09:35.1864848Z Resolving deltas:  93% (538/578)
2025-07-15T22:09:35.1866657Z Resolving deltas:  94% (544/578)
2025-07-15T22:09:35.1870020Z Resolving deltas:  95% (550/578)
2025-07-15T22:09:35.1871733Z Resolving deltas:  96% (555/578)
2025-07-15T22:09:35.1873423Z Resolving deltas:  97% (561/578)
2025-07-15T22:09:35.1875198Z Resolving deltas:  98% (567/578)
2025-07-15T22:09:35.1876389Z Resolving deltas:  99% (573/578)
2025-07-15T22:09:35.1877424Z Resolving deltas: 100% (578/578)
2025-07-15T22:09:35.1878462Z Resolving deltas: 100% (578/578), done.
2025-07-15T22:09:35.2055670Z From https://github.com/Dinesh-4/Devops
2025-07-15T22:09:35.2058179Z  * [new ref]         a45a69ceea154681d2511608636b7a95e7e9421a -> origin/main
2025-07-15T22:09:35.2101927Z ##[endgroup]
2025-07-15T22:09:35.2104296Z ##[group]Determining the checkout info
2025-07-15T22:09:35.2106342Z ##[endgroup]
2025-07-15T22:09:35.2108262Z ##[group]Checking out the ref
2025-07-15T22:09:35.2110508Z [command]/usr/bin/git checkout --progress --force -B main refs/remotes/origin/main
2025-07-15T22:09:35.5571881Z Switched to a new branch 'main'
2025-07-15T22:09:35.5574601Z branch 'main' set up to track 'origin/main'.
2025-07-15T22:09:35.5592527Z ##[endgroup]
2025-07-15T22:09:35.5627779Z [command]/usr/bin/git log -1 --format='%H'
2025-07-15T22:09:35.5649712Z 'a45a69ceea154681d2511608636b7a95e7e9421a'
2025-07-15T22:09:35.5929916Z ##[group]Run actions/setup-python@v4
2025-07-15T22:09:35.5930910Z with:
2025-07-15T22:09:35.5931592Z   python-version: 3.10
2025-07-15T22:09:35.5932405Z   check-latest: false
2025-07-15T22:09:35.5933446Z   token: ***
2025-07-15T22:09:35.5934317Z   update-environment: true
2025-07-15T22:09:35.5935228Z   allow-prereleases: false
2025-07-15T22:09:35.5936067Z ##[endgroup]
2025-07-15T22:09:35.7601631Z ##[group]Installed versions
2025-07-15T22:09:35.7696689Z Successfully set up CPython (3.10.18)
2025-07-15T22:09:35.7700284Z ##[endgroup]
2025-07-15T22:09:35.7840432Z ##[group]Run python -m pip install --upgrade pip
2025-07-15T22:09:35.7841731Z [36;1mpython -m pip install --upgrade pip[0m
2025-07-15T22:09:35.7842871Z [36;1mpip install -r requirements.txt[0m
2025-07-15T22:09:35.7945206Z shell: /usr/bin/bash -e {0}
2025-07-15T22:09:35.7946069Z env:
2025-07-15T22:09:35.7946969Z   pythonLocation: /opt/hostedtoolcache/Python/3.10.18/x64
2025-07-15T22:09:35.7948568Z   PKG_CONFIG_PATH: /opt/hostedtoolcache/Python/3.10.18/x64/lib/pkgconfig
2025-07-15T22:09:35.7950166Z   Python_ROOT_DIR: /opt/hostedtoolcache/Python/3.10.18/x64
2025-07-15T22:09:35.7952237Z   Python2_ROOT_DIR: /opt/hostedtoolcache/Python/3.10.18/x64
2025-07-15T22:09:35.7954636Z   Python3_ROOT_DIR: /opt/hostedtoolcache/Python/3.10.18/x64
2025-07-15T22:09:35.7956989Z   LD_LIBRARY_PATH: /opt/hostedtoolcache/Python/3.10.18/x64/lib
2025-07-15T22:09:35.7958923Z ##[endgroup]
2025-07-15T22:09:37.8350609Z Requirement already satisfied: pip in /opt/hostedtoolcache/Python/3.10.18/x64/lib/python3.10/site-packages (25.1.1)
2025-07-15T22:09:38.5069539Z Collecting Flask==3.1.0 (from -r requirements.txt (line 1))
2025-07-15T22:09:38.5538817Z   Downloading flask-3.1.0-py3-none-any.whl.metadata (2.7 kB)
2025-07-15T22:09:38.5726099Z Collecting Flask-PyMongo==3.0.1 (from -r requirements.txt (line 2))
2025-07-15T22:09:38.5814780Z   Downloading flask_pymongo-3.0.1-py3-none-any.whl.metadata (3.5 kB)
2025-07-15T22:09:38.6377439Z Collecting pytest==8.2.1 (from -r requirements.txt (line 3))
2025-07-15T22:09:38.6460592Z   Downloading pytest-8.2.1-py3-none-any.whl.metadata (7.6 kB)
2025-07-15T22:09:38.6642081Z Collecting blinker==1.9.0 (from -r requirements.txt (line 4))
2025-07-15T22:09:38.6718129Z   Downloading blinker-1.9.0-py3-none-any.whl.metadata (1.6 kB)
2025-07-15T22:09:38.6956757Z Collecting certifi==2025.7.14 (from -r requirements.txt (line 5))
2025-07-15T22:09:38.7030450Z   Downloading certifi-2025.7.14-py3-none-any.whl.metadata (2.4 kB)
2025-07-15T22:09:38.7973474Z Collecting charset-normalizer==3.4.2 (from -r requirements.txt (line 6))
2025-07-15T22:09:38.8051546Z   Downloading charset_normalizer-3.4.2-cp310-cp310-manylinux_2_17_x86_64.manylinux2014_x86_64.whl.metadata (35 kB)
2025-07-15T22:09:38.8341444Z Collecting click==8.2.1 (from -r requirements.txt (line 7))
2025-07-15T22:09:38.8419744Z   Downloading click-8.2.1-py3-none-any.whl.metadata (2.5 kB)
2025-07-15T22:09:38.8598477Z Collecting dnspython==2.7.0 (from -r requirements.txt (line 8))
2025-07-15T22:09:38.8672088Z   Downloading dnspython-2.7.0-py3-none-any.whl.metadata (5.8 kB)
2025-07-15T22:09:38.8895671Z Collecting idna==3.10 (from -r requirements.txt (line 9))
2025-07-15T22:09:38.8966430Z   Downloading idna-3.10-py3-none-any.whl.metadata (10 kB)
2025-07-15T22:09:38.9136037Z Collecting itsdangerous==2.2.0 (from -r requirements.txt (line 10))
2025-07-15T22:09:38.9205926Z   Downloading itsdangerous-2.2.0-py3-none-any.whl.metadata (1.9 kB)
2025-07-15T22:09:38.9415634Z Collecting Jinja2==3.1.6 (from -r requirements.txt (line 11))
2025-07-15T22:09:38.9488314Z   Downloading jinja2-3.1.6-py3-none-any.whl.metadata (2.9 kB)
2025-07-15T22:09:39.0102893Z Collecting MarkupSafe==3.0.2 (from -r requirements.txt (line 12))
2025-07-15T22:09:39.0188486Z   Downloading MarkupSafe-3.0.2-cp310-cp310-manylinux_2_17_x86_64.manylinux2014_x86_64.whl.metadata (4.0 kB)
2025-07-15T22:09:39.0345770Z Collecting paho-mqtt==2.1.0 (from -r requirements.txt (line 13))
2025-07-15T22:09:39.0419801Z   Downloading paho_mqtt-2.1.0-py3-none-any.whl.metadata (23 kB)
2025-07-15T22:09:39.3882481Z Collecting pymongo==4.13.2 (from -r requirements.txt (line 14))
2025-07-15T22:09:39.3962817Z   Downloading pymongo-4.13.2-cp310-cp310-manylinux_2_17_x86_64.manylinux2014_x86_64.whl.metadata (22 kB)
2025-07-15T22:09:39.4236627Z Collecting python-dotenv==1.1.1 (from -r requirements.txt (line 15))
2025-07-15T22:09:39.4308176Z   Downloading python_dotenv-1.1.1-py3-none-any.whl.metadata (24 kB)
2025-07-15T22:09:39.4642328Z Collecting requests==2.32.4 (from -r requirements.txt (line 16))
2025-07-15T22:09:39.4717413Z   Downloading requests-2.32.4-py3-none-any.whl.metadata (4.9 kB)
2025-07-15T22:09:39.5043208Z Collecting urllib3==2.5.0 (from -r requirements.txt (line 17))
2025-07-15T22:09:39.5117619Z   Downloading urllib3-2.5.0-py3-none-any.whl.metadata (6.5 kB)
2025-07-15T22:09:39.5401141Z Collecting Werkzeug==3.1.3 (from -r requirements.txt (line 18))
2025-07-15T22:09:39.5473487Z   Downloading werkzeug-3.1.3-py3-none-any.whl.metadata (3.7 kB)
2025-07-15T22:09:39.5639094Z Collecting autodevops-cli==0.1.1 (from -r requirements.txt (line 19))
2025-07-15T22:09:39.5725760Z   Downloading autodevops_cli-0.1.1-py3-none-any.whl.metadata (494 bytes)
2025-07-15T22:09:39.5861630Z Collecting iniconfig==2.1.0 (from -r requirements.txt (line 20))
2025-07-15T22:09:39.5934745Z   Downloading iniconfig-2.1.0-py3-none-any.whl.metadata (2.7 kB)
2025-07-15T22:09:39.6105906Z Collecting loguru==0.7.3 (from -r requirements.txt (line 21))
2025-07-15T22:09:39.6179186Z   Downloading loguru-0.7.3-py3-none-any.whl.metadata (22 kB)
2025-07-15T22:09:39.6461801Z Collecting markdown-it-py==3.0.0 (from -r requirements.txt (line 22))
2025-07-15T22:09:39.6542129Z   Downloading markdown_it_py-3.0.0-py3-none-any.whl.metadata (6.9 kB)
2025-07-15T22:09:39.6762867Z Collecting mdurl==0.1.2 (from -r requirements.txt (line 23))
2025-07-15T22:09:39.6835299Z   Downloading mdurl-0.1.2-py3-none-any.whl.metadata (1.6 kB)
2025-07-15T22:09:39.7009299Z Collecting mongomock==4.3.0 (from -r requirements.txt (line 24))
2025-07-15T22:09:39.7080888Z   Downloading mongomock-4.3.0-py2.py3-none-any.whl.metadata (12 kB)
2025-07-15T22:09:39.7346338Z Collecting packaging==25.0 (from -r requirements.txt (line 25))
2025-07-15T22:09:39.7421022Z   Downloading packaging-25.0-py3-none-any.whl.metadata (3.3 kB)
2025-07-15T22:09:39.7594302Z Collecting pluggy==1.6.0 (from -r requirements.txt (line 26))
2025-07-15T22:09:39.7666491Z   Downloading pluggy-1.6.0-py3-none-any.whl.metadata (4.8 kB)
2025-07-15T22:09:39.7922116Z Collecting Pygments==2.19.2 (from -r requirements.txt (line 27))
2025-07-15T22:09:39.7999078Z   Downloading pygments-2.19.2-py3-none-any.whl.metadata (2.5 kB)
2025-07-15T22:09:39.8438890Z Collecting pytz==2025.2 (from -r requirements.txt (line 28))
2025-07-15T22:09:39.8511279Z   Downloading pytz-2025.2-py2.py3-none-any.whl.metadata (22 kB)
2025-07-15T22:09:39.8963594Z Collecting rich==14.0.0 (from -r requirements.txt (line 29))
2025-07-15T22:09:39.9036804Z   Downloading rich-14.0.0-py3-none-any.whl.metadata (18 kB)
2025-07-15T22:09:39.9192312Z Collecting sentinels==1.0.0 (from -r requirements.txt (line 30))
2025-07-15T22:09:39.9275719Z   Downloading sentinels-1.0.0.tar.gz (4.1 kB)
2025-07-15T22:09:39.9422084Z   Installing build dependencies: started
2025-07-15T22:09:40.8580518Z   Installing build dependencies: finished with status 'done'
2025-07-15T22:09:40.8588433Z   Getting requirements to build wheel: started
2025-07-15T22:09:41.2092319Z   Getting requirements to build wheel: finished with status 'done'
2025-07-15T22:09:41.2102399Z   Preparing metadata (pyproject.toml): started
2025-07-15T22:09:41.3927944Z   Preparing metadata (pyproject.toml): finished with status 'done'
2025-07-15T22:09:41.4121556Z Collecting sh==2.2.2 (from -r requirements.txt (line 31))
2025-07-15T22:09:41.4195099Z   Downloading sh-2.2.2-py3-none-any.whl.metadata (3.7 kB)
2025-07-15T22:09:41.4652954Z Collecting exceptiongroup>=1.0.0rc8 (from pytest==8.2.1->-r requirements.txt (line 3))
2025-07-15T22:09:41.4749457Z   Downloading exceptiongroup-1.3.0-py3-none-any.whl.metadata (6.7 kB)
2025-07-15T22:09:41.4961047Z Collecting tomli>=1 (from pytest==8.2.1->-r requirements.txt (line 3))
2025-07-15T22:09:41.5041613Z   Downloading tomli-2.2.1-py3-none-any.whl.metadata (10 kB)
2025-07-15T22:09:41.5824093Z Collecting typing-extensions<5.0,>=4.0.0 (from rich==14.0.0->-r requirements.txt (line 29))
2025-07-15T22:09:41.5902399Z   Downloading typing_extensions-4.14.1-py3-none-any.whl.metadata (3.0 kB)
2025-07-15T22:09:41.6124113Z Downloading flask-3.1.0-py3-none-any.whl (102 kB)
2025-07-15T22:09:41.6280064Z Downloading flask_pymongo-3.0.1-py3-none-any.whl (11 kB)
2025-07-15T22:09:41.6378827Z Downloading pytest-8.2.1-py3-none-any.whl (339 kB)
2025-07-15T22:09:41.6542276Z Downloading pluggy-1.6.0-py3-none-any.whl (20 kB)
2025-07-15T22:09:41.6644972Z Downloading blinker-1.9.0-py3-none-any.whl (8.5 kB)
2025-07-15T22:09:41.6740920Z Downloading certifi-2025.7.14-py3-none-any.whl (162 kB)
2025-07-15T22:09:41.6842926Z Downloading charset_normalizer-3.4.2-cp310-cp310-manylinux_2_17_x86_64.manylinux2014_x86_64.whl (149 kB)
2025-07-15T22:09:41.6945884Z Downloading click-8.2.1-py3-none-any.whl (102 kB)
2025-07-15T22:09:41.7041774Z Downloading dnspython-2.7.0-py3-none-any.whl (313 kB)
2025-07-15T22:09:41.7157548Z Downloading idna-3.10-py3-none-any.whl (70 kB)
2025-07-15T22:09:41.7358511Z Downloading itsdangerous-2.2.0-py3-none-any.whl (16 kB)
2025-07-15T22:09:41.7461288Z Downloading jinja2-3.1.6-py3-none-any.whl (134 kB)
2025-07-15T22:09:41.7566223Z Downloading MarkupSafe-3.0.2-cp310-cp310-manylinux_2_17_x86_64.manylinux2014_x86_64.whl (20 kB)
2025-07-15T22:09:41.7662291Z Downloading paho_mqtt-2.1.0-py3-none-any.whl (67 kB)
2025-07-15T22:09:41.7764811Z Downloading pymongo-4.13.2-cp310-cp310-manylinux_2_17_x86_64.manylinux2014_x86_64.whl (1.2 MB)
2025-07-15T22:09:41.7904428Z    ━━━━━━━━━━━━━━━━━━━━━━━━━━━━━━━━━━━━━━━━ 1.2/1.2 MB 90.8 MB/s eta 0:00:00
2025-07-15T22:09:41.7980423Z Downloading python_dotenv-1.1.1-py3-none-any.whl (20 kB)
2025-07-15T22:09:41.8075167Z Downloading requests-2.32.4-py3-none-any.whl (64 kB)
2025-07-15T22:09:41.8172325Z Downloading urllib3-2.5.0-py3-none-any.whl (129 kB)
2025-07-15T22:09:41.8269631Z Downloading werkzeug-3.1.3-py3-none-any.whl (224 kB)
2025-07-15T22:09:41.8388184Z Downloading autodevops_cli-0.1.1-py3-none-any.whl (4.1 kB)
2025-07-15T22:09:41.8489712Z Downloading iniconfig-2.1.0-py3-none-any.whl (6.0 kB)
2025-07-15T22:09:41.8587268Z Downloading loguru-0.7.3-py3-none-any.whl (61 kB)
2025-07-15T22:09:41.8687283Z Downloading markdown_it_py-3.0.0-py3-none-any.whl (87 kB)
2025-07-15T22:09:41.8792199Z Downloading mdurl-0.1.2-py3-none-any.whl (10.0 kB)
2025-07-15T22:09:41.8896344Z Downloading mongomock-4.3.0-py2.py3-none-any.whl (64 kB)
2025-07-15T22:09:41.8993541Z Downloading packaging-25.0-py3-none-any.whl (66 kB)
2025-07-15T22:09:41.9092335Z Downloading pygments-2.19.2-py3-none-any.whl (1.2 MB)
2025-07-15T22:09:41.9191793Z    ━━━━━━━━━━━━━━━━━━━━━━━━━━━━━━━━━━━━━━━━ 1.2/1.2 MB 137.5 MB/s eta 0:00:00
2025-07-15T22:09:41.9265852Z Downloading pytz-2025.2-py2.py3-none-any.whl (509 kB)
2025-07-15T22:09:41.9427955Z Downloading rich-14.0.0-py3-none-any.whl (243 kB)
2025-07-15T22:09:41.9532723Z Downloading sh-2.2.2-py3-none-any.whl (38 kB)
2025-07-15T22:09:41.9636577Z Downloading typing_extensions-4.14.1-py3-none-any.whl (43 kB)
2025-07-15T22:09:41.9731087Z Downloading exceptiongroup-1.3.0-py3-none-any.whl (16 kB)
2025-07-15T22:09:41.9824832Z Downloading tomli-2.2.1-py3-none-any.whl (14 kB)
2025-07-15T22:09:42.0186585Z Building wheels for collected packages: sentinels
2025-07-15T22:09:42.0196590Z   Building wheel for sentinels (pyproject.toml): started
2025-07-15T22:09:42.2233648Z   Building wheel for sentinels (pyproject.toml): finished with status 'done'
2025-07-15T22:09:42.2239562Z   Created wheel for sentinels: filename=sentinels-1.0.0-py3-none-any.whl size=3229 sha256=e1063c6d4f7c252dc787fb9ba2db912fb058b3fa9f3870c6e8271d9018b77234
2025-07-15T22:09:42.2241742Z   Stored in directory: /home/runner/.cache/pip/wheels/26/bc/eb/67e56405e0684b3d8c011cf4d18129c41be394775fd5ba2347
2025-07-15T22:09:42.2257184Z Successfully built sentinels
2025-07-15T22:09:42.2997708Z Installing collected packages: sentinels, pytz, urllib3, typing-extensions, tomli, sh, python-dotenv, Pygments, pluggy, paho-mqtt, packaging, mdurl, MarkupSafe, loguru, itsdangerous, iniconfig, idna, dnspython, click, charset-normalizer, certifi, blinker, Werkzeug, requests, pymongo, mongomock, markdown-it-py, Jinja2, exceptiongroup, rich, pytest, Flask, Flask-PyMongo, autodevops-cli
2025-07-15T22:09:44.7774359Z 
2025-07-15T22:09:44.7835198Z Successfully installed Flask-3.1.0 Flask-PyMongo-3.0.1 Jinja2-3.1.6 MarkupSafe-3.0.2 Pygments-2.19.2 Werkzeug-3.1.3 autodevops-cli-0.1.1 blinker-1.9.0 certifi-2025.7.14 charset-normalizer-3.4.2 click-8.2.1 dnspython-2.7.0 exceptiongroup-1.3.0 idna-3.10 iniconfig-2.1.0 itsdangerous-2.2.0 loguru-0.7.3 markdown-it-py-3.0.0 mdurl-0.1.2 mongomock-4.3.0 packaging-25.0 paho-mqtt-2.1.0 pluggy-1.6.0 pymongo-4.13.2 pytest-8.2.1 python-dotenv-1.1.1 pytz-2025.2 requests-2.32.4 rich-14.0.0 sentinels-1.0.0 sh-2.2.2 tomli-2.2.1 typing-extensions-4.14.1 urllib3-2.5.0
2025-07-15T22:09:44.9150977Z ##[group]Run export PYTHONPATH=.
2025-07-15T22:09:44.9151307Z [36;1mexport PYTHONPATH=.[0m
2025-07-15T22:09:44.9151552Z [36;1mpytest test_main.py -v[0m
2025-07-15T22:09:44.9180066Z shell: /usr/bin/bash -e {0}
2025-07-15T22:09:44.9180366Z env:
2025-07-15T22:09:44.9180609Z   pythonLocation: /opt/hostedtoolcache/Python/3.10.18/x64
2025-07-15T22:09:44.9181031Z   PKG_CONFIG_PATH: /opt/hostedtoolcache/Python/3.10.18/x64/lib/pkgconfig
2025-07-15T22:09:44.9181442Z   Python_ROOT_DIR: /opt/hostedtoolcache/Python/3.10.18/x64
2025-07-15T22:09:44.9181794Z   Python2_ROOT_DIR: /opt/hostedtoolcache/Python/3.10.18/x64
2025-07-15T22:09:44.9182162Z   Python3_ROOT_DIR: /opt/hostedtoolcache/Python/3.10.18/x64
2025-07-15T22:09:44.9182510Z   LD_LIBRARY_PATH: /opt/hostedtoolcache/Python/3.10.18/x64/lib
2025-07-15T22:09:44.9182804Z ##[endgroup]
2025-07-15T22:09:45.2863420Z ============================= test session starts ==============================
2025-07-15T22:09:45.2864902Z platform linux -- Python 3.10.18, pytest-8.2.1, pluggy-1.6.0 -- /opt/hostedtoolcache/Python/3.10.18/x64/bin/python
2025-07-15T22:09:45.2865709Z cachedir: .pytest_cache
2025-07-15T22:09:45.2866129Z rootdir: /home/runner/work/Devops/Devops
2025-07-15T22:09:45.5713021Z collecting ... collected 7 items
2025-07-15T22:09:45.5713391Z 
2025-07-15T22:09:45.5840906Z test_main.py::test_home_page PASSED                                      [ 14%]
2025-07-15T22:09:45.6004070Z test_main.py::test_admin_dashboard PASSED                                [ 28%]
2025-07-15T22:09:45.6068671Z test_main.py::test_student_dashboard PASSED                              [ 42%]
2025-07-15T22:09:45.6114428Z test_main.py::test_generate_attendance_no_input PASSED                   [ 57%]
2025-07-15T22:09:45.6158107Z test_main.py::test_student_generate_attendance_invalid PASSED            [ 71%]
2025-07-15T22:09:45.6220823Z test_main.py::test_register_user_get PASSED                              [ 85%]
2025-07-15T22:09:45.6279996Z test_main.py::test_receive_rfid_missing PASSED                           [100%]
2025-07-15T22:09:45.6280442Z 
2025-07-15T22:09:45.6280598Z ============================== 7 passed in 0.34s ===============================
2025-07-15T22:09:45.6726097Z ##[group]Run docker/login-action@v3
2025-07-15T22:09:45.6726349Z with:
2025-07-15T22:09:45.6726650Z   username: ***
2025-07-15T22:09:45.6726889Z   password: ***
2025-07-15T22:09:45.6727059Z   ecr: auto
2025-07-15T22:09:45.6727221Z   logout: true
2025-07-15T22:09:45.6727384Z env:
2025-07-15T22:09:45.6727608Z   pythonLocation: /opt/hostedtoolcache/Python/3.10.18/x64
2025-07-15T22:09:45.6728008Z   PKG_CONFIG_PATH: /opt/hostedtoolcache/Python/3.10.18/x64/lib/pkgconfig
2025-07-15T22:09:45.6728393Z   Python_ROOT_DIR: /opt/hostedtoolcache/Python/3.10.18/x64
2025-07-15T22:09:45.6728735Z   Python2_ROOT_DIR: /opt/hostedtoolcache/Python/3.10.18/x64
2025-07-15T22:09:45.6729083Z   Python3_ROOT_DIR: /opt/hostedtoolcache/Python/3.10.18/x64
2025-07-15T22:09:45.6729426Z   LD_LIBRARY_PATH: /opt/hostedtoolcache/Python/3.10.18/x64/lib
2025-07-15T22:09:45.6729715Z ##[endgroup]
2025-07-15T22:09:45.9570776Z Logging into Docker Hub...
2025-07-15T22:09:46.1579992Z Login Succeeded!
2025-07-15T22:09:46.1699819Z ##[group]Run docker build -t ***/flask-ci-cd-demo .
2025-07-15T22:09:46.1700388Z [36;1mdocker build -t ***/flask-ci-cd-demo .[0m
2025-07-15T22:09:46.1728955Z shell: /usr/bin/bash -e {0}
2025-07-15T22:09:46.1729187Z env:
2025-07-15T22:09:46.1729448Z   pythonLocation: /opt/hostedtoolcache/Python/3.10.18/x64
2025-07-15T22:09:46.1729858Z   PKG_CONFIG_PATH: /opt/hostedtoolcache/Python/3.10.18/x64/lib/pkgconfig
2025-07-15T22:09:46.1730290Z   Python_ROOT_DIR: /opt/hostedtoolcache/Python/3.10.18/x64
2025-07-15T22:09:46.1730638Z   Python2_ROOT_DIR: /opt/hostedtoolcache/Python/3.10.18/x64
2025-07-15T22:09:46.1730985Z   Python3_ROOT_DIR: /opt/hostedtoolcache/Python/3.10.18/x64
2025-07-15T22:09:46.1731334Z   LD_LIBRARY_PATH: /opt/hostedtoolcache/Python/3.10.18/x64/lib
2025-07-15T22:09:46.1731625Z ##[endgroup]
2025-07-15T22:09:48.8457518Z #0 building with "default" instance using docker driver
2025-07-15T22:09:48.8458043Z 
2025-07-15T22:09:48.8458395Z #1 [internal] load build definition from Dockerfile
2025-07-15T22:09:48.8458794Z #1 transferring dockerfile: 798B done
2025-07-15T22:09:48.8459096Z #1 DONE 0.0s
2025-07-15T22:09:48.8459225Z 
2025-07-15T22:09:48.8459437Z #2 [auth] library/python:pull token for registry-1.docker.io
2025-07-15T22:09:48.8459849Z #2 DONE 0.0s
2025-07-15T22:09:48.8459991Z 
2025-07-15T22:09:48.8460175Z #3 [internal] load metadata for docker.io/library/python:3.10-slim
2025-07-15T22:09:49.0040293Z #3 DONE 0.3s
2025-07-15T22:09:49.1269302Z 
2025-07-15T22:09:49.1270124Z #4 [internal] load .dockerignore
2025-07-15T22:09:49.1270766Z #4 transferring context: 2B done
2025-07-15T22:09:49.1315048Z #4 DONE 0.0s
2025-07-15T22:09:49.1315245Z 
2025-07-15T22:09:49.1315796Z #5 [1/6] FROM docker.io/library/python:3.10-slim@sha256:9dd6774a1276178f94b0cc1fb1f0edd980825d0ea7634847af9940b1b6273c13
2025-07-15T22:09:49.1317020Z #5 resolve docker.io/library/python:3.10-slim@sha256:9dd6774a1276178f94b0cc1fb1f0edd980825d0ea7634847af9940b1b6273c13 done
2025-07-15T22:09:49.1318221Z #5 sha256:9dd6774a1276178f94b0cc1fb1f0edd980825d0ea7634847af9940b1b6273c13 9.13kB / 9.13kB done
2025-07-15T22:09:49.1319313Z #5 sha256:c5dbd5ba857839a0aa9db765ea519c1514a40da811b4cf08c852b72fab4379d5 1.75kB / 1.75kB done
2025-07-15T22:09:49.1320445Z #5 sha256:563dffbdc42507a70677ee28b4bb678ad9074e3c9f75e3043523a38dcdf4f553 5.37kB / 5.37kB done
2025-07-15T22:09:49.1321493Z #5 sha256:3da95a905ed546f99c4564407923a681757d89651a388ec3f1f5e9bf5ed0b39d 0B / 28.23MB 0.1s
2025-07-15T22:09:49.1322589Z #5 sha256:0ebcc011f0ec7a9a900f7366b104730396a59032e64f04f3867a75f25ed48280 3.51MB / 3.51MB 0.1s done
2025-07-15T22:09:49.1323902Z #5 sha256:92d63ec5cbeb1348bad42929919fd8e78f38d96e388b5509d2929d76ddafb48e 0B / 15.65MB 0.1s
2025-07-15T22:09:49.1324964Z #5 sha256:64b78282ca88b226c404cb8dfdee72b75eea52c9ac7380c0439b6e03992e483f 0B / 248B 0.1s
2025-07-15T22:09:49.2275726Z #5 sha256:3da95a905ed546f99c4564407923a681757d89651a388ec3f1f5e9bf5ed0b39d 13.63MB / 28.23MB 0.2s
2025-07-15T22:09:49.2277548Z #5 sha256:92d63ec5cbeb1348bad42929919fd8e78f38d96e388b5509d2929d76ddafb48e 11.53MB / 15.65MB 0.2s
2025-07-15T22:09:49.2279475Z #5 sha256:64b78282ca88b226c404cb8dfdee72b75eea52c9ac7380c0439b6e03992e483f 248B / 248B 0.1s done
2025-07-15T22:09:49.3289598Z #5 sha256:3da95a905ed546f99c4564407923a681757d89651a388ec3f1f5e9bf5ed0b39d 24.51MB / 28.23MB 0.3s
2025-07-15T22:09:49.3292197Z #5 sha256:92d63ec5cbeb1348bad42929919fd8e78f38d96e388b5509d2929d76ddafb48e 15.65MB / 15.65MB 0.3s done
2025-07-15T22:09:49.4322321Z #5 sha256:3da95a905ed546f99c4564407923a681757d89651a388ec3f1f5e9bf5ed0b39d 28.23MB / 28.23MB 0.4s done
2025-07-15T22:09:49.5560369Z #5 extracting sha256:3da95a905ed546f99c4564407923a681757d89651a388ec3f1f5e9bf5ed0b39d 0.1s
2025-07-15T22:09:49.6562713Z #5 ...
2025-07-15T22:09:49.6562981Z 
2025-07-15T22:09:49.6563142Z #6 [internal] load build context
2025-07-15T22:09:49.6563603Z #6 transferring context: 64.96MB 0.6s done
2025-07-15T22:09:49.6564189Z #6 DONE 0.6s
2025-07-15T22:09:49.6564361Z 
2025-07-15T22:09:49.6565279Z #5 [1/6] FROM docker.io/library/python:3.10-slim@sha256:9dd6774a1276178f94b0cc1fb1f0edd980825d0ea7634847af9940b1b6273c13
2025-07-15T22:09:50.5293915Z #5 extracting sha256:3da95a905ed546f99c4564407923a681757d89651a388ec3f1f5e9bf5ed0b39d 1.1s done
2025-07-15T22:09:50.6727965Z #5 extracting sha256:0ebcc011f0ec7a9a900f7366b104730396a59032e64f04f3867a75f25ed48280 0.1s
2025-07-15T22:09:50.8281959Z #5 extracting sha256:0ebcc011f0ec7a9a900f7366b104730396a59032e64f04f3867a75f25ed48280 0.1s done
2025-07-15T22:09:51.1160296Z #5 extracting sha256:92d63ec5cbeb1348bad42929919fd8e78f38d96e388b5509d2929d76ddafb48e
2025-07-15T22:09:51.7948752Z #5 extracting sha256:92d63ec5cbeb1348bad42929919fd8e78f38d96e388b5509d2929d76ddafb48e 0.6s done
2025-07-15T22:09:51.7949883Z #5 extracting sha256:64b78282ca88b226c404cb8dfdee72b75eea52c9ac7380c0439b6e03992e483f
2025-07-15T22:09:51.9703906Z #5 extracting sha256:64b78282ca88b226c404cb8dfdee72b75eea52c9ac7380c0439b6e03992e483f done
2025-07-15T22:09:51.9704705Z #5 DONE 2.8s
2025-07-15T22:09:51.9704888Z 
2025-07-15T22:09:51.9705619Z #7 [2/6] RUN apt-get update &&     apt-get install -y --no-install-recommends     build-essential     curl     nano     git     && rm -rf /var/lib/apt/lists/*
2025-07-15T22:09:52.0039734Z #7 0.184 Get:1 http://deb.debian.org/debian bookworm InRelease [151 kB]
2025-07-15T22:09:52.1360359Z #7 0.201 Get:2 http://deb.debian.org/debian bookworm-updates InRelease [55.4 kB]
2025-07-15T22:09:52.1361282Z #7 0.207 Get:3 http://deb.debian.org/debian-security bookworm-security InRelease [48.0 kB]
2025-07-15T22:09:52.1362126Z #7 0.260 Get:4 http://deb.debian.org/debian bookworm/main amd64 Packages [8793 kB]
2025-07-15T22:09:52.1362920Z #7 0.316 Get:5 http://deb.debian.org/debian bookworm-updates/main amd64 Packages [756 B]
2025-07-15T22:09:52.3247776Z #7 0.354 Get:6 http://deb.debian.org/debian-security bookworm-security/main amd64 Packages [272 kB]
2025-07-15T22:09:52.8771806Z #7 1.057 Fetched 9320 kB in 1s (10.3 MB/s)
2025-07-15T22:09:53.2453873Z #7 1.057 Reading package lists...
2025-07-15T22:09:53.6379817Z #7 1.442 Reading package lists...
2025-07-15T22:09:53.8089498Z #7 1.827 Building dependency tree...
2025-07-15T22:09:53.8090158Z #7 1.904 Reading state information...
2025-07-15T22:09:53.8090802Z #7 1.989 The following additional packages will be installed:
2025-07-15T22:09:53.8091772Z #7 1.989   binutils binutils-common binutils-x86-64-linux-gnu bzip2 cpp cpp-12 dpkg-dev
2025-07-15T22:09:53.9601229Z #7 1.989   g++ g++-12 gcc gcc-12 git-man libasan8 libatomic1 libbinutils libbrotli1
2025-07-15T22:09:53.9602048Z #7 1.989   libc-dev-bin libc6-dev libcc1-0 libcrypt-dev libctf-nobfd0 libctf0
2025-07-15T22:09:53.9602942Z #7 1.989   libcurl3-gnutls libcurl4 libdpkg-perl liberror-perl libexpat1 libgcc-12-dev
2025-07-15T22:09:53.9604036Z #7 1.989   libgdbm-compat4 libgomp1 libgprofng0 libisl23 libitm1 libjansson4
2025-07-15T22:09:53.9604862Z #7 1.989   libldap-2.5-0 liblsan0 libmpc3 libmpfr6 libnghttp2-14 libnsl-dev libperl5.36
2025-07-15T22:09:53.9605734Z #7 1.989   libpsl5 libquadmath0 librtmp1 libsasl2-2 libsasl2-modules-db libssh2-1
2025-07-15T22:09:53.9607037Z #7 1.989   libstdc++-12-dev libtirpc-dev libtsan2 libubsan1 linux-libc-dev make patch
2025-07-15T22:09:53.9607752Z #7 1.989   perl perl-modules-5.36 rpcsvc-proto xz-utils
2025-07-15T22:09:53.9608230Z #7 1.990 Suggested packages:
2025-07-15T22:09:53.9608793Z #7 1.990   binutils-doc bzip2-doc cpp-doc gcc-12-locales cpp-12-doc debian-keyring
2025-07-15T22:09:53.9609601Z #7 1.990   g++-multilib g++-12-multilib gcc-12-doc gcc-multilib manpages-dev autoconf
2025-07-15T22:09:53.9610388Z #7 1.990   automake libtool flex bison gdb gcc-doc gcc-12-multilib gettext-base
2025-07-15T22:09:53.9611185Z #7 1.990   git-daemon-run | git-daemon-sysvinit git-doc git-email git-gui gitk gitweb
2025-07-15T22:09:53.9612013Z #7 1.990   git-cvs git-mediawiki git-svn glibc-doc gnupg | sq | sqop | pgpainless-cli
2025-07-15T22:09:53.9612833Z #7 1.990   sensible-utils bzr libstdc++-12-doc make-doc hunspell ed diffutils-doc
2025-07-15T22:09:53.9614005Z #7 1.990   perl-doc libterm-readline-gnu-perl | libterm-readline-perl-perl
2025-07-15T22:09:53.9614668Z #7 1.990   libtap-harness-archive-perl
2025-07-15T22:09:53.9615108Z #7 1.990 Recommended packages:
2025-07-15T22:09:53.9615666Z #7 1.990   fakeroot gnupg | sq | sqop | pgpainless-cli libalgorithm-merge-perl less
2025-07-15T22:09:53.9616472Z #7 1.990   ssh-client manpages manpages-dev libc-devtools libfile-fcntllock-perl
2025-07-15T22:09:53.9617300Z #7 1.990   liblocale-gettext-perl libldap-common publicsuffix libsasl2-modules
2025-07-15T22:09:54.1276782Z #7 2.308 The following NEW packages will be installed:
2025-07-15T22:09:54.1277794Z #7 2.308   binutils binutils-common binutils-x86-64-linux-gnu build-essential bzip2 cpp
2025-07-15T22:09:54.2485425Z #7 2.308   cpp-12 curl dpkg-dev g++ g++-12 gcc gcc-12 git git-man libasan8 libatomic1
2025-07-15T22:09:54.2486222Z #7 2.308   libbinutils libbrotli1 libc-dev-bin libc6-dev libcc1-0 libcrypt-dev
2025-07-15T22:09:54.2486934Z #7 2.308   libctf-nobfd0 libctf0 libcurl3-gnutls libcurl4 libdpkg-perl liberror-perl
2025-07-15T22:09:54.2487465Z #7 2.308   libexpat1 libgcc-12-dev libgdbm-compat4 libgomp1 libgprofng0 libisl23
2025-07-15T22:09:54.2487966Z #7 2.308   libitm1 libjansson4 libldap-2.5-0 liblsan0 libmpc3 libmpfr6 libnghttp2-14
2025-07-15T22:09:54.2488439Z #7 2.308   libnsl-dev libperl5.36 libpsl5 libquadmath0 librtmp1 libsasl2-2
2025-07-15T22:09:54.2488903Z #7 2.308   libsasl2-modules-db libssh2-1 libstdc++-12-dev libtirpc-dev libtsan2
2025-07-15T22:09:54.2489459Z #7 2.309   libubsan1 linux-libc-dev make nano patch perl perl-modules-5.36 rpcsvc-proto
2025-07-15T22:09:54.2490035Z #7 2.309   xz-utils
2025-07-15T22:09:54.2490811Z #7 2.354 0 upgraded, 62 newly installed, 0 to remove and 0 not upgraded.
2025-07-15T22:09:54.2491176Z #7 2.354 Need to get 85.7 MB of archives.
2025-07-15T22:09:54.2491538Z #7 2.354 After this operation, 370 MB of additional disk space will be used.
2025-07-15T22:09:54.2492551Z #7 2.354 Get:1 http://deb.debian.org/debian bookworm/main amd64 perl-modules-5.36 all 5.36.0-7+deb12u2 [2815 kB]
2025-07-15T22:09:54.2493955Z #7 2.401 Get:2 http://deb.debian.org/debian bookworm/main amd64 libgdbm-compat4 amd64 1.23-3 [48.2 kB]
2025-07-15T22:09:54.2494976Z #7 2.407 Get:3 http://deb.debian.org/debian bookworm/main amd64 libperl5.36 amd64 5.36.0-7+deb12u2 [4207 kB]
2025-07-15T22:09:54.2495964Z #7 2.429 Get:4 http://deb.debian.org/debian bookworm/main amd64 perl amd64 5.36.0-7+deb12u2 [239 kB]
2025-07-15T22:09:54.3583925Z #7 2.433 Get:5 http://deb.debian.org/debian bookworm/main amd64 nano amd64 7.2-1+deb12u1 [690 kB]
2025-07-15T22:09:54.3585741Z #7 2.444 Get:6 http://deb.debian.org/debian bookworm/main amd64 bzip2 amd64 1.0.8-5+b1 [49.8 kB]
2025-07-15T22:09:54.3588271Z #7 2.450 Get:7 http://deb.debian.org/debian bookworm/main amd64 xz-utils amd64 5.4.1-1 [471 kB]
2025-07-15T22:09:54.3589033Z #7 2.453 Get:8 http://deb.debian.org/debian bookworm/main amd64 binutils-common amd64 2.40-2 [2487 kB]
2025-07-15T22:09:54.3590084Z #7 2.462 Get:9 http://deb.debian.org/debian bookworm/main amd64 libbinutils amd64 2.40-2 [572 kB]
2025-07-15T22:09:54.3591146Z #7 2.464 Get:10 http://deb.debian.org/debian bookworm/main amd64 libctf-nobfd0 amd64 2.40-2 [153 kB]
2025-07-15T22:09:54.3592715Z #7 2.465 Get:11 http://deb.debian.org/debian bookworm/main amd64 libctf0 amd64 2.40-2 [89.8 kB]
2025-07-15T22:09:54.3594963Z #7 2.466 Get:12 http://deb.debian.org/debian bookworm/main amd64 libgprofng0 amd64 2.40-2 [812 kB]
2025-07-15T22:09:54.3598860Z #7 2.469 Get:13 http://deb.debian.org/debian bookworm/main amd64 libjansson4 amd64 2.14-2 [40.8 kB]
2025-07-15T22:09:54.3600215Z #7 2.469 Get:14 http://deb.debian.org/debian bookworm/main amd64 binutils-x86-64-linux-gnu amd64 2.40-2 [2246 kB]
2025-07-15T22:09:54.3602868Z #7 2.477 Get:15 http://deb.debian.org/debian bookworm/main amd64 binutils amd64 2.40-2 [65.0 kB]
2025-07-15T22:09:54.3604657Z #7 2.478 Get:16 http://deb.debian.org/debian bookworm/main amd64 libc-dev-bin amd64 2.36-9+deb12u10 [47.1 kB]
2025-07-15T22:09:54.3606667Z #7 2.478 Get:17 http://deb.debian.org/debian-security bookworm-security/main amd64 linux-libc-dev amd64 6.1.140-1 [2145 kB]
2025-07-15T22:09:54.3607858Z #7 2.482 Get:18 http://deb.debian.org/debian bookworm/main amd64 libcrypt-dev amd64 1:4.4.33-2 [118 kB]
2025-07-15T22:09:54.3609809Z #7 2.483 Get:19 http://deb.debian.org/debian bookworm/main amd64 libtirpc-dev amd64 1.3.3+ds-1 [191 kB]
2025-07-15T22:09:54.3611113Z #7 2.484 Get:20 http://deb.debian.org/debian bookworm/main amd64 libnsl-dev amd64 1.3.0-2 [66.4 kB]
2025-07-15T22:09:54.3613053Z #7 2.484 Get:21 http://deb.debian.org/debian bookworm/main amd64 rpcsvc-proto amd64 1.4.3-1 [63.3 kB]
2025-07-15T22:09:54.3614316Z #7 2.485 Get:22 http://deb.debian.org/debian bookworm/main amd64 libc6-dev amd64 2.36-9+deb12u10 [1903 kB]
2025-07-15T22:09:54.3614970Z #7 2.499 Get:23 http://deb.debian.org/debian bookworm/main amd64 libisl23 amd64 0.25-1.1 [683 kB]
2025-07-15T22:09:54.3615659Z #7 2.502 Get:24 http://deb.debian.org/debian bookworm/main amd64 libmpfr6 amd64 4.2.0-1 [701 kB]
2025-07-15T22:09:54.3616191Z #7 2.504 Get:25 http://deb.debian.org/debian bookworm/main amd64 libmpc3 amd64 1.3.1-1 [51.5 kB]
2025-07-15T22:09:54.3616742Z #7 2.505 Get:26 http://deb.debian.org/debian bookworm/main amd64 cpp-12 amd64 12.2.0-14+deb12u1 [9768 kB]
2025-07-15T22:09:54.3617355Z #7 2.538 Get:27 http://deb.debian.org/debian bookworm/main amd64 cpp amd64 4:12.2.0-3 [6836 B]
2025-07-15T22:09:54.4586540Z #7 2.538 Get:28 http://deb.debian.org/debian bookworm/main amd64 libcc1-0 amd64 12.2.0-14+deb12u1 [41.7 kB]
2025-07-15T22:09:54.4588631Z #7 2.539 Get:29 http://deb.debian.org/debian bookworm/main amd64 libgomp1 amd64 12.2.0-14+deb12u1 [116 kB]
2025-07-15T22:09:54.4590042Z #7 2.540 Get:30 http://deb.debian.org/debian bookworm/main amd64 libitm1 amd64 12.2.0-14+deb12u1 [26.1 kB]
2025-07-15T22:09:54.4592650Z #7 2.540 Get:31 http://deb.debian.org/debian bookworm/main amd64 libatomic1 amd64 12.2.0-14+deb12u1 [9376 B]
2025-07-15T22:09:54.4594711Z #7 2.542 Get:32 http://deb.debian.org/debian bookworm/main amd64 libasan8 amd64 12.2.0-14+deb12u1 [2193 kB]
2025-07-15T22:09:54.4595871Z #7 2.548 Get:33 http://deb.debian.org/debian bookworm/main amd64 liblsan0 amd64 12.2.0-14+deb12u1 [969 kB]
2025-07-15T22:09:54.4596878Z #7 2.552 Get:34 http://deb.debian.org/debian bookworm/main amd64 libtsan2 amd64 12.2.0-14+deb12u1 [2197 kB]
2025-07-15T22:09:54.4598053Z #7 2.560 Get:35 http://deb.debian.org/debian bookworm/main amd64 libubsan1 amd64 12.2.0-14+deb12u1 [883 kB]
2025-07-15T22:09:54.4598907Z #7 2.563 Get:36 http://deb.debian.org/debian bookworm/main amd64 libquadmath0 amd64 12.2.0-14+deb12u1 [145 kB]
2025-07-15T22:09:54.4599518Z #7 2.564 Get:37 http://deb.debian.org/debian bookworm/main amd64 libgcc-12-dev amd64 12.2.0-14+deb12u1 [2437 kB]
2025-07-15T22:09:54.4600105Z #7 2.573 Get:38 http://deb.debian.org/debian bookworm/main amd64 gcc-12 amd64 12.2.0-14+deb12u1 [19.3 MB]
2025-07-15T22:09:54.4601065Z #7 2.639 Get:39 http://deb.debian.org/debian bookworm/main amd64 gcc amd64 4:12.2.0-3 [5216 B]
2025-07-15T22:09:54.6559078Z #7 2.639 Get:40 http://deb.debian.org/debian bookworm/main amd64 libstdc++-12-dev amd64 12.2.0-14+deb12u1 [2047 kB]
2025-07-15T22:09:54.6560586Z #7 2.646 Get:41 http://deb.debian.org/debian bookworm/main amd64 g++-12 amd64 12.2.0-14+deb12u1 [10.7 MB]
2025-07-15T22:09:54.6561349Z #7 2.683 Get:42 http://deb.debian.org/debian bookworm/main amd64 g++ amd64 4:12.2.0-3 [1356 B]
2025-07-15T22:09:54.6561933Z #7 2.683 Get:43 http://deb.debian.org/debian bookworm/main amd64 make amd64 4.3-4.1 [396 kB]
2025-07-15T22:09:54.6562631Z #7 2.685 Get:44 http://deb.debian.org/debian bookworm/main amd64 libdpkg-perl all 1.21.22 [603 kB]
2025-07-15T22:09:54.6563322Z #7 2.687 Get:45 http://deb.debian.org/debian bookworm/main amd64 patch amd64 2.7.6-7 [128 kB]
2025-07-15T22:09:54.6564179Z #7 2.688 Get:46 http://deb.debian.org/debian bookworm/main amd64 dpkg-dev all 1.21.22 [1353 kB]
2025-07-15T22:09:54.6564898Z #7 2.693 Get:47 http://deb.debian.org/debian bookworm/main amd64 build-essential amd64 12.9 [7704 B]
2025-07-15T22:09:54.6565816Z #7 2.693 Get:48 http://deb.debian.org/debian bookworm/main amd64 libbrotli1 amd64 1.0.9-2+b6 [275 kB]
2025-07-15T22:09:54.6566640Z #7 2.694 Get:49 http://deb.debian.org/debian bookworm/main amd64 libsasl2-modules-db amd64 2.1.28+dfsg-10 [20.3 kB]
2025-07-15T22:09:54.6567436Z #7 2.695 Get:50 http://deb.debian.org/debian bookworm/main amd64 libsasl2-2 amd64 2.1.28+dfsg-10 [59.7 kB]
2025-07-15T22:09:54.6568221Z #7 2.695 Get:51 http://deb.debian.org/debian bookworm/main amd64 libldap-2.5-0 amd64 2.5.13+dfsg-5 [183 kB]
2025-07-15T22:09:54.6569024Z #7 2.696 Get:52 http://deb.debian.org/debian bookworm/main amd64 libnghttp2-14 amd64 1.52.0-1+deb12u2 [73.0 kB]
2025-07-15T22:09:54.6569742Z #7 2.696 Get:53 http://deb.debian.org/debian bookworm/main amd64 libpsl5 amd64 0.21.2-1 [58.7 kB]
2025-07-15T22:09:54.6570425Z #7 2.697 Get:54 http://deb.debian.org/debian bookworm/main amd64 librtmp1 amd64 2.4+20151223.gitfa8646d.1-2+b2 [60.8 kB]
2025-07-15T22:09:54.6571072Z #7 2.697 Get:55 http://deb.debian.org/debian bookworm/main amd64 libssh2-1 amd64 1.10.0-3+b1 [179 kB]
2025-07-15T22:09:54.6571745Z #7 2.700 Get:56 http://deb.debian.org/debian bookworm/main amd64 libcurl4 amd64 7.88.1-10+deb12u12 [391 kB]
2025-07-15T22:09:54.6572408Z #7 2.701 Get:57 http://deb.debian.org/debian bookworm/main amd64 curl amd64 7.88.1-10+deb12u12 [315 kB]
2025-07-15T22:09:54.6573106Z #7 2.704 Get:58 http://deb.debian.org/debian bookworm/main amd64 libcurl3-gnutls amd64 7.88.1-10+deb12u12 [386 kB]
2025-07-15T22:09:54.6573926Z #7 2.706 Get:59 http://deb.debian.org/debian bookworm/main amd64 libexpat1 amd64 2.5.0-1+deb12u1 [98.9 kB]
2025-07-15T22:09:54.6574510Z #7 2.707 Get:60 http://deb.debian.org/debian bookworm/main amd64 liberror-perl all 0.17029-2 [29.0 kB]
2025-07-15T22:09:54.6575181Z #7 2.707 Get:61 http://deb.debian.org/debian bookworm/main amd64 git-man all 1:2.39.5-0+deb12u2 [2053 kB]
2025-07-15T22:09:54.6575841Z #7 2.715 Get:62 http://deb.debian.org/debian bookworm/main amd64 git amd64 1:2.39.5-0+deb12u2 [7260 kB]
2025-07-15T22:09:54.6576461Z #7 2.836 debconf: delaying package configuration, since apt-utils is not installed
2025-07-15T22:09:54.8475249Z #7 2.856 Fetched 85.7 MB in 0s (202 MB/s)
2025-07-15T22:09:54.8475918Z #7 2.870 Selecting previously unselected package perl-modules-5.36.
2025-07-15T22:09:54.8476516Z #7 2.870 (Reading database ... 
2025-07-15T22:09:54.8476886Z (Reading database ... 5%
2025-07-15T22:09:54.8477259Z (Reading database ... 10%
2025-07-15T22:09:54.8477605Z (Reading database ... 15%
2025-07-15T22:09:54.8477934Z (Reading database ... 20%
2025-07-15T22:09:54.8478283Z (Reading database ... 25%
2025-07-15T22:09:54.8478607Z (Reading database ... 30%
2025-07-15T22:09:54.8478943Z (Reading database ... 35%
2025-07-15T22:09:54.8479285Z (Reading database ... 40%
2025-07-15T22:09:54.8479606Z (Reading database ... 45%
2025-07-15T22:09:54.8479952Z (Reading database ... 50%
2025-07-15T22:09:54.8480284Z (Reading database ... 55%
2025-07-15T22:09:54.8480610Z (Reading database ... 60%
2025-07-15T22:09:54.8480955Z (Reading database ... 65%
2025-07-15T22:09:54.8481316Z (Reading database ... 70%
2025-07-15T22:09:54.8482118Z (Reading database ... 75%
2025-07-15T22:09:54.8482447Z (Reading database ... 80%
2025-07-15T22:09:54.8482802Z (Reading database ... 85%
2025-07-15T22:09:54.8483135Z (Reading database ... 90%
2025-07-15T22:09:54.8483454Z (Reading database ... 95%
2025-07-15T22:09:54.8484004Z (Reading database ... 100%
2025-07-15T22:09:54.8484504Z (Reading database ... 6688 files and directories currently installed.)
2025-07-15T22:09:54.8485273Z #7 2.876 Preparing to unpack .../00-perl-modules-5.36_5.36.0-7+deb12u2_all.deb ...
2025-07-15T22:09:54.8485786Z #7 2.877 Unpacking perl-modules-5.36 (5.36.0-7+deb12u2) ...
2025-07-15T22:09:54.9912877Z #7 3.171 Selecting previously unselected package libgdbm-compat4:amd64.
2025-07-15T22:09:55.1675777Z #7 3.173 Preparing to unpack .../01-libgdbm-compat4_1.23-3_amd64.deb ...
2025-07-15T22:09:55.1676514Z #7 3.176 Unpacking libgdbm-compat4:amd64 (1.23-3) ...
2025-07-15T22:09:55.1677731Z #7 3.195 Selecting previously unselected package libperl5.36:amd64.
2025-07-15T22:09:55.1678485Z #7 3.196 Preparing to unpack .../02-libperl5.36_5.36.0-7+deb12u2_amd64.deb ...
2025-07-15T22:09:55.1679131Z #7 3.197 Unpacking libperl5.36:amd64 (5.36.0-7+deb12u2) ...
2025-07-15T22:09:55.3079107Z #7 3.488 Selecting previously unselected package perl.
2025-07-15T22:09:55.4251951Z #7 3.490 Preparing to unpack .../03-perl_5.36.0-7+deb12u2_amd64.deb ...
2025-07-15T22:09:55.4252484Z #7 3.495 Unpacking perl (5.36.0-7+deb12u2) ...
2025-07-15T22:09:55.4252845Z #7 3.523 Selecting previously unselected package nano.
2025-07-15T22:09:55.4253224Z #7 3.525 Preparing to unpack .../04-nano_7.2-1+deb12u1_amd64.deb ...
2025-07-15T22:09:55.4253578Z #7 3.526 Unpacking nano (7.2-1+deb12u1) ...
2025-07-15T22:09:55.4254211Z #7 3.584 Selecting previously unselected package bzip2.
2025-07-15T22:09:55.4254809Z #7 3.585 Preparing to unpack .../05-bzip2_1.0.8-5+b1_amd64.deb ...
2025-07-15T22:09:55.4255131Z #7 3.586 Unpacking bzip2 (1.0.8-5+b1) ...
2025-07-15T22:09:55.4255467Z #7 3.605 Selecting previously unselected package xz-utils.
2025-07-15T22:09:55.6256262Z #7 3.607 Preparing to unpack .../06-xz-utils_5.4.1-1_amd64.deb ...
2025-07-15T22:09:55.6256704Z #7 3.608 Unpacking xz-utils (5.4.1-1) ...
2025-07-15T22:09:55.6257201Z #7 3.653 Selecting previously unselected package binutils-common:amd64.
2025-07-15T22:09:55.6257732Z #7 3.655 Preparing to unpack .../07-binutils-common_2.40-2_amd64.deb ...
2025-07-15T22:09:55.6258147Z #7 3.655 Unpacking binutils-common:amd64 (2.40-2) ...
2025-07-15T22:09:55.6424754Z #7 3.823 Selecting previously unselected package libbinutils:amd64.
2025-07-15T22:09:55.7472960Z #7 3.824 Preparing to unpack .../08-libbinutils_2.40-2_amd64.deb ...
2025-07-15T22:09:55.7473616Z #7 3.825 Unpacking libbinutils:amd64 (2.40-2) ...
2025-07-15T22:09:55.7474551Z #7 3.878 Selecting previously unselected package libctf-nobfd0:amd64.
2025-07-15T22:09:55.7475264Z #7 3.879 Preparing to unpack .../09-libctf-nobfd0_2.40-2_amd64.deb ...
2025-07-15T22:09:55.7475763Z #7 3.880 Unpacking libctf-nobfd0:amd64 (2.40-2) ...
2025-07-15T22:09:55.7476160Z #7 3.904 Selecting previously unselected package libctf0:amd64.
2025-07-15T22:09:55.7476560Z #7 3.905 Preparing to unpack .../10-libctf0_2.40-2_amd64.deb ...
2025-07-15T22:09:55.7476883Z #7 3.906 Unpacking libctf0:amd64 (2.40-2) ...
2025-07-15T22:09:55.7477246Z #7 3.927 Selecting previously unselected package libgprofng0:amd64.
2025-07-15T22:09:55.9860678Z #7 3.929 Preparing to unpack .../11-libgprofng0_2.40-2_amd64.deb ...
2025-07-15T22:09:55.9861362Z #7 3.930 Unpacking libgprofng0:amd64 (2.40-2) ...
2025-07-15T22:09:55.9862047Z #7 3.994 Selecting previously unselected package libjansson4:amd64.
2025-07-15T22:09:55.9862759Z #7 3.996 Preparing to unpack .../12-libjansson4_2.14-2_amd64.deb ...
2025-07-15T22:09:55.9863361Z #7 3.997 Unpacking libjansson4:amd64 (2.14-2) ...
2025-07-15T22:09:55.9864226Z #7 4.014 Selecting previously unselected package binutils-x86-64-linux-gnu.
2025-07-15T22:09:55.9865082Z #7 4.015 Preparing to unpack .../13-binutils-x86-64-linux-gnu_2.40-2_amd64.deb ...
2025-07-15T22:09:55.9866145Z #7 4.016 Unpacking binutils-x86-64-linux-gnu (2.40-2) ...
2025-07-15T22:09:56.0142925Z #7 4.194 Selecting previously unselected package binutils.
2025-07-15T22:09:56.2101112Z #7 4.196 Preparing to unpack .../14-binutils_2.40-2_amd64.deb ...
2025-07-15T22:09:56.2102065Z #7 4.197 Unpacking binutils (2.40-2) ...
2025-07-15T22:09:56.2102591Z #7 4.218 Selecting previously unselected package libc-dev-bin.
2025-07-15T22:09:56.2103035Z #7 4.219 Preparing to unpack .../15-libc-dev-bin_2.36-9+deb12u10_amd64.deb ...
2025-07-15T22:09:56.2103435Z #7 4.221 Unpacking libc-dev-bin (2.36-9+deb12u10) ...
2025-07-15T22:09:56.2104081Z #7 4.238 Selecting previously unselected package linux-libc-dev:amd64.
2025-07-15T22:09:56.2104523Z #7 4.239 Preparing to unpack .../16-linux-libc-dev_6.1.140-1_amd64.deb ...
2025-07-15T22:09:56.2104909Z #7 4.240 Unpacking linux-libc-dev:amd64 (6.1.140-1) ...
2025-07-15T22:09:56.2437396Z #7 4.424 Selecting previously unselected package libcrypt-dev:amd64.
2025-07-15T22:09:56.3503069Z #7 4.426 Preparing to unpack .../17-libcrypt-dev_1%3a4.4.33-2_amd64.deb ...
2025-07-15T22:09:56.3503907Z #7 4.431 Unpacking libcrypt-dev:amd64 (1:4.4.33-2) ...
2025-07-15T22:09:56.3504531Z #7 4.453 Selecting previously unselected package libtirpc-dev:amd64.
2025-07-15T22:09:56.3505226Z #7 4.454 Preparing to unpack .../18-libtirpc-dev_1.3.3+ds-1_amd64.deb ...
2025-07-15T22:09:56.3505831Z #7 4.455 Unpacking libtirpc-dev:amd64 (1.3.3+ds-1) ...
2025-07-15T22:09:56.3506392Z #7 4.484 Selecting previously unselected package libnsl-dev:amd64.
2025-07-15T22:09:56.3506804Z #7 4.485 Preparing to unpack .../19-libnsl-dev_1.3.0-2_amd64.deb ...
2025-07-15T22:09:56.3507169Z #7 4.486 Unpacking libnsl-dev:amd64 (1.3.0-2) ...
2025-07-15T22:09:56.3507513Z #7 4.506 Selecting previously unselected package rpcsvc-proto.
2025-07-15T22:09:56.3507899Z #7 4.507 Preparing to unpack .../20-rpcsvc-proto_1.4.3-1_amd64.deb ...
2025-07-15T22:09:56.3508266Z #7 4.509 Unpacking rpcsvc-proto (1.4.3-1) ...
2025-07-15T22:09:56.3508610Z #7 4.531 Selecting previously unselected package libc6-dev:amd64.
2025-07-15T22:09:56.5016120Z #7 4.532 Preparing to unpack .../21-libc6-dev_2.36-9+deb12u10_amd64.deb ...
2025-07-15T22:09:56.5016806Z #7 4.533 Unpacking libc6-dev:amd64 (2.36-9+deb12u10) ...
2025-07-15T22:09:56.5017364Z #7 4.682 Selecting previously unselected package libisl23:amd64.
2025-07-15T22:09:56.6067872Z #7 4.683 Preparing to unpack .../22-libisl23_0.25-1.1_amd64.deb ...
2025-07-15T22:09:56.6068482Z #7 4.685 Unpacking libisl23:amd64 (0.25-1.1) ...
2025-07-15T22:09:56.6068867Z #7 4.745 Selecting previously unselected package libmpfr6:amd64.
2025-07-15T22:09:56.6069263Z #7 4.747 Preparing to unpack .../23-libmpfr6_4.2.0-1_amd64.deb ...
2025-07-15T22:09:56.6069601Z #7 4.748 Unpacking libmpfr6:amd64 (4.2.0-1) ...
2025-07-15T22:09:56.6069923Z #7 4.787 Selecting previously unselected package libmpc3:amd64.
2025-07-15T22:09:56.7788385Z #7 4.789 Preparing to unpack .../24-libmpc3_1.3.1-1_amd64.deb ...
2025-07-15T22:09:56.7789037Z #7 4.790 Unpacking libmpc3:amd64 (1.3.1-1) ...
2025-07-15T22:09:56.7789420Z #7 4.807 Selecting previously unselected package cpp-12.
2025-07-15T22:09:56.7789844Z #7 4.808 Preparing to unpack .../25-cpp-12_12.2.0-14+deb12u1_amd64.deb ...
2025-07-15T22:09:56.7790239Z #7 4.809 Unpacking cpp-12 (12.2.0-14+deb12u1) ...
2025-07-15T22:09:57.1152245Z #7 5.295 Selecting previously unselected package cpp.
2025-07-15T22:09:57.2229842Z #7 5.297 Preparing to unpack .../26-cpp_4%3a12.2.0-3_amd64.deb ...
2025-07-15T22:09:57.2230236Z #7 5.298 Unpacking cpp (4:12.2.0-3) ...
2025-07-15T22:09:57.2230569Z #7 5.316 Selecting previously unselected package libcc1-0:amd64.
2025-07-15T22:09:57.2230975Z #7 5.318 Preparing to unpack .../27-libcc1-0_12.2.0-14+deb12u1_amd64.deb ...
2025-07-15T22:09:57.2231378Z #7 5.319 Unpacking libcc1-0:amd64 (12.2.0-14+deb12u1) ...
2025-07-15T22:09:57.2231736Z #7 5.338 Selecting previously unselected package libgomp1:amd64.
2025-07-15T22:09:57.2232165Z #7 5.340 Preparing to unpack .../28-libgomp1_12.2.0-14+deb12u1_amd64.deb ...
2025-07-15T22:09:57.2232815Z #7 5.341 Unpacking libgomp1:amd64 (12.2.0-14+deb12u1) ...
2025-07-15T22:09:57.2233157Z #7 5.364 Selecting previously unselected package libitm1:amd64.
2025-07-15T22:09:57.2233552Z #7 5.365 Preparing to unpack .../29-libitm1_12.2.0-14+deb12u1_amd64.deb ...
2025-07-15T22:09:57.2234153Z #7 5.367 Unpacking libitm1:amd64 (12.2.0-14+deb12u1) ...
2025-07-15T22:09:57.2234502Z #7 5.385 Selecting previously unselected package libatomic1:amd64.
2025-07-15T22:09:57.2234914Z #7 5.386 Preparing to unpack .../30-libatomic1_12.2.0-14+deb12u1_amd64.deb ...
2025-07-15T22:09:57.2235295Z #7 5.387 Unpacking libatomic1:amd64 (12.2.0-14+deb12u1) ...
2025-07-15T22:09:57.2235645Z #7 5.403 Selecting previously unselected package libasan8:amd64.
2025-07-15T22:09:57.3750197Z #7 5.404 Preparing to unpack .../31-libasan8_12.2.0-14+deb12u1_amd64.deb ...
2025-07-15T22:09:57.3750804Z #7 5.405 Unpacking libasan8:amd64 (12.2.0-14+deb12u1) ...
2025-07-15T22:09:57.3751460Z #7 5.555 Selecting previously unselected package liblsan0:amd64.
2025-07-15T22:09:57.6057667Z #7 5.557 Preparing to unpack .../32-liblsan0_12.2.0-14+deb12u1_amd64.deb ...
2025-07-15T22:09:57.6058431Z #7 5.558 Unpacking liblsan0:amd64 (12.2.0-14+deb12u1) ...
2025-07-15T22:09:57.6058999Z #7 5.634 Selecting previously unselected package libtsan2:amd64.
2025-07-15T22:09:57.6059607Z #7 5.636 Preparing to unpack .../33-libtsan2_12.2.0-14+deb12u1_amd64.deb ...
2025-07-15T22:09:57.6060167Z #7 5.637 Unpacking libtsan2:amd64 (12.2.0-14+deb12u1) ...
2025-07-15T22:09:57.6060685Z #7 5.786 Selecting previously unselected package libubsan1:amd64.
2025-07-15T22:09:57.7068772Z #7 5.788 Preparing to unpack .../34-libubsan1_12.2.0-14+deb12u1_amd64.deb ...
2025-07-15T22:09:57.7069385Z #7 5.789 Unpacking libubsan1:amd64 (12.2.0-14+deb12u1) ...
2025-07-15T22:09:57.7069793Z #7 5.858 Selecting previously unselected package libquadmath0:amd64.
2025-07-15T22:09:57.7070262Z #7 5.860 Preparing to unpack .../35-libquadmath0_12.2.0-14+deb12u1_amd64.deb ...
2025-07-15T22:09:57.7070677Z #7 5.861 Unpacking libquadmath0:amd64 (12.2.0-14+deb12u1) ...
2025-07-15T22:09:57.7071061Z #7 5.885 Selecting previously unselected package libgcc-12-dev:amd64.
2025-07-15T22:09:57.7071480Z #7 5.886 Preparing to unpack .../36-libgcc-12-dev_12.2.0-14+deb12u1_amd64.deb ...
2025-07-15T22:09:57.7071865Z #7 5.887 Unpacking libgcc-12-dev:amd64 (12.2.0-14+deb12u1) ...
2025-07-15T22:09:57.8646702Z #7 6.045 Selecting previously unselected package gcc-12.
2025-07-15T22:09:58.0180817Z #7 6.047 Preparing to unpack .../37-gcc-12_12.2.0-14+deb12u1_amd64.deb ...
2025-07-15T22:09:58.0181746Z #7 6.048 Unpacking gcc-12 (12.2.0-14+deb12u1) ...
2025-07-15T22:09:58.4532114Z #7 6.633 Selecting previously unselected package gcc.
2025-07-15T22:09:58.6267158Z #7 6.635 Preparing to unpack .../38-gcc_4%3a12.2.0-3_amd64.deb ...
2025-07-15T22:09:58.6267803Z #7 6.636 Unpacking gcc (4:12.2.0-3) ...
2025-07-15T22:09:58.6268467Z #7 6.654 Selecting previously unselected package libstdc++-12-dev:amd64.
2025-07-15T22:09:58.6269293Z #7 6.655 Preparing to unpack .../39-libstdc++-12-dev_12.2.0-14+deb12u1_amd64.deb ...
2025-07-15T22:09:58.6270038Z #7 6.656 Unpacking libstdc++-12-dev:amd64 (12.2.0-14+deb12u1) ...
2025-07-15T22:09:58.6890839Z #7 6.869 Selecting previously unselected package g++-12.
2025-07-15T22:09:58.8430453Z #7 6.871 Preparing to unpack .../40-g++-12_12.2.0-14+deb12u1_amd64.deb ...
2025-07-15T22:09:58.8431139Z #7 6.872 Unpacking g++-12 (12.2.0-14+deb12u1) ...
2025-07-15T22:09:59.1945662Z #7 7.375 Selecting previously unselected package g++.
2025-07-15T22:09:59.3095432Z #7 7.376 Preparing to unpack .../41-g++_4%3a12.2.0-3_amd64.deb ...
2025-07-15T22:09:59.3095948Z #7 7.377 Unpacking g++ (4:12.2.0-3) ...
2025-07-15T22:09:59.3096259Z #7 7.392 Selecting previously unselected package make.
2025-07-15T22:09:59.3096687Z #7 7.393 Preparing to unpack .../42-make_4.3-4.1_amd64.deb ...
2025-07-15T22:09:59.3097007Z #7 7.395 Unpacking make (4.3-4.1) ...
2025-07-15T22:09:59.3097347Z #7 7.434 Selecting previously unselected package libdpkg-perl.
2025-07-15T22:09:59.3098072Z #7 7.436 Preparing to unpack .../43-libdpkg-perl_1.21.22_all.deb ...
2025-07-15T22:09:59.3098528Z #7 7.437 Unpacking libdpkg-perl (1.21.22) ...
2025-07-15T22:09:59.3098839Z #7 7.490 Selecting previously unselected package patch.
2025-07-15T22:09:59.4243378Z #7 7.491 Preparing to unpack .../44-patch_2.7.6-7_amd64.deb ...
2025-07-15T22:09:59.4244025Z #7 7.492 Unpacking patch (2.7.6-7) ...
2025-07-15T22:09:59.4244469Z #7 7.515 Selecting previously unselected package dpkg-dev.
2025-07-15T22:09:59.4244832Z #7 7.516 Preparing to unpack .../45-dpkg-dev_1.21.22_all.deb ...
2025-07-15T22:09:59.4245162Z #7 7.517 Unpacking dpkg-dev (1.21.22) ...
2025-07-15T22:09:59.4245494Z #7 7.605 Selecting previously unselected package build-essential.
2025-07-15T22:09:59.5499118Z #7 7.606 Preparing to unpack .../46-build-essential_12.9_amd64.deb ...
2025-07-15T22:09:59.5499875Z #7 7.607 Unpacking build-essential (12.9) ...
2025-07-15T22:09:59.5500661Z #7 7.624 Selecting previously unselected package libbrotli1:amd64.
2025-07-15T22:09:59.5501208Z #7 7.626 Preparing to unpack .../47-libbrotli1_1.0.9-2+b6_amd64.deb ...
2025-07-15T22:09:59.5501572Z #7 7.627 Unpacking libbrotli1:amd64 (1.0.9-2+b6) ...
2025-07-15T22:09:59.5501955Z #7 7.660 Selecting previously unselected package libsasl2-modules-db:amd64.
2025-07-15T22:09:59.5502415Z #7 7.661 Preparing to unpack .../48-libsasl2-modules-db_2.1.28+dfsg-10_amd64.deb ...
2025-07-15T22:09:59.5502835Z #7 7.662 Unpacking libsasl2-modules-db:amd64 (2.1.28+dfsg-10) ...
2025-07-15T22:09:59.5503217Z #7 7.678 Selecting previously unselected package libsasl2-2:amd64.
2025-07-15T22:09:59.5503616Z #7 7.680 Preparing to unpack .../49-libsasl2-2_2.1.28+dfsg-10_amd64.deb ...
2025-07-15T22:09:59.5504211Z #7 7.680 Unpacking libsasl2-2:amd64 (2.1.28+dfsg-10) ...
2025-07-15T22:09:59.5504568Z #7 7.700 Selecting previously unselected package libldap-2.5-0:amd64.
2025-07-15T22:09:59.5504991Z #7 7.701 Preparing to unpack .../50-libldap-2.5-0_2.5.13+dfsg-5_amd64.deb ...
2025-07-15T22:09:59.5505369Z #7 7.702 Unpacking libldap-2.5-0:amd64 (2.5.13+dfsg-5) ...
2025-07-15T22:09:59.5505728Z #7 7.730 Selecting previously unselected package libnghttp2-14:amd64.
2025-07-15T22:09:59.6503868Z #7 7.731 Preparing to unpack .../51-libnghttp2-14_1.52.0-1+deb12u2_amd64.deb ...
2025-07-15T22:09:59.6504589Z #7 7.733 Unpacking libnghttp2-14:amd64 (1.52.0-1+deb12u2) ...
2025-07-15T22:09:59.6504989Z #7 7.753 Selecting previously unselected package libpsl5:amd64.
2025-07-15T22:09:59.6505375Z #7 7.754 Preparing to unpack .../52-libpsl5_0.21.2-1_amd64.deb ...
2025-07-15T22:09:59.6505706Z #7 7.755 Unpacking libpsl5:amd64 (0.21.2-1) ...
2025-07-15T22:09:59.6506032Z #7 7.775 Selecting previously unselected package librtmp1:amd64.
2025-07-15T22:09:59.6506472Z #7 7.776 Preparing to unpack .../53-librtmp1_2.4+20151223.gitfa8646d.1-2+b2_amd64.deb ...
2025-07-15T22:09:59.6506948Z #7 7.778 Unpacking librtmp1:amd64 (2.4+20151223.gitfa8646d.1-2+b2) ...
2025-07-15T22:09:59.6507373Z #7 7.801 Selecting previously unselected package libssh2-1:amd64.
2025-07-15T22:09:59.6507776Z #7 7.802 Preparing to unpack .../54-libssh2-1_1.10.0-3+b1_amd64.deb ...
2025-07-15T22:09:59.6508113Z #7 7.803 Unpacking libssh2-1:amd64 (1.10.0-3+b1) ...
2025-07-15T22:09:59.6508450Z #7 7.831 Selecting previously unselected package libcurl4:amd64.
2025-07-15T22:09:59.7590293Z #7 7.832 Preparing to unpack .../55-libcurl4_7.88.1-10+deb12u12_amd64.deb ...
2025-07-15T22:09:59.7590973Z #7 7.833 Unpacking libcurl4:amd64 (7.88.1-10+deb12u12) ...
2025-07-15T22:09:59.7591504Z #7 7.868 Selecting previously unselected package curl.
2025-07-15T22:09:59.7592097Z #7 7.869 Preparing to unpack .../56-curl_7.88.1-10+deb12u12_amd64.deb ...
2025-07-15T22:09:59.7592649Z #7 7.870 Unpacking curl (7.88.1-10+deb12u12) ...
2025-07-15T22:09:59.7593218Z #7 7.901 Selecting previously unselected package libcurl3-gnutls:amd64.
2025-07-15T22:09:59.7594111Z #7 7.902 Preparing to unpack .../57-libcurl3-gnutls_7.88.1-10+deb12u12_amd64.deb ...
2025-07-15T22:09:59.7594854Z #7 7.904 Unpacking libcurl3-gnutls:amd64 (7.88.1-10+deb12u12) ...
2025-07-15T22:09:59.7595736Z #7 7.939 Selecting previously unselected package libexpat1:amd64.
2025-07-15T22:09:59.8877471Z #7 7.941 Preparing to unpack .../58-libexpat1_2.5.0-1+deb12u1_amd64.deb ...
2025-07-15T22:09:59.8877966Z #7 7.942 Unpacking libexpat1:amd64 (2.5.0-1+deb12u1) ...
2025-07-15T22:09:59.8878348Z #7 7.962 Selecting previously unselected package liberror-perl.
2025-07-15T22:09:59.8878739Z #7 7.964 Preparing to unpack .../59-liberror-perl_0.17029-2_all.deb ...
2025-07-15T22:09:59.8879090Z #7 7.965 Unpacking liberror-perl (0.17029-2) ...
2025-07-15T22:09:59.8879400Z #7 7.982 Selecting previously unselected package git-man.
2025-07-15T22:09:59.8879790Z #7 7.983 Preparing to unpack .../60-git-man_1%3a2.39.5-0+deb12u2_all.deb ...
2025-07-15T22:09:59.8880162Z #7 7.984 Unpacking git-man (1:2.39.5-0+deb12u2) ...
2025-07-15T22:09:59.8880470Z #7 8.068 Selecting previously unselected package git.
2025-07-15T22:10:00.0453616Z #7 8.070 Preparing to unpack .../61-git_1%3a2.39.5-0+deb12u2_amd64.deb ...
2025-07-15T22:10:00.0454925Z #7 8.075 Unpacking git (1:2.39.5-0+deb12u2) ...
2025-07-15T22:10:00.2219899Z #7 8.402 Setting up libexpat1:amd64 (2.5.0-1+deb12u1) ...
2025-07-15T22:10:00.3232883Z #7 8.405 Setting up libpsl5:amd64 (0.21.2-1) ...
2025-07-15T22:10:00.3233916Z #7 8.408 Setting up libbrotli1:amd64 (1.0.9-2+b6) ...
2025-07-15T22:10:00.3234497Z #7 8.411 Setting up binutils-common:amd64 (2.40-2) ...
2025-07-15T22:10:00.3235029Z #7 8.414 Setting up libnghttp2-14:amd64 (1.52.0-1+deb12u2) ...
2025-07-15T22:10:00.3235499Z #7 8.417 Setting up linux-libc-dev:amd64 (6.1.140-1) ...
2025-07-15T22:10:00.3235940Z #7 8.420 Setting up libctf-nobfd0:amd64 (2.40-2) ...
2025-07-15T22:10:00.3236636Z #7 8.423 Setting up libgomp1:amd64 (12.2.0-14+deb12u1) ...
2025-07-15T22:10:00.3237123Z #7 8.427 Setting up bzip2 (1.0.8-5+b1) ...
2025-07-15T22:10:00.3237469Z #7 8.429 Setting up libjansson4:amd64 (2.14-2) ...
2025-07-15T22:10:00.3237843Z #7 8.432 Setting up libsasl2-modules-db:amd64 (2.1.28+dfsg-10) ...
2025-07-15T22:10:00.3238410Z #7 8.435 Setting up perl-modules-5.36 (5.36.0-7+deb12u2) ...
2025-07-15T22:10:00.3238807Z #7 8.438 Setting up libtirpc-dev:amd64 (1.3.3+ds-1) ...
2025-07-15T22:10:00.3239163Z #7 8.441 Setting up rpcsvc-proto (1.4.3-1) ...
2025-07-15T22:10:00.3239575Z #7 8.444 Setting up make (4.3-4.1) ...
2025-07-15T22:10:00.3239859Z #7 8.447 Setting up libmpfr6:amd64 (4.2.0-1) ...
2025-07-15T22:10:00.3240209Z #7 8.449 Setting up librtmp1:amd64 (2.4+20151223.gitfa8646d.1-2+b2) ...
2025-07-15T22:10:00.3240727Z #7 8.452 Setting up xz-utils (5.4.1-1) ...
2025-07-15T22:10:00.3241219Z #7 8.456 update-alternatives: using /usr/bin/xz to provide /usr/bin/lzma (lzma) in auto mode
2025-07-15T22:10:00.3242245Z #7 8.457 update-alternatives: warning: skip creation of /usr/share/man/man1/lzma.1.gz because associated file /usr/share/man/man1/xz.1.gz (of link group lzma) doesn't exist
2025-07-15T22:10:00.3243539Z #7 8.457 update-alternatives: warning: skip creation of /usr/share/man/man1/unlzma.1.gz because associated file /usr/share/man/man1/unxz.1.gz (of link group lzma) doesn't exist
2025-07-15T22:10:00.3245106Z #7 8.457 update-alternatives: warning: skip creation of /usr/share/man/man1/lzcat.1.gz because associated file /usr/share/man/man1/xzcat.1.gz (of link group lzma) doesn't exist
2025-07-15T22:10:00.3246634Z #7 8.458 update-alternatives: warning: skip creation of /usr/share/man/man1/lzmore.1.gz because associated file /usr/share/man/man1/xzmore.1.gz (of link group lzma) doesn't exist
2025-07-15T22:10:00.3247712Z #7 8.458 update-alternatives: warning: skip creation of /usr/share/man/man1/lzless.1.gz because associated file /usr/share/man/man1/xzless.1.gz (of link group lzma) doesn't exist
2025-07-15T22:10:00.3248963Z #7 8.458 update-alternatives: warning: skip creation of /usr/share/man/man1/lzdiff.1.gz because associated file /usr/share/man/man1/xzdiff.1.gz (of link group lzma) doesn't exist
2025-07-15T22:10:00.3250197Z #7 8.458 update-alternatives: warning: skip creation of /usr/share/man/man1/lzcmp.1.gz because associated file /usr/share/man/man1/xzcmp.1.gz (of link group lzma) doesn't exist
2025-07-15T22:10:00.3251676Z #7 8.458 update-alternatives: warning: skip creation of /usr/share/man/man1/lzgrep.1.gz because associated file /usr/share/man/man1/xzgrep.1.gz (of link group lzma) doesn't exist
2025-07-15T22:10:00.3252805Z #7 8.459 update-alternatives: warning: skip creation of /usr/share/man/man1/lzegrep.1.gz because associated file /usr/share/man/man1/xzegrep.1.gz (of link group lzma) doesn't exist
2025-07-15T22:10:00.3254407Z #7 8.459 update-alternatives: warning: skip creation of /usr/share/man/man1/lzfgrep.1.gz because associated file /usr/share/man/man1/xzfgrep.1.gz (of link group lzma) doesn't exist
2025-07-15T22:10:00.3255298Z #7 8.463 Setting up libquadmath0:amd64 (12.2.0-14+deb12u1) ...
2025-07-15T22:10:00.3255619Z #7 8.466 Setting up libmpc3:amd64 (1.3.1-1) ...
2025-07-15T22:10:00.3256220Z #7 8.469 Setting up libatomic1:amd64 (12.2.0-14+deb12u1) ...
2025-07-15T22:10:00.3256712Z #7 8.472 Setting up patch (2.7.6-7) ...
2025-07-15T22:10:00.3257052Z #7 8.476 Setting up libgdbm-compat4:amd64 (1.23-3) ...
2025-07-15T22:10:00.3257369Z #7 8.479 Setting up libsasl2-2:amd64 (2.1.28+dfsg-10) ...
2025-07-15T22:10:00.3257873Z #7 8.482 Setting up libubsan1:amd64 (12.2.0-14+deb12u1) ...
2025-07-15T22:10:00.3258282Z #7 8.484 Setting up nano (7.2-1+deb12u1) ...
2025-07-15T22:10:00.3258877Z #7 8.489 update-alternatives: using /bin/nano to provide /usr/bin/editor (editor) in auto mode
2025-07-15T22:10:00.3259849Z #7 8.489 update-alternatives: warning: skip creation of /usr/share/man/man1/editor.1.gz because associated file /usr/share/man/man1/nano.1.gz (of link group editor) doesn't exist
2025-07-15T22:10:00.3260654Z #7 8.491 update-alternatives: using /bin/nano to provide /usr/bin/pico (pico) in auto mode
2025-07-15T22:10:00.3261446Z #7 8.491 update-alternatives: warning: skip creation of /usr/share/man/man1/pico.1.gz because associated file /usr/share/man/man1/nano.1.gz (of link group pico) doesn't exist
2025-07-15T22:10:00.3262110Z #7 8.494 Setting up libnsl-dev:amd64 (1.3.0-2) ...
2025-07-15T22:10:00.3262638Z #7 8.496 Setting up libcrypt-dev:amd64 (1:4.4.33-2) ...
2025-07-15T22:10:00.3263141Z #7 8.504 Setting up libasan8:amd64 (12.2.0-14+deb12u1) ...
2025-07-15T22:10:00.4247721Z #7 8.507 Setting up git-man (1:2.39.5-0+deb12u2) ...
2025-07-15T22:10:00.4248400Z #7 8.511 Setting up libssh2-1:amd64 (1.10.0-3+b1) ...
2025-07-15T22:10:00.4248824Z #7 8.514 Setting up libtsan2:amd64 (12.2.0-14+deb12u1) ...
2025-07-15T22:10:00.4249304Z #7 8.517 Setting up libbinutils:amd64 (2.40-2) ...
2025-07-15T22:10:00.4249605Z #7 8.520 Setting up libisl23:amd64 (0.25-1.1) ...
2025-07-15T22:10:00.4249923Z #7 8.523 Setting up libc-dev-bin (2.36-9+deb12u10) ...
2025-07-15T22:10:00.4250255Z #7 8.526 Setting up libcc1-0:amd64 (12.2.0-14+deb12u1) ...
2025-07-15T22:10:00.4250585Z #7 8.530 Setting up libperl5.36:amd64 (5.36.0-7+deb12u2) ...
2025-07-15T22:10:00.4250935Z #7 8.533 Setting up liblsan0:amd64 (12.2.0-14+deb12u1) ...
2025-07-15T22:10:00.4251264Z #7 8.536 Setting up libitm1:amd64 (12.2.0-14+deb12u1) ...
2025-07-15T22:10:00.4251566Z #7 8.539 Setting up libctf0:amd64 (2.40-2) ...
2025-07-15T22:10:00.4251847Z #7 8.542 Setting up cpp-12 (12.2.0-14+deb12u1) ...
2025-07-15T22:10:00.4252162Z #7 8.545 Setting up libldap-2.5-0:amd64 (2.5.13+dfsg-5) ...
2025-07-15T22:10:00.4252591Z #7 8.548 Setting up perl (5.36.0-7+deb12u2) ...
2025-07-15T22:10:00.4252970Z #7 8.557 Setting up libgprofng0:amd64 (2.40-2) ...
2025-07-15T22:10:00.4253320Z #7 8.560 Setting up libgcc-12-dev:amd64 (12.2.0-14+deb12u1) ...
2025-07-15T22:10:00.4253665Z #7 8.563 Setting up libdpkg-perl (1.21.22) ...
2025-07-15T22:10:00.4254099Z #7 8.566 Setting up cpp (4:12.2.0-3) ...
2025-07-15T22:10:00.4254392Z #7 8.574 Setting up libcurl4:amd64 (7.88.1-10+deb12u12) ...
2025-07-15T22:10:00.4254869Z #7 8.577 Setting up libc6-dev:amd64 (2.36-9+deb12u10) ...
2025-07-15T22:10:00.4255183Z #7 8.581 Setting up curl (7.88.1-10+deb12u12) ...
2025-07-15T22:10:00.4255504Z #7 8.585 Setting up binutils-x86-64-linux-gnu (2.40-2) ...
2025-07-15T22:10:00.4258819Z #7 8.589 Setting up libstdc++-12-dev:amd64 (12.2.0-14+deb12u1) ...
2025-07-15T22:10:00.4259424Z #7 8.592 Setting up libcurl3-gnutls:amd64 (7.88.1-10+deb12u12) ...
2025-07-15T22:10:00.4259737Z #7 8.596 Setting up binutils (2.40-2) ...
2025-07-15T22:10:00.4259998Z #7 8.599 Setting up dpkg-dev (1.21.22) ...
2025-07-15T22:10:00.4260274Z #7 8.605 Setting up liberror-perl (0.17029-2) ...
2025-07-15T22:10:00.6156216Z #7 8.608 Setting up gcc-12 (12.2.0-14+deb12u1) ...
2025-07-15T22:10:00.6156768Z #7 8.612 Setting up git (1:2.39.5-0+deb12u2) ...
2025-07-15T22:10:00.6157244Z #7 8.621 Setting up g++-12 (12.2.0-14+deb12u1) ...
2025-07-15T22:10:00.6157654Z #7 8.624 Setting up gcc (4:12.2.0-3) ...
2025-07-15T22:10:00.6158032Z #7 8.636 Setting up g++ (4:12.2.0-3) ...
2025-07-15T22:10:00.6158627Z #7 8.640 update-alternatives: using /usr/bin/g++ to provide /usr/bin/c++ (c++) in auto mode
2025-07-15T22:10:00.6159595Z #7 8.642 Setting up build-essential (12.9) ...
2025-07-15T22:10:00.6160168Z #7 8.645 Processing triggers for libc-bin (2.36-9+deb12u10) ...
2025-07-15T22:10:01.0707784Z #7 DONE 9.3s
2025-07-15T22:10:01.2325447Z 
2025-07-15T22:10:01.2325980Z #8 [3/6] WORKDIR /app
2025-07-15T22:10:01.2326343Z #8 DONE 0.0s
2025-07-15T22:10:01.2326526Z 
2025-07-15T22:10:01.2326610Z #9 [4/6] COPY . .
2025-07-15T22:10:01.6724034Z #9 DONE 0.6s
2025-07-15T22:10:01.8240830Z 
2025-07-15T22:10:01.8241411Z #10 [5/6] RUN pip install --upgrade pip
2025-07-15T22:10:02.9345732Z #10 1.261 Requirement already satisfied: pip in /usr/local/lib/python3.10/site-packages (23.0.1)
2025-07-15T22:10:03.0559276Z #10 1.383 Collecting pip
2025-07-15T22:10:03.1611156Z #10 1.445   Downloading pip-25.1.1-py3-none-any.whl (1.8 MB)
2025-07-15T22:10:03.3563083Z #10 1.488      ━━━━━━━━━━━━━━━━━━━━━━━━━━━━━━━━━━━━━━━━ 1.8/1.8 MB 45.3 MB/s eta 0:00:00
2025-07-15T22:10:03.3563507Z #10 1.532 Installing collected packages: pip
2025-07-15T22:10:03.3563980Z #10 1.532   Attempting uninstall: pip
2025-07-15T22:10:03.3564309Z #10 1.533     Found existing installation: pip 23.0.1
2025-07-15T22:10:03.3824285Z #10 1.709     Uninstalling pip-23.0.1:
2025-07-15T22:10:03.5440164Z #10 1.720       Successfully uninstalled pip-23.0.1
2025-07-15T22:10:04.1800008Z #10 2.507 Successfully installed pip-25.1.1
2025-07-15T22:10:04.3308291Z #10 2.507 WARNING: Running pip as the 'root' user can result in broken permissions and conflicting behaviour with the system package manager. It is recommended to use a virtual environment instead: https://pip.pypa.io/warnings/venv
2025-07-15T22:10:04.3628770Z #10 DONE 2.7s
2025-07-15T22:10:04.5141023Z 
2025-07-15T22:10:04.5141560Z #11 [6/6] RUN pip install --no-cache-dir -r requirements.txt
2025-07-15T22:10:05.2231833Z #11 0.859 Collecting Flask==3.1.0 (from -r requirements.txt (line 1))
2025-07-15T22:10:05.3470415Z #11 0.911   Downloading flask-3.1.0-py3-none-any.whl.metadata (2.7 kB)
2025-07-15T22:10:05.3471283Z #11 0.925 Collecting Flask-PyMongo==3.0.1 (from -r requirements.txt (line 2))
2025-07-15T22:10:05.3472103Z #11 0.933   Downloading flask_pymongo-3.0.1-py3-none-any.whl.metadata (3.5 kB)
2025-07-15T22:10:05.3472848Z #11 0.983 Collecting pytest==8.2.1 (from -r requirements.txt (line 3))
2025-07-15T22:10:05.4841006Z #11 0.992   Downloading pytest-8.2.1-py3-none-any.whl.metadata (7.6 kB)
2025-07-15T22:10:05.4842065Z #11 1.004 Collecting blinker==1.9.0 (from -r requirements.txt (line 4))
2025-07-15T22:10:05.4842656Z #11 1.011   Downloading blinker-1.9.0-py3-none-any.whl.metadata (1.6 kB)
2025-07-15T22:10:05.4843146Z #11 1.029 Collecting certifi==2025.7.14 (from -r requirements.txt (line 5))
2025-07-15T22:10:05.4843646Z #11 1.037   Downloading certifi-2025.7.14-py3-none-any.whl.metadata (2.4 kB)
2025-07-15T22:10:05.4844461Z #11 1.121 Collecting charset-normalizer==3.4.2 (from -r requirements.txt (line 6))
2025-07-15T22:10:05.5962941Z #11 1.128   Downloading charset_normalizer-3.4.2-cp310-cp310-manylinux_2_17_x86_64.manylinux2014_x86_64.whl.metadata (35 kB)
2025-07-15T22:10:05.5964740Z #11 1.150 Collecting click==8.2.1 (from -r requirements.txt (line 7))
2025-07-15T22:10:05.5965470Z #11 1.157   Downloading click-8.2.1-py3-none-any.whl.metadata (2.5 kB)
2025-07-15T22:10:05.5966134Z #11 1.169 Collecting dnspython==2.7.0 (from -r requirements.txt (line 8))
2025-07-15T22:10:05.5966641Z #11 1.177   Downloading dnspython-2.7.0-py3-none-any.whl.metadata (5.8 kB)
2025-07-15T22:10:05.5967111Z #11 1.193 Collecting idna==3.10 (from -r requirements.txt (line 9))
2025-07-15T22:10:05.5967560Z #11 1.200   Downloading idna-3.10-py3-none-any.whl.metadata (10 kB)
2025-07-15T22:10:05.5968043Z #11 1.211 Collecting itsdangerous==2.2.0 (from -r requirements.txt (line 10))
2025-07-15T22:10:05.5968625Z #11 1.218   Downloading itsdangerous-2.2.0-py3-none-any.whl.metadata (1.9 kB)
2025-07-15T22:10:05.5969107Z #11 1.233 Collecting Jinja2==3.1.6 (from -r requirements.txt (line 11))
2025-07-15T22:10:05.8307809Z #11 1.240   Downloading jinja2-3.1.6-py3-none-any.whl.metadata (2.9 kB)
2025-07-15T22:10:05.8308528Z #11 1.292 Collecting MarkupSafe==3.0.2 (from -r requirements.txt (line 12))
2025-07-15T22:10:05.8309409Z #11 1.300   Downloading MarkupSafe-3.0.2-cp310-cp310-manylinux_2_17_x86_64.manylinux2014_x86_64.whl.metadata (4.0 kB)
2025-07-15T22:10:05.8310259Z #11 1.310 Collecting paho-mqtt==2.1.0 (from -r requirements.txt (line 13))
2025-07-15T22:10:05.8310896Z #11 1.317   Downloading paho_mqtt-2.1.0-py3-none-any.whl.metadata (23 kB)
2025-07-15T22:10:05.9898508Z #11 1.626 Collecting pymongo==4.13.2 (from -r requirements.txt (line 14))
2025-07-15T22:10:06.0899859Z #11 1.634   Downloading pymongo-4.13.2-cp310-cp310-manylinux_2_17_x86_64.manylinux2014_x86_64.whl.metadata (22 kB)
2025-07-15T22:10:06.0901925Z #11 1.655 Collecting python-dotenv==1.1.1 (from -r requirements.txt (line 15))
2025-07-15T22:10:06.0902818Z #11 1.662   Downloading python_dotenv-1.1.1-py3-none-any.whl.metadata (24 kB)
2025-07-15T22:10:06.0903678Z #11 1.688 Collecting requests==2.32.4 (from -r requirements.txt (line 16))
2025-07-15T22:10:06.0904740Z #11 1.695   Downloading requests-2.32.4-py3-none-any.whl.metadata (4.9 kB)
2025-07-15T22:10:06.0905535Z #11 1.719 Collecting urllib3==2.5.0 (from -r requirements.txt (line 17))
2025-07-15T22:10:06.0906302Z #11 1.726   Downloading urllib3-2.5.0-py3-none-any.whl.metadata (6.5 kB)
2025-07-15T22:10:06.1945136Z #11 1.749 Collecting Werkzeug==3.1.3 (from -r requirements.txt (line 18))
2025-07-15T22:10:06.1946320Z #11 1.756   Downloading werkzeug-3.1.3-py3-none-any.whl.metadata (3.7 kB)
2025-07-15T22:10:06.1947320Z #11 1.766 Collecting autodevops-cli==0.1.1 (from -r requirements.txt (line 19))
2025-07-15T22:10:06.1948280Z #11 1.775   Downloading autodevops_cli-0.1.1-py3-none-any.whl.metadata (494 bytes)
2025-07-15T22:10:06.1949189Z #11 1.784 Collecting iniconfig==2.1.0 (from -r requirements.txt (line 20))
2025-07-15T22:10:06.1950057Z #11 1.791   Downloading iniconfig-2.1.0-py3-none-any.whl.metadata (2.7 kB)
2025-07-15T22:10:06.1950724Z #11 1.803 Collecting loguru==0.7.3 (from -r requirements.txt (line 21))
2025-07-15T22:10:06.1951245Z #11 1.810   Downloading loguru-0.7.3-py3-none-any.whl.metadata (22 kB)
2025-07-15T22:10:06.1951774Z #11 1.831 Collecting markdown-it-py==3.0.0 (from -r requirements.txt (line 22))
2025-07-15T22:10:06.3064621Z #11 1.839   Downloading markdown_it_py-3.0.0-py3-none-any.whl.metadata (6.9 kB)
2025-07-15T22:10:06.3065719Z #11 1.852 Collecting mdurl==0.1.2 (from -r requirements.txt (line 23))
2025-07-15T22:10:06.3066434Z #11 1.860   Downloading mdurl-0.1.2-py3-none-any.whl.metadata (1.6 kB)
2025-07-15T22:10:06.3066976Z #11 1.874 Collecting mongomock==4.3.0 (from -r requirements.txt (line 24))
2025-07-15T22:10:06.3067595Z #11 1.881   Downloading mongomock-4.3.0-py2.py3-none-any.whl.metadata (12 kB)
2025-07-15T22:10:06.3068064Z #11 1.897 Collecting packaging==25.0 (from -r requirements.txt (line 25))
2025-07-15T22:10:06.3068512Z #11 1.904   Downloading packaging-25.0-py3-none-any.whl.metadata (3.3 kB)
2025-07-15T22:10:06.3068967Z #11 1.916 Collecting pluggy==1.6.0 (from -r requirements.txt (line 26))
2025-07-15T22:10:06.3069629Z #11 1.924   Downloading pluggy-1.6.0-py3-none-any.whl.metadata (4.8 kB)
2025-07-15T22:10:06.3070066Z #11 1.943 Collecting Pygments==2.19.2 (from -r requirements.txt (line 27))
2025-07-15T22:10:06.4126274Z #11 1.950   Downloading pygments-2.19.2-py3-none-any.whl.metadata (2.5 kB)
2025-07-15T22:10:06.4127552Z #11 1.986 Collecting pytz==2025.2 (from -r requirements.txt (line 28))
2025-07-15T22:10:06.4129002Z #11 1.993   Downloading pytz-2025.2-py2.py3-none-any.whl.metadata (22 kB)
2025-07-15T22:10:06.4129832Z #11 2.031 Collecting rich==14.0.0 (from -r requirements.txt (line 29))
2025-07-15T22:10:06.4130588Z #11 2.039   Downloading rich-14.0.0-py3-none-any.whl.metadata (18 kB)
2025-07-15T22:10:06.4131370Z #11 2.049 Collecting sentinels==1.0.0 (from -r requirements.txt (line 30))
2025-07-15T22:10:06.5770130Z #11 2.056   Downloading sentinels-1.0.0.tar.gz (4.1 kB)
2025-07-15T22:10:06.5770746Z #11 2.063   Preparing metadata (setup.py): started
2025-07-15T22:10:07.0527955Z #11 2.689   Preparing metadata (setup.py): finished with status 'done'
2025-07-15T22:10:07.2099771Z #11 2.704 Collecting sh==2.2.2 (from -r requirements.txt (line 31))
2025-07-15T22:10:07.2100717Z #11 2.712   Downloading sh-2.2.2-py3-none-any.whl.metadata (3.7 kB)
2025-07-15T22:10:07.2101739Z #11 2.752 Collecting exceptiongroup>=1.0.0rc8 (from pytest==8.2.1->-r requirements.txt (line 3))
2025-07-15T22:10:07.2102861Z #11 2.759   Downloading exceptiongroup-1.3.0-py3-none-any.whl.metadata (6.7 kB)
2025-07-15T22:10:07.2104025Z #11 2.774 Collecting tomli>=1 (from pytest==8.2.1->-r requirements.txt (line 3))
2025-07-15T22:10:07.2104632Z #11 2.781   Downloading tomli-2.2.1-py3-none-any.whl.metadata (10 kB)
2025-07-15T22:10:07.2105180Z #11 2.846 Collecting typing-extensions<5.0,>=4.0.0 (from rich==14.0.0->-r requirements.txt (line 29))
2025-07-15T22:10:07.3155084Z #11 2.854   Downloading typing_extensions-4.14.1-py3-none-any.whl.metadata (3.0 kB)
2025-07-15T22:10:07.3156143Z #11 2.873 Downloading flask-3.1.0-py3-none-any.whl (102 kB)
2025-07-15T22:10:07.3156803Z #11 2.886 Downloading flask_pymongo-3.0.1-py3-none-any.whl (11 kB)
2025-07-15T22:10:07.3157447Z #11 2.893 Downloading pytest-8.2.1-py3-none-any.whl (339 kB)
2025-07-15T22:10:07.3158040Z #11 2.907 Downloading pluggy-1.6.0-py3-none-any.whl (20 kB)
2025-07-15T22:10:07.3158609Z #11 2.914 Downloading blinker-1.9.0-py3-none-any.whl (8.5 kB)
2025-07-15T22:10:07.3159025Z #11 2.921 Downloading certifi-2025.7.14-py3-none-any.whl (162 kB)
2025-07-15T22:10:07.3159631Z #11 2.929 Downloading charset_normalizer-3.4.2-cp310-cp310-manylinux_2_17_x86_64.manylinux2014_x86_64.whl (149 kB)
2025-07-15T22:10:07.3160217Z #11 2.936 Downloading click-8.2.1-py3-none-any.whl (102 kB)
2025-07-15T22:10:07.3160618Z #11 2.944 Downloading dnspython-2.7.0-py3-none-any.whl (313 kB)
2025-07-15T22:10:07.3161003Z #11 2.952 Downloading idna-3.10-py3-none-any.whl (70 kB)
2025-07-15T22:10:07.4197370Z #11 2.959 Downloading itsdangerous-2.2.0-py3-none-any.whl (16 kB)
2025-07-15T22:10:07.4198168Z #11 2.966 Downloading jinja2-3.1.6-py3-none-any.whl (134 kB)
2025-07-15T22:10:07.4198784Z #11 2.973 Downloading MarkupSafe-3.0.2-cp310-cp310-manylinux_2_17_x86_64.manylinux2014_x86_64.whl (20 kB)
2025-07-15T22:10:07.4199319Z #11 2.981 Downloading paho_mqtt-2.1.0-py3-none-any.whl (67 kB)
2025-07-15T22:10:07.4199849Z #11 2.988 Downloading pymongo-4.13.2-cp310-cp310-manylinux_2_17_x86_64.manylinux2014_x86_64.whl (1.2 MB)
2025-07-15T22:10:07.4200649Z #11 2.996    ━━━━━━━━━━━━━━━━━━━━━━━━━━━━━━━━━━━━━━━━ 1.2/1.2 MB 184.2 MB/s eta 0:00:00
2025-07-15T22:10:07.4201050Z #11 3.004 Downloading python_dotenv-1.1.1-py3-none-any.whl (20 kB)
2025-07-15T22:10:07.4201440Z #11 3.011 Downloading requests-2.32.4-py3-none-any.whl (64 kB)
2025-07-15T22:10:07.4201821Z #11 3.018 Downloading urllib3-2.5.0-py3-none-any.whl (129 kB)
2025-07-15T22:10:07.4202186Z #11 3.025 Downloading werkzeug-3.1.3-py3-none-any.whl (224 kB)
2025-07-15T22:10:07.4202571Z #11 3.034 Downloading autodevops_cli-0.1.1-py3-none-any.whl (4.1 kB)
2025-07-15T22:10:07.4202979Z #11 3.042 Downloading iniconfig-2.1.0-py3-none-any.whl (6.0 kB)
2025-07-15T22:10:07.4203661Z #11 3.049 Downloading loguru-0.7.3-py3-none-any.whl (61 kB)
2025-07-15T22:10:07.4204306Z #11 3.056 Downloading markdown_it_py-3.0.0-py3-none-any.whl (87 kB)
2025-07-15T22:10:07.5334283Z #11 3.063 Downloading mdurl-0.1.2-py3-none-any.whl (10.0 kB)
2025-07-15T22:10:07.5335022Z #11 3.071 Downloading mongomock-4.3.0-py2.py3-none-any.whl (64 kB)
2025-07-15T22:10:07.5335701Z #11 3.079 Downloading packaging-25.0-py3-none-any.whl (66 kB)
2025-07-15T22:10:07.5336352Z #11 3.086 Downloading pygments-2.19.2-py3-none-any.whl (1.2 MB)
2025-07-15T22:10:07.5337340Z #11 3.091    ━━━━━━━━━━━━━━━━━━━━━━━━━━━━━━━━━━━━━━━━ 1.2/1.2 MB 480.6 MB/s eta 0:00:00
2025-07-15T22:10:07.5337985Z #11 3.100 Downloading pytz-2025.2-py2.py3-none-any.whl (509 kB)
2025-07-15T22:10:07.5338616Z #11 3.108 Downloading rich-14.0.0-py3-none-any.whl (243 kB)
2025-07-15T22:10:07.5339539Z #11 3.117 Downloading sh-2.2.2-py3-none-any.whl (38 kB)
2025-07-15T22:10:07.5340273Z #11 3.124 Downloading typing_extensions-4.14.1-py3-none-any.whl (43 kB)
2025-07-15T22:10:07.5341046Z #11 3.131 Downloading exceptiongroup-1.3.0-py3-none-any.whl (16 kB)
2025-07-15T22:10:07.5341752Z #11 3.138 Downloading tomli-2.2.1-py3-none-any.whl (14 kB)
2025-07-15T22:10:07.5342380Z #11 3.170 Building wheels for collected packages: sentinels
2025-07-15T22:10:07.6855981Z #11 3.171   DEPRECATION: Building 'sentinels' using the legacy setup.py bdist_wheel mechanism, which will be removed in a future version. pip 25.3 will enforce this behaviour change. A possible replacement is to use the standardized build interface by setting the `--use-pep517` option, (possibly combined with `--no-build-isolation`), or adding a `pyproject.toml` file to the source tree of 'sentinels'. Discussion can be found at https://github.com/pypa/pip/issues/6334
2025-07-15T22:10:07.6858769Z #11 3.171   Building wheel for sentinels (setup.py): started
2025-07-15T22:10:08.3222911Z #11 3.959   Building wheel for sentinels (setup.py): finished with status 'done'
2025-07-15T22:10:08.5453446Z #11 3.959   Created wheel for sentinels: filename=sentinels-1.0.0-py3-none-any.whl size=3175 sha256=4e21d621218bbe099aadfa7a04fce3cfc445017ec93d73a4bb4f7d0d36c7d853
2025-07-15T22:10:08.5454829Z #11 3.960   Stored in directory: /tmp/pip-ephem-wheel-cache-hdds1ebc/wheels/26/bc/eb/67e56405e0684b3d8c011cf4d18129c41be394775fd5ba2347
2025-07-15T22:10:08.5455470Z #11 3.961 Successfully built sentinels
2025-07-15T22:10:08.5457013Z #11 4.031 Installing collected packages: sentinels, pytz, urllib3, typing-extensions, tomli, sh, python-dotenv, Pygments, pluggy, paho-mqtt, packaging, mdurl, MarkupSafe, loguru, itsdangerous, iniconfig, idna, dnspython, click, charset-normalizer, certifi, blinker, Werkzeug, requests, pymongo, mongomock, markdown-it-py, Jinja2, exceptiongroup, rich, pytest, Flask, Flask-PyMongo, autodevops-cli
2025-07-15T22:10:10.6425039Z #11 6.279 
2025-07-15T22:10:10.8000295Z #11 6.286 Successfully installed Flask-3.1.0 Flask-PyMongo-3.0.1 Jinja2-3.1.6 MarkupSafe-3.0.2 Pygments-2.19.2 Werkzeug-3.1.3 autodevops-cli-0.1.1 blinker-1.9.0 certifi-2025.7.14 charset-normalizer-3.4.2 click-8.2.1 dnspython-2.7.0 exceptiongroup-1.3.0 idna-3.10 iniconfig-2.1.0 itsdangerous-2.2.0 loguru-0.7.3 markdown-it-py-3.0.0 mdurl-0.1.2 mongomock-4.3.0 packaging-25.0 paho-mqtt-2.1.0 pluggy-1.6.0 pymongo-4.13.2 pytest-8.2.1 python-dotenv-1.1.1 pytz-2025.2 requests-2.32.4 rich-14.0.0 sentinels-1.0.0 sh-2.2.2 tomli-2.2.1 typing-extensions-4.14.1 urllib3-2.5.0
2025-07-15T22:10:10.8003412Z #11 6.286 WARNING: Running pip as the 'root' user can result in broken permissions and conflicting behaviour with the system package manager, possibly rendering your system unusable. It is recommended to use a virtual environment instead: https://pip.pypa.io/warnings/venv. Use the --root-user-action option if you know what you are doing and want to suppress this warning.
2025-07-15T22:10:10.8932558Z #11 DONE 6.5s
2025-07-15T22:10:11.0456469Z 
2025-07-15T22:10:11.0457485Z #12 exporting to image
2025-07-15T22:10:11.0458560Z #12 exporting layers
2025-07-15T22:10:12.6212925Z #12 exporting layers 1.7s done
2025-07-15T22:10:12.6436451Z #12 writing image sha256:40b182f205039e21ec7404c53c8e17a6325dd68787abc2dbec8c844685e3dde9 done
2025-07-15T22:10:12.6438009Z #12 naming to docker.io/***/flask-ci-cd-demo done
2025-07-15T22:10:12.6438509Z #12 DONE 1.7s
2025-07-15T22:10:12.6512173Z ##[group]Run docker push ***/flask-ci-cd-demo
2025-07-15T22:10:12.6512560Z [36;1mdocker push ***/flask-ci-cd-demo[0m
2025-07-15T22:10:12.6541214Z shell: /usr/bin/bash -e {0}
2025-07-15T22:10:12.6541440Z env:
2025-07-15T22:10:12.6541693Z   pythonLocation: /opt/hostedtoolcache/Python/3.10.18/x64
2025-07-15T22:10:12.6542108Z   PKG_CONFIG_PATH: /opt/hostedtoolcache/Python/3.10.18/x64/lib/pkgconfig
2025-07-15T22:10:12.6542512Z   Python_ROOT_DIR: /opt/hostedtoolcache/Python/3.10.18/x64
2025-07-15T22:10:12.6542860Z   Python2_ROOT_DIR: /opt/hostedtoolcache/Python/3.10.18/x64
2025-07-15T22:10:12.6543213Z   Python3_ROOT_DIR: /opt/hostedtoolcache/Python/3.10.18/x64
2025-07-15T22:10:12.6543567Z   LD_LIBRARY_PATH: /opt/hostedtoolcache/Python/3.10.18/x64/lib
2025-07-15T22:10:12.6544218Z ##[endgroup]
2025-07-15T22:10:12.6686383Z Using default tag: latest
2025-07-15T22:10:12.6702017Z The push refers to repository [docker.io/***/flask-ci-cd-demo]
2025-07-15T22:10:12.6952888Z 61ceb72ab313: Preparing
2025-07-15T22:10:12.6953363Z 5054c70e91a2: Preparing
2025-07-15T22:10:12.6953994Z dfaa5677a732: Preparing
2025-07-15T22:10:12.6954392Z 5ab9819ab70e: Preparing
2025-07-15T22:10:12.6954764Z cca19d7d3997: Preparing
2025-07-15T22:10:12.6955112Z 31abbb538de0: Preparing
2025-07-15T22:10:12.6955442Z a2ccf7527b3c: Preparing
2025-07-15T22:10:12.6955783Z abd92ba2021e: Preparing
2025-07-15T22:10:12.6955999Z 1bb35e8b4de1: Preparing
2025-07-15T22:10:12.6956219Z a2ccf7527b3c: Waiting
2025-07-15T22:10:12.6956427Z abd92ba2021e: Waiting
2025-07-15T22:10:12.6956632Z 1bb35e8b4de1: Waiting
2025-07-15T22:10:12.6956838Z 31abbb538de0: Waiting
2025-07-15T22:10:13.9216482Z 5ab9819ab70e: Pushed
2025-07-15T22:10:14.0566200Z 31abbb538de0: Layer already exists
2025-07-15T22:10:14.2070615Z a2ccf7527b3c: Layer already exists
2025-07-15T22:10:14.3198051Z abd92ba2021e: Layer already exists
2025-07-15T22:10:14.4212298Z 1bb35e8b4de1: Layer already exists
2025-07-15T22:10:14.8400944Z 5054c70e91a2: Pushed
2025-07-15T22:10:15.6839168Z 61ceb72ab313: Pushed
2025-07-15T22:10:17.3802625Z dfaa5677a732: Pushed
2025-07-15T22:10:26.9947289Z cca19d7d3997: Pushed
2025-07-15T22:10:28.8926025Z latest: digest: sha256:238ae32eaaf8838f732d81680322bc9eca814bd446fa2d89bc0db830cf3ec40a size: 2212
2025-07-15T22:10:28.8990809Z Post job cleanup.
2025-07-15T22:10:29.1834719Z [command]/usr/bin/docker logout 
2025-07-15T22:10:29.1965716Z Removing login credentials for https://index.docker.io/v1/
2025-07-15T22:10:29.1997656Z ##[group]Post cache
2025-07-15T22:10:29.1998977Z State not set
2025-07-15T22:10:29.2000410Z ##[endgroup]
2025-07-15T22:10:29.2123019Z Post job cleanup.
2025-07-15T22:10:29.3765498Z Post job cleanup.
2025-07-15T22:10:29.4490765Z [command]/usr/bin/git version
2025-07-15T22:10:29.4525290Z git version 2.50.1
2025-07-15T22:10:29.4568957Z Temporarily overriding HOME='/home/runner/work/_temp/4d517ec2-1b2c-4d3d-8e04-76aa68933b82' before making global git config changes
2025-07-15T22:10:29.4570226Z Adding repository directory to the temporary git global config as a safe directory
2025-07-15T22:10:29.4573663Z [command]/usr/bin/git config --global --add safe.directory /home/runner/work/Devops/Devops
2025-07-15T22:10:29.4604292Z [command]/usr/bin/git config --local --name-only --get-regexp core\.sshCommand
2025-07-15T22:10:29.4632896Z [command]/usr/bin/git submodule foreach --recursive sh -c "git config --local --name-only --get-regexp 'core\.sshCommand' && git config --local --unset-all 'core.sshCommand' || :"
2025-07-15T22:10:29.4858127Z [command]/usr/bin/git config --local --name-only --get-regexp http\.https\:\/\/github\.com\/\.extraheader
2025-07-15T22:10:29.4876803Z http.https://github.com/.extraheader
2025-07-15T22:10:29.4887551Z [command]/usr/bin/git config --local --unset-all http.https://github.com/.extraheader
2025-07-15T22:10:29.4914240Z [command]/usr/bin/git submodule foreach --recursive sh -c "git config --local --name-only --get-regexp 'http\.https\:\/\/github\.com\/\.extraheader' && git config --local --unset-all 'http.https://github.com/.extraheader' || :"
2025-07-15T22:10:29.5232476Z Cleaning up orphan processes
